  Determining projects to restore...
D:\Tito Pedraza\OneDrive\Proyectos\Codigo Fuente\repos\HumanCore\src\TalenHuman.Infrastructure\TalenHuman.Infrastructure.csproj : warning NU1903: Package 'SixLabors.ImageSharp' 3.1.2 has a known high severity vulnerability, https://github.com/advisories/GHSA-2cmq-823j-5qj8 [D:\Tito Pedraza\OneDrive\Proyectos\Codigo Fuente\repos\HumanCore\src\TalenHuman.sln]
D:\Tito Pedraza\OneDrive\Proyectos\Codigo Fuente\repos\HumanCore\src\TalenHuman.Infrastructure\TalenHuman.Infrastructure.csproj : warning NU1902: Package 'SixLabors.ImageSharp' 3.1.2 has a known moderate severity vulnerability, https://github.com/advisories/GHSA-5x7m-6737-26cr [D:\Tito Pedraza\OneDrive\Proyectos\Codigo Fuente\repos\HumanCore\src\TalenHuman.sln]
D:\Tito Pedraza\OneDrive\Proyectos\Codigo Fuente\repos\HumanCore\src\TalenHuman.Infrastructure\TalenHuman.Infrastructure.csproj : warning NU1903: Package 'SixLabors.ImageSharp' 3.1.2 has a known high severity vulnerability, https://github.com/advisories/GHSA-63p8-c4ww-9cg7 [D:\Tito Pedraza\OneDrive\Proyectos\Codigo Fuente\repos\HumanCore\src\TalenHuman.sln]
D:\Tito Pedraza\OneDrive\Proyectos\Codigo Fuente\repos\HumanCore\src\TalenHuman.Infrastructure\TalenHuman.Infrastructure.csproj : warning NU1903: Package 'SixLabors.ImageSharp' 3.1.2 has a known high severity vulnerability, https://github.com/advisories/GHSA-65x7-c272-7g7r [D:\Tito Pedraza\OneDrive\Proyectos\Codigo Fuente\repos\HumanCore\src\TalenHuman.sln]
D:\Tito Pedraza\OneDrive\Proyectos\Codigo Fuente\repos\HumanCore\src\TalenHuman.Infrastructure\TalenHuman.Infrastructure.csproj : warning NU1902: Package 'SixLabors.ImageSharp' 3.1.2 has a known moderate severity vulnerability, https://github.com/advisories/GHSA-g85r-6x2q-45w7 [D:\Tito Pedraza\OneDrive\Proyectos\Codigo Fuente\repos\HumanCore\src\TalenHuman.sln]
D:\Tito Pedraza\OneDrive\Proyectos\Codigo Fuente\repos\HumanCore\src\TalenHuman.Infrastructure\TalenHuman.Infrastructure.csproj : warning NU1902: Package 'SixLabors.ImageSharp' 3.1.2 has a known moderate severity vulnerability, https://github.com/advisories/GHSA-qxrv-gp6x-rc23 [D:\Tito Pedraza\OneDrive\Proyectos\Codigo Fuente\repos\HumanCore\src\TalenHuman.sln]
D:\Tito Pedraza\OneDrive\Proyectos\Codigo Fuente\repos\HumanCore\src\TalenHuman.Infrastructure\TalenHuman.Infrastructure.csproj : warning NU1902: Package 'SixLabors.ImageSharp' 3.1.2 has a known moderate severity vulnerability, https://github.com/advisories/GHSA-rxmq-m78w-7wmc [D:\Tito Pedraza\OneDrive\Proyectos\Codigo Fuente\repos\HumanCore\src\TalenHuman.sln]
  All projects are up-to-date for restore.
D:\Tito Pedraza\OneDrive\Proyectos\Codigo Fuente\repos\HumanCore\src\TalenHuman.Infrastructure\TalenHuman.Infrastructure.csproj : warning NU1903: Package 'SixLabors.ImageSharp' 3.1.2 has a known high severity vulnerability, https://github.com/advisories/GHSA-2cmq-823j-5qj8
D:\Tito Pedraza\OneDrive\Proyectos\Codigo Fuente\repos\HumanCore\src\TalenHuman.Infrastructure\TalenHuman.Infrastructure.csproj : warning NU1902: Package 'SixLabors.ImageSharp' 3.1.2 has a known moderate severity vulnerability, https://github.com/advisories/GHSA-5x7m-6737-26cr
D:\Tito Pedraza\OneDrive\Proyectos\Codigo Fuente\repos\HumanCore\src\TalenHuman.Infrastructure\TalenHuman.Infrastructure.csproj : warning NU1903: Package 'SixLabors.ImageSharp' 3.1.2 has a known high severity vulnerability, https://github.com/advisories/GHSA-63p8-c4ww-9cg7
D:\Tito Pedraza\OneDrive\Proyectos\Codigo Fuente\repos\HumanCore\src\TalenHuman.Infrastructure\TalenHuman.Infrastructure.csproj : warning NU1903: Package 'SixLabors.ImageSharp' 3.1.2 has a known high severity vulnerability, https://github.com/advisories/GHSA-65x7-c272-7g7r
D:\Tito Pedraza\OneDrive\Proyectos\Codigo Fuente\repos\HumanCore\src\TalenHuman.Infrastructure\TalenHuman.Infrastructure.csproj : warning NU1902: Package 'SixLabors.ImageSharp' 3.1.2 has a known moderate severity vulnerability, https://github.com/advisories/GHSA-g85r-6x2q-45w7
D:\Tito Pedraza\OneDrive\Proyectos\Codigo Fuente\repos\HumanCore\src\TalenHuman.Infrastructure\TalenHuman.Infrastructure.csproj : warning NU1902: Package 'SixLabors.ImageSharp' 3.1.2 has a known moderate severity vulnerability, https://github.com/advisories/GHSA-qxrv-gp6x-rc23
D:\Tito Pedraza\OneDrive\Proyectos\Codigo Fuente\repos\HumanCore\src\TalenHuman.Infrastructure\TalenHuman.Infrastructure.csproj : warning NU1902: Package 'SixLabors.ImageSharp' 3.1.2 has a known moderate severity vulnerability, https://github.com/advisories/GHSA-rxmq-m78w-7wmc
  TalenHuman.Domain -> D:\Tito Pedraza\OneDrive\Proyectos\Codigo Fuente\repos\HumanCore\src\TalenHuman.Domain\bin\Debug\net8.0\TalenHuman.Domain.dll
  TalenHuman.Application -> D:\Tito Pedraza\OneDrive\Proyectos\Codigo Fuente\repos\HumanCore\src\TalenHuman.Application\bin\Debug\net8.0\TalenHuman.Application.dll
D:\Tito Pedraza\OneDrive\Proyectos\Codigo Fuente\repos\HumanCore\src\TalenHuman.Infrastructure\Persistence\ApplicationDbContext.cs(47,18): error CS0104: 'Module' is an ambiguous reference between 'TalenHuman.Domain.Entities.Module' and 'System.Reflection.Module' [D:\Tito Pedraza\OneDrive\Proyectos\Codigo Fuente\repos\HumanCore\src\TalenHuman.Infrastructure\TalenHuman.Infrastructure.csproj]
D:\Tito Pedraza\OneDrive\Proyectos\Codigo Fuente\repos\HumanCore\src\TalenHuman.Infrastructure\Persistence\ApplicationDbContext.cs(10,74): error CS0738: 'ApplicationDbContext' does not implement interface member 'IApplicationDbContext.Modules'. 'ApplicationDbContext.Modules' cannot implement 'IApplicationDbContext.Modules' because it does not have the matching return type of 'DbSet<Module>'. [D:\Tito Pedraza\OneDrive\Proyectos\Codigo Fuente\repos\HumanCore\src\TalenHuman.Infrastructure\TalenHuman.Infrastructure.csproj]

Build FAILED.

D:\Tito Pedraza\OneDrive\Proyectos\Codigo Fuente\repos\HumanCore\src\TalenHuman.Infrastructure\TalenHuman.Infrastructure.csproj : warning NU1903: Package 'SixLabors.ImageSharp' 3.1.2 has a known high severity vulnerability, https://github.com/advisories/GHSA-2cmq-823j-5qj8 [D:\Tito Pedraza\OneDrive\Proyectos\Codigo Fuente\repos\HumanCore\src\TalenHuman.sln]
D:\Tito Pedraza\OneDrive\Proyectos\Codigo Fuente\repos\HumanCore\src\TalenHuman.Infrastructure\TalenHuman.Infrastructure.csproj : warning NU1902: Package 'SixLabors.ImageSharp' 3.1.2 has a known moderate severity vulnerability, https://github.com/advisories/GHSA-5x7m-6737-26cr [D:\Tito Pedraza\OneDrive\Proyectos\Codigo Fuente\repos\HumanCore\src\TalenHuman.sln]
D:\Tito Pedraza\OneDrive\Proyectos\Codigo Fuente\repos\HumanCore\src\TalenHuman.Infrastructure\TalenHuman.Infrastructure.csproj : warning NU1903: Package 'SixLabors.ImageSharp' 3.1.2 has a known high severity vulnerability, https://github.com/advisories/GHSA-63p8-c4ww-9cg7 [D:\Tito Pedraza\OneDrive\Proyectos\Codigo Fuente\repos\HumanCore\src\TalenHuman.sln]
D:\Tito Pedraza\OneDrive\Proyectos\Codigo Fuente\repos\HumanCore\src\TalenHuman.Infrastructure\TalenHuman.Infrastructure.csproj : warning NU1903: Package 'SixLabors.ImageSharp' 3.1.2 has a known high severity vulnerability, https://github.com/advisories/GHSA-65x7-c272-7g7r [D:\Tito Pedraza\OneDrive\Proyectos\Codigo Fuente\repos\HumanCore\src\TalenHuman.sln]
D:\Tito Pedraza\OneDrive\Proyectos\Codigo Fuente\repos\HumanCore\src\TalenHuman.Infrastructure\TalenHuman.Infrastructure.csproj : warning NU1902: Package 'SixLabors.ImageSharp' 3.1.2 has a known moderate severity vulnerability, https://github.com/advisories/GHSA-g85r-6x2q-45w7 [D:\Tito Pedraza\OneDrive\Proyectos\Codigo Fuente\repos\HumanCore\src\TalenHuman.sln]
D:\Tito Pedraza\OneDrive\Proyectos\Codigo Fuente\repos\HumanCore\src\TalenHuman.Infrastructure\TalenHuman.Infrastructure.csproj : warning NU1902: Package 'SixLabors.ImageSharp' 3.1.2 has a known moderate severity vulnerability, https://github.com/advisories/GHSA-qxrv-gp6x-rc23 [D:\Tito Pedraza\OneDrive\Proyectos\Codigo Fuente\repos\HumanCore\src\TalenHuman.sln]
D:\Tito Pedraza\OneDrive\Proyectos\Codigo Fuente\repos\HumanCore\src\TalenHuman.Infrastructure\TalenHuman.Infrastructure.csproj : warning NU1902: Package 'SixLabors.ImageSharp' 3.1.2 has a known moderate severity vulnerability, https://github.com/advisories/GHSA-rxmq-m78w-7wmc [D:\Tito Pedraza\OneDrive\Proyectos\Codigo Fuente\repos\HumanCore\src\TalenHuman.sln]
D:\Tito Pedraza\OneDrive\Proyectos\Codigo Fuente\repos\HumanCore\src\TalenHuman.Infrastructure\TalenHuman.Infrastructure.csproj : warning NU1903: Package 'SixLabors.ImageSharp' 3.1.2 has a known high severity vulnerability, https://github.com/advisories/GHSA-2cmq-823j-5qj8
D:\Tito Pedraza\OneDrive\Proyectos\Codigo Fuente\repos\HumanCore\src\TalenHuman.Infrastructure\TalenHuman.Infrastructure.csproj : warning NU1902: Package 'SixLabors.ImageSharp' 3.1.2 has a known moderate severity vulnerability, https://github.com/advisories/GHSA-5x7m-6737-26cr
D:\Tito Pedraza\OneDrive\Proyectos\Codigo Fuente\repos\HumanCore\src\TalenHuman.Infrastructure\TalenHuman.Infrastructure.csproj : warning NU1903: Package 'SixLabors.ImageSharp' 3.1.2 has a known high severity vulnerability, https://github.com/advisories/GHSA-63p8-c4ww-9cg7
D:\Tito Pedraza\OneDrive\Proyectos\Codigo Fuente\repos\HumanCore\src\TalenHuman.Infrastructure\TalenHuman.Infrastructure.csproj : warning NU1903: Package 'SixLabors.ImageSharp' 3.1.2 has a known high severity vulnerability, https://github.com/advisories/GHSA-65x7-c272-7g7r
D:\Tito Pedraza\OneDrive\Proyectos\Codigo Fuente\repos\HumanCore\src\TalenHuman.Infrastructure\TalenHuman.Infrastructure.csproj : warning NU1902: Package 'SixLabors.ImageSharp' 3.1.2 has a known moderate severity vulnerability, https://github.com/advisories/GHSA-g85r-6x2q-45w7
D:\Tito Pedraza\OneDrive\Proyectos\Codigo Fuente\repos\HumanCore\src\TalenHuman.Infrastructure\TalenHuman.Infrastructure.csproj : warning NU1902: Package 'SixLabors.ImageSharp' 3.1.2 has a known moderate severity vulnerability, https://github.com/advisories/GHSA-qxrv-gp6x-rc23
D:\Tito Pedraza\OneDrive\Proyectos\Codigo Fuente\repos\HumanCore\src\TalenHuman.Infrastructure\TalenHuman.Infrastructure.csproj : warning NU1902: Package 'SixLabors.ImageSharp' 3.1.2 has a known moderate severity vulnerability, https://github.com/advisories/GHSA-rxmq-m78w-7wmc
D:\Tito Pedraza\OneDrive\Proyectos\Codigo Fuente\repos\HumanCore\src\TalenHuman.Infrastructure\Persistence\ApplicationDbContext.cs(47,18): error CS0104: 'Module' is an ambiguous reference between 'TalenHuman.Domain.Entities.Module' and 'System.Reflection.Module' [D:\Tito Pedraza\OneDrive\Proyectos\Codigo Fuente\repos\HumanCore\src\TalenHuman.Infrastructure\TalenHuman.Infrastructure.csproj]
D:\Tito Pedraza\OneDrive\Proyectos\Codigo Fuente\repos\HumanCore\src\TalenHuman.Infrastructure\Persistence\ApplicationDbContext.cs(10,74): error CS0738: 'ApplicationDbContext' does not implement interface member 'IApplicationDbContext.Modules'. 'ApplicationDbContext.Modules' cannot implement 'IApplicationDbContext.Modules' because it does not have the matching return type of 'DbSet<Module>'. [D:\Tito Pedraza\OneDrive\Proyectos\Codigo Fuente\repos\HumanCore\src\TalenHuman.Infrastructure\TalenHuman.Infrastructure.csproj]
    14 Warning(s)
    2 Error(s)

Time Elapsed 00:00:01.46
