  Determining projects to restore...
D:\Tito Pedraza\OneDrive\Proyectos\Codigo Fuente\repos\HumanCore\src\TalenHuman.Infrastructure\TalenHuman.Infrastructure.csproj : warning NU1903: Package 'SixLabors.ImageSharp' 3.1.2 has a known high severity vulnerability, https://github.com/advisories/GHSA-2cmq-823j-5qj8 [D:\Tito Pedraza\OneDrive\Proyectos\Codigo Fuente\repos\HumanCore\src\TalenHuman.sln]
D:\Tito Pedraza\OneDrive\Proyectos\Codigo Fuente\repos\HumanCore\src\TalenHuman.Infrastructure\TalenHuman.Infrastructure.csproj : warning NU1902: Package 'SixLabors.ImageSharp' 3.1.2 has a known moderate severity vulnerability, https://github.com/advisories/GHSA-5x7m-6737-26cr [D:\Tito Pedraza\OneDrive\Proyectos\Codigo Fuente\repos\HumanCore\src\TalenHuman.sln]
D:\Tito Pedraza\OneDrive\Proyectos\Codigo Fuente\repos\HumanCore\src\TalenHuman.Infrastructure\TalenHuman.Infrastructure.csproj : warning NU1903: Package 'SixLabors.ImageSharp' 3.1.2 has a known high severity vulnerability, https://github.com/advisories/GHSA-63p8-c4ww-9cg7 [D:\Tito Pedraza\OneDrive\Proyectos\Codigo Fuente\repos\HumanCore\src\TalenHuman.sln]
D:\Tito Pedraza\OneDrive\Proyectos\Codigo Fuente\repos\HumanCore\src\TalenHuman.Infrastructure\TalenHuman.Infrastructure.csproj : warning NU1903: Package 'SixLabors.ImageSharp' 3.1.2 has a known high severity vulnerability, https://github.com/advisories/GHSA-65x7-c272-7g7r [D:\Tito Pedraza\OneDrive\Proyectos\Codigo Fuente\repos\HumanCore\src\TalenHuman.sln]
D:\Tito Pedraza\OneDrive\Proyectos\Codigo Fuente\repos\HumanCore\src\TalenHuman.Infrastructure\TalenHuman.Infrastructure.csproj : warning NU1902: Package 'SixLabors.ImageSharp' 3.1.2 has a known moderate severity vulnerability, https://github.com/advisories/GHSA-g85r-6x2q-45w7 [D:\Tito Pedraza\OneDrive\Proyectos\Codigo Fuente\repos\HumanCore\src\TalenHuman.sln]
D:\Tito Pedraza\OneDrive\Proyectos\Codigo Fuente\repos\HumanCore\src\TalenHuman.Infrastructure\TalenHuman.Infrastructure.csproj : warning NU1902: Package 'SixLabors.ImageSharp' 3.1.2 has a known moderate severity vulnerability, https://github.com/advisories/GHSA-qxrv-gp6x-rc23 [D:\Tito Pedraza\OneDrive\Proyectos\Codigo Fuente\repos\HumanCore\src\TalenHuman.sln]
D:\Tito Pedraza\OneDrive\Proyectos\Codigo Fuente\repos\HumanCore\src\TalenHuman.Infrastructure\TalenHuman.Infrastructure.csproj : warning NU1902: Package 'SixLabors.ImageSharp' 3.1.2 has a known moderate severity vulnerability, https://github.com/advisories/GHSA-rxmq-m78w-7wmc [D:\Tito Pedraza\OneDrive\Proyectos\Codigo Fuente\repos\HumanCore\src\TalenHuman.sln]
  All projects are up-to-date for restore.
D:\Tito Pedraza\OneDrive\Proyectos\Codigo Fuente\repos\HumanCore\src\TalenHuman.Infrastructure\TalenHuman.Infrastructure.csproj : warning NU1903: Package 'SixLabors.ImageSharp' 3.1.2 has a known high severity vulnerability, https://github.com/advisories/GHSA-2cmq-823j-5qj8
D:\Tito Pedraza\OneDrive\Proyectos\Codigo Fuente\repos\HumanCore\src\TalenHuman.Infrastructure\TalenHuman.Infrastructure.csproj : warning NU1902: Package 'SixLabors.ImageSharp' 3.1.2 has a known moderate severity vulnerability, https://github.com/advisories/GHSA-5x7m-6737-26cr
D:\Tito Pedraza\OneDrive\Proyectos\Codigo Fuente\repos\HumanCore\src\TalenHuman.Infrastructure\TalenHuman.Infrastructure.csproj : warning NU1903: Package 'SixLabors.ImageSharp' 3.1.2 has a known high severity vulnerability, https://github.com/advisories/GHSA-63p8-c4ww-9cg7
D:\Tito Pedraza\OneDrive\Proyectos\Codigo Fuente\repos\HumanCore\src\TalenHuman.Infrastructure\TalenHuman.Infrastructure.csproj : warning NU1903: Package 'SixLabors.ImageSharp' 3.1.2 has a known high severity vulnerability, https://github.com/advisories/GHSA-65x7-c272-7g7r
D:\Tito Pedraza\OneDrive\Proyectos\Codigo Fuente\repos\HumanCore\src\TalenHuman.Infrastructure\TalenHuman.Infrastructure.csproj : warning NU1902: Package 'SixLabors.ImageSharp' 3.1.2 has a known moderate severity vulnerability, https://github.com/advisories/GHSA-g85r-6x2q-45w7
D:\Tito Pedraza\OneDrive\Proyectos\Codigo Fuente\repos\HumanCore\src\TalenHuman.Infrastructure\TalenHuman.Infrastructure.csproj : warning NU1902: Package 'SixLabors.ImageSharp' 3.1.2 has a known moderate severity vulnerability, https://github.com/advisories/GHSA-qxrv-gp6x-rc23
D:\Tito Pedraza\OneDrive\Proyectos\Codigo Fuente\repos\HumanCore\src\TalenHuman.Infrastructure\TalenHuman.Infrastructure.csproj : warning NU1902: Package 'SixLabors.ImageSharp' 3.1.2 has a known moderate severity vulnerability, https://github.com/advisories/GHSA-rxmq-m78w-7wmc
  TalenHuman.Domain -> D:\Tito Pedraza\OneDrive\Proyectos\Codigo Fuente\repos\HumanCore\src\TalenHuman.Domain\bin\Debug\net8.0\TalenHuman.Domain.dll
  TalenHuman.Application -> D:\Tito Pedraza\OneDrive\Proyectos\Codigo Fuente\repos\HumanCore\src\TalenHuman.Application\bin\Debug\net8.0\TalenHuman.Application.dll
  TalenHuman.Infrastructure -> D:\Tito Pedraza\OneDrive\Proyectos\Codigo Fuente\repos\HumanCore\src\TalenHuman.Infrastructure\bin\Debug\net8.0\TalenHuman.Infrastructure.dll
D:\Tito Pedraza\OneDrive\Proyectos\Codigo Fuente\repos\HumanCore\src\TalenHuman.API\Controllers\AttendanceController.cs(206,35): error CS1061: 'IApplicationDbContext' does not contain a definition for 'Set' and no accessible extension method 'Set' accepting a first argument of type 'IApplicationDbContext' could be found (are you missing a using directive or an assembly reference?) [D:\Tito Pedraza\OneDrive\Proyectos\Codigo Fuente\repos\HumanCore\src\TalenHuman.API\TalenHuman.API.csproj]

Build FAILED.

D:\Tito Pedraza\OneDrive\Proyectos\Codigo Fuente\repos\HumanCore\src\TalenHuman.Infrastructure\TalenHuman.Infrastructure.csproj : warning NU1903: Package 'SixLabors.ImageSharp' 3.1.2 has a known high severity vulnerability, https://github.com/advisories/GHSA-2cmq-823j-5qj8 [D:\Tito Pedraza\OneDrive\Proyectos\Codigo Fuente\repos\HumanCore\src\TalenHuman.sln]
D:\Tito Pedraza\OneDrive\Proyectos\Codigo Fuente\repos\HumanCore\src\TalenHuman.Infrastructure\TalenHuman.Infrastructure.csproj : warning NU1902: Package 'SixLabors.ImageSharp' 3.1.2 has a known moderate severity vulnerability, https://github.com/advisories/GHSA-5x7m-6737-26cr [D:\Tito Pedraza\OneDrive\Proyectos\Codigo Fuente\repos\HumanCore\src\TalenHuman.sln]
D:\Tito Pedraza\OneDrive\Proyectos\Codigo Fuente\repos\HumanCore\src\TalenHuman.Infrastructure\TalenHuman.Infrastructure.csproj : warning NU1903: Package 'SixLabors.ImageSharp' 3.1.2 has a known high severity vulnerability, https://github.com/advisories/GHSA-63p8-c4ww-9cg7 [D:\Tito Pedraza\OneDrive\Proyectos\Codigo Fuente\repos\HumanCore\src\TalenHuman.sln]
D:\Tito Pedraza\OneDrive\Proyectos\Codigo Fuente\repos\HumanCore\src\TalenHuman.Infrastructure\TalenHuman.Infrastructure.csproj : warning NU1903: Package 'SixLabors.ImageSharp' 3.1.2 has a known high severity vulnerability, https://github.com/advisories/GHSA-65x7-c272-7g7r [D:\Tito Pedraza\OneDrive\Proyectos\Codigo Fuente\repos\HumanCore\src\TalenHuman.sln]
D:\Tito Pedraza\OneDrive\Proyectos\Codigo Fuente\repos\HumanCore\src\TalenHuman.Infrastructure\TalenHuman.Infrastructure.csproj : warning NU1902: Package 'SixLabors.ImageSharp' 3.1.2 has a known moderate severity vulnerability, https://github.com/advisories/GHSA-g85r-6x2q-45w7 [D:\Tito Pedraza\OneDrive\Proyectos\Codigo Fuente\repos\HumanCore\src\TalenHuman.sln]
D:\Tito Pedraza\OneDrive\Proyectos\Codigo Fuente\repos\HumanCore\src\TalenHuman.Infrastructure\TalenHuman.Infrastructure.csproj : warning NU1902: Package 'SixLabors.ImageSharp' 3.1.2 has a known moderate severity vulnerability, https://github.com/advisories/GHSA-qxrv-gp6x-rc23 [D:\Tito Pedraza\OneDrive\Proyectos\Codigo Fuente\repos\HumanCore\src\TalenHuman.sln]
D:\Tito Pedraza\OneDrive\Proyectos\Codigo Fuente\repos\HumanCore\src\TalenHuman.Infrastructure\TalenHuman.Infrastructure.csproj : warning NU1902: Package 'SixLabors.ImageSharp' 3.1.2 has a known moderate severity vulnerability, https://github.com/advisories/GHSA-rxmq-m78w-7wmc [D:\Tito Pedraza\OneDrive\Proyectos\Codigo Fuente\repos\HumanCore\src\TalenHuman.sln]
D:\Tito Pedraza\OneDrive\Proyectos\Codigo Fuente\repos\HumanCore\src\TalenHuman.Infrastructure\TalenHuman.Infrastructure.csproj : warning NU1903: Package 'SixLabors.ImageSharp' 3.1.2 has a known high severity vulnerability, https://github.com/advisories/GHSA-2cmq-823j-5qj8
D:\Tito Pedraza\OneDrive\Proyectos\Codigo Fuente\repos\HumanCore\src\TalenHuman.Infrastructure\TalenHuman.Infrastructure.csproj : warning NU1902: Package 'SixLabors.ImageSharp' 3.1.2 has a known moderate severity vulnerability, https://github.com/advisories/GHSA-5x7m-6737-26cr
D:\Tito Pedraza\OneDrive\Proyectos\Codigo Fuente\repos\HumanCore\src\TalenHuman.Infrastructure\TalenHuman.Infrastructure.csproj : warning NU1903: Package 'SixLabors.ImageSharp' 3.1.2 has a known high severity vulnerability, https://github.com/advisories/GHSA-63p8-c4ww-9cg7
D:\Tito Pedraza\OneDrive\Proyectos\Codigo Fuente\repos\HumanCore\src\TalenHuman.Infrastructure\TalenHuman.Infrastructure.csproj : warning NU1903: Package 'SixLabors.ImageSharp' 3.1.2 has a known high severity vulnerability, https://github.com/advisories/GHSA-65x7-c272-7g7r
D:\Tito Pedraza\OneDrive\Proyectos\Codigo Fuente\repos\HumanCore\src\TalenHuman.Infrastructure\TalenHuman.Infrastructure.csproj : warning NU1902: Package 'SixLabors.ImageSharp' 3.1.2 has a known moderate severity vulnerability, https://github.com/advisories/GHSA-g85r-6x2q-45w7
D:\Tito Pedraza\OneDrive\Proyectos\Codigo Fuente\repos\HumanCore\src\TalenHuman.Infrastructure\TalenHuman.Infrastructure.csproj : warning NU1902: Package 'SixLabors.ImageSharp' 3.1.2 has a known moderate severity vulnerability, https://github.com/advisories/GHSA-qxrv-gp6x-rc23
D:\Tito Pedraza\OneDrive\Proyectos\Codigo Fuente\repos\HumanCore\src\TalenHuman.Infrastructure\TalenHuman.Infrastructure.csproj : warning NU1902: Package 'SixLabors.ImageSharp' 3.1.2 has a known moderate severity vulnerability, https://github.com/advisories/GHSA-rxmq-m78w-7wmc
D:\Tito Pedraza\OneDrive\Proyectos\Codigo Fuente\repos\HumanCore\src\TalenHuman.API\Controllers\AttendanceController.cs(206,35): error CS1061: 'IApplicationDbContext' does not contain a definition for 'Set' and no accessible extension method 'Set' accepting a first argument of type 'IApplicationDbContext' could be found (are you missing a using directive or an assembly reference?) [D:\Tito Pedraza\OneDrive\Proyectos\Codigo Fuente\repos\HumanCore\src\TalenHuman.API\TalenHuman.API.csproj]
    14 Warning(s)
    1 Error(s)

Time Elapsed 00:00:02.33
