Build started 4/2/2026 5:41:01 PM.
Logging verbosity is set to: Detailed.     0>Process = "C:\Program Files\dotnet\dotnet.exe"
       MSBuild executable path = "C:\Program Files\dotnet\sdk\8.0.302\MSBuild.dll"
       Command line arguments = "C:\Program Files\dotnet\sdk\8.0.302\MSBuild.dll -maxcpucount -verbosity:m -nologo -restore -consoleloggerparameters:Summary src/TalenHuman.sln /flp:logfile=errors.txt -distributedlogger:Microsoft.DotNet.Tools.MSBuild.MSBuildLogger,C:\Program Files\dotnet\sdk\8.0.302\dotnet.dll*Microsoft.DotNet.Tools.MSBuild.MSBuildForwardingLogger,C:\Program Files\dotnet\sdk\8.0.302\dotnet.dll"
       Current directory = "D:\Tito Pedraza\OneDrive\Proyectos\Codigo Fuente\repos\HumanCore"
       MSBuild version = "17.10.4+10fbfbf2e"
       Assembly loaded during Evaluation: Microsoft.NET.StringTools, Version=1.0.0.0, Culture=neutral, PublicKeyToken=b03f5f7f11d50a3a (location: C:\Program Files\dotnet\sdk\8.0.302\Microsoft.NET.StringTools.dll, MVID: a8215d72-494e-46bc-80f3-3ce7f496c99c, AssemblyLoadContext: Default)
       Property 'MSBuildExtensionsPath' with value 'C:\Program Files\dotnet\sdk\8.0.302\' expanded from the environment.
       Assembly loaded during Evaluation: System.Threading.Tasks.Parallel, Version=8.0.0.0, Culture=neutral, PublicKeyToken=b03f5f7f11d50a3a (location: C:\Program Files\dotnet\shared\Microsoft.NETCore.App\8.0.6\System.Threading.Tasks.Parallel.dll, MVID: 9016ea85-ba82-44de-b705-c5b3b0a25601, AssemblyLoadContext: Default)
       Property reassignment: $(_GenerateRestoreGraphProjectEntryInputProperties)="
             ExcludeRestorePackageImports=true;
             _RestoreSolutionFileUsed=true;
             SolutionDir=D:\Tito Pedraza\OneDrive\Proyectos\Codigo Fuente\repos\HumanCore\src\;
             SolutionName=TalenHuman;
             SolutionFileName=TalenHuman.sln;
             SolutionPath=D:\Tito Pedraza\OneDrive\Proyectos\Codigo Fuente\repos\HumanCore\src\TalenHuman.sln;
             SolutionExt=.sln;
           " (previous value: "ExcludeRestorePackageImports=true") at C:\Program Files\dotnet\sdk\8.0.302\NuGet.targets (97,5)
       Overriding target "Restore" in project "D:\Tito Pedraza\OneDrive\Proyectos\Codigo Fuente\repos\HumanCore\src\TalenHuman.sln.metaproj" with target "Restore" from project "C:\Program Files\dotnet\sdk\8.0.302\NuGet.targets".
       The target "Store" listed in a BeforeTargets attribute at "C:\Program Files\dotnet\sdk\8.0.302\Current\SolutionFile\ImportAfter\Microsoft.NET.Sdk.Solution.targets (33,11)" does not exist in the project, and will be ignored.
       The target "VSTest" listed in a BeforeTargets attribute at "C:\Program Files\dotnet\sdk\8.0.302\Current\SolutionFile\ImportAfter\Microsoft.NET.Sdk.Solution.targets (33,11)" does not exist in the project, and will be ignored.
       The target "_CheckForInvalidConfigurationAndPlatform" listed in a BeforeTargets attribute at "C:\Program Files\dotnet\sdk\8.0.302\NuGet.targets (616,11)" does not exist in the project, and will be ignored.
     1>Project "D:\Tito Pedraza\OneDrive\Proyectos\Codigo Fuente\repos\HumanCore\src\TalenHuman.sln" on node 1 (Restore target(s)).
     1>Target "ValidateSolutionConfiguration" in file "D:\Tito Pedraza\OneDrive\Proyectos\Codigo Fuente\repos\HumanCore\src\TalenHuman.sln.metaproj" from project "D:\Tito Pedraza\OneDrive\Proyectos\Codigo Fuente\repos\HumanCore\src\TalenHuman.sln" (entry point):
     1>Task "Error" skipped, due to false condition; (('$(CurrentSolutionConfigurationContents)' == '') and ('$(SkipInvalidConfigurations)' != 'true')) was evaluated as (('<SolutionConfiguration>
  <ProjectConfiguration Project="{E26827C6-ABAF-4AF6-8B46-8971DFB5053A}" AbsolutePath="D:\Tito Pedraza\OneDrive\Proyectos\Codigo Fuente\repos\HumanCore\src\TalenHuman.API\TalenHuman.API.csproj" BuildProjectInSolution="True">Debug|AnyCPU</ProjectConfiguration>
  <ProjectConfiguration Project="{9A75C1D6-963F-4610-8359-807A83EEE9FD}" AbsolutePath="D:\Tito Pedraza\OneDrive\Proyectos\Codigo Fuente\repos\HumanCore\src\TalenHuman.Application\TalenHuman.Application.csproj" BuildProjectInSolution="True">Debug|AnyCPU</ProjectConfiguration>
  <ProjectConfiguration Project="{7796AEAA-A2C4-4C5F-BBE0-422508798812}" AbsolutePath="D:\Tito Pedraza\OneDrive\Proyectos\Codigo Fuente\repos\HumanCore\src\TalenHuman.Domain\TalenHuman.Domain.csproj" BuildProjectInSolution="True">Debug|AnyCPU</ProjectConfiguration>
  <ProjectConfiguration Project="{7751AEE8-76F5-4A50-A9AB-FF4A8DBDE02A}" AbsolutePath="D:\Tito Pedraza\OneDrive\Proyectos\Codigo Fuente\repos\HumanCore\src\TalenHuman.Infrastructure\TalenHuma...' == '') and ('' != 'true')).
       Task "Warning" skipped, due to false condition; (('$(CurrentSolutionConfigurationContents)' == '') and ('$(SkipInvalidConfigurations)' == 'true')) was evaluated as (('<SolutionConfiguration>
         <ProjectConfiguration Project="{E26827C6-ABAF-4AF6-8B46-8971DFB5053A}" AbsolutePath="D:\Tito Pedraza\OneDrive\Proyectos\Codigo Fuente\repos\HumanCore\src\TalenHuman.API\TalenHuman.API.csproj" BuildProjectInSolution="True">Debug|AnyCPU</ProjectConfiguration>
         <ProjectConfiguration Project="{9A75C1D6-963F-4610-8359-807A83EEE9FD}" AbsolutePath="D:\Tito Pedraza\OneDrive\Proyectos\Codigo Fuente\repos\HumanCore\src\TalenHuman.Application\TalenHuman.Application.csproj" BuildProjectInSolution="True">Debug|AnyCPU</ProjectConfiguration>
         <ProjectConfiguration Project="{7796AEAA-A2C4-4C5F-BBE0-422508798812}" AbsolutePath="D:\Tito Pedraza\OneDrive\Proyectos\Codigo Fuente\repos\HumanCore\src\TalenHuman.Domain\TalenHuman.Domain.csproj" BuildProjectInSolution="True">Debug|AnyCPU</ProjectConfiguration>
         <ProjectConfiguration Project="{7751AEE8-76F5-4A50-A9AB-FF4A8DBDE02A}" AbsolutePath="D:\Tito Pedraza\OneDrive\Proyectos\Codigo Fuente\repos\HumanCore\src\TalenHuman.Infrastructure\TalenHuma...' == '') and ('' == 'true')).
       Using "Message" task from assembly "Microsoft.Build.Tasks.Core, Version=15.1.0.0, Culture=neutral, PublicKeyToken=b03f5f7f11d50a3a".
       Task "Message"
         Building solution configuration "Debug|Any CPU".
       Done executing task "Message".
     1>Done building target "ValidateSolutionConfiguration" in project "TalenHuman.sln".
     1>Target "ValidateToolsVersions" in file "D:\Tito Pedraza\OneDrive\Proyectos\Codigo Fuente\repos\HumanCore\src\TalenHuman.sln.metaproj" from project "D:\Tito Pedraza\OneDrive\Proyectos\Codigo Fuente\repos\HumanCore\src\TalenHuman.sln" (entry point):
       Task "Error" skipped, due to false condition; ('$(MSBuildToolsVersion)' == '2.0' and ('$(ProjectToolsVersion)' != '2.0' and '$(ProjectToolsVersion)' != '')) was evaluated as ('Current' == '2.0' and ('' != '2.0' and '' != '')).
     1>Done building target "ValidateToolsVersions" in project "TalenHuman.sln".
     1>Target "ValidateProjects" in file "D:\Tito Pedraza\OneDrive\Proyectos\Codigo Fuente\repos\HumanCore\src\TalenHuman.sln.metaproj" from project "D:\Tito Pedraza\OneDrive\Proyectos\Codigo Fuente\repos\HumanCore\src\TalenHuman.sln" (entry point):
     1>Done building target "ValidateProjects" in project "TalenHuman.sln".
     1>Target "_LoadRestoreGraphEntryPoints" in file "C:\Program Files\dotnet\sdk\8.0.302\NuGet.targets" from project "D:\Tito Pedraza\OneDrive\Proyectos\Codigo Fuente\repos\HumanCore\src\TalenHuman.sln" (target "_FilterRestoreGraphProjectInputItems" depends on it):
       Assembly loaded during TaskRun: NuGet.Build.Tasks, Version=6.10.0.97, Culture=neutral, PublicKeyToken=31bf3856ad364e35 (location: C:\Program Files\dotnet\sdk\8.0.302\NuGet.Build.Tasks.dll, MVID: 624f4ab8-c79e-4c70-a7c0-c59f08143029, AssemblyLoadContext: MSBuild plugin C:\Program Files\dotnet\sdk\8.0.302\NuGet.Build.Tasks.dll)
       Assembly loaded during TaskRun: System.Reflection.Metadata, Version=8.0.0.0, Culture=neutral, PublicKeyToken=b03f5f7f11d50a3a (location: C:\Program Files\dotnet\shared\Microsoft.NETCore.App\8.0.6\System.Reflection.Metadata.dll, MVID: 3f6576ee-4ac8-4e72-a368-8bdf0467b6dc, AssemblyLoadContext: Default)
       Assembly loaded during TaskRun: NuGet.Common, Version=6.10.0.97, Culture=neutral, PublicKeyToken=31bf3856ad364e35 (location: C:\Program Files\dotnet\sdk\8.0.302\NuGet.Common.dll, MVID: be324f81-ded8-4e6c-b54c-98fb2a8317e3, AssemblyLoadContext: MSBuild plugin C:\Program Files\dotnet\sdk\8.0.302\NuGet.Build.Tasks.dll)
       Assembly loaded during TaskRun: NuGet.Commands, Version=6.10.0.97, Culture=neutral, PublicKeyToken=31bf3856ad364e35 (location: C:\Program Files\dotnet\sdk\8.0.302\NuGet.Commands.dll, MVID: 44908f5c-2a4c-439d-9ed2-21e095991cfd, AssemblyLoadContext: MSBuild plugin C:\Program Files\dotnet\sdk\8.0.302\NuGet.Build.Tasks.dll)
       Assembly loaded during TaskRun: NuGet.ProjectModel, Version=6.10.0.97, Culture=neutral, PublicKeyToken=31bf3856ad364e35 (location: C:\Program Files\dotnet\sdk\8.0.302\NuGet.ProjectModel.dll, MVID: 1a7afad2-66d2-4b93-94d2-4af6749164a6, AssemblyLoadContext: MSBuild plugin C:\Program Files\dotnet\sdk\8.0.302\NuGet.Build.Tasks.dll)
       Using "GetRestoreSolutionProjectsTask" task from assembly "C:\Program Files\dotnet\sdk\8.0.302\NuGet.Build.Tasks.dll".
       Task "GetRestoreSolutionProjectsTask"
       Done executing task "GetRestoreSolutionProjectsTask".
     1>Done building target "_LoadRestoreGraphEntryPoints" in project "TalenHuman.sln".
     1>Target "_FilterRestoreGraphProjectInputItems" in file "C:\Program Files\dotnet\sdk\8.0.302\NuGet.targets" from project "D:\Tito Pedraza\OneDrive\Proyectos\Codigo Fuente\repos\HumanCore\src\TalenHuman.sln" (target "_GenerateRestoreGraph" depends on it):
       Using "RemoveDuplicates" task from assembly "Microsoft.Build.Tasks.Core, Version=15.1.0.0, Culture=neutral, PublicKeyToken=b03f5f7f11d50a3a".
       Task "RemoveDuplicates"
       Done executing task "RemoveDuplicates".
       Using "MSBuild" task from assembly "Microsoft.Build.Tasks.Core, Version=15.1.0.0, Culture=neutral, PublicKeyToken=b03f5f7f11d50a3a".
       Task "MSBuild"
         Global Properties:
           ExcludeRestorePackageImports=true
           _RestoreSolutionFileUsed=true
           SolutionDir=D:\Tito Pedraza\OneDrive\Proyectos\Codigo Fuente\repos\HumanCore\src\
           SolutionName=TalenHuman
           SolutionFileName=TalenHuman.sln
           SolutionPath=D:\Tito Pedraza\OneDrive\Proyectos\Codigo Fuente\repos\HumanCore\src\TalenHuman.sln
           SolutionExt=.sln
         Additional Properties for project "D:\Tito Pedraza\OneDrive\Proyectos\Codigo Fuente\repos\HumanCore\src\TalenHuman.API\TalenHuman.API.csproj":
           Configuration=Debug
           Platform=AnyCPU
         Additional Properties for project "D:\Tito Pedraza\OneDrive\Proyectos\Codigo Fuente\repos\HumanCore\src\TalenHuman.Application\TalenHuman.Application.csproj":
           Configuration=Debug
           Platform=AnyCPU
         Additional Properties for project "D:\Tito Pedraza\OneDrive\Proyectos\Codigo Fuente\repos\HumanCore\src\TalenHuman.Domain\TalenHuman.Domain.csproj":
           Configuration=Debug
           Platform=AnyCPU
         Additional Properties for project "D:\Tito Pedraza\OneDrive\Proyectos\Codigo Fuente\repos\HumanCore\src\TalenHuman.Infrastructure\TalenHuman.Infrastructure.csproj":
           Configuration=Debug
           Platform=AnyCPU
     0>The SDK "Microsoft.NET.Sdk.Web" was successfully resolved by the "DefaultSdkResolver" resolver to location "C:\Program Files\dotnet\sdk\8.0.302\Sdks\Microsoft.NET.Sdk.Web\Sdk" and version "".
       Assembly loaded during Evaluation: NuGet.Frameworks, Version=6.10.0.97, Culture=neutral, PublicKeyToken=31bf3856ad364e35 (location: C:\Program Files\dotnet\sdk\8.0.302\NuGet.Frameworks.dll, MVID: 05e5996d-f121-4c49-b976-ad842a7e715b, AssemblyLoadContext: Assembly.LoadFile(C:\Program Files\dotnet\sdk\8.0.302\NuGet.Frameworks.dll))
       The SDK "Microsoft.NET.Sdk" was successfully resolved by the "DefaultSdkResolver" resolver to location "C:\Program Files\dotnet\sdk\8.0.302\Sdks\Microsoft.NET.Sdk\Sdk" and version "".
       Property 'MSBuildExtensionsPath' with value 'C:\Program Files\dotnet\sdk\8.0.302\' expanded from the environment.
       Property reassignment: $(MSBuildProjectExtensionsPath)="D:\Tito Pedraza\OneDrive\Proyectos\Codigo Fuente\repos\HumanCore\src\TalenHuman.API\obj\" (previous value: "obj\") at C:\Program Files\dotnet\sdk\8.0.302\Current\Microsoft.Common.props (60,5)
       The "Configuration" property is a global property, and cannot be modified.
       The "Platform" property is a global property, and cannot be modified.
       Assembly loaded during Evaluation: System.IO.Pipes, Version=8.0.0.0, Culture=neutral, PublicKeyToken=b03f5f7f11d50a3a (location: C:\Program Files\dotnet\shared\Microsoft.NETCore.App\8.0.6\System.IO.Pipes.dll, MVID: 9ce632c2-3ab9-49eb-9d7a-a739cbe35c0a, AssemblyLoadContext: Default)
       Assembly loaded during Evaluation: System.Threading.Overlapped, Version=8.0.0.0, Culture=neutral, PublicKeyToken=b03f5f7f11d50a3a (location: C:\Program Files\dotnet\shared\Microsoft.NETCore.App\8.0.6\System.Threading.Overlapped.dll, MVID: 256017be-58b1-43f2-8ea2-f49179a5bc34, AssemblyLoadContext: Default)
       The "Configuration" property is a global property, and cannot be modified.
       The "Platform" property is a global property, and cannot be modified.
       Property reassignment: $(AssemblySearchPaths)="{CandidateAssemblyFiles};{HintPathFromItem}" (previous value: "{CandidateAssemblyFiles}") at C:\Program Files\dotnet\sdk\8.0.302\Sdks\Microsoft.NET.Sdk\targets\Microsoft.NET.Sdk.props (91,5)
       Property reassignment: $(AssemblySearchPaths)="{CandidateAssemblyFiles};{HintPathFromItem};{TargetFrameworkDirectory}" (previous value: "{CandidateAssemblyFiles};{HintPathFromItem}") at C:\Program Files\dotnet\sdk\8.0.302\Sdks\Microsoft.NET.Sdk\targets\Microsoft.NET.Sdk.props (92,5)
       Property reassignment: $(AssemblySearchPaths)="{CandidateAssemblyFiles};{HintPathFromItem};{TargetFrameworkDirectory};{RawFileName}" (previous value: "{CandidateAssemblyFiles};{HintPathFromItem};{TargetFrameworkDirectory}") at C:\Program Files\dotnet\sdk\8.0.302\Sdks\Microsoft.NET.Sdk\targets\Microsoft.NET.Sdk.props (93,5)
       Assembly loaded during Evaluation: System.Security.AccessControl, Version=8.0.0.0, Culture=neutral, PublicKeyToken=b03f5f7f11d50a3a (location: C:\Program Files\dotnet\shared\Microsoft.NETCore.App\8.0.6\System.Security.AccessControl.dll, MVID: f266e5a8-e47a-48e4-b35a-3d5ab4ccbd22, AssemblyLoadContext: Default)
       Reusing node 4 (PID: 4660).
       Reusing node 3 (PID: 21908).
       The "DefaultSdkResolver" resolver attempted to resolve the SDK "Microsoft.NET.SDK.WorkloadAutoImportPropsLocator".
       Warnings: null
       Errors: MSB4276: The default SDK resolver failed to resolve SDK "Microsoft.NET.SDK.WorkloadAutoImportPropsLocator" because directory "C:\Program Files\dotnet\sdk\8.0.302\Sdks\Microsoft.NET.SDK.WorkloadAutoImportPropsLocator\Sdk" did not exist.
       Reusing node 2 (PID: 29556).
       Assembly loaded during Evaluation: Microsoft.Build.NuGetSdkResolver, Version=6.10.0.97, Culture=neutral, PublicKeyToken=31bf3856ad364e35 (location: C:\Program Files\dotnet\sdk\8.0.302\Microsoft.Build.NuGetSdkResolver.dll, MVID: 892518ee-ce10-4c18-ad79-a096196c3fcf, AssemblyLoadContext: MSBuild plugin C:\Program Files\dotnet\sdk\8.0.302\Microsoft.Build.NuGetSdkResolver.dll)
       Assembly loaded during Evaluation: Microsoft.NET.Sdk.WorkloadMSBuildSdkResolver, Version=8.0.302.0, Culture=neutral, PublicKeyToken=31bf3856ad364e35 (location: C:\Program Files\dotnet\sdk\8.0.302\Microsoft.NET.Sdk.WorkloadMSBuildSdkResolver.dll, MVID: fc502245-8082-4e88-bf45-0e1b3936bccd, AssemblyLoadContext: MSBuild plugin C:\Program Files\dotnet\sdk\8.0.302\Microsoft.NET.Sdk.WorkloadMSBuildSdkResolver.dll)
       Assembly loaded during Evaluation: Microsoft.DotNet.Cli.Utils, Version=8.0.302.0, Culture=neutral, PublicKeyToken=adb9793829ddae60 (location: C:\Program Files\dotnet\sdk\8.0.302\Microsoft.DotNet.Cli.Utils.dll, MVID: 56ed6c3e-d068-417b-8e6f-7485bf8e121f, AssemblyLoadContext: MSBuild plugin C:\Program Files\dotnet\sdk\8.0.302\Microsoft.NET.Sdk.WorkloadMSBuildSdkResolver.dll)
       Assembly loaded during Evaluation: Microsoft.NET.Sdk.WorkloadManifestReader, Version=8.0.302.0, Culture=neutral, PublicKeyToken=adb9793829ddae60 (location: C:\Program Files\dotnet\sdk\8.0.302\Microsoft.NET.Sdk.WorkloadManifestReader.dll, MVID: 572e92ae-d65a-4f56-9768-1f2d29917919, AssemblyLoadContext: MSBuild plugin C:\Program Files\dotnet\sdk\8.0.302\Microsoft.NET.Sdk.WorkloadMSBuildSdkResolver.dll)
       Assembly loaded during Evaluation: Microsoft.Deployment.DotNet.Releases, Version=2.0.0.0, Culture=neutral, PublicKeyToken=31bf3856ad364e35 (location: C:\Program Files\dotnet\sdk\8.0.302\Microsoft.Deployment.DotNet.Releases.dll, MVID: eb340e0e-b895-41fa-8fc4-c04faee03b3b, AssemblyLoadContext: MSBuild plugin C:\Program Files\dotnet\sdk\8.0.302\Microsoft.NET.Sdk.WorkloadMSBuildSdkResolver.dll)
       Property 'MSBuildExtensionsPath' with value 'C:\Program Files\dotnet\sdk\8.0.302\' expanded from the environment.
       Property 'MSBuildExtensionsPath' with value 'C:\Program Files\dotnet\sdk\8.0.302\' expanded from the environment.
       Property 'MSBuildExtensionsPath' with value 'C:\Program Files\dotnet\sdk\8.0.302\' expanded from the environment.
       Property reassignment: $(MSBuildProjectExtensionsPath)="D:\Tito Pedraza\OneDrive\Proyectos\Codigo Fuente\repos\HumanCore\src\TalenHuman.Application\obj\" (previous value: "obj\") at C:\Program Files\dotnet\sdk\8.0.302\Current\Microsoft.Common.props (60,5)
       Property reassignment: $(MSBuildProjectExtensionsPath)="D:\Tito Pedraza\OneDrive\Proyectos\Codigo Fuente\repos\HumanCore\src\TalenHuman.Domain\obj\" (previous value: "obj\") at C:\Program Files\dotnet\sdk\8.0.302\Current\Microsoft.Common.props (60,5)
       Property reassignment: $(MSBuildProjectExtensionsPath)="D:\Tito Pedraza\OneDrive\Proyectos\Codigo Fuente\repos\HumanCore\src\TalenHuman.Infrastructure\obj\" (previous value: "obj\") at C:\Program Files\dotnet\sdk\8.0.302\Current\Microsoft.Common.props (60,5)
       The "Configuration" property is a global property, and cannot be modified.
       The "Platform" property is a global property, and cannot be modified.
       The "Configuration" property is a global property, and cannot be modified.
       The "Platform" property is a global property, and cannot be modified.
       The "Configuration" property is a global property, and cannot be modified.
       The "Configuration" property is a global property, and cannot be modified.
       The "Platform" property is a global property, and cannot be modified.
       The "Configuration" property is a global property, and cannot be modified.
       The "Platform" property is a global property, and cannot be modified.
       The "Platform" property is a global property, and cannot be modified.
       Property reassignment: $(AssemblySearchPaths)="{CandidateAssemblyFiles};{HintPathFromItem}" (previous value: "{CandidateAssemblyFiles}") at C:\Program Files\dotnet\sdk\8.0.302\Sdks\Microsoft.NET.Sdk\targets\Microsoft.NET.Sdk.props (91,5)
       Property reassignment: $(AssemblySearchPaths)="{CandidateAssemblyFiles};{HintPathFromItem}" (previous value: "{CandidateAssemblyFiles}") at C:\Program Files\dotnet\sdk\8.0.302\Sdks\Microsoft.NET.Sdk\targets\Microsoft.NET.Sdk.props (91,5)
       The "Configuration" property is a global property, and cannot be modified.
       Property reassignment: $(AssemblySearchPaths)="{CandidateAssemblyFiles};{HintPathFromItem};{TargetFrameworkDirectory}" (previous value: "{CandidateAssemblyFiles};{HintPathFromItem}") at C:\Program Files\dotnet\sdk\8.0.302\Sdks\Microsoft.NET.Sdk\targets\Microsoft.NET.Sdk.props (92,5)
       Property reassignment: $(AssemblySearchPaths)="{CandidateAssemblyFiles};{HintPathFromItem};{TargetFrameworkDirectory}" (previous value: "{CandidateAssemblyFiles};{HintPathFromItem}") at C:\Program Files\dotnet\sdk\8.0.302\Sdks\Microsoft.NET.Sdk\targets\Microsoft.NET.Sdk.props (92,5)
       The "Platform" property is a global property, and cannot be modified.
       Property reassignment: $(AssemblySearchPaths)="{CandidateAssemblyFiles};{HintPathFromItem};{TargetFrameworkDirectory};{RawFileName}" (previous value: "{CandidateAssemblyFiles};{HintPathFromItem};{TargetFrameworkDirectory}") at C:\Program Files\dotnet\sdk\8.0.302\Sdks\Microsoft.NET.Sdk\targets\Microsoft.NET.Sdk.props (93,5)
       Property reassignment: $(AssemblySearchPaths)="{CandidateAssemblyFiles};{HintPathFromItem};{TargetFrameworkDirectory};{RawFileName}" (previous value: "{CandidateAssemblyFiles};{HintPathFromItem};{TargetFrameworkDirectory}") at C:\Program Files\dotnet\sdk\8.0.302\Sdks\Microsoft.NET.Sdk\targets\Microsoft.NET.Sdk.props (93,5)
       Property reassignment: $(AssemblySearchPaths)="{CandidateAssemblyFiles};{HintPathFromItem}" (previous value: "{CandidateAssemblyFiles}") at C:\Program Files\dotnet\sdk\8.0.302\Sdks\Microsoft.NET.Sdk\targets\Microsoft.NET.Sdk.props (91,5)
       Property reassignment: $(AssemblySearchPaths)="{CandidateAssemblyFiles};{HintPathFromItem};{TargetFrameworkDirectory}" (previous value: "{CandidateAssemblyFiles};{HintPathFromItem}") at C:\Program Files\dotnet\sdk\8.0.302\Sdks\Microsoft.NET.Sdk\targets\Microsoft.NET.Sdk.props (92,5)
       Property reassignment: $(AssemblySearchPaths)="{CandidateAssemblyFiles};{HintPathFromItem};{TargetFrameworkDirectory};{RawFileName}" (previous value: "{CandidateAssemblyFiles};{HintPathFromItem};{TargetFrameworkDirectory}") at C:\Program Files\dotnet\sdk\8.0.302\Sdks\Microsoft.NET.Sdk\targets\Microsoft.NET.Sdk.props (93,5)
       The SDK "Microsoft.NET.SDK.WorkloadAutoImportPropsLocator" was successfully resolved by the "Microsoft.DotNet.MSBuildWorkloadSdkResolver" resolver to location "C:\Program Files\dotnet\packs\Microsoft.Android.Sdk.Windows\34.0.95\Sdk" and version "null".
       Property reassignment: $(TargetsForTfmSpecificContentInPackage)=";PackTool;_PackProjectToolValidation" (previous value: ";PackTool") at C:\Program Files\dotnet\sdk\8.0.302\Sdks\Microsoft.NET.Sdk\targets\Microsoft.NET.PackProjectTool.props (15,5)
       Property reassignment: $(TargetsForTfmSpecificContentInPackage)=";PackTool;_PackProjectToolValidation" (previous value: ";PackTool") at C:\Program Files\dotnet\sdk\8.0.302\Sdks\Microsoft.NET.Sdk\targets\Microsoft.NET.PackProjectTool.props (15,5)
       Property reassignment: $(TargetsForTfmSpecificContentInPackage)=";PackTool;_PackProjectToolValidation" (previous value: ";PackTool") at C:\Program Files\dotnet\sdk\8.0.302\Sdks\Microsoft.NET.Sdk\targets\Microsoft.NET.PackProjectTool.props (15,5)
       The "Configuration" property is a global property, and cannot be modified.
       The "Platform" property is a global property, and cannot be modified.
       Property reassignment: $(PublishProfileImported)="false" (previous value: "true") at C:\Program Files\dotnet\sdk\8.0.302\Sdks\Microsoft.NET.Sdk\targets\Microsoft.NET.Sdk.ImportPublishProfile.targets (28,5)
       Property reassignment: $(NoWarn)="1701;1702;NU1605" (previous value: "1701;1702") at D:\Tito Pedraza\OneDrive\Proyectos\Codigo Fuente\repos\HumanCore\src\TalenHuman.Infrastructure\TalenHuman.Infrastructure.csproj (24,5)
       Property reassignment: $(TargetPlatformVersion)="" (previous value: "0.0") at C:\Program Files\dotnet\sdk\8.0.302\Sdks\Microsoft.NET.Sdk\targets\Microsoft.NET.TargetFrameworkInference.targets (69,5)
       The "Configuration" property is a global property, and cannot be modified.
       Property reassignment: $(DefaultItemExcludes)=";bin\Debug\/**;obj\Debug\/**" (previous value: ";bin\Debug\/**") at C:\Program Files\dotnet\sdk\8.0.302\Sdks\Microsoft.NET.Sdk\targets\Microsoft.NET.DefaultOutputPaths.targets (122,5)
       The "Platform" property is a global property, and cannot be modified.
       The "Configuration" property is a global property, and cannot be modified.
       Property reassignment: $(OutputPath)="bin\Debug\net8.0\" (previous value: "bin\Debug\") at C:\Program Files\dotnet\sdk\8.0.302\Sdks\Microsoft.NET.Sdk\targets\Microsoft.NET.DefaultOutputPaths.targets (137,5)
       Property reassignment: $(PublishProfileImported)="false" (previous value: "true") at C:\Program Files\dotnet\sdk\8.0.302\Sdks\Microsoft.NET.Sdk\targets\Microsoft.NET.Sdk.ImportPublishProfile.targets (28,5)
       Property reassignment: $(IntermediateOutputPath)="obj\Debug\net8.0\" (previous value: "obj\Debug\") at C:\Program Files\dotnet\sdk\8.0.302\Sdks\Microsoft.NET.Sdk\targets\Microsoft.NET.DefaultOutputPaths.targets (142,5)
       The "Platform" property is a global property, and cannot be modified.
       Property reassignment: $(TargetPlatformVersion)="" (previous value: "0.0") at C:\Program Files\dotnet\sdk\8.0.302\Sdks\Microsoft.NET.Sdk\targets\Microsoft.NET.TargetFrameworkInference.targets (69,5)
       Property reassignment: $(PublishProfileImported)="false" (previous value: "true") at C:\Program Files\dotnet\sdk\8.0.302\Sdks\Microsoft.NET.Sdk\targets\Microsoft.NET.Sdk.ImportPublishProfile.targets (28,5)
       Property reassignment: $(DefaultItemExcludes)=";bin\Debug\/**;obj\Debug\/**" (previous value: ";bin\Debug\/**") at C:\Program Files\dotnet\sdk\8.0.302\Sdks\Microsoft.NET.Sdk\targets\Microsoft.NET.DefaultOutputPaths.targets (122,5)
       Property reassignment: $(TargetPlatformVersion)="" (previous value: "0.0") at C:\Program Files\dotnet\sdk\8.0.302\Sdks\Microsoft.NET.Sdk\targets\Microsoft.NET.TargetFrameworkInference.targets (69,5)
       Property reassignment: $(OutputPath)="bin\Debug\net8.0\" (previous value: "bin\Debug\") at C:\Program Files\dotnet\sdk\8.0.302\Sdks\Microsoft.NET.Sdk\targets\Microsoft.NET.DefaultOutputPaths.targets (137,5)
       The "DefaultSdkResolver" resolver attempted to resolve the SDK "Microsoft.NET.SDK.WorkloadManifestTargetsLocator".
       Warnings: null
       Errors: MSB4276: The default SDK resolver failed to resolve SDK "Microsoft.NET.SDK.WorkloadManifestTargetsLocator" because directory "C:\Program Files\dotnet\sdk\8.0.302\Sdks\Microsoft.NET.SDK.WorkloadManifestTargetsLocator\Sdk" did not exist.
       Property reassignment: $(IntermediateOutputPath)="obj\Debug\net8.0\" (previous value: "obj\Debug\") at C:\Program Files\dotnet\sdk\8.0.302\Sdks\Microsoft.NET.Sdk\targets\Microsoft.NET.DefaultOutputPaths.targets (142,5)
       Property reassignment: $(DefaultItemExcludes)=";bin\Debug\/**;obj\Debug\/**" (previous value: ";bin\Debug\/**") at C:\Program Files\dotnet\sdk\8.0.302\Sdks\Microsoft.NET.Sdk\targets\Microsoft.NET.DefaultOutputPaths.targets (122,5)
       Property reassignment: $(OutputPath)="bin\Debug\net8.0\" (previous value: "bin\Debug\") at C:\Program Files\dotnet\sdk\8.0.302\Sdks\Microsoft.NET.Sdk\targets\Microsoft.NET.DefaultOutputPaths.targets (137,5)
       Property reassignment: $(IntermediateOutputPath)="obj\Debug\net8.0\" (previous value: "obj\Debug\") at C:\Program Files\dotnet\sdk\8.0.302\Sdks\Microsoft.NET.Sdk\targets\Microsoft.NET.DefaultOutputPaths.targets (142,5)
       The SDK "Microsoft.NET.SDK.WorkloadManifestTargetsLocator" was successfully resolved by the "Microsoft.DotNet.MSBuildWorkloadSdkResolver" resolver to location "C:\Program Files\dotnet\sdk-manifests\8.0.100\microsoft.net.sdk.android\34.0.95" and version "null".
       Property reassignment: $(_FrameworkIdentifierForImplicitDefine)="NET" (previous value: "NETCOREAPP") at C:\Program Files\dotnet\sdk\8.0.302\Sdks\Microsoft.NET.Sdk\targets\Microsoft.NET.Sdk.BeforeCommon.targets (187,5)
       Property reassignment: $(_FrameworkVersionForImplicitDefine)="8_0" (previous value: "8.0") at C:\Program Files\dotnet\sdk\8.0.302\Sdks\Microsoft.NET.Sdk\targets\Microsoft.NET.Sdk.BeforeCommon.targets (192,5)
       Property reassignment: $(_FrameworkIdentifierForImplicitDefine)="NET" (previous value: "NETCOREAPP") at C:\Program Files\dotnet\sdk\8.0.302\Sdks\Microsoft.NET.Sdk\targets\Microsoft.NET.Sdk.BeforeCommon.targets (187,5)
       Property reassignment: $(_FrameworkIdentifierForImplicitDefine)="NET" (previous value: "NETCOREAPP") at C:\Program Files\dotnet\sdk\8.0.302\Sdks\Microsoft.NET.Sdk\targets\Microsoft.NET.Sdk.BeforeCommon.targets (187,5)
       Property reassignment: $(_FrameworkVersionForImplicitDefine)="8_0" (previous value: "8.0") at C:\Program Files\dotnet\sdk\8.0.302\Sdks\Microsoft.NET.Sdk\targets\Microsoft.NET.Sdk.BeforeCommon.targets (192,5)
       Property reassignment: $(_FrameworkVersionForImplicitDefine)="8_0" (previous value: "8.0") at C:\Program Files\dotnet\sdk\8.0.302\Sdks\Microsoft.NET.Sdk\targets\Microsoft.NET.Sdk.BeforeCommon.targets (192,5)
       Property reassignment: $(CommandLineArgsForDesignTimeEvaluation)="-langversion:12.0 -define:TRACE" (previous value: "-langversion:12.0") at C:\Program Files\dotnet\sdk\8.0.302\Roslyn\Microsoft.CSharp.Core.targets (200,5)
       Property reassignment: $(CommandLineArgsForDesignTimeEvaluation)="-langversion:12.0 -define:TRACE" (previous value: "-langversion:12.0") at C:\Program Files\dotnet\sdk\8.0.302\Roslyn\Microsoft.CSharp.Core.targets (200,5)
       Property reassignment: $(CommandLineArgsForDesignTimeEvaluation)="-langversion:12.0 -define:TRACE" (previous value: "-langversion:12.0") at C:\Program Files\dotnet\sdk\8.0.302\Roslyn\Microsoft.CSharp.Core.targets (200,5)
       The "Platform" property is a global property, and cannot be modified.
       The "Configuration" property is a global property, and cannot be modified.
       Property reassignment: $(_DebugSymbolsProduced)="true" (previous value: "false") at C:\Program Files\dotnet\sdk\8.0.302\Microsoft.Common.CurrentVersion.targets (175,5)
       Property reassignment: $(_DocumentationFileProduced)="false" (previous value: "true") at C:\Program Files\dotnet\sdk\8.0.302\Microsoft.Common.CurrentVersion.targets (185,5)
       The "SolutionName" property is a global property, and cannot be modified.
       The "Platform" property is a global property, and cannot be modified.
       The "Platform" property is a global property, and cannot be modified.
       The "Configuration" property is a global property, and cannot be modified.
       The "SolutionFileName" property is a global property, and cannot be modified.
       The "Configuration" property is a global property, and cannot be modified.
       Property reassignment: $(_DebugSymbolsProduced)="true" (previous value: "false") at C:\Program Files\dotnet\sdk\8.0.302\Microsoft.Common.CurrentVersion.targets (175,5)
       Property reassignment: $(_DebugSymbolsProduced)="true" (previous value: "false") at C:\Program Files\dotnet\sdk\8.0.302\Microsoft.Common.CurrentVersion.targets (175,5)
       The "SolutionPath" property is a global property, and cannot be modified.
       Property reassignment: $(_DocumentationFileProduced)="false" (previous value: "true") at C:\Program Files\dotnet\sdk\8.0.302\Microsoft.Common.CurrentVersion.targets (185,5)
       Property reassignment: $(_DocumentationFileProduced)="false" (previous value: "true") at C:\Program Files\dotnet\sdk\8.0.302\Microsoft.Common.CurrentVersion.targets (185,5)
       The "SolutionDir" property is a global property, and cannot be modified.
       The "SolutionName" property is a global property, and cannot be modified.
       The "SolutionName" property is a global property, and cannot be modified.
       The "SolutionExt" property is a global property, and cannot be modified.
       The "SolutionFileName" property is a global property, and cannot be modified.
       The "SolutionPath" property is a global property, and cannot be modified.
       Property reassignment: $(MSBuildCopyMarkerName)="TalenHum.29E6A25B" (previous value: "TalenHuman.Domain.csproj") at C:\Program Files\dotnet\sdk\8.0.302\Microsoft.Common.CurrentVersion.targets (392,5)
       The "SolutionFileName" property is a global property, and cannot be modified.
       The "SolutionDir" property is a global property, and cannot be modified.
       The "SolutionPath" property is a global property, and cannot be modified.
       Property reassignment: $(MSBuildCopyMarkerName)="TalenHum.29E6A25B.Up2Date" (previous value: "TalenHum.29E6A25B") at C:\Program Files\dotnet\sdk\8.0.302\Microsoft.Common.CurrentVersion.targets (393,5)
       The "SolutionExt" property is a global property, and cannot be modified.
       The "SolutionDir" property is a global property, and cannot be modified.
       Property reassignment: $(MSBuildCopyMarkerName)="TalenHum.5F29EC58" (previous value: "TalenHuman.Infrastructure.csproj") at C:\Program Files\dotnet\sdk\8.0.302\Microsoft.Common.CurrentVersion.targets (392,5)
       Property reassignment: $(ProcessorArchitecture)="msil" (previous value: "") at C:\Program Files\dotnet\sdk\8.0.302\Microsoft.Common.CurrentVersion.targets (536,5)
       The "SolutionExt" property is a global property, and cannot be modified.
       Property reassignment: $(MSBuildCopyMarkerName)="TalenHum.5F29EC58.Up2Date" (previous value: "TalenHum.5F29EC58") at C:\Program Files\dotnet\sdk\8.0.302\Microsoft.Common.CurrentVersion.targets (393,5)
       Property reassignment: $(DelaySign)="" (previous value: "false") at C:\Program Files\dotnet\sdk\8.0.302\Microsoft.Common.CurrentVersion.targets (575,5)
       Property reassignment: $(MSBuildCopyMarkerName)="TalenHum.AE957653" (previous value: "TalenHuman.Application.csproj") at C:\Program Files\dotnet\sdk\8.0.302\Microsoft.Common.CurrentVersion.targets (392,5)
       Property reassignment: $(ProcessorArchitecture)="msil" (previous value: "") at C:\Program Files\dotnet\sdk\8.0.302\Microsoft.Common.CurrentVersion.targets (536,5)
       Property 'LOCALAPPDATA' with value 'C:\Users\messa\AppData\Local' expanded from the environment.
       Property reassignment: $(MSBuildCopyMarkerName)="TalenHum.AE957653.Up2Date" (previous value: "TalenHum.AE957653") at C:\Program Files\dotnet\sdk\8.0.302\Microsoft.Common.CurrentVersion.targets (393,5)
       Property reassignment: $(DelaySign)="" (previous value: "false") at C:\Program Files\dotnet\sdk\8.0.302\Microsoft.Common.CurrentVersion.targets (575,5)
       Property reassignment: $(_SGenGenerateSerializationAssembliesConfig)="Auto" (previous value: "") at C:\Program Files\dotnet\sdk\8.0.302\Microsoft.Common.CurrentVersion.targets (3880,5)
       Property reassignment: $(ProcessorArchitecture)="msil" (previous value: "") at C:\Program Files\dotnet\sdk\8.0.302\Microsoft.Common.CurrentVersion.targets (536,5)
       Property reassignment: $(_SGenGenerateSerializationAssembliesConfig)="Off" (previous value: "Auto") at C:\Program Files\dotnet\sdk\8.0.302\Microsoft.Common.CurrentVersion.targets (3881,5)
       Property reassignment: $(DelaySign)="" (previous value: "false") at C:\Program Files\dotnet\sdk\8.0.302\Microsoft.Common.CurrentVersion.targets (575,5)
       Property reassignment: $(_TargetsThatPrepareProjectReferences)="
             AssignProjectConfiguration;
             _SplitProjectReferencesByFileExistence
           " (previous value: "_SplitProjectReferencesByFileExistence") at C:\Program Files\dotnet\sdk\8.0.302\Microsoft.Common.CurrentVersion.targets (5048,5)
       Property 'LOCALAPPDATA' with value 'C:\Users\messa\AppData\Local' expanded from the environment.
       Property 'LOCALAPPDATA' with value 'C:\Users\messa\AppData\Local' expanded from the environment.
       Property 'MSBuildExtensionsPath32' with value 'C:\Program Files\dotnet\sdk\8.0.302' expanded from the environment.
       Property reassignment: $(_SGenGenerateSerializationAssembliesConfig)="Auto" (previous value: "") at C:\Program Files\dotnet\sdk\8.0.302\Microsoft.Common.CurrentVersion.targets (3880,5)
       The "_RestoreSolutionFileUsed" property is a global property, and cannot be modified.
       Property reassignment: $(_SGenGenerateSerializationAssembliesConfig)="Auto" (previous value: "") at C:\Program Files\dotnet\sdk\8.0.302\Microsoft.Common.CurrentVersion.targets (3880,5)
       Property reassignment: $(_SGenGenerateSerializationAssembliesConfig)="Off" (previous value: "Auto") at C:\Program Files\dotnet\sdk\8.0.302\Microsoft.Common.CurrentVersion.targets (3881,5)
       Property reassignment: $(_SGenGenerateSerializationAssembliesConfig)="Off" (previous value: "Auto") at C:\Program Files\dotnet\sdk\8.0.302\Microsoft.Common.CurrentVersion.targets (3881,5)
       Property reassignment: $(_GenerateRestoreGraphProjectEntryInputProperties)="
             ExcludeRestorePackageImports=true;
             _RestoreSolutionFileUsed=true;
             SolutionDir=D:\Tito Pedraza\OneDrive\Proyectos\Codigo Fuente\repos\HumanCore\src\;
             SolutionName=TalenHuman;
             SolutionFileName=TalenHuman.sln;
             SolutionPath=D:\Tito Pedraza\OneDrive\Proyectos\Codigo Fuente\repos\HumanCore\src\TalenHuman.sln;
             SolutionExt=.sln;
           " (previous value: "ExcludeRestorePackageImports=true") at C:\Program Files\dotnet\sdk\8.0.302\NuGet.targets (97,5)
       Property reassignment: $(_TargetsThatPrepareProjectReferences)="
             AssignProjectConfiguration;
             _SplitProjectReferencesByFileExistence
           " (previous value: "_SplitProjectReferencesByFileExistence") at C:\Program Files\dotnet\sdk\8.0.302\Microsoft.Common.CurrentVersion.targets (5048,5)
       Property reassignment: $(_TargetsThatPrepareProjectReferences)="
             AssignProjectConfiguration;
             _SplitProjectReferencesByFileExistence
           " (previous value: "_SplitProjectReferencesByFileExistence") at C:\Program Files\dotnet\sdk\8.0.302\Microsoft.Common.CurrentVersion.targets (5048,5)
       Property reassignment: $(ProjectAssetsFile)="D:\Tito Pedraza\OneDrive\Proyectos\Codigo Fuente\repos\HumanCore\src\TalenHuman.Domain\obj\project.assets.json" (previous value: "D:\Tito Pedraza\OneDrive\Proyectos\Codigo Fuente\repos\HumanCore\src\TalenHuman.Domain\obj\/project.assets.json") at C:\Program Files\dotnet\sdk\8.0.302\Sdks\Microsoft.NET.Sdk\targets\Microsoft.PackageDependencyResolution.targets (24,5)
       Property 'MSBuildExtensionsPath32' with value 'C:\Program Files\dotnet\sdk\8.0.302' expanded from the environment.
       Property 'MSBuildExtensionsPath32' with value 'C:\Program Files\dotnet\sdk\8.0.302' expanded from the environment.
       Property reassignment: $(ProjectAssetsCacheFile)="D:\Tito Pedraza\OneDrive\Proyectos\Codigo Fuente\repos\HumanCore\src\TalenHuman.Domain\obj\Debug\net8.0\TalenHuman.Domain.assets.cache" (previous value: "obj\Debug\net8.0\TalenHuman.Domain.assets.cache") at C:\Program Files\dotnet\sdk\8.0.302\Sdks\Microsoft.NET.Sdk\targets\Microsoft.PackageDependencyResolution.targets (29,5)
       The "_RestoreSolutionFileUsed" property is a global property, and cannot be modified.
       The "_RestoreSolutionFileUsed" property is a global property, and cannot be modified.
       Property reassignment: $(_GenerateRestoreGraphProjectEntryInputProperties)="
             ExcludeRestorePackageImports=true;
             _RestoreSolutionFileUsed=true;
             SolutionDir=D:\Tito Pedraza\OneDrive\Proyectos\Codigo Fuente\repos\HumanCore\src\;
             SolutionName=TalenHuman;
             SolutionFileName=TalenHuman.sln;
             SolutionPath=D:\Tito Pedraza\OneDrive\Proyectos\Codigo Fuente\repos\HumanCore\src\TalenHuman.sln;
             SolutionExt=.sln;
           " (previous value: "ExcludeRestorePackageImports=true") at C:\Program Files\dotnet\sdk\8.0.302\NuGet.targets (97,5)
       Property reassignment: $(_GenerateRestoreGraphProjectEntryInputProperties)="
             ExcludeRestorePackageImports=true;
             _RestoreSolutionFileUsed=true;
             SolutionDir=D:\Tito Pedraza\OneDrive\Proyectos\Codigo Fuente\repos\HumanCore\src\;
             SolutionName=TalenHuman;
             SolutionFileName=TalenHuman.sln;
             SolutionPath=D:\Tito Pedraza\OneDrive\Proyectos\Codigo Fuente\repos\HumanCore\src\TalenHuman.sln;
             SolutionExt=.sln;
           " (previous value: "ExcludeRestorePackageImports=true") at C:\Program Files\dotnet\sdk\8.0.302\NuGet.targets (97,5)
       Property reassignment: $(ResolveAssemblyReferencesDependsOn)="
             
             ResolveProjectReferences;
             FindInvalidProjectReferences;
             GetFrameworkPaths;
             GetReferenceAssemblyPaths;
             PrepareForBuild;
             ResolveSDKReferences;
             ExpandSDKReferences;
           ;
             ResolvePackageDependenciesForBuild;
             _HandlePackageFileConflicts;
           " (previous value: "
             ResolveProjectReferences;
             FindInvalidProjectReferences;
             GetFrameworkPaths;
             GetReferenceAssemblyPaths;
             PrepareForBuild;
             ResolveSDKReferences;
             ExpandSDKReferences;
           ") at C:\Program Files\dotnet\sdk\8.0.302\Sdks\Microsoft.NET.Sdk\targets\Microsoft.PackageDependencyResolution.targets (80,5)
       Property reassignment: $(ProjectAssetsFile)="D:\Tito Pedraza\OneDrive\Proyectos\Codigo Fuente\repos\HumanCore\src\TalenHuman.Application\obj\project.assets.json" (previous value: "D:\Tito Pedraza\OneDrive\Proyectos\Codigo Fuente\repos\HumanCore\src\TalenHuman.Application\obj\/project.assets.json") at C:\Program Files\dotnet\sdk\8.0.302\Sdks\Microsoft.NET.Sdk\targets\Microsoft.PackageDependencyResolution.targets (24,5)
       Property reassignment: $(ProjectAssetsFile)="D:\Tito Pedraza\OneDrive\Proyectos\Codigo Fuente\repos\HumanCore\src\TalenHuman.Infrastructure\obj\project.assets.json" (previous value: "D:\Tito Pedraza\OneDrive\Proyectos\Codigo Fuente\repos\HumanCore\src\TalenHuman.Infrastructure\obj\/project.assets.json") at C:\Program Files\dotnet\sdk\8.0.302\Sdks\Microsoft.NET.Sdk\targets\Microsoft.PackageDependencyResolution.targets (24,5)
       Property reassignment: $(PrepareResourcesDependsOn)="
             ResolvePackageDependenciesForBuild;
             _HandlePackageFileConflicts;
             
             ;
             PrepareResourceNames;
             ResGen;
             CompileLicxFiles
           
           " (previous value: "
             ;
             PrepareResourceNames;
             ResGen;
             CompileLicxFiles
           ") at C:\Program Files\dotnet\sdk\8.0.302\Sdks\Microsoft.NET.Sdk\targets\Microsoft.PackageDependencyResolution.targets (86,5)
       Property reassignment: $(ProjectAssetsCacheFile)="D:\Tito Pedraza\OneDrive\Proyectos\Codigo Fuente\repos\HumanCore\src\TalenHuman.Application\obj\Debug\net8.0\TalenHuman.Application.assets.cache" (previous value: "obj\Debug\net8.0\TalenHuman.Application.assets.cache") at C:\Program Files\dotnet\sdk\8.0.302\Sdks\Microsoft.NET.Sdk\targets\Microsoft.PackageDependencyResolution.targets (29,5)
       Property reassignment: $(ProjectAssetsCacheFile)="D:\Tito Pedraza\OneDrive\Proyectos\Codigo Fuente\repos\HumanCore\src\TalenHuman.Infrastructure\obj\Debug\net8.0\TalenHuman.Infrastructure.assets.cache" (previous value: "obj\Debug\net8.0\TalenHuman.Infrastructure.assets.cache") at C:\Program Files\dotnet\sdk\8.0.302\Sdks\Microsoft.NET.Sdk\targets\Microsoft.PackageDependencyResolution.targets (29,5)
       Property reassignment: $(DefaultItemExcludes)=";bin\Debug\/**;obj\Debug\/**;bin\/**" (previous value: ";bin\Debug\/**;obj\Debug\/**") at C:\Program Files\dotnet\sdk\8.0.302\Sdks\Microsoft.NET.Sdk\targets\Microsoft.NET.Sdk.DefaultItems.targets (27,5)
       Property reassignment: $(ResolveAssemblyReferencesDependsOn)="
             
             ResolveProjectReferences;
             FindInvalidProjectReferences;
             GetFrameworkPaths;
             GetReferenceAssemblyPaths;
             PrepareForBuild;
             ResolveSDKReferences;
             ExpandSDKReferences;
           ;
             ResolvePackageDependenciesForBuild;
             _HandlePackageFileConflicts;
           " (previous value: "
             ResolveProjectReferences;
             FindInvalidProjectReferences;
             GetFrameworkPaths;
             GetReferenceAssemblyPaths;
             PrepareForBuild;
             ResolveSDKReferences;
             ExpandSDKReferences;
           ") at C:\Program Files\dotnet\sdk\8.0.302\Sdks\Microsoft.NET.Sdk\targets\Microsoft.PackageDependencyResolution.targets (80,5)
       Property reassignment: $(DefaultItemExcludes)=";bin\Debug\/**;obj\Debug\/**;bin\/**;obj\/**" (previous value: ";bin\Debug\/**;obj\Debug\/**;bin\/**") at C:\Program Files\dotnet\sdk\8.0.302\Sdks\Microsoft.NET.Sdk\targets\Microsoft.NET.Sdk.DefaultItems.targets (29,5)
       Property reassignment: $(ResolveAssemblyReferencesDependsOn)="
             
             ResolveProjectReferences;
             FindInvalidProjectReferences;
             GetFrameworkPaths;
             GetReferenceAssemblyPaths;
             PrepareForBuild;
             ResolveSDKReferences;
             ExpandSDKReferences;
           ;
             ResolvePackageDependenciesForBuild;
             _HandlePackageFileConflicts;
           " (previous value: "
             ResolveProjectReferences;
             FindInvalidProjectReferences;
             GetFrameworkPaths;
             GetReferenceAssemblyPaths;
             PrepareForBuild;
             ResolveSDKReferences;
             ExpandSDKReferences;
           ") at C:\Program Files\dotnet\sdk\8.0.302\Sdks\Microsoft.NET.Sdk\targets\Microsoft.PackageDependencyResolution.targets (80,5)
       Property reassignment: $(PrepareResourcesDependsOn)="
             ResolvePackageDependenciesForBuild;
             _HandlePackageFileConflicts;
             
             ;
             PrepareResourceNames;
             ResGen;
             CompileLicxFiles
           
           " (previous value: "
             ;
             PrepareResourceNames;
             ResGen;
             CompileLicxFiles
           ") at C:\Program Files\dotnet\sdk\8.0.302\Sdks\Microsoft.NET.Sdk\targets\Microsoft.PackageDependencyResolution.targets (86,5)
       Property reassignment: $(DefaultItemExcludes)=";bin\Debug\/**;obj\Debug\/**;bin\/**;obj\/**;**/*.user" (previous value: ";bin\Debug\/**;obj\Debug\/**;bin\/**;obj\/**") at C:\Program Files\dotnet\sdk\8.0.302\Sdks\Microsoft.NET.Sdk\targets\Microsoft.NET.Sdk.DefaultItems.targets (32,5)
       Property reassignment: $(PrepareResourcesDependsOn)="
             ResolvePackageDependenciesForBuild;
             _HandlePackageFileConflicts;
             
             ;
             PrepareResourceNames;
             ResGen;
             CompileLicxFiles
           
           " (previous value: "
             ;
             PrepareResourceNames;
             ResGen;
             CompileLicxFiles
           ") at C:\Program Files\dotnet\sdk\8.0.302\Sdks\Microsoft.NET.Sdk\targets\Microsoft.PackageDependencyResolution.targets (86,5)
       Property reassignment: $(DefaultItemExcludes)=";bin\Debug\/**;obj\Debug\/**;bin\/**" (previous value: ";bin\Debug\/**;obj\Debug\/**") at C:\Program Files\dotnet\sdk\8.0.302\Sdks\Microsoft.NET.Sdk\targets\Microsoft.NET.Sdk.DefaultItems.targets (27,5)
       Property reassignment: $(DefaultItemExcludes)=";bin\Debug\/**;obj\Debug\/**;bin\/**" (previous value: ";bin\Debug\/**;obj\Debug\/**") at C:\Program Files\dotnet\sdk\8.0.302\Sdks\Microsoft.NET.Sdk\targets\Microsoft.NET.Sdk.DefaultItems.targets (27,5)
       Property reassignment: $(DefaultItemExcludes)=";bin\Debug\/**;obj\Debug\/**;bin\/**;obj\/**;**/*.user;**/*.*proj" (previous value: ";bin\Debug\/**;obj\Debug\/**;bin\/**;obj\/**;**/*.user") at C:\Program Files\dotnet\sdk\8.0.302\Sdks\Microsoft.NET.Sdk\targets\Microsoft.NET.Sdk.DefaultItems.targets (33,5)
       Property reassignment: $(DefaultItemExcludes)=";bin\Debug\/**;obj\Debug\/**;bin\/**;obj\/**" (previous value: ";bin\Debug\/**;obj\Debug\/**;bin\/**") at C:\Program Files\dotnet\sdk\8.0.302\Sdks\Microsoft.NET.Sdk\targets\Microsoft.NET.Sdk.DefaultItems.targets (29,5)
       Property reassignment: $(DefaultItemExcludes)=";bin\Debug\/**;obj\Debug\/**;bin\/**;obj\/**" (previous value: ";bin\Debug\/**;obj\Debug\/**;bin\/**") at C:\Program Files\dotnet\sdk\8.0.302\Sdks\Microsoft.NET.Sdk\targets\Microsoft.NET.Sdk.DefaultItems.targets (29,5)
       Property reassignment: $(DefaultItemExcludes)=";bin\Debug\/**;obj\Debug\/**;bin\/**;obj\/**;**/*.user;**/*.*proj;**/*.sln" (previous value: ";bin\Debug\/**;obj\Debug\/**;bin\/**;obj\/**;**/*.user;**/*.*proj") at C:\Program Files\dotnet\sdk\8.0.302\Sdks\Microsoft.NET.Sdk\targets\Microsoft.NET.Sdk.DefaultItems.targets (34,5)
       Property reassignment: $(DefaultItemExcludes)=";bin\Debug\/**;obj\Debug\/**;bin\/**;obj\/**;**/*.user" (previous value: ";bin\Debug\/**;obj\Debug\/**;bin\/**;obj\/**") at C:\Program Files\dotnet\sdk\8.0.302\Sdks\Microsoft.NET.Sdk\targets\Microsoft.NET.Sdk.DefaultItems.targets (32,5)
       Property reassignment: $(DefaultItemExcludes)=";bin\Debug\/**;obj\Debug\/**;bin\/**;obj\/**;**/*.user" (previous value: ";bin\Debug\/**;obj\Debug\/**;bin\/**;obj\/**") at C:\Program Files\dotnet\sdk\8.0.302\Sdks\Microsoft.NET.Sdk\targets\Microsoft.NET.Sdk.DefaultItems.targets (32,5)
       Property reassignment: $(DefaultItemExcludes)=";bin\Debug\/**;obj\Debug\/**;bin\/**;obj\/**;**/*.user;**/*.*proj;**/*.sln;**/*.vssscc" (previous value: ";bin\Debug\/**;obj\Debug\/**;bin\/**;obj\/**;**/*.user;**/*.*proj;**/*.sln") at C:\Program Files\dotnet\sdk\8.0.302\Sdks\Microsoft.NET.Sdk\targets\Microsoft.NET.Sdk.DefaultItems.targets (35,5)
       Property reassignment: $(DefaultItemExcludes)=";bin\Debug\/**;obj\Debug\/**;bin\/**;obj\/**;**/*.user;**/*.*proj" (previous value: ";bin\Debug\/**;obj\Debug\/**;bin\/**;obj\/**;**/*.user") at C:\Program Files\dotnet\sdk\8.0.302\Sdks\Microsoft.NET.Sdk\targets\Microsoft.NET.Sdk.DefaultItems.targets (33,5)
       Property reassignment: $(DefaultItemExcludes)=";bin\Debug\/**;obj\Debug\/**;bin\/**;obj\/**;**/*.user;**/*.*proj;**/*.sln;**/*.vssscc;**/.DS_Store" (previous value: ";bin\Debug\/**;obj\Debug\/**;bin\/**;obj\/**;**/*.user;**/*.*proj;**/*.sln;**/*.vssscc") at C:\Program Files\dotnet\sdk\8.0.302\Sdks\Microsoft.NET.Sdk\targets\Microsoft.NET.Sdk.DefaultItems.targets (36,5)
       Property reassignment: $(DefaultItemExcludes)=";bin\Debug\/**;obj\Debug\/**;bin\/**;obj\/**;**/*.user;**/*.*proj;**/*.sln" (previous value: ";bin\Debug\/**;obj\Debug\/**;bin\/**;obj\/**;**/*.user;**/*.*proj") at C:\Program Files\dotnet\sdk\8.0.302\Sdks\Microsoft.NET.Sdk\targets\Microsoft.NET.Sdk.DefaultItems.targets (34,5)
       Property reassignment: $(ResolveAssemblyReferencesDependsOn)="
             
             
             ResolveProjectReferences;
             FindInvalidProjectReferences;
             GetFrameworkPaths;
             GetReferenceAssemblyPaths;
             PrepareForBuild;
             ResolveSDKReferences;
             ExpandSDKReferences;
           ;
             ResolvePackageDependenciesForBuild;
             _HandlePackageFileConflicts;
           ;
             ResolveTargetingPackAssets;
           " (previous value: "
             
             ResolveProjectReferences;
             FindInvalidProjectReferences;
             GetFrameworkPaths;
             GetReferenceAssemblyPaths;
             PrepareForBuild;
             ResolveSDKReferences;
             ExpandSDKReferences;
           ;
             ResolvePackageDependenciesForBuild;
             _HandlePackageFileConflicts;
           ") at C:\Program Files\dotnet\sdk\8.0.302\Sdks\Microsoft.NET.Sdk\targets\Microsoft.NET.Sdk.FrameworkReferenceResolution.targets (14,5)
       Property reassignment: $(DefaultItemExcludes)=";bin\Debug\/**;obj\Debug\/**;bin\/**;obj\/**;**/*.user;**/*.*proj;**/*.sln;**/*.vssscc" (previous value: ";bin\Debug\/**;obj\Debug\/**;bin\/**;obj\/**;**/*.user;**/*.*proj;**/*.sln") at C:\Program Files\dotnet\sdk\8.0.302\Sdks\Microsoft.NET.Sdk\targets\Microsoft.NET.Sdk.DefaultItems.targets (35,5)
       Property reassignment: $(DefaultItemExcludes)=";bin\Debug\/**;obj\Debug\/**;bin\/**;obj\/**;**/*.user;**/*.*proj" (previous value: ";bin\Debug\/**;obj\Debug\/**;bin\/**;obj\/**;**/*.user") at C:\Program Files\dotnet\sdk\8.0.302\Sdks\Microsoft.NET.Sdk\targets\Microsoft.NET.Sdk.DefaultItems.targets (33,5)
       Property reassignment: $(_GenerateRuntimeConfigurationPropertyInputsCache)="D:\Tito Pedraza\OneDrive\Proyectos\Codigo Fuente\repos\HumanCore\src\TalenHuman.Domain\obj\Debug\net8.0\TalenHuman.Domain.genruntimeconfig.cache" (previous value: "obj\Debug\net8.0\TalenHuman.Domain.genruntimeconfig.cache") at C:\Program Files\dotnet\sdk\8.0.302\Sdks\Microsoft.NET.Sdk\targets\Microsoft.NET.Sdk.targets (44,5)
       Property reassignment: $(DefaultItemExcludes)=";bin\Debug\/**;obj\Debug\/**;bin\/**;obj\/**;**/*.user;**/*.*proj;**/*.sln;**/*.vssscc;**/.DS_Store" (previous value: ";bin\Debug\/**;obj\Debug\/**;bin\/**;obj\/**;**/*.user;**/*.*proj;**/*.sln;**/*.vssscc") at C:\Program Files\dotnet\sdk\8.0.302\Sdks\Microsoft.NET.Sdk\targets\Microsoft.NET.Sdk.DefaultItems.targets (36,5)
       Property reassignment: $(DefaultItemExcludes)=";bin\Debug\/**;obj\Debug\/**;bin\/**;obj\/**;**/*.user;**/*.*proj;**/*.sln" (previous value: ";bin\Debug\/**;obj\Debug\/**;bin\/**;obj\/**;**/*.user;**/*.*proj") at C:\Program Files\dotnet\sdk\8.0.302\Sdks\Microsoft.NET.Sdk\targets\Microsoft.NET.Sdk.DefaultItems.targets (34,5)
       Property reassignment: $(_GeneratePublishDependencyFilePropertyInputsCache)="D:\Tito Pedraza\OneDrive\Proyectos\Codigo Fuente\repos\HumanCore\src\TalenHuman.Domain\obj\Debug\net8.0\TalenHuman.Domain.genpublishdeps.cache" (previous value: "obj\Debug\net8.0\TalenHuman.Domain.genpublishdeps.cache") at C:\Program Files\dotnet\sdk\8.0.302\Sdks\Microsoft.NET.Sdk\targets\Microsoft.NET.Sdk.targets (46,5)
       Property reassignment: $(DefaultItemExcludes)=";bin\Debug\/**;obj\Debug\/**;bin\/**;obj\/**;**/*.user;**/*.*proj;**/*.sln;**/*.vssscc" (previous value: ";bin\Debug\/**;obj\Debug\/**;bin\/**;obj\/**;**/*.user;**/*.*proj;**/*.sln") at C:\Program Files\dotnet\sdk\8.0.302\Sdks\Microsoft.NET.Sdk\targets\Microsoft.NET.Sdk.DefaultItems.targets (35,5)
       Property reassignment: $(ResolveAssemblyReferencesDependsOn)="
             
             
             ResolveProjectReferences;
             FindInvalidProjectReferences;
             GetFrameworkPaths;
             GetReferenceAssemblyPaths;
             PrepareForBuild;
             ResolveSDKReferences;
             ExpandSDKReferences;
           ;
             ResolvePackageDependenciesForBuild;
             _HandlePackageFileConflicts;
           ;
             ResolveTargetingPackAssets;
           " (previous value: "
             
             ResolveProjectReferences;
             FindInvalidProjectReferences;
             GetFrameworkPaths;
             GetReferenceAssemblyPaths;
             PrepareForBuild;
             ResolveSDKReferences;
             ExpandSDKReferences;
           ;
             ResolvePackageDependenciesForBuild;
             _HandlePackageFileConflicts;
           ") at C:\Program Files\dotnet\sdk\8.0.302\Sdks\Microsoft.NET.Sdk\targets\Microsoft.NET.Sdk.FrameworkReferenceResolution.targets (14,5)
       Property reassignment: $(_GenerateSingleFileBundlePropertyInputsCache)="D:\Tito Pedraza\OneDrive\Proyectos\Codigo Fuente\repos\HumanCore\src\TalenHuman.Domain\obj\Debug\net8.0\TalenHuman.Domain.genbundle.cache" (previous value: "obj\Debug\net8.0\TalenHuman.Domain.genbundle.cache") at C:\Program Files\dotnet\sdk\8.0.302\Sdks\Microsoft.NET.Sdk\targets\Microsoft.NET.Sdk.targets (48,5)
       Property reassignment: $(DefaultItemExcludes)=";bin\Debug\/**;obj\Debug\/**;bin\/**;obj\/**;**/*.user;**/*.*proj;**/*.sln;**/*.vssscc;**/.DS_Store" (previous value: ";bin\Debug\/**;obj\Debug\/**;bin\/**;obj\/**;**/*.user;**/*.*proj;**/*.sln;**/*.vssscc") at C:\Program Files\dotnet\sdk\8.0.302\Sdks\Microsoft.NET.Sdk\targets\Microsoft.NET.Sdk.DefaultItems.targets (36,5)
       Property reassignment: $(GenerateRuntimeConfigDevFile)="false" (previous value: "true") at C:\Program Files\dotnet\sdk\8.0.302\Sdks\Microsoft.NET.Sdk\targets\Microsoft.NET.Sdk.targets (81,5)
       Property reassignment: $(_GenerateRuntimeConfigurationPropertyInputsCache)="D:\Tito Pedraza\OneDrive\Proyectos\Codigo Fuente\repos\HumanCore\src\TalenHuman.Application\obj\Debug\net8.0\TalenHuman.Application.genruntimeconfig.cache" (previous value: "obj\Debug\net8.0\TalenHuman.Application.genruntimeconfig.cache") at C:\Program Files\dotnet\sdk\8.0.302\Sdks\Microsoft.NET.Sdk\targets\Microsoft.NET.Sdk.targets (44,5)
       Property reassignment: $(ResolveAssemblyReferencesDependsOn)="
             
             
             ResolveProjectReferences;
             FindInvalidProjectReferences;
             GetFrameworkPaths;
             GetReferenceAssemblyPaths;
             PrepareForBuild;
             ResolveSDKReferences;
             ExpandSDKReferences;
           ;
             ResolvePackageDependenciesForBuild;
             _HandlePackageFileConflicts;
           ;
             ResolveTargetingPackAssets;
           " (previous value: "
             
             ResolveProjectReferences;
             FindInvalidProjectReferences;
             GetFrameworkPaths;
             GetReferenceAssemblyPaths;
             PrepareForBuild;
             ResolveSDKReferences;
             ExpandSDKReferences;
           ;
             ResolvePackageDependenciesForBuild;
             _HandlePackageFileConflicts;
           ") at C:\Program Files\dotnet\sdk\8.0.302\Sdks\Microsoft.NET.Sdk\targets\Microsoft.NET.Sdk.FrameworkReferenceResolution.targets (14,5)
       Property 'USERPROFILE' with value 'C:\Users\messa' expanded from the environment.
       Property reassignment: $(_GeneratePublishDependencyFilePropertyInputsCache)="D:\Tito Pedraza\OneDrive\Proyectos\Codigo Fuente\repos\HumanCore\src\TalenHuman.Application\obj\Debug\net8.0\TalenHuman.Application.genpublishdeps.cache" (previous value: "obj\Debug\net8.0\TalenHuman.Application.genpublishdeps.cache") at C:\Program Files\dotnet\sdk\8.0.302\Sdks\Microsoft.NET.Sdk\targets\Microsoft.NET.Sdk.targets (46,5)
       Property reassignment: $(_GenerateRuntimeConfigurationPropertyInputsCache)="D:\Tito Pedraza\OneDrive\Proyectos\Codigo Fuente\repos\HumanCore\src\TalenHuman.Infrastructure\obj\Debug\net8.0\TalenHuman.Infrastructure.genruntimeconfig.cache" (previous value: "obj\Debug\net8.0\TalenHuman.Infrastructure.genruntimeconfig.cache") at C:\Program Files\dotnet\sdk\8.0.302\Sdks\Microsoft.NET.Sdk\targets\Microsoft.NET.Sdk.targets (44,5)
       Property reassignment: $(_GenerateSingleFileBundlePropertyInputsCache)="D:\Tito Pedraza\OneDrive\Proyectos\Codigo Fuente\repos\HumanCore\src\TalenHuman.Application\obj\Debug\net8.0\TalenHuman.Application.genbundle.cache" (previous value: "obj\Debug\net8.0\TalenHuman.Application.genbundle.cache") at C:\Program Files\dotnet\sdk\8.0.302\Sdks\Microsoft.NET.Sdk\targets\Microsoft.NET.Sdk.targets (48,5)
       Property reassignment: $(_DefaultUserProfileRuntimeStorePath)="C:\Users\messa" (previous value: "") at C:\Program Files\dotnet\sdk\8.0.302\Sdks\Microsoft.NET.Sdk\targets\Microsoft.NET.Sdk.targets (97,5)
       Property reassignment: $(GenerateRuntimeConfigDevFile)="false" (previous value: "true") at C:\Program Files\dotnet\sdk\8.0.302\Sdks\Microsoft.NET.Sdk\targets\Microsoft.NET.Sdk.targets (81,5)
       Property reassignment: $(_DefaultUserProfileRuntimeStorePath)="C:\Users\messa\.dotnet\store" (previous value: "C:\Users\messa") at C:\Program Files\dotnet\sdk\8.0.302\Sdks\Microsoft.NET.Sdk\targets\Microsoft.NET.Sdk.targets (98,5)
       Property reassignment: $(_GeneratePublishDependencyFilePropertyInputsCache)="D:\Tito Pedraza\OneDrive\Proyectos\Codigo Fuente\repos\HumanCore\src\TalenHuman.Infrastructure\obj\Debug\net8.0\TalenHuman.Infrastructure.genpublishdeps.cache" (previous value: "obj\Debug\net8.0\TalenHuman.Infrastructure.genpublishdeps.cache") at C:\Program Files\dotnet\sdk\8.0.302\Sdks\Microsoft.NET.Sdk\targets\Microsoft.NET.Sdk.targets (46,5)
       Property reassignment: $(AvailablePlatforms)="Any CPU,x86,x64,ARM32" (previous value: "Any CPU,x86,x64") at C:\Program Files\dotnet\sdk\8.0.302\Sdks\Microsoft.NET.Sdk\targets\Microsoft.NET.Sdk.targets (136,5)
       Property reassignment: $(_GenerateSingleFileBundlePropertyInputsCache)="D:\Tito Pedraza\OneDrive\Proyectos\Codigo Fuente\repos\HumanCore\src\TalenHuman.Infrastructure\obj\Debug\net8.0\TalenHuman.Infrastructure.genbundle.cache" (previous value: "obj\Debug\net8.0\TalenHuman.Infrastructure.genbundle.cache") at C:\Program Files\dotnet\sdk\8.0.302\Sdks\Microsoft.NET.Sdk\targets\Microsoft.NET.Sdk.targets (48,5)
       Property 'USERPROFILE' with value 'C:\Users\messa' expanded from the environment.
       Property reassignment: $(AvailablePlatforms)="Any CPU,x86,x64,ARM32,ARM64" (previous value: "Any CPU,x86,x64,ARM32") at C:\Program Files\dotnet\sdk\8.0.302\Sdks\Microsoft.NET.Sdk\targets\Microsoft.NET.Sdk.targets (140,5)
       Property reassignment: $(GenerateRuntimeConfigDevFile)="false" (previous value: "true") at C:\Program Files\dotnet\sdk\8.0.302\Sdks\Microsoft.NET.Sdk\targets\Microsoft.NET.Sdk.targets (81,5)
       Property reassignment: $(CoreBuildDependsOn)="
             _CheckForBuildWithNoBuild;
             
             BuildOnlySettings;
             PrepareForBuild;
             PreBuildEvent;
             ResolveReferences;
             PrepareResources;
             ResolveKeySource;
             Compile;
             ExportWindowsMDFile;
             UnmanagedUnregistration;
             GenerateSerializationAssemblies;
             CreateSatelliteAssemblies;
             GenerateManifests;
             GetTargetPath;
             PrepareForRun;
             UnmanagedRegistration;
             IncrementalClean;
             PostBuildEvent
           ;
             GenerateBuildDependencyFile;
             GenerateBuildRuntimeConfigurationFiles
           " (previous value: "
             BuildOnlySettings;
             PrepareForBuild;
             PreBuildEvent;
             ResolveReferences;
             PrepareResources;
             ResolveKeySource;
             Compile;
             ExportWindowsMDFile;
             UnmanagedUnregistration;
             GenerateSerializationAssemblies;
             CreateSatelliteAssemblies;
             GenerateManifests;
             GetTargetPath;
             PrepareForRun;
             UnmanagedRegistration;
             IncrementalClean;
             PostBuildEvent
           ") at C:\Program Files\dotnet\sdk\8.0.302\Sdks\Microsoft.NET.Sdk\targets\Microsoft.NET.Sdk.targets (197,5)
       Property reassignment: $(_DefaultUserProfileRuntimeStorePath)="C:\Users\messa" (previous value: "") at C:\Program Files\dotnet\sdk\8.0.302\Sdks\Microsoft.NET.Sdk\targets\Microsoft.NET.Sdk.targets (97,5)
       Property 'USERPROFILE' with value 'C:\Users\messa' expanded from the environment.
       Property reassignment: $(CoreCleanDependsOn)="
             _SdkBeforeClean;
             
           " (previous value: "") at C:\Program Files\dotnet\sdk\8.0.302\Sdks\Microsoft.NET.Sdk\targets\Microsoft.NET.Sdk.targets (206,5)
       Property reassignment: $(_DefaultUserProfileRuntimeStorePath)="C:\Users\messa\.dotnet\store" (previous value: "C:\Users\messa") at C:\Program Files\dotnet\sdk\8.0.302\Sdks\Microsoft.NET.Sdk\targets\Microsoft.NET.Sdk.targets (98,5)
       Property reassignment: $(_DefaultUserProfileRuntimeStorePath)="C:\Users\messa" (previous value: "") at C:\Program Files\dotnet\sdk\8.0.302\Sdks\Microsoft.NET.Sdk\targets\Microsoft.NET.Sdk.targets (97,5)
       Property reassignment: $(RebuildDependsOn)="
             _SdkBeforeRebuild;
             
             BeforeRebuild;
             Clean;
             Build;
             AfterRebuild;
           
           " (previous value: "
             BeforeRebuild;
             Clean;
             Build;
             AfterRebuild;
           ") at C:\Program Files\dotnet\sdk\8.0.302\Sdks\Microsoft.NET.Sdk\targets\Microsoft.NET.Sdk.targets (213,5)
       Property reassignment: $(AvailablePlatforms)="Any CPU,x86,x64,ARM32" (previous value: "Any CPU,x86,x64") at C:\Program Files\dotnet\sdk\8.0.302\Sdks\Microsoft.NET.Sdk\targets\Microsoft.NET.Sdk.targets (136,5)
       Property reassignment: $(CompileDependsOn)="
             
             ResolveReferences;
             ResolveKeySource;
             SetWin32ManifestProperties;
             FindReferenceAssembliesForReferences;
             _GenerateCompileInputs;
             BeforeCompile;
             _TimeStampBeforeCompile;
             _GenerateCompileDependencyCache;
             CoreCompile;
             _TimeStampAfterCompile;
             AfterCompile;
           ;
             _CreateAppHost;
             _CreateComHost;
             _GetIjwHostPaths;
           " (previous value: "
             ResolveReferences;
             ResolveKeySource;
             SetWin32ManifestProperties;
             FindReferenceAssembliesForReferences;
             _GenerateCompileInputs;
             BeforeCompile;
             _TimeStampBeforeCompile;
             _GenerateCompileDependencyCache;
             CoreCompile;
             _TimeStampAfterCompile;
             AfterCompile;
           ") at C:\Program Files\dotnet\sdk\8.0.302\Sdks\Microsoft.NET.Sdk\targets\Microsoft.NET.Sdk.targets (679,5)
       Property reassignment: $(_DefaultUserProfileRuntimeStorePath)="C:\Users\messa\.dotnet\store" (previous value: "C:\Users\messa") at C:\Program Files\dotnet\sdk\8.0.302\Sdks\Microsoft.NET.Sdk\targets\Microsoft.NET.Sdk.targets (98,5)
       Property reassignment: $(AvailablePlatforms)="Any CPU,x86,x64,ARM32,ARM64" (previous value: "Any CPU,x86,x64,ARM32") at C:\Program Files\dotnet\sdk\8.0.302\Sdks\Microsoft.NET.Sdk\targets\Microsoft.NET.Sdk.targets (140,5)
       Property reassignment: $(AvailablePlatforms)="Any CPU,x86,x64,ARM32" (previous value: "Any CPU,x86,x64") at C:\Program Files\dotnet\sdk\8.0.302\Sdks\Microsoft.NET.Sdk\targets\Microsoft.NET.Sdk.targets (136,5)
       Property reassignment: $(CreateSatelliteAssembliesDependsOn)="
             
             ;
             _GenerateSatelliteAssemblyInputs;
             ComputeIntermediateSatelliteAssemblies;
             GenerateSatelliteAssemblies
           ;
             CoreGenerateSatelliteAssemblies
           " (previous value: "
             ;
             _GenerateSatelliteAssemblyInputs;
             ComputeIntermediateSatelliteAssemblies;
             GenerateSatelliteAssemblies
           ") at C:\Program Files\dotnet\sdk\8.0.302\Sdks\Microsoft.NET.Sdk\targets\Microsoft.NET.Sdk.targets (1065,5)
       Property reassignment: $(CoreBuildDependsOn)="
             _CheckForBuildWithNoBuild;
             
             BuildOnlySettings;
             PrepareForBuild;
             PreBuildEvent;
             ResolveReferences;
             PrepareResources;
             ResolveKeySource;
             Compile;
             ExportWindowsMDFile;
             UnmanagedUnregistration;
             GenerateSerializationAssemblies;
             CreateSatelliteAssemblies;
             GenerateManifests;
             GetTargetPath;
             PrepareForRun;
             UnmanagedRegistration;
             IncrementalClean;
             PostBuildEvent
           ;
             GenerateBuildDependencyFile;
             GenerateBuildRuntimeConfigurationFiles
           " (previous value: "
             BuildOnlySettings;
             PrepareForBuild;
             PreBuildEvent;
             ResolveReferences;
             PrepareResources;
             ResolveKeySource;
             Compile;
             ExportWindowsMDFile;
             UnmanagedUnregistration;
             GenerateSerializationAssemblies;
             CreateSatelliteAssemblies;
             GenerateManifests;
             GetTargetPath;
             PrepareForRun;
             UnmanagedRegistration;
             IncrementalClean;
             PostBuildEvent
           ") at C:\Program Files\dotnet\sdk\8.0.302\Sdks\Microsoft.NET.Sdk\targets\Microsoft.NET.Sdk.targets (197,5)
       Property reassignment: $(AvailablePlatforms)="Any CPU,x86,x64,ARM32,ARM64" (previous value: "Any CPU,x86,x64,ARM32") at C:\Program Files\dotnet\sdk\8.0.302\Sdks\Microsoft.NET.Sdk\targets\Microsoft.NET.Sdk.targets (140,5)
       Property reassignment: $(SourceLinkUrlInitializerTargets)=";_InitializeGitHubSourceLinkUrl;_InitializeGitLabSourceLinkUrl" (previous value: ";_InitializeGitHubSourceLinkUrl") at C:\Program Files\dotnet\sdk\8.0.302\Sdks\Microsoft.SourceLink.GitLab\build\Microsoft.SourceLink.GitLab.targets (12,5)
       Property reassignment: $(CoreCleanDependsOn)="
             _SdkBeforeClean;
             
           " (previous value: "") at C:\Program Files\dotnet\sdk\8.0.302\Sdks\Microsoft.NET.Sdk\targets\Microsoft.NET.Sdk.targets (206,5)
       Property reassignment: $(CoreBuildDependsOn)="
             _CheckForBuildWithNoBuild;
             
             BuildOnlySettings;
             PrepareForBuild;
             PreBuildEvent;
             ResolveReferences;
             PrepareResources;
             ResolveKeySource;
             Compile;
             ExportWindowsMDFile;
             UnmanagedUnregistration;
             GenerateSerializationAssemblies;
             CreateSatelliteAssemblies;
             GenerateManifests;
             GetTargetPath;
             PrepareForRun;
             UnmanagedRegistration;
             IncrementalClean;
             PostBuildEvent
           ;
             GenerateBuildDependencyFile;
             GenerateBuildRuntimeConfigurationFiles
           " (previous value: "
             BuildOnlySettings;
             PrepareForBuild;
             PreBuildEvent;
             ResolveReferences;
             PrepareResources;
             ResolveKeySource;
             Compile;
             ExportWindowsMDFile;
             UnmanagedUnregistration;
             GenerateSerializationAssemblies;
             CreateSatelliteAssemblies;
             GenerateManifests;
             GetTargetPath;
             PrepareForRun;
             UnmanagedRegistration;
             IncrementalClean;
             PostBuildEvent
           ") at C:\Program Files\dotnet\sdk\8.0.302\Sdks\Microsoft.NET.Sdk\targets\Microsoft.NET.Sdk.targets (197,5)
       Property reassignment: $(SourceControlManagerUrlTranslationTargets)=";TranslateGitHubUrlsInSourceControlInformation;TranslateGitLabUrlsInSourceControlInformation" (previous value: ";TranslateGitHubUrlsInSourceControlInformation") at C:\Program Files\dotnet\sdk\8.0.302\Sdks\Microsoft.SourceLink.GitLab\build\Microsoft.SourceLink.GitLab.targets (13,5)
       Property reassignment: $(CoreCleanDependsOn)="
             _SdkBeforeClean;
             
           " (previous value: "") at C:\Program Files\dotnet\sdk\8.0.302\Sdks\Microsoft.NET.Sdk\targets\Microsoft.NET.Sdk.targets (206,5)
       Property reassignment: $(RebuildDependsOn)="
             _SdkBeforeRebuild;
             
             BeforeRebuild;
             Clean;
             Build;
             AfterRebuild;
           
           " (previous value: "
             BeforeRebuild;
             Clean;
             Build;
             AfterRebuild;
           ") at C:\Program Files\dotnet\sdk\8.0.302\Sdks\Microsoft.NET.Sdk\targets\Microsoft.NET.Sdk.targets (213,5)
       Property reassignment: $(SourceLinkUrlInitializerTargets)=";_InitializeGitHubSourceLinkUrl;_InitializeGitLabSourceLinkUrl;_InitializeAzureReposGitSourceLinkUrl" (previous value: ";_InitializeGitHubSourceLinkUrl;_InitializeGitLabSourceLinkUrl") at C:\Program Files\dotnet\sdk\8.0.302\Sdks\Microsoft.SourceLink.AzureRepos.Git\build\Microsoft.SourceLink.AzureRepos.Git.targets (12,5)
       Property reassignment: $(RebuildDependsOn)="
             _SdkBeforeRebuild;
             
             BeforeRebuild;
             Clean;
             Build;
             AfterRebuild;
           
           " (previous value: "
             BeforeRebuild;
             Clean;
             Build;
             AfterRebuild;
           ") at C:\Program Files\dotnet\sdk\8.0.302\Sdks\Microsoft.NET.Sdk\targets\Microsoft.NET.Sdk.targets (213,5)
       Property reassignment: $(CompileDependsOn)="
             
             ResolveReferences;
             ResolveKeySource;
             SetWin32ManifestProperties;
             FindReferenceAssembliesForReferences;
             _GenerateCompileInputs;
             BeforeCompile;
             _TimeStampBeforeCompile;
             _GenerateCompileDependencyCache;
             CoreCompile;
             _TimeStampAfterCompile;
             AfterCompile;
           ;
             _CreateAppHost;
             _CreateComHost;
             _GetIjwHostPaths;
           " (previous value: "
             ResolveReferences;
             ResolveKeySource;
             SetWin32ManifestProperties;
             FindReferenceAssembliesForReferences;
             _GenerateCompileInputs;
             BeforeCompile;
             _TimeStampBeforeCompile;
             _GenerateCompileDependencyCache;
             CoreCompile;
             _TimeStampAfterCompile;
             AfterCompile;
           ") at C:\Program Files\dotnet\sdk\8.0.302\Sdks\Microsoft.NET.Sdk\targets\Microsoft.NET.Sdk.targets (679,5)
       Property reassignment: $(CompileDependsOn)="
             
             ResolveReferences;
             ResolveKeySource;
             SetWin32ManifestProperties;
             FindReferenceAssembliesForReferences;
             _GenerateCompileInputs;
             BeforeCompile;
             _TimeStampBeforeCompile;
             _GenerateCompileDependencyCache;
             CoreCompile;
             _TimeStampAfterCompile;
             AfterCompile;
           ;
             _CreateAppHost;
             _CreateComHost;
             _GetIjwHostPaths;
           " (previous value: "
             ResolveReferences;
             ResolveKeySource;
             SetWin32ManifestProperties;
             FindReferenceAssembliesForReferences;
             _GenerateCompileInputs;
             BeforeCompile;
             _TimeStampBeforeCompile;
             _GenerateCompileDependencyCache;
             CoreCompile;
             _TimeStampAfterCompile;
             AfterCompile;
           ") at C:\Program Files\dotnet\sdk\8.0.302\Sdks\Microsoft.NET.Sdk\targets\Microsoft.NET.Sdk.targets (679,5)
       Property reassignment: $(SourceControlManagerUrlTranslationTargets)=";TranslateGitHubUrlsInSourceControlInformation;TranslateGitLabUrlsInSourceControlInformation;TranslateAzureReposGitUrlsInSourceControlInformation" (previous value: ";TranslateGitHubUrlsInSourceControlInformation;TranslateGitLabUrlsInSourceControlInformation") at C:\Program Files\dotnet\sdk\8.0.302\Sdks\Microsoft.SourceLink.AzureRepos.Git\build\Microsoft.SourceLink.AzureRepos.Git.targets (13,5)
       Property reassignment: $(CreateSatelliteAssembliesDependsOn)="
             
             ;
             _GenerateSatelliteAssemblyInputs;
             ComputeIntermediateSatelliteAssemblies;
             GenerateSatelliteAssemblies
           ;
             CoreGenerateSatelliteAssemblies
           " (previous value: "
             ;
             _GenerateSatelliteAssemblyInputs;
             ComputeIntermediateSatelliteAssemblies;
             GenerateSatelliteAssemblies
           ") at C:\Program Files\dotnet\sdk\8.0.302\Sdks\Microsoft.NET.Sdk\targets\Microsoft.NET.Sdk.targets (1065,5)
       Property reassignment: $(SourceLinkUrlInitializerTargets)=";_InitializeGitHubSourceLinkUrl;_InitializeGitLabSourceLinkUrl;_InitializeAzureReposGitSourceLinkUrl;_InitializeBitbucketGitSourceLinkUrl" (previous value: ";_InitializeGitHubSourceLinkUrl;_InitializeGitLabSourceLinkUrl;_InitializeAzureReposGitSourceLinkUrl") at C:\Program Files\dotnet\sdk\8.0.302\Sdks\Microsoft.SourceLink.Bitbucket.Git\build\Microsoft.SourceLink.Bitbucket.Git.targets (12,5)
       Property reassignment: $(SourceLinkUrlInitializerTargets)=";_InitializeGitHubSourceLinkUrl;_InitializeGitLabSourceLinkUrl" (previous value: ";_InitializeGitHubSourceLinkUrl") at C:\Program Files\dotnet\sdk\8.0.302\Sdks\Microsoft.SourceLink.GitLab\build\Microsoft.SourceLink.GitLab.targets (12,5)
       Property reassignment: $(SourceControlManagerUrlTranslationTargets)=";TranslateGitHubUrlsInSourceControlInformation;TranslateGitLabUrlsInSourceControlInformation;TranslateAzureReposGitUrlsInSourceControlInformation;TranslateBitbucketGitUrlsInSourceControlInformation" (previous value: ";TranslateGitHubUrlsInSourceControlInformation;TranslateGitLabUrlsInSourceControlInformation;TranslateAzureReposGitUrlsInSourceControlInformation") at C:\Program Files\dotnet\sdk\8.0.302\Sdks\Microsoft.SourceLink.Bitbucket.Git\build\Microsoft.SourceLink.Bitbucket.Git.targets (13,5)
       Property reassignment: $(CreateSatelliteAssembliesDependsOn)="
             
             ;
             _GenerateSatelliteAssemblyInputs;
             ComputeIntermediateSatelliteAssemblies;
             GenerateSatelliteAssemblies
           ;
             CoreGenerateSatelliteAssemblies
           " (previous value: "
             ;
             _GenerateSatelliteAssemblyInputs;
             ComputeIntermediateSatelliteAssemblies;
             GenerateSatelliteAssemblies
           ") at C:\Program Files\dotnet\sdk\8.0.302\Sdks\Microsoft.NET.Sdk\targets\Microsoft.NET.Sdk.targets (1065,5)
       Property reassignment: $(SourceControlManagerUrlTranslationTargets)=";TranslateGitHubUrlsInSourceControlInformation;TranslateGitLabUrlsInSourceControlInformation" (previous value: ";TranslateGitHubUrlsInSourceControlInformation") at C:\Program Files\dotnet\sdk\8.0.302\Sdks\Microsoft.SourceLink.GitLab\build\Microsoft.SourceLink.GitLab.targets (13,5)
       Property reassignment: $(DesignerRuntimeImplementationProjectOutputGroupDependsOn)="
             
             ;
             
             ;
             BuildOnlySettings;
             PrepareForBuild;
             AssignTargetPaths;
             ResolveReferences
           
           ;
             _GenerateDesignerDepsFile;
             _GenerateDesignerRuntimeConfigFile;
             GetCopyToOutputDirectoryItems;
             _GatherDesignerShadowCopyFiles;
           " (previous value: "
             ;
             
             ;
             BuildOnlySettings;
             PrepareForBuild;
             AssignTargetPaths;
             ResolveReferences
           
           ") at C:\Program Files\dotnet\sdk\8.0.302\Sdks\Microsoft.NET.Sdk\targets\Microsoft.NET.DesignerSupport.targets (21,5)
       Property reassignment: $(SourceLinkUrlInitializerTargets)=";_InitializeGitHubSourceLinkUrl;_InitializeGitLabSourceLinkUrl" (previous value: ";_InitializeGitHubSourceLinkUrl") at C:\Program Files\dotnet\sdk\8.0.302\Sdks\Microsoft.SourceLink.GitLab\build\Microsoft.SourceLink.GitLab.targets (12,5)
       Property reassignment: $(SourceLinkUrlInitializerTargets)=";_InitializeGitHubSourceLinkUrl;_InitializeGitLabSourceLinkUrl;_InitializeAzureReposGitSourceLinkUrl" (previous value: ";_InitializeGitHubSourceLinkUrl;_InitializeGitLabSourceLinkUrl") at C:\Program Files\dotnet\sdk\8.0.302\Sdks\Microsoft.SourceLink.AzureRepos.Git\build\Microsoft.SourceLink.AzureRepos.Git.targets (12,5)
       Property reassignment: $(_GenerateToolsSettingsFileCacheFile)="D:\Tito Pedraza\OneDrive\Proyectos\Codigo Fuente\repos\HumanCore\src\TalenHuman.Domain\obj\Debug\net8.0\TalenHuman.Domain.toolssettingsinput.cache" (previous value: "obj\Debug\net8.0\TalenHuman.Domain.toolssettingsinput.cache") at C:\Program Files\dotnet\sdk\8.0.302\Sdks\Microsoft.NET.Sdk\targets\Microsoft.NET.PackTool.targets (68,5)
       Property reassignment: $(SourceControlManagerUrlTranslationTargets)=";TranslateGitHubUrlsInSourceControlInformation;TranslateGitLabUrlsInSourceControlInformation" (previous value: ";TranslateGitHubUrlsInSourceControlInformation") at C:\Program Files\dotnet\sdk\8.0.302\Sdks\Microsoft.SourceLink.GitLab\build\Microsoft.SourceLink.GitLab.targets (13,5)
       Property reassignment: $(SourceControlManagerUrlTranslationTargets)=";TranslateGitHubUrlsInSourceControlInformation;TranslateGitLabUrlsInSourceControlInformation;TranslateAzureReposGitUrlsInSourceControlInformation" (previous value: ";TranslateGitHubUrlsInSourceControlInformation;TranslateGitLabUrlsInSourceControlInformation") at C:\Program Files\dotnet\sdk\8.0.302\Sdks\Microsoft.SourceLink.AzureRepos.Git\build\Microsoft.SourceLink.AzureRepos.Git.targets (13,5)
       Property reassignment: $(_ShimInputCacheFile)="D:\Tito Pedraza\OneDrive\Proyectos\Codigo Fuente\repos\HumanCore\src\TalenHuman.Domain\obj\Debug\net8.0\TalenHuman.Domain.shiminput.cache" (previous value: "obj\Debug\net8.0\TalenHuman.Domain.shiminput.cache") at C:\Program Files\dotnet\sdk\8.0.302\Sdks\Microsoft.NET.Sdk\targets\Microsoft.NET.PackTool.targets (137,5)
       Property reassignment: $(SourceLinkUrlInitializerTargets)=";_InitializeGitHubSourceLinkUrl;_InitializeGitLabSourceLinkUrl;_InitializeAzureReposGitSourceLinkUrl" (previous value: ";_InitializeGitHubSourceLinkUrl;_InitializeGitLabSourceLinkUrl") at C:\Program Files\dotnet\sdk\8.0.302\Sdks\Microsoft.SourceLink.AzureRepos.Git\build\Microsoft.SourceLink.AzureRepos.Git.targets (12,5)
       Property reassignment: $(SourceLinkUrlInitializerTargets)=";_InitializeGitHubSourceLinkUrl;_InitializeGitLabSourceLinkUrl;_InitializeAzureReposGitSourceLinkUrl;_InitializeBitbucketGitSourceLinkUrl" (previous value: ";_InitializeGitHubSourceLinkUrl;_InitializeGitLabSourceLinkUrl;_InitializeAzureReposGitSourceLinkUrl") at C:\Program Files\dotnet\sdk\8.0.302\Sdks\Microsoft.SourceLink.Bitbucket.Git\build\Microsoft.SourceLink.Bitbucket.Git.targets (12,5)
       Property reassignment: $(SourceControlManagerUrlTranslationTargets)=";TranslateGitHubUrlsInSourceControlInformation;TranslateGitLabUrlsInSourceControlInformation;TranslateAzureReposGitUrlsInSourceControlInformation" (previous value: ";TranslateGitHubUrlsInSourceControlInformation;TranslateGitLabUrlsInSourceControlInformation") at C:\Program Files\dotnet\sdk\8.0.302\Sdks\Microsoft.SourceLink.AzureRepos.Git\build\Microsoft.SourceLink.AzureRepos.Git.targets (13,5)
       Property reassignment: $(_ShimCreatedSentinelFile)="D:\Tito Pedraza\OneDrive\Proyectos\Codigo Fuente\repos\HumanCore\src\TalenHuman.Domain\obj\Debug\net8.0\TalenHuman.Domain.shimcreated.sentinel" (previous value: "obj\Debug\net8.0\TalenHuman.Domain.shimcreated.sentinel") at C:\Program Files\dotnet\sdk\8.0.302\Sdks\Microsoft.NET.Sdk\targets\Microsoft.NET.PackTool.targets (139,5)
       Property reassignment: $(SourceControlManagerUrlTranslationTargets)=";TranslateGitHubUrlsInSourceControlInformation;TranslateGitLabUrlsInSourceControlInformation;TranslateAzureReposGitUrlsInSourceControlInformation;TranslateBitbucketGitUrlsInSourceControlInformation" (previous value: ";TranslateGitHubUrlsInSourceControlInformation;TranslateGitLabUrlsInSourceControlInformation;TranslateAzureReposGitUrlsInSourceControlInformation") at C:\Program Files\dotnet\sdk\8.0.302\Sdks\Microsoft.SourceLink.Bitbucket.Git\build\Microsoft.SourceLink.Bitbucket.Git.targets (13,5)
       Property reassignment: $(SourceLinkUrlInitializerTargets)=";_InitializeGitHubSourceLinkUrl;_InitializeGitLabSourceLinkUrl;_InitializeAzureReposGitSourceLinkUrl;_InitializeBitbucketGitSourceLinkUrl" (previous value: ";_InitializeGitHubSourceLinkUrl;_InitializeGitLabSourceLinkUrl;_InitializeAzureReposGitSourceLinkUrl") at C:\Program Files\dotnet\sdk\8.0.302\Sdks\Microsoft.SourceLink.Bitbucket.Git\build\Microsoft.SourceLink.Bitbucket.Git.targets (12,5)
       Property reassignment: $(SourceControlManagerUrlTranslationTargets)=";TranslateGitHubUrlsInSourceControlInformation;TranslateGitLabUrlsInSourceControlInformation;TranslateAzureReposGitUrlsInSourceControlInformation;TranslateBitbucketGitUrlsInSourceControlInformation" (previous value: ";TranslateGitHubUrlsInSourceControlInformation;TranslateGitLabUrlsInSourceControlInformation;TranslateAzureReposGitUrlsInSourceControlInformation") at C:\Program Files\dotnet\sdk\8.0.302\Sdks\Microsoft.SourceLink.Bitbucket.Git\build\Microsoft.SourceLink.Bitbucket.Git.targets (13,5)
       Property reassignment: $(DefineConstants)="TRACE;DEBUG" (previous value: "TRACE") at C:\Program Files\dotnet\sdk\8.0.302\Sdks\Microsoft.NET.Sdk\targets\Microsoft.NET.Sdk.CSharp.targets (31,5)
       Property reassignment: $(DesignerRuntimeImplementationProjectOutputGroupDependsOn)="
             
             ;
             
             ;
             BuildOnlySettings;
             PrepareForBuild;
             AssignTargetPaths;
             ResolveReferences
           
           ;
             _GenerateDesignerDepsFile;
             _GenerateDesignerRuntimeConfigFile;
             GetCopyToOutputDirectoryItems;
             _GatherDesignerShadowCopyFiles;
           " (previous value: "
             ;
             
             ;
             BuildOnlySettings;
             PrepareForBuild;
             AssignTargetPaths;
             ResolveReferences
           
           ") at C:\Program Files\dotnet\sdk\8.0.302\Sdks\Microsoft.NET.Sdk\targets\Microsoft.NET.DesignerSupport.targets (21,5)
       Property reassignment: $(DesignerRuntimeImplementationProjectOutputGroupDependsOn)="
             
             ;
             
             ;
             BuildOnlySettings;
             PrepareForBuild;
             AssignTargetPaths;
             ResolveReferences
           
           ;
             _GenerateDesignerDepsFile;
             _GenerateDesignerRuntimeConfigFile;
             GetCopyToOutputDirectoryItems;
             _GatherDesignerShadowCopyFiles;
           " (previous value: "
             ;
             
             ;
             BuildOnlySettings;
             PrepareForBuild;
             AssignTargetPaths;
             ResolveReferences
           
           ") at C:\Program Files\dotnet\sdk\8.0.302\Sdks\Microsoft.NET.Sdk\targets\Microsoft.NET.DesignerSupport.targets (21,5)
       Property reassignment: $(DefineConstants)="TRACE;DEBUG;NET;NET8_0;NETCOREAPP" (previous value: "TRACE;DEBUG") at C:\Program Files\dotnet\sdk\8.0.302\Sdks\Microsoft.NET.Sdk\targets\Microsoft.NET.Sdk.CSharp.targets (34,5)
       Property reassignment: $(_GenerateToolsSettingsFileCacheFile)="D:\Tito Pedraza\OneDrive\Proyectos\Codigo Fuente\repos\HumanCore\src\TalenHuman.Infrastructure\obj\Debug\net8.0\TalenHuman.Infrastructure.toolssettingsinput.cache" (previous value: "obj\Debug\net8.0\TalenHuman.Infrastructure.toolssettingsinput.cache") at C:\Program Files\dotnet\sdk\8.0.302\Sdks\Microsoft.NET.Sdk\targets\Microsoft.NET.PackTool.targets (68,5)
       Property reassignment: $(WarningsAsErrors)=";NU1605;SYSLIB0011" (previous value: ";NU1605") at C:\Program Files\dotnet\sdk\8.0.302\Sdks\Microsoft.NET.Sdk\targets\Microsoft.NET.Sdk.CSharp.targets (48,5)
       Property reassignment: $(_GenerateToolsSettingsFileCacheFile)="D:\Tito Pedraza\OneDrive\Proyectos\Codigo Fuente\repos\HumanCore\src\TalenHuman.Application\obj\Debug\net8.0\TalenHuman.Application.toolssettingsinput.cache" (previous value: "obj\Debug\net8.0\TalenHuman.Application.toolssettingsinput.cache") at C:\Program Files\dotnet\sdk\8.0.302\Sdks\Microsoft.NET.Sdk\targets\Microsoft.NET.PackTool.targets (68,5)
       Property reassignment: $(_ShimInputCacheFile)="D:\Tito Pedraza\OneDrive\Proyectos\Codigo Fuente\repos\HumanCore\src\TalenHuman.Infrastructure\obj\Debug\net8.0\TalenHuman.Infrastructure.shiminput.cache" (previous value: "obj\Debug\net8.0\TalenHuman.Infrastructure.shiminput.cache") at C:\Program Files\dotnet\sdk\8.0.302\Sdks\Microsoft.NET.Sdk\targets\Microsoft.NET.PackTool.targets (137,5)
       Property reassignment: $(PackageDescription)="Package Description" (previous value: "") at C:\Program Files\dotnet\sdk\8.0.302\Sdks\NuGet.Build.Tasks.Pack\build\NuGet.Build.Tasks.Pack.targets (34,5)
       Property reassignment: $(_ShimInputCacheFile)="D:\Tito Pedraza\OneDrive\Proyectos\Codigo Fuente\repos\HumanCore\src\TalenHuman.Application\obj\Debug\net8.0\TalenHuman.Application.shiminput.cache" (previous value: "obj\Debug\net8.0\TalenHuman.Application.shiminput.cache") at C:\Program Files\dotnet\sdk\8.0.302\Sdks\Microsoft.NET.Sdk\targets\Microsoft.NET.PackTool.targets (137,5)
       Property reassignment: $(GenerateNuspecDependsOn)="Build;_LoadPackInputItems; _GetTargetFrameworksOutput; _WalkEachTargetPerFramework; _GetPackageFiles; " (previous value: "_LoadPackInputItems; _GetTargetFrameworksOutput; _WalkEachTargetPerFramework; _GetPackageFiles; ") at C:\Program Files\dotnet\sdk\8.0.302\Sdks\NuGet.Build.Tasks.Pack\build\NuGet.Build.Tasks.Pack.targets (59,5)
       Property reassignment: $(_ShimCreatedSentinelFile)="D:\Tito Pedraza\OneDrive\Proyectos\Codigo Fuente\repos\HumanCore\src\TalenHuman.Infrastructure\obj\Debug\net8.0\TalenHuman.Infrastructure.shimcreated.sentinel" (previous value: "obj\Debug\net8.0\TalenHuman.Infrastructure.shimcreated.sentinel") at C:\Program Files\dotnet\sdk\8.0.302\Sdks\Microsoft.NET.Sdk\targets\Microsoft.NET.PackTool.targets (139,5)
       Property reassignment: $(_ShimCreatedSentinelFile)="D:\Tito Pedraza\OneDrive\Proyectos\Codigo Fuente\repos\HumanCore\src\TalenHuman.Application\obj\Debug\net8.0\TalenHuman.Application.shimcreated.sentinel" (previous value: "obj\Debug\net8.0\TalenHuman.Application.shimcreated.sentinel") at C:\Program Files\dotnet\sdk\8.0.302\Sdks\Microsoft.NET.Sdk\targets\Microsoft.NET.PackTool.targets (139,5)
       Property reassignment: $(_IsSDKContainerAllowedVersion)="true" (previous value: "false") at C:\Program Files\dotnet\sdk\8.0.302\Containers\build\Microsoft.NET.Build.Containers.targets (5,5)
       Property reassignment: $(DefineConstants)="TRACE;DEBUG" (previous value: "TRACE") at C:\Program Files\dotnet\sdk\8.0.302\Sdks\Microsoft.NET.Sdk\targets\Microsoft.NET.Sdk.CSharp.targets (31,5)
       Property reassignment: $(DefineConstants)="TRACE;DEBUG" (previous value: "TRACE") at C:\Program Files\dotnet\sdk\8.0.302\Sdks\Microsoft.NET.Sdk\targets\Microsoft.NET.Sdk.CSharp.targets (31,5)
       Property reassignment: $(_ContainerIsTargetingNet8TFM)="true" (previous value: "false") at C:\Program Files\dotnet\sdk\8.0.302\Containers\build\Microsoft.NET.Build.Containers.targets (15,5)
       Property reassignment: $(DefineConstants)="TRACE;DEBUG;NET;NET8_0;NETCOREAPP" (previous value: "TRACE;DEBUG") at C:\Program Files\dotnet\sdk\8.0.302\Sdks\Microsoft.NET.Sdk\targets\Microsoft.NET.Sdk.CSharp.targets (34,5)
       Property reassignment: $(DefineConstants)="TRACE;DEBUG;NET;NET8_0;NETCOREAPP" (previous value: "TRACE;DEBUG") at C:\Program Files\dotnet\sdk\8.0.302\Sdks\Microsoft.NET.Sdk\targets\Microsoft.NET.Sdk.CSharp.targets (34,5)
       Property reassignment: $(WarningsAsErrors)=";NU1605;SYSLIB0011" (previous value: ";NU1605") at C:\Program Files\dotnet\sdk\8.0.302\Sdks\Microsoft.NET.Sdk\targets\Microsoft.NET.Sdk.CSharp.targets (48,5)
       Property reassignment: $(WarningsAsErrors)=";NU1605;SYSLIB0011" (previous value: ";NU1605") at C:\Program Files\dotnet\sdk\8.0.302\Sdks\Microsoft.NET.Sdk\targets\Microsoft.NET.Sdk.CSharp.targets (48,5)
       Property reassignment: $(PackageDescription)="Package Description" (previous value: "") at C:\Program Files\dotnet\sdk\8.0.302\Sdks\NuGet.Build.Tasks.Pack\build\NuGet.Build.Tasks.Pack.targets (34,5)
       Property reassignment: $(PackageDescription)="Package Description" (previous value: "") at C:\Program Files\dotnet\sdk\8.0.302\Sdks\NuGet.Build.Tasks.Pack\build\NuGet.Build.Tasks.Pack.targets (34,5)
       Property reassignment: $(GenerateNuspecDependsOn)="Build;_LoadPackInputItems; _GetTargetFrameworksOutput; _WalkEachTargetPerFramework; _GetPackageFiles; " (previous value: "_LoadPackInputItems; _GetTargetFrameworksOutput; _WalkEachTargetPerFramework; _GetPackageFiles; ") at C:\Program Files\dotnet\sdk\8.0.302\Sdks\NuGet.Build.Tasks.Pack\build\NuGet.Build.Tasks.Pack.targets (59,5)
       Property reassignment: $(GenerateNuspecDependsOn)="Build;_LoadPackInputItems; _GetTargetFrameworksOutput; _WalkEachTargetPerFramework; _GetPackageFiles; " (previous value: "_LoadPackInputItems; _GetTargetFrameworksOutput; _WalkEachTargetPerFramework; _GetPackageFiles; ") at C:\Program Files\dotnet\sdk\8.0.302\Sdks\NuGet.Build.Tasks.Pack\build\NuGet.Build.Tasks.Pack.targets (59,5)
       Property reassignment: $(_IsSDKContainerAllowedVersion)="true" (previous value: "false") at C:\Program Files\dotnet\sdk\8.0.302\Containers\build\Microsoft.NET.Build.Containers.targets (5,5)
       Property reassignment: $(_IsSDKContainerAllowedVersion)="true" (previous value: "false") at C:\Program Files\dotnet\sdk\8.0.302\Containers\build\Microsoft.NET.Build.Containers.targets (5,5)
       Property reassignment: $(_ContainerIsTargetingNet8TFM)="true" (previous value: "false") at C:\Program Files\dotnet\sdk\8.0.302\Containers\build\Microsoft.NET.Build.Containers.targets (15,5)
       Property reassignment: $(_ContainerIsTargetingNet8TFM)="true" (previous value: "false") at C:\Program Files\dotnet\sdk\8.0.302\Containers\build\Microsoft.NET.Build.Containers.targets (15,5)
       Overriding target "ResolveFrameworkReferences" in project "C:\Program Files\dotnet\sdk\8.0.302\Microsoft.Common.CurrentVersion.targets" with target "ResolveFrameworkReferences" from project "C:\Program Files\dotnet\sdk\8.0.302\Sdks\Microsoft.NET.Sdk\targets\Microsoft.NET.Sdk.FrameworkReferenceResolution.targets".
       Overriding target "Run" in project "C:\Program Files\dotnet\sdk\8.0.302\Microsoft.Common.CurrentVersion.targets" with target "Run" from project "C:\Program Files\dotnet\sdk\8.0.302\Sdks\Microsoft.NET.Sdk\targets\Microsoft.NET.Sdk.targets".
       Overriding target "GenerateSupportedTargetFrameworkAlias" in project "C:\Program Files\dotnet\sdk\8.0.302\Microsoft.Common.CurrentVersion.targets" with target "GenerateSupportedTargetFrameworkAlias" from project "C:\Program Files\dotnet\sdk\8.0.302\Sdks\Microsoft.NET.Sdk\targets\Microsoft.NET.Sdk.targets".
       Overriding target "GetReferenceAssemblyPaths" in project "C:\Program Files\dotnet\sdk\8.0.302\Microsoft.Common.CurrentVersion.targets" with target "GetReferenceAssemblyPaths" from project "C:\Program Files\dotnet\sdk\8.0.302\Sdks\Microsoft.NET.Sdk\targets\Microsoft.NET.DisableStandardFrameworkResolution.targets".
       Overriding target "GetFrameworkPaths" in project "C:\Program Files\dotnet\sdk\8.0.302\Microsoft.Common.CurrentVersion.targets" with target "GetFrameworkPaths" from project "C:\Program Files\dotnet\sdk\8.0.302\Sdks\Microsoft.NET.Sdk\targets\Microsoft.NET.DisableStandardFrameworkResolution.targets".
       Overriding target "DesignerRuntimeImplementationProjectOutputGroup" in project "C:\Program Files\dotnet\sdk\8.0.302\Microsoft.Common.CurrentVersion.targets" with target "DesignerRuntimeImplementationProjectOutputGroup" from project "C:\Program Files\dotnet\sdk\8.0.302\Sdks\Microsoft.NET.Sdk\targets\Microsoft.NET.DesignerSupport.targets".
       Overriding target "Publish" in project "C:\Program Files\dotnet\sdk\8.0.302\Microsoft.Common.CurrentVersion.targets" with target "Publish" from project "C:\Program Files\dotnet\sdk\8.0.302\Sdks\Microsoft.NET.Sdk\targets\Microsoft.NET.Publish.targets".
       Overriding target "ResolveReadyToRunCompilers" in project "C:\Program Files\dotnet\sdk\8.0.302\Sdks\Microsoft.NET.Sdk\targets\Microsoft.NET.CrossGen.targets" with target "ResolveReadyToRunCompilers" from project "C:\Program Files\dotnet\sdk\8.0.302\Sdks\Microsoft.NET.Sdk\targets\Microsoft.NET.Publish.targets".
       Overriding target "GetCopyToPublishDirectoryItems" in project "C:\Program Files\dotnet\sdk\8.0.302\Microsoft.Common.CurrentVersion.targets" with target "GetCopyToPublishDirectoryItems" from project "C:\Program Files\dotnet\sdk\8.0.302\Sdks\Microsoft.NET.Sdk\targets\Microsoft.NET.Publish.targets".
       Overriding target "ResolveFrameworkReferences" in project "C:\Program Files\dotnet\sdk\8.0.302\Microsoft.Common.CurrentVersion.targets" with target "ResolveFrameworkReferences" from project "C:\Program Files\dotnet\sdk\8.0.302\Sdks\Microsoft.NET.Sdk\targets\Microsoft.NET.Sdk.FrameworkReferenceResolution.targets".
       Overriding target "Run" in project "C:\Program Files\dotnet\sdk\8.0.302\Microsoft.Common.CurrentVersion.targets" with target "Run" from project "C:\Program Files\dotnet\sdk\8.0.302\Sdks\Microsoft.NET.Sdk\targets\Microsoft.NET.Sdk.targets".
       Overriding target "GenerateSupportedTargetFrameworkAlias" in project "C:\Program Files\dotnet\sdk\8.0.302\Microsoft.Common.CurrentVersion.targets" with target "GenerateSupportedTargetFrameworkAlias" from project "C:\Program Files\dotnet\sdk\8.0.302\Sdks\Microsoft.NET.Sdk\targets\Microsoft.NET.Sdk.targets".
       Overriding target "GetReferenceAssemblyPaths" in project "C:\Program Files\dotnet\sdk\8.0.302\Microsoft.Common.CurrentVersion.targets" with target "GetReferenceAssemblyPaths" from project "C:\Program Files\dotnet\sdk\8.0.302\Sdks\Microsoft.NET.Sdk\targets\Microsoft.NET.DisableStandardFrameworkResolution.targets".
       Overriding target "GetFrameworkPaths" in project "C:\Program Files\dotnet\sdk\8.0.302\Microsoft.Common.CurrentVersion.targets" with target "GetFrameworkPaths" from project "C:\Program Files\dotnet\sdk\8.0.302\Sdks\Microsoft.NET.Sdk\targets\Microsoft.NET.DisableStandardFrameworkResolution.targets".
       Overriding target "DesignerRuntimeImplementationProjectOutputGroup" in project "C:\Program Files\dotnet\sdk\8.0.302\Microsoft.Common.CurrentVersion.targets" with target "DesignerRuntimeImplementationProjectOutputGroup" from project "C:\Program Files\dotnet\sdk\8.0.302\Sdks\Microsoft.NET.Sdk\targets\Microsoft.NET.DesignerSupport.targets".
       Overriding target "Publish" in project "C:\Program Files\dotnet\sdk\8.0.302\Microsoft.Common.CurrentVersion.targets" with target "Publish" from project "C:\Program Files\dotnet\sdk\8.0.302\Sdks\Microsoft.NET.Sdk\targets\Microsoft.NET.Publish.targets".
       Overriding target "ResolveReadyToRunCompilers" in project "C:\Program Files\dotnet\sdk\8.0.302\Sdks\Microsoft.NET.Sdk\targets\Microsoft.NET.CrossGen.targets" with target "ResolveReadyToRunCompilers" from project "C:\Program Files\dotnet\sdk\8.0.302\Sdks\Microsoft.NET.Sdk\targets\Microsoft.NET.Publish.targets".
       Overriding target "GetCopyToPublishDirectoryItems" in project "C:\Program Files\dotnet\sdk\8.0.302\Microsoft.Common.CurrentVersion.targets" with target "GetCopyToPublishDirectoryItems" from project "C:\Program Files\dotnet\sdk\8.0.302\Sdks\Microsoft.NET.Sdk\targets\Microsoft.NET.Publish.targets".
       Overriding target "ResolveFrameworkReferences" in project "C:\Program Files\dotnet\sdk\8.0.302\Microsoft.Common.CurrentVersion.targets" with target "ResolveFrameworkReferences" from project "C:\Program Files\dotnet\sdk\8.0.302\Sdks\Microsoft.NET.Sdk\targets\Microsoft.NET.Sdk.FrameworkReferenceResolution.targets".
       Overriding target "Run" in project "C:\Program Files\dotnet\sdk\8.0.302\Microsoft.Common.CurrentVersion.targets" with target "Run" from project "C:\Program Files\dotnet\sdk\8.0.302\Sdks\Microsoft.NET.Sdk\targets\Microsoft.NET.Sdk.targets".
       Overriding target "GenerateSupportedTargetFrameworkAlias" in project "C:\Program Files\dotnet\sdk\8.0.302\Microsoft.Common.CurrentVersion.targets" with target "GenerateSupportedTargetFrameworkAlias" from project "C:\Program Files\dotnet\sdk\8.0.302\Sdks\Microsoft.NET.Sdk\targets\Microsoft.NET.Sdk.targets".
       Overriding target "GetReferenceAssemblyPaths" in project "C:\Program Files\dotnet\sdk\8.0.302\Microsoft.Common.CurrentVersion.targets" with target "GetReferenceAssemblyPaths" from project "C:\Program Files\dotnet\sdk\8.0.302\Sdks\Microsoft.NET.Sdk\targets\Microsoft.NET.DisableStandardFrameworkResolution.targets".
       Overriding target "GetFrameworkPaths" in project "C:\Program Files\dotnet\sdk\8.0.302\Microsoft.Common.CurrentVersion.targets" with target "GetFrameworkPaths" from project "C:\Program Files\dotnet\sdk\8.0.302\Sdks\Microsoft.NET.Sdk\targets\Microsoft.NET.DisableStandardFrameworkResolution.targets".
       Overriding target "DesignerRuntimeImplementationProjectOutputGroup" in project "C:\Program Files\dotnet\sdk\8.0.302\Microsoft.Common.CurrentVersion.targets" with target "DesignerRuntimeImplementationProjectOutputGroup" from project "C:\Program Files\dotnet\sdk\8.0.302\Sdks\Microsoft.NET.Sdk\targets\Microsoft.NET.DesignerSupport.targets".
       Overriding target "Publish" in project "C:\Program Files\dotnet\sdk\8.0.302\Microsoft.Common.CurrentVersion.targets" with target "Publish" from project "C:\Program Files\dotnet\sdk\8.0.302\Sdks\Microsoft.NET.Sdk\targets\Microsoft.NET.Publish.targets".
       Overriding target "ResolveReadyToRunCompilers" in project "C:\Program Files\dotnet\sdk\8.0.302\Sdks\Microsoft.NET.Sdk\targets\Microsoft.NET.CrossGen.targets" with target "ResolveReadyToRunCompilers" from project "C:\Program Files\dotnet\sdk\8.0.302\Sdks\Microsoft.NET.Sdk\targets\Microsoft.NET.Publish.targets".
     1>Project "D:\Tito Pedraza\OneDrive\Proyectos\Codigo Fuente\repos\HumanCore\src\TalenHuman.sln" (1) is building "D:\Tito Pedraza\OneDrive\Proyectos\Codigo Fuente\repos\HumanCore\src\TalenHuman.Domain\TalenHuman.Domain.csproj" (3) on node 2 (_IsProjectRestoreSupported target(s)).
     3>Target "_IsProjectRestoreSupported" in file "C:\Program Files\dotnet\sdk\8.0.302\NuGet.targets" from project "D:\Tito Pedraza\OneDrive\Proyectos\Codigo Fuente\repos\HumanCore\src\TalenHuman.Domain\TalenHuman.Domain.csproj" (entry point):
     3>Done building target "_IsProjectRestoreSupported" in project "TalenHuman.Domain.csproj".
     1>Project "D:\Tito Pedraza\OneDrive\Proyectos\Codigo Fuente\repos\HumanCore\src\TalenHuman.sln" (1) is building "D:\Tito Pedraza\OneDrive\Proyectos\Codigo Fuente\repos\HumanCore\src\TalenHuman.Application\TalenHuman.Application.csproj" (2) on node 4 (_IsProjectRestoreSupported target(s)).
     2>Target "_IsProjectRestoreSupported" in file "C:\Program Files\dotnet\sdk\8.0.302\NuGet.targets" from project "D:\Tito Pedraza\OneDrive\Proyectos\Codigo Fuente\repos\HumanCore\src\TalenHuman.Application\TalenHuman.Application.csproj" (entry point):
     2>Done building target "_IsProjectRestoreSupported" in project "TalenHuman.Application.csproj".
     3>Done Building Project "D:\Tito Pedraza\OneDrive\Proyectos\Codigo Fuente\repos\HumanCore\src\TalenHuman.Domain\TalenHuman.Domain.csproj" (_IsProjectRestoreSupported target(s)).
     2>Done Building Project "D:\Tito Pedraza\OneDrive\Proyectos\Codigo Fuente\repos\HumanCore\src\TalenHuman.Application\TalenHuman.Application.csproj" (_IsProjectRestoreSupported target(s)).
     0>Property reassignment: $(TargetsForTfmSpecificContentInPackage)=";PackTool;_PackProjectToolValidation" (previous value: ";PackTool") at C:\Program Files\dotnet\sdk\8.0.302\Sdks\Microsoft.NET.Sdk\targets\Microsoft.NET.PackProjectTool.props (15,5)
       Overriding target "GetCopyToPublishDirectoryItems" in project "C:\Program Files\dotnet\sdk\8.0.302\Microsoft.Common.CurrentVersion.targets" with target "GetCopyToPublishDirectoryItems" from project "C:\Program Files\dotnet\sdk\8.0.302\Sdks\Microsoft.NET.Sdk\targets\Microsoft.NET.Publish.targets".
       The SDK "Microsoft.NET.Sdk.Razor" was successfully resolved by the "DefaultSdkResolver" resolver to location "C:\Program Files\dotnet\sdk\8.0.302\Sdks\Microsoft.NET.Sdk.Razor\Sdk" and version "".
       The SDK "Microsoft.NET.Sdk.StaticWebAssets" was successfully resolved by the "DefaultSdkResolver" resolver to location "C:\Program Files\dotnet\sdk\8.0.302\Sdks\Microsoft.NET.Sdk.StaticWebAssets\Sdk" and version "".
     1>Project "D:\Tito Pedraza\OneDrive\Proyectos\Codigo Fuente\repos\HumanCore\src\TalenHuman.sln" (1) is building "D:\Tito Pedraza\OneDrive\Proyectos\Codigo Fuente\repos\HumanCore\src\TalenHuman.Infrastructure\TalenHuman.Infrastructure.csproj" (4) on node 3 (_IsProjectRestoreSupported target(s)).
     4>Target "_IsProjectRestoreSupported" in file "C:\Program Files\dotnet\sdk\8.0.302\NuGet.targets" from project "D:\Tito Pedraza\OneDrive\Proyectos\Codigo Fuente\repos\HumanCore\src\TalenHuman.Infrastructure\TalenHuman.Infrastructure.csproj" (entry point):
     4>Done building target "_IsProjectRestoreSupported" in project "TalenHuman.Infrastructure.csproj".
     4>Done Building Project "D:\Tito Pedraza\OneDrive\Proyectos\Codigo Fuente\repos\HumanCore\src\TalenHuman.Infrastructure\TalenHuman.Infrastructure.csproj" (_IsProjectRestoreSupported target(s)).
     0>Property reassignment: $(DefaultItemExcludes)=";**\node_modules\**;node_modules\**;**\jspm_packages\**;jspm_packages\**" (previous value: ";**\node_modules\**;node_modules\**") at C:\Program Files\dotnet\sdk\8.0.302\Sdks\Microsoft.NET.Sdk.StaticWebAssets\Sdk\Sdk.StaticWebAssets.StaticAssets.ProjectSystem.props (23,5)
       Property reassignment: $(DefaultItemExcludes)=";**\node_modules\**;node_modules\**;**\jspm_packages\**;jspm_packages\**;**\bower_components\**;bower_components\**" (previous value: ";**\node_modules\**;node_modules\**;**\jspm_packages\**;jspm_packages\**") at C:\Program Files\dotnet\sdk\8.0.302\Sdks\Microsoft.NET.Sdk.StaticWebAssets\Sdk\Sdk.StaticWebAssets.StaticAssets.ProjectSystem.props (24,5)
       The SDK "Microsoft.NET.Sdk.Web.ProjectSystem" was successfully resolved by the "DefaultSdkResolver" resolver to location "C:\Program Files\dotnet\sdk\8.0.302\Sdks\Microsoft.NET.Sdk.Web.ProjectSystem\Sdk" and version "".
       Property reassignment: $(OutputType)="Exe" (previous value: "Library") at C:\Program Files\dotnet\sdk\8.0.302\Sdks\Microsoft.NET.Sdk.Web.ProjectSystem\targets\Microsoft.NET.Sdk.Web.ProjectSystem.props (16,5)
       The SDK "Microsoft.NET.Sdk.Publish" was successfully resolved by the "DefaultSdkResolver" resolver to location "C:\Program Files\dotnet\sdk\8.0.302\Sdks\Microsoft.NET.Sdk.Publish\Sdk" and version "".
       Property reassignment: $(NoWarn)="1701;1702;NU1605" (previous value: "1701;1702") at D:\Tito Pedraza\OneDrive\Proyectos\Codigo Fuente\repos\HumanCore\src\TalenHuman.API\TalenHuman.API.csproj (7,5)
       The "Configuration" property is a global property, and cannot be modified.
       The "Platform" property is a global property, and cannot be modified.
       Property reassignment: $(PublishProfileImported)="false" (previous value: "true") at C:\Program Files\dotnet\sdk\8.0.302\Sdks\Microsoft.NET.Sdk\targets\Microsoft.NET.Sdk.ImportPublishProfile.targets (28,5)
       Property reassignment: $(TargetPlatformVersion)="" (previous value: "0.0") at C:\Program Files\dotnet\sdk\8.0.302\Sdks\Microsoft.NET.Sdk\targets\Microsoft.NET.TargetFrameworkInference.targets (69,5)
       Property reassignment: $(DefaultItemExcludes)=";**\node_modules\**;node_modules\**;**\jspm_packages\**;jspm_packages\**;**\bower_components\**;bower_components\**;bin\Debug\/**" (previous value: ";**\node_modules\**;node_modules\**;**\jspm_packages\**;jspm_packages\**;**\bower_components\**;bower_components\**") at C:\Program Files\dotnet\sdk\8.0.302\Sdks\Microsoft.NET.Sdk\targets\Microsoft.NET.DefaultOutputPaths.targets (121,5)
       Property reassignment: $(DefaultItemExcludes)=";**\node_modules\**;node_modules\**;**\jspm_packages\**;jspm_packages\**;**\bower_components\**;bower_components\**;bin\Debug\/**;obj\Debug\/**" (previous value: ";**\node_modules\**;node_modules\**;**\jspm_packages\**;jspm_packages\**;**\bower_components\**;bower_components\**;bin\Debug\/**") at C:\Program Files\dotnet\sdk\8.0.302\Sdks\Microsoft.NET.Sdk\targets\Microsoft.NET.DefaultOutputPaths.targets (122,5)
       Property reassignment: $(OutputPath)="bin\Debug\net8.0\" (previous value: "bin\Debug\") at C:\Program Files\dotnet\sdk\8.0.302\Sdks\Microsoft.NET.Sdk\targets\Microsoft.NET.DefaultOutputPaths.targets (137,5)
       Property reassignment: $(IntermediateOutputPath)="obj\Debug\net8.0\" (previous value: "obj\Debug\") at C:\Program Files\dotnet\sdk\8.0.302\Sdks\Microsoft.NET.Sdk\targets\Microsoft.NET.DefaultOutputPaths.targets (142,5)
       Property reassignment: $(_FrameworkIdentifierForImplicitDefine)="NET" (previous value: "NETCOREAPP") at C:\Program Files\dotnet\sdk\8.0.302\Sdks\Microsoft.NET.Sdk\targets\Microsoft.NET.Sdk.BeforeCommon.targets (187,5)
       Property reassignment: $(_FrameworkVersionForImplicitDefine)="8_0" (previous value: "8.0") at C:\Program Files\dotnet\sdk\8.0.302\Sdks\Microsoft.NET.Sdk\targets\Microsoft.NET.Sdk.BeforeCommon.targets (192,5)
       Property reassignment: $(CommandLineArgsForDesignTimeEvaluation)="-langversion:12.0 -define:TRACE" (previous value: "-langversion:12.0") at C:\Program Files\dotnet\sdk\8.0.302\Roslyn\Microsoft.CSharp.Core.targets (200,5)
       The "Platform" property is a global property, and cannot be modified.
       The "Configuration" property is a global property, and cannot be modified.
       Property reassignment: $(_DebugSymbolsProduced)="true" (previous value: "false") at C:\Program Files\dotnet\sdk\8.0.302\Microsoft.Common.CurrentVersion.targets (175,5)
       Property reassignment: $(_DocumentationFileProduced)="false" (previous value: "true") at C:\Program Files\dotnet\sdk\8.0.302\Microsoft.Common.CurrentVersion.targets (185,5)
       The "SolutionName" property is a global property, and cannot be modified.
       The "SolutionFileName" property is a global property, and cannot be modified.
       The "SolutionPath" property is a global property, and cannot be modified.
       The "SolutionDir" property is a global property, and cannot be modified.
       The "SolutionExt" property is a global property, and cannot be modified.
       Property reassignment: $(MSBuildCopyMarkerName)="TalenHum.D65BFE35" (previous value: "TalenHuman.API.csproj") at C:\Program Files\dotnet\sdk\8.0.302\Microsoft.Common.CurrentVersion.targets (392,5)
       Property reassignment: $(MSBuildCopyMarkerName)="TalenHum.D65BFE35.Up2Date" (previous value: "TalenHum.D65BFE35") at C:\Program Files\dotnet\sdk\8.0.302\Microsoft.Common.CurrentVersion.targets (393,5)
       Property reassignment: $(ProcessorArchitecture)="msil" (previous value: "") at C:\Program Files\dotnet\sdk\8.0.302\Microsoft.Common.CurrentVersion.targets (536,5)
       Property reassignment: $(DelaySign)="" (previous value: "false") at C:\Program Files\dotnet\sdk\8.0.302\Microsoft.Common.CurrentVersion.targets (575,5)
       Property 'LOCALAPPDATA' with value 'C:\Users\messa\AppData\Local' expanded from the environment.
       Property reassignment: $(_SGenGenerateSerializationAssembliesConfig)="Auto" (previous value: "") at C:\Program Files\dotnet\sdk\8.0.302\Microsoft.Common.CurrentVersion.targets (3880,5)
       Property reassignment: $(_SGenGenerateSerializationAssembliesConfig)="Off" (previous value: "Auto") at C:\Program Files\dotnet\sdk\8.0.302\Microsoft.Common.CurrentVersion.targets (3881,5)
       Property reassignment: $(_TargetsThatPrepareProjectReferences)="
             AssignProjectConfiguration;
             _SplitProjectReferencesByFileExistence
           " (previous value: "_SplitProjectReferencesByFileExistence") at C:\Program Files\dotnet\sdk\8.0.302\Microsoft.Common.CurrentVersion.targets (5048,5)
       Property 'MSBuildExtensionsPath32' with value 'C:\Program Files\dotnet\sdk\8.0.302' expanded from the environment.
       The "_RestoreSolutionFileUsed" property is a global property, and cannot be modified.
       Property reassignment: $(_GenerateRestoreGraphProjectEntryInputProperties)="
             ExcludeRestorePackageImports=true;
             _RestoreSolutionFileUsed=true;
             SolutionDir=D:\Tito Pedraza\OneDrive\Proyectos\Codigo Fuente\repos\HumanCore\src\;
             SolutionName=TalenHuman;
             SolutionFileName=TalenHuman.sln;
             SolutionPath=D:\Tito Pedraza\OneDrive\Proyectos\Codigo Fuente\repos\HumanCore\src\TalenHuman.sln;
             SolutionExt=.sln;
           " (previous value: "ExcludeRestorePackageImports=true") at C:\Program Files\dotnet\sdk\8.0.302\NuGet.targets (97,5)
       Property reassignment: $(ProjectAssetsFile)="D:\Tito Pedraza\OneDrive\Proyectos\Codigo Fuente\repos\HumanCore\src\TalenHuman.API\obj\project.assets.json" (previous value: "D:\Tito Pedraza\OneDrive\Proyectos\Codigo Fuente\repos\HumanCore\src\TalenHuman.API\obj\/project.assets.json") at C:\Program Files\dotnet\sdk\8.0.302\Sdks\Microsoft.NET.Sdk\targets\Microsoft.PackageDependencyResolution.targets (24,5)
       Property reassignment: $(ProjectAssetsCacheFile)="D:\Tito Pedraza\OneDrive\Proyectos\Codigo Fuente\repos\HumanCore\src\TalenHuman.API\obj\Debug\net8.0\TalenHuman.API.assets.cache" (previous value: "obj\Debug\net8.0\TalenHuman.API.assets.cache") at C:\Program Files\dotnet\sdk\8.0.302\Sdks\Microsoft.NET.Sdk\targets\Microsoft.PackageDependencyResolution.targets (29,5)
       Property reassignment: $(ResolveAssemblyReferencesDependsOn)="
             
             ResolveProjectReferences;
             FindInvalidProjectReferences;
             GetFrameworkPaths;
             GetReferenceAssemblyPaths;
             PrepareForBuild;
             ResolveSDKReferences;
             ExpandSDKReferences;
           ;
             ResolvePackageDependenciesForBuild;
             _HandlePackageFileConflicts;
           " (previous value: "
             ResolveProjectReferences;
             FindInvalidProjectReferences;
             GetFrameworkPaths;
             GetReferenceAssemblyPaths;
             PrepareForBuild;
             ResolveSDKReferences;
             ExpandSDKReferences;
           ") at C:\Program Files\dotnet\sdk\8.0.302\Sdks\Microsoft.NET.Sdk\targets\Microsoft.PackageDependencyResolution.targets (80,5)
       Property reassignment: $(PrepareResourcesDependsOn)="
             ResolvePackageDependenciesForBuild;
             _HandlePackageFileConflicts;
             
             ;
             PrepareResourceNames;
             ResGen;
             CompileLicxFiles
           
           " (previous value: "
             ;
             PrepareResourceNames;
             ResGen;
             CompileLicxFiles
           ") at C:\Program Files\dotnet\sdk\8.0.302\Sdks\Microsoft.NET.Sdk\targets\Microsoft.PackageDependencyResolution.targets (86,5)
       Property reassignment: $(DefaultItemExcludes)=";**\node_modules\**;node_modules\**;**\jspm_packages\**;jspm_packages\**;**\bower_components\**;bower_components\**;bin\Debug\/**;obj\Debug\/**;bin\/**" (previous value: ";**\node_modules\**;node_modules\**;**\jspm_packages\**;jspm_packages\**;**\bower_components\**;bower_components\**;bin\Debug\/**;obj\Debug\/**") at C:\Program Files\dotnet\sdk\8.0.302\Sdks\Microsoft.NET.Sdk\targets\Microsoft.NET.Sdk.DefaultItems.targets (27,5)
       Property reassignment: $(DefaultItemExcludes)=";**\node_modules\**;node_modules\**;**\jspm_packages\**;jspm_packages\**;**\bower_components\**;bower_components\**;bin\Debug\/**;obj\Debug\/**;bin\/**;obj\/**" (previous value: ";**\node_modules\**;node_modules\**;**\jspm_packages\**;jspm_packages\**;**\bower_components\**;bower_components\**;bin\Debug\/**;obj\Debug\/**;bin\/**") at C:\Program Files\dotnet\sdk\8.0.302\Sdks\Microsoft.NET.Sdk\targets\Microsoft.NET.Sdk.DefaultItems.targets (29,5)
       Property reassignment: $(DefaultItemExcludes)=";**\node_modules\**;node_modules\**;**\jspm_packages\**;jspm_packages\**;**\bower_components\**;bower_components\**;bin\Debug\/**;obj\Debug\/**;bin\/**;obj\/**;**/*.user" (previous value: ";**\node_modules\**;node_modules\**;**\jspm_packages\**;jspm_packages\**;**\bower_components\**;bower_components\**;bin\Debug\/**;obj\Debug\/**;bin\/**;obj\/**") at C:\Program Files\dotnet\sdk\8.0.302\Sdks\Microsoft.NET.Sdk\targets\Microsoft.NET.Sdk.DefaultItems.targets (32,5)
       Property reassignment: $(DefaultItemExcludes)=";**\node_modules\**;node_modules\**;**\jspm_packages\**;jspm_packages\**;**\bower_components\**;bower_components\**;bin\Debug\/**;obj\Debug\/**;bin\/**;obj\/**;**/*.user;**/*.*proj" (previous value: ";**\node_modules\**;node_modules\**;**\jspm_packages\**;jspm_packages\**;**\bower_components\**;bower_components\**;bin\Debug\/**;obj\Debug\/**;bin\/**;obj\/**;**/*.user") at C:\Program Files\dotnet\sdk\8.0.302\Sdks\Microsoft.NET.Sdk\targets\Microsoft.NET.Sdk.DefaultItems.targets (33,5)
       Property reassignment: $(DefaultItemExcludes)=";**\node_modules\**;node_modules\**;**\jspm_packages\**;jspm_packages\**;**\bower_components\**;bower_components\**;bin\Debug\/**;obj\Debug\/**;bin\/**;obj\/**;**/*.user;**/*.*proj;**/*.sln" (previous value: ";**\node_modules\**;node_modules\**;**\jspm_packages\**;jspm_packages\**;**\bower_components\**;bower_components\**;bin\Debug\/**;obj\Debug\/**;bin\/**;obj\/**;**/*.user;**/*.*proj") at C:\Program Files\dotnet\sdk\8.0.302\Sdks\Microsoft.NET.Sdk\targets\Microsoft.NET.Sdk.DefaultItems.targets (34,5)
       Property reassignment: $(DefaultItemExcludes)=";**\node_modules\**;node_modules\**;**\jspm_packages\**;jspm_packages\**;**\bower_components\**;bower_components\**;bin\Debug\/**;obj\Debug\/**;bin\/**;obj\/**;**/*.user;**/*.*proj;**/*.sln;**/*.vssscc" (previous value: ";**\node_modules\**;node_modules\**;**\jspm_packages\**;jspm_packages\**;**\bower_components\**;bower_components\**;bin\Debug\/**;obj\Debug\/**;bin\/**;obj\/**;**/*.user;**/*.*proj;**/*.sln") at C:\Program Files\dotnet\sdk\8.0.302\Sdks\Microsoft.NET.Sdk\targets\Microsoft.NET.Sdk.DefaultItems.targets (35,5)
       Property reassignment: $(DefaultItemExcludes)=";**\node_modules\**;node_modules\**;**\jspm_packages\**;jspm_packages\**;**\bower_components\**;bower_components\**;bin\Debug\/**;obj\Debug\/**;bin\/**;obj\/**;**/*.user;**/*.*proj;**/*.sln;**/*.vssscc;**/.DS_Store" (previous value: ";**\node_modules\**;node_modules\**;**\jspm_packages\**;jspm_packages\**;**\bower_components\**;bower_components\**;bin\Debug\/**;obj\Debug\/**;bin\/**;obj\/**;**/*.user;**/*.*proj;**/*.sln;**/*.vssscc") at C:\Program Files\dotnet\sdk\8.0.302\Sdks\Microsoft.NET.Sdk\targets\Microsoft.NET.Sdk.DefaultItems.targets (36,5)
       Property reassignment: $(ResolveAssemblyReferencesDependsOn)="
             
             
             ResolveProjectReferences;
             FindInvalidProjectReferences;
             GetFrameworkPaths;
             GetReferenceAssemblyPaths;
             PrepareForBuild;
             ResolveSDKReferences;
             ExpandSDKReferences;
           ;
             ResolvePackageDependenciesForBuild;
             _HandlePackageFileConflicts;
           ;
             ResolveTargetingPackAssets;
           " (previous value: "
             
             ResolveProjectReferences;
             FindInvalidProjectReferences;
             GetFrameworkPaths;
             GetReferenceAssemblyPaths;
             PrepareForBuild;
             ResolveSDKReferences;
             ExpandSDKReferences;
           ;
             ResolvePackageDependenciesForBuild;
             _HandlePackageFileConflicts;
           ") at C:\Program Files\dotnet\sdk\8.0.302\Sdks\Microsoft.NET.Sdk\targets\Microsoft.NET.Sdk.FrameworkReferenceResolution.targets (14,5)
       Property reassignment: $(_GenerateRuntimeConfigurationPropertyInputsCache)="D:\Tito Pedraza\OneDrive\Proyectos\Codigo Fuente\repos\HumanCore\src\TalenHuman.API\obj\Debug\net8.0\TalenHuman.API.genruntimeconfig.cache" (previous value: "obj\Debug\net8.0\TalenHuman.API.genruntimeconfig.cache") at C:\Program Files\dotnet\sdk\8.0.302\Sdks\Microsoft.NET.Sdk\targets\Microsoft.NET.Sdk.targets (44,5)
       Property reassignment: $(_GeneratePublishDependencyFilePropertyInputsCache)="D:\Tito Pedraza\OneDrive\Proyectos\Codigo Fuente\repos\HumanCore\src\TalenHuman.API\obj\Debug\net8.0\TalenHuman.API.genpublishdeps.cache" (previous value: "obj\Debug\net8.0\TalenHuman.API.genpublishdeps.cache") at C:\Program Files\dotnet\sdk\8.0.302\Sdks\Microsoft.NET.Sdk\targets\Microsoft.NET.Sdk.targets (46,5)
       Property reassignment: $(_GenerateSingleFileBundlePropertyInputsCache)="D:\Tito Pedraza\OneDrive\Proyectos\Codigo Fuente\repos\HumanCore\src\TalenHuman.API\obj\Debug\net8.0\TalenHuman.API.genbundle.cache" (previous value: "obj\Debug\net8.0\TalenHuman.API.genbundle.cache") at C:\Program Files\dotnet\sdk\8.0.302\Sdks\Microsoft.NET.Sdk\targets\Microsoft.NET.Sdk.targets (48,5)
       Property reassignment: $(GenerateRuntimeConfigDevFile)="false" (previous value: "true") at C:\Program Files\dotnet\sdk\8.0.302\Sdks\Microsoft.NET.Sdk\targets\Microsoft.NET.Sdk.targets (81,5)
       Property 'USERPROFILE' with value 'C:\Users\messa' expanded from the environment.
       Property reassignment: $(_DefaultUserProfileRuntimeStorePath)="C:\Users\messa" (previous value: "") at C:\Program Files\dotnet\sdk\8.0.302\Sdks\Microsoft.NET.Sdk\targets\Microsoft.NET.Sdk.targets (97,5)
       Property reassignment: $(_DefaultUserProfileRuntimeStorePath)="C:\Users\messa\.dotnet\store" (previous value: "C:\Users\messa") at C:\Program Files\dotnet\sdk\8.0.302\Sdks\Microsoft.NET.Sdk\targets\Microsoft.NET.Sdk.targets (98,5)
       Property reassignment: $(AvailablePlatforms)="Any CPU,x86,x64,ARM32" (previous value: "Any CPU,x86,x64") at C:\Program Files\dotnet\sdk\8.0.302\Sdks\Microsoft.NET.Sdk\targets\Microsoft.NET.Sdk.targets (136,5)
       Property reassignment: $(AvailablePlatforms)="Any CPU,x86,x64,ARM32,ARM64" (previous value: "Any CPU,x86,x64,ARM32") at C:\Program Files\dotnet\sdk\8.0.302\Sdks\Microsoft.NET.Sdk\targets\Microsoft.NET.Sdk.targets (140,5)
       Property reassignment: $(CoreBuildDependsOn)="
             _CheckForBuildWithNoBuild;
             
             BuildOnlySettings;
             PrepareForBuild;
             PreBuildEvent;
             ResolveReferences;
             PrepareResources;
             ResolveKeySource;
             Compile;
             ExportWindowsMDFile;
             UnmanagedUnregistration;
             GenerateSerializationAssemblies;
             CreateSatelliteAssemblies;
             GenerateManifests;
             GetTargetPath;
             PrepareForRun;
             UnmanagedRegistration;
             IncrementalClean;
             PostBuildEvent
           ;
             GenerateBuildDependencyFile;
             GenerateBuildRuntimeConfigurationFiles
           " (previous value: "
             BuildOnlySettings;
             PrepareForBuild;
             PreBuildEvent;
             ResolveReferences;
             PrepareResources;
             ResolveKeySource;
             Compile;
             ExportWindowsMDFile;
             UnmanagedUnregistration;
             GenerateSerializationAssemblies;
             CreateSatelliteAssemblies;
             GenerateManifests;
             GetTargetPath;
             PrepareForRun;
             UnmanagedRegistration;
             IncrementalClean;
             PostBuildEvent
           ") at C:\Program Files\dotnet\sdk\8.0.302\Sdks\Microsoft.NET.Sdk\targets\Microsoft.NET.Sdk.targets (197,5)
       Property reassignment: $(CoreCleanDependsOn)="
             _SdkBeforeClean;
             
           " (previous value: "") at C:\Program Files\dotnet\sdk\8.0.302\Sdks\Microsoft.NET.Sdk\targets\Microsoft.NET.Sdk.targets (206,5)
       Property reassignment: $(RebuildDependsOn)="
             _SdkBeforeRebuild;
             
             BeforeRebuild;
             Clean;
             Build;
             AfterRebuild;
           
           " (previous value: "
             BeforeRebuild;
             Clean;
             Build;
             AfterRebuild;
           ") at C:\Program Files\dotnet\sdk\8.0.302\Sdks\Microsoft.NET.Sdk\targets\Microsoft.NET.Sdk.targets (213,5)
       Property reassignment: $(CompileDependsOn)="
             
             ResolveReferences;
             ResolveKeySource;
             SetWin32ManifestProperties;
             FindReferenceAssembliesForReferences;
             _GenerateCompileInputs;
             BeforeCompile;
             _TimeStampBeforeCompile;
             _GenerateCompileDependencyCache;
             CoreCompile;
             _TimeStampAfterCompile;
             AfterCompile;
           ;
             _CreateAppHost;
             _CreateComHost;
             _GetIjwHostPaths;
           " (previous value: "
             ResolveReferences;
             ResolveKeySource;
             SetWin32ManifestProperties;
             FindReferenceAssembliesForReferences;
             _GenerateCompileInputs;
             BeforeCompile;
             _TimeStampBeforeCompile;
             _GenerateCompileDependencyCache;
             CoreCompile;
             _TimeStampAfterCompile;
             AfterCompile;
           ") at C:\Program Files\dotnet\sdk\8.0.302\Sdks\Microsoft.NET.Sdk\targets\Microsoft.NET.Sdk.targets (679,5)
       Property reassignment: $(CreateSatelliteAssembliesDependsOn)="
             
             ;
             _GenerateSatelliteAssemblyInputs;
             ComputeIntermediateSatelliteAssemblies;
             GenerateSatelliteAssemblies
           ;
             CoreGenerateSatelliteAssemblies
           " (previous value: "
             ;
             _GenerateSatelliteAssemblyInputs;
             ComputeIntermediateSatelliteAssemblies;
             GenerateSatelliteAssemblies
           ") at C:\Program Files\dotnet\sdk\8.0.302\Sdks\Microsoft.NET.Sdk\targets\Microsoft.NET.Sdk.targets (1065,5)
       Property reassignment: $(SourceLinkUrlInitializerTargets)=";_InitializeGitHubSourceLinkUrl;_InitializeGitLabSourceLinkUrl" (previous value: ";_InitializeGitHubSourceLinkUrl") at C:\Program Files\dotnet\sdk\8.0.302\Sdks\Microsoft.SourceLink.GitLab\build\Microsoft.SourceLink.GitLab.targets (12,5)
       Property reassignment: $(SourceControlManagerUrlTranslationTargets)=";TranslateGitHubUrlsInSourceControlInformation;TranslateGitLabUrlsInSourceControlInformation" (previous value: ";TranslateGitHubUrlsInSourceControlInformation") at C:\Program Files\dotnet\sdk\8.0.302\Sdks\Microsoft.SourceLink.GitLab\build\Microsoft.SourceLink.GitLab.targets (13,5)
       Property reassignment: $(SourceLinkUrlInitializerTargets)=";_InitializeGitHubSourceLinkUrl;_InitializeGitLabSourceLinkUrl;_InitializeAzureReposGitSourceLinkUrl" (previous value: ";_InitializeGitHubSourceLinkUrl;_InitializeGitLabSourceLinkUrl") at C:\Program Files\dotnet\sdk\8.0.302\Sdks\Microsoft.SourceLink.AzureRepos.Git\build\Microsoft.SourceLink.AzureRepos.Git.targets (12,5)
       Property reassignment: $(SourceControlManagerUrlTranslationTargets)=";TranslateGitHubUrlsInSourceControlInformation;TranslateGitLabUrlsInSourceControlInformation;TranslateAzureReposGitUrlsInSourceControlInformation" (previous value: ";TranslateGitHubUrlsInSourceControlInformation;TranslateGitLabUrlsInSourceControlInformation") at C:\Program Files\dotnet\sdk\8.0.302\Sdks\Microsoft.SourceLink.AzureRepos.Git\build\Microsoft.SourceLink.AzureRepos.Git.targets (13,5)
       Property reassignment: $(SourceLinkUrlInitializerTargets)=";_InitializeGitHubSourceLinkUrl;_InitializeGitLabSourceLinkUrl;_InitializeAzureReposGitSourceLinkUrl;_InitializeBitbucketGitSourceLinkUrl" (previous value: ";_InitializeGitHubSourceLinkUrl;_InitializeGitLabSourceLinkUrl;_InitializeAzureReposGitSourceLinkUrl") at C:\Program Files\dotnet\sdk\8.0.302\Sdks\Microsoft.SourceLink.Bitbucket.Git\build\Microsoft.SourceLink.Bitbucket.Git.targets (12,5)
       Property reassignment: $(SourceControlManagerUrlTranslationTargets)=";TranslateGitHubUrlsInSourceControlInformation;TranslateGitLabUrlsInSourceControlInformation;TranslateAzureReposGitUrlsInSourceControlInformation;TranslateBitbucketGitUrlsInSourceControlInformation" (previous value: ";TranslateGitHubUrlsInSourceControlInformation;TranslateGitLabUrlsInSourceControlInformation;TranslateAzureReposGitUrlsInSourceControlInformation") at C:\Program Files\dotnet\sdk\8.0.302\Sdks\Microsoft.SourceLink.Bitbucket.Git\build\Microsoft.SourceLink.Bitbucket.Git.targets (13,5)
       Property reassignment: $(DesignerRuntimeImplementationProjectOutputGroupDependsOn)="
             
             ;
             
             ;
             BuildOnlySettings;
             PrepareForBuild;
             AssignTargetPaths;
             ResolveReferences
           
           ;
             _GenerateDesignerDepsFile;
             _GenerateDesignerRuntimeConfigFile;
             GetCopyToOutputDirectoryItems;
             _GatherDesignerShadowCopyFiles;
           " (previous value: "
             ;
             
             ;
             BuildOnlySettings;
             PrepareForBuild;
             AssignTargetPaths;
             ResolveReferences
           
           ") at C:\Program Files\dotnet\sdk\8.0.302\Sdks\Microsoft.NET.Sdk\targets\Microsoft.NET.DesignerSupport.targets (21,5)
       Property reassignment: $(_GenerateToolsSettingsFileCacheFile)="D:\Tito Pedraza\OneDrive\Proyectos\Codigo Fuente\repos\HumanCore\src\TalenHuman.API\obj\Debug\net8.0\TalenHuman.API.toolssettingsinput.cache" (previous value: "obj\Debug\net8.0\TalenHuman.API.toolssettingsinput.cache") at C:\Program Files\dotnet\sdk\8.0.302\Sdks\Microsoft.NET.Sdk\targets\Microsoft.NET.PackTool.targets (68,5)
       Property reassignment: $(_ShimInputCacheFile)="D:\Tito Pedraza\OneDrive\Proyectos\Codigo Fuente\repos\HumanCore\src\TalenHuman.API\obj\Debug\net8.0\TalenHuman.API.shiminput.cache" (previous value: "obj\Debug\net8.0\TalenHuman.API.shiminput.cache") at C:\Program Files\dotnet\sdk\8.0.302\Sdks\Microsoft.NET.Sdk\targets\Microsoft.NET.PackTool.targets (137,5)
       Property reassignment: $(_ShimCreatedSentinelFile)="D:\Tito Pedraza\OneDrive\Proyectos\Codigo Fuente\repos\HumanCore\src\TalenHuman.API\obj\Debug\net8.0\TalenHuman.API.shimcreated.sentinel" (previous value: "obj\Debug\net8.0\TalenHuman.API.shimcreated.sentinel") at C:\Program Files\dotnet\sdk\8.0.302\Sdks\Microsoft.NET.Sdk\targets\Microsoft.NET.PackTool.targets (139,5)
       Property reassignment: $(DefineConstants)="TRACE;DEBUG" (previous value: "TRACE") at C:\Program Files\dotnet\sdk\8.0.302\Sdks\Microsoft.NET.Sdk\targets\Microsoft.NET.Sdk.CSharp.targets (31,5)
       Property reassignment: $(DefineConstants)="TRACE;DEBUG;NET;NET8_0;NETCOREAPP" (previous value: "TRACE;DEBUG") at C:\Program Files\dotnet\sdk\8.0.302\Sdks\Microsoft.NET.Sdk\targets\Microsoft.NET.Sdk.CSharp.targets (34,5)
       Property reassignment: $(WarningsAsErrors)=";NU1605;SYSLIB0011" (previous value: ";NU1605") at C:\Program Files\dotnet\sdk\8.0.302\Sdks\Microsoft.NET.Sdk\targets\Microsoft.NET.Sdk.CSharp.targets (48,5)
       Property reassignment: $(PackageDescription)="Package Description" (previous value: "") at C:\Program Files\dotnet\sdk\8.0.302\Sdks\NuGet.Build.Tasks.Pack\build\NuGet.Build.Tasks.Pack.targets (34,5)
       Property reassignment: $(GenerateNuspecDependsOn)="Build;_LoadPackInputItems; _GetTargetFrameworksOutput; _WalkEachTargetPerFramework; _GetPackageFiles; " (previous value: "_LoadPackInputItems; _GetTargetFrameworksOutput; _WalkEachTargetPerFramework; _GetPackageFiles; ") at C:\Program Files\dotnet\sdk\8.0.302\Sdks\NuGet.Build.Tasks.Pack\build\NuGet.Build.Tasks.Pack.targets (59,5)
       Property reassignment: $(_IsSDKContainerAllowedVersion)="true" (previous value: "false") at C:\Program Files\dotnet\sdk\8.0.302\Containers\build\Microsoft.NET.Build.Containers.targets (5,5)
       Property reassignment: $(_ContainerIsTargetingNet8TFM)="true" (previous value: "false") at C:\Program Files\dotnet\sdk\8.0.302\Containers\build\Microsoft.NET.Build.Containers.targets (15,5)
       Property 'DOTNET_HOST_PATH' with value 'C:\Program Files\dotnet\dotnet.exe' expanded from the environment.
       Property reassignment: $(PrepareForRunDependsOn)="StaticWebAssetsPrepareForRun;
             CopyFilesToOutputDirectory
           " (previous value: "
             CopyFilesToOutputDirectory
           ") at C:\Program Files\dotnet\sdk\8.0.302\Sdks\Microsoft.NET.Sdk.StaticWebAssets\targets\Microsoft.NET.Sdk.StaticWebAssets.targets (255,5)
       Property reassignment: $(GetCopyToOutputDirectoryItemsDependsOn)="
             AssignTargetPaths;
             
             AssignProjectConfiguration;
             _SplitProjectReferencesByFileExistence
           ;
             _GetProjectReferenceTargetFrameworkProperties;
             _PopulateCommonStateForGetCopyToOutputDirectoryItems
           ;AddStaticWebAssetsManifest" (previous value: "
             AssignTargetPaths;
             
             AssignProjectConfiguration;
             _SplitProjectReferencesByFileExistence
           ;
             _GetProjectReferenceTargetFrameworkProperties;
             _PopulateCommonStateForGetCopyToOutputDirectoryItems
           ") at C:\Program Files\dotnet\sdk\8.0.302\Sdks\Microsoft.NET.Sdk.StaticWebAssets\targets\Microsoft.NET.Sdk.StaticWebAssets.targets (266,5)
       Property reassignment: $(GenerateNuspecDependsOn)="
             IncludeStaticWebAssetsPackItems;
             Build;_LoadPackInputItems; _GetTargetFrameworksOutput; _WalkEachTargetPerFramework; _GetPackageFiles; ;
           " (previous value: "Build;_LoadPackInputItems; _GetTargetFrameworksOutput; _WalkEachTargetPerFramework; _GetPackageFiles; ") at C:\Program Files\dotnet\sdk\8.0.302\Sdks\Microsoft.NET.Sdk.StaticWebAssets\targets\Microsoft.NET.Sdk.StaticWebAssets.Pack.targets (41,5)
       Property reassignment: $(IncludeStaticWebAssetsPackItemsDependsOn)="
             Build;
             ResolveStaticWebAssetsConfiguration;LoadStaticWebAssetsBuildManifest
           ;
           " (previous value: "
             ResolveStaticWebAssetsConfiguration;LoadStaticWebAssetsBuildManifest
           ") at C:\Program Files\dotnet\sdk\8.0.302\Sdks\Microsoft.NET.Sdk.StaticWebAssets\targets\Microsoft.NET.Sdk.StaticWebAssets.Pack.targets (50,5)
       Property reassignment: $(ResolveStaticWebAssetsInputsDependsOn)="
           UpdateExistingPackageStaticWebAssets;ResolveProjectStaticWebAssets;ResolveEmbeddedProjectsStaticWebAssets;ResolveReferencedProjectsStaticWebAssets;;
           UpdateLegacyPackageScopedCssBundles;
           _AddScopedCssBundles;
         " (previous value: "UpdateExistingPackageStaticWebAssets;ResolveProjectStaticWebAssets;ResolveEmbeddedProjectsStaticWebAssets;ResolveReferencedProjectsStaticWebAssets;") at C:\Program Files\dotnet\sdk\8.0.302\Sdks\Microsoft.NET.Sdk.StaticWebAssets\targets\Microsoft.NET.Sdk.StaticWebAssets.ScopedCss.targets (55,3)
       Property reassignment: $(GenerateComputedBuildStaticWebAssetsDependsOn)="
           ;
           _ResolveBundlingConfiguration;
           _GenerateScopedCssFiles;
           BundleScopedCssFiles;
         " (previous value: "") at C:\Program Files\dotnet\sdk\8.0.302\Sdks\Microsoft.NET.Sdk.StaticWebAssets\targets\Microsoft.NET.Sdk.StaticWebAssets.ScopedCss.targets (61,3)
       Property reassignment: $(ResolveStaticWebAssetsInputsDependsOn)="
             
           UpdateExistingPackageStaticWebAssets;ResolveProjectStaticWebAssets;ResolveEmbeddedProjectsStaticWebAssets;ResolveReferencedProjectsStaticWebAssets;;
           UpdateLegacyPackageScopedCssBundles;
           _AddScopedCssBundles;
         ;
             _AddJsModulesToStaticWebAssets;
           " (previous value: "
           UpdateExistingPackageStaticWebAssets;ResolveProjectStaticWebAssets;ResolveEmbeddedProjectsStaticWebAssets;ResolveReferencedProjectsStaticWebAssets;;
           UpdateLegacyPackageScopedCssBundles;
           _AddScopedCssBundles;
         ") at C:\Program Files\dotnet\sdk\8.0.302\Sdks\Microsoft.NET.Sdk.StaticWebAssets\targets\Microsoft.NET.Sdk.StaticWebAssets.JSModules.targets (36,5)
       Property reassignment: $(StaticWebAssetsPrepareForRunDependsOn)="
             ;GenerateStaticWebAssetsManifest;GenerateComputedBuildStaticWebAssets;CopyStaticWebAssetsToOutputDirectory;
             _GenerateBuildJsModuleManifest;
           " (previous value: ";GenerateStaticWebAssetsManifest;GenerateComputedBuildStaticWebAssets;CopyStaticWebAssetsToOutputDirectory") at C:\Program Files\dotnet\sdk\8.0.302\Sdks\Microsoft.NET.Sdk.StaticWebAssets\targets\Microsoft.NET.Sdk.StaticWebAssets.JSModules.targets (44,5)
       Property reassignment: $(StaticWebAssetsPrepareForPublishDependsOn)="
             ;ResolveStaticWebAssetsConfiguration;GenerateStaticWebAssetsPublishManifest;GenerateComputedPublishStaticWebAssets;
             _GeneratePublishJsModuleManifest;
           " (previous value: ";ResolveStaticWebAssetsConfiguration;GenerateStaticWebAssetsPublishManifest;GenerateComputedPublishStaticWebAssets") at C:\Program Files\dotnet\sdk\8.0.302\Sdks\Microsoft.NET.Sdk.StaticWebAssets\targets\Microsoft.NET.Sdk.StaticWebAssets.JSModules.targets (49,5)
       Property reassignment: $(ResolveStaticWebAssetsInputsDependsOn)="
             
             
           UpdateExistingPackageStaticWebAssets;ResolveProjectStaticWebAssets;ResolveEmbeddedProjectsStaticWebAssets;ResolveReferencedProjectsStaticWebAssets;;
           UpdateLegacyPackageScopedCssBundles;
           _AddScopedCssBundles;
         ;
             _AddJsModulesToStaticWebAssets;
           ;
             _AddBuildJsModuleManifest;
           " (previous value: "
             
           UpdateExistingPackageStaticWebAssets;ResolveProjectStaticWebAssets;ResolveEmbeddedProjectsStaticWebAssets;ResolveReferencedProjectsStaticWebAssets;;
           UpdateLegacyPackageScopedCssBundles;
           _AddScopedCssBundles;
         ;
             _AddJsModulesToStaticWebAssets;
           ") at C:\Program Files\dotnet\sdk\8.0.302\Sdks\Microsoft.NET.Sdk.StaticWebAssets\targets\Microsoft.NET.Sdk.StaticWebAssets.JSModules.targets (54,5)
       Property reassignment: $(ResolvePublishStaticWebAssetsDependsOn)="
             LoadStaticWebAssetsBuildManifest;ComputeReferencedProjectsEmbeddedPublishAssets;ComputeReferencedProjectsPublishAssets;;
             _AddPublishJsModuleManifest
           " (previous value: "LoadStaticWebAssetsBuildManifest;ComputeReferencedProjectsEmbeddedPublishAssets;ComputeReferencedProjectsPublishAssets;") at C:\Program Files\dotnet\sdk\8.0.302\Sdks\Microsoft.NET.Sdk.StaticWebAssets\targets\Microsoft.NET.Sdk.StaticWebAssets.JSModules.targets (59,5)
       Property reassignment: $(GenerateComputedBuildStaticWebAssetsDependsOn)="
             
           ;
           _ResolveBundlingConfiguration;
           _GenerateScopedCssFiles;
           BundleScopedCssFiles;
         ;
             _CompressFiles;
           " (previous value: "
           ;
           _ResolveBundlingConfiguration;
           _GenerateScopedCssFiles;
           BundleScopedCssFiles;
         ") at C:\Program Files\dotnet\sdk\8.0.302\Sdks\Microsoft.NET.Sdk.StaticWebAssets\targets\Microsoft.NET.Sdk.StaticWebAssets.Compression.targets (35,5)
       Property reassignment: $(GenerateComputedPublishStaticWebAssetsDependsOn)="
             ;
             _CompressFilesForPublish;
           " (previous value: "") at C:\Program Files\dotnet\sdk\8.0.302\Sdks\Microsoft.NET.Sdk.StaticWebAssets\targets\Microsoft.NET.Sdk.StaticWebAssets.Compression.targets (39,5)
       Property reassignment: $(StaticWebAssetsPrepareForPublishDependsOn)="
             
             ;ResolveStaticWebAssetsConfiguration;GenerateStaticWebAssetsPublishManifest;GenerateComputedPublishStaticWebAssets;
             _GeneratePublishJsModuleManifest;
           ;
             _CompressFilesForPublish;
           " (previous value: "
             ;ResolveStaticWebAssetsConfiguration;GenerateStaticWebAssetsPublishManifest;GenerateComputedPublishStaticWebAssets;
             _GeneratePublishJsModuleManifest;
           ") at C:\Program Files\dotnet\sdk\8.0.302\Sdks\Microsoft.NET.Sdk.StaticWebAssets\targets\Microsoft.NET.Sdk.StaticWebAssets.Compression.targets (43,5)
       Property reassignment: $(ResolveStaticWebAssetsInputsDependsOn)="
             
             
             
           UpdateExistingPackageStaticWebAssets;ResolveProjectStaticWebAssets;ResolveEmbeddedProjectsStaticWebAssets;ResolveReferencedProjectsStaticWebAssets;;
           UpdateLegacyPackageScopedCssBundles;
           _AddScopedCssBundles;
         ;
             _AddJsModulesToStaticWebAssets;
           ;
             _AddBuildJsModuleManifest;
           ;
             _ResolveCompressedFiles;
           " (previous value: "
             
             
           UpdateExistingPackageStaticWebAssets;ResolveProjectStaticWebAssets;ResolveEmbeddedProjectsStaticWebAssets;ResolveReferencedProjectsStaticWebAssets;;
           UpdateLegacyPackageScopedCssBundles;
           _AddScopedCssBundles;
         ;
             _AddJsModulesToStaticWebAssets;
           ;
             _AddBuildJsModuleManifest;
           ") at C:\Program Files\dotnet\sdk\8.0.302\Sdks\Microsoft.NET.Sdk.StaticWebAssets\targets\Microsoft.NET.Sdk.StaticWebAssets.Compression.targets (47,5)
       Property reassignment: $(ResolvePublishStaticWebAssetsDependsOn)="
             
             LoadStaticWebAssetsBuildManifest;ComputeReferencedProjectsEmbeddedPublishAssets;ComputeReferencedProjectsPublishAssets;;
             _AddPublishJsModuleManifest
           ;
             _ResolveCompressedFilesForPublish;
           " (previous value: "
             LoadStaticWebAssetsBuildManifest;ComputeReferencedProjectsEmbeddedPublishAssets;ComputeReferencedProjectsPublishAssets;;
             _AddPublishJsModuleManifest
           ") at C:\Program Files\dotnet\sdk\8.0.302\Sdks\Microsoft.NET.Sdk.StaticWebAssets\targets\Microsoft.NET.Sdk.StaticWebAssets.Compression.targets (51,5)
       Assembly loaded during Evaluation: System.Net.Sockets, Version=8.0.0.0, Culture=neutral, PublicKeyToken=b03f5f7f11d50a3a (location: C:\Program Files\dotnet\shared\Microsoft.NETCore.App\8.0.6\System.Net.Sockets.dll, MVID: 351bcbf5-619d-4cb3-bb16-78c0c7afc1b9, AssemblyLoadContext: Default)
       Property reassignment: $(ResolveScopedCssOutputsDependsOn)="
             
           ;
         ;
             ResolveCssScopes;
           " (previous value: "
           ;
         ") at C:\Program Files\dotnet\sdk\8.0.302\Sdks\Microsoft.NET.Sdk.Razor\targets\Sdk.Razor.CurrentVersion.targets (188,5)
       Property reassignment: $(DebugSymbolsProjectOutputGroupDependsOn)="
             ;
             _RazorAddDebugSymbolsProjectOutputGroupOutput
           " (previous value: "") at C:\Program Files\dotnet\sdk\8.0.302\Sdks\Microsoft.NET.Sdk.Razor\targets\Sdk.Razor.CurrentVersion.targets (193,5)
       Property reassignment: $(PrepareForBuildDependsOn)="
             ;GetFrameworkPaths;GetReferenceAssemblyPaths;AssignLinkMetadata;
             ResolveRazorGenerateInputs
           " (previous value: ";GetFrameworkPaths;GetReferenceAssemblyPaths;AssignLinkMetadata") at C:\Program Files\dotnet\sdk\8.0.302\Sdks\Microsoft.NET.Sdk.Razor\targets\Sdk.Razor.CurrentVersion.targets (198,5)
       Property reassignment: $(GenerateNuspecDependsOn)="
             ResolveRazorGenerateInputs;
             
             IncludeStaticWebAssetsPackItems;
             Build;_LoadPackInputItems; _GetTargetFrameworksOutput; _WalkEachTargetPerFramework; _GetPackageFiles; ;
           
           " (previous value: "
             IncludeStaticWebAssetsPackItems;
             Build;_LoadPackInputItems; _GetTargetFrameworksOutput; _WalkEachTargetPerFramework; _GetPackageFiles; ;
           ") at C:\Program Files\dotnet\sdk\8.0.302\Sdks\Microsoft.NET.Sdk.Razor\targets\Sdk.Razor.CurrentVersion.targets (203,5)
       Property reassignment: $(PrepareForRunDependsOn)="
             _RazorPrepareForRun;
             StaticWebAssetsPrepareForRun;
             CopyFilesToOutputDirectory
           
           " (previous value: "StaticWebAssetsPrepareForRun;
             CopyFilesToOutputDirectory
           ") at C:\Program Files\dotnet\sdk\8.0.302\Sdks\Microsoft.NET.Sdk.Razor\targets\Sdk.Razor.CurrentVersion.targets (208,5)
       Property reassignment: $(UseRazorBuildServer)="true" (previous value: "") at C:\Program Files\dotnet\sdk\8.0.302\Sdks\Microsoft.NET.Sdk.Razor\targets\Sdk.Razor.CurrentVersion.targets (299,5)
       Property reassignment: $(_RazorDebugSymbolsProduced)="true" (previous value: "false") at C:\Program Files\dotnet\sdk\8.0.302\Sdks\Microsoft.NET.Sdk.Razor\targets\Sdk.Razor.CurrentVersion.targets (305,5)
       Property reassignment: $(GenerateRazorTargetAssemblyInfoDependsOn)="
             _ResolveMvcAssemblyAttributes;
             
             GetRazorTargetAssemblyAttributes;
             _CreateRazorTargetAssemblyInfoInputsCacheFile;
             CoreGenerateRazorTargetAssemblyInfo
           
           " (previous value: "
             GetRazorTargetAssemblyAttributes;
             _CreateRazorTargetAssemblyInfoInputsCacheFile;
             CoreGenerateRazorTargetAssemblyInfo
           ") at C:\Program Files\dotnet\sdk\8.0.302\Sdks\Microsoft.NET.Sdk.Razor\targets\Microsoft.NET.Sdk.Razor.GenerateAssemblyInfo.targets (36,5)
       Property reassignment: $(CoreCompileDependsOn)="
             ;_ComputeNonExistentFileProperty;ResolveCodeAnalysisRuleSet;
             _GenerateRazorAssemblyInfo
           " (previous value: ";_ComputeNonExistentFileProperty;ResolveCodeAnalysisRuleSet") at C:\Program Files\dotnet\sdk\8.0.302\Sdks\Microsoft.NET.Sdk.Razor\targets\Microsoft.NET.Sdk.Razor.GenerateAssemblyInfo.targets (181,5)
       Property reassignment: $(_GenerateRazorAssemblyInfoDependsOn)="
             _ResolveMvcAssemblyAttributes;
             RazorGetAssemblyAttributes;PrepareForBuild;_CoreGenerateRazorAssemblyInfo;
           " (previous value: "RazorGetAssemblyAttributes;PrepareForBuild;_CoreGenerateRazorAssemblyInfo") at C:\Program Files\dotnet\sdk\8.0.302\Sdks\Microsoft.NET.Sdk.Razor\targets\Microsoft.NET.Sdk.Razor.GenerateAssemblyInfo.targets (189,5)
       Property reassignment: $(CoreCompileDependsOn)="
             _DiscoverMvcApplicationParts;
             
             ;_ComputeNonExistentFileProperty;ResolveCodeAnalysisRuleSet;
             _GenerateRazorAssemblyInfo
           ;
           " (previous value: "
             ;_ComputeNonExistentFileProperty;ResolveCodeAnalysisRuleSet;
             _GenerateRazorAssemblyInfo
           ") at C:\Program Files\dotnet\sdk\8.0.302\Sdks\Microsoft.NET.Sdk.Razor\targets\Microsoft.NET.Sdk.Razor.MvcApplicationPartsDiscovery.targets (22,5)
       Property reassignment: $(RazorDesignTimeTargets)="C:\Program Files\dotnet\sdk\8.0.302\Sdks\Microsoft.NET.Sdk.Razor\targets\Microsoft.NET.Sdk.Razor.DesignTime.targets" (previous value: "C:\Program Files\dotnet\sdk\8.0.302\\Microsoft\VisualStudio\Razor\Microsoft.NET.Sdk.Razor.DesignTime.targets") at C:\Program Files\dotnet\sdk\8.0.302\Sdks\Microsoft.NET.Sdk.Razor\targets\Sdk.Razor.CurrentVersion.targets (779,5)
       Property reassignment: $(RunWorkingDirectory)="D:\Tito Pedraza\OneDrive\Proyectos\Codigo Fuente\repos\HumanCore\src\TalenHuman.API" (previous value: "") at C:\Program Files\dotnet\sdk\8.0.302\Sdks\Microsoft.NET.Sdk.Web.ProjectSystem\targets\Microsoft.NET.Sdk.Web.ProjectSystem.targets (21,5)
       Property reassignment: $(PublishProfileImported)="true" (previous value: "false") at C:\Program Files\dotnet\sdk\8.0.302\Sdks\Microsoft.NET.Sdk.Publish\targets\Microsoft.NET.Sdk.Publish.targets (60,5)
       Property reassignment: $(PublishConfiguration)="Debug" (previous value: "") at C:\Program Files\dotnet\sdk\8.0.302\Sdks\Microsoft.NET.Sdk.Publish\targets\Microsoft.NET.Sdk.Publish.targets (81,5)
       Property reassignment: $(BaseIntermediateOutputPath)="D:\Tito Pedraza\OneDrive\Proyectos\Codigo Fuente\repos\HumanCore\src\TalenHuman.API\obj\" (previous value: "obj\") at C:\Program Files\dotnet\sdk\8.0.302\Sdks\Microsoft.NET.Sdk.Publish\targets\Microsoft.NET.Sdk.Publish.targets (87,5)
       Overriding target "ResolveFrameworkReferences" in project "C:\Program Files\dotnet\sdk\8.0.302\Microsoft.Common.CurrentVersion.targets" with target "ResolveFrameworkReferences" from project "C:\Program Files\dotnet\sdk\8.0.302\Sdks\Microsoft.NET.Sdk\targets\Microsoft.NET.Sdk.FrameworkReferenceResolution.targets".
       Overriding target "Run" in project "C:\Program Files\dotnet\sdk\8.0.302\Microsoft.Common.CurrentVersion.targets" with target "Run" from project "C:\Program Files\dotnet\sdk\8.0.302\Sdks\Microsoft.NET.Sdk\targets\Microsoft.NET.Sdk.targets".
       Overriding target "GenerateSupportedTargetFrameworkAlias" in project "C:\Program Files\dotnet\sdk\8.0.302\Microsoft.Common.CurrentVersion.targets" with target "GenerateSupportedTargetFrameworkAlias" from project "C:\Program Files\dotnet\sdk\8.0.302\Sdks\Microsoft.NET.Sdk\targets\Microsoft.NET.Sdk.targets".
       Overriding target "GetReferenceAssemblyPaths" in project "C:\Program Files\dotnet\sdk\8.0.302\Microsoft.Common.CurrentVersion.targets" with target "GetReferenceAssemblyPaths" from project "C:\Program Files\dotnet\sdk\8.0.302\Sdks\Microsoft.NET.Sdk\targets\Microsoft.NET.DisableStandardFrameworkResolution.targets".
       Overriding target "GetFrameworkPaths" in project "C:\Program Files\dotnet\sdk\8.0.302\Microsoft.Common.CurrentVersion.targets" with target "GetFrameworkPaths" from project "C:\Program Files\dotnet\sdk\8.0.302\Sdks\Microsoft.NET.Sdk\targets\Microsoft.NET.DisableStandardFrameworkResolution.targets".
       Overriding target "DesignerRuntimeImplementationProjectOutputGroup" in project "C:\Program Files\dotnet\sdk\8.0.302\Microsoft.Common.CurrentVersion.targets" with target "DesignerRuntimeImplementationProjectOutputGroup" from project "C:\Program Files\dotnet\sdk\8.0.302\Sdks\Microsoft.NET.Sdk\targets\Microsoft.NET.DesignerSupport.targets".
       Overriding target "Publish" in project "C:\Program Files\dotnet\sdk\8.0.302\Microsoft.Common.CurrentVersion.targets" with target "Publish" from project "C:\Program Files\dotnet\sdk\8.0.302\Sdks\Microsoft.NET.Sdk\targets\Microsoft.NET.Publish.targets".
       Overriding target "ResolveReadyToRunCompilers" in project "C:\Program Files\dotnet\sdk\8.0.302\Sdks\Microsoft.NET.Sdk\targets\Microsoft.NET.CrossGen.targets" with target "ResolveReadyToRunCompilers" from project "C:\Program Files\dotnet\sdk\8.0.302\Sdks\Microsoft.NET.Sdk\targets\Microsoft.NET.Publish.targets".
       Overriding target "GetCopyToPublishDirectoryItems" in project "C:\Program Files\dotnet\sdk\8.0.302\Microsoft.Common.CurrentVersion.targets" with target "GetCopyToPublishDirectoryItems" from project "C:\Program Files\dotnet\sdk\8.0.302\Sdks\Microsoft.NET.Sdk\targets\Microsoft.NET.Publish.targets".
       Overriding target "BeforePublish" in project "C:\Program Files\dotnet\sdk\8.0.302\Microsoft.Common.CurrentVersion.targets" with target "BeforePublish" from project "C:\Program Files\dotnet\sdk\8.0.302\Sdks\Microsoft.NET.Sdk.Publish\targets\Microsoft.NET.Sdk.Publish.targets".
       Overriding target "AfterPublish" in project "C:\Program Files\dotnet\sdk\8.0.302\Microsoft.Common.CurrentVersion.targets" with target "AfterPublish" from project "C:\Program Files\dotnet\sdk\8.0.302\Sdks\Microsoft.NET.Sdk.Publish\targets\Microsoft.NET.Sdk.Publish.targets".
       The target "CollectUpToDateCheckInputDesignTime" listed in a BeforeTargets attribute at "C:\Program Files\dotnet\sdk\8.0.302\Sdks\Microsoft.NET.Sdk.StaticWebAssets\targets\Microsoft.NET.Sdk.StaticWebAssets.ScopedCss.targets (156,5)" does not exist in the project, and will be ignored.
       The target "CollectUpToDateCheckBuiltDesignTime" listed in a BeforeTargets attribute at "C:\Program Files\dotnet\sdk\8.0.302\Sdks\Microsoft.NET.Sdk.StaticWebAssets\targets\Microsoft.NET.Sdk.StaticWebAssets.ScopedCss.targets (156,5)" does not exist in the project, and will be ignored.
       The target "RazorGenerateComponentDeclaration" listed in an AfterTargets attribute at "C:\Program Files\dotnet\sdk\8.0.302\Sdks\Microsoft.NET.Sdk.Razor\targets\Microsoft.NET.Sdk.Razor.DesignTime.targets (55,53)" does not exist in the project, and will be ignored.
     1>Project "D:\Tito Pedraza\OneDrive\Proyectos\Codigo Fuente\repos\HumanCore\src\TalenHuman.sln" (1) is building "D:\Tito Pedraza\OneDrive\Proyectos\Codigo Fuente\repos\HumanCore\src\TalenHuman.API\TalenHuman.API.csproj" (5) on node 1 (_IsProjectRestoreSupported target(s)).
     5>Target "_IsProjectRestoreSupported" in file "C:\Program Files\dotnet\sdk\8.0.302\NuGet.targets" from project "D:\Tito Pedraza\OneDrive\Proyectos\Codigo Fuente\repos\HumanCore\src\TalenHuman.API\TalenHuman.API.csproj" (entry point):
     5>Done building target "_IsProjectRestoreSupported" in project "TalenHuman.API.csproj".
     5>Done Building Project "D:\Tito Pedraza\OneDrive\Proyectos\Codigo Fuente\repos\HumanCore\src\TalenHuman.API\TalenHuman.API.csproj" (_IsProjectRestoreSupported target(s)).
     1>Done executing task "MSBuild".
       Task "MSBuild" skipped, due to false condition; ( '$(RestoreUseSkipNonexistentTargets)' != 'true' ) was evaluated as ( 'true' != 'true' ).
       Using "WarnForInvalidProjectsTask" task from assembly "C:\Program Files\dotnet\sdk\8.0.302\NuGet.Build.Tasks.dll".
       Task "WarnForInvalidProjectsTask"
       Done executing task "WarnForInvalidProjectsTask".
     1>Done building target "_FilterRestoreGraphProjectInputItems" in project "TalenHuman.sln".
       Target "_FilterRestoreGraphProjectInputItems" skipped. Previously built successfully.
     1>Target "_GetAllRestoreProjectPathItems" in file "C:\Program Files\dotnet\sdk\8.0.302\NuGet.targets" from project "D:\Tito Pedraza\OneDrive\Proyectos\Codigo Fuente\repos\HumanCore\src\TalenHuman.sln" (target "_GenerateRestoreGraph" depends on it):
       Using "NuGetMessageTask" task from assembly "C:\Program Files\dotnet\sdk\8.0.302\NuGet.Build.Tasks.dll".
       Task "NuGetMessageTask"
         Determining projects to restore...
       Done executing task "NuGetMessageTask".
       Task "MSBuild"
         Global Properties:
           ExcludeRestorePackageImports=true
           _RestoreSolutionFileUsed=true
           SolutionDir=D:\Tito Pedraza\OneDrive\Proyectos\Codigo Fuente\repos\HumanCore\src\
           SolutionName=TalenHuman
           SolutionFileName=TalenHuman.sln
           SolutionPath=D:\Tito Pedraza\OneDrive\Proyectos\Codigo Fuente\repos\HumanCore\src\TalenHuman.sln
           SolutionExt=.sln
         Additional Properties for project "D:\Tito Pedraza\OneDrive\Proyectos\Codigo Fuente\repos\HumanCore\src\TalenHuman.API\TalenHuman.API.csproj":
           Configuration=Debug
           Platform=AnyCPU
         Additional Properties for project "D:\Tito Pedraza\OneDrive\Proyectos\Codigo Fuente\repos\HumanCore\src\TalenHuman.Application\TalenHuman.Application.csproj":
           Configuration=Debug
           Platform=AnyCPU
         Additional Properties for project "D:\Tito Pedraza\OneDrive\Proyectos\Codigo Fuente\repos\HumanCore\src\TalenHuman.Domain\TalenHuman.Domain.csproj":
           Configuration=Debug
           Platform=AnyCPU
         Additional Properties for project "D:\Tito Pedraza\OneDrive\Proyectos\Codigo Fuente\repos\HumanCore\src\TalenHuman.Infrastructure\TalenHuman.Infrastructure.csproj":
           Configuration=Debug
           Platform=AnyCPU
     1>Project "D:\Tito Pedraza\OneDrive\Proyectos\Codigo Fuente\repos\HumanCore\src\TalenHuman.sln" (1) is building "D:\Tito Pedraza\OneDrive\Proyectos\Codigo Fuente\repos\HumanCore\src\TalenHuman.API\TalenHuman.API.csproj" (5:2) on node 1 (_GenerateRestoreProjectPathWalk target(s)).
   5:2>Target "_GenerateRestoreProjectPathItemsAllFrameworks" skipped, due to false condition; ( '$(TargetFrameworks)' != '' ) was evaluated as ( '' != '' ).
     1>Project "D:\Tito Pedraza\OneDrive\Proyectos\Codigo Fuente\repos\HumanCore\src\TalenHuman.sln" (1) is building "D:\Tito Pedraza\OneDrive\Proyectos\Codigo Fuente\repos\HumanCore\src\TalenHuman.Application\TalenHuman.Application.csproj" (2:2) on node 4 (_GenerateRestoreProjectPathWalk target(s)).
   2:2>Target "_GenerateRestoreProjectPathItemsAllFrameworks" skipped, due to false condition; ( '$(TargetFrameworks)' != '' ) was evaluated as ( '' != '' ).
     1>Project "D:\Tito Pedraza\OneDrive\Proyectos\Codigo Fuente\repos\HumanCore\src\TalenHuman.sln" (1) is building "D:\Tito Pedraza\OneDrive\Proyectos\Codigo Fuente\repos\HumanCore\src\TalenHuman.Infrastructure\TalenHuman.Infrastructure.csproj" (4:2) on node 3 (_GenerateRestoreProjectPathWalk target(s)).
   4:2>Target "_GenerateRestoreProjectPathItemsAllFrameworks" skipped, due to false condition; ( '$(TargetFrameworks)' != '' ) was evaluated as ( '' != '' ).
     1>Project "D:\Tito Pedraza\OneDrive\Proyectos\Codigo Fuente\repos\HumanCore\src\TalenHuman.sln" (1) is building "D:\Tito Pedraza\OneDrive\Proyectos\Codigo Fuente\repos\HumanCore\src\TalenHuman.Domain\TalenHuman.Domain.csproj" (3:2) on node 2 (_GenerateRestoreProjectPathWalk target(s)).
   3:2>Target "_GenerateRestoreProjectPathItemsAllFrameworks" skipped, due to false condition; ( '$(TargetFrameworks)' != '' ) was evaluated as ( '' != '' ).
   3:2>Target "_GenerateRestoreProjectPathItemsPerFramework" in file "C:\Program Files\dotnet\sdk\8.0.302\NuGet.targets" from project "D:\Tito Pedraza\OneDrive\Proyectos\Codigo Fuente\repos\HumanCore\src\TalenHuman.Domain\TalenHuman.Domain.csproj" (target "_GenerateRestoreProjectPathItemsCurrentProject" depends on it):
       Using "ConvertToAbsolutePath" task from assembly "Microsoft.Build.Tasks.Core, Version=15.1.0.0, Culture=neutral, PublicKeyToken=b03f5f7f11d50a3a".
   4:2>Target "_GenerateRestoreProjectPathItemsPerFramework" in file "C:\Program Files\dotnet\sdk\8.0.302\NuGet.targets" from project "D:\Tito Pedraza\OneDrive\Proyectos\Codigo Fuente\repos\HumanCore\src\TalenHuman.Infrastructure\TalenHuman.Infrastructure.csproj" (target "_GenerateRestoreProjectPathItemsCurrentProject" depends on it):
   4:2>Using "ConvertToAbsolutePath" task from assembly "Microsoft.Build.Tasks.Core, Version=15.1.0.0, Culture=neutral, PublicKeyToken=b03f5f7f11d50a3a".
   2:2>Target "_GenerateRestoreProjectPathItemsPerFramework" in file "C:\Program Files\dotnet\sdk\8.0.302\NuGet.targets" from project "D:\Tito Pedraza\OneDrive\Proyectos\Codigo Fuente\repos\HumanCore\src\TalenHuman.Application\TalenHuman.Application.csproj" (target "_GenerateRestoreProjectPathItemsCurrentProject" depends on it):
   2:2>Using "ConvertToAbsolutePath" task from assembly "Microsoft.Build.Tasks.Core, Version=15.1.0.0, Culture=neutral, PublicKeyToken=b03f5f7f11d50a3a".
       Task "ConvertToAbsolutePath"
   3:2>Task "ConvertToAbsolutePath"
   2:2>Done executing task "ConvertToAbsolutePath".
   2:2>Done building target "_GenerateRestoreProjectPathItemsPerFramework" in project "TalenHuman.Application.csproj".
   3:2>Done executing task "ConvertToAbsolutePath".
   4:2>Task "ConvertToAbsolutePath"
   3:2>Done building target "_GenerateRestoreProjectPathItemsPerFramework" in project "TalenHuman.Domain.csproj".
   4:2>Done executing task "ConvertToAbsolutePath".
   2:2>Target "_GenerateRestoreProjectPathItemsCurrentProject" in file "C:\Program Files\dotnet\sdk\8.0.302\NuGet.targets" from project "D:\Tito Pedraza\OneDrive\Proyectos\Codigo Fuente\repos\HumanCore\src\TalenHuman.Application\TalenHuman.Application.csproj" (target "_GenerateRestoreProjectPathItems" depends on it):
   2:2>Done building target "_GenerateRestoreProjectPathItemsCurrentProject" in project "TalenHuman.Application.csproj".
   4:2>Done building target "_GenerateRestoreProjectPathItemsPerFramework" in project "TalenHuman.Infrastructure.csproj".
   3:2>Target "_GenerateRestoreProjectPathItemsCurrentProject" in file "C:\Program Files\dotnet\sdk\8.0.302\NuGet.targets" from project "D:\Tito Pedraza\OneDrive\Proyectos\Codigo Fuente\repos\HumanCore\src\TalenHuman.Domain\TalenHuman.Domain.csproj" (target "_GenerateRestoreProjectPathItems" depends on it):
   3:2>Done building target "_GenerateRestoreProjectPathItemsCurrentProject" in project "TalenHuman.Domain.csproj".
   4:2>Target "_GenerateRestoreProjectPathItemsCurrentProject" in file "C:\Program Files\dotnet\sdk\8.0.302\NuGet.targets" from project "D:\Tito Pedraza\OneDrive\Proyectos\Codigo Fuente\repos\HumanCore\src\TalenHuman.Infrastructure\TalenHuman.Infrastructure.csproj" (target "_GenerateRestoreProjectPathItems" depends on it):
   4:2>Done building target "_GenerateRestoreProjectPathItemsCurrentProject" in project "TalenHuman.Infrastructure.csproj".
   3:2>Target "_GenerateRestoreProjectPathItems" in file "C:\Program Files\dotnet\sdk\8.0.302\NuGet.targets" from project "D:\Tito Pedraza\OneDrive\Proyectos\Codigo Fuente\repos\HumanCore\src\TalenHuman.Domain\TalenHuman.Domain.csproj" (target "_GenerateRestoreProjectPathWalk" depends on it):
   3:2>Using "RemoveDuplicates" task from assembly "Microsoft.Build.Tasks.Core, Version=15.1.0.0, Culture=neutral, PublicKeyToken=b03f5f7f11d50a3a".
   2:2>Target "_GenerateRestoreProjectPathItems" in file "C:\Program Files\dotnet\sdk\8.0.302\NuGet.targets" from project "D:\Tito Pedraza\OneDrive\Proyectos\Codigo Fuente\repos\HumanCore\src\TalenHuman.Application\TalenHuman.Application.csproj" (target "_GenerateRestoreProjectPathWalk" depends on it):
   2:2>Using "RemoveDuplicates" task from assembly "Microsoft.Build.Tasks.Core, Version=15.1.0.0, Culture=neutral, PublicKeyToken=b03f5f7f11d50a3a".
       Task "RemoveDuplicates"
   3:2>Task "RemoveDuplicates"
   4:2>Target "_GenerateRestoreProjectPathItems" in file "C:\Program Files\dotnet\sdk\8.0.302\NuGet.targets" from project "D:\Tito Pedraza\OneDrive\Proyectos\Codigo Fuente\repos\HumanCore\src\TalenHuman.Infrastructure\TalenHuman.Infrastructure.csproj" (target "_GenerateRestoreProjectPathWalk" depends on it):
   4:2>Using "RemoveDuplicates" task from assembly "Microsoft.Build.Tasks.Core, Version=15.1.0.0, Culture=neutral, PublicKeyToken=b03f5f7f11d50a3a".
   2:2>Done executing task "RemoveDuplicates".
   3:2>Done executing task "RemoveDuplicates".
   4:2>Task "RemoveDuplicates"
   2:2>Done building target "_GenerateRestoreProjectPathItems" in project "TalenHuman.Application.csproj".
   3:2>Done building target "_GenerateRestoreProjectPathItems" in project "TalenHuman.Domain.csproj".
   4:2>Done executing task "RemoveDuplicates".
   4:2>Done building target "_GenerateRestoreProjectPathItems" in project "TalenHuman.Infrastructure.csproj".
   3:2>Target "_GenerateRestoreProjectPathWalk" in file "C:\Program Files\dotnet\sdk\8.0.302\NuGet.targets" from project "D:\Tito Pedraza\OneDrive\Proyectos\Codigo Fuente\repos\HumanCore\src\TalenHuman.Domain\TalenHuman.Domain.csproj" (entry point):
   3:2>Using "MSBuild" task from assembly "Microsoft.Build.Tasks.Core, Version=15.1.0.0, Culture=neutral, PublicKeyToken=b03f5f7f11d50a3a".
   2:2>Target "_GenerateRestoreProjectPathWalk" in file "C:\Program Files\dotnet\sdk\8.0.302\NuGet.targets" from project "D:\Tito Pedraza\OneDrive\Proyectos\Codigo Fuente\repos\HumanCore\src\TalenHuman.Application\TalenHuman.Application.csproj" (entry point):
   2:2>Using "MSBuild" task from assembly "Microsoft.Build.Tasks.Core, Version=15.1.0.0, Culture=neutral, PublicKeyToken=b03f5f7f11d50a3a".
   3:2>Task "MSBuild"
   2:2>Task "MSBuild"
   4:2>Target "_GenerateRestoreProjectPathWalk" in file "C:\Program Files\dotnet\sdk\8.0.302\NuGet.targets" from project "D:\Tito Pedraza\OneDrive\Proyectos\Codigo Fuente\repos\HumanCore\src\TalenHuman.Infrastructure\TalenHuman.Infrastructure.csproj" (entry point):
   4:2>Using "MSBuild" task from assembly "Microsoft.Build.Tasks.Core, Version=15.1.0.0, Culture=neutral, PublicKeyToken=b03f5f7f11d50a3a".
       Task "MSBuild"
         Global Properties:
   2:2>_GenerateRestoreProjectPathWalk:
         Global Properties:
   4:2>_GenerateRestoreProjectPathWalk:
           ExcludeRestorePackageImports=true
   2:2>_GenerateRestoreProjectPathWalk:
           ExcludeRestorePackageImports=true
   3:2>Done executing task "MSBuild".
   4:2>_GenerateRestoreProjectPathWalk:
           _RestoreSolutionFileUsed=true
   3:2>_GenerateRestoreProjectPathWalk:
       Task "MSBuild" skipped, due to false condition; ( '$(RestoreUseSkipNonexistentTargets)' != 'true' ) was evaluated as ( 'true' != 'true' ).
   4:2>_GenerateRestoreProjectPathWalk:
           SolutionDir=D:\Tito Pedraza\OneDrive\Proyectos\Codigo Fuente\repos\HumanCore\src\
   2:2>_GenerateRestoreProjectPathWalk:
           _RestoreSolutionFileUsed=true
   4:2>_GenerateRestoreProjectPathWalk:
           SolutionName=TalenHuman
   2:2>_GenerateRestoreProjectPathWalk:
           SolutionDir=D:\Tito Pedraza\OneDrive\Proyectos\Codigo Fuente\repos\HumanCore\src\
   3:2>Task "RemoveDuplicates"
   4:2>_GenerateRestoreProjectPathWalk:
           SolutionFileName=TalenHuman.sln
   2:2>_GenerateRestoreProjectPathWalk:
           SolutionName=TalenHuman
   3:2>Done executing task "RemoveDuplicates".
   2:2>_GenerateRestoreProjectPathWalk:
           SolutionFileName=TalenHuman.sln
   4:2>_GenerateRestoreProjectPathWalk:
           SolutionPath=D:\Tito Pedraza\OneDrive\Proyectos\Codigo Fuente\repos\HumanCore\src\TalenHuman.sln
   3:2>Done building target "_GenerateRestoreProjectPathWalk" in project "TalenHuman.Domain.csproj".
   2:2>_GenerateRestoreProjectPathWalk:
           SolutionPath=D:\Tito Pedraza\OneDrive\Proyectos\Codigo Fuente\repos\HumanCore\src\TalenHuman.sln
   4:2>_GenerateRestoreProjectPathWalk:
           SolutionExt=.sln
   2:2>_GenerateRestoreProjectPathWalk:
           SolutionExt=.sln
   3:2>Done Building Project "D:\Tito Pedraza\OneDrive\Proyectos\Codigo Fuente\repos\HumanCore\src\TalenHuman.Domain\TalenHuman.Domain.csproj" (_GenerateRestoreProjectPathWalk target(s)).
   2:2>Project "D:\Tito Pedraza\OneDrive\Proyectos\Codigo Fuente\repos\HumanCore\src\TalenHuman.Application\TalenHuman.Application.csproj" (2:2) is building "D:\Tito Pedraza\OneDrive\Proyectos\Codigo Fuente\repos\HumanCore\src\TalenHuman.Domain\TalenHuman.Domain.csproj" (3:3) on node 2 (_GenerateRestoreProjectPathWalk target(s)).
   3:3>Target "_GenerateRestoreProjectPathWalk" skipped. Previously built successfully.
   3:3>Done Building Project "D:\Tito Pedraza\OneDrive\Proyectos\Codigo Fuente\repos\HumanCore\src\TalenHuman.Domain\TalenHuman.Domain.csproj" (_GenerateRestoreProjectPathWalk target(s)).
   5:2>Target "_GenerateRestoreProjectPathItemsPerFramework" in file "C:\Program Files\dotnet\sdk\8.0.302\NuGet.targets" from project "D:\Tito Pedraza\OneDrive\Proyectos\Codigo Fuente\repos\HumanCore\src\TalenHuman.API\TalenHuman.API.csproj" (target "_GenerateRestoreProjectPathItemsCurrentProject" depends on it):
   5:2>Using "ConvertToAbsolutePath" task from assembly "Microsoft.Build.Tasks.Core, Version=15.1.0.0, Culture=neutral, PublicKeyToken=b03f5f7f11d50a3a".
       Task "ConvertToAbsolutePath"
       Done executing task "ConvertToAbsolutePath".
   5:2>Done building target "_GenerateRestoreProjectPathItemsPerFramework" in project "TalenHuman.API.csproj".
   5:2>Target "_GenerateRestoreProjectPathItemsCurrentProject" in file "C:\Program Files\dotnet\sdk\8.0.302\NuGet.targets" from project "D:\Tito Pedraza\OneDrive\Proyectos\Codigo Fuente\repos\HumanCore\src\TalenHuman.API\TalenHuman.API.csproj" (target "_GenerateRestoreProjectPathItems" depends on it):
   5:2>Done building target "_GenerateRestoreProjectPathItemsCurrentProject" in project "TalenHuman.API.csproj".
   5:2>Target "_GenerateRestoreProjectPathItems" in file "C:\Program Files\dotnet\sdk\8.0.302\NuGet.targets" from project "D:\Tito Pedraza\OneDrive\Proyectos\Codigo Fuente\repos\HumanCore\src\TalenHuman.API\TalenHuman.API.csproj" (target "_GenerateRestoreProjectPathWalk" depends on it):
       Using "RemoveDuplicates" task from assembly "Microsoft.Build.Tasks.Core, Version=15.1.0.0, Culture=neutral, PublicKeyToken=b03f5f7f11d50a3a".
       Task "RemoveDuplicates"
   2:2>Done executing task "MSBuild".
       Task "MSBuild" skipped, due to false condition; ( '$(RestoreUseSkipNonexistentTargets)' != 'true' ) was evaluated as ( 'true' != 'true' ).
       Task "RemoveDuplicates"
   5:2>Done executing task "RemoveDuplicates".
   2:2>Done executing task "RemoveDuplicates".
   2:2>Done building target "_GenerateRestoreProjectPathWalk" in project "TalenHuman.Application.csproj".
   2:2>Done Building Project "D:\Tito Pedraza\OneDrive\Proyectos\Codigo Fuente\repos\HumanCore\src\TalenHuman.Application\TalenHuman.Application.csproj" (_GenerateRestoreProjectPathWalk target(s)).
   5:2>Done building target "_GenerateRestoreProjectPathItems" in project "TalenHuman.API.csproj".
   5:2>Target "_GenerateRestoreProjectPathWalk" in file "C:\Program Files\dotnet\sdk\8.0.302\NuGet.targets" from project "D:\Tito Pedraza\OneDrive\Proyectos\Codigo Fuente\repos\HumanCore\src\TalenHuman.API\TalenHuman.API.csproj" (entry point):
       Using "MSBuild" task from assembly "Microsoft.Build.Tasks.Core, Version=15.1.0.0, Culture=neutral, PublicKeyToken=b03f5f7f11d50a3a".
       Task "MSBuild"
   4:2>Project "D:\Tito Pedraza\OneDrive\Proyectos\Codigo Fuente\repos\HumanCore\src\TalenHuman.Infrastructure\TalenHuman.Infrastructure.csproj" (4:2) is building "D:\Tito Pedraza\OneDrive\Proyectos\Codigo Fuente\repos\HumanCore\src\TalenHuman.Application\TalenHuman.Application.csproj" (2:3) on node 4 (_GenerateRestoreProjectPathWalk target(s)).
   2:3>Target "_GenerateRestoreProjectPathWalk" skipped. Previously built successfully.
   2:3>Done Building Project "D:\Tito Pedraza\OneDrive\Proyectos\Codigo Fuente\repos\HumanCore\src\TalenHuman.Application\TalenHuman.Application.csproj" (_GenerateRestoreProjectPathWalk target(s)).
   5:2>_GenerateRestoreProjectPathWalk:
         Global Properties:
           ExcludeRestorePackageImports=true
           _RestoreSolutionFileUsed=true
           SolutionDir=D:\Tito Pedraza\OneDrive\Proyectos\Codigo Fuente\repos\HumanCore\src\
           SolutionName=TalenHuman
           SolutionFileName=TalenHuman.sln
           SolutionPath=D:\Tito Pedraza\OneDrive\Proyectos\Codigo Fuente\repos\HumanCore\src\TalenHuman.sln
           SolutionExt=.sln
   5:2>Project "D:\Tito Pedraza\OneDrive\Proyectos\Codigo Fuente\repos\HumanCore\src\TalenHuman.API\TalenHuman.API.csproj" (5:2) is building "D:\Tito Pedraza\OneDrive\Proyectos\Codigo Fuente\repos\HumanCore\src\TalenHuman.Application\TalenHuman.Application.csproj" (2:4) on node 1 (_GenerateRestoreProjectPathWalk target(s)).
   2:4>Target "_GenerateRestoreProjectPathWalk" skipped. Previously built successfully.
   2:4>Done Building Project "D:\Tito Pedraza\OneDrive\Proyectos\Codigo Fuente\repos\HumanCore\src\TalenHuman.Application\TalenHuman.Application.csproj" (_GenerateRestoreProjectPathWalk target(s)).
   4:2>Done executing task "MSBuild".
       Task "MSBuild" skipped, due to false condition; ( '$(RestoreUseSkipNonexistentTargets)' != 'true' ) was evaluated as ( 'true' != 'true' ).
       Task "RemoveDuplicates"
       Done executing task "RemoveDuplicates".
   4:2>Done building target "_GenerateRestoreProjectPathWalk" in project "TalenHuman.Infrastructure.csproj".
   4:2>Done Building Project "D:\Tito Pedraza\OneDrive\Proyectos\Codigo Fuente\repos\HumanCore\src\TalenHuman.Infrastructure\TalenHuman.Infrastructure.csproj" (_GenerateRestoreProjectPathWalk target(s)).
   5:2>Project "D:\Tito Pedraza\OneDrive\Proyectos\Codigo Fuente\repos\HumanCore\src\TalenHuman.API\TalenHuman.API.csproj" (5:2) is building "D:\Tito Pedraza\OneDrive\Proyectos\Codigo Fuente\repos\HumanCore\src\TalenHuman.Infrastructure\TalenHuman.Infrastructure.csproj" (4:3) on node 3 (_GenerateRestoreProjectPathWalk target(s)).
   4:3>Target "_GenerateRestoreProjectPathWalk" skipped. Previously built successfully.
   4:3>Done Building Project "D:\Tito Pedraza\OneDrive\Proyectos\Codigo Fuente\repos\HumanCore\src\TalenHuman.Infrastructure\TalenHuman.Infrastructure.csproj" (_GenerateRestoreProjectPathWalk target(s)).
   5:2>Done executing task "MSBuild".
       Task "MSBuild" skipped, due to false condition; ( '$(RestoreUseSkipNonexistentTargets)' != 'true' ) was evaluated as ( 'true' != 'true' ).
       Task "RemoveDuplicates"
       Done executing task "RemoveDuplicates".
   5:2>Done building target "_GenerateRestoreProjectPathWalk" in project "TalenHuman.API.csproj".
   5:2>Done Building Project "D:\Tito Pedraza\OneDrive\Proyectos\Codigo Fuente\repos\HumanCore\src\TalenHuman.API\TalenHuman.API.csproj" (_GenerateRestoreProjectPathWalk target(s)).
     1>Done executing task "MSBuild".
       Task "MSBuild" skipped, due to false condition; ( '$(RestoreUseSkipNonexistentTargets)' != 'true' ) was evaluated as ( 'true' != 'true' ).
       Task "RemoveDuplicates"
       Done executing task "RemoveDuplicates".
       Task "MSBuild"
         Global Properties:
           ExcludeRestorePackageImports=true
           _RestoreSolutionFileUsed=true
           SolutionDir=D:\Tito Pedraza\OneDrive\Proyectos\Codigo Fuente\repos\HumanCore\src\
           SolutionName=TalenHuman
           SolutionFileName=TalenHuman.sln
           SolutionPath=D:\Tito Pedraza\OneDrive\Proyectos\Codigo Fuente\repos\HumanCore\src\TalenHuman.sln
           SolutionExt=.sln
         Additional Properties for project "D:\Tito Pedraza\OneDrive\Proyectos\Codigo Fuente\repos\HumanCore\src\TalenHuman.Application\TalenHuman.Application.csproj":
           Configuration=Debug
           Platform=AnyCPU
         Additional Properties for project "D:\Tito Pedraza\OneDrive\Proyectos\Codigo Fuente\repos\HumanCore\src\TalenHuman.Infrastructure\TalenHuman.Infrastructure.csproj":
           Configuration=Debug
           Platform=AnyCPU
         Additional Properties for project "D:\Tito Pedraza\OneDrive\Proyectos\Codigo Fuente\repos\HumanCore\src\TalenHuman.Domain\TalenHuman.Domain.csproj":
           Configuration=Debug
           Platform=AnyCPU
         Additional Properties for project "D:\Tito Pedraza\OneDrive\Proyectos\Codigo Fuente\repos\HumanCore\src\TalenHuman.API\TalenHuman.API.csproj":
           Configuration=Debug
           Platform=AnyCPU
     1>Project "D:\Tito Pedraza\OneDrive\Proyectos\Codigo Fuente\repos\HumanCore\src\TalenHuman.sln" (1) is building "D:\Tito Pedraza\OneDrive\Proyectos\Codigo Fuente\repos\HumanCore\src\TalenHuman.Application\TalenHuman.Application.csproj" (2:5) on node 1 (_IsProjectRestoreSupported target(s)).
   2:5>Target "_IsProjectRestoreSupported" skipped. Previously built successfully.
   2:5>Done Building Project "D:\Tito Pedraza\OneDrive\Proyectos\Codigo Fuente\repos\HumanCore\src\TalenHuman.Application\TalenHuman.Application.csproj" (_IsProjectRestoreSupported target(s)).
     1>Project "D:\Tito Pedraza\OneDrive\Proyectos\Codigo Fuente\repos\HumanCore\src\TalenHuman.sln" (1) is building "D:\Tito Pedraza\OneDrive\Proyectos\Codigo Fuente\repos\HumanCore\src\TalenHuman.Infrastructure\TalenHuman.Infrastructure.csproj" (4:4) on node 1 (_IsProjectRestoreSupported target(s)).
   4:4>Target "_IsProjectRestoreSupported" skipped. Previously built successfully.
   4:4>Done Building Project "D:\Tito Pedraza\OneDrive\Proyectos\Codigo Fuente\repos\HumanCore\src\TalenHuman.Infrastructure\TalenHuman.Infrastructure.csproj" (_IsProjectRestoreSupported target(s)).
     1>Project "D:\Tito Pedraza\OneDrive\Proyectos\Codigo Fuente\repos\HumanCore\src\TalenHuman.sln" (1) is building "D:\Tito Pedraza\OneDrive\Proyectos\Codigo Fuente\repos\HumanCore\src\TalenHuman.Domain\TalenHuman.Domain.csproj" (3:4) on node 1 (_IsProjectRestoreSupported target(s)).
   3:4>Target "_IsProjectRestoreSupported" skipped. Previously built successfully.
   3:4>Done Building Project "D:\Tito Pedraza\OneDrive\Proyectos\Codigo Fuente\repos\HumanCore\src\TalenHuman.Domain\TalenHuman.Domain.csproj" (_IsProjectRestoreSupported target(s)).
     1>Project "D:\Tito Pedraza\OneDrive\Proyectos\Codigo Fuente\repos\HumanCore\src\TalenHuman.sln" (1) is building "D:\Tito Pedraza\OneDrive\Proyectos\Codigo Fuente\repos\HumanCore\src\TalenHuman.API\TalenHuman.API.csproj" (5:3) on node 1 (_IsProjectRestoreSupported target(s)).
   5:3>Target "_IsProjectRestoreSupported" skipped. Previously built successfully.
   5:3>Done Building Project "D:\Tito Pedraza\OneDrive\Proyectos\Codigo Fuente\repos\HumanCore\src\TalenHuman.API\TalenHuman.API.csproj" (_IsProjectRestoreSupported target(s)).
     1>Done executing task "MSBuild".
       Task "MSBuild" skipped, due to false condition; ( '$(RestoreUseSkipNonexistentTargets)' != 'true' ) was evaluated as ( 'true' != 'true' ).
     1>Done building target "_GetAllRestoreProjectPathItems" in project "TalenHuman.sln".
     1>Target "_GenerateRestoreGraph" in file "C:\Program Files\dotnet\sdk\8.0.302\NuGet.targets" from project "D:\Tito Pedraza\OneDrive\Proyectos\Codigo Fuente\repos\HumanCore\src\TalenHuman.sln" (target "Restore" depends on it):
       Task "Message"
         Generating dg file
       Done executing task "Message".
       Task "Message"
         D:\Tito Pedraza\OneDrive\Proyectos\Codigo Fuente\repos\HumanCore\src\TalenHuman.Application\TalenHuman.Application.csproj
       Done executing task "Message".
       Task "Message"
         D:\Tito Pedraza\OneDrive\Proyectos\Codigo Fuente\repos\HumanCore\src\TalenHuman.Infrastructure\TalenHuman.Infrastructure.csproj
       Done executing task "Message".
       Task "Message"
         D:\Tito Pedraza\OneDrive\Proyectos\Codigo Fuente\repos\HumanCore\src\TalenHuman.Domain\TalenHuman.Domain.csproj
       Done executing task "Message".
       Task "Message"
         D:\Tito Pedraza\OneDrive\Proyectos\Codigo Fuente\repos\HumanCore\src\TalenHuman.API\TalenHuman.API.csproj
       Done executing task "Message".
       Task "MSBuild"
         Global Properties:
           ExcludeRestorePackageImports=true
           _RestoreSolutionFileUsed=true
           SolutionDir=D:\Tito Pedraza\OneDrive\Proyectos\Codigo Fuente\repos\HumanCore\src\
           SolutionName=TalenHuman
           SolutionFileName=TalenHuman.sln
           SolutionPath=D:\Tito Pedraza\OneDrive\Proyectos\Codigo Fuente\repos\HumanCore\src\TalenHuman.sln
           SolutionExt=.sln
         Additional Properties for project "D:\Tito Pedraza\OneDrive\Proyectos\Codigo Fuente\repos\HumanCore\src\TalenHuman.Application\TalenHuman.Application.csproj":
           Configuration=Debug
           Platform=AnyCPU
         Additional Properties for project "D:\Tito Pedraza\OneDrive\Proyectos\Codigo Fuente\repos\HumanCore\src\TalenHuman.Infrastructure\TalenHuman.Infrastructure.csproj":
           Configuration=Debug
           Platform=AnyCPU
         Additional Properties for project "D:\Tito Pedraza\OneDrive\Proyectos\Codigo Fuente\repos\HumanCore\src\TalenHuman.Domain\TalenHuman.Domain.csproj":
           Configuration=Debug
           Platform=AnyCPU
         Additional Properties for project "D:\Tito Pedraza\OneDrive\Proyectos\Codigo Fuente\repos\HumanCore\src\TalenHuman.API\TalenHuman.API.csproj":
           Configuration=Debug
           Platform=AnyCPU
     1>Project "D:\Tito Pedraza\OneDrive\Proyectos\Codigo Fuente\repos\HumanCore\src\TalenHuman.sln" (1) is building "D:\Tito Pedraza\OneDrive\Proyectos\Codigo Fuente\repos\HumanCore\src\TalenHuman.API\TalenHuman.API.csproj" (5:4) on node 1 (_GenerateRestoreGraphProjectEntry target(s)).
   5:4>Target "_GetProjectJsonPath" in file "C:\Program Files\dotnet\sdk\8.0.302\NuGet.targets" from project "D:\Tito Pedraza\OneDrive\Proyectos\Codigo Fuente\repos\HumanCore\src\TalenHuman.API\TalenHuman.API.csproj" (target "_GetRestoreProjectStyle" depends on it):
   5:4>Task "GetRestoreProjectJsonPathTask" skipped, due to false condition; ( '$(RestoreProjectStyle)' == 'ProjectJson' OR '$(RestoreProjectStyle)' == '' ) was evaluated as ( 'PackageReference' == 'ProjectJson' OR 'PackageReference' == '' ).
   5:4>Done building target "_GetProjectJsonPath" in project "TalenHuman.API.csproj".
     1>Project "D:\Tito Pedraza\OneDrive\Proyectos\Codigo Fuente\repos\HumanCore\src\TalenHuman.sln" (1) is building "D:\Tito Pedraza\OneDrive\Proyectos\Codigo Fuente\repos\HumanCore\src\TalenHuman.Infrastructure\TalenHuman.Infrastructure.csproj" (4:5) on node 3 (_GenerateRestoreGraphProjectEntry target(s)).
   4:5>Target "_GetProjectJsonPath" in file "C:\Program Files\dotnet\sdk\8.0.302\NuGet.targets" from project "D:\Tito Pedraza\OneDrive\Proyectos\Codigo Fuente\repos\HumanCore\src\TalenHuman.Infrastructure\TalenHuman.Infrastructure.csproj" (target "_GetRestoreProjectStyle" depends on it):
   4:5>Task "GetRestoreProjectJsonPathTask" skipped, due to false condition; ( '$(RestoreProjectStyle)' == 'ProjectJson' OR '$(RestoreProjectStyle)' == '' ) was evaluated as ( 'PackageReference' == 'ProjectJson' OR 'PackageReference' == '' ).
     1>Project "D:\Tito Pedraza\OneDrive\Proyectos\Codigo Fuente\repos\HumanCore\src\TalenHuman.sln" (1) is building "D:\Tito Pedraza\OneDrive\Proyectos\Codigo Fuente\repos\HumanCore\src\TalenHuman.Application\TalenHuman.Application.csproj" (2:6) on node 4 (_GenerateRestoreGraphProjectEntry target(s)).
   2:6>Target "_GetProjectJsonPath" in file "C:\Program Files\dotnet\sdk\8.0.302\NuGet.targets" from project "D:\Tito Pedraza\OneDrive\Proyectos\Codigo Fuente\repos\HumanCore\src\TalenHuman.Application\TalenHuman.Application.csproj" (target "_GetRestoreProjectStyle" depends on it):
   2:6>Task "GetRestoreProjectJsonPathTask" skipped, due to false condition; ( '$(RestoreProjectStyle)' == 'ProjectJson' OR '$(RestoreProjectStyle)' == '' ) was evaluated as ( 'PackageReference' == 'ProjectJson' OR 'PackageReference' == '' ).
   4:5>Done building target "_GetProjectJsonPath" in project "TalenHuman.Infrastructure.csproj".
   2:6>Done building target "_GetProjectJsonPath" in project "TalenHuman.Application.csproj".
   4:5>Target "_CheckForUnsupportedTargetPlatformIdentifier" skipped, due to false condition; ('$(TargetPlatformIdentifier)' != '' and '$(TargetFrameworkIdentifier)' == '.NETCoreApp' and $([MSBuild]::VersionGreaterThanOrEquals($(TargetFrameworkVersion), 5.0)) And ('$(DesignTimeBuild)' != 'true' Or '@(MissingWorkloadPack)' == '')) was evaluated as ('' != '' and '.NETCoreApp' == '.NETCoreApp' and True And ('' != 'true' Or '' == '')).
   2:6>Target "_CheckForUnsupportedTargetPlatformIdentifier" skipped, due to false condition; ('$(TargetPlatformIdentifier)' != '' and '$(TargetFrameworkIdentifier)' == '.NETCoreApp' and $([MSBuild]::VersionGreaterThanOrEquals($(TargetFrameworkVersion), 5.0)) And ('$(DesignTimeBuild)' != 'true' Or '@(MissingWorkloadPack)' == '')) was evaluated as ('' != '' and '.NETCoreApp' == '.NETCoreApp' and True And ('' != 'true' Or '' == '')).
   5:4>Target "_CheckForUnsupportedTargetPlatformIdentifier" skipped, due to false condition; ('$(TargetPlatformIdentifier)' != '' and '$(TargetFrameworkIdentifier)' == '.NETCoreApp' and $([MSBuild]::VersionGreaterThanOrEquals($(TargetFrameworkVersion), 5.0)) And ('$(DesignTimeBuild)' != 'true' Or '@(MissingWorkloadPack)' == '')) was evaluated as ('' != '' and '.NETCoreApp' == '.NETCoreApp' and True And ('' != 'true' Or '' == '')).
     1>Project "D:\Tito Pedraza\OneDrive\Proyectos\Codigo Fuente\repos\HumanCore\src\TalenHuman.sln" (1) is building "D:\Tito Pedraza\OneDrive\Proyectos\Codigo Fuente\repos\HumanCore\src\TalenHuman.Domain\TalenHuman.Domain.csproj" (3:5) on node 2 (_GenerateRestoreGraphProjectEntry target(s)).
   3:5>Target "_GetProjectJsonPath" in file "C:\Program Files\dotnet\sdk\8.0.302\NuGet.targets" from project "D:\Tito Pedraza\OneDrive\Proyectos\Codigo Fuente\repos\HumanCore\src\TalenHuman.Domain\TalenHuman.Domain.csproj" (target "_GetRestoreProjectStyle" depends on it):
   3:5>Task "GetRestoreProjectJsonPathTask" skipped, due to false condition; ( '$(RestoreProjectStyle)' == 'ProjectJson' OR '$(RestoreProjectStyle)' == '' ) was evaluated as ( 'PackageReference' == 'ProjectJson' OR 'PackageReference' == '' ).
   5:4>Target "_CheckForMissingWorkload" skipped, due to false condition; ('@(MissingWorkloadPack)' != '' And '$(DesignTimeBuild)' != 'true') was evaluated as ('' != '' And '' != 'true').
   3:5>Done building target "_GetProjectJsonPath" in project "TalenHuman.Domain.csproj".
   4:5>Target "_CheckForMissingWorkload" skipped, due to false condition; ('@(MissingWorkloadPack)' != '' And '$(DesignTimeBuild)' != 'true') was evaluated as ('' != '' And '' != 'true').
   2:6>Target "_CheckForMissingWorkload" skipped, due to false condition; ('@(MissingWorkloadPack)' != '' And '$(DesignTimeBuild)' != 'true') was evaluated as ('' != '' And '' != 'true').
   3:5>Target "_CheckForUnsupportedTargetPlatformIdentifier" skipped, due to false condition; ('$(TargetPlatformIdentifier)' != '' and '$(TargetFrameworkIdentifier)' == '.NETCoreApp' and $([MSBuild]::VersionGreaterThanOrEquals($(TargetFrameworkVersion), 5.0)) And ('$(DesignTimeBuild)' != 'true' Or '@(MissingWorkloadPack)' == '')) was evaluated as ('' != '' and '.NETCoreApp' == '.NETCoreApp' and True And ('' != 'true' Or '' == '')).
   2:6>Target "_CheckForUnsupportedNETCoreVersion" in file "C:\Program Files\dotnet\sdk\8.0.302\Sdks\Microsoft.NET.Sdk\targets\Microsoft.NET.TargetFrameworkInference.targets" from project "D:\Tito Pedraza\OneDrive\Proyectos\Codigo Fuente\repos\HumanCore\src\TalenHuman.Application\TalenHuman.Application.csproj" (target "CollectPackageReferences" depends on it):
   2:6>Task "NETSdkError" skipped, due to false condition; ('$(_TargetFrameworkVersionWithoutV)' > '$(NETCoreAppMaximumVersion)' and '$(DisplayVSMessage)' != 'true') was evaluated as ('8.0' > '8.0' and '' != 'true').
   4:5>Target "_CheckForUnsupportedNETCoreVersion" in file "C:\Program Files\dotnet\sdk\8.0.302\Sdks\Microsoft.NET.Sdk\targets\Microsoft.NET.TargetFrameworkInference.targets" from project "D:\Tito Pedraza\OneDrive\Proyectos\Codigo Fuente\repos\HumanCore\src\TalenHuman.Infrastructure\TalenHuman.Infrastructure.csproj" (target "CollectPackageReferences" depends on it):
   4:5>Task "NETSdkError" skipped, due to false condition; ('$(_TargetFrameworkVersionWithoutV)' > '$(NETCoreAppMaximumVersion)' and '$(DisplayVSMessage)' != 'true') was evaluated as ('8.0' > '8.0' and '' != 'true').
   3:5>Target "_CheckForMissingWorkload" skipped, due to false condition; ('@(MissingWorkloadPack)' != '' And '$(DesignTimeBuild)' != 'true') was evaluated as ('' != '' And '' != 'true').
   4:5>_CheckForUnsupportedNETCoreVersion:
       Task "NETSdkError" skipped, due to false condition; ('$(DisplayVSMessage)' == 'true') was evaluated as ('' == 'true').
   2:6>_CheckForUnsupportedNETCoreVersion:
       Task "NETSdkError" skipped, due to false condition; ('$(DisplayVSMessage)' == 'true') was evaluated as ('' == 'true').
   5:4>Target "_CheckForUnsupportedNETCoreVersion" in file "C:\Program Files\dotnet\sdk\8.0.302\Sdks\Microsoft.NET.Sdk\targets\Microsoft.NET.TargetFrameworkInference.targets" from project "D:\Tito Pedraza\OneDrive\Proyectos\Codigo Fuente\repos\HumanCore\src\TalenHuman.API\TalenHuman.API.csproj" (target "CollectPackageReferences" depends on it):
   5:4>Task "NETSdkError" skipped, due to false condition; ('$(_TargetFrameworkVersionWithoutV)' > '$(NETCoreAppMaximumVersion)' and '$(DisplayVSMessage)' != 'true') was evaluated as ('8.0' > '8.0' and '' != 'true').
   4:5>Done building target "_CheckForUnsupportedNETCoreVersion" in project "TalenHuman.Infrastructure.csproj".
   2:6>Done building target "_CheckForUnsupportedNETCoreVersion" in project "TalenHuman.Application.csproj".
   5:4>_CheckForUnsupportedNETCoreVersion:
       Task "NETSdkError" skipped, due to false condition; ('$(DisplayVSMessage)' == 'true') was evaluated as ('' == 'true').
   5:4>Done building target "_CheckForUnsupportedNETCoreVersion" in project "TalenHuman.API.csproj".
   3:5>Target "_CheckForUnsupportedNETCoreVersion" in file "C:\Program Files\dotnet\sdk\8.0.302\Sdks\Microsoft.NET.Sdk\targets\Microsoft.NET.TargetFrameworkInference.targets" from project "D:\Tito Pedraza\OneDrive\Proyectos\Codigo Fuente\repos\HumanCore\src\TalenHuman.Domain\TalenHuman.Domain.csproj" (target "CollectPackageReferences" depends on it):
   3:5>Task "NETSdkError" skipped, due to false condition; ('$(_TargetFrameworkVersionWithoutV)' > '$(NETCoreAppMaximumVersion)' and '$(DisplayVSMessage)' != 'true') was evaluated as ('8.0' > '8.0' and '' != 'true').
   4:5>Target "_CheckForEolTargetFrameworks" skipped, due to false condition; ('@(_EolNetCoreTargetFrameworkVersions->AnyHaveMetadataValue('Identity', '$(_TargetFrameworkVersionWithoutV)'))' and '$(TargetFrameworkIdentifier)' == '.NETCoreApp' and '$(CheckEolTargetFramework)' == 'true') was evaluated as ('false' and '.NETCoreApp' == '.NETCoreApp' and '' == 'true').
   2:6>Target "_CheckForEolTargetFrameworks" skipped, due to false condition; ('@(_EolNetCoreTargetFrameworkVersions->AnyHaveMetadataValue('Identity', '$(_TargetFrameworkVersionWithoutV)'))' and '$(TargetFrameworkIdentifier)' == '.NETCoreApp' and '$(CheckEolTargetFramework)' == 'true') was evaluated as ('false' and '.NETCoreApp' == '.NETCoreApp' and '' == 'true').
   3:5>_CheckForUnsupportedNETCoreVersion:
       Task "NETSdkError" skipped, due to false condition; ('$(DisplayVSMessage)' == 'true') was evaluated as ('' == 'true').
   4:5>Target "_CheckForEolWorkloads" skipped, due to false condition; ('@(EolWorkload)' != '' and '$(CheckEolWorkloads)' == 'true') was evaluated as ('' != '' and 'true' == 'true').
   2:6>Target "_CheckForEolWorkloads" skipped, due to false condition; ('@(EolWorkload)' != '' and '$(CheckEolWorkloads)' == 'true') was evaluated as ('' != '' and 'true' == 'true').
   3:5>Done building target "_CheckForUnsupportedNETCoreVersion" in project "TalenHuman.Domain.csproj".
       Target "_CheckForEolTargetFrameworks" skipped, due to false condition; ('@(_EolNetCoreTargetFrameworkVersions->AnyHaveMetadataValue('Identity', '$(_TargetFrameworkVersionWithoutV)'))' and '$(TargetFrameworkIdentifier)' == '.NETCoreApp' and '$(CheckEolTargetFramework)' == 'true') was evaluated as ('false' and '.NETCoreApp' == '.NETCoreApp' and '' == 'true').
   4:5>Target "_CheckForUnsupportedCppNETCoreVersion" in file "C:\Program Files\dotnet\sdk\8.0.302\Sdks\Microsoft.NET.Sdk\targets\Microsoft.NET.TargetFrameworkInference.targets" from project "D:\Tito Pedraza\OneDrive\Proyectos\Codigo Fuente\repos\HumanCore\src\TalenHuman.Infrastructure\TalenHuman.Infrastructure.csproj" (target "CollectPackageReferences" depends on it):
   4:5>Task "NETSdkError" skipped, due to false condition; ('$(TargetFrameworkIdentifier)' == '.NETCoreApp' and '$(_TargetFrameworkVersionWithoutV)' < '3.1' and ('$(Language)' == 'C++' and '$(_EnablePackageReferencesInVCProjects)' != 'true')) was evaluated as ('.NETCoreApp' == '.NETCoreApp' and '8.0' < '3.1' and ('C#' == 'C++' and '' != 'true')).
   2:6>Target "_CheckForUnsupportedCppNETCoreVersion" in file "C:\Program Files\dotnet\sdk\8.0.302\Sdks\Microsoft.NET.Sdk\targets\Microsoft.NET.TargetFrameworkInference.targets" from project "D:\Tito Pedraza\OneDrive\Proyectos\Codigo Fuente\repos\HumanCore\src\TalenHuman.Application\TalenHuman.Application.csproj" (target "CollectPackageReferences" depends on it):
   2:6>Task "NETSdkError" skipped, due to false condition; ('$(TargetFrameworkIdentifier)' == '.NETCoreApp' and '$(_TargetFrameworkVersionWithoutV)' < '3.1' and ('$(Language)' == 'C++' and '$(_EnablePackageReferencesInVCProjects)' != 'true')) was evaluated as ('.NETCoreApp' == '.NETCoreApp' and '8.0' < '3.1' and ('C#' == 'C++' and '' != 'true')).
   3:5>Target "_CheckForEolWorkloads" skipped, due to false condition; ('@(EolWorkload)' != '' and '$(CheckEolWorkloads)' == 'true') was evaluated as ('' != '' and 'true' == 'true').
   2:6>Done building target "_CheckForUnsupportedCppNETCoreVersion" in project "TalenHuman.Application.csproj".
   4:5>Done building target "_CheckForUnsupportedCppNETCoreVersion" in project "TalenHuman.Infrastructure.csproj".
   2:6>Target "_CheckForUnsupportedNETStandardVersion" skipped, due to false condition; ('$(TargetFrameworkIdentifier)' == '.NETStandard' And '$(NETStandardMaximumVersion)' != '') was evaluated as ('.NETCoreApp' == '.NETStandard' And '' != '').
   3:5>Target "_CheckForUnsupportedCppNETCoreVersion" in file "C:\Program Files\dotnet\sdk\8.0.302\Sdks\Microsoft.NET.Sdk\targets\Microsoft.NET.TargetFrameworkInference.targets" from project "D:\Tito Pedraza\OneDrive\Proyectos\Codigo Fuente\repos\HumanCore\src\TalenHuman.Domain\TalenHuman.Domain.csproj" (target "CollectPackageReferences" depends on it):
   3:5>Task "NETSdkError" skipped, due to false condition; ('$(TargetFrameworkIdentifier)' == '.NETCoreApp' and '$(_TargetFrameworkVersionWithoutV)' < '3.1' and ('$(Language)' == 'C++' and '$(_EnablePackageReferencesInVCProjects)' != 'true')) was evaluated as ('.NETCoreApp' == '.NETCoreApp' and '8.0' < '3.1' and ('C#' == 'C++' and '' != 'true')).
   4:5>Target "_CheckForUnsupportedNETStandardVersion" skipped, due to false condition; ('$(TargetFrameworkIdentifier)' == '.NETStandard' And '$(NETStandardMaximumVersion)' != '') was evaluated as ('.NETCoreApp' == '.NETStandard' And '' != '').
   2:6>Target "_CheckForUnsupportedTargetFrameworkAndFeatureCombination" skipped, due to false condition; ('$(TargetFrameworkIdentifier)' == '.NETFramework') was evaluated as ('.NETCoreApp' == '.NETFramework').
   3:5>Done building target "_CheckForUnsupportedCppNETCoreVersion" in project "TalenHuman.Domain.csproj".
   4:5>Target "_CheckForUnsupportedTargetFrameworkAndFeatureCombination" skipped, due to false condition; ('$(TargetFrameworkIdentifier)' == '.NETFramework') was evaluated as ('.NETCoreApp' == '.NETFramework').
   3:5>Target "_CheckForUnsupportedNETStandardVersion" skipped, due to false condition; ('$(TargetFrameworkIdentifier)' == '.NETStandard' And '$(NETStandardMaximumVersion)' != '') was evaluated as ('.NETCoreApp' == '.NETStandard' And '' != '').
   2:6>Target "UpdateAspNetToFrameworkReference" in file "C:\Program Files\dotnet\sdk\8.0.302\Sdks\Microsoft.NET.Sdk\targets\Microsoft.NET.Sdk.DefaultItems.Shared.targets" from project "D:\Tito Pedraza\OneDrive\Proyectos\Codigo Fuente\repos\HumanCore\src\TalenHuman.Application\TalenHuman.Application.csproj" (target "ApplyImplicitVersions" depends on it):
   2:6>Using "CheckIfPackageReferenceShouldBeFrameworkReference" task from assembly "C:\Program Files\dotnet\sdk\8.0.302\Sdks\Microsoft.NET.Sdk\targets\..\tools\net8.0\Microsoft.NET.Build.Tasks.dll".
   3:5>Target "_CheckForUnsupportedTargetFrameworkAndFeatureCombination" skipped, due to false condition; ('$(TargetFrameworkIdentifier)' == '.NETFramework') was evaluated as ('.NETCoreApp' == '.NETFramework').
   4:5>Target "UpdateAspNetToFrameworkReference" in file "C:\Program Files\dotnet\sdk\8.0.302\Sdks\Microsoft.NET.Sdk\targets\Microsoft.NET.Sdk.DefaultItems.Shared.targets" from project "D:\Tito Pedraza\OneDrive\Proyectos\Codigo Fuente\repos\HumanCore\src\TalenHuman.Infrastructure\TalenHuman.Infrastructure.csproj" (target "ApplyImplicitVersions" depends on it):
   4:5>Using "CheckIfPackageReferenceShouldBeFrameworkReference" task from assembly "C:\Program Files\dotnet\sdk\8.0.302\Sdks\Microsoft.NET.Sdk\targets\..\tools\net8.0\Microsoft.NET.Build.Tasks.dll".
   2:6>Task "CheckIfPackageReferenceShouldBeFrameworkReference"
   4:5>Task "CheckIfPackageReferenceShouldBeFrameworkReference"
   2:6>Done executing task "CheckIfPackageReferenceShouldBeFrameworkReference".
   4:5>Done executing task "CheckIfPackageReferenceShouldBeFrameworkReference".
   2:6>UpdateAspNetToFrameworkReference:
       Task "NETSdkError" skipped, due to false condition; ('$(_ShouldRemoveAspNetCoreAll)' == 'true') was evaluated as ('False' == 'true').
   3:5>Target "UpdateAspNetToFrameworkReference" in file "C:\Program Files\dotnet\sdk\8.0.302\Sdks\Microsoft.NET.Sdk\targets\Microsoft.NET.Sdk.DefaultItems.Shared.targets" from project "D:\Tito Pedraza\OneDrive\Proyectos\Codigo Fuente\repos\HumanCore\src\TalenHuman.Domain\TalenHuman.Domain.csproj" (target "ApplyImplicitVersions" depends on it):
   3:5>Using "CheckIfPackageReferenceShouldBeFrameworkReference" task from assembly "C:\Program Files\dotnet\sdk\8.0.302\Sdks\Microsoft.NET.Sdk\targets\..\tools\net8.0\Microsoft.NET.Build.Tasks.dll".
   4:5>UpdateAspNetToFrameworkReference:
       Task "NETSdkError" skipped, due to false condition; ('$(_ShouldRemoveAspNetCoreAll)' == 'true') was evaluated as ('False' == 'true').
   2:6>Task "CheckIfPackageReferenceShouldBeFrameworkReference"
   3:5>Task "CheckIfPackageReferenceShouldBeFrameworkReference"
   4:5>Task "CheckIfPackageReferenceShouldBeFrameworkReference"
   2:6>Done executing task "CheckIfPackageReferenceShouldBeFrameworkReference".
   3:5>Done executing task "CheckIfPackageReferenceShouldBeFrameworkReference".
   2:6>UpdateAspNetToFrameworkReference:
       Task "NETSdkWarning" skipped, due to false condition; ('$(_ShouldRemoveAspNetCoreApp)' == 'true') was evaluated as ('False' == 'true').
   4:5>Done executing task "CheckIfPackageReferenceShouldBeFrameworkReference".
   2:6>Done building target "UpdateAspNetToFrameworkReference" in project "TalenHuman.Application.csproj".
   4:5>UpdateAspNetToFrameworkReference:
       Task "NETSdkWarning" skipped, due to false condition; ('$(_ShouldRemoveAspNetCoreApp)' == 'true') was evaluated as ('False' == 'true').
   3:5>UpdateAspNetToFrameworkReference:
       Task "NETSdkError" skipped, due to false condition; ('$(_ShouldRemoveAspNetCoreAll)' == 'true') was evaluated as ('False' == 'true').
   5:4>Target "_CheckForEolTargetFrameworks" skipped, due to false condition; ('@(_EolNetCoreTargetFrameworkVersions->AnyHaveMetadataValue('Identity', '$(_TargetFrameworkVersionWithoutV)'))' and '$(TargetFrameworkIdentifier)' == '.NETCoreApp' and '$(CheckEolTargetFramework)' == 'true') was evaluated as ('false' and '.NETCoreApp' == '.NETCoreApp' and 'true' == 'true').
   4:5>Done building target "UpdateAspNetToFrameworkReference" in project "TalenHuman.Infrastructure.csproj".
   2:6>Target "IncludeTargetingPackReference" skipped, due to false condition; ('$(TargetFrameworkMoniker)' != '' and '$(TargetFrameworkIdentifier)' == '.NETFramework' and '$(AutomaticallyUseReferenceAssemblyPackages)' == 'true') was evaluated as ('.NETCoreApp,Version=v8.0' != '' and '.NETCoreApp' == '.NETFramework' and 'true' == 'true').
   3:5>Task "CheckIfPackageReferenceShouldBeFrameworkReference"
   5:4>Target "_CheckForEolWorkloads" skipped, due to false condition; ('@(EolWorkload)' != '' and '$(CheckEolWorkloads)' == 'true') was evaluated as ('' != '' and 'true' == 'true').
   4:5>Target "IncludeTargetingPackReference" skipped, due to false condition; ('$(TargetFrameworkMoniker)' != '' and '$(TargetFrameworkIdentifier)' == '.NETFramework' and '$(AutomaticallyUseReferenceAssemblyPackages)' == 'true') was evaluated as ('.NETCoreApp,Version=v8.0' != '' and '.NETCoreApp' == '.NETFramework' and 'true' == 'true').
   3:5>Done executing task "CheckIfPackageReferenceShouldBeFrameworkReference".
       Task "NETSdkWarning" skipped, due to false condition; ('$(_ShouldRemoveAspNetCoreApp)' == 'true') was evaluated as ('False' == 'true').
   2:6>Target "CheckForImplicitPackageReferenceOverrides" in file "C:\Program Files\dotnet\sdk\8.0.302\Sdks\Microsoft.NET.Sdk\targets\Microsoft.NET.Sdk.DefaultItems.Shared.targets" from project "D:\Tito Pedraza\OneDrive\Proyectos\Codigo Fuente\repos\HumanCore\src\TalenHuman.Application\TalenHuman.Application.csproj" (target "ApplyImplicitVersions" depends on it):
   2:6>Using "CheckForImplicitPackageReferenceOverrides" task from assembly "C:\Program Files\dotnet\sdk\8.0.302\Sdks\Microsoft.NET.Sdk\targets\..\tools\net8.0\Microsoft.NET.Build.Tasks.dll".
   5:4>Target "_CheckForUnsupportedCppNETCoreVersion" in file "C:\Program Files\dotnet\sdk\8.0.302\Sdks\Microsoft.NET.Sdk\targets\Microsoft.NET.TargetFrameworkInference.targets" from project "D:\Tito Pedraza\OneDrive\Proyectos\Codigo Fuente\repos\HumanCore\src\TalenHuman.API\TalenHuman.API.csproj" (target "CollectPackageReferences" depends on it):
   5:4>Task "NETSdkError" skipped, due to false condition; ('$(TargetFrameworkIdentifier)' == '.NETCoreApp' and '$(_TargetFrameworkVersionWithoutV)' < '3.1' and ('$(Language)' == 'C++' and '$(_EnablePackageReferencesInVCProjects)' != 'true')) was evaluated as ('.NETCoreApp' == '.NETCoreApp' and '8.0' < '3.1' and ('C#' == 'C++' and '' != 'true')).
   5:4>Done building target "_CheckForUnsupportedCppNETCoreVersion" in project "TalenHuman.API.csproj".
   2:6>Task "CheckForImplicitPackageReferenceOverrides"
   4:5>Target "CheckForImplicitPackageReferenceOverrides" in file "C:\Program Files\dotnet\sdk\8.0.302\Sdks\Microsoft.NET.Sdk\targets\Microsoft.NET.Sdk.DefaultItems.Shared.targets" from project "D:\Tito Pedraza\OneDrive\Proyectos\Codigo Fuente\repos\HumanCore\src\TalenHuman.Infrastructure\TalenHuman.Infrastructure.csproj" (target "ApplyImplicitVersions" depends on it):
   4:5>Using "CheckForImplicitPackageReferenceOverrides" task from assembly "C:\Program Files\dotnet\sdk\8.0.302\Sdks\Microsoft.NET.Sdk\targets\..\tools\net8.0\Microsoft.NET.Build.Tasks.dll".
   5:4>Target "_CheckForUnsupportedNETStandardVersion" skipped, due to false condition; ('$(TargetFrameworkIdentifier)' == '.NETStandard' And '$(NETStandardMaximumVersion)' != '') was evaluated as ('.NETCoreApp' == '.NETStandard' And '' != '').
       Target "_CheckForUnsupportedTargetFrameworkAndFeatureCombination" skipped, due to false condition; ('$(TargetFrameworkIdentifier)' == '.NETFramework') was evaluated as ('.NETCoreApp' == '.NETFramework').
   2:6>Done executing task "CheckForImplicitPackageReferenceOverrides".
   4:5>Task "CheckForImplicitPackageReferenceOverrides"
       Done executing task "CheckForImplicitPackageReferenceOverrides".
   2:6>Done building target "CheckForImplicitPackageReferenceOverrides" in project "TalenHuman.Application.csproj".
   3:5>Done building target "UpdateAspNetToFrameworkReference" in project "TalenHuman.Domain.csproj".
   4:5>Done building target "CheckForImplicitPackageReferenceOverrides" in project "TalenHuman.Infrastructure.csproj".
   3:5>Target "IncludeTargetingPackReference" skipped, due to false condition; ('$(TargetFrameworkMoniker)' != '' and '$(TargetFrameworkIdentifier)' == '.NETFramework' and '$(AutomaticallyUseReferenceAssemblyPackages)' == 'true') was evaluated as ('.NETCoreApp,Version=v8.0' != '' and '.NETCoreApp' == '.NETFramework' and 'true' == 'true').
   2:6>Target "ApplyImplicitVersions" in file "C:\Program Files\dotnet\sdk\8.0.302\Sdks\Microsoft.NET.Sdk\targets\Microsoft.NET.Sdk.DefaultItems.Shared.targets" from project "D:\Tito Pedraza\OneDrive\Proyectos\Codigo Fuente\repos\HumanCore\src\TalenHuman.Application\TalenHuman.Application.csproj" (target "CollectPackageReferences" depends on it):
   2:6>Using "ApplyImplicitVersions" task from assembly "C:\Program Files\dotnet\sdk\8.0.302\Sdks\Microsoft.NET.Sdk\targets\..\tools\net8.0\Microsoft.NET.Build.Tasks.dll".
   4:5>Target "ApplyImplicitVersions" in file "C:\Program Files\dotnet\sdk\8.0.302\Sdks\Microsoft.NET.Sdk\targets\Microsoft.NET.Sdk.DefaultItems.Shared.targets" from project "D:\Tito Pedraza\OneDrive\Proyectos\Codigo Fuente\repos\HumanCore\src\TalenHuman.Infrastructure\TalenHuman.Infrastructure.csproj" (target "CollectPackageReferences" depends on it):
   4:5>Using "ApplyImplicitVersions" task from assembly "C:\Program Files\dotnet\sdk\8.0.302\Sdks\Microsoft.NET.Sdk\targets\..\tools\net8.0\Microsoft.NET.Build.Tasks.dll".
   2:6>Task "ApplyImplicitVersions"
   3:5>Target "CheckForImplicitPackageReferenceOverrides" in file "C:\Program Files\dotnet\sdk\8.0.302\Sdks\Microsoft.NET.Sdk\targets\Microsoft.NET.Sdk.DefaultItems.Shared.targets" from project "D:\Tito Pedraza\OneDrive\Proyectos\Codigo Fuente\repos\HumanCore\src\TalenHuman.Domain\TalenHuman.Domain.csproj" (target "ApplyImplicitVersions" depends on it):
   3:5>Using "CheckForImplicitPackageReferenceOverrides" task from assembly "C:\Program Files\dotnet\sdk\8.0.302\Sdks\Microsoft.NET.Sdk\targets\..\tools\net8.0\Microsoft.NET.Build.Tasks.dll".
   4:5>Task "ApplyImplicitVersions"
   3:5>Task "CheckForImplicitPackageReferenceOverrides"
       Done executing task "CheckForImplicitPackageReferenceOverrides".
   3:5>Done building target "CheckForImplicitPackageReferenceOverrides" in project "TalenHuman.Domain.csproj".
   3:5>Target "ApplyImplicitVersions" in file "C:\Program Files\dotnet\sdk\8.0.302\Sdks\Microsoft.NET.Sdk\targets\Microsoft.NET.Sdk.DefaultItems.Shared.targets" from project "D:\Tito Pedraza\OneDrive\Proyectos\Codigo Fuente\repos\HumanCore\src\TalenHuman.Domain\TalenHuman.Domain.csproj" (target "CollectPackageReferences" depends on it):
       Using "ApplyImplicitVersions" task from assembly "C:\Program Files\dotnet\sdk\8.0.302\Sdks\Microsoft.NET.Sdk\targets\..\tools\net8.0\Microsoft.NET.Build.Tasks.dll".
       Task "ApplyImplicitVersions"
       Done executing task "ApplyImplicitVersions".
   3:5>Done building target "ApplyImplicitVersions" in project "TalenHuman.Domain.csproj".
   4:5>Done executing task "ApplyImplicitVersions".
   2:6>Done executing task "ApplyImplicitVersions".
   2:6>Done building target "ApplyImplicitVersions" in project "TalenHuman.Application.csproj".
   3:5>Target "CheckForImplicitPackageReferenceOverrides" skipped. Previously built successfully.
   2:6>Target "CheckForImplicitPackageReferenceOverrides" skipped. Previously built successfully.
   3:5>Target "AddWindowsSdkKnownFrameworkReferences" skipped, due to false condition; ('$(TargetFrameworkIdentifier)' == '.NETCoreApp' And '$(TargetPlatformIdentifier)' == 'Windows') was evaluated as ('.NETCoreApp' == '.NETCoreApp' And '' == 'Windows').
   2:6>Target "AddWindowsSdkKnownFrameworkReferences" skipped, due to false condition; ('$(TargetFrameworkIdentifier)' == '.NETCoreApp' And '$(TargetPlatformIdentifier)' == 'Windows') was evaluated as ('.NETCoreApp' == '.NETCoreApp' And '' == 'Windows').
   3:5>Target "_NormalizeTargetPlatformVersion" skipped, due to false condition; ('$(TargetPlatformVersion)' != '' and '$(TargetFrameworkIdentifier)' == '.NETCoreApp' and $([MSBuild]::VersionGreaterThanOrEquals($(TargetFrameworkVersion), 5.0)) and ('$(Language)' != 'C++' or '$(_EnablePackageReferencesInVCProjects)' == 'true')) was evaluated as ('' != '' and '.NETCoreApp' == '.NETCoreApp' and True and ('C#' != 'C++' or '' == 'true')).
   4:5>Done building target "ApplyImplicitVersions" in project "TalenHuman.Infrastructure.csproj".
   2:6>Target "_NormalizeTargetPlatformVersion" skipped, due to false condition; ('$(TargetPlatformVersion)' != '' and '$(TargetFrameworkIdentifier)' == '.NETCoreApp' and $([MSBuild]::VersionGreaterThanOrEquals($(TargetFrameworkVersion), 5.0)) and ('$(Language)' != 'C++' or '$(_EnablePackageReferencesInVCProjects)' == 'true')) was evaluated as ('' != '' and '.NETCoreApp' == '.NETCoreApp' and True and ('C#' != 'C++' or '' == 'true')).
   3:5>Target "_CheckForLanguageAndFeatureCombinationSupport" in file "C:\Program Files\dotnet\sdk\8.0.302\Sdks\Microsoft.NET.Sdk\targets\Microsoft.NET.RuntimeIdentifierInference.targets" from project "D:\Tito Pedraza\OneDrive\Proyectos\Codigo Fuente\repos\HumanCore\src\TalenHuman.Domain\TalenHuman.Domain.csproj" (target "ProcessFrameworkReferences" depends on it):
   3:5>Task "NETSdkError" skipped, due to false condition; (('$(Language)' == 'C++' and '$(_EnablePackageReferencesInVCProjects)' != 'true') and $(OutputType) != 'library' and '$(TargetFrameworkIdentifier)' == '.NETCoreApp') was evaluated as (('C#' == 'C++' and '' != 'true') and Library != 'library' and '.NETCoreApp' == '.NETCoreApp').
   2:6>Target "_CheckForLanguageAndFeatureCombinationSupport" in file "C:\Program Files\dotnet\sdk\8.0.302\Sdks\Microsoft.NET.Sdk\targets\Microsoft.NET.RuntimeIdentifierInference.targets" from project "D:\Tito Pedraza\OneDrive\Proyectos\Codigo Fuente\repos\HumanCore\src\TalenHuman.Application\TalenHuman.Application.csproj" (target "ProcessFrameworkReferences" depends on it):
   2:6>Task "NETSdkError" skipped, due to false condition; (('$(Language)' == 'C++' and '$(_EnablePackageReferencesInVCProjects)' != 'true') and $(OutputType) != 'library' and '$(TargetFrameworkIdentifier)' == '.NETCoreApp') was evaluated as (('C#' == 'C++' and '' != 'true') and Library != 'library' and '.NETCoreApp' == '.NETCoreApp').
   3:5>_CheckForLanguageAndFeatureCombinationSupport:
       Task "NETSdkError" skipped, due to false condition; (('$(Language)' == 'C++' and '$(_EnablePackageReferencesInVCProjects)' != 'true') and $(EnableComHosting) == 'true') was evaluated as (('C#' == 'C++' and '' != 'true') and  == 'true').
   4:5>Target "CheckForImplicitPackageReferenceOverrides" skipped. Previously built successfully.
   2:6>_CheckForLanguageAndFeatureCombinationSupport:
       Task "NETSdkError" skipped, due to false condition; (('$(Language)' == 'C++' and '$(_EnablePackageReferencesInVCProjects)' != 'true') and $(EnableComHosting) == 'true') was evaluated as (('C#' == 'C++' and '' != 'true') and  == 'true').
   3:5>_CheckForLanguageAndFeatureCombinationSupport:
       Task "NETSdkError" skipped, due to false condition; (('$(Language)' == 'C++' and '$(_EnablePackageReferencesInVCProjects)' != 'true') and $(SelfContained) == 'true') was evaluated as (('C#' == 'C++' and '' != 'true') and  == 'true').
   3:5>Done building target "_CheckForLanguageAndFeatureCombinationSupport" in project "TalenHuman.Domain.csproj".
   2:6>_CheckForLanguageAndFeatureCombinationSupport:
       Task "NETSdkError" skipped, due to false condition; (('$(Language)' == 'C++' and '$(_EnablePackageReferencesInVCProjects)' != 'true') and $(SelfContained) == 'true') was evaluated as (('C#' == 'C++' and '' != 'true') and  == 'true').
   4:5>Target "AddWindowsSdkKnownFrameworkReferences" skipped, due to false condition; ('$(TargetFrameworkIdentifier)' == '.NETCoreApp' And '$(TargetPlatformIdentifier)' == 'Windows') was evaluated as ('.NETCoreApp' == '.NETCoreApp' And '' == 'Windows').
   2:6>Done building target "_CheckForLanguageAndFeatureCombinationSupport" in project "TalenHuman.Application.csproj".
   3:5>Target "_ComputeToolPackInputsToProcessFrameworkReferences" in file "C:\Program Files\dotnet\sdk\8.0.302\Sdks\Microsoft.NET.Sdk\targets\Microsoft.NET.Publish.targets" from project "D:\Tito Pedraza\OneDrive\Proyectos\Codigo Fuente\repos\HumanCore\src\TalenHuman.Domain\TalenHuman.Domain.csproj" (target "ProcessFrameworkReferences" depends on it):
   3:5>Done building target "_ComputeToolPackInputsToProcessFrameworkReferences" in project "TalenHuman.Domain.csproj".
   4:5>Target "_NormalizeTargetPlatformVersion" skipped, due to false condition; ('$(TargetPlatformVersion)' != '' and '$(TargetFrameworkIdentifier)' == '.NETCoreApp' and $([MSBuild]::VersionGreaterThanOrEquals($(TargetFrameworkVersion), 5.0)) and ('$(Language)' != 'C++' or '$(_EnablePackageReferencesInVCProjects)' == 'true')) was evaluated as ('' != '' and '.NETCoreApp' == '.NETCoreApp' and True and ('C#' != 'C++' or '' == 'true')).
   2:6>Target "_ComputeToolPackInputsToProcessFrameworkReferences" in file "C:\Program Files\dotnet\sdk\8.0.302\Sdks\Microsoft.NET.Sdk\targets\Microsoft.NET.Publish.targets" from project "D:\Tito Pedraza\OneDrive\Proyectos\Codigo Fuente\repos\HumanCore\src\TalenHuman.Application\TalenHuman.Application.csproj" (target "ProcessFrameworkReferences" depends on it):
   2:6>Done building target "_ComputeToolPackInputsToProcessFrameworkReferences" in project "TalenHuman.Application.csproj".
   3:5>Target "ProcessFrameworkReferences" in file "C:\Program Files\dotnet\sdk\8.0.302\Sdks\Microsoft.NET.Sdk\targets\Microsoft.NET.Sdk.FrameworkReferenceResolution.targets" from project "D:\Tito Pedraza\OneDrive\Proyectos\Codigo Fuente\repos\HumanCore\src\TalenHuman.Domain\TalenHuman.Domain.csproj" (target "CollectPackageReferences" depends on it):
   3:5>Using "CheckForDuplicateFrameworkReferences" task from assembly "C:\Program Files\dotnet\sdk\8.0.302\Sdks\Microsoft.NET.Sdk\targets\..\tools\net8.0\Microsoft.NET.Build.Tasks.dll".
       Task "CheckForDuplicateFrameworkReferences"
   2:6>Target "ProcessFrameworkReferences" in file "C:\Program Files\dotnet\sdk\8.0.302\Sdks\Microsoft.NET.Sdk\targets\Microsoft.NET.Sdk.FrameworkReferenceResolution.targets" from project "D:\Tito Pedraza\OneDrive\Proyectos\Codigo Fuente\repos\HumanCore\src\TalenHuman.Application\TalenHuman.Application.csproj" (target "CollectPackageReferences" depends on it):
   2:6>Using "CheckForDuplicateFrameworkReferences" task from assembly "C:\Program Files\dotnet\sdk\8.0.302\Sdks\Microsoft.NET.Sdk\targets\..\tools\net8.0\Microsoft.NET.Build.Tasks.dll".
   4:5>Target "_CheckForLanguageAndFeatureCombinationSupport" in file "C:\Program Files\dotnet\sdk\8.0.302\Sdks\Microsoft.NET.Sdk\targets\Microsoft.NET.RuntimeIdentifierInference.targets" from project "D:\Tito Pedraza\OneDrive\Proyectos\Codigo Fuente\repos\HumanCore\src\TalenHuman.Infrastructure\TalenHuman.Infrastructure.csproj" (target "ProcessFrameworkReferences" depends on it):
   4:5>Task "NETSdkError" skipped, due to false condition; (('$(Language)' == 'C++' and '$(_EnablePackageReferencesInVCProjects)' != 'true') and $(OutputType) != 'library' and '$(TargetFrameworkIdentifier)' == '.NETCoreApp') was evaluated as (('C#' == 'C++' and '' != 'true') and Library != 'library' and '.NETCoreApp' == '.NETCoreApp').
   2:6>Task "CheckForDuplicateFrameworkReferences"
   4:5>_CheckForLanguageAndFeatureCombinationSupport:
       Task "NETSdkError" skipped, due to false condition; (('$(Language)' == 'C++' and '$(_EnablePackageReferencesInVCProjects)' != 'true') and $(EnableComHosting) == 'true') was evaluated as (('C#' == 'C++' and '' != 'true') and  == 'true').
   3:5>Done executing task "CheckForDuplicateFrameworkReferences".
   4:5>_CheckForLanguageAndFeatureCombinationSupport:
       Task "NETSdkError" skipped, due to false condition; (('$(Language)' == 'C++' and '$(_EnablePackageReferencesInVCProjects)' != 'true') and $(SelfContained) == 'true') was evaluated as (('C#' == 'C++' and '' != 'true') and  == 'true').
   2:6>Done executing task "CheckForDuplicateFrameworkReferences".
   4:5>Done building target "_CheckForLanguageAndFeatureCombinationSupport" in project "TalenHuman.Infrastructure.csproj".
   4:5>Target "_ComputeToolPackInputsToProcessFrameworkReferences" in file "C:\Program Files\dotnet\sdk\8.0.302\Sdks\Microsoft.NET.Sdk\targets\Microsoft.NET.Publish.targets" from project "D:\Tito Pedraza\OneDrive\Proyectos\Codigo Fuente\repos\HumanCore\src\TalenHuman.Infrastructure\TalenHuman.Infrastructure.csproj" (target "ProcessFrameworkReferences" depends on it):
   4:5>Done building target "_ComputeToolPackInputsToProcessFrameworkReferences" in project "TalenHuman.Infrastructure.csproj".
   3:5>ProcessFrameworkReferences:
       Using "ProcessFrameworkReferences" task from assembly "C:\Program Files\dotnet\sdk\8.0.302\Sdks\Microsoft.NET.Sdk\targets\..\tools\net8.0\Microsoft.NET.Build.Tasks.dll".
   4:5>Target "ProcessFrameworkReferences" in file "C:\Program Files\dotnet\sdk\8.0.302\Sdks\Microsoft.NET.Sdk\targets\Microsoft.NET.Sdk.FrameworkReferenceResolution.targets" from project "D:\Tito Pedraza\OneDrive\Proyectos\Codigo Fuente\repos\HumanCore\src\TalenHuman.Infrastructure\TalenHuman.Infrastructure.csproj" (target "CollectPackageReferences" depends on it):
   4:5>Using "CheckForDuplicateFrameworkReferences" task from assembly "C:\Program Files\dotnet\sdk\8.0.302\Sdks\Microsoft.NET.Sdk\targets\..\tools\net8.0\Microsoft.NET.Build.Tasks.dll".
   2:6>ProcessFrameworkReferences:
       Using "ProcessFrameworkReferences" task from assembly "C:\Program Files\dotnet\sdk\8.0.302\Sdks\Microsoft.NET.Sdk\targets\..\tools\net8.0\Microsoft.NET.Build.Tasks.dll".
   3:5>Task "ProcessFrameworkReferences"
   4:5>Task "CheckForDuplicateFrameworkReferences"
   2:6>Task "ProcessFrameworkReferences"
   4:5>Done executing task "CheckForDuplicateFrameworkReferences".
       Using "ProcessFrameworkReferences" task from assembly "C:\Program Files\dotnet\sdk\8.0.302\Sdks\Microsoft.NET.Sdk\targets\..\tools\net8.0\Microsoft.NET.Build.Tasks.dll".
       Task "ProcessFrameworkReferences"
   5:4>Target "UpdateAspNetToFrameworkReference" in file "C:\Program Files\dotnet\sdk\8.0.302\Sdks\Microsoft.NET.Sdk\targets\Microsoft.NET.Sdk.DefaultItems.Shared.targets" from project "D:\Tito Pedraza\OneDrive\Proyectos\Codigo Fuente\repos\HumanCore\src\TalenHuman.API\TalenHuman.API.csproj" (target "ApplyImplicitVersions" depends on it):
   5:4>Using "CheckIfPackageReferenceShouldBeFrameworkReference" task from assembly "C:\Program Files\dotnet\sdk\8.0.302\Sdks\Microsoft.NET.Sdk\targets\..\tools\net8.0\Microsoft.NET.Build.Tasks.dll".
       Task "CheckIfPackageReferenceShouldBeFrameworkReference"
       Done executing task "CheckIfPackageReferenceShouldBeFrameworkReference".
       Task "NETSdkError" skipped, due to false condition; ('$(_ShouldRemoveAspNetCoreAll)' == 'true') was evaluated as ('False' == 'true').
       Task "CheckIfPackageReferenceShouldBeFrameworkReference"
   3:5>Done executing task "ProcessFrameworkReferences".
       Using "ResolveAppHosts" task from assembly "C:\Program Files\dotnet\sdk\8.0.302\Sdks\Microsoft.NET.Sdk\targets\..\tools\net8.0\Microsoft.NET.Build.Tasks.dll".
       Task "ResolveAppHosts"
   5:4>Done executing task "CheckIfPackageReferenceShouldBeFrameworkReference".
       Task "NETSdkWarning" skipped, due to false condition; ('$(_ShouldRemoveAspNetCoreApp)' == 'true') was evaluated as ('False' == 'true').
   5:4>Done building target "UpdateAspNetToFrameworkReference" in project "TalenHuman.API.csproj".
       Target "IncludeTargetingPackReference" skipped, due to false condition; ('$(TargetFrameworkMoniker)' != '' and '$(TargetFrameworkIdentifier)' == '.NETFramework' and '$(AutomaticallyUseReferenceAssemblyPackages)' == 'true') was evaluated as ('.NETCoreApp,Version=v8.0' != '' and '.NETCoreApp' == '.NETFramework' and 'true' == 'true').
   5:4>Target "CheckForImplicitPackageReferenceOverrides" in file "C:\Program Files\dotnet\sdk\8.0.302\Sdks\Microsoft.NET.Sdk\targets\Microsoft.NET.Sdk.DefaultItems.Shared.targets" from project "D:\Tito Pedraza\OneDrive\Proyectos\Codigo Fuente\repos\HumanCore\src\TalenHuman.API\TalenHuman.API.csproj" (target "ApplyImplicitVersions" depends on it):
       Using "CheckForImplicitPackageReferenceOverrides" task from assembly "C:\Program Files\dotnet\sdk\8.0.302\Sdks\Microsoft.NET.Sdk\targets\..\tools\net8.0\Microsoft.NET.Build.Tasks.dll".
       Task "CheckForImplicitPackageReferenceOverrides"
   3:5>Done executing task "ResolveAppHosts".
   3:5>Done building target "ProcessFrameworkReferences" in project "TalenHuman.Domain.csproj".
   4:5>Done executing task "ProcessFrameworkReferences".
   3:5>Target "IncludeTargetingPackReference" skipped, due to false condition; ('$(TargetFrameworkMoniker)' != '' and '$(TargetFrameworkIdentifier)' == '.NETFramework' and '$(AutomaticallyUseReferenceAssemblyPackages)' == 'true') was evaluated as ('.NETCoreApp,Version=v8.0' != '' and '.NETCoreApp' == '.NETFramework' and 'true' == 'true').
   4:5>ProcessFrameworkReferences:
       Using "ResolveAppHosts" task from assembly "C:\Program Files\dotnet\sdk\8.0.302\Sdks\Microsoft.NET.Sdk\targets\..\tools\net8.0\Microsoft.NET.Build.Tasks.dll".
   2:6>Done executing task "ProcessFrameworkReferences".
   4:5>Task "ResolveAppHosts"
   3:5>Target "_AddMicrosoftNetCompilerToolsetFrameworkPackage" in file "C:\Program Files\dotnet\sdk\8.0.302\Sdks\Microsoft.NET.Sdk\targets\Microsoft.NET.Sdk.targets" from project "D:\Tito Pedraza\OneDrive\Proyectos\Codigo Fuente\repos\HumanCore\src\TalenHuman.Domain\TalenHuman.Domain.csproj" (target "CollectPackageReferences" depends on it):
   3:5>Task "NETSdkWarning" skipped, due to false condition; ('@(PackageReference->AnyHaveMetadataValue('Identity', 'Microsoft.Net.Compilers.Toolset.Framework'))' == 'true') was evaluated as ('false' == 'true').
   3:5>Done building target "_AddMicrosoftNetCompilerToolsetFrameworkPackage" in project "TalenHuman.Domain.csproj".
   2:6>ProcessFrameworkReferences:
       Using "ResolveAppHosts" task from assembly "C:\Program Files\dotnet\sdk\8.0.302\Sdks\Microsoft.NET.Sdk\targets\..\tools\net8.0\Microsoft.NET.Build.Tasks.dll".
       Task "ResolveAppHosts"
   3:5>Target "_CheckForObsoleteDotNetCliToolReferences" in file "C:\Program Files\dotnet\sdk\8.0.302\Sdks\Microsoft.NET.Sdk\targets\Microsoft.NET.ObsoleteReferences.targets" from project "D:\Tito Pedraza\OneDrive\Proyectos\Codigo Fuente\repos\HumanCore\src\TalenHuman.Domain\TalenHuman.Domain.csproj" (target "CollectPackageReferences" depends on it):
   3:5>Task "NETSdkWarning" skipped, due to false condition; ( '%(_ReferenceToObsoleteDotNetCliTool.Identity)' != '' ) was evaluated as ( '' != '' ).
   3:5>Done building target "_CheckForObsoleteDotNetCliToolReferences" in project "TalenHuman.Domain.csproj".
   3:5>Target "CollectPackageReferences" in file "C:\Program Files\dotnet\sdk\8.0.302\NuGet.targets" from project "D:\Tito Pedraza\OneDrive\Proyectos\Codigo Fuente\repos\HumanCore\src\TalenHuman.Domain\TalenHuman.Domain.csproj" (target "_GetRestoreProjectStyle" depends on it):
       Using "CheckForDuplicateNuGetItemsTask" task from assembly "C:\Program Files\dotnet\sdk\8.0.302\NuGet.Build.Tasks.dll".
       Task "CheckForDuplicateNuGetItemsTask"
       Done executing task "CheckForDuplicateNuGetItemsTask".
   3:5>Done building target "CollectPackageReferences" in project "TalenHuman.Domain.csproj".
   3:5>Target "_GetRestoreProjectStyle" in file "C:\Program Files\dotnet\sdk\8.0.302\NuGet.targets" from project "D:\Tito Pedraza\OneDrive\Proyectos\Codigo Fuente\repos\HumanCore\src\TalenHuman.Domain\TalenHuman.Domain.csproj" (target "_GenerateRestoreSpecs" depends on it):
       Using "GetRestoreProjectStyleTask" task from assembly "C:\Program Files\dotnet\sdk\8.0.302\NuGet.Build.Tasks.dll".
       Task "GetRestoreProjectStyleTask"
   5:4>Done executing task "CheckForImplicitPackageReferenceOverrides".
   5:4>Done building target "CheckForImplicitPackageReferenceOverrides" in project "TalenHuman.API.csproj".
   3:5>Done executing task "GetRestoreProjectStyleTask".
   4:5>Done executing task "ResolveAppHosts".
   4:5>Done building target "ProcessFrameworkReferences" in project "TalenHuman.Infrastructure.csproj".
   3:5>Done building target "_GetRestoreProjectStyle" in project "TalenHuman.Domain.csproj".
   2:6>Done executing task "ResolveAppHosts".
   4:5>Target "IncludeTargetingPackReference" skipped, due to false condition; ('$(TargetFrameworkMoniker)' != '' and '$(TargetFrameworkIdentifier)' == '.NETFramework' and '$(AutomaticallyUseReferenceAssemblyPackages)' == 'true') was evaluated as ('.NETCoreApp,Version=v8.0' != '' and '.NETCoreApp' == '.NETFramework' and 'true' == 'true').
   3:5>Target "_GenerateRestoreSpecs" in file "C:\Program Files\dotnet\sdk\8.0.302\NuGet.targets" from project "D:\Tito Pedraza\OneDrive\Proyectos\Codigo Fuente\repos\HumanCore\src\TalenHuman.Domain\TalenHuman.Domain.csproj" (target "_GenerateRestoreGraphProjectEntry" depends on it):
   3:5>Using "Message" task from assembly "Microsoft.Build.Tasks.Core, Version=15.1.0.0, Culture=neutral, PublicKeyToken=b03f5f7f11d50a3a".
   5:4>Target "ApplyImplicitVersions" in file "C:\Program Files\dotnet\sdk\8.0.302\Sdks\Microsoft.NET.Sdk\targets\Microsoft.NET.Sdk.DefaultItems.Shared.targets" from project "D:\Tito Pedraza\OneDrive\Proyectos\Codigo Fuente\repos\HumanCore\src\TalenHuman.API\TalenHuman.API.csproj" (target "CollectPackageReferences" depends on it):
   5:4>Using "ApplyImplicitVersions" task from assembly "C:\Program Files\dotnet\sdk\8.0.302\Sdks\Microsoft.NET.Sdk\targets\..\tools\net8.0\Microsoft.NET.Build.Tasks.dll".
       Task "ApplyImplicitVersions"
   2:6>Done building target "ProcessFrameworkReferences" in project "TalenHuman.Application.csproj".
   3:5>Task "Message"
         Restore entry point D:\Tito Pedraza\OneDrive\Proyectos\Codigo Fuente\repos\HumanCore\src\TalenHuman.Domain\TalenHuman.Domain.csproj
   2:6>Target "IncludeTargetingPackReference" skipped, due to false condition; ('$(TargetFrameworkMoniker)' != '' and '$(TargetFrameworkIdentifier)' == '.NETFramework' and '$(AutomaticallyUseReferenceAssemblyPackages)' == 'true') was evaluated as ('.NETCoreApp,Version=v8.0' != '' and '.NETCoreApp' == '.NETFramework' and 'true' == 'true').
   3:5>Done executing task "Message".
   4:5>Target "_AddMicrosoftNetCompilerToolsetFrameworkPackage" in file "C:\Program Files\dotnet\sdk\8.0.302\Sdks\Microsoft.NET.Sdk\targets\Microsoft.NET.Sdk.targets" from project "D:\Tito Pedraza\OneDrive\Proyectos\Codigo Fuente\repos\HumanCore\src\TalenHuman.Infrastructure\TalenHuman.Infrastructure.csproj" (target "CollectPackageReferences" depends on it):
   4:5>Task "NETSdkWarning" skipped, due to false condition; ('@(PackageReference->AnyHaveMetadataValue('Identity', 'Microsoft.Net.Compilers.Toolset.Framework'))' == 'true') was evaluated as ('false' == 'true').
   3:5>Done building target "_GenerateRestoreSpecs" in project "TalenHuman.Domain.csproj".
   4:5>Done building target "_AddMicrosoftNetCompilerToolsetFrameworkPackage" in project "TalenHuman.Infrastructure.csproj".
   2:6>Target "_AddMicrosoftNetCompilerToolsetFrameworkPackage" in file "C:\Program Files\dotnet\sdk\8.0.302\Sdks\Microsoft.NET.Sdk\targets\Microsoft.NET.Sdk.targets" from project "D:\Tito Pedraza\OneDrive\Proyectos\Codigo Fuente\repos\HumanCore\src\TalenHuman.Application\TalenHuman.Application.csproj" (target "CollectPackageReferences" depends on it):
   2:6>Task "NETSdkWarning" skipped, due to false condition; ('@(PackageReference->AnyHaveMetadataValue('Identity', 'Microsoft.Net.Compilers.Toolset.Framework'))' == 'true') was evaluated as ('false' == 'true').
   2:6>Done building target "_AddMicrosoftNetCompilerToolsetFrameworkPackage" in project "TalenHuman.Application.csproj".
   4:5>Target "_CheckForObsoleteDotNetCliToolReferences" in file "C:\Program Files\dotnet\sdk\8.0.302\Sdks\Microsoft.NET.Sdk\targets\Microsoft.NET.ObsoleteReferences.targets" from project "D:\Tito Pedraza\OneDrive\Proyectos\Codigo Fuente\repos\HumanCore\src\TalenHuman.Infrastructure\TalenHuman.Infrastructure.csproj" (target "CollectPackageReferences" depends on it):
   4:5>Task "NETSdkWarning" skipped, due to false condition; ( '%(_ReferenceToObsoleteDotNetCliTool.Identity)' != '' ) was evaluated as ( '' != '' ).
   4:5>Done building target "_CheckForObsoleteDotNetCliToolReferences" in project "TalenHuman.Infrastructure.csproj".
   3:5>Target "_GetRestoreSettingsOverrides" in file "C:\Program Files\dotnet\sdk\8.0.302\NuGet.targets" from project "D:\Tito Pedraza\OneDrive\Proyectos\Codigo Fuente\repos\HumanCore\src\TalenHuman.Domain\TalenHuman.Domain.csproj" (target "_GetRestoreSettings" depends on it):
   3:5>Task "MSBuild" skipped, due to false condition; ( '$(RestorePackagesPath)' != '' ) was evaluated as ( '' != '' ).
   2:6>Target "_CheckForObsoleteDotNetCliToolReferences" in file "C:\Program Files\dotnet\sdk\8.0.302\Sdks\Microsoft.NET.Sdk\targets\Microsoft.NET.ObsoleteReferences.targets" from project "D:\Tito Pedraza\OneDrive\Proyectos\Codigo Fuente\repos\HumanCore\src\TalenHuman.Application\TalenHuman.Application.csproj" (target "CollectPackageReferences" depends on it):
   2:6>Task "NETSdkWarning" skipped, due to false condition; ( '%(_ReferenceToObsoleteDotNetCliTool.Identity)' != '' ) was evaluated as ( '' != '' ).
   4:5>Target "CollectPackageReferences" in file "C:\Program Files\dotnet\sdk\8.0.302\NuGet.targets" from project "D:\Tito Pedraza\OneDrive\Proyectos\Codigo Fuente\repos\HumanCore\src\TalenHuman.Infrastructure\TalenHuman.Infrastructure.csproj" (target "_GetRestoreProjectStyle" depends on it):
   4:5>Using "CheckForDuplicateNuGetItemsTask" task from assembly "C:\Program Files\dotnet\sdk\8.0.302\NuGet.Build.Tasks.dll".
   3:5>_GetRestoreSettingsOverrides:
       Task "MSBuild" skipped, due to false condition; ( '$(RestoreRepositoryPathOverride)' != '' ) was evaluated as ( '' != '' ).
   4:5>Task "CheckForDuplicateNuGetItemsTask"
   3:5>_GetRestoreSettingsOverrides:
       Task "MSBuild" skipped, due to false condition; ( '$(RestoreSources)' != '' ) was evaluated as ( '' != '' ).
   2:6>Done building target "_CheckForObsoleteDotNetCliToolReferences" in project "TalenHuman.Application.csproj".
   4:5>Done executing task "CheckForDuplicateNuGetItemsTask".
   3:5>_GetRestoreSettingsOverrides:
       Task "MSBuild" skipped, due to false condition; ( '$(RestoreFallbackFolders)' != '' ) was evaluated as ( '' != '' ).
   3:5>Done building target "_GetRestoreSettingsOverrides" in project "TalenHuman.Domain.csproj".
   4:5>Done building target "CollectPackageReferences" in project "TalenHuman.Infrastructure.csproj".
   2:6>Target "CollectPackageReferences" in file "C:\Program Files\dotnet\sdk\8.0.302\NuGet.targets" from project "D:\Tito Pedraza\OneDrive\Proyectos\Codigo Fuente\repos\HumanCore\src\TalenHuman.Application\TalenHuman.Application.csproj" (target "_GetRestoreProjectStyle" depends on it):
   2:6>Using "CheckForDuplicateNuGetItemsTask" task from assembly "C:\Program Files\dotnet\sdk\8.0.302\NuGet.Build.Tasks.dll".
   3:5>Target "_GetRestoreSettingsPerFramework" in file "C:\Program Files\dotnet\sdk\8.0.302\NuGet.targets" from project "D:\Tito Pedraza\OneDrive\Proyectos\Codigo Fuente\repos\HumanCore\src\TalenHuman.Domain\TalenHuman.Domain.csproj" (target "_GetRestoreSettingsCurrentProject" depends on it):
   3:5>Done building target "_GetRestoreSettingsPerFramework" in project "TalenHuman.Domain.csproj".
   2:6>Task "CheckForDuplicateNuGetItemsTask"
   4:5>Target "_GetRestoreProjectStyle" in file "C:\Program Files\dotnet\sdk\8.0.302\NuGet.targets" from project "D:\Tito Pedraza\OneDrive\Proyectos\Codigo Fuente\repos\HumanCore\src\TalenHuman.Infrastructure\TalenHuman.Infrastructure.csproj" (target "_GenerateRestoreSpecs" depends on it):
   4:5>Using "GetRestoreProjectStyleTask" task from assembly "C:\Program Files\dotnet\sdk\8.0.302\NuGet.Build.Tasks.dll".
   3:5>Target "_GetRestoreSettingsCurrentProject" in file "C:\Program Files\dotnet\sdk\8.0.302\NuGet.targets" from project "D:\Tito Pedraza\OneDrive\Proyectos\Codigo Fuente\repos\HumanCore\src\TalenHuman.Domain\TalenHuman.Domain.csproj" (target "_GetRestoreSettings" depends on it):
   3:5>Done building target "_GetRestoreSettingsCurrentProject" in project "TalenHuman.Domain.csproj".
   2:6>Done executing task "CheckForDuplicateNuGetItemsTask".
   5:4>Done executing task "ApplyImplicitVersions".
   4:5>Task "GetRestoreProjectStyleTask"
   3:5>Target "_GetRestoreSettingsAllFrameworks" skipped, due to false condition; ( '$(TargetFrameworks)' != '' AND '$(PackageReferenceCompatibleProjectStyle)' == 'true' ) was evaluated as ( '' != '' AND 'True' == 'true' ).
   2:6>Done building target "CollectPackageReferences" in project "TalenHuman.Application.csproj".
   3:5>Target "_GetRestoreSettings" in file "C:\Program Files\dotnet\sdk\8.0.302\NuGet.targets" from project "D:\Tito Pedraza\OneDrive\Proyectos\Codigo Fuente\repos\HumanCore\src\TalenHuman.Domain\TalenHuman.Domain.csproj" (target "_GenerateDotnetCliToolReferenceSpecs" depends on it):
   3:5>Using "GetRestoreSettingsTask" task from assembly "C:\Program Files\dotnet\sdk\8.0.302\NuGet.Build.Tasks.dll".
       Task "GetRestoreSettingsTask"
   2:6>Target "_GetRestoreProjectStyle" in file "C:\Program Files\dotnet\sdk\8.0.302\NuGet.targets" from project "D:\Tito Pedraza\OneDrive\Proyectos\Codigo Fuente\repos\HumanCore\src\TalenHuman.Application\TalenHuman.Application.csproj" (target "_GenerateRestoreSpecs" depends on it):
   2:6>Using "GetRestoreProjectStyleTask" task from assembly "C:\Program Files\dotnet\sdk\8.0.302\NuGet.Build.Tasks.dll".
       Task "GetRestoreProjectStyleTask"
   5:4>Done building target "ApplyImplicitVersions" in project "TalenHuman.API.csproj".
       Target "CheckForImplicitPackageReferenceOverrides" skipped. Previously built successfully.
       Target "AddWindowsSdkKnownFrameworkReferences" skipped, due to false condition; ('$(TargetFrameworkIdentifier)' == '.NETCoreApp' And '$(TargetPlatformIdentifier)' == 'Windows') was evaluated as ('.NETCoreApp' == '.NETCoreApp' And '' == 'Windows').
       Target "_NormalizeTargetPlatformVersion" skipped, due to false condition; ('$(TargetPlatformVersion)' != '' and '$(TargetFrameworkIdentifier)' == '.NETCoreApp' and $([MSBuild]::VersionGreaterThanOrEquals($(TargetFrameworkVersion), 5.0)) and ('$(Language)' != 'C++' or '$(_EnablePackageReferencesInVCProjects)' == 'true')) was evaluated as ('' != '' and '.NETCoreApp' == '.NETCoreApp' and True and ('C#' != 'C++' or '' == 'true')).
   5:4>Target "_CheckForLanguageAndFeatureCombinationSupport" in file "C:\Program Files\dotnet\sdk\8.0.302\Sdks\Microsoft.NET.Sdk\targets\Microsoft.NET.RuntimeIdentifierInference.targets" from project "D:\Tito Pedraza\OneDrive\Proyectos\Codigo Fuente\repos\HumanCore\src\TalenHuman.API\TalenHuman.API.csproj" (target "ProcessFrameworkReferences" depends on it):
       Task "NETSdkError" skipped, due to false condition; (('$(Language)' == 'C++' and '$(_EnablePackageReferencesInVCProjects)' != 'true') and $(OutputType) != 'library' and '$(TargetFrameworkIdentifier)' == '.NETCoreApp') was evaluated as (('C#' == 'C++' and '' != 'true') and Exe != 'library' and '.NETCoreApp' == '.NETCoreApp').
       Task "NETSdkError" skipped, due to false condition; (('$(Language)' == 'C++' and '$(_EnablePackageReferencesInVCProjects)' != 'true') and $(EnableComHosting) == 'true') was evaluated as (('C#' == 'C++' and '' != 'true') and  == 'true').
       Task "NETSdkError" skipped, due to false condition; (('$(Language)' == 'C++' and '$(_EnablePackageReferencesInVCProjects)' != 'true') and $(SelfContained) == 'true') was evaluated as (('C#' == 'C++' and '' != 'true') and false == 'true').
   5:4>Done building target "_CheckForLanguageAndFeatureCombinationSupport" in project "TalenHuman.API.csproj".
   4:5>Done executing task "GetRestoreProjectStyleTask".
   2:6>Done executing task "GetRestoreProjectStyleTask".
   2:6>Done building target "_GetRestoreProjectStyle" in project "TalenHuman.Application.csproj".
   4:5>Done building target "_GetRestoreProjectStyle" in project "TalenHuman.Infrastructure.csproj".
   2:6>Target "_GenerateRestoreSpecs" in file "C:\Program Files\dotnet\sdk\8.0.302\NuGet.targets" from project "D:\Tito Pedraza\OneDrive\Proyectos\Codigo Fuente\repos\HumanCore\src\TalenHuman.Application\TalenHuman.Application.csproj" (target "_GenerateRestoreGraphProjectEntry" depends on it):
   2:6>Using "Message" task from assembly "Microsoft.Build.Tasks.Core, Version=15.1.0.0, Culture=neutral, PublicKeyToken=b03f5f7f11d50a3a".
   4:5>Target "_GenerateRestoreSpecs" in file "C:\Program Files\dotnet\sdk\8.0.302\NuGet.targets" from project "D:\Tito Pedraza\OneDrive\Proyectos\Codigo Fuente\repos\HumanCore\src\TalenHuman.Infrastructure\TalenHuman.Infrastructure.csproj" (target "_GenerateRestoreGraphProjectEntry" depends on it):
   4:5>Using "Message" task from assembly "Microsoft.Build.Tasks.Core, Version=15.1.0.0, Culture=neutral, PublicKeyToken=b03f5f7f11d50a3a".
   2:6>Task "Message"
   4:5>Task "Message"
   2:6>_GenerateRestoreSpecs:
         Restore entry point D:\Tito Pedraza\OneDrive\Proyectos\Codigo Fuente\repos\HumanCore\src\TalenHuman.Application\TalenHuman.Application.csproj
   4:5>_GenerateRestoreSpecs:
         Restore entry point D:\Tito Pedraza\OneDrive\Proyectos\Codigo Fuente\repos\HumanCore\src\TalenHuman.Infrastructure\TalenHuman.Infrastructure.csproj
   2:6>Done executing task "Message".
   4:5>Done executing task "Message".
   2:6>Done building target "_GenerateRestoreSpecs" in project "TalenHuman.Application.csproj".
   4:5>Done building target "_GenerateRestoreSpecs" in project "TalenHuman.Infrastructure.csproj".
   2:6>Target "_GetRestoreSettingsOverrides" in file "C:\Program Files\dotnet\sdk\8.0.302\NuGet.targets" from project "D:\Tito Pedraza\OneDrive\Proyectos\Codigo Fuente\repos\HumanCore\src\TalenHuman.Application\TalenHuman.Application.csproj" (target "_GetRestoreSettings" depends on it):
   2:6>Task "MSBuild" skipped, due to false condition; ( '$(RestorePackagesPath)' != '' ) was evaluated as ( '' != '' ).
   4:5>Target "_GetRestoreSettingsOverrides" in file "C:\Program Files\dotnet\sdk\8.0.302\NuGet.targets" from project "D:\Tito Pedraza\OneDrive\Proyectos\Codigo Fuente\repos\HumanCore\src\TalenHuman.Infrastructure\TalenHuman.Infrastructure.csproj" (target "_GetRestoreSettings" depends on it):
   4:5>Task "MSBuild" skipped, due to false condition; ( '$(RestorePackagesPath)' != '' ) was evaluated as ( '' != '' ).
   2:6>_GetRestoreSettingsOverrides:
       Task "MSBuild" skipped, due to false condition; ( '$(RestoreRepositoryPathOverride)' != '' ) was evaluated as ( '' != '' ).
   4:5>_GetRestoreSettingsOverrides:
       Task "MSBuild" skipped, due to false condition; ( '$(RestoreRepositoryPathOverride)' != '' ) was evaluated as ( '' != '' ).
   2:6>_GetRestoreSettingsOverrides:
       Task "MSBuild" skipped, due to false condition; ( '$(RestoreSources)' != '' ) was evaluated as ( '' != '' ).
       Task "MSBuild" skipped, due to false condition; ( '$(RestoreFallbackFolders)' != '' ) was evaluated as ( '' != '' ).
   4:5>_GetRestoreSettingsOverrides:
       Task "MSBuild" skipped, due to false condition; ( '$(RestoreSources)' != '' ) was evaluated as ( '' != '' ).
   2:6>Done building target "_GetRestoreSettingsOverrides" in project "TalenHuman.Application.csproj".
   4:5>_GetRestoreSettingsOverrides:
       Task "MSBuild" skipped, due to false condition; ( '$(RestoreFallbackFolders)' != '' ) was evaluated as ( '' != '' ).
   4:5>Done building target "_GetRestoreSettingsOverrides" in project "TalenHuman.Infrastructure.csproj".
   2:6>Target "_GetRestoreSettingsPerFramework" in file "C:\Program Files\dotnet\sdk\8.0.302\NuGet.targets" from project "D:\Tito Pedraza\OneDrive\Proyectos\Codigo Fuente\repos\HumanCore\src\TalenHuman.Application\TalenHuman.Application.csproj" (target "_GetRestoreSettingsCurrentProject" depends on it):
   2:6>Done building target "_GetRestoreSettingsPerFramework" in project "TalenHuman.Application.csproj".
   4:5>Target "_GetRestoreSettingsPerFramework" in file "C:\Program Files\dotnet\sdk\8.0.302\NuGet.targets" from project "D:\Tito Pedraza\OneDrive\Proyectos\Codigo Fuente\repos\HumanCore\src\TalenHuman.Infrastructure\TalenHuman.Infrastructure.csproj" (target "_GetRestoreSettingsCurrentProject" depends on it):
   4:5>Done building target "_GetRestoreSettingsPerFramework" in project "TalenHuman.Infrastructure.csproj".
   2:6>Target "_GetRestoreSettingsCurrentProject" in file "C:\Program Files\dotnet\sdk\8.0.302\NuGet.targets" from project "D:\Tito Pedraza\OneDrive\Proyectos\Codigo Fuente\repos\HumanCore\src\TalenHuman.Application\TalenHuman.Application.csproj" (target "_GetRestoreSettings" depends on it):
   2:6>Done building target "_GetRestoreSettingsCurrentProject" in project "TalenHuman.Application.csproj".
       Target "_GetRestoreSettingsAllFrameworks" skipped, due to false condition; ( '$(TargetFrameworks)' != '' AND '$(PackageReferenceCompatibleProjectStyle)' == 'true' ) was evaluated as ( '' != '' AND 'True' == 'true' ).
   4:5>Target "_GetRestoreSettingsCurrentProject" in file "C:\Program Files\dotnet\sdk\8.0.302\NuGet.targets" from project "D:\Tito Pedraza\OneDrive\Proyectos\Codigo Fuente\repos\HumanCore\src\TalenHuman.Infrastructure\TalenHuman.Infrastructure.csproj" (target "_GetRestoreSettings" depends on it):
   4:5>Done building target "_GetRestoreSettingsCurrentProject" in project "TalenHuman.Infrastructure.csproj".
   2:6>Target "_GetRestoreSettings" in file "C:\Program Files\dotnet\sdk\8.0.302\NuGet.targets" from project "D:\Tito Pedraza\OneDrive\Proyectos\Codigo Fuente\repos\HumanCore\src\TalenHuman.Application\TalenHuman.Application.csproj" (target "_GenerateDotnetCliToolReferenceSpecs" depends on it):
   2:6>Using "GetRestoreSettingsTask" task from assembly "C:\Program Files\dotnet\sdk\8.0.302\NuGet.Build.Tasks.dll".
   4:5>Target "_GetRestoreSettingsAllFrameworks" skipped, due to false condition; ( '$(TargetFrameworks)' != '' AND '$(PackageReferenceCompatibleProjectStyle)' == 'true' ) was evaluated as ( '' != '' AND 'True' == 'true' ).
   2:6>Task "GetRestoreSettingsTask"
   4:5>Target "_GetRestoreSettings" in file "C:\Program Files\dotnet\sdk\8.0.302\NuGet.targets" from project "D:\Tito Pedraza\OneDrive\Proyectos\Codigo Fuente\repos\HumanCore\src\TalenHuman.Infrastructure\TalenHuman.Infrastructure.csproj" (target "_GenerateDotnetCliToolReferenceSpecs" depends on it):
   4:5>Using "GetRestoreSettingsTask" task from assembly "C:\Program Files\dotnet\sdk\8.0.302\NuGet.Build.Tasks.dll".
       Task "GetRestoreSettingsTask"
   3:5>Done executing task "GetRestoreSettingsTask".
   3:5>Done building target "_GetRestoreSettings" in project "TalenHuman.Domain.csproj".
   3:5>Target "_GenerateDotnetCliToolReferenceSpecs" in file "C:\Program Files\dotnet\sdk\8.0.302\NuGet.targets" from project "D:\Tito Pedraza\OneDrive\Proyectos\Codigo Fuente\repos\HumanCore\src\TalenHuman.Domain\TalenHuman.Domain.csproj" (target "_GenerateRestoreGraphProjectEntry" depends on it):
       Using "GetRestoreDotnetCliToolsTask" task from assembly "C:\Program Files\dotnet\sdk\8.0.302\NuGet.Build.Tasks.dll".
       Task "GetRestoreDotnetCliToolsTask"
       Done executing task "GetRestoreDotnetCliToolsTask".
   3:5>Done building target "_GenerateDotnetCliToolReferenceSpecs" in project "TalenHuman.Domain.csproj".
   3:5>Target "_GenerateRestoreGraphProjectEntry" in file "C:\Program Files\dotnet\sdk\8.0.302\NuGet.targets" from project "D:\Tito Pedraza\OneDrive\Proyectos\Codigo Fuente\repos\HumanCore\src\TalenHuman.Domain\TalenHuman.Domain.csproj" (entry point):
   3:5>Done building target "_GenerateRestoreGraphProjectEntry" in project "TalenHuman.Domain.csproj".
   3:5>Done Building Project "D:\Tito Pedraza\OneDrive\Proyectos\Codigo Fuente\repos\HumanCore\src\TalenHuman.Domain\TalenHuman.Domain.csproj" (_GenerateRestoreGraphProjectEntry target(s)).
   4:5>Done executing task "GetRestoreSettingsTask".
   4:5>Done building target "_GetRestoreSettings" in project "TalenHuman.Infrastructure.csproj".
   4:5>Target "_GenerateDotnetCliToolReferenceSpecs" in file "C:\Program Files\dotnet\sdk\8.0.302\NuGet.targets" from project "D:\Tito Pedraza\OneDrive\Proyectos\Codigo Fuente\repos\HumanCore\src\TalenHuman.Infrastructure\TalenHuman.Infrastructure.csproj" (target "_GenerateRestoreGraphProjectEntry" depends on it):
       Using "GetRestoreDotnetCliToolsTask" task from assembly "C:\Program Files\dotnet\sdk\8.0.302\NuGet.Build.Tasks.dll".
   5:4>Target "_ComputeToolPackInputsToProcessFrameworkReferences" in file "C:\Program Files\dotnet\sdk\8.0.302\Sdks\Microsoft.NET.Sdk\targets\Microsoft.NET.Publish.targets" from project "D:\Tito Pedraza\OneDrive\Proyectos\Codigo Fuente\repos\HumanCore\src\TalenHuman.API\TalenHuman.API.csproj" (target "ProcessFrameworkReferences" depends on it):
   5:4>Done building target "_ComputeToolPackInputsToProcessFrameworkReferences" in project "TalenHuman.API.csproj".
   4:5>Task "GetRestoreDotnetCliToolsTask"
       Done executing task "GetRestoreDotnetCliToolsTask".
   4:5>Done building target "_GenerateDotnetCliToolReferenceSpecs" in project "TalenHuman.Infrastructure.csproj".
   4:5>Target "_GenerateRestoreGraphProjectEntry" in file "C:\Program Files\dotnet\sdk\8.0.302\NuGet.targets" from project "D:\Tito Pedraza\OneDrive\Proyectos\Codigo Fuente\repos\HumanCore\src\TalenHuman.Infrastructure\TalenHuman.Infrastructure.csproj" (entry point):
   4:5>Done building target "_GenerateRestoreGraphProjectEntry" in project "TalenHuman.Infrastructure.csproj".
   4:5>Done Building Project "D:\Tito Pedraza\OneDrive\Proyectos\Codigo Fuente\repos\HumanCore\src\TalenHuman.Infrastructure\TalenHuman.Infrastructure.csproj" (_GenerateRestoreGraphProjectEntry target(s)).
   5:4>Target "ProcessFrameworkReferences" in file "C:\Program Files\dotnet\sdk\8.0.302\Sdks\Microsoft.NET.Sdk\targets\Microsoft.NET.Sdk.FrameworkReferenceResolution.targets" from project "D:\Tito Pedraza\OneDrive\Proyectos\Codigo Fuente\repos\HumanCore\src\TalenHuman.API\TalenHuman.API.csproj" (target "CollectPackageReferences" depends on it):
   5:4>Using "CheckForDuplicateFrameworkReferences" task from assembly "C:\Program Files\dotnet\sdk\8.0.302\Sdks\Microsoft.NET.Sdk\targets\..\tools\net8.0\Microsoft.NET.Build.Tasks.dll".
       Task "CheckForDuplicateFrameworkReferences"
       Done executing task "CheckForDuplicateFrameworkReferences".
       Using "ProcessFrameworkReferences" task from assembly "C:\Program Files\dotnet\sdk\8.0.302\Sdks\Microsoft.NET.Sdk\targets\..\tools\net8.0\Microsoft.NET.Build.Tasks.dll".
       Task "ProcessFrameworkReferences"
   2:6>Done executing task "GetRestoreSettingsTask".
   2:6>Done building target "_GetRestoreSettings" in project "TalenHuman.Application.csproj".
   2:6>Target "_GenerateDotnetCliToolReferenceSpecs" in file "C:\Program Files\dotnet\sdk\8.0.302\NuGet.targets" from project "D:\Tito Pedraza\OneDrive\Proyectos\Codigo Fuente\repos\HumanCore\src\TalenHuman.Application\TalenHuman.Application.csproj" (target "_GenerateRestoreGraphProjectEntry" depends on it):
       Using "GetRestoreDotnetCliToolsTask" task from assembly "C:\Program Files\dotnet\sdk\8.0.302\NuGet.Build.Tasks.dll".
       Task "GetRestoreDotnetCliToolsTask"
       Done executing task "GetRestoreDotnetCliToolsTask".
   2:6>Done building target "_GenerateDotnetCliToolReferenceSpecs" in project "TalenHuman.Application.csproj".
   2:6>Target "_GenerateRestoreGraphProjectEntry" in file "C:\Program Files\dotnet\sdk\8.0.302\NuGet.targets" from project "D:\Tito Pedraza\OneDrive\Proyectos\Codigo Fuente\repos\HumanCore\src\TalenHuman.Application\TalenHuman.Application.csproj" (entry point):
   2:6>Done building target "_GenerateRestoreGraphProjectEntry" in project "TalenHuman.Application.csproj".
   2:6>Done Building Project "D:\Tito Pedraza\OneDrive\Proyectos\Codigo Fuente\repos\HumanCore\src\TalenHuman.Application\TalenHuman.Application.csproj" (_GenerateRestoreGraphProjectEntry target(s)).
   5:4>Done executing task "ProcessFrameworkReferences".
       Using "ResolveAppHosts" task from assembly "C:\Program Files\dotnet\sdk\8.0.302\Sdks\Microsoft.NET.Sdk\targets\..\tools\net8.0\Microsoft.NET.Build.Tasks.dll".
       Task "ResolveAppHosts"
       Done executing task "ResolveAppHosts".
   5:4>Done building target "ProcessFrameworkReferences" in project "TalenHuman.API.csproj".
       Target "IncludeTargetingPackReference" skipped, due to false condition; ('$(TargetFrameworkMoniker)' != '' and '$(TargetFrameworkIdentifier)' == '.NETFramework' and '$(AutomaticallyUseReferenceAssemblyPackages)' == 'true') was evaluated as ('.NETCoreApp,Version=v8.0' != '' and '.NETCoreApp' == '.NETFramework' and 'true' == 'true').
   5:4>Target "_AddMicrosoftNetCompilerToolsetFrameworkPackage" in file "C:\Program Files\dotnet\sdk\8.0.302\Sdks\Microsoft.NET.Sdk\targets\Microsoft.NET.Sdk.targets" from project "D:\Tito Pedraza\OneDrive\Proyectos\Codigo Fuente\repos\HumanCore\src\TalenHuman.API\TalenHuman.API.csproj" (target "CollectPackageReferences" depends on it):
       Task "NETSdkWarning" skipped, due to false condition; ('@(PackageReference->AnyHaveMetadataValue('Identity', 'Microsoft.Net.Compilers.Toolset.Framework'))' == 'true') was evaluated as ('false' == 'true').
   5:4>Done building target "_AddMicrosoftNetCompilerToolsetFrameworkPackage" in project "TalenHuman.API.csproj".
   5:4>Target "_CheckForObsoleteDotNetCliToolReferences" in file "C:\Program Files\dotnet\sdk\8.0.302\Sdks\Microsoft.NET.Sdk\targets\Microsoft.NET.ObsoleteReferences.targets" from project "D:\Tito Pedraza\OneDrive\Proyectos\Codigo Fuente\repos\HumanCore\src\TalenHuman.API\TalenHuman.API.csproj" (target "CollectPackageReferences" depends on it):
       Task "NETSdkWarning" skipped, due to false condition; ( '%(_ReferenceToObsoleteDotNetCliTool.Identity)' != '' ) was evaluated as ( '' != '' ).
   5:4>Done building target "_CheckForObsoleteDotNetCliToolReferences" in project "TalenHuman.API.csproj".
   5:4>Target "CollectPackageReferences" in file "C:\Program Files\dotnet\sdk\8.0.302\NuGet.targets" from project "D:\Tito Pedraza\OneDrive\Proyectos\Codigo Fuente\repos\HumanCore\src\TalenHuman.API\TalenHuman.API.csproj" (target "_GetRestoreProjectStyle" depends on it):
       Using "CheckForDuplicateNuGetItemsTask" task from assembly "C:\Program Files\dotnet\sdk\8.0.302\NuGet.Build.Tasks.dll".
       Task "CheckForDuplicateNuGetItemsTask"
       Done executing task "CheckForDuplicateNuGetItemsTask".
   5:4>Done building target "CollectPackageReferences" in project "TalenHuman.API.csproj".
   5:4>Target "_GetRestoreProjectStyle" in file "C:\Program Files\dotnet\sdk\8.0.302\NuGet.targets" from project "D:\Tito Pedraza\OneDrive\Proyectos\Codigo Fuente\repos\HumanCore\src\TalenHuman.API\TalenHuman.API.csproj" (target "_GenerateRestoreSpecs" depends on it):
       Using "GetRestoreProjectStyleTask" task from assembly "C:\Program Files\dotnet\sdk\8.0.302\NuGet.Build.Tasks.dll".
       Task "GetRestoreProjectStyleTask"
       Done executing task "GetRestoreProjectStyleTask".
   5:4>Done building target "_GetRestoreProjectStyle" in project "TalenHuman.API.csproj".
   5:4>Target "_GenerateRestoreSpecs" in file "C:\Program Files\dotnet\sdk\8.0.302\NuGet.targets" from project "D:\Tito Pedraza\OneDrive\Proyectos\Codigo Fuente\repos\HumanCore\src\TalenHuman.API\TalenHuman.API.csproj" (target "_GenerateRestoreGraphProjectEntry" depends on it):
       Using "Message" task from assembly "Microsoft.Build.Tasks.Core, Version=15.1.0.0, Culture=neutral, PublicKeyToken=b03f5f7f11d50a3a".
       Task "Message"
         Restore entry point D:\Tito Pedraza\OneDrive\Proyectos\Codigo Fuente\repos\HumanCore\src\TalenHuman.API\TalenHuman.API.csproj
       Done executing task "Message".
   5:4>Done building target "_GenerateRestoreSpecs" in project "TalenHuman.API.csproj".
   5:4>Target "_GetRestoreSettingsOverrides" in file "C:\Program Files\dotnet\sdk\8.0.302\NuGet.targets" from project "D:\Tito Pedraza\OneDrive\Proyectos\Codigo Fuente\repos\HumanCore\src\TalenHuman.API\TalenHuman.API.csproj" (target "_GetRestoreSettings" depends on it):
       Task "MSBuild" skipped, due to false condition; ( '$(RestorePackagesPath)' != '' ) was evaluated as ( '' != '' ).
       Task "MSBuild" skipped, due to false condition; ( '$(RestoreRepositoryPathOverride)' != '' ) was evaluated as ( '' != '' ).
       Task "MSBuild" skipped, due to false condition; ( '$(RestoreSources)' != '' ) was evaluated as ( '' != '' ).
       Task "MSBuild" skipped, due to false condition; ( '$(RestoreFallbackFolders)' != '' ) was evaluated as ( '' != '' ).
   5:4>Done building target "_GetRestoreSettingsOverrides" in project "TalenHuman.API.csproj".
   5:4>Target "_GetRestoreSettingsPerFramework" in file "C:\Program Files\dotnet\sdk\8.0.302\NuGet.targets" from project "D:\Tito Pedraza\OneDrive\Proyectos\Codigo Fuente\repos\HumanCore\src\TalenHuman.API\TalenHuman.API.csproj" (target "_GetRestoreSettingsCurrentProject" depends on it):
   5:4>Done building target "_GetRestoreSettingsPerFramework" in project "TalenHuman.API.csproj".
   5:4>Target "_GetRestoreSettingsCurrentProject" in file "C:\Program Files\dotnet\sdk\8.0.302\NuGet.targets" from project "D:\Tito Pedraza\OneDrive\Proyectos\Codigo Fuente\repos\HumanCore\src\TalenHuman.API\TalenHuman.API.csproj" (target "_GetRestoreSettings" depends on it):
   5:4>Done building target "_GetRestoreSettingsCurrentProject" in project "TalenHuman.API.csproj".
       Target "_GetRestoreSettingsAllFrameworks" skipped, due to false condition; ( '$(TargetFrameworks)' != '' AND '$(PackageReferenceCompatibleProjectStyle)' == 'true' ) was evaluated as ( '' != '' AND 'True' == 'true' ).
   5:4>Target "_GetRestoreSettings" in file "C:\Program Files\dotnet\sdk\8.0.302\NuGet.targets" from project "D:\Tito Pedraza\OneDrive\Proyectos\Codigo Fuente\repos\HumanCore\src\TalenHuman.API\TalenHuman.API.csproj" (target "_GenerateDotnetCliToolReferenceSpecs" depends on it):
       Using "GetRestoreSettingsTask" task from assembly "C:\Program Files\dotnet\sdk\8.0.302\NuGet.Build.Tasks.dll".
       Task "GetRestoreSettingsTask"
         Assembly loaded during TaskRun (NuGet.Build.Tasks.GetRestoreSettingsTask): NuGet.Configuration, Version=6.10.0.97, Culture=neutral, PublicKeyToken=31bf3856ad364e35 (location: C:\Program Files\dotnet\sdk\8.0.302\NuGet.Configuration.dll, MVID: 866e4468-d3e9-47ca-9190-26d4940d8abc, AssemblyLoadContext: MSBuild plugin C:\Program Files\dotnet\sdk\8.0.302\NuGet.Build.Tasks.dll)
       Done executing task "GetRestoreSettingsTask".
   5:4>Done building target "_GetRestoreSettings" in project "TalenHuman.API.csproj".
   5:4>Target "_GenerateDotnetCliToolReferenceSpecs" in file "C:\Program Files\dotnet\sdk\8.0.302\NuGet.targets" from project "D:\Tito Pedraza\OneDrive\Proyectos\Codigo Fuente\repos\HumanCore\src\TalenHuman.API\TalenHuman.API.csproj" (target "_GenerateRestoreGraphProjectEntry" depends on it):
       Using "GetRestoreDotnetCliToolsTask" task from assembly "C:\Program Files\dotnet\sdk\8.0.302\NuGet.Build.Tasks.dll".
       Task "GetRestoreDotnetCliToolsTask"
       Done executing task "GetRestoreDotnetCliToolsTask".
   5:4>Done building target "_GenerateDotnetCliToolReferenceSpecs" in project "TalenHuman.API.csproj".
   5:4>Target "_GenerateRestoreGraphProjectEntry" in file "C:\Program Files\dotnet\sdk\8.0.302\NuGet.targets" from project "D:\Tito Pedraza\OneDrive\Proyectos\Codigo Fuente\repos\HumanCore\src\TalenHuman.API\TalenHuman.API.csproj" (entry point):
   5:4>Done building target "_GenerateRestoreGraphProjectEntry" in project "TalenHuman.API.csproj".
   5:4>Done Building Project "D:\Tito Pedraza\OneDrive\Proyectos\Codigo Fuente\repos\HumanCore\src\TalenHuman.API\TalenHuman.API.csproj" (_GenerateRestoreGraphProjectEntry target(s)).
     1>Done executing task "MSBuild".
       Task "MSBuild"
         Global Properties:
           ExcludeRestorePackageImports=true
           _RestoreSolutionFileUsed=true
           SolutionDir=D:\Tito Pedraza\OneDrive\Proyectos\Codigo Fuente\repos\HumanCore\src\
           SolutionName=TalenHuman
           SolutionFileName=TalenHuman.sln
           SolutionPath=D:\Tito Pedraza\OneDrive\Proyectos\Codigo Fuente\repos\HumanCore\src\TalenHuman.sln
           SolutionExt=.sln
         Additional Properties for project "D:\Tito Pedraza\OneDrive\Proyectos\Codigo Fuente\repos\HumanCore\src\TalenHuman.Application\TalenHuman.Application.csproj":
           Configuration=Debug
           Platform=AnyCPU
         Additional Properties for project "D:\Tito Pedraza\OneDrive\Proyectos\Codigo Fuente\repos\HumanCore\src\TalenHuman.Infrastructure\TalenHuman.Infrastructure.csproj":
           Configuration=Debug
           Platform=AnyCPU
         Additional Properties for project "D:\Tito Pedraza\OneDrive\Proyectos\Codigo Fuente\repos\HumanCore\src\TalenHuman.Domain\TalenHuman.Domain.csproj":
           Configuration=Debug
           Platform=AnyCPU
         Additional Properties for project "D:\Tito Pedraza\OneDrive\Proyectos\Codigo Fuente\repos\HumanCore\src\TalenHuman.API\TalenHuman.API.csproj":
           Configuration=Debug
           Platform=AnyCPU
     1>Project "D:\Tito Pedraza\OneDrive\Proyectos\Codigo Fuente\repos\HumanCore\src\TalenHuman.sln" (1) is building "D:\Tito Pedraza\OneDrive\Proyectos\Codigo Fuente\repos\HumanCore\src\TalenHuman.API\TalenHuman.API.csproj" (5:5) on node 1 (_GenerateProjectRestoreGraph target(s)).
   5:5>Target "_GetRestoreProjectStyle" skipped. Previously built successfully.
       Target "_GetRestoreProjectStyle" skipped. Previously built successfully.
       Target "_GetRestoreProjectStyle" skipped. Previously built successfully.
     1>Project "D:\Tito Pedraza\OneDrive\Proyectos\Codigo Fuente\repos\HumanCore\src\TalenHuman.sln" (1) is building "D:\Tito Pedraza\OneDrive\Proyectos\Codigo Fuente\repos\HumanCore\src\TalenHuman.Infrastructure\TalenHuman.Infrastructure.csproj" (4:6) on node 3 (_GenerateProjectRestoreGraph target(s)).
   4:6>Target "_GetRestoreProjectStyle" skipped. Previously built successfully.
   5:5>Target "_GetRestoreTargetFrameworkOverride" in file "C:\Program Files\dotnet\sdk\8.0.302\NuGet.targets" from project "D:\Tito Pedraza\OneDrive\Proyectos\Codigo Fuente\repos\HumanCore\src\TalenHuman.API\TalenHuman.API.csproj" (target "_GetRestoreTargetFrameworksOutput" depends on it):
   5:5>Task "GetGlobalPropertyValueTask" skipped, due to false condition; ( '$(TargetFrameworks)' != '' ) was evaluated as ( '' != '' ).
   4:6>Target "_GetRestoreProjectStyle" skipped. Previously built successfully.
   5:5>Done building target "_GetRestoreTargetFrameworkOverride" in project "TalenHuman.API.csproj".
   4:6>Target "_GetRestoreProjectStyle" skipped. Previously built successfully.
   4:6>Target "_GetRestoreTargetFrameworkOverride" in file "C:\Program Files\dotnet\sdk\8.0.302\NuGet.targets" from project "D:\Tito Pedraza\OneDrive\Proyectos\Codigo Fuente\repos\HumanCore\src\TalenHuman.Infrastructure\TalenHuman.Infrastructure.csproj" (target "_GetRestoreTargetFrameworksOutput" depends on it):
       Task "GetGlobalPropertyValueTask" skipped, due to false condition; ( '$(TargetFrameworks)' != '' ) was evaluated as ( '' != '' ).
   4:6>Done building target "_GetRestoreTargetFrameworkOverride" in project "TalenHuman.Infrastructure.csproj".
     1>Project "D:\Tito Pedraza\OneDrive\Proyectos\Codigo Fuente\repos\HumanCore\src\TalenHuman.sln" (1) is building "D:\Tito Pedraza\OneDrive\Proyectos\Codigo Fuente\repos\HumanCore\src\TalenHuman.Domain\TalenHuman.Domain.csproj" (3:6) on node 2 (_GenerateProjectRestoreGraph target(s)).
   3:6>Target "_GetRestoreProjectStyle" skipped. Previously built successfully.
   4:6>Target "_GetRestoreTargetFrameworksOutput" in file "C:\Program Files\dotnet\sdk\8.0.302\NuGet.targets" from project "D:\Tito Pedraza\OneDrive\Proyectos\Codigo Fuente\repos\HumanCore\src\TalenHuman.Infrastructure\TalenHuman.Infrastructure.csproj" (target "_GenerateRestoreProjectSpec" depends on it):
   4:6>Using "GetProjectTargetFrameworksTask" task from assembly "C:\Program Files\dotnet\sdk\8.0.302\NuGet.Build.Tasks.dll".
   3:6>Target "_GetRestoreProjectStyle" skipped. Previously built successfully.
     1>Project "D:\Tito Pedraza\OneDrive\Proyectos\Codigo Fuente\repos\HumanCore\src\TalenHuman.sln" (1) is building "D:\Tito Pedraza\OneDrive\Proyectos\Codigo Fuente\repos\HumanCore\src\TalenHuman.Application\TalenHuman.Application.csproj" (2:7) on node 4 (_GenerateProjectRestoreGraph target(s)).
   2:7>Target "_GetRestoreProjectStyle" skipped. Previously built successfully.
       Target "_GetRestoreProjectStyle" skipped. Previously built successfully.
       Target "_GetRestoreProjectStyle" skipped. Previously built successfully.
   5:5>Target "_GetRestoreTargetFrameworksOutput" in file "C:\Program Files\dotnet\sdk\8.0.302\NuGet.targets" from project "D:\Tito Pedraza\OneDrive\Proyectos\Codigo Fuente\repos\HumanCore\src\TalenHuman.API\TalenHuman.API.csproj" (target "_GenerateRestoreProjectSpec" depends on it):
   5:5>Using "GetProjectTargetFrameworksTask" task from assembly "C:\Program Files\dotnet\sdk\8.0.302\NuGet.Build.Tasks.dll".
       Task "GetProjectTargetFrameworksTask"
   4:6>Task "GetProjectTargetFrameworksTask"
   2:7>Target "_GetRestoreTargetFrameworkOverride" in file "C:\Program Files\dotnet\sdk\8.0.302\NuGet.targets" from project "D:\Tito Pedraza\OneDrive\Proyectos\Codigo Fuente\repos\HumanCore\src\TalenHuman.Application\TalenHuman.Application.csproj" (target "_GetRestoreTargetFrameworksOutput" depends on it):
   2:7>Task "GetGlobalPropertyValueTask" skipped, due to false condition; ( '$(TargetFrameworks)' != '' ) was evaluated as ( '' != '' ).
   2:7>Done building target "_GetRestoreTargetFrameworkOverride" in project "TalenHuman.Application.csproj".
   3:6>Target "_GetRestoreProjectStyle" skipped. Previously built successfully.
   4:6>Done executing task "GetProjectTargetFrameworksTask".
   2:7>Target "_GetRestoreTargetFrameworksOutput" in file "C:\Program Files\dotnet\sdk\8.0.302\NuGet.targets" from project "D:\Tito Pedraza\OneDrive\Proyectos\Codigo Fuente\repos\HumanCore\src\TalenHuman.Application\TalenHuman.Application.csproj" (target "_GenerateRestoreProjectSpec" depends on it):
   2:7>Using "GetProjectTargetFrameworksTask" task from assembly "C:\Program Files\dotnet\sdk\8.0.302\NuGet.Build.Tasks.dll".
   3:6>Target "_GetRestoreTargetFrameworkOverride" in file "C:\Program Files\dotnet\sdk\8.0.302\NuGet.targets" from project "D:\Tito Pedraza\OneDrive\Proyectos\Codigo Fuente\repos\HumanCore\src\TalenHuman.Domain\TalenHuman.Domain.csproj" (target "_GetRestoreTargetFrameworksOutput" depends on it):
   3:6>Task "GetGlobalPropertyValueTask" skipped, due to false condition; ( '$(TargetFrameworks)' != '' ) was evaluated as ( '' != '' ).
   2:7>Task "GetProjectTargetFrameworksTask"
   4:6>Done building target "_GetRestoreTargetFrameworksOutput" in project "TalenHuman.Infrastructure.csproj".
   3:6>Done building target "_GetRestoreTargetFrameworkOverride" in project "TalenHuman.Domain.csproj".
   2:7>Done executing task "GetProjectTargetFrameworksTask".
   4:6>Target "_GetRestoreSettings" skipped. Previously built successfully.
   2:7>Done building target "_GetRestoreTargetFrameworksOutput" in project "TalenHuman.Application.csproj".
   3:6>Target "_GetRestoreTargetFrameworksOutput" in file "C:\Program Files\dotnet\sdk\8.0.302\NuGet.targets" from project "D:\Tito Pedraza\OneDrive\Proyectos\Codigo Fuente\repos\HumanCore\src\TalenHuman.Domain\TalenHuman.Domain.csproj" (target "_GenerateRestoreProjectSpec" depends on it):
   3:6>Using "GetProjectTargetFrameworksTask" task from assembly "C:\Program Files\dotnet\sdk\8.0.302\NuGet.Build.Tasks.dll".
       Task "GetProjectTargetFrameworksTask"
   4:6>Target "_GenerateRestoreProjectSpec" in file "C:\Program Files\dotnet\sdk\8.0.302\NuGet.targets" from project "D:\Tito Pedraza\OneDrive\Proyectos\Codigo Fuente\repos\HumanCore\src\TalenHuman.Infrastructure\TalenHuman.Infrastructure.csproj" (target "_GenerateProjectRestoreGraph" depends on it):
   4:6>Task "ConvertToAbsolutePath"
   2:7>Target "_GetRestoreSettings" skipped. Previously built successfully.
   4:6>Done executing task "ConvertToAbsolutePath".
   3:6>Done executing task "GetProjectTargetFrameworksTask".
   2:7>Target "_GenerateRestoreProjectSpec" in file "C:\Program Files\dotnet\sdk\8.0.302\NuGet.targets" from project "D:\Tito Pedraza\OneDrive\Proyectos\Codigo Fuente\repos\HumanCore\src\TalenHuman.Application\TalenHuman.Application.csproj" (target "_GenerateProjectRestoreGraph" depends on it):
   2:7>Task "ConvertToAbsolutePath"
   3:6>Done building target "_GetRestoreTargetFrameworksOutput" in project "TalenHuman.Domain.csproj".
   4:6>Done building target "_GenerateRestoreProjectSpec" in project "TalenHuman.Infrastructure.csproj".
   2:7>Done executing task "ConvertToAbsolutePath".
   3:6>Target "_GetRestoreSettings" skipped. Previously built successfully.
   4:6>Target "_GenerateProjectRestoreGraphAllFrameworks" skipped, due to false condition; ( '$(TargetFrameworks)' != '' ) was evaluated as ( '' != '' ).
   2:7>Done building target "_GenerateRestoreProjectSpec" in project "TalenHuman.Application.csproj".
       Target "_GenerateProjectRestoreGraphAllFrameworks" skipped, due to false condition; ( '$(TargetFrameworks)' != '' ) was evaluated as ( '' != '' ).
   3:6>Target "_GenerateRestoreProjectSpec" in file "C:\Program Files\dotnet\sdk\8.0.302\NuGet.targets" from project "D:\Tito Pedraza\OneDrive\Proyectos\Codigo Fuente\repos\HumanCore\src\TalenHuman.Domain\TalenHuman.Domain.csproj" (target "_GenerateProjectRestoreGraph" depends on it):
   3:6>Task "ConvertToAbsolutePath"
   4:6>Target "_GetRestoreProjectStyle" skipped. Previously built successfully.
   3:6>Done executing task "ConvertToAbsolutePath".
   2:7>Target "_GetRestoreProjectStyle" skipped. Previously built successfully.
   5:5>Done executing task "GetProjectTargetFrameworksTask".
   4:6>Target "CollectPackageReferences" skipped. Previously built successfully.
   3:6>Done building target "_GenerateRestoreProjectSpec" in project "TalenHuman.Domain.csproj".
   2:7>Target "CollectPackageReferences" skipped. Previously built successfully.
   3:6>Target "_GenerateProjectRestoreGraphAllFrameworks" skipped, due to false condition; ( '$(TargetFrameworks)' != '' ) was evaluated as ( '' != '' ).
   4:6>Target "CollectPackageDownloads" in file "C:\Program Files\dotnet\sdk\8.0.302\NuGet.targets" from project "D:\Tito Pedraza\OneDrive\Proyectos\Codigo Fuente\repos\HumanCore\src\TalenHuman.Infrastructure\TalenHuman.Infrastructure.csproj" (target "_GenerateProjectRestoreGraphPerFramework" depends on it):
   4:6>Task "CheckForDuplicateNuGetItemsTask"
   3:6>Target "_GetRestoreProjectStyle" skipped. Previously built successfully.
   2:7>Target "CollectPackageDownloads" in file "C:\Program Files\dotnet\sdk\8.0.302\NuGet.targets" from project "D:\Tito Pedraza\OneDrive\Proyectos\Codigo Fuente\repos\HumanCore\src\TalenHuman.Application\TalenHuman.Application.csproj" (target "_GenerateProjectRestoreGraphPerFramework" depends on it):
   2:7>Task "CheckForDuplicateNuGetItemsTask"
   3:6>Target "CollectPackageReferences" skipped. Previously built successfully.
   2:7>Done executing task "CheckForDuplicateNuGetItemsTask".
   5:5>Done building target "_GetRestoreTargetFrameworksOutput" in project "TalenHuman.API.csproj".
       Target "_GetRestoreSettings" skipped. Previously built successfully.
   3:6>Target "CollectPackageDownloads" in file "C:\Program Files\dotnet\sdk\8.0.302\NuGet.targets" from project "D:\Tito Pedraza\OneDrive\Proyectos\Codigo Fuente\repos\HumanCore\src\TalenHuman.Domain\TalenHuman.Domain.csproj" (target "_GenerateProjectRestoreGraphPerFramework" depends on it):
   3:6>Task "CheckForDuplicateNuGetItemsTask"
       Done executing task "CheckForDuplicateNuGetItemsTask".
   2:7>Done building target "CollectPackageDownloads" in project "TalenHuman.Application.csproj".
   3:6>Done building target "CollectPackageDownloads" in project "TalenHuman.Domain.csproj".
   5:5>Target "_GenerateRestoreProjectSpec" in file "C:\Program Files\dotnet\sdk\8.0.302\NuGet.targets" from project "D:\Tito Pedraza\OneDrive\Proyectos\Codigo Fuente\repos\HumanCore\src\TalenHuman.API\TalenHuman.API.csproj" (target "_GenerateProjectRestoreGraph" depends on it):
   5:5>Task "ConvertToAbsolutePath"
   3:6>Target "CollectFrameworkReferences" in file "C:\Program Files\dotnet\sdk\8.0.302\NuGet.targets" from project "D:\Tito Pedraza\OneDrive\Proyectos\Codigo Fuente\repos\HumanCore\src\TalenHuman.Domain\TalenHuman.Domain.csproj" (target "_GenerateProjectRestoreGraphPerFramework" depends on it):
   3:6>Done building target "CollectFrameworkReferences" in project "TalenHuman.Domain.csproj".
   2:7>Target "CollectFrameworkReferences" in file "C:\Program Files\dotnet\sdk\8.0.302\NuGet.targets" from project "D:\Tito Pedraza\OneDrive\Proyectos\Codigo Fuente\repos\HumanCore\src\TalenHuman.Application\TalenHuman.Application.csproj" (target "_GenerateProjectRestoreGraphPerFramework" depends on it):
   2:7>Done building target "CollectFrameworkReferences" in project "TalenHuman.Application.csproj".
   2:7>Target "CollectCentralPackageVersions" in file "C:\Program Files\dotnet\sdk\8.0.302\NuGet.targets" from project "D:\Tito Pedraza\OneDrive\Proyectos\Codigo Fuente\repos\HumanCore\src\TalenHuman.Application\TalenHuman.Application.csproj" (target "_GenerateProjectRestoreGraphPerFramework" depends on it):
       Task "CheckForDuplicateNuGetItemsTask"
   3:6>Target "CollectCentralPackageVersions" in file "C:\Program Files\dotnet\sdk\8.0.302\NuGet.targets" from project "D:\Tito Pedraza\OneDrive\Proyectos\Codigo Fuente\repos\HumanCore\src\TalenHuman.Domain\TalenHuman.Domain.csproj" (target "_GenerateProjectRestoreGraphPerFramework" depends on it):
   3:6>Task "CheckForDuplicateNuGetItemsTask"
   5:5>Done executing task "ConvertToAbsolutePath".
   4:6>Done executing task "CheckForDuplicateNuGetItemsTask".
   3:6>Done executing task "CheckForDuplicateNuGetItemsTask".
   4:6>Done building target "CollectPackageDownloads" in project "TalenHuman.Infrastructure.csproj".
   4:6>Target "CollectFrameworkReferences" in file "C:\Program Files\dotnet\sdk\8.0.302\NuGet.targets" from project "D:\Tito Pedraza\OneDrive\Proyectos\Codigo Fuente\repos\HumanCore\src\TalenHuman.Infrastructure\TalenHuman.Infrastructure.csproj" (target "_GenerateProjectRestoreGraphPerFramework" depends on it):
   4:6>Done building target "CollectFrameworkReferences" in project "TalenHuman.Infrastructure.csproj".
   2:7>Done executing task "CheckForDuplicateNuGetItemsTask".
   2:7>Done building target "CollectCentralPackageVersions" in project "TalenHuman.Application.csproj".
   4:6>Target "CollectCentralPackageVersions" in file "C:\Program Files\dotnet\sdk\8.0.302\NuGet.targets" from project "D:\Tito Pedraza\OneDrive\Proyectos\Codigo Fuente\repos\HumanCore\src\TalenHuman.Infrastructure\TalenHuman.Infrastructure.csproj" (target "_GenerateProjectRestoreGraphPerFramework" depends on it):
   4:6>Task "CheckForDuplicateNuGetItemsTask"
   2:7>Target "PrepRestoreForStoreProjects" skipped, due to false condition; ('$(StorePackageName)' != '') was evaluated as ('' != '').
   5:5>Done building target "_GenerateRestoreProjectSpec" in project "TalenHuman.API.csproj".
       Target "_GenerateProjectRestoreGraphAllFrameworks" skipped, due to false condition; ( '$(TargetFrameworks)' != '' ) was evaluated as ( '' != '' ).
       Target "_GetRestoreProjectStyle" skipped. Previously built successfully.
       Target "CollectPackageReferences" skipped. Previously built successfully.
   2:7>Target "_GenerateProjectRestoreGraphPerFramework" in file "C:\Program Files\dotnet\sdk\8.0.302\NuGet.targets" from project "D:\Tito Pedraza\OneDrive\Proyectos\Codigo Fuente\repos\HumanCore\src\TalenHuman.Application\TalenHuman.Application.csproj" (target "_GenerateProjectRestoreGraphCurrentProject" depends on it):
   2:7>Using "GetRestoreProjectReferencesTask" task from assembly "C:\Program Files\dotnet\sdk\8.0.302\NuGet.Build.Tasks.dll".
   5:5>Target "CollectPackageDownloads" in file "C:\Program Files\dotnet\sdk\8.0.302\NuGet.targets" from project "D:\Tito Pedraza\OneDrive\Proyectos\Codigo Fuente\repos\HumanCore\src\TalenHuman.API\TalenHuman.API.csproj" (target "_GenerateProjectRestoreGraphPerFramework" depends on it):
   5:5>Task "CheckForDuplicateNuGetItemsTask"
   2:7>Task "GetRestoreProjectReferencesTask"
   3:6>Done building target "CollectCentralPackageVersions" in project "TalenHuman.Domain.csproj".
       Target "PrepRestoreForStoreProjects" skipped, due to false condition; ('$(StorePackageName)' != '') was evaluated as ('' != '').
   2:7>Done executing task "GetRestoreProjectReferencesTask".
   4:6>Done executing task "CheckForDuplicateNuGetItemsTask".
   4:6>Done building target "CollectCentralPackageVersions" in project "TalenHuman.Infrastructure.csproj".
   3:6>Target "_GenerateProjectRestoreGraphPerFramework" in file "C:\Program Files\dotnet\sdk\8.0.302\NuGet.targets" from project "D:\Tito Pedraza\OneDrive\Proyectos\Codigo Fuente\repos\HumanCore\src\TalenHuman.Domain\TalenHuman.Domain.csproj" (target "_GenerateProjectRestoreGraphCurrentProject" depends on it):
   3:6>Using "GetRestoreProjectReferencesTask" task from assembly "C:\Program Files\dotnet\sdk\8.0.302\NuGet.Build.Tasks.dll".
   2:7>_GenerateProjectRestoreGraphPerFramework:
       Using "GetRestorePackageReferencesTask" task from assembly "C:\Program Files\dotnet\sdk\8.0.302\NuGet.Build.Tasks.dll".
   3:6>Task "GetRestoreProjectReferencesTask"
       Done executing task "GetRestoreProjectReferencesTask".
   2:7>Task "GetRestorePackageReferencesTask"
       Done executing task "GetRestorePackageReferencesTask".
   4:6>Target "PrepRestoreForStoreProjects" skipped, due to false condition; ('$(StorePackageName)' != '') was evaluated as ('' != '').
   3:6>_GenerateProjectRestoreGraphPerFramework:
       Using "GetRestorePackageReferencesTask" task from assembly "C:\Program Files\dotnet\sdk\8.0.302\NuGet.Build.Tasks.dll".
   4:6>Target "_GenerateProjectRestoreGraphPerFramework" in file "C:\Program Files\dotnet\sdk\8.0.302\NuGet.targets" from project "D:\Tito Pedraza\OneDrive\Proyectos\Codigo Fuente\repos\HumanCore\src\TalenHuman.Infrastructure\TalenHuman.Infrastructure.csproj" (target "_GenerateProjectRestoreGraphCurrentProject" depends on it):
   4:6>Using "GetRestoreProjectReferencesTask" task from assembly "C:\Program Files\dotnet\sdk\8.0.302\NuGet.Build.Tasks.dll".
   2:7>_GenerateProjectRestoreGraphPerFramework:
       Task "GetCentralPackageVersionsTask" skipped, due to false condition; ( '$(PackageReferenceCompatibleProjectStyle)' == 'true' AND '$(_CentralPackageVersionsEnabled)' == 'true' ) was evaluated as ( 'True' == 'true' AND '' == 'true' ).
   4:6>Task "GetRestoreProjectReferencesTask"
   2:7>_GenerateProjectRestoreGraphPerFramework:
       Using "GetRestorePackageDownloadsTask" task from assembly "C:\Program Files\dotnet\sdk\8.0.302\NuGet.Build.Tasks.dll".
   3:6>Task "GetRestorePackageReferencesTask"
   4:6>Done executing task "GetRestoreProjectReferencesTask".
   3:6>Done executing task "GetRestorePackageReferencesTask".
   4:6>_GenerateProjectRestoreGraphPerFramework:
       Using "GetRestorePackageReferencesTask" task from assembly "C:\Program Files\dotnet\sdk\8.0.302\NuGet.Build.Tasks.dll".
   3:6>_GenerateProjectRestoreGraphPerFramework:
       Task "GetCentralPackageVersionsTask" skipped, due to false condition; ( '$(PackageReferenceCompatibleProjectStyle)' == 'true' AND '$(_CentralPackageVersionsEnabled)' == 'true' ) was evaluated as ( 'True' == 'true' AND '' == 'true' ).
   4:6>Task "GetRestorePackageReferencesTask"
   2:7>Task "GetRestorePackageDownloadsTask"
       Done executing task "GetRestorePackageDownloadsTask".
   4:6>Done executing task "GetRestorePackageReferencesTask".
   3:6>_GenerateProjectRestoreGraphPerFramework:
       Using "GetRestorePackageDownloadsTask" task from assembly "C:\Program Files\dotnet\sdk\8.0.302\NuGet.Build.Tasks.dll".
   2:7>_GenerateProjectRestoreGraphPerFramework:
       Using "GetRestoreFrameworkReferencesTask" task from assembly "C:\Program Files\dotnet\sdk\8.0.302\NuGet.Build.Tasks.dll".
   4:6>_GenerateProjectRestoreGraphPerFramework:
       Task "GetCentralPackageVersionsTask" skipped, due to false condition; ( '$(PackageReferenceCompatibleProjectStyle)' == 'true' AND '$(_CentralPackageVersionsEnabled)' == 'true' ) was evaluated as ( 'True' == 'true' AND '' == 'true' ).
   2:7>Task "GetRestoreFrameworkReferencesTask"
       Done executing task "GetRestoreFrameworkReferencesTask".
   3:6>Task "GetRestorePackageDownloadsTask"
   4:6>_GenerateProjectRestoreGraphPerFramework:
       Using "GetRestorePackageDownloadsTask" task from assembly "C:\Program Files\dotnet\sdk\8.0.302\NuGet.Build.Tasks.dll".
   2:7>Done building target "_GenerateProjectRestoreGraphPerFramework" in project "TalenHuman.Application.csproj".
   3:6>Done executing task "GetRestorePackageDownloadsTask".
       Using "GetRestoreFrameworkReferencesTask" task from assembly "C:\Program Files\dotnet\sdk\8.0.302\NuGet.Build.Tasks.dll".
   4:6>Task "GetRestorePackageDownloadsTask"
   3:6>Task "GetRestoreFrameworkReferencesTask"
   4:6>Done executing task "GetRestorePackageDownloadsTask".
   2:7>Target "_GenerateProjectRestoreGraphCurrentProject" in file "C:\Program Files\dotnet\sdk\8.0.302\NuGet.targets" from project "D:\Tito Pedraza\OneDrive\Proyectos\Codigo Fuente\repos\HumanCore\src\TalenHuman.Application\TalenHuman.Application.csproj" (target "_GenerateRestoreDependencies" depends on it):
   2:7>Done building target "_GenerateProjectRestoreGraphCurrentProject" in project "TalenHuman.Application.csproj".
   3:6>Done executing task "GetRestoreFrameworkReferencesTask".
   4:6>_GenerateProjectRestoreGraphPerFramework:
       Using "GetRestoreFrameworkReferencesTask" task from assembly "C:\Program Files\dotnet\sdk\8.0.302\NuGet.Build.Tasks.dll".
       Task "GetRestoreFrameworkReferencesTask"
   3:6>Done building target "_GenerateProjectRestoreGraphPerFramework" in project "TalenHuman.Domain.csproj".
   2:7>Target "_GenerateRestoreDependencies" in file "C:\Program Files\dotnet\sdk\8.0.302\NuGet.targets" from project "D:\Tito Pedraza\OneDrive\Proyectos\Codigo Fuente\repos\HumanCore\src\TalenHuman.Application\TalenHuman.Application.csproj" (target "_GenerateProjectRestoreGraph" depends on it):
   2:7>Done building target "_GenerateRestoreDependencies" in project "TalenHuman.Application.csproj".
   4:6>Done executing task "GetRestoreFrameworkReferencesTask".
   4:6>Done building target "_GenerateProjectRestoreGraphPerFramework" in project "TalenHuman.Infrastructure.csproj".
   2:7>Target "_GenerateProjectRestoreGraph" in file "C:\Program Files\dotnet\sdk\8.0.302\NuGet.targets" from project "D:\Tito Pedraza\OneDrive\Proyectos\Codigo Fuente\repos\HumanCore\src\TalenHuman.Application\TalenHuman.Application.csproj" (entry point):
   2:7>Done building target "_GenerateProjectRestoreGraph" in project "TalenHuman.Application.csproj".
   3:6>Target "_GenerateProjectRestoreGraphCurrentProject" in file "C:\Program Files\dotnet\sdk\8.0.302\NuGet.targets" from project "D:\Tito Pedraza\OneDrive\Proyectos\Codigo Fuente\repos\HumanCore\src\TalenHuman.Domain\TalenHuman.Domain.csproj" (target "_GenerateRestoreDependencies" depends on it):
   3:6>Done building target "_GenerateProjectRestoreGraphCurrentProject" in project "TalenHuman.Domain.csproj".
   2:7>Done Building Project "D:\Tito Pedraza\OneDrive\Proyectos\Codigo Fuente\repos\HumanCore\src\TalenHuman.Application\TalenHuman.Application.csproj" (_GenerateProjectRestoreGraph target(s)).
   4:6>Target "_GenerateProjectRestoreGraphCurrentProject" in file "C:\Program Files\dotnet\sdk\8.0.302\NuGet.targets" from project "D:\Tito Pedraza\OneDrive\Proyectos\Codigo Fuente\repos\HumanCore\src\TalenHuman.Infrastructure\TalenHuman.Infrastructure.csproj" (target "_GenerateRestoreDependencies" depends on it):
   4:6>Done building target "_GenerateProjectRestoreGraphCurrentProject" in project "TalenHuman.Infrastructure.csproj".
   3:6>Target "_GenerateRestoreDependencies" in file "C:\Program Files\dotnet\sdk\8.0.302\NuGet.targets" from project "D:\Tito Pedraza\OneDrive\Proyectos\Codigo Fuente\repos\HumanCore\src\TalenHuman.Domain\TalenHuman.Domain.csproj" (target "_GenerateProjectRestoreGraph" depends on it):
   3:6>Done building target "_GenerateRestoreDependencies" in project "TalenHuman.Domain.csproj".
   4:6>Target "_GenerateRestoreDependencies" in file "C:\Program Files\dotnet\sdk\8.0.302\NuGet.targets" from project "D:\Tito Pedraza\OneDrive\Proyectos\Codigo Fuente\repos\HumanCore\src\TalenHuman.Infrastructure\TalenHuman.Infrastructure.csproj" (target "_GenerateProjectRestoreGraph" depends on it):
   4:6>Done building target "_GenerateRestoreDependencies" in project "TalenHuman.Infrastructure.csproj".
   3:6>Target "_GenerateProjectRestoreGraph" in file "C:\Program Files\dotnet\sdk\8.0.302\NuGet.targets" from project "D:\Tito Pedraza\OneDrive\Proyectos\Codigo Fuente\repos\HumanCore\src\TalenHuman.Domain\TalenHuman.Domain.csproj" (entry point):
   3:6>Done building target "_GenerateProjectRestoreGraph" in project "TalenHuman.Domain.csproj".
   3:6>Done Building Project "D:\Tito Pedraza\OneDrive\Proyectos\Codigo Fuente\repos\HumanCore\src\TalenHuman.Domain\TalenHuman.Domain.csproj" (_GenerateProjectRestoreGraph target(s)).
   4:6>Target "_GenerateProjectRestoreGraph" in file "C:\Program Files\dotnet\sdk\8.0.302\NuGet.targets" from project "D:\Tito Pedraza\OneDrive\Proyectos\Codigo Fuente\repos\HumanCore\src\TalenHuman.Infrastructure\TalenHuman.Infrastructure.csproj" (entry point):
   4:6>Done building target "_GenerateProjectRestoreGraph" in project "TalenHuman.Infrastructure.csproj".
   4:6>Done Building Project "D:\Tito Pedraza\OneDrive\Proyectos\Codigo Fuente\repos\HumanCore\src\TalenHuman.Infrastructure\TalenHuman.Infrastructure.csproj" (_GenerateProjectRestoreGraph target(s)).
   5:5>Done executing task "CheckForDuplicateNuGetItemsTask".
   5:5>Done building target "CollectPackageDownloads" in project "TalenHuman.API.csproj".
   5:5>Target "CollectFrameworkReferences" in file "C:\Program Files\dotnet\sdk\8.0.302\NuGet.targets" from project "D:\Tito Pedraza\OneDrive\Proyectos\Codigo Fuente\repos\HumanCore\src\TalenHuman.API\TalenHuman.API.csproj" (target "_GenerateProjectRestoreGraphPerFramework" depends on it):
   5:5>Done building target "CollectFrameworkReferences" in project "TalenHuman.API.csproj".
   5:5>Target "CollectCentralPackageVersions" in file "C:\Program Files\dotnet\sdk\8.0.302\NuGet.targets" from project "D:\Tito Pedraza\OneDrive\Proyectos\Codigo Fuente\repos\HumanCore\src\TalenHuman.API\TalenHuman.API.csproj" (target "_GenerateProjectRestoreGraphPerFramework" depends on it):
       Task "CheckForDuplicateNuGetItemsTask"
       Done executing task "CheckForDuplicateNuGetItemsTask".
   5:5>Done building target "CollectCentralPackageVersions" in project "TalenHuman.API.csproj".
       Target "PrepRestoreForStoreProjects" skipped, due to false condition; ('$(StorePackageName)' != '') was evaluated as ('' != '').
   5:5>Target "_GenerateProjectRestoreGraphPerFramework" in file "C:\Program Files\dotnet\sdk\8.0.302\NuGet.targets" from project "D:\Tito Pedraza\OneDrive\Proyectos\Codigo Fuente\repos\HumanCore\src\TalenHuman.API\TalenHuman.API.csproj" (target "_GenerateProjectRestoreGraphCurrentProject" depends on it):
       Using "GetRestoreProjectReferencesTask" task from assembly "C:\Program Files\dotnet\sdk\8.0.302\NuGet.Build.Tasks.dll".
       Task "GetRestoreProjectReferencesTask"
       Done executing task "GetRestoreProjectReferencesTask".
       Using "GetRestorePackageReferencesTask" task from assembly "C:\Program Files\dotnet\sdk\8.0.302\NuGet.Build.Tasks.dll".
       Task "GetRestorePackageReferencesTask"
       Done executing task "GetRestorePackageReferencesTask".
       Task "GetCentralPackageVersionsTask" skipped, due to false condition; ( '$(PackageReferenceCompatibleProjectStyle)' == 'true' AND '$(_CentralPackageVersionsEnabled)' == 'true' ) was evaluated as ( 'True' == 'true' AND '' == 'true' ).
       Using "GetRestorePackageDownloadsTask" task from assembly "C:\Program Files\dotnet\sdk\8.0.302\NuGet.Build.Tasks.dll".
       Task "GetRestorePackageDownloadsTask"
       Done executing task "GetRestorePackageDownloadsTask".
       Using "GetRestoreFrameworkReferencesTask" task from assembly "C:\Program Files\dotnet\sdk\8.0.302\NuGet.Build.Tasks.dll".
       Task "GetRestoreFrameworkReferencesTask"
       Done executing task "GetRestoreFrameworkReferencesTask".
   5:5>Done building target "_GenerateProjectRestoreGraphPerFramework" in project "TalenHuman.API.csproj".
   5:5>Target "_GenerateProjectRestoreGraphCurrentProject" in file "C:\Program Files\dotnet\sdk\8.0.302\NuGet.targets" from project "D:\Tito Pedraza\OneDrive\Proyectos\Codigo Fuente\repos\HumanCore\src\TalenHuman.API\TalenHuman.API.csproj" (target "_GenerateRestoreDependencies" depends on it):
   5:5>Done building target "_GenerateProjectRestoreGraphCurrentProject" in project "TalenHuman.API.csproj".
   5:5>Target "_GenerateRestoreDependencies" in file "C:\Program Files\dotnet\sdk\8.0.302\NuGet.targets" from project "D:\Tito Pedraza\OneDrive\Proyectos\Codigo Fuente\repos\HumanCore\src\TalenHuman.API\TalenHuman.API.csproj" (target "_GenerateProjectRestoreGraph" depends on it):
   5:5>Done building target "_GenerateRestoreDependencies" in project "TalenHuman.API.csproj".
   5:5>Target "_GenerateProjectRestoreGraph" in file "C:\Program Files\dotnet\sdk\8.0.302\NuGet.targets" from project "D:\Tito Pedraza\OneDrive\Proyectos\Codigo Fuente\repos\HumanCore\src\TalenHuman.API\TalenHuman.API.csproj" (entry point):
   5:5>Done building target "_GenerateProjectRestoreGraph" in project "TalenHuman.API.csproj".
   5:5>Done Building Project "D:\Tito Pedraza\OneDrive\Proyectos\Codigo Fuente\repos\HumanCore\src\TalenHuman.API\TalenHuman.API.csproj" (_GenerateProjectRestoreGraph target(s)).
     1>Done executing task "MSBuild".
     1>Done building target "_GenerateRestoreGraph" in project "TalenHuman.sln".
     1>Target "Restore" in file "C:\Program Files\dotnet\sdk\8.0.302\NuGet.targets" from project "D:\Tito Pedraza\OneDrive\Proyectos\Codigo Fuente\repos\HumanCore\src\TalenHuman.sln" (entry point):
       Task "RemoveDuplicates"
       Done executing task "RemoveDuplicates".
       Using "RestoreTask" task from assembly "C:\Program Files\dotnet\sdk\8.0.302\NuGet.Build.Tasks.dll".
       Task "RestoreTask"
         Assembly loaded during TaskRun (NuGet.Build.Tasks.RestoreTask): NuGet.Packaging, Version=6.10.0.97, Culture=neutral, PublicKeyToken=31bf3856ad364e35 (location: C:\Program Files\dotnet\sdk\8.0.302\NuGet.Packaging.dll, MVID: a5872115-ad31-41c6-8ee1-d250f9a89421, AssemblyLoadContext: MSBuild plugin C:\Program Files\dotnet\sdk\8.0.302\NuGet.Build.Tasks.dll)
         Assembly loaded during TaskRun (NuGet.Build.Tasks.RestoreTask): NuGet.LibraryModel, Version=6.10.0.97, Culture=neutral, PublicKeyToken=31bf3856ad364e35 (location: C:\Program Files\dotnet\sdk\8.0.302\NuGet.LibraryModel.dll, MVID: dca91d3d-e887-45d7-adbe-fb21a6d2e8de, AssemblyLoadContext: MSBuild plugin C:\Program Files\dotnet\sdk\8.0.302\NuGet.Build.Tasks.dll)
         Assembly loaded during TaskRun (NuGet.Build.Tasks.RestoreTask): NuGet.Versioning, Version=6.10.0.97, Culture=neutral, PublicKeyToken=31bf3856ad364e35 (location: C:\Program Files\dotnet\sdk\8.0.302\NuGet.Versioning.dll, MVID: 6c33ba60-7e6e-44e4-9bb0-f837223833cb, AssemblyLoadContext: MSBuild plugin C:\Program Files\dotnet\sdk\8.0.302\NuGet.Build.Tasks.dll)
         Assembly loaded during TaskRun (NuGet.Build.Tasks.RestoreTask): NuGet.Frameworks, Version=6.10.0.97, Culture=neutral, PublicKeyToken=31bf3856ad364e35 (location: C:\Program Files\dotnet\sdk\8.0.302\NuGet.Frameworks.dll, MVID: 05e5996d-f121-4c49-b976-ad842a7e715b, AssemblyLoadContext: MSBuild plugin C:\Program Files\dotnet\sdk\8.0.302\NuGet.Build.Tasks.dll)
         Assembly loaded during TaskRun (NuGet.Build.Tasks.RestoreTask): NuGet.Protocol, Version=6.10.0.97, Culture=neutral, PublicKeyToken=31bf3856ad364e35 (location: C:\Program Files\dotnet\sdk\8.0.302\NuGet.Protocol.dll, MVID: d5266668-ac7a-4040-8fc3-1c7012b4cabd, AssemblyLoadContext: MSBuild plugin C:\Program Files\dotnet\sdk\8.0.302\NuGet.Build.Tasks.dll)
         Assembly loaded during TaskRun (NuGet.Build.Tasks.RestoreTask): NuGet.Credentials, Version=6.10.0.97, Culture=neutral, PublicKeyToken=31bf3856ad364e35 (location: C:\Program Files\dotnet\sdk\8.0.302\NuGet.Credentials.dll, MVID: ea901be9-37b6-4531-b6bb-6c0ca715f2cd, AssemblyLoadContext: MSBuild plugin C:\Program Files\dotnet\sdk\8.0.302\NuGet.Build.Tasks.dll)
         X.509 certificate chain validation will use the default trust store selected by .NET for code signing.
         X.509 certificate chain validation will use the default trust store selected by .NET for timestamping.
         Assembly loaded during TaskRun (NuGet.Build.Tasks.RestoreTask): NuGet.DependencyResolver.Core, Version=6.10.0.97, Culture=neutral, PublicKeyToken=31bf3856ad364e35 (location: C:\Program Files\dotnet\sdk\8.0.302\NuGet.DependencyResolver.Core.dll, MVID: 73a3ef73-6ec0-428c-a2a0-f5c015892b67, AssemblyLoadContext: MSBuild plugin C:\Program Files\dotnet\sdk\8.0.302\NuGet.Build.Tasks.dll)
         Running restore with 16 concurrent jobs.
         Reading project file D:\Tito Pedraza\OneDrive\Proyectos\Codigo Fuente\repos\HumanCore\src\TalenHuman.Infrastructure\TalenHuman.Infrastructure.csproj.
         Reading project file D:\Tito Pedraza\OneDrive\Proyectos\Codigo Fuente\repos\HumanCore\src\TalenHuman.Application\TalenHuman.Application.csproj.
         Reading project file D:\Tito Pedraza\OneDrive\Proyectos\Codigo Fuente\repos\HumanCore\src\TalenHuman.API\TalenHuman.API.csproj.
         Reading project file D:\Tito Pedraza\OneDrive\Proyectos\Codigo Fuente\repos\HumanCore\src\TalenHuman.Domain\TalenHuman.Domain.csproj.
         Assembly loaded during TaskRun (NuGet.Build.Tasks.RestoreTask): Newtonsoft.Json, Version=13.0.0.0, Culture=neutral, PublicKeyToken=30ad4fe6b2a6aeed (location: C:\Program Files\dotnet\sdk\8.0.302\Newtonsoft.Json.dll, MVID: 7e62198b-eab2-4380-bbac-29171862d1d8, AssemblyLoadContext: MSBuild plugin C:\Program Files\dotnet\sdk\8.0.302\NuGet.Build.Tasks.dll)
         Assembly loaded during TaskRun (NuGet.Build.Tasks.RestoreTask): System.Runtime.Serialization.Primitives, Version=8.0.0.0, Culture=neutral, PublicKeyToken=b03f5f7f11d50a3a (location: C:\Program Files\dotnet\shared\Microsoft.NETCore.App\8.0.6\System.Runtime.Serialization.Primitives.dll, MVID: 2b051138-83d0-4344-9079-15e3291857e4, AssemblyLoadContext: Default)
         Assembly loaded during TaskRun (NuGet.Build.Tasks.RestoreTask): System.Runtime.Numerics, Version=8.0.0.0, Culture=neutral, PublicKeyToken=b03f5f7f11d50a3a (location: C:\Program Files\dotnet\shared\Microsoft.NETCore.App\8.0.6\System.Runtime.Numerics.dll, MVID: 0867f119-d173-47c9-8f59-ae1e7044d751, AssemblyLoadContext: Default)
         The restore inputs for 'TalenHuman.Application' have not changed. No further actions are required to complete the restore.
         The restore inputs for 'TalenHuman.API' have not changed. No further actions are required to complete the restore.
         The restore inputs for 'TalenHuman.Domain' have not changed. No further actions are required to complete the restore.
         The restore inputs for 'TalenHuman.Infrastructure' have not changed. No further actions are required to complete the restore.
         Committing restore...
         Committing restore...
         Assets file has not changed. Skipping assets file writing. Path: D:\Tito Pedraza\OneDrive\Proyectos\Codigo Fuente\repos\HumanCore\src\TalenHuman.Domain\obj\project.assets.json
         Assets file has not changed. Skipping assets file writing. Path: D:\Tito Pedraza\OneDrive\Proyectos\Codigo Fuente\repos\HumanCore\src\TalenHuman.Application\obj\project.assets.json
         No-Op restore. The cache will not be updated. Path: D:\Tito Pedraza\OneDrive\Proyectos\Codigo Fuente\repos\HumanCore\src\TalenHuman.Domain\obj\project.nuget.cache
         No-Op restore. The cache will not be updated. Path: D:\Tito Pedraza\OneDrive\Proyectos\Codigo Fuente\repos\HumanCore\src\TalenHuman.Application\obj\project.nuget.cache
     1>D:\Tito Pedraza\OneDrive\Proyectos\Codigo Fuente\repos\HumanCore\src\TalenHuman.Infrastructure\TalenHuman.Infrastructure.csproj : warning NU1903: Package 'SixLabors.ImageSharp' 3.1.2 has a known high severity vulnerability, https://github.com/advisories/GHSA-2cmq-823j-5qj8 [D:\Tito Pedraza\OneDrive\Proyectos\Codigo Fuente\repos\HumanCore\src\TalenHuman.sln]
         Restored D:\Tito Pedraza\OneDrive\Proyectos\Codigo Fuente\repos\HumanCore\src\TalenHuman.Domain\TalenHuman.Domain.csproj (in 66 ms).
         Restored D:\Tito Pedraza\OneDrive\Proyectos\Codigo Fuente\repos\HumanCore\src\TalenHuman.Application\TalenHuman.Application.csproj (in 66 ms).
         Committing restore...
         Assets file has not changed. Skipping assets file writing. Path: D:\Tito Pedraza\OneDrive\Proyectos\Codigo Fuente\repos\HumanCore\src\TalenHuman.API\obj\project.assets.json
         No-Op restore. The cache will not be updated. Path: D:\Tito Pedraza\OneDrive\Proyectos\Codigo Fuente\repos\HumanCore\src\TalenHuman.API\obj\project.nuget.cache
     1>D:\Tito Pedraza\OneDrive\Proyectos\Codigo Fuente\repos\HumanCore\src\TalenHuman.Infrastructure\TalenHuman.Infrastructure.csproj : warning NU1902: Package 'SixLabors.ImageSharp' 3.1.2 has a known moderate severity vulnerability, https://github.com/advisories/GHSA-5x7m-6737-26cr [D:\Tito Pedraza\OneDrive\Proyectos\Codigo Fuente\repos\HumanCore\src\TalenHuman.sln]
     1>D:\Tito Pedraza\OneDrive\Proyectos\Codigo Fuente\repos\HumanCore\src\TalenHuman.Infrastructure\TalenHuman.Infrastructure.csproj : warning NU1903: Package 'SixLabors.ImageSharp' 3.1.2 has a known high severity vulnerability, https://github.com/advisories/GHSA-63p8-c4ww-9cg7 [D:\Tito Pedraza\OneDrive\Proyectos\Codigo Fuente\repos\HumanCore\src\TalenHuman.sln]
         Restored D:\Tito Pedraza\OneDrive\Proyectos\Codigo Fuente\repos\HumanCore\src\TalenHuman.API\TalenHuman.API.csproj (in 70 ms).
     1>D:\Tito Pedraza\OneDrive\Proyectos\Codigo Fuente\repos\HumanCore\src\TalenHuman.Infrastructure\TalenHuman.Infrastructure.csproj : warning NU1903: Package 'SixLabors.ImageSharp' 3.1.2 has a known high severity vulnerability, https://github.com/advisories/GHSA-65x7-c272-7g7r [D:\Tito Pedraza\OneDrive\Proyectos\Codigo Fuente\repos\HumanCore\src\TalenHuman.sln]
     1>D:\Tito Pedraza\OneDrive\Proyectos\Codigo Fuente\repos\HumanCore\src\TalenHuman.Infrastructure\TalenHuman.Infrastructure.csproj : warning NU1902: Package 'SixLabors.ImageSharp' 3.1.2 has a known moderate severity vulnerability, https://github.com/advisories/GHSA-g85r-6x2q-45w7 [D:\Tito Pedraza\OneDrive\Proyectos\Codigo Fuente\repos\HumanCore\src\TalenHuman.sln]
     1>D:\Tito Pedraza\OneDrive\Proyectos\Codigo Fuente\repos\HumanCore\src\TalenHuman.Infrastructure\TalenHuman.Infrastructure.csproj : warning NU1902: Package 'SixLabors.ImageSharp' 3.1.2 has a known moderate severity vulnerability, https://github.com/advisories/GHSA-qxrv-gp6x-rc23 [D:\Tito Pedraza\OneDrive\Proyectos\Codigo Fuente\repos\HumanCore\src\TalenHuman.sln]
     1>D:\Tito Pedraza\OneDrive\Proyectos\Codigo Fuente\repos\HumanCore\src\TalenHuman.Infrastructure\TalenHuman.Infrastructure.csproj : warning NU1902: Package 'SixLabors.ImageSharp' 3.1.2 has a known moderate severity vulnerability, https://github.com/advisories/GHSA-rxmq-m78w-7wmc [D:\Tito Pedraza\OneDrive\Proyectos\Codigo Fuente\repos\HumanCore\src\TalenHuman.sln]
         Committing restore...
         Assets file has not changed. Skipping assets file writing. Path: D:\Tito Pedraza\OneDrive\Proyectos\Codigo Fuente\repos\HumanCore\src\TalenHuman.Infrastructure\obj\project.assets.json
         No-Op restore. The cache will not be updated. Path: D:\Tito Pedraza\OneDrive\Proyectos\Codigo Fuente\repos\HumanCore\src\TalenHuman.Infrastructure\obj\project.nuget.cache
         Restored D:\Tito Pedraza\OneDrive\Proyectos\Codigo Fuente\repos\HumanCore\src\TalenHuman.Infrastructure\TalenHuman.Infrastructure.csproj (in 70 ms).
         
         NuGet Config files used:
             C:\Users\messa\AppData\Roaming\NuGet\NuGet.Config
             C:\Program Files (x86)\NuGet\Config\Microsoft.VisualStudio.FallbackLocation.config
             C:\Program Files (x86)\NuGet\Config\Microsoft.VisualStudio.Offline.config
         
         Feeds used:
             https://api.nuget.org/v3/index.json
             C:\Program Files (x86)\Microsoft SDKs\NuGetPackages\
             C:\Program Files\dotnet\library-packs
         All projects are up-to-date for restore.
       Done executing task "RestoreTask".
     1>Done building target "Restore" in project "TalenHuman.sln".
     1>Done Building Project "D:\Tito Pedraza\OneDrive\Proyectos\Codigo Fuente\repos\HumanCore\src\TalenHuman.sln" (Restore target(s)).
     0>Property 'MSBuildExtensionsPath' with value 'C:\Program Files\dotnet\sdk\8.0.302\' expanded from the environment.
       Property reassignment: $(_GenerateRestoreGraphProjectEntryInputProperties)="
             ExcludeRestorePackageImports=true;
             _RestoreSolutionFileUsed=true;
             SolutionDir=D:\Tito Pedraza\OneDrive\Proyectos\Codigo Fuente\repos\HumanCore\src\;
             SolutionName=TalenHuman;
             SolutionFileName=TalenHuman.sln;
             SolutionPath=D:\Tito Pedraza\OneDrive\Proyectos\Codigo Fuente\repos\HumanCore\src\TalenHuman.sln;
             SolutionExt=.sln;
           " (previous value: "ExcludeRestorePackageImports=true") at C:\Program Files\dotnet\sdk\8.0.302\NuGet.targets (97,5)
       The target "Store" listed in a BeforeTargets attribute at "C:\Program Files\dotnet\sdk\8.0.302\Current\SolutionFile\ImportAfter\Microsoft.NET.Sdk.Solution.targets (33,11)" does not exist in the project, and will be ignored.
       The target "VSTest" listed in a BeforeTargets attribute at "C:\Program Files\dotnet\sdk\8.0.302\Current\SolutionFile\ImportAfter\Microsoft.NET.Sdk.Solution.targets (33,11)" does not exist in the project, and will be ignored.
       The target "_CheckForInvalidConfigurationAndPlatform" listed in a BeforeTargets attribute at "C:\Program Files\dotnet\sdk\8.0.302\NuGet.targets (616,11)" does not exist in the project, and will be ignored.
   1:2>Project "D:\Tito Pedraza\OneDrive\Proyectos\Codigo Fuente\repos\HumanCore\src\TalenHuman.sln" on node 1 (default targets).
   1:2>Target "ValidateSolutionConfiguration" in file "D:\Tito Pedraza\OneDrive\Proyectos\Codigo Fuente\repos\HumanCore\src\TalenHuman.sln.metaproj" from project "D:\Tito Pedraza\OneDrive\Proyectos\Codigo Fuente\repos\HumanCore\src\TalenHuman.sln" (entry point):
   1:2>Task "Error" skipped, due to false condition; (('$(CurrentSolutionConfigurationContents)' == '') and ('$(SkipInvalidConfigurations)' != 'true')) was evaluated as (('<SolutionConfiguration>
  <ProjectConfiguration Project="{E26827C6-ABAF-4AF6-8B46-8971DFB5053A}" AbsolutePath="D:\Tito Pedraza\OneDrive\Proyectos\Codigo Fuente\repos\HumanCore\src\TalenHuman.API\TalenHuman.API.csproj" BuildProjectInSolution="True">Debug|AnyCPU</ProjectConfiguration>
  <ProjectConfiguration Project="{9A75C1D6-963F-4610-8359-807A83EEE9FD}" AbsolutePath="D:\Tito Pedraza\OneDrive\Proyectos\Codigo Fuente\repos\HumanCore\src\TalenHuman.Application\TalenHuman.Application.csproj" BuildProjectInSolution="True">Debug|AnyCPU</ProjectConfiguration>
  <ProjectConfiguration Project="{7796AEAA-A2C4-4C5F-BBE0-422508798812}" AbsolutePath="D:\Tito Pedraza\OneDrive\Proyectos\Codigo Fuente\repos\HumanCore\src\TalenHuman.Domain\TalenHuman.Domain.csproj" BuildProjectInSolution="True">Debug|AnyCPU</ProjectConfiguration>
  <ProjectConfiguration Project="{7751AEE8-76F5-4A50-A9AB-FF4A8DBDE02A}" AbsolutePath="D:\Tito Pedraza\OneDrive\Proyectos\Codigo Fuente\repos\HumanCore\src\TalenHuman.Infrastructure\TalenHuma...' == '') and ('' != 'true')).
       Task "Warning" skipped, due to false condition; (('$(CurrentSolutionConfigurationContents)' == '') and ('$(SkipInvalidConfigurations)' == 'true')) was evaluated as (('<SolutionConfiguration>
         <ProjectConfiguration Project="{E26827C6-ABAF-4AF6-8B46-8971DFB5053A}" AbsolutePath="D:\Tito Pedraza\OneDrive\Proyectos\Codigo Fuente\repos\HumanCore\src\TalenHuman.API\TalenHuman.API.csproj" BuildProjectInSolution="True">Debug|AnyCPU</ProjectConfiguration>
         <ProjectConfiguration Project="{9A75C1D6-963F-4610-8359-807A83EEE9FD}" AbsolutePath="D:\Tito Pedraza\OneDrive\Proyectos\Codigo Fuente\repos\HumanCore\src\TalenHuman.Application\TalenHuman.Application.csproj" BuildProjectInSolution="True">Debug|AnyCPU</ProjectConfiguration>
         <ProjectConfiguration Project="{7796AEAA-A2C4-4C5F-BBE0-422508798812}" AbsolutePath="D:\Tito Pedraza\OneDrive\Proyectos\Codigo Fuente\repos\HumanCore\src\TalenHuman.Domain\TalenHuman.Domain.csproj" BuildProjectInSolution="True">Debug|AnyCPU</ProjectConfiguration>
         <ProjectConfiguration Project="{7751AEE8-76F5-4A50-A9AB-FF4A8DBDE02A}" AbsolutePath="D:\Tito Pedraza\OneDrive\Proyectos\Codigo Fuente\repos\HumanCore\src\TalenHuman.Infrastructure\TalenHuma...' == '') and ('' == 'true')).
       Using "Message" task from assembly "Microsoft.Build.Tasks.Core, Version=15.1.0.0, Culture=neutral, PublicKeyToken=b03f5f7f11d50a3a".
       Task "Message"
         Building solution configuration "Debug|Any CPU".
       Done executing task "Message".
   1:2>Done building target "ValidateSolutionConfiguration" in project "TalenHuman.sln".
   1:2>Target "ValidateToolsVersions" in file "D:\Tito Pedraza\OneDrive\Proyectos\Codigo Fuente\repos\HumanCore\src\TalenHuman.sln.metaproj" from project "D:\Tito Pedraza\OneDrive\Proyectos\Codigo Fuente\repos\HumanCore\src\TalenHuman.sln" (entry point):
       Task "Error" skipped, due to false condition; ('$(MSBuildToolsVersion)' == '2.0' and ('$(ProjectToolsVersion)' != '2.0' and '$(ProjectToolsVersion)' != '')) was evaluated as ('Current' == '2.0' and ('' != '2.0' and '' != '')).
   1:2>Done building target "ValidateToolsVersions" in project "TalenHuman.sln".
   1:2>Target "ValidateProjects" in file "D:\Tito Pedraza\OneDrive\Proyectos\Codigo Fuente\repos\HumanCore\src\TalenHuman.sln.metaproj" from project "D:\Tito Pedraza\OneDrive\Proyectos\Codigo Fuente\repos\HumanCore\src\TalenHuman.sln" (entry point):
   1:2>Done building target "ValidateProjects" in project "TalenHuman.sln".
       Target "_CheckForSolutionLevelRuntimeIdentifier" skipped, due to false condition; ('$(RuntimeIdentifier)' != '') was evaluated as ('' != '').
       Target "_CheckForSolutionLevelOutputPath" skipped, due to false condition; ('$(_CommandLineDefinedOutputPath)' == 'true') was evaluated as ('' == 'true').
   1:2>Target "Build" in file "D:\Tito Pedraza\OneDrive\Proyectos\Codigo Fuente\repos\HumanCore\src\TalenHuman.sln.metaproj" from project "D:\Tito Pedraza\OneDrive\Proyectos\Codigo Fuente\repos\HumanCore\src\TalenHuman.sln" (entry point):
       Using "MSBuild" task from assembly "Microsoft.Build.Tasks.Core, Version=15.1.0.0, Culture=neutral, PublicKeyToken=b03f5f7f11d50a3a".
       Task "MSBuild"
         Global Properties:
           BuildingSolutionFile=true
           CurrentSolutionConfigurationContents=<SolutionConfiguration>
           <ProjectConfiguration Project="{E26827C6-ABAF-4AF6-8B46-8971DFB5053A}" AbsolutePath="D:\Tito Pedraza\OneDrive\Proyectos\Codigo Fuente\repos\HumanCore\src\TalenHuman.API\TalenHuman.API.csproj" BuildProjectInSolution="True">Debug|AnyCPU</ProjectConfiguration>
           <ProjectConfiguration Project="{9A75C1D6-963F-4610-8359-807A83EEE9FD}" AbsolutePath="D:\Tito Pedraza\OneDrive\Proyectos\Codigo Fuente\repos\HumanCore\src\TalenHuman.Application\TalenHuman.Application.csproj" BuildProjectInSolution="True">Debug|AnyCPU</ProjectConfiguration>
           <ProjectConfiguration Project="{7796AEAA-A2C4-4C5F-BBE0-422508798812}" AbsolutePath="D:\Tito Pedraza\OneDrive\Proyectos\Codigo Fuente\repos\HumanCore\src\TalenHuman.Domain\TalenHuman.Domain.csproj" BuildProjectInSolution="True">Debug|AnyCPU</ProjectConfiguration>
           <ProjectConfiguration Project="{7751AEE8-76F5-4A50-A9AB-FF4A8DBDE02A}" AbsolutePath="D:\Tito Pedraza\OneDrive\Proyectos\Codigo Fuente\repos\HumanCore\src\TalenHuman.Infrastructure\TalenHuman.Infrastructure.csproj" BuildProjectInSolution="True">Debug|AnyCPU</ProjectConfiguration>
         </SolutionConfiguration>
           SolutionDir=D:\Tito Pedraza\OneDrive\Proyectos\Codigo Fuente\repos\HumanCore\src\
           SolutionExt=.sln
           SolutionFileName=TalenHuman.sln
           SolutionName=TalenHuman
           SolutionPath=D:\Tito Pedraza\OneDrive\Proyectos\Codigo Fuente\repos\HumanCore\src\TalenHuman.sln
         Additional Properties for project "D:\Tito Pedraza\OneDrive\Proyectos\Codigo Fuente\repos\HumanCore\src\TalenHuman.API\TalenHuman.API.csproj":
           Configuration=Debug
           Platform=AnyCPU
         Additional Properties for project "D:\Tito Pedraza\OneDrive\Proyectos\Codigo Fuente\repos\HumanCore\src\TalenHuman.Application\TalenHuman.Application.csproj":
           Configuration=Debug
           Platform=AnyCPU
         Additional Properties for project "D:\Tito Pedraza\OneDrive\Proyectos\Codigo Fuente\repos\HumanCore\src\TalenHuman.Domain\TalenHuman.Domain.csproj":
           Configuration=Debug
           Platform=AnyCPU
         Additional Properties for project "D:\Tito Pedraza\OneDrive\Proyectos\Codigo Fuente\repos\HumanCore\src\TalenHuman.Infrastructure\TalenHuman.Infrastructure.csproj":
           Configuration=Debug
           Platform=AnyCPU
     0>Property 'MSBuildExtensionsPath' with value 'C:\Program Files\dotnet\sdk\8.0.302\' expanded from the environment.
       Property 'MSBuildExtensionsPath' with value 'C:\Program Files\dotnet\sdk\8.0.302\' expanded from the environment.
       The SDK "Microsoft.NET.Sdk.Web" was successfully resolved by the "DefaultSdkResolver" resolver to location "C:\Program Files\dotnet\sdk\8.0.302\Sdks\Microsoft.NET.Sdk.Web\Sdk" and version "".
       Property reassignment: $(MSBuildProjectExtensionsPath)="D:\Tito Pedraza\OneDrive\Proyectos\Codigo Fuente\repos\HumanCore\src\TalenHuman.Application\obj\" (previous value: "obj\") at C:\Program Files\dotnet\sdk\8.0.302\Current\Microsoft.Common.props (60,5)
       Property reassignment: $(MSBuildProjectExtensionsPath)="D:\Tito Pedraza\OneDrive\Proyectos\Codigo Fuente\repos\HumanCore\src\TalenHuman.Domain\obj\" (previous value: "obj\") at C:\Program Files\dotnet\sdk\8.0.302\Current\Microsoft.Common.props (60,5)
       Property 'USERPROFILE' with value 'C:\Users\messa' expanded from the environment.
       Property 'USERPROFILE' with value 'C:\Users\messa' expanded from the environment.
       The "Configuration" property is a global property, and cannot be modified.
       The "Configuration" property is a global property, and cannot be modified.
       The "Platform" property is a global property, and cannot be modified.
       The "Platform" property is a global property, and cannot be modified.
       The "Configuration" property is a global property, and cannot be modified.
       Property 'MSBuildExtensionsPath' with value 'C:\Program Files\dotnet\sdk\8.0.302\' expanded from the environment.
       The "Platform" property is a global property, and cannot be modified.
       The SDK "Microsoft.NET.Sdk" was successfully resolved by the "DefaultSdkResolver" resolver to location "C:\Program Files\dotnet\sdk\8.0.302\Sdks\Microsoft.NET.Sdk\Sdk" and version "".
       Property reassignment: $(MSBuildProjectExtensionsPath)="D:\Tito Pedraza\OneDrive\Proyectos\Codigo Fuente\repos\HumanCore\src\TalenHuman.Infrastructure\obj\" (previous value: "obj\") at C:\Program Files\dotnet\sdk\8.0.302\Current\Microsoft.Common.props (60,5)
       Property reassignment: $(AssemblySearchPaths)="{CandidateAssemblyFiles};{HintPathFromItem}" (previous value: "{CandidateAssemblyFiles}") at C:\Program Files\dotnet\sdk\8.0.302\Sdks\Microsoft.NET.Sdk\targets\Microsoft.NET.Sdk.props (91,5)
       Property 'USERPROFILE' with value 'C:\Users\messa' expanded from the environment.
       Property reassignment: $(AssemblySearchPaths)="{CandidateAssemblyFiles};{HintPathFromItem};{TargetFrameworkDirectory}" (previous value: "{CandidateAssemblyFiles};{HintPathFromItem}") at C:\Program Files\dotnet\sdk\8.0.302\Sdks\Microsoft.NET.Sdk\targets\Microsoft.NET.Sdk.props (92,5)
       The "Configuration" property is a global property, and cannot be modified.
       Property 'MSBuildExtensionsPath' with value 'C:\Program Files\dotnet\sdk\8.0.302\' expanded from the environment.
       The "Platform" property is a global property, and cannot be modified.
       Property reassignment: $(AssemblySearchPaths)="{CandidateAssemblyFiles};{HintPathFromItem};{TargetFrameworkDirectory};{RawFileName}" (previous value: "{CandidateAssemblyFiles};{HintPathFromItem};{TargetFrameworkDirectory}") at C:\Program Files\dotnet\sdk\8.0.302\Sdks\Microsoft.NET.Sdk\targets\Microsoft.NET.Sdk.props (93,5)
       The "Configuration" property is a global property, and cannot be modified.
       The "Configuration" property is a global property, and cannot be modified.
       Property reassignment: $(TargetsForTfmSpecificContentInPackage)=";PackTool;_PackProjectToolValidation" (previous value: ";PackTool") at C:\Program Files\dotnet\sdk\8.0.302\Sdks\Microsoft.NET.Sdk\targets\Microsoft.NET.PackProjectTool.props (15,5)
       The "Platform" property is a global property, and cannot be modified.
       The "Configuration" property is a global property, and cannot be modified.
       The "Platform" property is a global property, and cannot be modified.
       The "Platform" property is a global property, and cannot be modified.
       Property reassignment: $(AssemblySearchPaths)="{CandidateAssemblyFiles};{HintPathFromItem}" (previous value: "{CandidateAssemblyFiles}") at C:\Program Files\dotnet\sdk\8.0.302\Sdks\Microsoft.NET.Sdk\targets\Microsoft.NET.Sdk.props (91,5)
       Property reassignment: $(PublishProfileImported)="false" (previous value: "true") at C:\Program Files\dotnet\sdk\8.0.302\Sdks\Microsoft.NET.Sdk\targets\Microsoft.NET.Sdk.ImportPublishProfile.targets (28,5)
       Property reassignment: $(AssemblySearchPaths)="{CandidateAssemblyFiles};{HintPathFromItem};{TargetFrameworkDirectory}" (previous value: "{CandidateAssemblyFiles};{HintPathFromItem}") at C:\Program Files\dotnet\sdk\8.0.302\Sdks\Microsoft.NET.Sdk\targets\Microsoft.NET.Sdk.props (92,5)
       Property reassignment: $(AssemblySearchPaths)="{CandidateAssemblyFiles};{HintPathFromItem}" (previous value: "{CandidateAssemblyFiles}") at C:\Program Files\dotnet\sdk\8.0.302\Sdks\Microsoft.NET.Sdk\targets\Microsoft.NET.Sdk.props (91,5)
       Property reassignment: $(AssemblySearchPaths)="{CandidateAssemblyFiles};{HintPathFromItem};{TargetFrameworkDirectory};{RawFileName}" (previous value: "{CandidateAssemblyFiles};{HintPathFromItem};{TargetFrameworkDirectory}") at C:\Program Files\dotnet\sdk\8.0.302\Sdks\Microsoft.NET.Sdk\targets\Microsoft.NET.Sdk.props (93,5)
       Property reassignment: $(TargetPlatformVersion)="" (previous value: "0.0") at C:\Program Files\dotnet\sdk\8.0.302\Sdks\Microsoft.NET.Sdk\targets\Microsoft.NET.TargetFrameworkInference.targets (69,5)
       Property reassignment: $(TargetsForTfmSpecificContentInPackage)=";PackTool;_PackProjectToolValidation" (previous value: ";PackTool") at C:\Program Files\dotnet\sdk\8.0.302\Sdks\Microsoft.NET.Sdk\targets\Microsoft.NET.PackProjectTool.props (15,5)
       Property reassignment: $(DefaultItemExcludes)=";bin\Debug\/**;obj\Debug\/**" (previous value: ";bin\Debug\/**") at C:\Program Files\dotnet\sdk\8.0.302\Sdks\Microsoft.NET.Sdk\targets\Microsoft.NET.DefaultOutputPaths.targets (122,5)
       Property reassignment: $(AssemblySearchPaths)="{CandidateAssemblyFiles};{HintPathFromItem};{TargetFrameworkDirectory}" (previous value: "{CandidateAssemblyFiles};{HintPathFromItem}") at C:\Program Files\dotnet\sdk\8.0.302\Sdks\Microsoft.NET.Sdk\targets\Microsoft.NET.Sdk.props (92,5)
       Property reassignment: $(NoWarn)="1701;1702;NU1605" (previous value: "1701;1702") at D:\Tito Pedraza\OneDrive\Proyectos\Codigo Fuente\repos\HumanCore\src\TalenHuman.Infrastructure\TalenHuman.Infrastructure.csproj (24,5)
       Property reassignment: $(OutputPath)="bin\Debug\net8.0\" (previous value: "bin\Debug\") at C:\Program Files\dotnet\sdk\8.0.302\Sdks\Microsoft.NET.Sdk\targets\Microsoft.NET.DefaultOutputPaths.targets (137,5)
       Property reassignment: $(AssemblySearchPaths)="{CandidateAssemblyFiles};{HintPathFromItem};{TargetFrameworkDirectory};{RawFileName}" (previous value: "{CandidateAssemblyFiles};{HintPathFromItem};{TargetFrameworkDirectory}") at C:\Program Files\dotnet\sdk\8.0.302\Sdks\Microsoft.NET.Sdk\targets\Microsoft.NET.Sdk.props (93,5)
       Property reassignment: $(IntermediateOutputPath)="obj\Debug\net8.0\" (previous value: "obj\Debug\") at C:\Program Files\dotnet\sdk\8.0.302\Sdks\Microsoft.NET.Sdk\targets\Microsoft.NET.DefaultOutputPaths.targets (142,5)
       The "Configuration" property is a global property, and cannot be modified.
       Property reassignment: $(_FrameworkIdentifierForImplicitDefine)="NET" (previous value: "NETCOREAPP") at C:\Program Files\dotnet\sdk\8.0.302\Sdks\Microsoft.NET.Sdk\targets\Microsoft.NET.Sdk.BeforeCommon.targets (187,5)
       The "Platform" property is a global property, and cannot be modified.
       Property reassignment: $(_FrameworkVersionForImplicitDefine)="8_0" (previous value: "8.0") at C:\Program Files\dotnet\sdk\8.0.302\Sdks\Microsoft.NET.Sdk\targets\Microsoft.NET.Sdk.BeforeCommon.targets (192,5)
       Property reassignment: $(PublishProfileImported)="false" (previous value: "true") at C:\Program Files\dotnet\sdk\8.0.302\Sdks\Microsoft.NET.Sdk\targets\Microsoft.NET.Sdk.ImportPublishProfile.targets (28,5)
       Property reassignment: $(TargetsForTfmSpecificContentInPackage)=";PackTool;_PackProjectToolValidation" (previous value: ";PackTool") at C:\Program Files\dotnet\sdk\8.0.302\Sdks\Microsoft.NET.Sdk\targets\Microsoft.NET.PackProjectTool.props (15,5)
       Property reassignment: $(MSBuildProjectExtensionsPath)="D:\Tito Pedraza\OneDrive\Proyectos\Codigo Fuente\repos\HumanCore\src\TalenHuman.API\obj\" (previous value: "obj\") at C:\Program Files\dotnet\sdk\8.0.302\Current\Microsoft.Common.props (60,5)
       Property reassignment: $(CommandLineArgsForDesignTimeEvaluation)="-langversion:12.0 -define:TRACE" (previous value: "-langversion:12.0") at C:\Program Files\dotnet\sdk\8.0.302\Roslyn\Microsoft.CSharp.Core.targets (200,5)
       The "Configuration" property is a global property, and cannot be modified.
       Property reassignment: $(TargetPlatformVersion)="" (previous value: "0.0") at C:\Program Files\dotnet\sdk\8.0.302\Sdks\Microsoft.NET.Sdk\targets\Microsoft.NET.TargetFrameworkInference.targets (69,5)
       Property reassignment: $(DefaultItemExcludes)=";bin\Debug\/**;obj\Debug\/**" (previous value: ";bin\Debug\/**") at C:\Program Files\dotnet\sdk\8.0.302\Sdks\Microsoft.NET.Sdk\targets\Microsoft.NET.DefaultOutputPaths.targets (122,5)
       The "Platform" property is a global property, and cannot be modified.
       The "Platform" property is a global property, and cannot be modified.
       Property reassignment: $(OutputPath)="bin\Debug\net8.0\" (previous value: "bin\Debug\") at C:\Program Files\dotnet\sdk\8.0.302\Sdks\Microsoft.NET.Sdk\targets\Microsoft.NET.DefaultOutputPaths.targets (137,5)
       The "Configuration" property is a global property, and cannot be modified.
       Property reassignment: $(PublishProfileImported)="false" (previous value: "true") at C:\Program Files\dotnet\sdk\8.0.302\Sdks\Microsoft.NET.Sdk\targets\Microsoft.NET.Sdk.ImportPublishProfile.targets (28,5)
       Property reassignment: $(TargetPlatformVersion)="" (previous value: "0.0") at C:\Program Files\dotnet\sdk\8.0.302\Sdks\Microsoft.NET.Sdk\targets\Microsoft.NET.TargetFrameworkInference.targets (69,5)
       Property reassignment: $(IntermediateOutputPath)="obj\Debug\net8.0\" (previous value: "obj\Debug\") at C:\Program Files\dotnet\sdk\8.0.302\Sdks\Microsoft.NET.Sdk\targets\Microsoft.NET.DefaultOutputPaths.targets (142,5)
       Property reassignment: $(_DebugSymbolsProduced)="true" (previous value: "false") at C:\Program Files\dotnet\sdk\8.0.302\Microsoft.Common.CurrentVersion.targets (175,5)
       Property reassignment: $(DefaultItemExcludes)=";bin\Debug\/**;obj\Debug\/**" (previous value: ";bin\Debug\/**") at C:\Program Files\dotnet\sdk\8.0.302\Sdks\Microsoft.NET.Sdk\targets\Microsoft.NET.DefaultOutputPaths.targets (122,5)
       Property reassignment: $(_DocumentationFileProduced)="false" (previous value: "true") at C:\Program Files\dotnet\sdk\8.0.302\Microsoft.Common.CurrentVersion.targets (185,5)
       Property reassignment: $(OutputPath)="bin\Debug\net8.0\" (previous value: "bin\Debug\") at C:\Program Files\dotnet\sdk\8.0.302\Sdks\Microsoft.NET.Sdk\targets\Microsoft.NET.DefaultOutputPaths.targets (137,5)
       Property reassignment: $(_FrameworkIdentifierForImplicitDefine)="NET" (previous value: "NETCOREAPP") at C:\Program Files\dotnet\sdk\8.0.302\Sdks\Microsoft.NET.Sdk\targets\Microsoft.NET.Sdk.BeforeCommon.targets (187,5)
       The "SolutionName" property is a global property, and cannot be modified.
       Property reassignment: $(_FrameworkVersionForImplicitDefine)="8_0" (previous value: "8.0") at C:\Program Files\dotnet\sdk\8.0.302\Sdks\Microsoft.NET.Sdk\targets\Microsoft.NET.Sdk.BeforeCommon.targets (192,5)
       Property reassignment: $(IntermediateOutputPath)="obj\Debug\net8.0\" (previous value: "obj\Debug\") at C:\Program Files\dotnet\sdk\8.0.302\Sdks\Microsoft.NET.Sdk\targets\Microsoft.NET.DefaultOutputPaths.targets (142,5)
       The "SolutionFileName" property is a global property, and cannot be modified.
       Property reassignment: $(CommandLineArgsForDesignTimeEvaluation)="-langversion:12.0 -define:TRACE" (previous value: "-langversion:12.0") at C:\Program Files\dotnet\sdk\8.0.302\Roslyn\Microsoft.CSharp.Core.targets (200,5)
       The "SolutionPath" property is a global property, and cannot be modified.
       Property reassignment: $(_FrameworkIdentifierForImplicitDefine)="NET" (previous value: "NETCOREAPP") at C:\Program Files\dotnet\sdk\8.0.302\Sdks\Microsoft.NET.Sdk\targets\Microsoft.NET.Sdk.BeforeCommon.targets (187,5)
       The "Platform" property is a global property, and cannot be modified.
       Property reassignment: $(_FrameworkVersionForImplicitDefine)="8_0" (previous value: "8.0") at C:\Program Files\dotnet\sdk\8.0.302\Sdks\Microsoft.NET.Sdk\targets\Microsoft.NET.Sdk.BeforeCommon.targets (192,5)
       The "SolutionDir" property is a global property, and cannot be modified.
       The "Configuration" property is a global property, and cannot be modified.
       Property reassignment: $(CommandLineArgsForDesignTimeEvaluation)="-langversion:12.0 -define:TRACE" (previous value: "-langversion:12.0") at C:\Program Files\dotnet\sdk\8.0.302\Roslyn\Microsoft.CSharp.Core.targets (200,5)
       The "SolutionExt" property is a global property, and cannot be modified.
       Property reassignment: $(_DebugSymbolsProduced)="true" (previous value: "false") at C:\Program Files\dotnet\sdk\8.0.302\Microsoft.Common.CurrentVersion.targets (175,5)
       The "Platform" property is a global property, and cannot be modified.
       Property reassignment: $(MSBuildCopyMarkerName)="TalenHum.AE957653" (previous value: "TalenHuman.Application.csproj") at C:\Program Files\dotnet\sdk\8.0.302\Microsoft.Common.CurrentVersion.targets (392,5)
       Property reassignment: $(_DocumentationFileProduced)="false" (previous value: "true") at C:\Program Files\dotnet\sdk\8.0.302\Microsoft.Common.CurrentVersion.targets (185,5)
       The "Configuration" property is a global property, and cannot be modified.
       Property reassignment: $(MSBuildCopyMarkerName)="TalenHum.AE957653.Up2Date" (previous value: "TalenHum.AE957653") at C:\Program Files\dotnet\sdk\8.0.302\Microsoft.Common.CurrentVersion.targets (393,5)
       The "SolutionName" property is a global property, and cannot be modified.
       Property reassignment: $(_DebugSymbolsProduced)="true" (previous value: "false") at C:\Program Files\dotnet\sdk\8.0.302\Microsoft.Common.CurrentVersion.targets (175,5)
       Property reassignment: $(ProcessorArchitecture)="msil" (previous value: "") at C:\Program Files\dotnet\sdk\8.0.302\Microsoft.Common.CurrentVersion.targets (536,5)
       The "SolutionFileName" property is a global property, and cannot be modified.
       Property reassignment: $(_DocumentationFileProduced)="false" (previous value: "true") at C:\Program Files\dotnet\sdk\8.0.302\Microsoft.Common.CurrentVersion.targets (185,5)
       Property reassignment: $(DelaySign)="" (previous value: "false") at C:\Program Files\dotnet\sdk\8.0.302\Microsoft.Common.CurrentVersion.targets (575,5)
       The "SolutionPath" property is a global property, and cannot be modified.
       The "SolutionName" property is a global property, and cannot be modified.
       The "SolutionDir" property is a global property, and cannot be modified.
       Property 'LOCALAPPDATA' with value 'C:\Users\messa\AppData\Local' expanded from the environment.
       The "SolutionFileName" property is a global property, and cannot be modified.
       The "SolutionExt" property is a global property, and cannot be modified.
       The "SolutionPath" property is a global property, and cannot be modified.
       Property reassignment: $(_SGenGenerateSerializationAssembliesConfig)="Auto" (previous value: "") at C:\Program Files\dotnet\sdk\8.0.302\Microsoft.Common.CurrentVersion.targets (3880,5)
       Property reassignment: $(MSBuildCopyMarkerName)="TalenHum.5F29EC58" (previous value: "TalenHuman.Infrastructure.csproj") at C:\Program Files\dotnet\sdk\8.0.302\Microsoft.Common.CurrentVersion.targets (392,5)
       The "SolutionDir" property is a global property, and cannot be modified.
       Property reassignment: $(_SGenGenerateSerializationAssembliesConfig)="Off" (previous value: "Auto") at C:\Program Files\dotnet\sdk\8.0.302\Microsoft.Common.CurrentVersion.targets (3881,5)
       Property reassignment: $(MSBuildCopyMarkerName)="TalenHum.5F29EC58.Up2Date" (previous value: "TalenHum.5F29EC58") at C:\Program Files\dotnet\sdk\8.0.302\Microsoft.Common.CurrentVersion.targets (393,5)
       The "SolutionExt" property is a global property, and cannot be modified.
       Property reassignment: $(_TargetsThatPrepareProjectReferences)="
             AssignProjectConfiguration;
             _SplitProjectReferencesByFileExistence
           " (previous value: "_SplitProjectReferencesByFileExistence") at C:\Program Files\dotnet\sdk\8.0.302\Microsoft.Common.CurrentVersion.targets (5048,5)
       Property reassignment: $(MSBuildCopyMarkerName)="TalenHum.29E6A25B" (previous value: "TalenHuman.Domain.csproj") at C:\Program Files\dotnet\sdk\8.0.302\Microsoft.Common.CurrentVersion.targets (392,5)
       Property reassignment: $(ProcessorArchitecture)="msil" (previous value: "") at C:\Program Files\dotnet\sdk\8.0.302\Microsoft.Common.CurrentVersion.targets (536,5)
       Property reassignment: $(MSBuildCopyMarkerName)="TalenHum.29E6A25B.Up2Date" (previous value: "TalenHum.29E6A25B") at C:\Program Files\dotnet\sdk\8.0.302\Microsoft.Common.CurrentVersion.targets (393,5)
       Property 'MSBuildExtensionsPath32' with value 'C:\Program Files\dotnet\sdk\8.0.302' expanded from the environment.
       Property reassignment: $(DelaySign)="" (previous value: "false") at C:\Program Files\dotnet\sdk\8.0.302\Microsoft.Common.CurrentVersion.targets (575,5)
       Property reassignment: $(ProcessorArchitecture)="msil" (previous value: "") at C:\Program Files\dotnet\sdk\8.0.302\Microsoft.Common.CurrentVersion.targets (536,5)
       Property reassignment: $(DelaySign)="" (previous value: "false") at C:\Program Files\dotnet\sdk\8.0.302\Microsoft.Common.CurrentVersion.targets (575,5)
       Property reassignment: $(ProjectAssetsCacheFile)="D:\Tito Pedraza\OneDrive\Proyectos\Codigo Fuente\repos\HumanCore\src\TalenHuman.Application\obj\Debug\net8.0\TalenHuman.Application.assets.cache" (previous value: "obj\Debug\net8.0\TalenHuman.Application.assets.cache") at C:\Program Files\dotnet\sdk\8.0.302\Sdks\Microsoft.NET.Sdk\targets\Microsoft.PackageDependencyResolution.targets (29,5)
       Property 'LOCALAPPDATA' with value 'C:\Users\messa\AppData\Local' expanded from the environment.
       Property 'LOCALAPPDATA' with value 'C:\Users\messa\AppData\Local' expanded from the environment.
       Property reassignment: $(ResolveAssemblyReferencesDependsOn)="
             
             ResolveProjectReferences;
             FindInvalidProjectReferences;
             GetFrameworkPaths;
             GetReferenceAssemblyPaths;
             PrepareForBuild;
             ResolveSDKReferences;
             ExpandSDKReferences;
           ;
             ResolvePackageDependenciesForBuild;
             _HandlePackageFileConflicts;
           " (previous value: "
             ResolveProjectReferences;
             FindInvalidProjectReferences;
             GetFrameworkPaths;
             GetReferenceAssemblyPaths;
             PrepareForBuild;
             ResolveSDKReferences;
             ExpandSDKReferences;
           ") at C:\Program Files\dotnet\sdk\8.0.302\Sdks\Microsoft.NET.Sdk\targets\Microsoft.PackageDependencyResolution.targets (80,5)
       Property reassignment: $(_SGenGenerateSerializationAssembliesConfig)="Auto" (previous value: "") at C:\Program Files\dotnet\sdk\8.0.302\Microsoft.Common.CurrentVersion.targets (3880,5)
       Property reassignment: $(PrepareResourcesDependsOn)="
             ResolvePackageDependenciesForBuild;
             _HandlePackageFileConflicts;
             
             ;
             PrepareResourceNames;
             ResGen;
             CompileLicxFiles
           
           " (previous value: "
             ;
             PrepareResourceNames;
             ResGen;
             CompileLicxFiles
           ") at C:\Program Files\dotnet\sdk\8.0.302\Sdks\Microsoft.NET.Sdk\targets\Microsoft.PackageDependencyResolution.targets (86,5)
       Property reassignment: $(_SGenGenerateSerializationAssembliesConfig)="Auto" (previous value: "") at C:\Program Files\dotnet\sdk\8.0.302\Microsoft.Common.CurrentVersion.targets (3880,5)
       Property reassignment: $(_SGenGenerateSerializationAssembliesConfig)="Off" (previous value: "Auto") at C:\Program Files\dotnet\sdk\8.0.302\Microsoft.Common.CurrentVersion.targets (3881,5)
       Property reassignment: $(DefaultItemExcludes)=";bin\Debug\/**;obj\Debug\/**;bin\/**" (previous value: ";bin\Debug\/**;obj\Debug\/**") at C:\Program Files\dotnet\sdk\8.0.302\Sdks\Microsoft.NET.Sdk\targets\Microsoft.NET.Sdk.DefaultItems.targets (27,5)
       Property reassignment: $(_TargetsThatPrepareProjectReferences)="
             AssignProjectConfiguration;
             _SplitProjectReferencesByFileExistence
           " (previous value: "_SplitProjectReferencesByFileExistence") at C:\Program Files\dotnet\sdk\8.0.302\Microsoft.Common.CurrentVersion.targets (5048,5)
       Property reassignment: $(_SGenGenerateSerializationAssembliesConfig)="Off" (previous value: "Auto") at C:\Program Files\dotnet\sdk\8.0.302\Microsoft.Common.CurrentVersion.targets (3881,5)
       Property reassignment: $(DefaultItemExcludes)=";bin\Debug\/**;obj\Debug\/**;bin\/**;obj\/**" (previous value: ";bin\Debug\/**;obj\Debug\/**;bin\/**") at C:\Program Files\dotnet\sdk\8.0.302\Sdks\Microsoft.NET.Sdk\targets\Microsoft.NET.Sdk.DefaultItems.targets (29,5)
       Property 'MSBuildExtensionsPath32' with value 'C:\Program Files\dotnet\sdk\8.0.302' expanded from the environment.
       Property reassignment: $(_TargetsThatPrepareProjectReferences)="
             AssignProjectConfiguration;
             _SplitProjectReferencesByFileExistence
           " (previous value: "_SplitProjectReferencesByFileExistence") at C:\Program Files\dotnet\sdk\8.0.302\Microsoft.Common.CurrentVersion.targets (5048,5)
       Property reassignment: $(DefaultItemExcludes)=";bin\Debug\/**;obj\Debug\/**;bin\/**;obj\/**;**/*.user" (previous value: ";bin\Debug\/**;obj\Debug\/**;bin\/**;obj\/**") at C:\Program Files\dotnet\sdk\8.0.302\Sdks\Microsoft.NET.Sdk\targets\Microsoft.NET.Sdk.DefaultItems.targets (32,5)
       Property 'MSBuildExtensionsPath32' with value 'C:\Program Files\dotnet\sdk\8.0.302' expanded from the environment.
       Property reassignment: $(DefaultItemExcludes)=";bin\Debug\/**;obj\Debug\/**;bin\/**;obj\/**;**/*.user;**/*.*proj" (previous value: ";bin\Debug\/**;obj\Debug\/**;bin\/**;obj\/**;**/*.user") at C:\Program Files\dotnet\sdk\8.0.302\Sdks\Microsoft.NET.Sdk\targets\Microsoft.NET.Sdk.DefaultItems.targets (33,5)
       Property reassignment: $(ProjectAssetsCacheFile)="D:\Tito Pedraza\OneDrive\Proyectos\Codigo Fuente\repos\HumanCore\src\TalenHuman.Domain\obj\Debug\net8.0\TalenHuman.Domain.assets.cache" (previous value: "obj\Debug\net8.0\TalenHuman.Domain.assets.cache") at C:\Program Files\dotnet\sdk\8.0.302\Sdks\Microsoft.NET.Sdk\targets\Microsoft.PackageDependencyResolution.targets (29,5)
       Property reassignment: $(DefaultItemExcludes)=";bin\Debug\/**;obj\Debug\/**;bin\/**;obj\/**;**/*.user;**/*.*proj;**/*.sln" (previous value: ";bin\Debug\/**;obj\Debug\/**;bin\/**;obj\/**;**/*.user;**/*.*proj") at C:\Program Files\dotnet\sdk\8.0.302\Sdks\Microsoft.NET.Sdk\targets\Microsoft.NET.Sdk.DefaultItems.targets (34,5)
       Property reassignment: $(DefaultItemExcludes)=";bin\Debug\/**;obj\Debug\/**;bin\/**;obj\/**;**/*.user;**/*.*proj;**/*.sln;**/*.vssscc" (previous value: ";bin\Debug\/**;obj\Debug\/**;bin\/**;obj\/**;**/*.user;**/*.*proj;**/*.sln") at C:\Program Files\dotnet\sdk\8.0.302\Sdks\Microsoft.NET.Sdk\targets\Microsoft.NET.Sdk.DefaultItems.targets (35,5)
       Property reassignment: $(ResolveAssemblyReferencesDependsOn)="
             
             ResolveProjectReferences;
             FindInvalidProjectReferences;
             GetFrameworkPaths;
             GetReferenceAssemblyPaths;
             PrepareForBuild;
             ResolveSDKReferences;
             ExpandSDKReferences;
           ;
             ResolvePackageDependenciesForBuild;
             _HandlePackageFileConflicts;
           " (previous value: "
             ResolveProjectReferences;
             FindInvalidProjectReferences;
             GetFrameworkPaths;
             GetReferenceAssemblyPaths;
             PrepareForBuild;
             ResolveSDKReferences;
             ExpandSDKReferences;
           ") at C:\Program Files\dotnet\sdk\8.0.302\Sdks\Microsoft.NET.Sdk\targets\Microsoft.PackageDependencyResolution.targets (80,5)
       Property reassignment: $(DefaultItemExcludes)=";bin\Debug\/**;obj\Debug\/**;bin\/**;obj\/**;**/*.user;**/*.*proj;**/*.sln;**/*.vssscc;**/.DS_Store" (previous value: ";bin\Debug\/**;obj\Debug\/**;bin\/**;obj\/**;**/*.user;**/*.*proj;**/*.sln;**/*.vssscc") at C:\Program Files\dotnet\sdk\8.0.302\Sdks\Microsoft.NET.Sdk\targets\Microsoft.NET.Sdk.DefaultItems.targets (36,5)
       Property reassignment: $(PrepareResourcesDependsOn)="
             ResolvePackageDependenciesForBuild;
             _HandlePackageFileConflicts;
             
             ;
             PrepareResourceNames;
             ResGen;
             CompileLicxFiles
           
           " (previous value: "
             ;
             PrepareResourceNames;
             ResGen;
             CompileLicxFiles
           ") at C:\Program Files\dotnet\sdk\8.0.302\Sdks\Microsoft.NET.Sdk\targets\Microsoft.PackageDependencyResolution.targets (86,5)
       Property 'USERPROFILE' with value 'C:\Users\messa' expanded from the environment.
       Property reassignment: $(ResolveAssemblyReferencesDependsOn)="
             
             
             ResolveProjectReferences;
             FindInvalidProjectReferences;
             GetFrameworkPaths;
             GetReferenceAssemblyPaths;
             PrepareForBuild;
             ResolveSDKReferences;
             ExpandSDKReferences;
           ;
             ResolvePackageDependenciesForBuild;
             _HandlePackageFileConflicts;
           ;
             ResolveTargetingPackAssets;
           " (previous value: "
             
             ResolveProjectReferences;
             FindInvalidProjectReferences;
             GetFrameworkPaths;
             GetReferenceAssemblyPaths;
             PrepareForBuild;
             ResolveSDKReferences;
             ExpandSDKReferences;
           ;
             ResolvePackageDependenciesForBuild;
             _HandlePackageFileConflicts;
           ") at C:\Program Files\dotnet\sdk\8.0.302\Sdks\Microsoft.NET.Sdk\targets\Microsoft.NET.Sdk.FrameworkReferenceResolution.targets (14,5)
       Property reassignment: $(DefaultItemExcludes)=";bin\Debug\/**;obj\Debug\/**;bin\/**" (previous value: ";bin\Debug\/**;obj\Debug\/**") at C:\Program Files\dotnet\sdk\8.0.302\Sdks\Microsoft.NET.Sdk\targets\Microsoft.NET.Sdk.DefaultItems.targets (27,5)
       Property reassignment: $(DefaultItemExcludes)=";bin\Debug\/**;obj\Debug\/**;bin\/**;obj\/**" (previous value: ";bin\Debug\/**;obj\Debug\/**;bin\/**") at C:\Program Files\dotnet\sdk\8.0.302\Sdks\Microsoft.NET.Sdk\targets\Microsoft.NET.Sdk.DefaultItems.targets (29,5)
       Property reassignment: $(_GenerateRuntimeConfigurationPropertyInputsCache)="D:\Tito Pedraza\OneDrive\Proyectos\Codigo Fuente\repos\HumanCore\src\TalenHuman.Application\obj\Debug\net8.0\TalenHuman.Application.genruntimeconfig.cache" (previous value: "obj\Debug\net8.0\TalenHuman.Application.genruntimeconfig.cache") at C:\Program Files\dotnet\sdk\8.0.302\Sdks\Microsoft.NET.Sdk\targets\Microsoft.NET.Sdk.targets (44,5)
       Property reassignment: $(DefaultItemExcludes)=";bin\Debug\/**;obj\Debug\/**;bin\/**;obj\/**;**/*.user" (previous value: ";bin\Debug\/**;obj\Debug\/**;bin\/**;obj\/**") at C:\Program Files\dotnet\sdk\8.0.302\Sdks\Microsoft.NET.Sdk\targets\Microsoft.NET.Sdk.DefaultItems.targets (32,5)
       Property reassignment: $(_GeneratePublishDependencyFilePropertyInputsCache)="D:\Tito Pedraza\OneDrive\Proyectos\Codigo Fuente\repos\HumanCore\src\TalenHuman.Application\obj\Debug\net8.0\TalenHuman.Application.genpublishdeps.cache" (previous value: "obj\Debug\net8.0\TalenHuman.Application.genpublishdeps.cache") at C:\Program Files\dotnet\sdk\8.0.302\Sdks\Microsoft.NET.Sdk\targets\Microsoft.NET.Sdk.targets (46,5)
       Property reassignment: $(DefaultItemExcludes)=";bin\Debug\/**;obj\Debug\/**;bin\/**;obj\/**;**/*.user;**/*.*proj" (previous value: ";bin\Debug\/**;obj\Debug\/**;bin\/**;obj\/**;**/*.user") at C:\Program Files\dotnet\sdk\8.0.302\Sdks\Microsoft.NET.Sdk\targets\Microsoft.NET.Sdk.DefaultItems.targets (33,5)
       Property reassignment: $(_GenerateSingleFileBundlePropertyInputsCache)="D:\Tito Pedraza\OneDrive\Proyectos\Codigo Fuente\repos\HumanCore\src\TalenHuman.Application\obj\Debug\net8.0\TalenHuman.Application.genbundle.cache" (previous value: "obj\Debug\net8.0\TalenHuman.Application.genbundle.cache") at C:\Program Files\dotnet\sdk\8.0.302\Sdks\Microsoft.NET.Sdk\targets\Microsoft.NET.Sdk.targets (48,5)
       Property reassignment: $(DefaultItemExcludes)=";bin\Debug\/**;obj\Debug\/**;bin\/**;obj\/**;**/*.user;**/*.*proj;**/*.sln" (previous value: ";bin\Debug\/**;obj\Debug\/**;bin\/**;obj\/**;**/*.user;**/*.*proj") at C:\Program Files\dotnet\sdk\8.0.302\Sdks\Microsoft.NET.Sdk\targets\Microsoft.NET.Sdk.DefaultItems.targets (34,5)
       Property reassignment: $(GenerateRuntimeConfigDevFile)="false" (previous value: "true") at C:\Program Files\dotnet\sdk\8.0.302\Sdks\Microsoft.NET.Sdk\targets\Microsoft.NET.Sdk.targets (81,5)
       Property reassignment: $(DefaultItemExcludes)=";bin\Debug\/**;obj\Debug\/**;bin\/**;obj\/**;**/*.user;**/*.*proj;**/*.sln;**/*.vssscc" (previous value: ";bin\Debug\/**;obj\Debug\/**;bin\/**;obj\/**;**/*.user;**/*.*proj;**/*.sln") at C:\Program Files\dotnet\sdk\8.0.302\Sdks\Microsoft.NET.Sdk\targets\Microsoft.NET.Sdk.DefaultItems.targets (35,5)
       Property reassignment: $(DefaultItemExcludes)=";bin\Debug\/**;obj\Debug\/**;bin\/**;obj\/**;**/*.user;**/*.*proj;**/*.sln;**/*.vssscc;**/.DS_Store" (previous value: ";bin\Debug\/**;obj\Debug\/**;bin\/**;obj\/**;**/*.user;**/*.*proj;**/*.sln;**/*.vssscc") at C:\Program Files\dotnet\sdk\8.0.302\Sdks\Microsoft.NET.Sdk\targets\Microsoft.NET.Sdk.DefaultItems.targets (36,5)
       Property reassignment: $(_DefaultUserProfileRuntimeStorePath)="C:\Users\messa" (previous value: "") at C:\Program Files\dotnet\sdk\8.0.302\Sdks\Microsoft.NET.Sdk\targets\Microsoft.NET.Sdk.targets (97,5)
       Property reassignment: $(ResolveAssemblyReferencesDependsOn)="
             
             
             ResolveProjectReferences;
             FindInvalidProjectReferences;
             GetFrameworkPaths;
             GetReferenceAssemblyPaths;
             PrepareForBuild;
             ResolveSDKReferences;
             ExpandSDKReferences;
           ;
             ResolvePackageDependenciesForBuild;
             _HandlePackageFileConflicts;
           ;
             ResolveTargetingPackAssets;
           " (previous value: "
             
             ResolveProjectReferences;
             FindInvalidProjectReferences;
             GetFrameworkPaths;
             GetReferenceAssemblyPaths;
             PrepareForBuild;
             ResolveSDKReferences;
             ExpandSDKReferences;
           ;
             ResolvePackageDependenciesForBuild;
             _HandlePackageFileConflicts;
           ") at C:\Program Files\dotnet\sdk\8.0.302\Sdks\Microsoft.NET.Sdk\targets\Microsoft.NET.Sdk.FrameworkReferenceResolution.targets (14,5)
       Property reassignment: $(_GenerateRuntimeConfigurationPropertyInputsCache)="D:\Tito Pedraza\OneDrive\Proyectos\Codigo Fuente\repos\HumanCore\src\TalenHuman.Domain\obj\Debug\net8.0\TalenHuman.Domain.genruntimeconfig.cache" (previous value: "obj\Debug\net8.0\TalenHuman.Domain.genruntimeconfig.cache") at C:\Program Files\dotnet\sdk\8.0.302\Sdks\Microsoft.NET.Sdk\targets\Microsoft.NET.Sdk.targets (44,5)
       Property reassignment: $(_GeneratePublishDependencyFilePropertyInputsCache)="D:\Tito Pedraza\OneDrive\Proyectos\Codigo Fuente\repos\HumanCore\src\TalenHuman.Domain\obj\Debug\net8.0\TalenHuman.Domain.genpublishdeps.cache" (previous value: "obj\Debug\net8.0\TalenHuman.Domain.genpublishdeps.cache") at C:\Program Files\dotnet\sdk\8.0.302\Sdks\Microsoft.NET.Sdk\targets\Microsoft.NET.Sdk.targets (46,5)
       Property reassignment: $(_DefaultUserProfileRuntimeStorePath)="C:\Users\messa\.dotnet\store" (previous value: "C:\Users\messa") at C:\Program Files\dotnet\sdk\8.0.302\Sdks\Microsoft.NET.Sdk\targets\Microsoft.NET.Sdk.targets (98,5)
       Property reassignment: $(_GenerateSingleFileBundlePropertyInputsCache)="D:\Tito Pedraza\OneDrive\Proyectos\Codigo Fuente\repos\HumanCore\src\TalenHuman.Domain\obj\Debug\net8.0\TalenHuman.Domain.genbundle.cache" (previous value: "obj\Debug\net8.0\TalenHuman.Domain.genbundle.cache") at C:\Program Files\dotnet\sdk\8.0.302\Sdks\Microsoft.NET.Sdk\targets\Microsoft.NET.Sdk.targets (48,5)
       Property reassignment: $(AvailablePlatforms)="Any CPU,x86,x64,ARM32" (previous value: "Any CPU,x86,x64") at C:\Program Files\dotnet\sdk\8.0.302\Sdks\Microsoft.NET.Sdk\targets\Microsoft.NET.Sdk.targets (136,5)
       Property reassignment: $(AvailablePlatforms)="Any CPU,x86,x64,ARM32,ARM64" (previous value: "Any CPU,x86,x64,ARM32") at C:\Program Files\dotnet\sdk\8.0.302\Sdks\Microsoft.NET.Sdk\targets\Microsoft.NET.Sdk.targets (140,5)
       Property reassignment: $(GenerateRuntimeConfigDevFile)="false" (previous value: "true") at C:\Program Files\dotnet\sdk\8.0.302\Sdks\Microsoft.NET.Sdk\targets\Microsoft.NET.Sdk.targets (81,5)
       Property reassignment: $(_DefaultUserProfileRuntimeStorePath)="C:\Users\messa" (previous value: "") at C:\Program Files\dotnet\sdk\8.0.302\Sdks\Microsoft.NET.Sdk\targets\Microsoft.NET.Sdk.targets (97,5)
       Property reassignment: $(_DefaultUserProfileRuntimeStorePath)="C:\Users\messa\.dotnet\store" (previous value: "C:\Users\messa") at C:\Program Files\dotnet\sdk\8.0.302\Sdks\Microsoft.NET.Sdk\targets\Microsoft.NET.Sdk.targets (98,5)
       Property reassignment: $(CoreBuildDependsOn)="
             _CheckForBuildWithNoBuild;
             
             BuildOnlySettings;
             PrepareForBuild;
             PreBuildEvent;
             ResolveReferences;
             PrepareResources;
             ResolveKeySource;
             Compile;
             ExportWindowsMDFile;
             UnmanagedUnregistration;
             GenerateSerializationAssemblies;
             CreateSatelliteAssemblies;
             GenerateManifests;
             GetTargetPath;
             PrepareForRun;
             UnmanagedRegistration;
             IncrementalClean;
             PostBuildEvent
           ;
             GenerateBuildDependencyFile;
             GenerateBuildRuntimeConfigurationFiles
           " (previous value: "
             BuildOnlySettings;
             PrepareForBuild;
             PreBuildEvent;
             ResolveReferences;
             PrepareResources;
             ResolveKeySource;
             Compile;
             ExportWindowsMDFile;
             UnmanagedUnregistration;
             GenerateSerializationAssemblies;
             CreateSatelliteAssemblies;
             GenerateManifests;
             GetTargetPath;
             PrepareForRun;
             UnmanagedRegistration;
             IncrementalClean;
             PostBuildEvent
           ") at C:\Program Files\dotnet\sdk\8.0.302\Sdks\Microsoft.NET.Sdk\targets\Microsoft.NET.Sdk.targets (197,5)
       Property reassignment: $(AvailablePlatforms)="Any CPU,x86,x64,ARM32" (previous value: "Any CPU,x86,x64") at C:\Program Files\dotnet\sdk\8.0.302\Sdks\Microsoft.NET.Sdk\targets\Microsoft.NET.Sdk.targets (136,5)
       Property reassignment: $(CoreCleanDependsOn)="
             _SdkBeforeClean;
             
           " (previous value: "") at C:\Program Files\dotnet\sdk\8.0.302\Sdks\Microsoft.NET.Sdk\targets\Microsoft.NET.Sdk.targets (206,5)
       Property reassignment: $(AvailablePlatforms)="Any CPU,x86,x64,ARM32,ARM64" (previous value: "Any CPU,x86,x64,ARM32") at C:\Program Files\dotnet\sdk\8.0.302\Sdks\Microsoft.NET.Sdk\targets\Microsoft.NET.Sdk.targets (140,5)
       Property reassignment: $(RebuildDependsOn)="
             _SdkBeforeRebuild;
             
             BeforeRebuild;
             Clean;
             Build;
             AfterRebuild;
           
           " (previous value: "
             BeforeRebuild;
             Clean;
             Build;
             AfterRebuild;
           ") at C:\Program Files\dotnet\sdk\8.0.302\Sdks\Microsoft.NET.Sdk\targets\Microsoft.NET.Sdk.targets (213,5)
       Property reassignment: $(CoreBuildDependsOn)="
             _CheckForBuildWithNoBuild;
             
             BuildOnlySettings;
             PrepareForBuild;
             PreBuildEvent;
             ResolveReferences;
             PrepareResources;
             ResolveKeySource;
             Compile;
             ExportWindowsMDFile;
             UnmanagedUnregistration;
             GenerateSerializationAssemblies;
             CreateSatelliteAssemblies;
             GenerateManifests;
             GetTargetPath;
             PrepareForRun;
             UnmanagedRegistration;
             IncrementalClean;
             PostBuildEvent
           ;
             GenerateBuildDependencyFile;
             GenerateBuildRuntimeConfigurationFiles
           " (previous value: "
             BuildOnlySettings;
             PrepareForBuild;
             PreBuildEvent;
             ResolveReferences;
             PrepareResources;
             ResolveKeySource;
             Compile;
             ExportWindowsMDFile;
             UnmanagedUnregistration;
             GenerateSerializationAssemblies;
             CreateSatelliteAssemblies;
             GenerateManifests;
             GetTargetPath;
             PrepareForRun;
             UnmanagedRegistration;
             IncrementalClean;
             PostBuildEvent
           ") at C:\Program Files\dotnet\sdk\8.0.302\Sdks\Microsoft.NET.Sdk\targets\Microsoft.NET.Sdk.targets (197,5)
       Property reassignment: $(CompileDependsOn)="
             
             ResolveReferences;
             ResolveKeySource;
             SetWin32ManifestProperties;
             FindReferenceAssembliesForReferences;
             _GenerateCompileInputs;
             BeforeCompile;
             _TimeStampBeforeCompile;
             _GenerateCompileDependencyCache;
             CoreCompile;
             _TimeStampAfterCompile;
             AfterCompile;
           ;
             _CreateAppHost;
             _CreateComHost;
             _GetIjwHostPaths;
           " (previous value: "
             ResolveReferences;
             ResolveKeySource;
             SetWin32ManifestProperties;
             FindReferenceAssembliesForReferences;
             _GenerateCompileInputs;
             BeforeCompile;
             _TimeStampBeforeCompile;
             _GenerateCompileDependencyCache;
             CoreCompile;
             _TimeStampAfterCompile;
             AfterCompile;
           ") at C:\Program Files\dotnet\sdk\8.0.302\Sdks\Microsoft.NET.Sdk\targets\Microsoft.NET.Sdk.targets (679,5)
       Property reassignment: $(CoreCleanDependsOn)="
             _SdkBeforeClean;
             
           " (previous value: "") at C:\Program Files\dotnet\sdk\8.0.302\Sdks\Microsoft.NET.Sdk\targets\Microsoft.NET.Sdk.targets (206,5)
       Property reassignment: $(CreateSatelliteAssembliesDependsOn)="
             
             ;
             _GenerateSatelliteAssemblyInputs;
             ComputeIntermediateSatelliteAssemblies;
             GenerateSatelliteAssemblies
           ;
             CoreGenerateSatelliteAssemblies
           " (previous value: "
             ;
             _GenerateSatelliteAssemblyInputs;
             ComputeIntermediateSatelliteAssemblies;
             GenerateSatelliteAssemblies
           ") at C:\Program Files\dotnet\sdk\8.0.302\Sdks\Microsoft.NET.Sdk\targets\Microsoft.NET.Sdk.targets (1065,5)
       Property reassignment: $(RebuildDependsOn)="
             _SdkBeforeRebuild;
             
             BeforeRebuild;
             Clean;
             Build;
             AfterRebuild;
           
           " (previous value: "
             BeforeRebuild;
             Clean;
             Build;
             AfterRebuild;
           ") at C:\Program Files\dotnet\sdk\8.0.302\Sdks\Microsoft.NET.Sdk\targets\Microsoft.NET.Sdk.targets (213,5)
       Property reassignment: $(CompileDependsOn)="
             
             ResolveReferences;
             ResolveKeySource;
             SetWin32ManifestProperties;
             FindReferenceAssembliesForReferences;
             _GenerateCompileInputs;
             BeforeCompile;
             _TimeStampBeforeCompile;
             _GenerateCompileDependencyCache;
             CoreCompile;
             _TimeStampAfterCompile;
             AfterCompile;
           ;
             _CreateAppHost;
             _CreateComHost;
             _GetIjwHostPaths;
           " (previous value: "
             ResolveReferences;
             ResolveKeySource;
             SetWin32ManifestProperties;
             FindReferenceAssembliesForReferences;
             _GenerateCompileInputs;
             BeforeCompile;
             _TimeStampBeforeCompile;
             _GenerateCompileDependencyCache;
             CoreCompile;
             _TimeStampAfterCompile;
             AfterCompile;
           ") at C:\Program Files\dotnet\sdk\8.0.302\Sdks\Microsoft.NET.Sdk\targets\Microsoft.NET.Sdk.targets (679,5)
       Property reassignment: $(SourceLinkUrlInitializerTargets)=";_InitializeGitHubSourceLinkUrl;_InitializeGitLabSourceLinkUrl" (previous value: ";_InitializeGitHubSourceLinkUrl") at C:\Program Files\dotnet\sdk\8.0.302\Sdks\Microsoft.SourceLink.GitLab\build\Microsoft.SourceLink.GitLab.targets (12,5)
       Property reassignment: $(SourceControlManagerUrlTranslationTargets)=";TranslateGitHubUrlsInSourceControlInformation;TranslateGitLabUrlsInSourceControlInformation" (previous value: ";TranslateGitHubUrlsInSourceControlInformation") at C:\Program Files\dotnet\sdk\8.0.302\Sdks\Microsoft.SourceLink.GitLab\build\Microsoft.SourceLink.GitLab.targets (13,5)
       Property reassignment: $(CreateSatelliteAssembliesDependsOn)="
             
             ;
             _GenerateSatelliteAssemblyInputs;
             ComputeIntermediateSatelliteAssemblies;
             GenerateSatelliteAssemblies
           ;
             CoreGenerateSatelliteAssemblies
           " (previous value: "
             ;
             _GenerateSatelliteAssemblyInputs;
             ComputeIntermediateSatelliteAssemblies;
             GenerateSatelliteAssemblies
           ") at C:\Program Files\dotnet\sdk\8.0.302\Sdks\Microsoft.NET.Sdk\targets\Microsoft.NET.Sdk.targets (1065,5)
       Property reassignment: $(SourceLinkUrlInitializerTargets)=";_InitializeGitHubSourceLinkUrl;_InitializeGitLabSourceLinkUrl;_InitializeAzureReposGitSourceLinkUrl" (previous value: ";_InitializeGitHubSourceLinkUrl;_InitializeGitLabSourceLinkUrl") at C:\Program Files\dotnet\sdk\8.0.302\Sdks\Microsoft.SourceLink.AzureRepos.Git\build\Microsoft.SourceLink.AzureRepos.Git.targets (12,5)
       Property reassignment: $(SourceLinkUrlInitializerTargets)=";_InitializeGitHubSourceLinkUrl;_InitializeGitLabSourceLinkUrl" (previous value: ";_InitializeGitHubSourceLinkUrl") at C:\Program Files\dotnet\sdk\8.0.302\Sdks\Microsoft.SourceLink.GitLab\build\Microsoft.SourceLink.GitLab.targets (12,5)
       Property reassignment: $(SourceControlManagerUrlTranslationTargets)=";TranslateGitHubUrlsInSourceControlInformation;TranslateGitLabUrlsInSourceControlInformation;TranslateAzureReposGitUrlsInSourceControlInformation" (previous value: ";TranslateGitHubUrlsInSourceControlInformation;TranslateGitLabUrlsInSourceControlInformation") at C:\Program Files\dotnet\sdk\8.0.302\Sdks\Microsoft.SourceLink.AzureRepos.Git\build\Microsoft.SourceLink.AzureRepos.Git.targets (13,5)
       Property reassignment: $(SourceControlManagerUrlTranslationTargets)=";TranslateGitHubUrlsInSourceControlInformation;TranslateGitLabUrlsInSourceControlInformation" (previous value: ";TranslateGitHubUrlsInSourceControlInformation") at C:\Program Files\dotnet\sdk\8.0.302\Sdks\Microsoft.SourceLink.GitLab\build\Microsoft.SourceLink.GitLab.targets (13,5)
       Property reassignment: $(SourceLinkUrlInitializerTargets)=";_InitializeGitHubSourceLinkUrl;_InitializeGitLabSourceLinkUrl;_InitializeAzureReposGitSourceLinkUrl;_InitializeBitbucketGitSourceLinkUrl" (previous value: ";_InitializeGitHubSourceLinkUrl;_InitializeGitLabSourceLinkUrl;_InitializeAzureReposGitSourceLinkUrl") at C:\Program Files\dotnet\sdk\8.0.302\Sdks\Microsoft.SourceLink.Bitbucket.Git\build\Microsoft.SourceLink.Bitbucket.Git.targets (12,5)
       Property reassignment: $(SourceLinkUrlInitializerTargets)=";_InitializeGitHubSourceLinkUrl;_InitializeGitLabSourceLinkUrl;_InitializeAzureReposGitSourceLinkUrl" (previous value: ";_InitializeGitHubSourceLinkUrl;_InitializeGitLabSourceLinkUrl") at C:\Program Files\dotnet\sdk\8.0.302\Sdks\Microsoft.SourceLink.AzureRepos.Git\build\Microsoft.SourceLink.AzureRepos.Git.targets (12,5)
       Property reassignment: $(SourceControlManagerUrlTranslationTargets)=";TranslateGitHubUrlsInSourceControlInformation;TranslateGitLabUrlsInSourceControlInformation;TranslateAzureReposGitUrlsInSourceControlInformation;TranslateBitbucketGitUrlsInSourceControlInformation" (previous value: ";TranslateGitHubUrlsInSourceControlInformation;TranslateGitLabUrlsInSourceControlInformation;TranslateAzureReposGitUrlsInSourceControlInformation") at C:\Program Files\dotnet\sdk\8.0.302\Sdks\Microsoft.SourceLink.Bitbucket.Git\build\Microsoft.SourceLink.Bitbucket.Git.targets (13,5)
       Property reassignment: $(SourceControlManagerUrlTranslationTargets)=";TranslateGitHubUrlsInSourceControlInformation;TranslateGitLabUrlsInSourceControlInformation;TranslateAzureReposGitUrlsInSourceControlInformation" (previous value: ";TranslateGitHubUrlsInSourceControlInformation;TranslateGitLabUrlsInSourceControlInformation") at C:\Program Files\dotnet\sdk\8.0.302\Sdks\Microsoft.SourceLink.AzureRepos.Git\build\Microsoft.SourceLink.AzureRepos.Git.targets (13,5)
       Property reassignment: $(DesignerRuntimeImplementationProjectOutputGroupDependsOn)="
             
             ;
             
             ;
             BuildOnlySettings;
             PrepareForBuild;
             AssignTargetPaths;
             ResolveReferences
           
           ;
             _GenerateDesignerDepsFile;
             _GenerateDesignerRuntimeConfigFile;
             GetCopyToOutputDirectoryItems;
             _GatherDesignerShadowCopyFiles;
           " (previous value: "
             ;
             
             ;
             BuildOnlySettings;
             PrepareForBuild;
             AssignTargetPaths;
             ResolveReferences
           
           ") at C:\Program Files\dotnet\sdk\8.0.302\Sdks\Microsoft.NET.Sdk\targets\Microsoft.NET.DesignerSupport.targets (21,5)
       Property reassignment: $(SourceLinkUrlInitializerTargets)=";_InitializeGitHubSourceLinkUrl;_InitializeGitLabSourceLinkUrl;_InitializeAzureReposGitSourceLinkUrl;_InitializeBitbucketGitSourceLinkUrl" (previous value: ";_InitializeGitHubSourceLinkUrl;_InitializeGitLabSourceLinkUrl;_InitializeAzureReposGitSourceLinkUrl") at C:\Program Files\dotnet\sdk\8.0.302\Sdks\Microsoft.SourceLink.Bitbucket.Git\build\Microsoft.SourceLink.Bitbucket.Git.targets (12,5)
       Property reassignment: $(SourceControlManagerUrlTranslationTargets)=";TranslateGitHubUrlsInSourceControlInformation;TranslateGitLabUrlsInSourceControlInformation;TranslateAzureReposGitUrlsInSourceControlInformation;TranslateBitbucketGitUrlsInSourceControlInformation" (previous value: ";TranslateGitHubUrlsInSourceControlInformation;TranslateGitLabUrlsInSourceControlInformation;TranslateAzureReposGitUrlsInSourceControlInformation") at C:\Program Files\dotnet\sdk\8.0.302\Sdks\Microsoft.SourceLink.Bitbucket.Git\build\Microsoft.SourceLink.Bitbucket.Git.targets (13,5)
       Property reassignment: $(_GenerateToolsSettingsFileCacheFile)="D:\Tito Pedraza\OneDrive\Proyectos\Codigo Fuente\repos\HumanCore\src\TalenHuman.Application\obj\Debug\net8.0\TalenHuman.Application.toolssettingsinput.cache" (previous value: "obj\Debug\net8.0\TalenHuman.Application.toolssettingsinput.cache") at C:\Program Files\dotnet\sdk\8.0.302\Sdks\Microsoft.NET.Sdk\targets\Microsoft.NET.PackTool.targets (68,5)
       Property reassignment: $(DesignerRuntimeImplementationProjectOutputGroupDependsOn)="
             
             ;
             
             ;
             BuildOnlySettings;
             PrepareForBuild;
             AssignTargetPaths;
             ResolveReferences
           
           ;
             _GenerateDesignerDepsFile;
             _GenerateDesignerRuntimeConfigFile;
             GetCopyToOutputDirectoryItems;
             _GatherDesignerShadowCopyFiles;
           " (previous value: "
             ;
             
             ;
             BuildOnlySettings;
             PrepareForBuild;
             AssignTargetPaths;
             ResolveReferences
           
           ") at C:\Program Files\dotnet\sdk\8.0.302\Sdks\Microsoft.NET.Sdk\targets\Microsoft.NET.DesignerSupport.targets (21,5)
       Property reassignment: $(_ShimInputCacheFile)="D:\Tito Pedraza\OneDrive\Proyectos\Codigo Fuente\repos\HumanCore\src\TalenHuman.Application\obj\Debug\net8.0\TalenHuman.Application.shiminput.cache" (previous value: "obj\Debug\net8.0\TalenHuman.Application.shiminput.cache") at C:\Program Files\dotnet\sdk\8.0.302\Sdks\Microsoft.NET.Sdk\targets\Microsoft.NET.PackTool.targets (137,5)
       Property reassignment: $(_GenerateToolsSettingsFileCacheFile)="D:\Tito Pedraza\OneDrive\Proyectos\Codigo Fuente\repos\HumanCore\src\TalenHuman.Domain\obj\Debug\net8.0\TalenHuman.Domain.toolssettingsinput.cache" (previous value: "obj\Debug\net8.0\TalenHuman.Domain.toolssettingsinput.cache") at C:\Program Files\dotnet\sdk\8.0.302\Sdks\Microsoft.NET.Sdk\targets\Microsoft.NET.PackTool.targets (68,5)
       Property reassignment: $(_ShimCreatedSentinelFile)="D:\Tito Pedraza\OneDrive\Proyectos\Codigo Fuente\repos\HumanCore\src\TalenHuman.Application\obj\Debug\net8.0\TalenHuman.Application.shimcreated.sentinel" (previous value: "obj\Debug\net8.0\TalenHuman.Application.shimcreated.sentinel") at C:\Program Files\dotnet\sdk\8.0.302\Sdks\Microsoft.NET.Sdk\targets\Microsoft.NET.PackTool.targets (139,5)
       Property reassignment: $(_ShimInputCacheFile)="D:\Tito Pedraza\OneDrive\Proyectos\Codigo Fuente\repos\HumanCore\src\TalenHuman.Domain\obj\Debug\net8.0\TalenHuman.Domain.shiminput.cache" (previous value: "obj\Debug\net8.0\TalenHuman.Domain.shiminput.cache") at C:\Program Files\dotnet\sdk\8.0.302\Sdks\Microsoft.NET.Sdk\targets\Microsoft.NET.PackTool.targets (137,5)
       Property reassignment: $(DefineConstants)="TRACE;DEBUG" (previous value: "TRACE") at C:\Program Files\dotnet\sdk\8.0.302\Sdks\Microsoft.NET.Sdk\targets\Microsoft.NET.Sdk.CSharp.targets (31,5)
       Property reassignment: $(_ShimCreatedSentinelFile)="D:\Tito Pedraza\OneDrive\Proyectos\Codigo Fuente\repos\HumanCore\src\TalenHuman.Domain\obj\Debug\net8.0\TalenHuman.Domain.shimcreated.sentinel" (previous value: "obj\Debug\net8.0\TalenHuman.Domain.shimcreated.sentinel") at C:\Program Files\dotnet\sdk\8.0.302\Sdks\Microsoft.NET.Sdk\targets\Microsoft.NET.PackTool.targets (139,5)
       Property reassignment: $(DefineConstants)="TRACE;DEBUG;NET;NET8_0;NETCOREAPP" (previous value: "TRACE;DEBUG") at C:\Program Files\dotnet\sdk\8.0.302\Sdks\Microsoft.NET.Sdk\targets\Microsoft.NET.Sdk.CSharp.targets (34,5)
       Property reassignment: $(DefineConstants)="TRACE;DEBUG" (previous value: "TRACE") at C:\Program Files\dotnet\sdk\8.0.302\Sdks\Microsoft.NET.Sdk\targets\Microsoft.NET.Sdk.CSharp.targets (31,5)
       Property reassignment: $(WarningsAsErrors)=";NU1605;SYSLIB0011" (previous value: ";NU1605") at C:\Program Files\dotnet\sdk\8.0.302\Sdks\Microsoft.NET.Sdk\targets\Microsoft.NET.Sdk.CSharp.targets (48,5)
       Property reassignment: $(DefineConstants)="TRACE;DEBUG;NET;NET8_0;NETCOREAPP" (previous value: "TRACE;DEBUG") at C:\Program Files\dotnet\sdk\8.0.302\Sdks\Microsoft.NET.Sdk\targets\Microsoft.NET.Sdk.CSharp.targets (34,5)
       Property reassignment: $(PackageDescription)="Package Description" (previous value: "") at C:\Program Files\dotnet\sdk\8.0.302\Sdks\NuGet.Build.Tasks.Pack\build\NuGet.Build.Tasks.Pack.targets (34,5)
       Property reassignment: $(WarningsAsErrors)=";NU1605;SYSLIB0011" (previous value: ";NU1605") at C:\Program Files\dotnet\sdk\8.0.302\Sdks\Microsoft.NET.Sdk\targets\Microsoft.NET.Sdk.CSharp.targets (48,5)
       Property reassignment: $(GenerateNuspecDependsOn)="Build;_LoadPackInputItems; _GetTargetFrameworksOutput; _WalkEachTargetPerFramework; _GetPackageFiles; " (previous value: "_LoadPackInputItems; _GetTargetFrameworksOutput; _WalkEachTargetPerFramework; _GetPackageFiles; ") at C:\Program Files\dotnet\sdk\8.0.302\Sdks\NuGet.Build.Tasks.Pack\build\NuGet.Build.Tasks.Pack.targets (59,5)
       Property reassignment: $(PackageDescription)="Package Description" (previous value: "") at C:\Program Files\dotnet\sdk\8.0.302\Sdks\NuGet.Build.Tasks.Pack\build\NuGet.Build.Tasks.Pack.targets (34,5)
       Property reassignment: $(GenerateNuspecDependsOn)="Build;_LoadPackInputItems; _GetTargetFrameworksOutput; _WalkEachTargetPerFramework; _GetPackageFiles; " (previous value: "_LoadPackInputItems; _GetTargetFrameworksOutput; _WalkEachTargetPerFramework; _GetPackageFiles; ") at C:\Program Files\dotnet\sdk\8.0.302\Sdks\NuGet.Build.Tasks.Pack\build\NuGet.Build.Tasks.Pack.targets (59,5)
       Property reassignment: $(_IsSDKContainerAllowedVersion)="true" (previous value: "false") at C:\Program Files\dotnet\sdk\8.0.302\Containers\build\Microsoft.NET.Build.Containers.targets (5,5)
       Property reassignment: $(_IsSDKContainerAllowedVersion)="true" (previous value: "false") at C:\Program Files\dotnet\sdk\8.0.302\Containers\build\Microsoft.NET.Build.Containers.targets (5,5)
       Property reassignment: $(_ContainerIsTargetingNet8TFM)="true" (previous value: "false") at C:\Program Files\dotnet\sdk\8.0.302\Containers\build\Microsoft.NET.Build.Containers.targets (15,5)
       Property reassignment: $(_ContainerIsTargetingNet8TFM)="true" (previous value: "false") at C:\Program Files\dotnet\sdk\8.0.302\Containers\build\Microsoft.NET.Build.Containers.targets (15,5)
       Property reassignment: $(OpenApiGenerateDocumentsOnBuild)="false" (previous value: "") at C:\Users\messa\.nuget\packages\swashbuckle.aspnetcore\6.6.2\build\Swashbuckle.AspNetCore.props (3,5)
       Property reassignment: $(ProjectAssetsCacheFile)="D:\Tito Pedraza\OneDrive\Proyectos\Codigo Fuente\repos\HumanCore\src\TalenHuman.Infrastructure\obj\Debug\net8.0\TalenHuman.Infrastructure.assets.cache" (previous value: "obj\Debug\net8.0\TalenHuman.Infrastructure.assets.cache") at C:\Program Files\dotnet\sdk\8.0.302\Sdks\Microsoft.NET.Sdk\targets\Microsoft.PackageDependencyResolution.targets (29,5)
       Property reassignment: $(ResolveAssemblyReferencesDependsOn)="
             
             ResolveProjectReferences;
             FindInvalidProjectReferences;
             GetFrameworkPaths;
             GetReferenceAssemblyPaths;
             PrepareForBuild;
             ResolveSDKReferences;
             ExpandSDKReferences;
           ;
             ResolvePackageDependenciesForBuild;
             _HandlePackageFileConflicts;
           " (previous value: "
             ResolveProjectReferences;
             FindInvalidProjectReferences;
             GetFrameworkPaths;
             GetReferenceAssemblyPaths;
             PrepareForBuild;
             ResolveSDKReferences;
             ExpandSDKReferences;
           ") at C:\Program Files\dotnet\sdk\8.0.302\Sdks\Microsoft.NET.Sdk\targets\Microsoft.PackageDependencyResolution.targets (80,5)
       Property reassignment: $(PrepareResourcesDependsOn)="
             ResolvePackageDependenciesForBuild;
             _HandlePackageFileConflicts;
             
             ;
             PrepareResourceNames;
             ResGen;
             CompileLicxFiles
           
           " (previous value: "
             ;
             PrepareResourceNames;
             ResGen;
             CompileLicxFiles
           ") at C:\Program Files\dotnet\sdk\8.0.302\Sdks\Microsoft.NET.Sdk\targets\Microsoft.PackageDependencyResolution.targets (86,5)
       Property reassignment: $(DefaultItemExcludes)=";bin\Debug\/**;obj\Debug\/**;bin\/**" (previous value: ";bin\Debug\/**;obj\Debug\/**") at C:\Program Files\dotnet\sdk\8.0.302\Sdks\Microsoft.NET.Sdk\targets\Microsoft.NET.Sdk.DefaultItems.targets (27,5)
       Property reassignment: $(DefaultItemExcludes)=";bin\Debug\/**;obj\Debug\/**;bin\/**;obj\/**" (previous value: ";bin\Debug\/**;obj\Debug\/**;bin\/**") at C:\Program Files\dotnet\sdk\8.0.302\Sdks\Microsoft.NET.Sdk\targets\Microsoft.NET.Sdk.DefaultItems.targets (29,5)
       Property reassignment: $(DefaultItemExcludes)=";bin\Debug\/**;obj\Debug\/**;bin\/**;obj\/**;**/*.user" (previous value: ";bin\Debug\/**;obj\Debug\/**;bin\/**;obj\/**") at C:\Program Files\dotnet\sdk\8.0.302\Sdks\Microsoft.NET.Sdk\targets\Microsoft.NET.Sdk.DefaultItems.targets (32,5)
       Property reassignment: $(DefaultItemExcludes)=";bin\Debug\/**;obj\Debug\/**;bin\/**;obj\/**;**/*.user;**/*.*proj" (previous value: ";bin\Debug\/**;obj\Debug\/**;bin\/**;obj\/**;**/*.user") at C:\Program Files\dotnet\sdk\8.0.302\Sdks\Microsoft.NET.Sdk\targets\Microsoft.NET.Sdk.DefaultItems.targets (33,5)
       Property reassignment: $(DefaultItemExcludes)=";bin\Debug\/**;obj\Debug\/**;bin\/**;obj\/**;**/*.user;**/*.*proj;**/*.sln" (previous value: ";bin\Debug\/**;obj\Debug\/**;bin\/**;obj\/**;**/*.user;**/*.*proj") at C:\Program Files\dotnet\sdk\8.0.302\Sdks\Microsoft.NET.Sdk\targets\Microsoft.NET.Sdk.DefaultItems.targets (34,5)
       Property reassignment: $(DefaultItemExcludes)=";bin\Debug\/**;obj\Debug\/**;bin\/**;obj\/**;**/*.user;**/*.*proj;**/*.sln;**/*.vssscc" (previous value: ";bin\Debug\/**;obj\Debug\/**;bin\/**;obj\/**;**/*.user;**/*.*proj;**/*.sln") at C:\Program Files\dotnet\sdk\8.0.302\Sdks\Microsoft.NET.Sdk\targets\Microsoft.NET.Sdk.DefaultItems.targets (35,5)
       The "Configuration" property is a global property, and cannot be modified.
       The "Platform" property is a global property, and cannot be modified.
       Property reassignment: $(DefaultItemExcludes)=";bin\Debug\/**;obj\Debug\/**;bin\/**;obj\/**;**/*.user;**/*.*proj;**/*.sln;**/*.vssscc;**/.DS_Store" (previous value: ";bin\Debug\/**;obj\Debug\/**;bin\/**;obj\/**;**/*.user;**/*.*proj;**/*.sln;**/*.vssscc") at C:\Program Files\dotnet\sdk\8.0.302\Sdks\Microsoft.NET.Sdk\targets\Microsoft.NET.Sdk.DefaultItems.targets (36,5)
       Property reassignment: $(ResolveAssemblyReferencesDependsOn)="
             
             
             ResolveProjectReferences;
             FindInvalidProjectReferences;
             GetFrameworkPaths;
             GetReferenceAssemblyPaths;
             PrepareForBuild;
             ResolveSDKReferences;
             ExpandSDKReferences;
           ;
             ResolvePackageDependenciesForBuild;
             _HandlePackageFileConflicts;
           ;
             ResolveTargetingPackAssets;
           " (previous value: "
             
             ResolveProjectReferences;
             FindInvalidProjectReferences;
             GetFrameworkPaths;
             GetReferenceAssemblyPaths;
             PrepareForBuild;
             ResolveSDKReferences;
             ExpandSDKReferences;
           ;
             ResolvePackageDependenciesForBuild;
             _HandlePackageFileConflicts;
           ") at C:\Program Files\dotnet\sdk\8.0.302\Sdks\Microsoft.NET.Sdk\targets\Microsoft.NET.Sdk.FrameworkReferenceResolution.targets (14,5)
       Property reassignment: $(_GenerateRuntimeConfigurationPropertyInputsCache)="D:\Tito Pedraza\OneDrive\Proyectos\Codigo Fuente\repos\HumanCore\src\TalenHuman.Infrastructure\obj\Debug\net8.0\TalenHuman.Infrastructure.genruntimeconfig.cache" (previous value: "obj\Debug\net8.0\TalenHuman.Infrastructure.genruntimeconfig.cache") at C:\Program Files\dotnet\sdk\8.0.302\Sdks\Microsoft.NET.Sdk\targets\Microsoft.NET.Sdk.targets (44,5)
       Property reassignment: $(_GeneratePublishDependencyFilePropertyInputsCache)="D:\Tito Pedraza\OneDrive\Proyectos\Codigo Fuente\repos\HumanCore\src\TalenHuman.Infrastructure\obj\Debug\net8.0\TalenHuman.Infrastructure.genpublishdeps.cache" (previous value: "obj\Debug\net8.0\TalenHuman.Infrastructure.genpublishdeps.cache") at C:\Program Files\dotnet\sdk\8.0.302\Sdks\Microsoft.NET.Sdk\targets\Microsoft.NET.Sdk.targets (46,5)
       Property reassignment: $(_GenerateSingleFileBundlePropertyInputsCache)="D:\Tito Pedraza\OneDrive\Proyectos\Codigo Fuente\repos\HumanCore\src\TalenHuman.Infrastructure\obj\Debug\net8.0\TalenHuman.Infrastructure.genbundle.cache" (previous value: "obj\Debug\net8.0\TalenHuman.Infrastructure.genbundle.cache") at C:\Program Files\dotnet\sdk\8.0.302\Sdks\Microsoft.NET.Sdk\targets\Microsoft.NET.Sdk.targets (48,5)
       Property reassignment: $(GenerateRuntimeConfigDevFile)="false" (previous value: "true") at C:\Program Files\dotnet\sdk\8.0.302\Sdks\Microsoft.NET.Sdk\targets\Microsoft.NET.Sdk.targets (81,5)
       Property reassignment: $(_DefaultUserProfileRuntimeStorePath)="C:\Users\messa" (previous value: "") at C:\Program Files\dotnet\sdk\8.0.302\Sdks\Microsoft.NET.Sdk\targets\Microsoft.NET.Sdk.targets (97,5)
       Property reassignment: $(_DefaultUserProfileRuntimeStorePath)="C:\Users\messa\.dotnet\store" (previous value: "C:\Users\messa") at C:\Program Files\dotnet\sdk\8.0.302\Sdks\Microsoft.NET.Sdk\targets\Microsoft.NET.Sdk.targets (98,5)
       Property reassignment: $(AvailablePlatforms)="Any CPU,x86,x64,ARM32" (previous value: "Any CPU,x86,x64") at C:\Program Files\dotnet\sdk\8.0.302\Sdks\Microsoft.NET.Sdk\targets\Microsoft.NET.Sdk.targets (136,5)
       Property reassignment: $(AvailablePlatforms)="Any CPU,x86,x64,ARM32,ARM64" (previous value: "Any CPU,x86,x64,ARM32") at C:\Program Files\dotnet\sdk\8.0.302\Sdks\Microsoft.NET.Sdk\targets\Microsoft.NET.Sdk.targets (140,5)
       Property reassignment: $(CoreBuildDependsOn)="
             _CheckForBuildWithNoBuild;
             
             BuildOnlySettings;
             PrepareForBuild;
             PreBuildEvent;
             ResolveReferences;
             PrepareResources;
             ResolveKeySource;
             Compile;
             ExportWindowsMDFile;
             UnmanagedUnregistration;
             GenerateSerializationAssemblies;
             CreateSatelliteAssemblies;
             GenerateManifests;
             GetTargetPath;
             PrepareForRun;
             UnmanagedRegistration;
             IncrementalClean;
             PostBuildEvent
           ;
             GenerateBuildDependencyFile;
             GenerateBuildRuntimeConfigurationFiles
           " (previous value: "
             BuildOnlySettings;
             PrepareForBuild;
             PreBuildEvent;
             ResolveReferences;
             PrepareResources;
             ResolveKeySource;
             Compile;
             ExportWindowsMDFile;
             UnmanagedUnregistration;
             GenerateSerializationAssemblies;
             CreateSatelliteAssemblies;
             GenerateManifests;
             GetTargetPath;
             PrepareForRun;
             UnmanagedRegistration;
             IncrementalClean;
             PostBuildEvent
           ") at C:\Program Files\dotnet\sdk\8.0.302\Sdks\Microsoft.NET.Sdk\targets\Microsoft.NET.Sdk.targets (197,5)
       Property reassignment: $(CoreCleanDependsOn)="
             _SdkBeforeClean;
             
           " (previous value: "") at C:\Program Files\dotnet\sdk\8.0.302\Sdks\Microsoft.NET.Sdk\targets\Microsoft.NET.Sdk.targets (206,5)
       Property reassignment: $(RebuildDependsOn)="
             _SdkBeforeRebuild;
             
             BeforeRebuild;
             Clean;
             Build;
             AfterRebuild;
           
           " (previous value: "
             BeforeRebuild;
             Clean;
             Build;
             AfterRebuild;
           ") at C:\Program Files\dotnet\sdk\8.0.302\Sdks\Microsoft.NET.Sdk\targets\Microsoft.NET.Sdk.targets (213,5)
       The "Configuration" property is a global property, and cannot be modified.
       The "Platform" property is a global property, and cannot be modified.
       Property reassignment: $(CompileDependsOn)="
             
             ResolveReferences;
             ResolveKeySource;
             SetWin32ManifestProperties;
             FindReferenceAssembliesForReferences;
             _GenerateCompileInputs;
             BeforeCompile;
             _TimeStampBeforeCompile;
             _GenerateCompileDependencyCache;
             CoreCompile;
             _TimeStampAfterCompile;
             AfterCompile;
           ;
             _CreateAppHost;
             _CreateComHost;
             _GetIjwHostPaths;
           " (previous value: "
             ResolveReferences;
             ResolveKeySource;
             SetWin32ManifestProperties;
             FindReferenceAssembliesForReferences;
             _GenerateCompileInputs;
             BeforeCompile;
             _TimeStampBeforeCompile;
             _GenerateCompileDependencyCache;
             CoreCompile;
             _TimeStampAfterCompile;
             AfterCompile;
           ") at C:\Program Files\dotnet\sdk\8.0.302\Sdks\Microsoft.NET.Sdk\targets\Microsoft.NET.Sdk.targets (679,5)
       Property reassignment: $(CreateSatelliteAssembliesDependsOn)="
             
             ;
             _GenerateSatelliteAssemblyInputs;
             ComputeIntermediateSatelliteAssemblies;
             GenerateSatelliteAssemblies
           ;
             CoreGenerateSatelliteAssemblies
           " (previous value: "
             ;
             _GenerateSatelliteAssemblyInputs;
             ComputeIntermediateSatelliteAssemblies;
             GenerateSatelliteAssemblies
           ") at C:\Program Files\dotnet\sdk\8.0.302\Sdks\Microsoft.NET.Sdk\targets\Microsoft.NET.Sdk.targets (1065,5)
       Property reassignment: $(AssemblySearchPaths)="{CandidateAssemblyFiles};{HintPathFromItem}" (previous value: "{CandidateAssemblyFiles}") at C:\Program Files\dotnet\sdk\8.0.302\Sdks\Microsoft.NET.Sdk\targets\Microsoft.NET.Sdk.props (91,5)
       Property reassignment: $(SourceLinkUrlInitializerTargets)=";_InitializeGitHubSourceLinkUrl;_InitializeGitLabSourceLinkUrl" (previous value: ";_InitializeGitHubSourceLinkUrl") at C:\Program Files\dotnet\sdk\8.0.302\Sdks\Microsoft.SourceLink.GitLab\build\Microsoft.SourceLink.GitLab.targets (12,5)
       Property reassignment: $(AssemblySearchPaths)="{CandidateAssemblyFiles};{HintPathFromItem};{TargetFrameworkDirectory}" (previous value: "{CandidateAssemblyFiles};{HintPathFromItem}") at C:\Program Files\dotnet\sdk\8.0.302\Sdks\Microsoft.NET.Sdk\targets\Microsoft.NET.Sdk.props (92,5)
       Property reassignment: $(AssemblySearchPaths)="{CandidateAssemblyFiles};{HintPathFromItem};{TargetFrameworkDirectory};{RawFileName}" (previous value: "{CandidateAssemblyFiles};{HintPathFromItem};{TargetFrameworkDirectory}") at C:\Program Files\dotnet\sdk\8.0.302\Sdks\Microsoft.NET.Sdk\targets\Microsoft.NET.Sdk.props (93,5)
       Property reassignment: $(SourceControlManagerUrlTranslationTargets)=";TranslateGitHubUrlsInSourceControlInformation;TranslateGitLabUrlsInSourceControlInformation" (previous value: ";TranslateGitHubUrlsInSourceControlInformation") at C:\Program Files\dotnet\sdk\8.0.302\Sdks\Microsoft.SourceLink.GitLab\build\Microsoft.SourceLink.GitLab.targets (13,5)
       Property reassignment: $(SourceLinkUrlInitializerTargets)=";_InitializeGitHubSourceLinkUrl;_InitializeGitLabSourceLinkUrl;_InitializeAzureReposGitSourceLinkUrl" (previous value: ";_InitializeGitHubSourceLinkUrl;_InitializeGitLabSourceLinkUrl") at C:\Program Files\dotnet\sdk\8.0.302\Sdks\Microsoft.SourceLink.AzureRepos.Git\build\Microsoft.SourceLink.AzureRepos.Git.targets (12,5)
       Property reassignment: $(SourceControlManagerUrlTranslationTargets)=";TranslateGitHubUrlsInSourceControlInformation;TranslateGitLabUrlsInSourceControlInformation;TranslateAzureReposGitUrlsInSourceControlInformation" (previous value: ";TranslateGitHubUrlsInSourceControlInformation;TranslateGitLabUrlsInSourceControlInformation") at C:\Program Files\dotnet\sdk\8.0.302\Sdks\Microsoft.SourceLink.AzureRepos.Git\build\Microsoft.SourceLink.AzureRepos.Git.targets (13,5)
       Property reassignment: $(SourceLinkUrlInitializerTargets)=";_InitializeGitHubSourceLinkUrl;_InitializeGitLabSourceLinkUrl;_InitializeAzureReposGitSourceLinkUrl;_InitializeBitbucketGitSourceLinkUrl" (previous value: ";_InitializeGitHubSourceLinkUrl;_InitializeGitLabSourceLinkUrl;_InitializeAzureReposGitSourceLinkUrl") at C:\Program Files\dotnet\sdk\8.0.302\Sdks\Microsoft.SourceLink.Bitbucket.Git\build\Microsoft.SourceLink.Bitbucket.Git.targets (12,5)
       Property reassignment: $(SourceControlManagerUrlTranslationTargets)=";TranslateGitHubUrlsInSourceControlInformation;TranslateGitLabUrlsInSourceControlInformation;TranslateAzureReposGitUrlsInSourceControlInformation;TranslateBitbucketGitUrlsInSourceControlInformation" (previous value: ";TranslateGitHubUrlsInSourceControlInformation;TranslateGitLabUrlsInSourceControlInformation;TranslateAzureReposGitUrlsInSourceControlInformation") at C:\Program Files\dotnet\sdk\8.0.302\Sdks\Microsoft.SourceLink.Bitbucket.Git\build\Microsoft.SourceLink.Bitbucket.Git.targets (13,5)
       Property reassignment: $(DesignerRuntimeImplementationProjectOutputGroupDependsOn)="
             
             ;
             
             ;
             BuildOnlySettings;
             PrepareForBuild;
             AssignTargetPaths;
             ResolveReferences
           
           ;
             _GenerateDesignerDepsFile;
             _GenerateDesignerRuntimeConfigFile;
             GetCopyToOutputDirectoryItems;
             _GatherDesignerShadowCopyFiles;
           " (previous value: "
             ;
             
             ;
             BuildOnlySettings;
             PrepareForBuild;
             AssignTargetPaths;
             ResolveReferences
           
           ") at C:\Program Files\dotnet\sdk\8.0.302\Sdks\Microsoft.NET.Sdk\targets\Microsoft.NET.DesignerSupport.targets (21,5)
       Property reassignment: $(_GenerateToolsSettingsFileCacheFile)="D:\Tito Pedraza\OneDrive\Proyectos\Codigo Fuente\repos\HumanCore\src\TalenHuman.Infrastructure\obj\Debug\net8.0\TalenHuman.Infrastructure.toolssettingsinput.cache" (previous value: "obj\Debug\net8.0\TalenHuman.Infrastructure.toolssettingsinput.cache") at C:\Program Files\dotnet\sdk\8.0.302\Sdks\Microsoft.NET.Sdk\targets\Microsoft.NET.PackTool.targets (68,5)
       Property reassignment: $(_ShimInputCacheFile)="D:\Tito Pedraza\OneDrive\Proyectos\Codigo Fuente\repos\HumanCore\src\TalenHuman.Infrastructure\obj\Debug\net8.0\TalenHuman.Infrastructure.shiminput.cache" (previous value: "obj\Debug\net8.0\TalenHuman.Infrastructure.shiminput.cache") at C:\Program Files\dotnet\sdk\8.0.302\Sdks\Microsoft.NET.Sdk\targets\Microsoft.NET.PackTool.targets (137,5)
       Property reassignment: $(_ShimCreatedSentinelFile)="D:\Tito Pedraza\OneDrive\Proyectos\Codigo Fuente\repos\HumanCore\src\TalenHuman.Infrastructure\obj\Debug\net8.0\TalenHuman.Infrastructure.shimcreated.sentinel" (previous value: "obj\Debug\net8.0\TalenHuman.Infrastructure.shimcreated.sentinel") at C:\Program Files\dotnet\sdk\8.0.302\Sdks\Microsoft.NET.Sdk\targets\Microsoft.NET.PackTool.targets (139,5)
       Property reassignment: $(DefineConstants)="TRACE;DEBUG" (previous value: "TRACE") at C:\Program Files\dotnet\sdk\8.0.302\Sdks\Microsoft.NET.Sdk\targets\Microsoft.NET.Sdk.CSharp.targets (31,5)
       Property reassignment: $(DefineConstants)="TRACE;DEBUG;NET;NET8_0;NETCOREAPP" (previous value: "TRACE;DEBUG") at C:\Program Files\dotnet\sdk\8.0.302\Sdks\Microsoft.NET.Sdk\targets\Microsoft.NET.Sdk.CSharp.targets (34,5)
       Property reassignment: $(WarningsAsErrors)=";NU1605;SYSLIB0011" (previous value: ";NU1605") at C:\Program Files\dotnet\sdk\8.0.302\Sdks\Microsoft.NET.Sdk\targets\Microsoft.NET.Sdk.CSharp.targets (48,5)
       Property reassignment: $(PackageDescription)="Package Description" (previous value: "") at C:\Program Files\dotnet\sdk\8.0.302\Sdks\NuGet.Build.Tasks.Pack\build\NuGet.Build.Tasks.Pack.targets (34,5)
       The "DefaultSdkResolver" resolver attempted to resolve the SDK "Microsoft.NET.SDK.WorkloadAutoImportPropsLocator".
       Warnings: null
       Errors: MSB4276: The default SDK resolver failed to resolve SDK "Microsoft.NET.SDK.WorkloadAutoImportPropsLocator" because directory "C:\Program Files\dotnet\sdk\8.0.302\Sdks\Microsoft.NET.SDK.WorkloadAutoImportPropsLocator\Sdk" did not exist.
       Property reassignment: $(GenerateNuspecDependsOn)="Build;_LoadPackInputItems; _GetTargetFrameworksOutput; _WalkEachTargetPerFramework; _GetPackageFiles; " (previous value: "_LoadPackInputItems; _GetTargetFrameworksOutput; _WalkEachTargetPerFramework; _GetPackageFiles; ") at C:\Program Files\dotnet\sdk\8.0.302\Sdks\NuGet.Build.Tasks.Pack\build\NuGet.Build.Tasks.Pack.targets (59,5)
       Property reassignment: $(_IsSDKContainerAllowedVersion)="true" (previous value: "false") at C:\Program Files\dotnet\sdk\8.0.302\Containers\build\Microsoft.NET.Build.Containers.targets (5,5)
       Property reassignment: $(_ContainerIsTargetingNet8TFM)="true" (previous value: "false") at C:\Program Files\dotnet\sdk\8.0.302\Containers\build\Microsoft.NET.Build.Containers.targets (15,5)
       Overriding target "ResolveFrameworkReferences" in project "C:\Program Files\dotnet\sdk\8.0.302\Microsoft.Common.CurrentVersion.targets" with target "ResolveFrameworkReferences" from project "C:\Program Files\dotnet\sdk\8.0.302\Sdks\Microsoft.NET.Sdk\targets\Microsoft.NET.Sdk.FrameworkReferenceResolution.targets".
       Overriding target "Run" in project "C:\Program Files\dotnet\sdk\8.0.302\Microsoft.Common.CurrentVersion.targets" with target "Run" from project "C:\Program Files\dotnet\sdk\8.0.302\Sdks\Microsoft.NET.Sdk\targets\Microsoft.NET.Sdk.targets".
       Overriding target "GenerateSupportedTargetFrameworkAlias" in project "C:\Program Files\dotnet\sdk\8.0.302\Microsoft.Common.CurrentVersion.targets" with target "GenerateSupportedTargetFrameworkAlias" from project "C:\Program Files\dotnet\sdk\8.0.302\Sdks\Microsoft.NET.Sdk\targets\Microsoft.NET.Sdk.targets".
       Overriding target "GetReferenceAssemblyPaths" in project "C:\Program Files\dotnet\sdk\8.0.302\Microsoft.Common.CurrentVersion.targets" with target "GetReferenceAssemblyPaths" from project "C:\Program Files\dotnet\sdk\8.0.302\Sdks\Microsoft.NET.Sdk\targets\Microsoft.NET.DisableStandardFrameworkResolution.targets".
       Overriding target "GetFrameworkPaths" in project "C:\Program Files\dotnet\sdk\8.0.302\Microsoft.Common.CurrentVersion.targets" with target "GetFrameworkPaths" from project "C:\Program Files\dotnet\sdk\8.0.302\Sdks\Microsoft.NET.Sdk\targets\Microsoft.NET.DisableStandardFrameworkResolution.targets".
       Overriding target "DesignerRuntimeImplementationProjectOutputGroup" in project "C:\Program Files\dotnet\sdk\8.0.302\Microsoft.Common.CurrentVersion.targets" with target "DesignerRuntimeImplementationProjectOutputGroup" from project "C:\Program Files\dotnet\sdk\8.0.302\Sdks\Microsoft.NET.Sdk\targets\Microsoft.NET.DesignerSupport.targets".
       Overriding target "Publish" in project "C:\Program Files\dotnet\sdk\8.0.302\Microsoft.Common.CurrentVersion.targets" with target "Publish" from project "C:\Program Files\dotnet\sdk\8.0.302\Sdks\Microsoft.NET.Sdk\targets\Microsoft.NET.Publish.targets".
       Overriding target "ResolveReadyToRunCompilers" in project "C:\Program Files\dotnet\sdk\8.0.302\Sdks\Microsoft.NET.Sdk\targets\Microsoft.NET.CrossGen.targets" with target "ResolveReadyToRunCompilers" from project "C:\Program Files\dotnet\sdk\8.0.302\Sdks\Microsoft.NET.Sdk\targets\Microsoft.NET.Publish.targets".
       Overriding target "GetCopyToPublishDirectoryItems" in project "C:\Program Files\dotnet\sdk\8.0.302\Microsoft.Common.CurrentVersion.targets" with target "GetCopyToPublishDirectoryItems" from project "C:\Program Files\dotnet\sdk\8.0.302\Sdks\Microsoft.NET.Sdk\targets\Microsoft.NET.Publish.targets".
       The target "ResolveNuGetPackageAssets" listed in an AfterTargets attribute at "C:\Users\messa\.nuget\packages\microsoft.extensions.options\8.0.2\buildTransitive\net6.0\Microsoft.Extensions.Options.targets (11,11)" does not exist in the project, and will be ignored.
       The target "ResolveNuGetPackageAssets" listed in an AfterTargets attribute at "C:\Users\messa\.nuget\packages\microsoft.extensions.options\8.0.2\buildTransitive\net6.0\Microsoft.Extensions.Options.targets (23,11)" does not exist in the project, and will be ignored.
       The target "ResolveNuGetPackageAssets" listed in an AfterTargets attribute at "C:\Users\messa\.nuget\packages\microsoft.extensions.logging.abstractions\8.0.2\buildTransitive\net6.0\Microsoft.Extensions.Logging.Abstractions.targets (11,11)" does not exist in the project, and will be ignored.
       The target "ResolveNuGetPackageAssets" listed in an AfterTargets attribute at "C:\Users\messa\.nuget\packages\microsoft.extensions.logging.abstractions\8.0.2\buildTransitive\net6.0\Microsoft.Extensions.Logging.Abstractions.targets (23,11)" does not exist in the project, and will be ignored.
       Overriding target "ResolveFrameworkReferences" in project "C:\Program Files\dotnet\sdk\8.0.302\Microsoft.Common.CurrentVersion.targets" with target "ResolveFrameworkReferences" from project "C:\Program Files\dotnet\sdk\8.0.302\Sdks\Microsoft.NET.Sdk\targets\Microsoft.NET.Sdk.FrameworkReferenceResolution.targets".
       Overriding target "Run" in project "C:\Program Files\dotnet\sdk\8.0.302\Microsoft.Common.CurrentVersion.targets" with target "Run" from project "C:\Program Files\dotnet\sdk\8.0.302\Sdks\Microsoft.NET.Sdk\targets\Microsoft.NET.Sdk.targets".
       Overriding target "GenerateSupportedTargetFrameworkAlias" in project "C:\Program Files\dotnet\sdk\8.0.302\Microsoft.Common.CurrentVersion.targets" with target "GenerateSupportedTargetFrameworkAlias" from project "C:\Program Files\dotnet\sdk\8.0.302\Sdks\Microsoft.NET.Sdk\targets\Microsoft.NET.Sdk.targets".
       Overriding target "GetReferenceAssemblyPaths" in project "C:\Program Files\dotnet\sdk\8.0.302\Microsoft.Common.CurrentVersion.targets" with target "GetReferenceAssemblyPaths" from project "C:\Program Files\dotnet\sdk\8.0.302\Sdks\Microsoft.NET.Sdk\targets\Microsoft.NET.DisableStandardFrameworkResolution.targets".
       Overriding target "GetFrameworkPaths" in project "C:\Program Files\dotnet\sdk\8.0.302\Microsoft.Common.CurrentVersion.targets" with target "GetFrameworkPaths" from project "C:\Program Files\dotnet\sdk\8.0.302\Sdks\Microsoft.NET.Sdk\targets\Microsoft.NET.DisableStandardFrameworkResolution.targets".
       Overriding target "DesignerRuntimeImplementationProjectOutputGroup" in project "C:\Program Files\dotnet\sdk\8.0.302\Microsoft.Common.CurrentVersion.targets" with target "DesignerRuntimeImplementationProjectOutputGroup" from project "C:\Program Files\dotnet\sdk\8.0.302\Sdks\Microsoft.NET.Sdk\targets\Microsoft.NET.DesignerSupport.targets".
       Overriding target "Publish" in project "C:\Program Files\dotnet\sdk\8.0.302\Microsoft.Common.CurrentVersion.targets" with target "Publish" from project "C:\Program Files\dotnet\sdk\8.0.302\Sdks\Microsoft.NET.Sdk\targets\Microsoft.NET.Publish.targets".
       Overriding target "ResolveReadyToRunCompilers" in project "C:\Program Files\dotnet\sdk\8.0.302\Sdks\Microsoft.NET.Sdk\targets\Microsoft.NET.CrossGen.targets" with target "ResolveReadyToRunCompilers" from project "C:\Program Files\dotnet\sdk\8.0.302\Sdks\Microsoft.NET.Sdk\targets\Microsoft.NET.Publish.targets".
       Overriding target "GetCopyToPublishDirectoryItems" in project "C:\Program Files\dotnet\sdk\8.0.302\Microsoft.Common.CurrentVersion.targets" with target "GetCopyToPublishDirectoryItems" from project "C:\Program Files\dotnet\sdk\8.0.302\Sdks\Microsoft.NET.Sdk\targets\Microsoft.NET.Publish.targets".
   1:2>Project "D:\Tito Pedraza\OneDrive\Proyectos\Codigo Fuente\repos\HumanCore\src\TalenHuman.sln" (1:2) is building "D:\Tito Pedraza\OneDrive\Proyectos\Codigo Fuente\repos\HumanCore\src\TalenHuman.Domain\TalenHuman.Domain.csproj" (3:7) on node 2 (default targets).
   3:7>Target "_CheckForUnsupportedTargetFramework" skipped, due to false condition; ('$(_UnsupportedTargetFrameworkError)' == 'true') was evaluated as ('' == 'true').
   3:7>Target "_CollectTargetFrameworkForTelemetry" in file "C:\Program Files\dotnet\sdk\8.0.302\Sdks\Microsoft.NET.Sdk\targets\Microsoft.NET.TargetFrameworkInference.targets" from project "D:\Tito Pedraza\OneDrive\Proyectos\Codigo Fuente\repos\HumanCore\src\TalenHuman.Domain\TalenHuman.Domain.csproj" (target "_CheckForInvalidConfigurationAndPlatform" depends on it):
       Using "AllowEmptyTelemetry" task from assembly "C:\Program Files\dotnet\sdk\8.0.302\Sdks\Microsoft.NET.Sdk\targets\..\tools\net8.0\Microsoft.NET.Build.Tasks.dll".
       Task "AllowEmptyTelemetry"
       Done executing task "AllowEmptyTelemetry".
   3:7>Done building target "_CollectTargetFrameworkForTelemetry" in project "TalenHuman.Domain.csproj".
       Target "_CheckForUnsupportedTargetPlatformIdentifier" skipped, due to false condition; ('$(TargetPlatformIdentifier)' != '' and '$(TargetFrameworkIdentifier)' == '.NETCoreApp' and $([MSBuild]::VersionGreaterThanOrEquals($(TargetFrameworkVersion), 5.0)) And ('$(DesignTimeBuild)' != 'true' Or '@(MissingWorkloadPack)' == '')) was evaluated as ('' != '' and '.NETCoreApp' == '.NETCoreApp' and True And ('' != 'true' Or '' == '')).
       Target "_CheckForMissingWorkload" skipped, due to false condition; ('@(MissingWorkloadPack)' != '' And '$(DesignTimeBuild)' != 'true') was evaluated as ('' != '' And '' != 'true').
   3:7>Target "_CheckForUnsupportedNETCoreVersion" in file "C:\Program Files\dotnet\sdk\8.0.302\Sdks\Microsoft.NET.Sdk\targets\Microsoft.NET.TargetFrameworkInference.targets" from project "D:\Tito Pedraza\OneDrive\Proyectos\Codigo Fuente\repos\HumanCore\src\TalenHuman.Domain\TalenHuman.Domain.csproj" (target "_CheckForInvalidConfigurationAndPlatform" depends on it):
       Task "NETSdkError" skipped, due to false condition; ('$(_TargetFrameworkVersionWithoutV)' > '$(NETCoreAppMaximumVersion)' and '$(DisplayVSMessage)' != 'true') was evaluated as ('8.0' > '8.0' and '' != 'true').
       Task "NETSdkError" skipped, due to false condition; ('$(DisplayVSMessage)' == 'true') was evaluated as ('' == 'true').
   3:7>Done building target "_CheckForUnsupportedNETCoreVersion" in project "TalenHuman.Domain.csproj".
       Target "_CheckForEolTargetFrameworks" skipped, due to false condition; ('@(_EolNetCoreTargetFrameworkVersions->AnyHaveMetadataValue('Identity', '$(_TargetFrameworkVersionWithoutV)'))' and '$(TargetFrameworkIdentifier)' == '.NETCoreApp' and '$(CheckEolTargetFramework)' == 'true') was evaluated as ('false' and '.NETCoreApp' == '.NETCoreApp' and '' == 'true').
       Target "_CheckForEolWorkloads" skipped, due to false condition; ('@(EolWorkload)' != '' and '$(CheckEolWorkloads)' == 'true') was evaluated as ('' != '' and 'true' == 'true').
   3:7>Target "_CheckForUnsupportedCppNETCoreVersion" in file "C:\Program Files\dotnet\sdk\8.0.302\Sdks\Microsoft.NET.Sdk\targets\Microsoft.NET.TargetFrameworkInference.targets" from project "D:\Tito Pedraza\OneDrive\Proyectos\Codigo Fuente\repos\HumanCore\src\TalenHuman.Domain\TalenHuman.Domain.csproj" (target "_CheckForInvalidConfigurationAndPlatform" depends on it):
       Task "NETSdkError" skipped, due to false condition; ('$(TargetFrameworkIdentifier)' == '.NETCoreApp' and '$(_TargetFrameworkVersionWithoutV)' < '3.1' and ('$(Language)' == 'C++' and '$(_EnablePackageReferencesInVCProjects)' != 'true')) was evaluated as ('.NETCoreApp' == '.NETCoreApp' and '8.0' < '3.1' and ('C#' == 'C++' and '' != 'true')).
   3:7>Done building target "_CheckForUnsupportedCppNETCoreVersion" in project "TalenHuman.Domain.csproj".
       Target "_CheckForUnsupportedNETStandardVersion" skipped, due to false condition; ('$(TargetFrameworkIdentifier)' == '.NETStandard' And '$(NETStandardMaximumVersion)' != '') was evaluated as ('.NETCoreApp' == '.NETStandard' And '' != '').
       Target "_CheckForUnsupportedTargetFrameworkAndFeatureCombination" skipped, due to false condition; ('$(TargetFrameworkIdentifier)' == '.NETFramework') was evaluated as ('.NETCoreApp' == '.NETFramework').
     0>Overriding target "ResolveFrameworkReferences" in project "C:\Program Files\dotnet\sdk\8.0.302\Microsoft.Common.CurrentVersion.targets" with target "ResolveFrameworkReferences" from project "C:\Program Files\dotnet\sdk\8.0.302\Sdks\Microsoft.NET.Sdk\targets\Microsoft.NET.Sdk.FrameworkReferenceResolution.targets".
   3:7>Target "_CheckForSupportedOSPlatformVersionHigherThanTargetPlatformVersion" skipped, due to false condition; ('$(TargetPlatformVersion)' != '' and '$(TargetFrameworkIdentifier)' == '.NETCoreApp' and $([MSBuild]::VersionGreaterThanOrEquals($(TargetFrameworkVersion), 5.0))) was evaluated as ('' != '' and '.NETCoreApp' == '.NETCoreApp' and True).
       Target "_CheckForInvalidTargetPlatformVersion" skipped, due to false condition; ('$(TargetPlatformVersion)' != '' and '$(TargetFrameworkIdentifier)' == '.NETCoreApp' and $([MSBuild]::VersionGreaterThanOrEquals($(TargetFrameworkVersion), 5.0)) and ('$(Language)' != 'C++' or '$(_EnablePackageReferencesInVCProjects)' == 'true')) was evaluated as ('' != '' and '.NETCoreApp' == '.NETCoreApp' and True and ('C#' != 'C++' or '' == 'true')).
   3:7>Target "_CheckForUnsupportedArtifactsPath" in file "C:\Program Files\dotnet\sdk\8.0.302\Sdks\Microsoft.NET.Sdk\targets\Microsoft.NET.DefaultOutputPaths.targets" from project "D:\Tito Pedraza\OneDrive\Proyectos\Codigo Fuente\repos\HumanCore\src\TalenHuman.Domain\TalenHuman.Domain.csproj" (target "_CheckForInvalidConfigurationAndPlatform" depends on it):
       Task "NetSdkError" skipped, due to false condition; ('$(UseArtifactsOutput)' == 'true' and '$(_ArtifactsPathSetEarly)' != 'true') was evaluated as ('' == 'true' and '' != 'true').
       Task "NetSdkError" skipped, due to false condition; ('$(_ArtifactsPathLocationType)' == 'ProjectFolder') was evaluated as ('' == 'ProjectFolder').
     0>Overriding target "Run" in project "C:\Program Files\dotnet\sdk\8.0.302\Microsoft.Common.CurrentVersion.targets" with target "Run" from project "C:\Program Files\dotnet\sdk\8.0.302\Sdks\Microsoft.NET.Sdk\targets\Microsoft.NET.Sdk.targets".
   3:7>Done building target "_CheckForUnsupportedArtifactsPath" in project "TalenHuman.Domain.csproj".
       Target "_CheckForMissingWorkload" skipped, due to false condition; ('@(MissingWorkloadPack)' != '' And '$(DesignTimeBuild)' != 'true') was evaluated as ('' != '' And '' != 'true').
       Target "_CheckForUnsupportedAppHostUsage" skipped, due to false condition; ('$(TargetFrameworkIdentifier)' == '.NETCoreApp' and '$(HasRuntimeOutput)' == 'true') was evaluated as ('.NETCoreApp' == '.NETCoreApp' and '' == 'true').
     0>Overriding target "GenerateSupportedTargetFrameworkAlias" in project "C:\Program Files\dotnet\sdk\8.0.302\Microsoft.Common.CurrentVersion.targets" with target "GenerateSupportedTargetFrameworkAlias" from project "C:\Program Files\dotnet\sdk\8.0.302\Sdks\Microsoft.NET.Sdk\targets\Microsoft.NET.Sdk.targets".
       Overriding target "GetReferenceAssemblyPaths" in project "C:\Program Files\dotnet\sdk\8.0.302\Microsoft.Common.CurrentVersion.targets" with target "GetReferenceAssemblyPaths" from project "C:\Program Files\dotnet\sdk\8.0.302\Sdks\Microsoft.NET.Sdk\targets\Microsoft.NET.DisableStandardFrameworkResolution.targets".
   3:7>Target "_CheckForUnsupportedHostingUsage" in file "C:\Program Files\dotnet\sdk\8.0.302\Sdks\Microsoft.NET.Sdk\targets\Microsoft.NET.RuntimeIdentifierInference.targets" from project "D:\Tito Pedraza\OneDrive\Proyectos\Codigo Fuente\repos\HumanCore\src\TalenHuman.Domain\TalenHuman.Domain.csproj" (target "_CheckForInvalidConfigurationAndPlatform" depends on it):
   3:7>Task "NETSdkWarning" skipped, due to false condition; ('$(SelfContained)' == 'true' and '$(EnableComHosting)' == 'true') was evaluated as ('' == 'true' and '' == 'true').
   3:7>Done building target "_CheckForUnsupportedHostingUsage" in project "TalenHuman.Domain.csproj".
   3:7>Target "_CheckAndUnsetUnsupportedPrefer32Bit" in file "C:\Program Files\dotnet\sdk\8.0.302\Sdks\Microsoft.NET.Sdk\targets\Microsoft.NET.RuntimeIdentifierInference.targets" from project "D:\Tito Pedraza\OneDrive\Proyectos\Codigo Fuente\repos\HumanCore\src\TalenHuman.Domain\TalenHuman.Domain.csproj" (target "_CheckForInvalidConfigurationAndPlatform" depends on it):
       Task "NETSdkWarning" skipped, due to false condition; ('$(Prefer32Bit)' == 'true') was evaluated as ('false' == 'true').
     0>Overriding target "GetFrameworkPaths" in project "C:\Program Files\dotnet\sdk\8.0.302\Microsoft.Common.CurrentVersion.targets" with target "GetFrameworkPaths" from project "C:\Program Files\dotnet\sdk\8.0.302\Sdks\Microsoft.NET.Sdk\targets\Microsoft.NET.DisableStandardFrameworkResolution.targets".
   3:7>Done building target "_CheckAndUnsetUnsupportedPrefer32Bit" in project "TalenHuman.Domain.csproj".
       Target "_CheckForMismatchingPlatform" skipped, due to false condition; ('$(RuntimeIdentifier)' != '' and '$(PlatformTarget)' != '') was evaluated as ('' != '' and '' != '').
     0>Overriding target "DesignerRuntimeImplementationProjectOutputGroup" in project "C:\Program Files\dotnet\sdk\8.0.302\Microsoft.Common.CurrentVersion.targets" with target "DesignerRuntimeImplementationProjectOutputGroup" from project "C:\Program Files\dotnet\sdk\8.0.302\Sdks\Microsoft.NET.Sdk\targets\Microsoft.NET.DesignerSupport.targets".
       Overriding target "Publish" in project "C:\Program Files\dotnet\sdk\8.0.302\Microsoft.Common.CurrentVersion.targets" with target "Publish" from project "C:\Program Files\dotnet\sdk\8.0.302\Sdks\Microsoft.NET.Sdk\targets\Microsoft.NET.Publish.targets".
   3:7>Target "_CheckForLanguageAndFeatureCombinationSupport" in file "C:\Program Files\dotnet\sdk\8.0.302\Sdks\Microsoft.NET.Sdk\targets\Microsoft.NET.RuntimeIdentifierInference.targets" from project "D:\Tito Pedraza\OneDrive\Proyectos\Codigo Fuente\repos\HumanCore\src\TalenHuman.Domain\TalenHuman.Domain.csproj" (target "_CheckForInvalidConfigurationAndPlatform" depends on it):
   3:7>Task "NETSdkError" skipped, due to false condition; (('$(Language)' == 'C++' and '$(_EnablePackageReferencesInVCProjects)' != 'true') and $(OutputType) != 'library' and '$(TargetFrameworkIdentifier)' == '.NETCoreApp') was evaluated as (('C#' == 'C++' and '' != 'true') and Library != 'library' and '.NETCoreApp' == '.NETCoreApp').
     0>Overriding target "ResolveReadyToRunCompilers" in project "C:\Program Files\dotnet\sdk\8.0.302\Sdks\Microsoft.NET.Sdk\targets\Microsoft.NET.CrossGen.targets" with target "ResolveReadyToRunCompilers" from project "C:\Program Files\dotnet\sdk\8.0.302\Sdks\Microsoft.NET.Sdk\targets\Microsoft.NET.Publish.targets".
   3:7>_CheckForLanguageAndFeatureCombinationSupport:
       Task "NETSdkError" skipped, due to false condition; (('$(Language)' == 'C++' and '$(_EnablePackageReferencesInVCProjects)' != 'true') and $(EnableComHosting) == 'true') was evaluated as (('C#' == 'C++' and '' != 'true') and  == 'true').
       Task "NETSdkError" skipped, due to false condition; (('$(Language)' == 'C++' and '$(_EnablePackageReferencesInVCProjects)' != 'true') and $(SelfContained) == 'true') was evaluated as (('C#' == 'C++' and '' != 'true') and  == 'true').
   3:7>Done building target "_CheckForLanguageAndFeatureCombinationSupport" in project "TalenHuman.Domain.csproj".
     0>Overriding target "GetCopyToPublishDirectoryItems" in project "C:\Program Files\dotnet\sdk\8.0.302\Microsoft.Common.CurrentVersion.targets" with target "GetCopyToPublishDirectoryItems" from project "C:\Program Files\dotnet\sdk\8.0.302\Sdks\Microsoft.NET.Sdk\targets\Microsoft.NET.Publish.targets".
   3:7>Target "_CheckForNETCoreSdkIsPreview" skipped, due to false condition; ( '$(_NETCoreSdkIsPreview)' == 'true' AND '$(SuppressNETCoreSdkPreviewMessage)' != 'true' ) was evaluated as ( 'false' == 'true' AND '' != 'true' ).
     0>The target "ResolveNuGetPackageAssets" listed in an AfterTargets attribute at "C:\Users\messa\.nuget\packages\microsoft.extensions.options\8.0.2\buildTransitive\net6.0\Microsoft.Extensions.Options.targets (11,11)" does not exist in the project, and will be ignored.
   3:7>Target "_GetProjectJsonPath" in file "C:\Program Files\dotnet\sdk\8.0.302\NuGet.targets" from project "D:\Tito Pedraza\OneDrive\Proyectos\Codigo Fuente\repos\HumanCore\src\TalenHuman.Domain\TalenHuman.Domain.csproj" (target "_GetRestoreProjectStyle" depends on it):
   3:7>Task "GetRestoreProjectJsonPathTask" skipped, due to false condition; ( '$(RestoreProjectStyle)' == 'ProjectJson' OR '$(RestoreProjectStyle)' == '' ) was evaluated as ( 'PackageReference' == 'ProjectJson' OR 'PackageReference' == '' ).
   3:7>Done building target "_GetProjectJsonPath" in project "TalenHuman.Domain.csproj".
       Target "_CheckForUnsupportedTargetPlatformIdentifier" skipped, due to false condition; ('$(TargetPlatformIdentifier)' != '' and '$(TargetFrameworkIdentifier)' == '.NETCoreApp' and $([MSBuild]::VersionGreaterThanOrEquals($(TargetFrameworkVersion), 5.0)) And ('$(DesignTimeBuild)' != 'true' Or '@(MissingWorkloadPack)' == '')) was evaluated as ('' != '' and '.NETCoreApp' == '.NETCoreApp' and True And ('' != 'true' Or '' == '')).
       Target "_CheckForMissingWorkload" skipped, due to false condition; ('@(MissingWorkloadPack)' != '' And '$(DesignTimeBuild)' != 'true') was evaluated as ('' != '' And '' != 'true').
     0>The target "ResolveNuGetPackageAssets" listed in an AfterTargets attribute at "C:\Users\messa\.nuget\packages\microsoft.extensions.options\8.0.2\buildTransitive\net6.0\Microsoft.Extensions.Options.targets (23,11)" does not exist in the project, and will be ignored.
   3:7>Target "_CheckForUnsupportedNETStandardVersion" skipped, due to false condition; ('$(TargetFrameworkIdentifier)' == '.NETStandard' And '$(NETStandardMaximumVersion)' != '') was evaluated as ('.NETCoreApp' == '.NETStandard' And '' != '').
       Target "_CheckForUnsupportedTargetFrameworkAndFeatureCombination" skipped, due to false condition; ('$(TargetFrameworkIdentifier)' == '.NETFramework') was evaluated as ('.NETCoreApp' == '.NETFramework').
   3:7>Target "UpdateAspNetToFrameworkReference" in file "C:\Program Files\dotnet\sdk\8.0.302\Sdks\Microsoft.NET.Sdk\targets\Microsoft.NET.Sdk.DefaultItems.Shared.targets" from project "D:\Tito Pedraza\OneDrive\Proyectos\Codigo Fuente\repos\HumanCore\src\TalenHuman.Domain\TalenHuman.Domain.csproj" (target "ApplyImplicitVersions" depends on it):
       Using "CheckIfPackageReferenceShouldBeFrameworkReference" task from assembly "C:\Program Files\dotnet\sdk\8.0.302\Sdks\Microsoft.NET.Sdk\targets\..\tools\net8.0\Microsoft.NET.Build.Tasks.dll".
     0>The target "ResolveNuGetPackageAssets" listed in an AfterTargets attribute at "C:\Users\messa\.nuget\packages\microsoft.extensions.logging.abstractions\8.0.2\buildTransitive\net6.0\Microsoft.Extensions.Logging.Abstractions.targets (11,11)" does not exist in the project, and will be ignored.
       The target "ResolveNuGetPackageAssets" listed in an AfterTargets attribute at "C:\Users\messa\.nuget\packages\microsoft.extensions.logging.abstractions\8.0.2\buildTransitive\net6.0\Microsoft.Extensions.Logging.Abstractions.targets (23,11)" does not exist in the project, and will be ignored.
   3:7>Task "CheckIfPackageReferenceShouldBeFrameworkReference"
     0>The target "ResolveNuGetPackageAssets" listed in an AfterTargets attribute at "C:\Users\messa\.nuget\packages\microsoft.extensions.configuration.binder\8.0.0\buildTransitive\netstandard2.0\Microsoft.Extensions.Configuration.Binder.targets (9,13)" does not exist in the project, and will be ignored.
   3:7>Done executing task "CheckIfPackageReferenceShouldBeFrameworkReference".
       Task "NETSdkError" skipped, due to false condition; ('$(_ShouldRemoveAspNetCoreAll)' == 'true') was evaluated as ('False' == 'true').
       Task "CheckIfPackageReferenceShouldBeFrameworkReference"
       Done executing task "CheckIfPackageReferenceShouldBeFrameworkReference".
       Task "NETSdkWarning" skipped, due to false condition; ('$(_ShouldRemoveAspNetCoreApp)' == 'true') was evaluated as ('False' == 'true').
   3:7>Done building target "UpdateAspNetToFrameworkReference" in project "TalenHuman.Domain.csproj".
       Target "IncludeTargetingPackReference" skipped, due to false condition; ('$(TargetFrameworkMoniker)' != '' and '$(TargetFrameworkIdentifier)' == '.NETFramework' and '$(AutomaticallyUseReferenceAssemblyPackages)' == 'true') was evaluated as ('.NETCoreApp,Version=v8.0' != '' and '.NETCoreApp' == '.NETFramework' and 'true' == 'true').
   3:7>Target "CheckForImplicitPackageReferenceOverrides" in file "C:\Program Files\dotnet\sdk\8.0.302\Sdks\Microsoft.NET.Sdk\targets\Microsoft.NET.Sdk.DefaultItems.Shared.targets" from project "D:\Tito Pedraza\OneDrive\Proyectos\Codigo Fuente\repos\HumanCore\src\TalenHuman.Domain\TalenHuman.Domain.csproj" (target "ApplyImplicitVersions" depends on it):
       Using "CheckForImplicitPackageReferenceOverrides" task from assembly "C:\Program Files\dotnet\sdk\8.0.302\Sdks\Microsoft.NET.Sdk\targets\..\tools\net8.0\Microsoft.NET.Build.Tasks.dll".
       Task "CheckForImplicitPackageReferenceOverrides"
       Done executing task "CheckForImplicitPackageReferenceOverrides".
   3:7>Done building target "CheckForImplicitPackageReferenceOverrides" in project "TalenHuman.Domain.csproj".
   3:7>Target "ApplyImplicitVersions" in file "C:\Program Files\dotnet\sdk\8.0.302\Sdks\Microsoft.NET.Sdk\targets\Microsoft.NET.Sdk.DefaultItems.Shared.targets" from project "D:\Tito Pedraza\OneDrive\Proyectos\Codigo Fuente\repos\HumanCore\src\TalenHuman.Domain\TalenHuman.Domain.csproj" (target "CollectPackageReferences" depends on it):
       Using "ApplyImplicitVersions" task from assembly "C:\Program Files\dotnet\sdk\8.0.302\Sdks\Microsoft.NET.Sdk\targets\..\tools\net8.0\Microsoft.NET.Build.Tasks.dll".
       Task "ApplyImplicitVersions"
       Done executing task "ApplyImplicitVersions".
   3:7>Done building target "ApplyImplicitVersions" in project "TalenHuman.Domain.csproj".
       Target "CheckForImplicitPackageReferenceOverrides" skipped. Previously built successfully.
       Target "AddWindowsSdkKnownFrameworkReferences" skipped, due to false condition; ('$(TargetFrameworkIdentifier)' == '.NETCoreApp' And '$(TargetPlatformIdentifier)' == 'Windows') was evaluated as ('.NETCoreApp' == '.NETCoreApp' And '' == 'Windows').
       Target "_NormalizeTargetPlatformVersion" skipped, due to false condition; ('$(TargetPlatformVersion)' != '' and '$(TargetFrameworkIdentifier)' == '.NETCoreApp' and $([MSBuild]::VersionGreaterThanOrEquals($(TargetFrameworkVersion), 5.0)) and ('$(Language)' != 'C++' or '$(_EnablePackageReferencesInVCProjects)' == 'true')) was evaluated as ('' != '' and '.NETCoreApp' == '.NETCoreApp' and True and ('C#' != 'C++' or '' == 'true')).
   3:7>Target "_ComputeToolPackInputsToProcessFrameworkReferences" in file "C:\Program Files\dotnet\sdk\8.0.302\Sdks\Microsoft.NET.Sdk\targets\Microsoft.NET.Publish.targets" from project "D:\Tito Pedraza\OneDrive\Proyectos\Codigo Fuente\repos\HumanCore\src\TalenHuman.Domain\TalenHuman.Domain.csproj" (target "ProcessFrameworkReferences" depends on it):
   3:7>Done building target "_ComputeToolPackInputsToProcessFrameworkReferences" in project "TalenHuman.Domain.csproj".
     0>The SDK "Microsoft.NET.SDK.WorkloadAutoImportPropsLocator" was successfully resolved by the "Microsoft.DotNet.MSBuildWorkloadSdkResolver" resolver to location "C:\Program Files\dotnet\packs\Microsoft.Android.Sdk.Windows\34.0.95\Sdk" and version "null".
   3:7>Target "ProcessFrameworkReferences" in file "C:\Program Files\dotnet\sdk\8.0.302\Sdks\Microsoft.NET.Sdk\targets\Microsoft.NET.Sdk.FrameworkReferenceResolution.targets" from project "D:\Tito Pedraza\OneDrive\Proyectos\Codigo Fuente\repos\HumanCore\src\TalenHuman.Domain\TalenHuman.Domain.csproj" (target "CollectPackageReferences" depends on it):
   3:7>Using "CheckForDuplicateFrameworkReferences" task from assembly "C:\Program Files\dotnet\sdk\8.0.302\Sdks\Microsoft.NET.Sdk\targets\..\tools\net8.0\Microsoft.NET.Build.Tasks.dll".
       Task "CheckForDuplicateFrameworkReferences"
       Done executing task "CheckForDuplicateFrameworkReferences".
       Using "ProcessFrameworkReferences" task from assembly "C:\Program Files\dotnet\sdk\8.0.302\Sdks\Microsoft.NET.Sdk\targets\..\tools\net8.0\Microsoft.NET.Build.Tasks.dll".
       Task "ProcessFrameworkReferences"
       Done executing task "ProcessFrameworkReferences".
       Using "ResolveAppHosts" task from assembly "C:\Program Files\dotnet\sdk\8.0.302\Sdks\Microsoft.NET.Sdk\targets\..\tools\net8.0\Microsoft.NET.Build.Tasks.dll".
       Task "ResolveAppHosts"
     0>Property reassignment: $(TargetsForTfmSpecificContentInPackage)=";PackTool;_PackProjectToolValidation" (previous value: ";PackTool") at C:\Program Files\dotnet\sdk\8.0.302\Sdks\Microsoft.NET.Sdk\targets\Microsoft.NET.PackProjectTool.props (15,5)
   3:7>Done executing task "ResolveAppHosts".
   3:7>Done building target "ProcessFrameworkReferences" in project "TalenHuman.Domain.csproj".
       Target "IncludeTargetingPackReference" skipped, due to false condition; ('$(TargetFrameworkMoniker)' != '' and '$(TargetFrameworkIdentifier)' == '.NETFramework' and '$(AutomaticallyUseReferenceAssemblyPackages)' == 'true') was evaluated as ('.NETCoreApp,Version=v8.0' != '' and '.NETCoreApp' == '.NETFramework' and 'true' == 'true').
   3:7>Target "_AddMicrosoftNetCompilerToolsetFrameworkPackage" in file "C:\Program Files\dotnet\sdk\8.0.302\Sdks\Microsoft.NET.Sdk\targets\Microsoft.NET.Sdk.targets" from project "D:\Tito Pedraza\OneDrive\Proyectos\Codigo Fuente\repos\HumanCore\src\TalenHuman.Domain\TalenHuman.Domain.csproj" (target "CollectPackageReferences" depends on it):
       Task "NETSdkWarning" skipped, due to false condition; ('@(PackageReference->AnyHaveMetadataValue('Identity', 'Microsoft.Net.Compilers.Toolset.Framework'))' == 'true') was evaluated as ('false' == 'true').
   3:7>Done building target "_AddMicrosoftNetCompilerToolsetFrameworkPackage" in project "TalenHuman.Domain.csproj".
   3:7>Target "_CheckForObsoleteDotNetCliToolReferences" in file "C:\Program Files\dotnet\sdk\8.0.302\Sdks\Microsoft.NET.Sdk\targets\Microsoft.NET.ObsoleteReferences.targets" from project "D:\Tito Pedraza\OneDrive\Proyectos\Codigo Fuente\repos\HumanCore\src\TalenHuman.Domain\TalenHuman.Domain.csproj" (target "CollectPackageReferences" depends on it):
       Task "NETSdkWarning" skipped, due to false condition; ( '%(_ReferenceToObsoleteDotNetCliTool.Identity)' != '' ) was evaluated as ( '' != '' ).
     0>The SDK "Microsoft.NET.Sdk.Razor" was successfully resolved by the "DefaultSdkResolver" resolver to location "C:\Program Files\dotnet\sdk\8.0.302\Sdks\Microsoft.NET.Sdk.Razor\Sdk" and version "".
   3:7>Done building target "_CheckForObsoleteDotNetCliToolReferences" in project "TalenHuman.Domain.csproj".
   3:7>Target "CollectPackageReferences" in file "C:\Program Files\dotnet\sdk\8.0.302\NuGet.targets" from project "D:\Tito Pedraza\OneDrive\Proyectos\Codigo Fuente\repos\HumanCore\src\TalenHuman.Domain\TalenHuman.Domain.csproj" (target "_GetRestoreProjectStyle" depends on it):
       Using "CheckForDuplicateNuGetItemsTask" task from assembly "C:\Program Files\dotnet\sdk\8.0.302\NuGet.Build.Tasks.dll".
       Task "CheckForDuplicateNuGetItemsTask"
     0>The SDK "Microsoft.NET.Sdk.StaticWebAssets" was successfully resolved by the "DefaultSdkResolver" resolver to location "C:\Program Files\dotnet\sdk\8.0.302\Sdks\Microsoft.NET.Sdk.StaticWebAssets\Sdk" and version "".
   3:7>Done executing task "CheckForDuplicateNuGetItemsTask".
   3:7>Done building target "CollectPackageReferences" in project "TalenHuman.Domain.csproj".
     0>Property reassignment: $(DefaultItemExcludes)=";**\node_modules\**;node_modules\**;**\jspm_packages\**;jspm_packages\**" (previous value: ";**\node_modules\**;node_modules\**") at C:\Program Files\dotnet\sdk\8.0.302\Sdks\Microsoft.NET.Sdk.StaticWebAssets\Sdk\Sdk.StaticWebAssets.StaticAssets.ProjectSystem.props (23,5)
       Property reassignment: $(DefaultItemExcludes)=";**\node_modules\**;node_modules\**;**\jspm_packages\**;jspm_packages\**;**\bower_components\**;bower_components\**" (previous value: ";**\node_modules\**;node_modules\**;**\jspm_packages\**;jspm_packages\**") at C:\Program Files\dotnet\sdk\8.0.302\Sdks\Microsoft.NET.Sdk.StaticWebAssets\Sdk\Sdk.StaticWebAssets.StaticAssets.ProjectSystem.props (24,5)
   3:7>Target "_GetRestoreProjectStyle" in file "C:\Program Files\dotnet\sdk\8.0.302\NuGet.targets" from project "D:\Tito Pedraza\OneDrive\Proyectos\Codigo Fuente\repos\HumanCore\src\TalenHuman.Domain\TalenHuman.Domain.csproj" (target "EnableIntermediateOutputPathMismatchWarning" depends on it):
   3:7>Using "GetRestoreProjectStyleTask" task from assembly "C:\Program Files\dotnet\sdk\8.0.302\NuGet.Build.Tasks.dll".
     0>The SDK "Microsoft.NET.Sdk.Web.ProjectSystem" was successfully resolved by the "DefaultSdkResolver" resolver to location "C:\Program Files\dotnet\sdk\8.0.302\Sdks\Microsoft.NET.Sdk.Web.ProjectSystem\Sdk" and version "".
   3:7>Task "GetRestoreProjectStyleTask"
       Done executing task "GetRestoreProjectStyleTask".
     0>Property reassignment: $(OutputType)="Exe" (previous value: "Library") at C:\Program Files\dotnet\sdk\8.0.302\Sdks\Microsoft.NET.Sdk.Web.ProjectSystem\targets\Microsoft.NET.Sdk.Web.ProjectSystem.props (16,5)
   3:7>Done building target "_GetRestoreProjectStyle" in project "TalenHuman.Domain.csproj".
   3:7>Target "EnableIntermediateOutputPathMismatchWarning" in file "C:\Program Files\dotnet\sdk\8.0.302\NuGet.targets" from project "D:\Tito Pedraza\OneDrive\Proyectos\Codigo Fuente\repos\HumanCore\src\TalenHuman.Domain\TalenHuman.Domain.csproj" (target "_CheckForInvalidConfigurationAndPlatform" depends on it):
   3:7>Done building target "EnableIntermediateOutputPathMismatchWarning" in project "TalenHuman.Domain.csproj".
     0>The SDK "Microsoft.NET.Sdk.Publish" was successfully resolved by the "DefaultSdkResolver" resolver to location "C:\Program Files\dotnet\sdk\8.0.302\Sdks\Microsoft.NET.Sdk.Publish\Sdk" and version "".
   3:7>Target "ApplyImplicitVersions" skipped. Previously built successfully.
       Target "CheckForImplicitPackageReferenceOverrides" skipped. Previously built successfully.
     0>Property reassignment: $(NoWarn)="1701;1702;NU1605" (previous value: "1701;1702") at D:\Tito Pedraza\OneDrive\Proyectos\Codigo Fuente\repos\HumanCore\src\TalenHuman.API\TalenHuman.API.csproj (7,5)
   3:7>Target "CheckForDuplicateItems" in file "C:\Program Files\dotnet\sdk\8.0.302\Sdks\Microsoft.NET.Sdk\targets\Microsoft.NET.Sdk.DefaultItems.Shared.targets" from project "D:\Tito Pedraza\OneDrive\Proyectos\Codigo Fuente\repos\HumanCore\src\TalenHuman.Domain\TalenHuman.Domain.csproj" (target "_CheckForInvalidConfigurationAndPlatform" depends on it):
   3:7>Using "CheckForDuplicateItems" task from assembly "C:\Program Files\dotnet\sdk\8.0.302\Sdks\Microsoft.NET.Sdk\targets\..\tools\net8.0\Microsoft.NET.Build.Tasks.dll".
       Task "CheckForDuplicateItems"
       Done executing task "CheckForDuplicateItems".
       Task "CheckForDuplicateItems"
     0>The "Configuration" property is a global property, and cannot be modified.
       The "Platform" property is a global property, and cannot be modified.
       Property reassignment: $(PublishProfileImported)="false" (previous value: "true") at C:\Program Files\dotnet\sdk\8.0.302\Sdks\Microsoft.NET.Sdk\targets\Microsoft.NET.Sdk.ImportPublishProfile.targets (28,5)
   3:7>Done executing task "CheckForDuplicateItems".
       Task "CheckForDuplicateItems"
       Done executing task "CheckForDuplicateItems".
   3:7>Done building target "CheckForDuplicateItems" in project "TalenHuman.Domain.csproj".
       Target "WarnForExplicitVersions" skipped, due to false condition; ('@(SdkBuildWarning)' != '') was evaluated as ('' != '').
       Target "_CheckForFailedSDKResolution" skipped, due to false condition; ('$(SdkResolverHonoredGlobalJson)' == 'false') was evaluated as ('' == 'false').
       Target "_WarnWhenUsingNET8AndVSPriorTo178" skipped, due to false condition; ($([MSBuild]::VersionLessThan($(MSBuildVersion), '17.8.0')) and '$(TargetFrameworkIdentifier)' == '.NETCoreApp' and $([MSBuild]::VersionGreaterThanOrEquals($(_TargetFrameworkVersionWithoutV), '8.0'))) was evaluated as (False and '.NETCoreApp' == '.NETCoreApp' and True).
       Target "_CheckForInvalidWindowsDesktopTargetingConfiguration" skipped, due to false condition; ('$(TargetFrameworkIdentifier)' == '.NETCoreApp' and $([MSBuild]::VersionGreaterThanOrEquals($(_TargetFrameworkVersionWithoutV), '5.0')) and ('$(UseWindowsForms)' == 'true' or '$(UseWPF)' == 'true')) was evaluated as ('.NETCoreApp' == '.NETCoreApp' and True and ('' == 'true' or '' == 'true')).
       Target "_CheckForUnnecessaryWindowsDesktopSDK" skipped, due to false condition; ('$(TargetFrameworkIdentifier)' == '.NETCoreApp' and $([MSBuild]::VersionGreaterThanOrEquals($(_TargetFrameworkVersionWithoutV), '5.0')) and '$(_MicrosoftWindowsDesktopSdkImported)' == 'true' and '$(TargetFrameworks)' == '') was evaluated as ('.NETCoreApp' == '.NETCoreApp' and True and '' == 'true' and '' == '').
       Target "ProcessFrameworkReferences" skipped. Previously built successfully.
       Target "IncludeTargetingPackReference" skipped, due to false condition; ('$(TargetFrameworkMoniker)' != '' and '$(TargetFrameworkIdentifier)' == '.NETFramework' and '$(AutomaticallyUseReferenceAssemblyPackages)' == 'true') was evaluated as ('.NETCoreApp,Version=v8.0' != '' and '.NETCoreApp' == '.NETFramework' and 'true' == 'true').
   3:7>Target "_CheckForInvalidConfigurationAndPlatform" in file "C:\Program Files\dotnet\sdk\8.0.302\Microsoft.Common.CurrentVersion.targets" from project "D:\Tito Pedraza\OneDrive\Proyectos\Codigo Fuente\repos\HumanCore\src\TalenHuman.Domain\TalenHuman.Domain.csproj" (target "BeforeBuild" depends on it):
       Task "Error" skipped, due to false condition; ( '$(_InvalidConfigurationError)' == 'true' ) was evaluated as ( '' == 'true' ).
     0>Property reassignment: $(TargetPlatformVersion)="" (previous value: "0.0") at C:\Program Files\dotnet\sdk\8.0.302\Sdks\Microsoft.NET.Sdk\targets\Microsoft.NET.TargetFrameworkInference.targets (69,5)
   3:7>_CheckForInvalidConfigurationAndPlatform:
       Task "Warning" skipped, due to false condition; ( '$(_InvalidConfigurationWarning)' == 'true' ) was evaluated as ( '' == 'true' ).
       Task "Message"
         Configuration=Debug
       Done executing task "Message".
       Task "Message"
         Platform=AnyCPU
       Done executing task "Message".
       Task "Error" skipped, due to false condition; ('$(OutDir)' != '' and !HasTrailingSlash('$(OutDir)')) was evaluated as ('bin\Debug\net8.0\' != '' and !HasTrailingSlash('bin\Debug\net8.0\')).
     0>Property reassignment: $(DefaultItemExcludes)=";**\node_modules\**;node_modules\**;**\jspm_packages\**;jspm_packages\**;**\bower_components\**;bower_components\**;bin\Debug\/**" (previous value: ";**\node_modules\**;node_modules\**;**\jspm_packages\**;jspm_packages\**;**\bower_components\**;bower_components\**") at C:\Program Files\dotnet\sdk\8.0.302\Sdks\Microsoft.NET.Sdk\targets\Microsoft.NET.DefaultOutputPaths.targets (121,5)
       Property reassignment: $(DefaultItemExcludes)=";**\node_modules\**;node_modules\**;**\jspm_packages\**;jspm_packages\**;**\bower_components\**;bower_components\**;bin\Debug\/**;obj\Debug\/**" (previous value: ";**\node_modules\**;node_modules\**;**\jspm_packages\**;jspm_packages\**;**\bower_components\**;bower_components\**;bin\Debug\/**") at C:\Program Files\dotnet\sdk\8.0.302\Sdks\Microsoft.NET.Sdk\targets\Microsoft.NET.DefaultOutputPaths.targets (122,5)
   3:7>_CheckForInvalidConfigurationAndPlatform:
       Task "Error" skipped, due to false condition; ('$(IntermediateOutputPath)' != '' and !HasTrailingSlash('$(IntermediateOutputPath)')) was evaluated as ('obj\Debug\net8.0\' != '' and !HasTrailingSlash('obj\Debug\net8.0\')).
     0>Property reassignment: $(OutputPath)="bin\Debug\net8.0\" (previous value: "bin\Debug\") at C:\Program Files\dotnet\sdk\8.0.302\Sdks\Microsoft.NET.Sdk\targets\Microsoft.NET.DefaultOutputPaths.targets (137,5)
       Property reassignment: $(IntermediateOutputPath)="obj\Debug\net8.0\" (previous value: "obj\Debug\") at C:\Program Files\dotnet\sdk\8.0.302\Sdks\Microsoft.NET.Sdk\targets\Microsoft.NET.DefaultOutputPaths.targets (142,5)
   3:7>_CheckForInvalidConfigurationAndPlatform:
       Task "Error" skipped, due to false condition; ('$(BaseIntermediateOutputPath)' != '' and !HasTrailingSlash('$(BaseIntermediateOutputPath)')) was evaluated as ('obj\' != '' and !HasTrailingSlash('obj\')).
       Task "Error" skipped, due to false condition; ( '$(_InitialMSBuildProjectExtensionsPath)' != '' And '$(MSBuildProjectExtensionsPath)' != '$(_InitialMSBuildProjectExtensionsPath)' ) was evaluated as ( 'D:\Tito Pedraza\OneDrive\Proyectos\Codigo Fuente\repos\HumanCore\src\TalenHuman.Domain\obj\' != '' And 'D:\Tito Pedraza\OneDrive\Proyectos\Codigo Fuente\repos\HumanCore\src\TalenHuman.Domain\obj\' != 'D:\Tito Pedraza\OneDrive\Proyectos\Codigo Fuente\repos\HumanCore\src\TalenHuman.Domain\obj\' ).
       Task "Warning" skipped, due to false condition; ( '$(EnableBaseIntermediateOutputPathMismatchWarning)' == 'true' And '$(_InitialBaseIntermediateOutputPath)' != '$(BaseIntermediateOutputPath)' And '$(BaseIntermediateOutputPath)' != '$(MSBuildProjectExtensionsPath)' ) was evaluated as ( 'true' == 'true' And 'obj\' != 'obj\' And 'obj\' != 'D:\Tito Pedraza\OneDrive\Proyectos\Codigo Fuente\repos\HumanCore\src\TalenHuman.Domain\obj\' ).
     0>The "DefaultSdkResolver" resolver attempted to resolve the SDK "Microsoft.NET.SDK.WorkloadManifestTargetsLocator".
Warnings: null
Errors: MSB4276: The default SDK resolver failed to resolve SDK "Microsoft.NET.SDK.WorkloadManifestTargetsLocator" because directory "C:\Program Files\dotnet\sdk\8.0.302\Sdks\Microsoft.NET.SDK.WorkloadManifestTargetsLocator\Sdk" did not exist.
   3:7>Done building target "_CheckForInvalidConfigurationAndPlatform" in project "TalenHuman.Domain.csproj".
   3:7>Target "ValidateCommandLineProperties" in file "C:\Program Files\dotnet\sdk\8.0.302\Sdks\Microsoft.NET.Sdk\targets\Microsoft.NET.Sdk.targets" from project "D:\Tito Pedraza\OneDrive\Proyectos\Codigo Fuente\repos\HumanCore\src\TalenHuman.Domain\TalenHuman.Domain.csproj" (target "BeforeBuild" depends on it):
   3:7>Done building target "ValidateCommandLineProperties" in project "TalenHuman.Domain.csproj".
   3:7>Target "BeforeBuild" in file "C:\Program Files\dotnet\sdk\8.0.302\Microsoft.Common.CurrentVersion.targets" from project "D:\Tito Pedraza\OneDrive\Proyectos\Codigo Fuente\repos\HumanCore\src\TalenHuman.Domain\TalenHuman.Domain.csproj" (target "Build" depends on it):
   3:7>Done building target "BeforeBuild" in project "TalenHuman.Domain.csproj".
       Target "_CheckForBuildWithNoBuild" skipped, due to false condition; ('$(NoBuild)' == 'true' and '$(GeneratePackageOnBuild)' != 'true') was evaluated as ('' == 'true' and 'false' != 'true').
   3:7>Target "BuildOnlySettings" in file "C:\Program Files\dotnet\sdk\8.0.302\Microsoft.Common.CurrentVersion.targets" from project "D:\Tito Pedraza\OneDrive\Proyectos\Codigo Fuente\repos\HumanCore\src\TalenHuman.Domain\TalenHuman.Domain.csproj" (target "CoreBuild" depends on it):
   3:7>Done building target "BuildOnlySettings" in project "TalenHuman.Domain.csproj".
       Target "_CheckForUnsupportedTargetFramework" skipped, due to false condition; ('$(_UnsupportedTargetFrameworkError)' == 'true') was evaluated as ('' == 'true').
       Target "_CheckForUnsupportedTargetPlatformIdentifier" skipped, due to false condition; ('$(TargetPlatformIdentifier)' != '' and '$(TargetFrameworkIdentifier)' == '.NETCoreApp' and $([MSBuild]::VersionGreaterThanOrEquals($(TargetFrameworkVersion), 5.0)) And ('$(DesignTimeBuild)' != 'true' Or '@(MissingWorkloadPack)' == '')) was evaluated as ('' != '' and '.NETCoreApp' == '.NETCoreApp' and True And ('' != 'true' Or '' == '')).
       Target "_CheckForMissingWorkload" skipped, due to false condition; ('@(MissingWorkloadPack)' != '' And '$(DesignTimeBuild)' != 'true') was evaluated as ('' != '' And '' != 'true').
   3:7>Target "GetFrameworkPaths" in file "C:\Program Files\dotnet\sdk\8.0.302\Sdks\Microsoft.NET.Sdk\targets\Microsoft.NET.DisableStandardFrameworkResolution.targets" from project "D:\Tito Pedraza\OneDrive\Proyectos\Codigo Fuente\repos\HumanCore\src\TalenHuman.Domain\TalenHuman.Domain.csproj" (target "PrepareForBuild" depends on it):
   3:7>Done building target "GetFrameworkPaths" in project "TalenHuman.Domain.csproj".
       Target "_CheckForUnsupportedTargetFramework" skipped, due to false condition; ('$(_UnsupportedTargetFrameworkError)' == 'true') was evaluated as ('' == 'true').
       Target "_CheckForUnsupportedTargetPlatformIdentifier" skipped, due to false condition; ('$(TargetPlatformIdentifier)' != '' and '$(TargetFrameworkIdentifier)' == '.NETCoreApp' and $([MSBuild]::VersionGreaterThanOrEquals($(TargetFrameworkVersion), 5.0)) And ('$(DesignTimeBuild)' != 'true' Or '@(MissingWorkloadPack)' == '')) was evaluated as ('' != '' and '.NETCoreApp' == '.NETCoreApp' and True And ('' != 'true' Or '' == '')).
       Target "_CheckForMissingWorkload" skipped, due to false condition; ('@(MissingWorkloadPack)' != '' And '$(DesignTimeBuild)' != 'true') was evaluated as ('' != '' And '' != 'true').
   3:7>Target "GetReferenceAssemblyPaths" in file "C:\Program Files\dotnet\sdk\8.0.302\Sdks\Microsoft.NET.Sdk\targets\Microsoft.NET.DisableStandardFrameworkResolution.targets" from project "D:\Tito Pedraza\OneDrive\Proyectos\Codigo Fuente\repos\HumanCore\src\TalenHuman.Domain\TalenHuman.Domain.csproj" (target "PrepareForBuild" depends on it):
   3:7>Done building target "GetReferenceAssemblyPaths" in project "TalenHuman.Domain.csproj".
       Target "AssignLinkMetadata" skipped, due to false condition; ( '$(SynthesizeLinkMetadata)' == 'true' ) was evaluated as ( '' == 'true' ).
       Target "_VerifyPackReleaseConfigurations" skipped, due to false condition; ('$(_IsPacking)' == 'true' and '$(DOTNET_CLI_DISABLE_PUBLISH_AND_PACK_RELEASE)' != 'true' and '$(DOTNET_CLI_LAZY_PUBLISH_AND_PACK_RELEASE_FOR_SOLUTIONS)' == 'true') was evaluated as ('' == 'true' and '' != 'true' and '' == 'true').
   3:7>Target "PrepareForBuild" in file "C:\Program Files\dotnet\sdk\8.0.302\Microsoft.Common.CurrentVersion.targets" from project "D:\Tito Pedraza\OneDrive\Proyectos\Codigo Fuente\repos\HumanCore\src\TalenHuman.Domain\TalenHuman.Domain.csproj" (target "CoreBuild" depends on it):
       Using "FindAppConfigFile" task from assembly "Microsoft.Build.Tasks.Core, Version=15.1.0.0, Culture=neutral, PublicKeyToken=b03f5f7f11d50a3a".
       Task "FindAppConfigFile"
       Done executing task "FindAppConfigFile".
       Using "MakeDir" task from assembly "Microsoft.Build.Tasks.Core, Version=15.1.0.0, Culture=neutral, PublicKeyToken=b03f5f7f11d50a3a".
       Task "MakeDir"
       Done executing task "MakeDir".
   3:7>Done building target "PrepareForBuild" in project "TalenHuman.Domain.csproj".
   3:7>Target "GenerateGlobalUsings" in file "C:\Program Files\dotnet\sdk\8.0.302\Sdks\Microsoft.NET.Sdk\targets\Microsoft.NET.GenerateGlobalUsings.targets" from project "D:\Tito Pedraza\OneDrive\Proyectos\Codigo Fuente\repos\HumanCore\src\TalenHuman.Domain\TalenHuman.Domain.csproj" (target "CoreBuild" depends on it):
       Using "GenerateGlobalUsings" task from assembly "C:\Program Files\dotnet\sdk\8.0.302\Sdks\Microsoft.NET.Sdk\targets\..\tools\net8.0\Microsoft.NET.Build.Tasks.dll".
       Task "GenerateGlobalUsings"
       Done executing task "GenerateGlobalUsings".
       Using "WriteLinesToFile" task from assembly "Microsoft.Build.Tasks.Core, Version=15.1.0.0, Culture=neutral, PublicKeyToken=b03f5f7f11d50a3a".
       Task "WriteLinesToFile"
         Skipping write to file "obj\Debug\net8.0\TalenHuman.Domain.GlobalUsings.g.cs" because content would not change.
       Done executing task "WriteLinesToFile".
   3:7>Done building target "GenerateGlobalUsings" in project "TalenHuman.Domain.csproj".
       Target "PreBuildEvent" skipped, due to false condition; ('$(PreBuildEvent)'!='') was evaluated as (''!='').
   3:7>Target "BeforeResolveReferences" in file "C:\Program Files\dotnet\sdk\8.0.302\Microsoft.Common.CurrentVersion.targets" from project "D:\Tito Pedraza\OneDrive\Proyectos\Codigo Fuente\repos\HumanCore\src\TalenHuman.Domain\TalenHuman.Domain.csproj" (target "ResolveReferences" depends on it):
   3:7>Done building target "BeforeResolveReferences" in project "TalenHuman.Domain.csproj".
   3:7>Target "IgnoreJavaScriptOutputAssembly" in file "C:\Program Files\dotnet\sdk\8.0.302\Microsoft.Common.CurrentVersion.targets" from project "D:\Tito Pedraza\OneDrive\Proyectos\Codigo Fuente\repos\HumanCore\src\TalenHuman.Domain\TalenHuman.Domain.csproj" (target "AssignProjectConfiguration" depends on it):
   3:7>Done building target "IgnoreJavaScriptOutputAssembly" in project "TalenHuman.Domain.csproj".
       Target "ProcessFrameworkReferences" skipped. Previously built successfully.
   1:2>Project "D:\Tito Pedraza\OneDrive\Proyectos\Codigo Fuente\repos\HumanCore\src\TalenHuman.sln" (1:2) is building "D:\Tito Pedraza\OneDrive\Proyectos\Codigo Fuente\repos\HumanCore\src\TalenHuman.Infrastructure\TalenHuman.Infrastructure.csproj" (4:7) on node 3 (default targets).
   4:7>Target "NETStandardCompatError_Microsoft_Extensions_Configuration_Binder" in file "C:\Users\messa\.nuget\packages\microsoft.extensions.configuration.binder\8.0.0\buildTransitive\netstandard2.0\Microsoft.Extensions.Configuration.Binder.targets" from project "D:\Tito Pedraza\OneDrive\Proyectos\Codigo Fuente\repos\HumanCore\src\TalenHuman.Infrastructure\TalenHuman.Infrastructure.csproj" (entry point):
   4:7>Task "Warning" skipped, due to false condition; ('$(_Microsoft_Extensions_Configuration_Binder_Compatible_TargetFramework)' != '') was evaluated as ('' != '').
   4:7>Done building target "NETStandardCompatError_Microsoft_Extensions_Configuration_Binder" in project "TalenHuman.Infrastructure.csproj".
   3:7>Target "_DefaultMicrosoftNETPlatformLibrary" in file "C:\Program Files\dotnet\sdk\8.0.302\Sdks\Microsoft.NET.Sdk\targets\Microsoft.NET.Sdk.Shared.targets" from project "D:\Tito Pedraza\OneDrive\Proyectos\Codigo Fuente\repos\HumanCore\src\TalenHuman.Domain\TalenHuman.Domain.csproj" (target "ResolvePackageAssets" depends on it):
   3:7>Done building target "_DefaultMicrosoftNETPlatformLibrary" in project "TalenHuman.Domain.csproj".
   4:7>Target "_CheckForUnsupportedTargetFramework" skipped, due to false condition; ('$(_UnsupportedTargetFrameworkError)' == 'true') was evaluated as ('' == 'true').
   3:7>Target "_ComputePackageReferencePublish" in file "C:\Program Files\dotnet\sdk\8.0.302\Sdks\Microsoft.NET.Sdk\targets\Microsoft.NET.Sdk.Shared.targets" from project "D:\Tito Pedraza\OneDrive\Proyectos\Codigo Fuente\repos\HumanCore\src\TalenHuman.Domain\TalenHuman.Domain.csproj" (target "ResolvePackageAssets" depends on it):
   3:7>Done building target "_ComputePackageReferencePublish" in project "TalenHuman.Domain.csproj".
       Target "_ResolveCompilerVersion" skipped, due to false condition; ('$(CompilerApiVersion)' == '' And
                            ('$(Language)' == 'C#' Or '$(Language)' == 'VB') And
                            Exists('$(RoslynTargetsPath)\Microsoft.Build.Tasks.CodeAnalysis.dll')) was evaluated as ('roslyn4.10' == '' And
                            ('C#' == 'C#' Or 'C#' == 'VB') And
                            Exists('C:\Program Files\dotnet\sdk\8.0.302\Roslyn\Microsoft.Build.Tasks.CodeAnalysis.dll')).
   4:7>Target "_CollectTargetFrameworkForTelemetry" in file "C:\Program Files\dotnet\sdk\8.0.302\Sdks\Microsoft.NET.Sdk\targets\Microsoft.NET.TargetFrameworkInference.targets" from project "D:\Tito Pedraza\OneDrive\Proyectos\Codigo Fuente\repos\HumanCore\src\TalenHuman.Infrastructure\TalenHuman.Infrastructure.csproj" (target "_CheckForInvalidConfigurationAndPlatform" depends on it):
   4:7>Using "AllowEmptyTelemetry" task from assembly "C:\Program Files\dotnet\sdk\8.0.302\Sdks\Microsoft.NET.Sdk\targets\..\tools\net8.0\Microsoft.NET.Build.Tasks.dll".
       Task "AllowEmptyTelemetry"
   3:7>Target "ResolvePackageAssets" in file "C:\Program Files\dotnet\sdk\8.0.302\Sdks\Microsoft.NET.Sdk\targets\Microsoft.PackageDependencyResolution.targets" from project "D:\Tito Pedraza\OneDrive\Proyectos\Codigo Fuente\repos\HumanCore\src\TalenHuman.Domain\TalenHuman.Domain.csproj" (target "ResolveLockFileReferences" depends on it):
   3:7>Using "ResolvePackageAssets" task from assembly "C:\Program Files\dotnet\sdk\8.0.302\Sdks\Microsoft.NET.Sdk\targets\..\tools\net8.0\Microsoft.NET.Build.Tasks.dll".
       Task "ResolvePackageAssets"
   4:7>Done executing task "AllowEmptyTelemetry".
   3:7>Done executing task "ResolvePackageAssets".
   4:7>Done building target "_CollectTargetFrameworkForTelemetry" in project "TalenHuman.Infrastructure.csproj".
   3:7>Done building target "ResolvePackageAssets" in project "TalenHuman.Domain.csproj".
   4:7>Target "_CheckForUnsupportedTargetPlatformIdentifier" skipped, due to false condition; ('$(TargetPlatformIdentifier)' != '' and '$(TargetFrameworkIdentifier)' == '.NETCoreApp' and $([MSBuild]::VersionGreaterThanOrEquals($(TargetFrameworkVersion), 5.0)) And ('$(DesignTimeBuild)' != 'true' Or '@(MissingWorkloadPack)' == '')) was evaluated as ('' != '' and '.NETCoreApp' == '.NETCoreApp' and True And ('' != 'true' Or '' == '')).
   3:7>Target "AdjustDefaultPlatformTargetForNetFrameworkExeWithNoNativeCopyLocalItems" skipped, due to false condition; ('$(_UsingDefaultPlatformTarget)' == 'true' and
                     '$(_UsingDefaultRuntimeIdentifier)' == 'true') was evaluated as ('true' == 'true' and
                     '' == 'true').
   4:7>Target "_CheckForMissingWorkload" skipped, due to false condition; ('@(MissingWorkloadPack)' != '' And '$(DesignTimeBuild)' != 'true') was evaluated as ('' != '' And '' != 'true').
   3:7>Target "_CheckForTransitiveWindowsDesktopDependencies" skipped, due to false condition; ('$(TargetFrameworkIdentifier)' == '.NETCoreApp' and $([MSBuild]::VersionGreaterThanOrEquals($(_TargetFrameworkVersionWithoutV), '5.0')) and '$(TargetPlatformIdentifier)' != 'Windows' and '@(TransitiveFrameworkReference)' != '') was evaluated as ('.NETCoreApp' == '.NETCoreApp' and True and '' != 'Windows' and '' != '').
   4:7>Target "_CheckForUnsupportedNETCoreVersion" in file "C:\Program Files\dotnet\sdk\8.0.302\Sdks\Microsoft.NET.Sdk\targets\Microsoft.NET.TargetFrameworkInference.targets" from project "D:\Tito Pedraza\OneDrive\Proyectos\Codigo Fuente\repos\HumanCore\src\TalenHuman.Infrastructure\TalenHuman.Infrastructure.csproj" (target "_CheckForInvalidConfigurationAndPlatform" depends on it):
   4:7>Task "NETSdkError" skipped, due to false condition; ('$(_TargetFrameworkVersionWithoutV)' > '$(NETCoreAppMaximumVersion)' and '$(DisplayVSMessage)' != 'true') was evaluated as ('8.0' > '8.0' and '' != 'true').
       Task "NETSdkError" skipped, due to false condition; ('$(DisplayVSMessage)' == 'true') was evaluated as ('' == 'true').
   4:7>Done building target "_CheckForUnsupportedNETCoreVersion" in project "TalenHuman.Infrastructure.csproj".
   3:7>Target "AddTransitiveFrameworkReferences" skipped, due to false condition; ('@(TransitiveFrameworkReference)' != '') was evaluated as ('' != '').
   4:7>Target "_CheckForEolTargetFrameworks" skipped, due to false condition; ('@(_EolNetCoreTargetFrameworkVersions->AnyHaveMetadataValue('Identity', '$(_TargetFrameworkVersionWithoutV)'))' and '$(TargetFrameworkIdentifier)' == '.NETCoreApp' and '$(CheckEolTargetFramework)' == 'true') was evaluated as ('false' and '.NETCoreApp' == '.NETCoreApp' and '' == 'true').
       Target "_CheckForEolWorkloads" skipped, due to false condition; ('@(EolWorkload)' != '' and '$(CheckEolWorkloads)' == 'true') was evaluated as ('' != '' and 'true' == 'true').
   3:7>Target "ResolveLockFileReferences" in file "C:\Program Files\dotnet\sdk\8.0.302\Sdks\Microsoft.NET.Sdk\targets\Microsoft.PackageDependencyResolution.targets" from project "D:\Tito Pedraza\OneDrive\Proyectos\Codigo Fuente\repos\HumanCore\src\TalenHuman.Domain\TalenHuman.Domain.csproj" (target "ResolvePackageDependenciesForBuild" depends on it):
   3:7>Using "JoinItems" task from assembly "C:\Program Files\dotnet\sdk\8.0.302\Sdks\Microsoft.NET.Sdk\targets\..\tools\net8.0\Microsoft.NET.Build.Tasks.dll".
   4:7>Target "_CheckForUnsupportedCppNETCoreVersion" in file "C:\Program Files\dotnet\sdk\8.0.302\Sdks\Microsoft.NET.Sdk\targets\Microsoft.NET.TargetFrameworkInference.targets" from project "D:\Tito Pedraza\OneDrive\Proyectos\Codigo Fuente\repos\HumanCore\src\TalenHuman.Infrastructure\TalenHuman.Infrastructure.csproj" (target "_CheckForInvalidConfigurationAndPlatform" depends on it):
   4:7>Task "NETSdkError" skipped, due to false condition; ('$(TargetFrameworkIdentifier)' == '.NETCoreApp' and '$(_TargetFrameworkVersionWithoutV)' < '3.1' and ('$(Language)' == 'C++' and '$(_EnablePackageReferencesInVCProjects)' != 'true')) was evaluated as ('.NETCoreApp' == '.NETCoreApp' and '8.0' < '3.1' and ('C#' == 'C++' and '' != 'true')).
   3:7>Task "JoinItems"
       Done executing task "JoinItems".
   4:7>Done building target "_CheckForUnsupportedCppNETCoreVersion" in project "TalenHuman.Infrastructure.csproj".
   3:7>Done building target "ResolveLockFileReferences" in project "TalenHuman.Domain.csproj".
       Target "ResolvePackageAssets" skipped. Previously built successfully.
   4:7>Target "_CheckForUnsupportedNETStandardVersion" skipped, due to false condition; ('$(TargetFrameworkIdentifier)' == '.NETStandard' And '$(NETStandardMaximumVersion)' != '') was evaluated as ('.NETCoreApp' == '.NETStandard' And '' != '').
       Target "_CheckForUnsupportedTargetFrameworkAndFeatureCombination" skipped, due to false condition; ('$(TargetFrameworkIdentifier)' == '.NETFramework') was evaluated as ('.NETCoreApp' == '.NETFramework').
       Target "_CheckForSupportedOSPlatformVersionHigherThanTargetPlatformVersion" skipped, due to false condition; ('$(TargetPlatformVersion)' != '' and '$(TargetFrameworkIdentifier)' == '.NETCoreApp' and $([MSBuild]::VersionGreaterThanOrEquals($(TargetFrameworkVersion), 5.0))) was evaluated as ('' != '' and '.NETCoreApp' == '.NETCoreApp' and True).
       Target "_CheckForInvalidTargetPlatformVersion" skipped, due to false condition; ('$(TargetPlatformVersion)' != '' and '$(TargetFrameworkIdentifier)' == '.NETCoreApp' and $([MSBuild]::VersionGreaterThanOrEquals($(TargetFrameworkVersion), 5.0)) and ('$(Language)' != 'C++' or '$(_EnablePackageReferencesInVCProjects)' == 'true')) was evaluated as ('' != '' and '.NETCoreApp' == '.NETCoreApp' and True and ('C#' != 'C++' or '' == 'true')).
   3:7>Target "ResolveLockFileAnalyzers" in file "C:\Program Files\dotnet\sdk\8.0.302\Sdks\Microsoft.NET.Sdk\targets\Microsoft.PackageDependencyResolution.targets" from project "D:\Tito Pedraza\OneDrive\Proyectos\Codigo Fuente\repos\HumanCore\src\TalenHuman.Domain\TalenHuman.Domain.csproj" (target "ResolvePackageDependenciesForBuild" depends on it):
   3:7>Done building target "ResolveLockFileAnalyzers" in project "TalenHuman.Domain.csproj".
   4:7>Target "_CheckForUnsupportedArtifactsPath" in file "C:\Program Files\dotnet\sdk\8.0.302\Sdks\Microsoft.NET.Sdk\targets\Microsoft.NET.DefaultOutputPaths.targets" from project "D:\Tito Pedraza\OneDrive\Proyectos\Codigo Fuente\repos\HumanCore\src\TalenHuman.Infrastructure\TalenHuman.Infrastructure.csproj" (target "_CheckForInvalidConfigurationAndPlatform" depends on it):
   4:7>Task "NetSdkError" skipped, due to false condition; ('$(UseArtifactsOutput)' == 'true' and '$(_ArtifactsPathSetEarly)' != 'true') was evaluated as ('' == 'true' and '' != 'true').
   3:7>Target "ResolvePackageAssets" skipped. Previously built successfully.
   4:7>_CheckForUnsupportedArtifactsPath:
       Task "NetSdkError" skipped, due to false condition; ('$(_ArtifactsPathLocationType)' == 'ProjectFolder') was evaluated as ('' == 'ProjectFolder').
   3:7>Target "RunProduceContentAssets" skipped, due to false condition; ('@(_ContentFilesToPreprocess)' != '' and '$(_CleaningWithoutRebuilding)' != 'true') was evaluated as ('' != '' and '' != 'true').
   4:7>Done building target "_CheckForUnsupportedArtifactsPath" in project "TalenHuman.Infrastructure.csproj".
       Target "_CheckForMissingWorkload" skipped, due to false condition; ('@(MissingWorkloadPack)' != '' And '$(DesignTimeBuild)' != 'true') was evaluated as ('' != '' And '' != 'true').
   3:7>Target "ResolveLockFileCopyLocalFiles" in file "C:\Program Files\dotnet\sdk\8.0.302\Sdks\Microsoft.NET.Sdk\targets\Microsoft.PackageDependencyResolution.targets" from project "D:\Tito Pedraza\OneDrive\Proyectos\Codigo Fuente\repos\HumanCore\src\TalenHuman.Domain\TalenHuman.Domain.csproj" (target "ResolvePackageDependenciesForBuild" depends on it):
   3:7>Done building target "ResolveLockFileCopyLocalFiles" in project "TalenHuman.Domain.csproj".
   4:7>Target "_CheckForUnsupportedAppHostUsage" skipped, due to false condition; ('$(TargetFrameworkIdentifier)' == '.NETCoreApp' and '$(HasRuntimeOutput)' == 'true') was evaluated as ('.NETCoreApp' == '.NETCoreApp' and '' == 'true').
   3:7>Target "ResolveRuntimePackAssets" skipped, due to false condition; ('@(RuntimePack)' != '') was evaluated as ('' != '').
   4:7>Target "_CheckForUnsupportedHostingUsage" in file "C:\Program Files\dotnet\sdk\8.0.302\Sdks\Microsoft.NET.Sdk\targets\Microsoft.NET.RuntimeIdentifierInference.targets" from project "D:\Tito Pedraza\OneDrive\Proyectos\Codigo Fuente\repos\HumanCore\src\TalenHuman.Infrastructure\TalenHuman.Infrastructure.csproj" (target "_CheckForInvalidConfigurationAndPlatform" depends on it):
   4:7>Task "NETSdkWarning" skipped, due to false condition; ('$(SelfContained)' == 'true' and '$(EnableComHosting)' == 'true') was evaluated as ('' == 'true' and '' == 'true').
   3:7>Target "RunProduceContentAssets" skipped, due to false condition; ('@(_ContentFilesToPreprocess)' != '' and '$(_CleaningWithoutRebuilding)' != 'true') was evaluated as ('' != '' and '' != 'true').
   4:7>Done building target "_CheckForUnsupportedHostingUsage" in project "TalenHuman.Infrastructure.csproj".
   3:7>Target "ResolvePackageAssets" skipped. Previously built successfully.
   4:7>Target "_CheckAndUnsetUnsupportedPrefer32Bit" in file "C:\Program Files\dotnet\sdk\8.0.302\Sdks\Microsoft.NET.Sdk\targets\Microsoft.NET.RuntimeIdentifierInference.targets" from project "D:\Tito Pedraza\OneDrive\Proyectos\Codigo Fuente\repos\HumanCore\src\TalenHuman.Infrastructure\TalenHuman.Infrastructure.csproj" (target "_CheckForInvalidConfigurationAndPlatform" depends on it):
   4:7>Task "NETSdkWarning" skipped, due to false condition; ('$(Prefer32Bit)' == 'true') was evaluated as ('false' == 'true').
   4:7>Done building target "_CheckAndUnsetUnsupportedPrefer32Bit" in project "TalenHuman.Infrastructure.csproj".
       Target "_CheckForMismatchingPlatform" skipped, due to false condition; ('$(RuntimeIdentifier)' != '' and '$(PlatformTarget)' != '') was evaluated as ('' != '' and '' != '').
   3:7>Target "IncludeTransitiveProjectReferences" in file "C:\Program Files\dotnet\sdk\8.0.302\Sdks\Microsoft.NET.Sdk\targets\Microsoft.PackageDependencyResolution.targets" from project "D:\Tito Pedraza\OneDrive\Proyectos\Codigo Fuente\repos\HumanCore\src\TalenHuman.Domain\TalenHuman.Domain.csproj" (target "ResolvePackageDependenciesForBuild" depends on it):
   3:7>Done building target "IncludeTransitiveProjectReferences" in project "TalenHuman.Domain.csproj".
   4:7>Target "_CheckForLanguageAndFeatureCombinationSupport" in file "C:\Program Files\dotnet\sdk\8.0.302\Sdks\Microsoft.NET.Sdk\targets\Microsoft.NET.RuntimeIdentifierInference.targets" from project "D:\Tito Pedraza\OneDrive\Proyectos\Codigo Fuente\repos\HumanCore\src\TalenHuman.Infrastructure\TalenHuman.Infrastructure.csproj" (target "_CheckForInvalidConfigurationAndPlatform" depends on it):
   4:7>Task "NETSdkError" skipped, due to false condition; (('$(Language)' == 'C++' and '$(_EnablePackageReferencesInVCProjects)' != 'true') and $(OutputType) != 'library' and '$(TargetFrameworkIdentifier)' == '.NETCoreApp') was evaluated as (('C#' == 'C++' and '' != 'true') and Library != 'library' and '.NETCoreApp' == '.NETCoreApp').
       Task "NETSdkError" skipped, due to false condition; (('$(Language)' == 'C++' and '$(_EnablePackageReferencesInVCProjects)' != 'true') and $(EnableComHosting) == 'true') was evaluated as (('C#' == 'C++' and '' != 'true') and  == 'true').
   3:7>Target "ResolvePackageDependenciesForBuild" in file "C:\Program Files\dotnet\sdk\8.0.302\Sdks\Microsoft.NET.Sdk\targets\Microsoft.PackageDependencyResolution.targets" from project "D:\Tito Pedraza\OneDrive\Proyectos\Codigo Fuente\repos\HumanCore\src\TalenHuman.Domain\TalenHuman.Domain.csproj" (target "AssignProjectConfiguration" depends on it):
   3:7>Done building target "ResolvePackageDependenciesForBuild" in project "TalenHuman.Domain.csproj".
   4:7>_CheckForLanguageAndFeatureCombinationSupport:
       Task "NETSdkError" skipped, due to false condition; (('$(Language)' == 'C++' and '$(_EnablePackageReferencesInVCProjects)' != 'true') and $(SelfContained) == 'true') was evaluated as (('C#' == 'C++' and '' != 'true') and  == 'true').
   3:7>Target "_Microsoft_Extensions_OptionsAnalyzerMultiTargeting" skipped, due to false condition; ('$(SupportsRoslynComponentVersioning)' != 'true') was evaluated as ('true' != 'true').
   4:7>Done building target "_CheckForLanguageAndFeatureCombinationSupport" in project "TalenHuman.Infrastructure.csproj".
   3:7>Target "_Microsoft_Extensions_OptionsRemoveAnalyzers" skipped, due to false condition; ('$(DisableMicrosoftExtensionsOptionsSourceGenerator)' == 'true') was evaluated as ('' == 'true').
   4:7>Target "_CheckForNETCoreSdkIsPreview" skipped, due to false condition; ( '$(_NETCoreSdkIsPreview)' == 'true' AND '$(SuppressNETCoreSdkPreviewMessage)' != 'true' ) was evaluated as ( 'false' == 'true' AND '' != 'true' ).
   3:7>Target "_Microsoft_Extensions_Logging_AbstractionsAnalyzerMultiTargeting" skipped, due to false condition; ('$(SupportsRoslynComponentVersioning)' != 'true') was evaluated as ('true' != 'true').
   4:7>Target "_GetProjectJsonPath" in file "C:\Program Files\dotnet\sdk\8.0.302\NuGet.targets" from project "D:\Tito Pedraza\OneDrive\Proyectos\Codigo Fuente\repos\HumanCore\src\TalenHuman.Infrastructure\TalenHuman.Infrastructure.csproj" (target "_GetRestoreProjectStyle" depends on it):
   4:7>Task "GetRestoreProjectJsonPathTask" skipped, due to false condition; ( '$(RestoreProjectStyle)' == 'ProjectJson' OR '$(RestoreProjectStyle)' == '' ) was evaluated as ( 'PackageReference' == 'ProjectJson' OR 'PackageReference' == '' ).
   3:7>Target "_Microsoft_Extensions_Logging_AbstractionsRemoveAnalyzers" skipped, due to false condition; ('$(DisableMicrosoftExtensionsLoggingSourceGenerator)' == 'true') was evaluated as ('' == 'true').
   4:7>Done building target "_GetProjectJsonPath" in project "TalenHuman.Infrastructure.csproj".
       Target "_CheckForUnsupportedTargetPlatformIdentifier" skipped, due to false condition; ('$(TargetPlatformIdentifier)' != '' and '$(TargetFrameworkIdentifier)' == '.NETCoreApp' and $([MSBuild]::VersionGreaterThanOrEquals($(TargetFrameworkVersion), 5.0)) And ('$(DesignTimeBuild)' != 'true' Or '@(MissingWorkloadPack)' == '')) was evaluated as ('' != '' and '.NETCoreApp' == '.NETCoreApp' and True And ('' != 'true' Or '' == '')).
       Target "_CheckForMissingWorkload" skipped, due to false condition; ('@(MissingWorkloadPack)' != '' And '$(DesignTimeBuild)' != 'true') was evaluated as ('' != '' And '' != 'true').
   3:7>Target "AssignProjectConfiguration" in file "C:\Program Files\dotnet\sdk\8.0.302\Microsoft.Common.CurrentVersion.targets" from project "D:\Tito Pedraza\OneDrive\Proyectos\Codigo Fuente\repos\HumanCore\src\TalenHuman.Domain\TalenHuman.Domain.csproj" (target "ResolveReferences" depends on it):
   3:7>Using "AssignProjectConfiguration" task from assembly "Microsoft.Build.Tasks.Core, Version=15.1.0.0, Culture=neutral, PublicKeyToken=b03f5f7f11d50a3a".
   4:7>Target "_CheckForUnsupportedNETStandardVersion" skipped, due to false condition; ('$(TargetFrameworkIdentifier)' == '.NETStandard' And '$(NETStandardMaximumVersion)' != '') was evaluated as ('.NETCoreApp' == '.NETStandard' And '' != '').
   3:7>Task "AssignProjectConfiguration"
   4:7>Target "_CheckForUnsupportedTargetFrameworkAndFeatureCombination" skipped, due to false condition; ('$(TargetFrameworkIdentifier)' == '.NETFramework') was evaluated as ('.NETCoreApp' == '.NETFramework').
   3:7>Done executing task "AssignProjectConfiguration".
   4:7>Target "UpdateAspNetToFrameworkReference" in file "C:\Program Files\dotnet\sdk\8.0.302\Sdks\Microsoft.NET.Sdk\targets\Microsoft.NET.Sdk.DefaultItems.Shared.targets" from project "D:\Tito Pedraza\OneDrive\Proyectos\Codigo Fuente\repos\HumanCore\src\TalenHuman.Infrastructure\TalenHuman.Infrastructure.csproj" (target "ApplyImplicitVersions" depends on it):
   4:7>Using "CheckIfPackageReferenceShouldBeFrameworkReference" task from assembly "C:\Program Files\dotnet\sdk\8.0.302\Sdks\Microsoft.NET.Sdk\targets\..\tools\net8.0\Microsoft.NET.Build.Tasks.dll".
   3:7>Done building target "AssignProjectConfiguration" in project "TalenHuman.Domain.csproj".
       Target "AssignProjectConfiguration" skipped. Previously built successfully.
   4:7>Task "CheckIfPackageReferenceShouldBeFrameworkReference"
       Done executing task "CheckIfPackageReferenceShouldBeFrameworkReference".
   3:7>Target "_SplitProjectReferencesByFileExistence" in file "C:\Program Files\dotnet\sdk\8.0.302\Microsoft.Common.CurrentVersion.targets" from project "D:\Tito Pedraza\OneDrive\Proyectos\Codigo Fuente\repos\HumanCore\src\TalenHuman.Domain\TalenHuman.Domain.csproj" (target "PrepareProjectReferences" depends on it):
   3:7>Task "ResolveNonMSBuildProjectOutput" skipped, due to false condition; ('$(BuildingInsideVisualStudio)'=='true' and '@(ProjectReferenceWithConfiguration)'!='') was evaluated as (''=='true' and ''!='').
   4:7>UpdateAspNetToFrameworkReference:
       Task "NETSdkError" skipped, due to false condition; ('$(_ShouldRemoveAspNetCoreAll)' == 'true') was evaluated as ('False' == 'true').
   3:7>Done building target "_SplitProjectReferencesByFileExistence" in project "TalenHuman.Domain.csproj".
   4:7>Task "CheckIfPackageReferenceShouldBeFrameworkReference"
       Done executing task "CheckIfPackageReferenceShouldBeFrameworkReference".
       Task "NETSdkWarning" skipped, due to false condition; ('$(_ShouldRemoveAspNetCoreApp)' == 'true') was evaluated as ('False' == 'true').
   3:7>Target "_AddOutputPathToGlobalPropertiesToRemove" in file "C:\Program Files\dotnet\sdk\8.0.302\Microsoft.Common.CurrentVersion.targets" from project "D:\Tito Pedraza\OneDrive\Proyectos\Codigo Fuente\repos\HumanCore\src\TalenHuman.Domain\TalenHuman.Domain.csproj" (target "_GetProjectReferenceTargetFrameworkProperties" depends on it):
   3:7>Done building target "_AddOutputPathToGlobalPropertiesToRemove" in project "TalenHuman.Domain.csproj".
   3:7>Target "_GetProjectReferenceTargetFrameworkProperties" in file "C:\Program Files\dotnet\sdk\8.0.302\Microsoft.Common.CurrentVersion.targets" from project "D:\Tito Pedraza\OneDrive\Proyectos\Codigo Fuente\repos\HumanCore\src\TalenHuman.Domain\TalenHuman.Domain.csproj" (target "PrepareProjectReferences" depends on it):
       Task "MSBuild"
   4:7>Done building target "UpdateAspNetToFrameworkReference" in project "TalenHuman.Infrastructure.csproj".
   3:7>Done executing task "MSBuild".
   4:7>Target "IncludeTargetingPackReference" skipped, due to false condition; ('$(TargetFrameworkMoniker)' != '' and '$(TargetFrameworkIdentifier)' == '.NETFramework' and '$(AutomaticallyUseReferenceAssemblyPackages)' == 'true') was evaluated as ('.NETCoreApp,Version=v8.0' != '' and '.NETCoreApp' == '.NETFramework' and 'true' == 'true').
   3:7>_GetProjectReferenceTargetFrameworkProperties:
       Task "MSBuild" skipped, due to false condition; ('%(_MSBuildProjectReferenceExistent.SkipGetTargetFrameworkProperties)' != 'true' and '$(EnableDynamicPlatformResolution)' == 'true') was evaluated as ('' != 'true' and '' == 'true').
   4:7>Target "CheckForImplicitPackageReferenceOverrides" in file "C:\Program Files\dotnet\sdk\8.0.302\Sdks\Microsoft.NET.Sdk\targets\Microsoft.NET.Sdk.DefaultItems.Shared.targets" from project "D:\Tito Pedraza\OneDrive\Proyectos\Codigo Fuente\repos\HumanCore\src\TalenHuman.Infrastructure\TalenHuman.Infrastructure.csproj" (target "ApplyImplicitVersions" depends on it):
   4:7>Using "CheckForImplicitPackageReferenceOverrides" task from assembly "C:\Program Files\dotnet\sdk\8.0.302\Sdks\Microsoft.NET.Sdk\targets\..\tools\net8.0\Microsoft.NET.Build.Tasks.dll".
       Task "CheckForImplicitPackageReferenceOverrides"
   3:7>_GetProjectReferenceTargetFrameworkProperties:
       Task "GetReferenceNearestTargetFrameworkTask" skipped, due to false condition; ('@(_ProjectReferenceTargetFrameworkPossibilities)' != '' and '$(ReferringTargetFrameworkForProjectReferences)' != ''
                                                               And '$(GetReferenceNearestTargetFrameworkTaskSupportsTargetPlatformParameter)' == 'true' and '%(_ProjectReferenceTargetFrameworkPossibilities.IsVcxOrNativeProj)' != 'true') was evaluated as ('' != '' and '.NETCoreApp,Version=v8.0' != ''
                                                               And 'true' == 'true' and '' != 'true').
     0>The SDK "Microsoft.NET.SDK.WorkloadManifestTargetsLocator" was successfully resolved by the "Microsoft.DotNet.MSBuildWorkloadSdkResolver" resolver to location "C:\Program Files\dotnet\sdk-manifests\8.0.100\microsoft.net.sdk.android\34.0.95" and version "null".
   3:7>_GetProjectReferenceTargetFrameworkProperties:
       Task "GetReferenceNearestTargetFrameworkTask" skipped, due to false condition; ('@(_ProjectReferenceTargetFrameworkPossibilities)' != '' and '$(ReferringTargetFrameworkForProjectReferences)' != ''
                                                               And '$(GetReferenceNearestTargetFrameworkTaskSupportsTargetPlatformParameter)' != 'true' and '%(_ProjectReferenceTargetFrameworkPossibilities.IsVcxOrNativeProj)' != 'true') was evaluated as ('' != '' and '.NETCoreApp,Version=v8.0' != ''
                                                               And 'true' != 'true' and '' != 'true').
   4:7>Done executing task "CheckForImplicitPackageReferenceOverrides".
   3:7>_GetProjectReferenceTargetFrameworkProperties:
       Using "SetRidAgnosticValueForProjects" task from assembly "Microsoft.Build.Tasks.Core, Version=15.1.0.0, Culture=neutral, PublicKeyToken=b03f5f7f11d50a3a".
   4:7>Done building target "CheckForImplicitPackageReferenceOverrides" in project "TalenHuman.Infrastructure.csproj".
   3:7>Task "SetRidAgnosticValueForProjects"
       Done executing task "SetRidAgnosticValueForProjects".
   3:7>Done building target "_GetProjectReferenceTargetFrameworkProperties" in project "TalenHuman.Domain.csproj".
   4:7>Target "ApplyImplicitVersions" in file "C:\Program Files\dotnet\sdk\8.0.302\Sdks\Microsoft.NET.Sdk\targets\Microsoft.NET.Sdk.DefaultItems.Shared.targets" from project "D:\Tito Pedraza\OneDrive\Proyectos\Codigo Fuente\repos\HumanCore\src\TalenHuman.Infrastructure\TalenHuman.Infrastructure.csproj" (target "CollectPackageReferences" depends on it):
   4:7>Using "ApplyImplicitVersions" task from assembly "C:\Program Files\dotnet\sdk\8.0.302\Sdks\Microsoft.NET.Sdk\targets\..\tools\net8.0\Microsoft.NET.Build.Tasks.dll".
   3:7>Target "ValidateExecutableReferences" in file "C:\Program Files\dotnet\sdk\8.0.302\Sdks\Microsoft.NET.Sdk\targets\Microsoft.NET.Sdk.targets" from project "D:\Tito Pedraza\OneDrive\Proyectos\Codigo Fuente\repos\HumanCore\src\TalenHuman.Domain\TalenHuman.Domain.csproj" (target "PrepareProjectReferences" depends on it):
   3:7>Using "ValidateExecutableReferences" task from assembly "C:\Program Files\dotnet\sdk\8.0.302\Sdks\Microsoft.NET.Sdk\targets\..\tools\net8.0\Microsoft.NET.Build.Tasks.dll".
       Task "ValidateExecutableReferences"
       Done executing task "ValidateExecutableReferences".
   4:7>Task "ApplyImplicitVersions"
   3:7>Done building target "ValidateExecutableReferences" in project "TalenHuman.Domain.csproj".
   4:7>Done executing task "ApplyImplicitVersions".
   3:7>Target "_GetProjectReferencePlatformProperties" skipped, due to false condition; ('$(EnableDynamicPlatformResolution)' == 'true'
                     and '@(_MSBuildProjectReferenceExistent)' != '') was evaluated as ('' == 'true'
                     and '' != '').
   4:7>Done building target "ApplyImplicitVersions" in project "TalenHuman.Infrastructure.csproj".
       Target "CheckForImplicitPackageReferenceOverrides" skipped. Previously built successfully.
       Target "AddWindowsSdkKnownFrameworkReferences" skipped, due to false condition; ('$(TargetFrameworkIdentifier)' == '.NETCoreApp' And '$(TargetPlatformIdentifier)' == 'Windows') was evaluated as ('.NETCoreApp' == '.NETCoreApp' And '' == 'Windows').
       Target "_NormalizeTargetPlatformVersion" skipped, due to false condition; ('$(TargetPlatformVersion)' != '' and '$(TargetFrameworkIdentifier)' == '.NETCoreApp' and $([MSBuild]::VersionGreaterThanOrEquals($(TargetFrameworkVersion), 5.0)) and ('$(Language)' != 'C++' or '$(_EnablePackageReferencesInVCProjects)' == 'true')) was evaluated as ('' != '' and '.NETCoreApp' == '.NETCoreApp' and True and ('C#' != 'C++' or '' == 'true')).
   4:7>Target "_ComputeToolPackInputsToProcessFrameworkReferences" in file "C:\Program Files\dotnet\sdk\8.0.302\Sdks\Microsoft.NET.Sdk\targets\Microsoft.NET.Publish.targets" from project "D:\Tito Pedraza\OneDrive\Proyectos\Codigo Fuente\repos\HumanCore\src\TalenHuman.Infrastructure\TalenHuman.Infrastructure.csproj" (target "ProcessFrameworkReferences" depends on it):
   4:7>Done building target "_ComputeToolPackInputsToProcessFrameworkReferences" in project "TalenHuman.Infrastructure.csproj".
   3:7>Target "PrepareProjectReferences" in file "C:\Program Files\dotnet\sdk\8.0.302\Microsoft.Common.CurrentVersion.targets" from project "D:\Tito Pedraza\OneDrive\Proyectos\Codigo Fuente\repos\HumanCore\src\TalenHuman.Domain\TalenHuman.Domain.csproj" (target "ResolveProjectReferences" depends on it):
   3:7>Done building target "PrepareProjectReferences" in project "TalenHuman.Domain.csproj".
   4:7>Target "ProcessFrameworkReferences" in file "C:\Program Files\dotnet\sdk\8.0.302\Sdks\Microsoft.NET.Sdk\targets\Microsoft.NET.Sdk.FrameworkReferenceResolution.targets" from project "D:\Tito Pedraza\OneDrive\Proyectos\Codigo Fuente\repos\HumanCore\src\TalenHuman.Infrastructure\TalenHuman.Infrastructure.csproj" (target "CollectPackageReferences" depends on it):
   4:7>Using "CheckForDuplicateFrameworkReferences" task from assembly "C:\Program Files\dotnet\sdk\8.0.302\Sdks\Microsoft.NET.Sdk\targets\..\tools\net8.0\Microsoft.NET.Build.Tasks.dll".
       Task "CheckForDuplicateFrameworkReferences"
       Done executing task "CheckForDuplicateFrameworkReferences".
       Using "ProcessFrameworkReferences" task from assembly "C:\Program Files\dotnet\sdk\8.0.302\Sdks\Microsoft.NET.Sdk\targets\..\tools\net8.0\Microsoft.NET.Build.Tasks.dll".
   3:7>Target "ResolveProjectReferences" in file "C:\Program Files\dotnet\sdk\8.0.302\Microsoft.Common.CurrentVersion.targets" from project "D:\Tito Pedraza\OneDrive\Proyectos\Codigo Fuente\repos\HumanCore\src\TalenHuman.Domain\TalenHuman.Domain.csproj" (target "ResolveReferences" depends on it):
   3:7>Task "MSBuild" skipped, due to false condition; ('%(_MSBuildProjectReferenceExistent.BuildReference)' == 'true' and '@(ProjectReferenceWithConfiguration)' != '' and ('$(BuildingInsideVisualStudio)' == 'true' or '$(BuildProjectReferences)' != 'true') and '$(VisualStudioVersion)' != '10.0' and '@(_MSBuildProjectReferenceExistent)' != '') was evaluated as ('' == 'true' and '' != '' and ('' == 'true' or 'true' != 'true') and '17.0' != '10.0' and '' != '').
       Task "MSBuild" skipped, due to false condition; ('%(_MSBuildProjectReferenceExistent.BuildReference)' == 'true' and '@(ProjectReferenceWithConfiguration)' != '' and '$(BuildingInsideVisualStudio)' != 'true' and '$(BuildProjectReferences)' == 'true' and '@(_MSBuildProjectReferenceExistent)' != '') was evaluated as ('' == 'true' and '' != '' and '' != 'true' and 'true' == 'true' and '' != '').
   4:7>Task "ProcessFrameworkReferences"
   3:7>ResolveProjectReferences:
       Task "MSBuild" skipped, due to false condition; ('%(_MSBuildProjectReferenceExistent.BuildReference)' == 'true' and '@(ProjectReferenceWithConfiguration)' != '' and '$(BuildingProject)' == 'true' and '@(_MSBuildProjectReferenceExistent)' != '') was evaluated as ('' == 'true' and '' != '' and 'true' == 'true' and '' != '').
   4:7>Done executing task "ProcessFrameworkReferences".
   3:7>ResolveProjectReferences:
       Task "Warning" skipped, due to false condition; ('@(ProjectReferenceWithConfiguration)' != '' and '@(_MSBuildProjectReferenceNonexistent)' != '') was evaluated as ('' != '' and '' != '').
   3:7>Done building target "ResolveProjectReferences" in project "TalenHuman.Domain.csproj".
       Target "FindInvalidProjectReferences" skipped, due to false condition; ('$(FindInvalidProjectReferences)' == 'true') was evaluated as ('' == 'true').
   4:7>ProcessFrameworkReferences:
       Using "ResolveAppHosts" task from assembly "C:\Program Files\dotnet\sdk\8.0.302\Sdks\Microsoft.NET.Sdk\targets\..\tools\net8.0\Microsoft.NET.Build.Tasks.dll".
   3:7>Target "ResolveNativeReferences" skipped, due to false condition; ('@(NativeReference)'!='') was evaluated as (''!='').
       Target "ResolveProjectReferences" skipped. Previously built successfully.
   4:7>Task "ResolveAppHosts"
   3:7>Target "FindInvalidProjectReferences" skipped, due to false condition; ('$(FindInvalidProjectReferences)' == 'true') was evaluated as ('' == 'true').
   4:7>Done executing task "ResolveAppHosts".
   3:7>Target "GetFrameworkPaths" skipped. Previously built successfully.
   4:7>Done building target "ProcessFrameworkReferences" in project "TalenHuman.Infrastructure.csproj".
   3:7>Target "GetReferenceAssemblyPaths" skipped. Previously built successfully.
       Target "PrepareForBuild" skipped. Previously built successfully.
   4:7>Target "IncludeTargetingPackReference" skipped, due to false condition; ('$(TargetFrameworkMoniker)' != '' and '$(TargetFrameworkIdentifier)' == '.NETFramework' and '$(AutomaticallyUseReferenceAssemblyPackages)' == 'true') was evaluated as ('.NETCoreApp,Version=v8.0' != '' and '.NETCoreApp' == '.NETFramework' and 'true' == 'true').
   3:7>Target "GetInstalledSDKLocations" skipped, due to false condition; ('@(SDKReference)' != '') was evaluated as ('' != '').
   4:7>Target "_AddMicrosoftNetCompilerToolsetFrameworkPackage" in file "C:\Program Files\dotnet\sdk\8.0.302\Sdks\Microsoft.NET.Sdk\targets\Microsoft.NET.Sdk.targets" from project "D:\Tito Pedraza\OneDrive\Proyectos\Codigo Fuente\repos\HumanCore\src\TalenHuman.Infrastructure\TalenHuman.Infrastructure.csproj" (target "CollectPackageReferences" depends on it):
   4:7>Task "NETSdkWarning" skipped, due to false condition; ('@(PackageReference->AnyHaveMetadataValue('Identity', 'Microsoft.Net.Compilers.Toolset.Framework'))' == 'true') was evaluated as ('false' == 'true').
   3:7>Target "ResolveSDKReferences" in file "C:\Program Files\dotnet\sdk\8.0.302\Microsoft.Common.CurrentVersion.targets" from project "D:\Tito Pedraza\OneDrive\Proyectos\Codigo Fuente\repos\HumanCore\src\TalenHuman.Domain\TalenHuman.Domain.csproj" (target "ResolveAssemblyReferences" depends on it):
   3:7>Task "ResolveSDKReference" skipped, due to false condition; ('@(SDKReference)'!='') was evaluated as (''!='').
   3:7>Done building target "ResolveSDKReferences" in project "TalenHuman.Domain.csproj".
   4:7>Done building target "_AddMicrosoftNetCompilerToolsetFrameworkPackage" in project "TalenHuman.Infrastructure.csproj".
   3:7>Target "ResolveSDKReferences" skipped. Previously built successfully.
   4:7>Target "_CheckForObsoleteDotNetCliToolReferences" in file "C:\Program Files\dotnet\sdk\8.0.302\Sdks\Microsoft.NET.Sdk\targets\Microsoft.NET.ObsoleteReferences.targets" from project "D:\Tito Pedraza\OneDrive\Proyectos\Codigo Fuente\repos\HumanCore\src\TalenHuman.Infrastructure\TalenHuman.Infrastructure.csproj" (target "CollectPackageReferences" depends on it):
   4:7>Task "NETSdkWarning" skipped, due to false condition; ( '%(_ReferenceToObsoleteDotNetCliTool.Identity)' != '' ) was evaluated as ( '' != '' ).
   4:7>Done building target "_CheckForObsoleteDotNetCliToolReferences" in project "TalenHuman.Infrastructure.csproj".
   3:7>Target "ExpandSDKReferences" in file "C:\Program Files\dotnet\sdk\8.0.302\Microsoft.Common.CurrentVersion.targets" from project "D:\Tito Pedraza\OneDrive\Proyectos\Codigo Fuente\repos\HumanCore\src\TalenHuman.Domain\TalenHuman.Domain.csproj" (target "ResolveAssemblyReferences" depends on it):
   3:7>Task "GetSDKReferenceFiles" skipped, due to false condition; ('@(ResolvedSDKReference)'!='') was evaluated as (''!='').
   3:7>Done building target "ExpandSDKReferences" in project "TalenHuman.Domain.csproj".
   4:7>Target "CollectPackageReferences" in file "C:\Program Files\dotnet\sdk\8.0.302\NuGet.targets" from project "D:\Tito Pedraza\OneDrive\Proyectos\Codigo Fuente\repos\HumanCore\src\TalenHuman.Infrastructure\TalenHuman.Infrastructure.csproj" (target "_GetRestoreProjectStyle" depends on it):
   4:7>Using "CheckForDuplicateNuGetItemsTask" task from assembly "C:\Program Files\dotnet\sdk\8.0.302\NuGet.Build.Tasks.dll".
   3:7>Target "ResolvePackageDependenciesForBuild" skipped. Previously built successfully.
   4:7>Task "CheckForDuplicateNuGetItemsTask"
   3:7>Target "GetFrameworkPaths" skipped. Previously built successfully.
     0>Property reassignment: $(_FrameworkIdentifierForImplicitDefine)="NET" (previous value: "NETCOREAPP") at C:\Program Files\dotnet\sdk\8.0.302\Sdks\Microsoft.NET.Sdk\targets\Microsoft.NET.Sdk.BeforeCommon.targets (187,5)
   3:7>Target "GetReferenceAssemblyPaths" skipped. Previously built successfully.
   4:7>Done executing task "CheckForDuplicateNuGetItemsTask".
     0>Property reassignment: $(_FrameworkVersionForImplicitDefine)="8_0" (previous value: "8.0") at C:\Program Files\dotnet\sdk\8.0.302\Sdks\Microsoft.NET.Sdk\targets\Microsoft.NET.Sdk.BeforeCommon.targets (192,5)
   4:7>Done building target "CollectPackageReferences" in project "TalenHuman.Infrastructure.csproj".
   3:7>Target "ProcessFrameworkReferences" skipped. Previously built successfully.
       Target "ResolvePackageAssets" skipped. Previously built successfully.
   4:7>Target "_GetRestoreProjectStyle" in file "C:\Program Files\dotnet\sdk\8.0.302\NuGet.targets" from project "D:\Tito Pedraza\OneDrive\Proyectos\Codigo Fuente\repos\HumanCore\src\TalenHuman.Infrastructure\TalenHuman.Infrastructure.csproj" (target "EnableIntermediateOutputPathMismatchWarning" depends on it):
   4:7>Using "GetRestoreProjectStyleTask" task from assembly "C:\Program Files\dotnet\sdk\8.0.302\NuGet.Build.Tasks.dll".
   3:7>Target "ResolveFrameworkReferences" in file "C:\Program Files\dotnet\sdk\8.0.302\Sdks\Microsoft.NET.Sdk\targets\Microsoft.NET.Sdk.FrameworkReferenceResolution.targets" from project "D:\Tito Pedraza\OneDrive\Proyectos\Codigo Fuente\repos\HumanCore\src\TalenHuman.Domain\TalenHuman.Domain.csproj" (target "ResolveTargetingPackAssets" depends on it):
   3:7>Using "GetPackageDirectory" task from assembly "C:\Program Files\dotnet\sdk\8.0.302\Sdks\Microsoft.NET.Sdk\targets\..\tools\net8.0\Microsoft.NET.Build.Tasks.dll".
   4:7>Task "GetRestoreProjectStyleTask"
       Done executing task "GetRestoreProjectStyleTask".
   3:7>Task "GetPackageDirectory"
       Done executing task "GetPackageDirectory".
   4:7>Done building target "_GetRestoreProjectStyle" in project "TalenHuman.Infrastructure.csproj".
   3:7>Task "GetPackageDirectory"
       Done executing task "GetPackageDirectory".
   4:7>Target "EnableIntermediateOutputPathMismatchWarning" in file "C:\Program Files\dotnet\sdk\8.0.302\NuGet.targets" from project "D:\Tito Pedraza\OneDrive\Proyectos\Codigo Fuente\repos\HumanCore\src\TalenHuman.Infrastructure\TalenHuman.Infrastructure.csproj" (target "_CheckForInvalidConfigurationAndPlatform" depends on it):
   4:7>Done building target "EnableIntermediateOutputPathMismatchWarning" in project "TalenHuman.Infrastructure.csproj".
       Target "ApplyImplicitVersions" skipped. Previously built successfully.
   3:7>Task "GetPackageDirectory"
   4:7>Target "CheckForImplicitPackageReferenceOverrides" skipped. Previously built successfully.
   3:7>Done executing task "GetPackageDirectory".
       Task "GetPackageDirectory"
       Done executing task "GetPackageDirectory".
   4:7>Target "CheckForDuplicateItems" in file "C:\Program Files\dotnet\sdk\8.0.302\Sdks\Microsoft.NET.Sdk\targets\Microsoft.NET.Sdk.DefaultItems.Shared.targets" from project "D:\Tito Pedraza\OneDrive\Proyectos\Codigo Fuente\repos\HumanCore\src\TalenHuman.Infrastructure\TalenHuman.Infrastructure.csproj" (target "_CheckForInvalidConfigurationAndPlatform" depends on it):
   4:7>Using "CheckForDuplicateItems" task from assembly "C:\Program Files\dotnet\sdk\8.0.302\Sdks\Microsoft.NET.Sdk\targets\..\tools\net8.0\Microsoft.NET.Build.Tasks.dll".
   3:7>Task "GetPackageDirectory"
   4:7>Task "CheckForDuplicateItems"
   3:7>Done executing task "GetPackageDirectory".
       Task "GetPackageDirectory"
   4:7>Done executing task "CheckForDuplicateItems".
     0>Property reassignment: $(CommandLineArgsForDesignTimeEvaluation)="-langversion:12.0 -define:TRACE" (previous value: "-langversion:12.0") at C:\Program Files\dotnet\sdk\8.0.302\Roslyn\Microsoft.CSharp.Core.targets (200,5)
   3:7>Done executing task "GetPackageDirectory".
   4:7>Task "CheckForDuplicateItems"
   3:7>Task "GetPackageDirectory"
   4:7>Done executing task "CheckForDuplicateItems".
       Task "CheckForDuplicateItems"
   3:7>Done executing task "GetPackageDirectory".
   4:7>Done executing task "CheckForDuplicateItems".
   4:7>Done building target "CheckForDuplicateItems" in project "TalenHuman.Infrastructure.csproj".
   3:7>Task "GetPackageDirectory"
   4:7>Target "WarnForExplicitVersions" skipped, due to false condition; ('@(SdkBuildWarning)' != '') was evaluated as ('' != '').
   3:7>Done executing task "GetPackageDirectory".
   4:7>Target "_CheckForFailedSDKResolution" skipped, due to false condition; ('$(SdkResolverHonoredGlobalJson)' == 'false') was evaluated as ('' == 'false').
   3:7>Task "GetPackageDirectory"
       Done executing task "GetPackageDirectory".
   4:7>Target "_WarnWhenUsingNET8AndVSPriorTo178" skipped, due to false condition; ($([MSBuild]::VersionLessThan($(MSBuildVersion), '17.8.0')) and '$(TargetFrameworkIdentifier)' == '.NETCoreApp' and $([MSBuild]::VersionGreaterThanOrEquals($(_TargetFrameworkVersionWithoutV), '8.0'))) was evaluated as (False and '.NETCoreApp' == '.NETCoreApp' and True).
   3:7>Task "GetPackageDirectory"
   4:7>Target "_CheckForInvalidWindowsDesktopTargetingConfiguration" skipped, due to false condition; ('$(TargetFrameworkIdentifier)' == '.NETCoreApp' and $([MSBuild]::VersionGreaterThanOrEquals($(_TargetFrameworkVersionWithoutV), '5.0')) and ('$(UseWindowsForms)' == 'true' or '$(UseWPF)' == 'true')) was evaluated as ('.NETCoreApp' == '.NETCoreApp' and True and ('' == 'true' or '' == 'true')).
   3:7>Done executing task "GetPackageDirectory".
   4:7>Target "_CheckForUnnecessaryWindowsDesktopSDK" skipped, due to false condition; ('$(TargetFrameworkIdentifier)' == '.NETCoreApp' and $([MSBuild]::VersionGreaterThanOrEquals($(_TargetFrameworkVersionWithoutV), '5.0')) and '$(_MicrosoftWindowsDesktopSdkImported)' == 'true' and '$(TargetFrameworks)' == '') was evaluated as ('.NETCoreApp' == '.NETCoreApp' and True and '' == 'true' and '' == '').
   3:7>ResolveFrameworkReferences:
       Using "ResolveFrameworkReferences" task from assembly "C:\Program Files\dotnet\sdk\8.0.302\Sdks\Microsoft.NET.Sdk\targets\..\tools\net8.0\Microsoft.NET.Build.Tasks.dll".
       Task "ResolveFrameworkReferences"
   4:7>Target "ProcessFrameworkReferences" skipped. Previously built successfully.
   3:7>Done executing task "ResolveFrameworkReferences".
   4:7>Target "IncludeTargetingPackReference" skipped, due to false condition; ('$(TargetFrameworkMoniker)' != '' and '$(TargetFrameworkIdentifier)' == '.NETFramework' and '$(AutomaticallyUseReferenceAssemblyPackages)' == 'true') was evaluated as ('.NETCoreApp,Version=v8.0' != '' and '.NETCoreApp' == '.NETFramework' and 'true' == 'true').
   3:7>Done building target "ResolveFrameworkReferences" in project "TalenHuman.Domain.csproj".
   4:7>Target "_CheckForInvalidConfigurationAndPlatform" in file "C:\Program Files\dotnet\sdk\8.0.302\Microsoft.Common.CurrentVersion.targets" from project "D:\Tito Pedraza\OneDrive\Proyectos\Codigo Fuente\repos\HumanCore\src\TalenHuman.Infrastructure\TalenHuman.Infrastructure.csproj" (target "BeforeBuild" depends on it):
   4:7>Task "Error" skipped, due to false condition; ( '$(_InvalidConfigurationError)' == 'true' ) was evaluated as ( '' == 'true' ).
   3:7>Target "ResolveTargetingPackAssets" in file "C:\Program Files\dotnet\sdk\8.0.302\Sdks\Microsoft.NET.Sdk\targets\Microsoft.NET.Sdk.FrameworkReferenceResolution.targets" from project "D:\Tito Pedraza\OneDrive\Proyectos\Codigo Fuente\repos\HumanCore\src\TalenHuman.Domain\TalenHuman.Domain.csproj" (target "_HandlePackageFileConflicts" depends on it):
   3:7>Using "ResolveTargetingPackAssets" task from assembly "C:\Program Files\dotnet\sdk\8.0.302\Sdks\Microsoft.NET.Sdk\targets\..\tools\net8.0\Microsoft.NET.Build.Tasks.dll".
   4:7>_CheckForInvalidConfigurationAndPlatform:
       Task "Warning" skipped, due to false condition; ( '$(_InvalidConfigurationWarning)' == 'true' ) was evaluated as ( '' == 'true' ).
   3:7>Task "ResolveTargetingPackAssets"
   4:7>Task "Message"
   3:7>Done executing task "ResolveTargetingPackAssets".
   4:7>_CheckForInvalidConfigurationAndPlatform:
         Configuration=Debug
     0>The "Platform" property is a global property, and cannot be modified.
   3:7>Done building target "ResolveTargetingPackAssets" in project "TalenHuman.Domain.csproj".
   4:7>Done executing task "Message".
     0>The "Configuration" property is a global property, and cannot be modified.
   4:7>Task "Message"
     0>Property reassignment: $(_DebugSymbolsProduced)="true" (previous value: "false") at C:\Program Files\dotnet\sdk\8.0.302\Microsoft.Common.CurrentVersion.targets (175,5)
   3:7>Target "ResolveOffByDefaultAnalyzers" in file "C:\Program Files\dotnet\sdk\8.0.302\Sdks\Microsoft.NET.Sdk\targets\Microsoft.NET.Sdk.FrameworkReferenceResolution.targets" from project "D:\Tito Pedraza\OneDrive\Proyectos\Codigo Fuente\repos\HumanCore\src\TalenHuman.Domain\TalenHuman.Domain.csproj" (target "_HandlePackageFileConflicts" depends on it):
   3:7>Done building target "ResolveOffByDefaultAnalyzers" in project "TalenHuman.Domain.csproj".
     0>Property reassignment: $(_DocumentationFileProduced)="false" (previous value: "true") at C:\Program Files\dotnet\sdk\8.0.302\Microsoft.Common.CurrentVersion.targets (185,5)
   4:7>_CheckForInvalidConfigurationAndPlatform:
         Platform=AnyCPU
       Done executing task "Message".
   3:7>Target "_HandlePackageFileConflicts" in file "C:\Program Files\dotnet\sdk\8.0.302\Sdks\Microsoft.NET.Sdk\targets\Microsoft.NET.ConflictResolution.targets" from project "D:\Tito Pedraza\OneDrive\Proyectos\Codigo Fuente\repos\HumanCore\src\TalenHuman.Domain\TalenHuman.Domain.csproj" (target "ResolveAssemblyReferences" depends on it):
   3:7>Using "ResolvePackageFileConflicts" task from assembly "C:\Program Files\dotnet\sdk\8.0.302\Sdks\Microsoft.NET.Sdk\targets\..\tools\net8.0\Microsoft.NET.Build.Tasks.dll".
       Task "ResolvePackageFileConflicts"
   4:7>_CheckForInvalidConfigurationAndPlatform:
       Task "Error" skipped, due to false condition; ('$(OutDir)' != '' and !HasTrailingSlash('$(OutDir)')) was evaluated as ('bin\Debug\net8.0\' != '' and !HasTrailingSlash('bin\Debug\net8.0\')).
     0>The target "ResolveNuGetPackageAssets" listed in an AfterTargets attribute at "C:\Users\messa\.nuget\packages\microsoft.extensions.options\8.0.2\buildTransitive\net6.0\Microsoft.Extensions.Options.targets (11,11)" does not exist in the project, and will be ignored.
   3:7>_HandlePackageFileConflicts:
         Encountered conflict between 'Platform:mscorlib.dll' and 'Platform:mscorlib.dll'. Could not determine winner due to equal file and assembly versions.
   4:7>_CheckForInvalidConfigurationAndPlatform:
       Task "Error" skipped, due to false condition; ('$(IntermediateOutputPath)' != '' and !HasTrailingSlash('$(IntermediateOutputPath)')) was evaluated as ('obj\Debug\net8.0\' != '' and !HasTrailingSlash('obj\Debug\net8.0\')).
     0>The "SolutionName" property is a global property, and cannot be modified.
       The "SolutionFileName" property is a global property, and cannot be modified.
       The "SolutionPath" property is a global property, and cannot be modified.
       The "SolutionDir" property is a global property, and cannot be modified.
       The "SolutionExt" property is a global property, and cannot be modified.
       The target "ResolveNuGetPackageAssets" listed in an AfterTargets attribute at "C:\Users\messa\.nuget\packages\microsoft.extensions.options\8.0.2\buildTransitive\net6.0\Microsoft.Extensions.Options.targets (23,11)" does not exist in the project, and will be ignored.
   3:7>_HandlePackageFileConflicts:
         Encountered conflict between 'Platform:Microsoft.VisualBasic.dll' and 'Platform:Microsoft.VisualBasic.dll'. Could not determine winner due to equal file and assembly versions.
   4:7>_CheckForInvalidConfigurationAndPlatform:
       Task "Error" skipped, due to false condition; ('$(BaseIntermediateOutputPath)' != '' and !HasTrailingSlash('$(BaseIntermediateOutputPath)')) was evaluated as ('obj\' != '' and !HasTrailingSlash('obj\')).
   3:7>_HandlePackageFileConflicts:
         Encountered conflict between 'Platform:System.dll' and 'Platform:System.dll'. Could not determine winner due to equal file and assembly versions.
     0>The target "ResolveNuGetPackageAssets" listed in an AfterTargets attribute at "C:\Users\messa\.nuget\packages\microsoft.extensions.logging.abstractions\8.0.2\buildTransitive\net6.0\Microsoft.Extensions.Logging.Abstractions.targets (11,11)" does not exist in the project, and will be ignored.
   4:7>_CheckForInvalidConfigurationAndPlatform:
       Task "Error" skipped, due to false condition; ( '$(_InitialMSBuildProjectExtensionsPath)' != '' And '$(MSBuildProjectExtensionsPath)' != '$(_InitialMSBuildProjectExtensionsPath)' ) was evaluated as ( 'D:\Tito Pedraza\OneDrive\Proyectos\Codigo Fuente\repos\HumanCore\src\TalenHuman.Infrastructure\obj\' != '' And 'D:\Tito Pedraza\OneDrive\Proyectos\Codigo Fuente\repos\HumanCore\src\TalenHuman.Infrastructure\obj\' != 'D:\Tito Pedraza\OneDrive\Proyectos\Codigo Fuente\repos\HumanCore\src\TalenHuman.Infrastructure\obj\' ).
   3:7>_HandlePackageFileConflicts:
         Encountered conflict between 'Platform:System.ComponentModel.DataAnnotations.dll' and 'Platform:System.ComponentModel.DataAnnotations.dll'. Could not determine winner due to equal file and assembly versions.
     0>The target "ResolveNuGetPackageAssets" listed in an AfterTargets attribute at "C:\Users\messa\.nuget\packages\microsoft.extensions.logging.abstractions\8.0.2\buildTransitive\net6.0\Microsoft.Extensions.Logging.Abstractions.targets (23,11)" does not exist in the project, and will be ignored.
   4:7>_CheckForInvalidConfigurationAndPlatform:
       Task "Warning" skipped, due to false condition; ( '$(EnableBaseIntermediateOutputPathMismatchWarning)' == 'true' And '$(_InitialBaseIntermediateOutputPath)' != '$(BaseIntermediateOutputPath)' And '$(BaseIntermediateOutputPath)' != '$(MSBuildProjectExtensionsPath)' ) was evaluated as ( 'true' == 'true' And 'obj\' != 'obj\' And 'obj\' != 'D:\Tito Pedraza\OneDrive\Proyectos\Codigo Fuente\repos\HumanCore\src\TalenHuman.Infrastructure\obj\' ).
   3:7>_HandlePackageFileConflicts:
         Encountered conflict between 'Platform:System.Configuration.dll' and 'Platform:System.Configuration.dll'. Could not determine winner due to equal file and assembly versions.
         Encountered conflict between 'Platform:System.Core.dll' and 'Platform:System.Core.dll'. Could not determine winner due to equal file and assembly versions.
     0>Property reassignment: $(MSBuildCopyMarkerName)="TalenHum.D65BFE35" (previous value: "TalenHuman.API.csproj") at C:\Program Files\dotnet\sdk\8.0.302\Microsoft.Common.CurrentVersion.targets (392,5)
       Property reassignment: $(MSBuildCopyMarkerName)="TalenHum.D65BFE35.Up2Date" (previous value: "TalenHum.D65BFE35") at C:\Program Files\dotnet\sdk\8.0.302\Microsoft.Common.CurrentVersion.targets (393,5)
   3:7>_HandlePackageFileConflicts:
         Encountered conflict between 'Platform:System.Data.dll' and 'Platform:System.Data.dll'. Could not determine winner due to equal file and assembly versions.
   4:7>Done building target "_CheckForInvalidConfigurationAndPlatform" in project "TalenHuman.Infrastructure.csproj".
   3:7>_HandlePackageFileConflicts:
         Encountered conflict between 'Platform:System.Drawing.dll' and 'Platform:System.Drawing.dll'. Could not determine winner due to equal file and assembly versions.
     0>Property reassignment: $(ProcessorArchitecture)="msil" (previous value: "") at C:\Program Files\dotnet\sdk\8.0.302\Microsoft.Common.CurrentVersion.targets (536,5)
   3:7>_HandlePackageFileConflicts:
         Encountered conflict between 'Platform:System.IO.Compression.FileSystem.dll' and 'Platform:System.IO.Compression.FileSystem.dll'. Could not determine winner due to equal file and assembly versions.
     0>Property reassignment: $(DelaySign)="" (previous value: "false") at C:\Program Files\dotnet\sdk\8.0.302\Microsoft.Common.CurrentVersion.targets (575,5)
   4:7>Target "ValidateCommandLineProperties" in file "C:\Program Files\dotnet\sdk\8.0.302\Sdks\Microsoft.NET.Sdk\targets\Microsoft.NET.Sdk.targets" from project "D:\Tito Pedraza\OneDrive\Proyectos\Codigo Fuente\repos\HumanCore\src\TalenHuman.Infrastructure\TalenHuman.Infrastructure.csproj" (target "BeforeBuild" depends on it):
   4:7>Done building target "ValidateCommandLineProperties" in project "TalenHuman.Infrastructure.csproj".
   3:7>_HandlePackageFileConflicts:
         Encountered conflict between 'Platform:System.Net.dll' and 'Platform:System.Net.dll'. Could not determine winner due to equal file and assembly versions.
         Encountered conflict between 'Platform:System.Numerics.dll' and 'Platform:System.Numerics.dll'. Could not determine winner due to equal file and assembly versions.
         Encountered conflict between 'Platform:System.Runtime.Serialization.dll' and 'Platform:System.Runtime.Serialization.dll'. Could not determine winner due to equal file and assembly versions.
         Encountered conflict between 'Platform:System.Security.dll' and 'Platform:System.Security.dll'. Could not determine winner due to equal file and assembly versions.
   4:7>Target "BeforeBuild" in file "C:\Program Files\dotnet\sdk\8.0.302\Microsoft.Common.CurrentVersion.targets" from project "D:\Tito Pedraza\OneDrive\Proyectos\Codigo Fuente\repos\HumanCore\src\TalenHuman.Infrastructure\TalenHuman.Infrastructure.csproj" (target "Build" depends on it):
   4:7>Done building target "BeforeBuild" in project "TalenHuman.Infrastructure.csproj".
   3:7>_HandlePackageFileConflicts:
         Encountered conflict between 'Platform:System.ServiceProcess.dll' and 'Platform:System.ServiceProcess.dll'. Could not determine winner due to equal file and assembly versions.
   4:7>Target "_CheckForBuildWithNoBuild" skipped, due to false condition; ('$(NoBuild)' == 'true' and '$(GeneratePackageOnBuild)' != 'true') was evaluated as ('' == 'true' and 'false' != 'true').
   3:7>_HandlePackageFileConflicts:
         Encountered conflict between 'Platform:System.ServiceModel.Web.dll' and 'Platform:System.ServiceModel.Web.dll'. Could not determine winner due to equal file and assembly versions.
         Encountered conflict between 'Platform:System.Transactions.dll' and 'Platform:System.Transactions.dll'. Could not determine winner due to equal file and assembly versions.
         Encountered conflict between 'Platform:System.Web.dll' and 'Platform:System.Web.dll'. Could not determine winner due to equal file and assembly versions.
     0>Property 'LOCALAPPDATA' with value 'C:\Users\messa\AppData\Local' expanded from the environment.
   3:7>_HandlePackageFileConflicts:
         Encountered conflict between 'Platform:System.Windows.dll' and 'Platform:System.Windows.dll'. Could not determine winner due to equal file and assembly versions.
   4:7>Target "BuildOnlySettings" in file "C:\Program Files\dotnet\sdk\8.0.302\Microsoft.Common.CurrentVersion.targets" from project "D:\Tito Pedraza\OneDrive\Proyectos\Codigo Fuente\repos\HumanCore\src\TalenHuman.Infrastructure\TalenHuman.Infrastructure.csproj" (target "CoreBuild" depends on it):
   4:7>Done building target "BuildOnlySettings" in project "TalenHuman.Infrastructure.csproj".
       Target "_CheckForUnsupportedTargetFramework" skipped, due to false condition; ('$(_UnsupportedTargetFrameworkError)' == 'true') was evaluated as ('' == 'true').
   3:7>_HandlePackageFileConflicts:
         Encountered conflict between 'Platform:System.Xml.dll' and 'Platform:System.Xml.dll'. Could not determine winner due to equal file and assembly versions.
         Encountered conflict between 'Platform:System.Xml.Serialization.dll' and 'Platform:System.Xml.Serialization.dll'. Could not determine winner due to equal file and assembly versions.
         Encountered conflict between 'Platform:System.Xml.Linq.dll' and 'Platform:System.Xml.Linq.dll'. Could not determine winner due to equal file and assembly versions.
   4:7>Target "_CheckForUnsupportedTargetPlatformIdentifier" skipped, due to false condition; ('$(TargetPlatformIdentifier)' != '' and '$(TargetFrameworkIdentifier)' == '.NETCoreApp' and $([MSBuild]::VersionGreaterThanOrEquals($(TargetFrameworkVersion), 5.0)) And ('$(DesignTimeBuild)' != 'true' Or '@(MissingWorkloadPack)' == '')) was evaluated as ('' != '' and '.NETCoreApp' == '.NETCoreApp' and True And ('' != 'true' Or '' == '')).
     0>Property reassignment: $(_SGenGenerateSerializationAssembliesConfig)="Auto" (previous value: "") at C:\Program Files\dotnet\sdk\8.0.302\Microsoft.Common.CurrentVersion.targets (3880,5)
       Property reassignment: $(_SGenGenerateSerializationAssembliesConfig)="Off" (previous value: "Auto") at C:\Program Files\dotnet\sdk\8.0.302\Microsoft.Common.CurrentVersion.targets (3881,5)
   3:7>_HandlePackageFileConflicts:
         Encountered conflict between 'Platform:WindowsBase.dll' and 'Platform:WindowsBase.dll'. Could not determine winner due to equal file and assembly versions.
   4:7>Target "_CheckForMissingWorkload" skipped, due to false condition; ('@(MissingWorkloadPack)' != '' And '$(DesignTimeBuild)' != 'true') was evaluated as ('' != '' And '' != 'true').
     0>Property reassignment: $(_TargetsThatPrepareProjectReferences)="
      AssignProjectConfiguration;
      _SplitProjectReferencesByFileExistence
    " (previous value: "_SplitProjectReferencesByFileExistence") at C:\Program Files\dotnet\sdk\8.0.302\Microsoft.Common.CurrentVersion.targets (5048,5)
   3:7>_HandlePackageFileConflicts:
         Encountered conflict between 'Platform:netstandard.dll' and 'Platform:netstandard.dll'. Could not determine winner due to equal file and assembly versions.
         Encountered conflict between 'Platform:System.Private.CoreLib.dll' and 'Platform:System.Private.CoreLib.dll'. Could not determine winner due to equal file and assembly versions.
   4:7>Target "GetFrameworkPaths" in file "C:\Program Files\dotnet\sdk\8.0.302\Sdks\Microsoft.NET.Sdk\targets\Microsoft.NET.DisableStandardFrameworkResolution.targets" from project "D:\Tito Pedraza\OneDrive\Proyectos\Codigo Fuente\repos\HumanCore\src\TalenHuman.Infrastructure\TalenHuman.Infrastructure.csproj" (target "PrepareForBuild" depends on it):
   4:7>Done building target "GetFrameworkPaths" in project "TalenHuman.Infrastructure.csproj".
   3:7>_HandlePackageFileConflicts:
         Encountered conflict between 'Platform:System.Private.DataContractSerialization.dll' and 'Platform:System.Private.DataContractSerialization.dll'. Could not determine winner due to equal file and assembly versions.
         Encountered conflict between 'Platform:System.Private.Uri.dll' and 'Platform:System.Private.Uri.dll'. Could not determine winner due to equal file and assembly versions.
   4:7>Target "_CheckForUnsupportedTargetFramework" skipped, due to false condition; ('$(_UnsupportedTargetFrameworkError)' == 'true') was evaluated as ('' == 'true').
     0>Property 'MSBuildExtensionsPath32' with value 'C:\Program Files\dotnet\sdk\8.0.302' expanded from the environment.
   3:7>_HandlePackageFileConflicts:
         Encountered conflict between 'Platform:System.Private.Xml.dll' and 'Platform:System.Private.Xml.dll'. Could not determine winner due to equal file and assembly versions.
         Encountered conflict between 'Platform:System.Private.Xml.Linq.dll' and 'Platform:System.Private.Xml.Linq.dll'. Could not determine winner due to equal file and assembly versions.
   4:7>Target "_CheckForUnsupportedTargetPlatformIdentifier" skipped, due to false condition; ('$(TargetPlatformIdentifier)' != '' and '$(TargetFrameworkIdentifier)' == '.NETCoreApp' and $([MSBuild]::VersionGreaterThanOrEquals($(TargetFrameworkVersion), 5.0)) And ('$(DesignTimeBuild)' != 'true' Or '@(MissingWorkloadPack)' == '')) was evaluated as ('' != '' and '.NETCoreApp' == '.NETCoreApp' and True And ('' != 'true' Or '' == '')).
       Target "_CheckForMissingWorkload" skipped, due to false condition; ('@(MissingWorkloadPack)' != '' And '$(DesignTimeBuild)' != 'true') was evaluated as ('' != '' And '' != 'true').
   3:7>_HandlePackageFileConflicts:
         Encountered conflict between 'Platform:mscordaccore_amd64_amd64_8.0.624.26715.dll' and 'Platform:mscordaccore_amd64_amd64_8.0.624.26715.dll'. Could not determine winner due to equal file and assembly versions.
       Done executing task "ResolvePackageFileConflicts".
   3:7>Done building target "_HandlePackageFileConflicts" in project "TalenHuman.Domain.csproj".
   4:7>Target "GetReferenceAssemblyPaths" in file "C:\Program Files\dotnet\sdk\8.0.302\Sdks\Microsoft.NET.Sdk\targets\Microsoft.NET.DisableStandardFrameworkResolution.targets" from project "D:\Tito Pedraza\OneDrive\Proyectos\Codigo Fuente\repos\HumanCore\src\TalenHuman.Infrastructure\TalenHuman.Infrastructure.csproj" (target "PrepareForBuild" depends on it):
   4:7>Done building target "GetReferenceAssemblyPaths" in project "TalenHuman.Infrastructure.csproj".
   3:7>Target "ResolveTargetingPackAssets" skipped. Previously built successfully.
   4:7>Target "AssignLinkMetadata" skipped, due to false condition; ( '$(SynthesizeLinkMetadata)' == 'true' ) was evaluated as ( '' == 'true' ).
   3:7>Target "ResolveAssemblyReferences" in file "C:\Program Files\dotnet\sdk\8.0.302\Microsoft.Common.CurrentVersion.targets" from project "D:\Tito Pedraza\OneDrive\Proyectos\Codigo Fuente\repos\HumanCore\src\TalenHuman.Domain\TalenHuman.Domain.csproj" (target "ResolveReferences" depends on it):
   3:7>Using "ResolveAssemblyReference" task from assembly "Microsoft.Build.Tasks.Core, Version=15.1.0.0, Culture=neutral, PublicKeyToken=b03f5f7f11d50a3a".
   4:7>Target "_VerifyPackReleaseConfigurations" skipped, due to false condition; ('$(_IsPacking)' == 'true' and '$(DOTNET_CLI_DISABLE_PUBLISH_AND_PACK_RELEASE)' != 'true' and '$(DOTNET_CLI_LAZY_PUBLISH_AND_PACK_RELEASE_FOR_SOLUTIONS)' == 'true') was evaluated as ('' == 'true' and '' != 'true' and '' == 'true').
   3:7>Task "ResolveAssemblyReference"
         TargetFrameworkMoniker:
             .NETCoreApp,Version=v8.0
         TargetFrameworkMonikerDisplayName:
   4:7>Target "PrepareForBuild" in file "C:\Program Files\dotnet\sdk\8.0.302\Microsoft.Common.CurrentVersion.targets" from project "D:\Tito Pedraza\OneDrive\Proyectos\Codigo Fuente\repos\HumanCore\src\TalenHuman.Infrastructure\TalenHuman.Infrastructure.csproj" (target "CoreBuild" depends on it):
   4:7>Using "FindAppConfigFile" task from assembly "Microsoft.Build.Tasks.Core, Version=15.1.0.0, Culture=neutral, PublicKeyToken=b03f5f7f11d50a3a".
   3:7>ResolveAssemblyReferences:
             .NET 8.0
   4:7>Task "FindAppConfigFile"
   3:7>ResolveAssemblyReferences:
         TargetedRuntimeVersion:
             
   4:7>Done executing task "FindAppConfigFile".
       Using "MakeDir" task from assembly "Microsoft.Build.Tasks.Core, Version=15.1.0.0, Culture=neutral, PublicKeyToken=b03f5f7f11d50a3a".
       Task "MakeDir"
   3:7>ResolveAssemblyReferences:
         Assemblies:
   4:7>Done executing task "MakeDir".
   3:7>ResolveAssemblyReferences:
             C:\Users\messa\.nuget\packages\microsoft.aspnetcore.cryptography.internal\8.0.11\lib\net8.0\Microsoft.AspNetCore.Cryptography.Internal.dll
   4:7>Done building target "PrepareForBuild" in project "TalenHuman.Infrastructure.csproj".
   3:7>ResolveAssemblyReferences:
                 Private = 'false'
   4:7>Target "GenerateGlobalUsings" in file "C:\Program Files\dotnet\sdk\8.0.302\Sdks\Microsoft.NET.Sdk\targets\Microsoft.NET.GenerateGlobalUsings.targets" from project "D:\Tito Pedraza\OneDrive\Proyectos\Codigo Fuente\repos\HumanCore\src\TalenHuman.Infrastructure\TalenHuman.Infrastructure.csproj" (target "CoreBuild" depends on it):
   4:7>Using "GenerateGlobalUsings" task from assembly "C:\Program Files\dotnet\sdk\8.0.302\Sdks\Microsoft.NET.Sdk\targets\..\tools\net8.0\Microsoft.NET.Build.Tasks.dll".
   3:7>ResolveAssemblyReferences:
                 HintPath = 'C:\Users\messa\.nuget\packages\microsoft.aspnetcore.cryptography.internal\8.0.11\lib\net8.0\Microsoft.AspNetCore.Cryptography.Internal.dll'
   4:7>Task "GenerateGlobalUsings"
   3:7>ResolveAssemblyReferences:
             C:\Users\messa\.nuget\packages\microsoft.aspnetcore.cryptography.keyderivation\8.0.11\lib\net8.0\Microsoft.AspNetCore.Cryptography.KeyDerivation.dll
   4:7>Done executing task "GenerateGlobalUsings".
   3:7>ResolveAssemblyReferences:
                 Private = 'false'
   4:7>GenerateGlobalUsings:
       Using "WriteLinesToFile" task from assembly "Microsoft.Build.Tasks.Core, Version=15.1.0.0, Culture=neutral, PublicKeyToken=b03f5f7f11d50a3a".
       Task "WriteLinesToFile"
   3:7>ResolveAssemblyReferences:
                 HintPath = 'C:\Users\messa\.nuget\packages\microsoft.aspnetcore.cryptography.keyderivation\8.0.11\lib\net8.0\Microsoft.AspNetCore.Cryptography.KeyDerivation.dll'
   4:7>GenerateGlobalUsings:
         Skipping write to file "obj\Debug\net8.0\TalenHuman.Infrastructure.GlobalUsings.g.cs" because content would not change.
   3:7>ResolveAssemblyReferences:
             C:\Users\messa\.nuget\packages\microsoft.extensions.caching.abstractions\8.0.0\lib\net8.0\Microsoft.Extensions.Caching.Abstractions.dll
   4:7>Done executing task "WriteLinesToFile".
   3:7>ResolveAssemblyReferences:
                 Private = 'false'
   4:7>Done building target "GenerateGlobalUsings" in project "TalenHuman.Infrastructure.csproj".
   3:7>ResolveAssemblyReferences:
                 HintPath = 'C:\Users\messa\.nuget\packages\microsoft.extensions.caching.abstractions\8.0.0\lib\net8.0\Microsoft.Extensions.Caching.Abstractions.dll'
             C:\Users\messa\.nuget\packages\microsoft.extensions.dependencyinjection\8.0.1\lib\net8.0\Microsoft.Extensions.DependencyInjection.dll
   4:7>Target "PreBuildEvent" skipped, due to false condition; ('$(PreBuildEvent)'!='') was evaluated as (''!='').
   3:7>ResolveAssemblyReferences:
                 Private = 'false'
                 HintPath = 'C:\Users\messa\.nuget\packages\microsoft.extensions.dependencyinjection\8.0.1\lib\net8.0\Microsoft.Extensions.DependencyInjection.dll'
   4:7>Target "BeforeResolveReferences" in file "C:\Program Files\dotnet\sdk\8.0.302\Microsoft.Common.CurrentVersion.targets" from project "D:\Tito Pedraza\OneDrive\Proyectos\Codigo Fuente\repos\HumanCore\src\TalenHuman.Infrastructure\TalenHuman.Infrastructure.csproj" (target "ResolveReferences" depends on it):
   4:7>Done building target "BeforeResolveReferences" in project "TalenHuman.Infrastructure.csproj".
   3:7>ResolveAssemblyReferences:
             C:\Users\messa\.nuget\packages\microsoft.extensions.dependencyinjection.abstractions\8.0.2\lib\net8.0\Microsoft.Extensions.DependencyInjection.Abstractions.dll
                 Private = 'false'
   4:7>Target "IgnoreJavaScriptOutputAssembly" in file "C:\Program Files\dotnet\sdk\8.0.302\Microsoft.Common.CurrentVersion.targets" from project "D:\Tito Pedraza\OneDrive\Proyectos\Codigo Fuente\repos\HumanCore\src\TalenHuman.Infrastructure\TalenHuman.Infrastructure.csproj" (target "AssignProjectConfiguration" depends on it):
   4:7>Done building target "IgnoreJavaScriptOutputAssembly" in project "TalenHuman.Infrastructure.csproj".
   3:7>ResolveAssemblyReferences:
                 HintPath = 'C:\Users\messa\.nuget\packages\microsoft.extensions.dependencyinjection.abstractions\8.0.2\lib\net8.0\Microsoft.Extensions.DependencyInjection.Abstractions.dll'
   4:7>Target "ProcessFrameworkReferences" skipped. Previously built successfully.
   4:7>Target "_DefaultMicrosoftNETPlatformLibrary" in file "C:\Program Files\dotnet\sdk\8.0.302\Sdks\Microsoft.NET.Sdk\targets\Microsoft.NET.Sdk.Shared.targets" from project "D:\Tito Pedraza\OneDrive\Proyectos\Codigo Fuente\repos\HumanCore\src\TalenHuman.Infrastructure\TalenHuman.Infrastructure.csproj" (target "ResolvePackageAssets" depends on it):
   4:7>Done building target "_DefaultMicrosoftNETPlatformLibrary" in project "TalenHuman.Infrastructure.csproj".
   4:7>Target "_ComputePackageReferencePublish" in file "C:\Program Files\dotnet\sdk\8.0.302\Sdks\Microsoft.NET.Sdk\targets\Microsoft.NET.Sdk.Shared.targets" from project "D:\Tito Pedraza\OneDrive\Proyectos\Codigo Fuente\repos\HumanCore\src\TalenHuman.Infrastructure\TalenHuman.Infrastructure.csproj" (target "ResolvePackageAssets" depends on it):
   4:7>Done building target "_ComputePackageReferencePublish" in project "TalenHuman.Infrastructure.csproj".
       Target "_ResolveCompilerVersion" skipped, due to false condition; ('$(CompilerApiVersion)' == '' And
                            ('$(Language)' == 'C#' Or '$(Language)' == 'VB') And
                            Exists('$(RoslynTargetsPath)\Microsoft.Build.Tasks.CodeAnalysis.dll')) was evaluated as ('roslyn4.10' == '' And
                            ('C#' == 'C#' Or 'C#' == 'VB') And
                            Exists('C:\Program Files\dotnet\sdk\8.0.302\Roslyn\Microsoft.Build.Tasks.CodeAnalysis.dll')).
   4:7>Target "ResolvePackageAssets" in file "C:\Program Files\dotnet\sdk\8.0.302\Sdks\Microsoft.NET.Sdk\targets\Microsoft.PackageDependencyResolution.targets" from project "D:\Tito Pedraza\OneDrive\Proyectos\Codigo Fuente\repos\HumanCore\src\TalenHuman.Infrastructure\TalenHuman.Infrastructure.csproj" (target "ResolveLockFileReferences" depends on it):
       Using "ResolvePackageAssets" task from assembly "C:\Program Files\dotnet\sdk\8.0.302\Sdks\Microsoft.NET.Sdk\targets\..\tools\net8.0\Microsoft.NET.Build.Tasks.dll".
       Task "ResolvePackageAssets"
   4:7>D:\Tito Pedraza\OneDrive\Proyectos\Codigo Fuente\repos\HumanCore\src\TalenHuman.Infrastructure\TalenHuman.Infrastructure.csproj : warning NU1903: Package 'SixLabors.ImageSharp' 3.1.2 has a known high severity vulnerability, https://github.com/advisories/GHSA-2cmq-823j-5qj8
   4:7>D:\Tito Pedraza\OneDrive\Proyectos\Codigo Fuente\repos\HumanCore\src\TalenHuman.Infrastructure\TalenHuman.Infrastructure.csproj : warning NU1902: Package 'SixLabors.ImageSharp' 3.1.2 has a known moderate severity vulnerability, https://github.com/advisories/GHSA-5x7m-6737-26cr
   4:7>D:\Tito Pedraza\OneDrive\Proyectos\Codigo Fuente\repos\HumanCore\src\TalenHuman.Infrastructure\TalenHuman.Infrastructure.csproj : warning NU1903: Package 'SixLabors.ImageSharp' 3.1.2 has a known high severity vulnerability, https://github.com/advisories/GHSA-63p8-c4ww-9cg7
   4:7>D:\Tito Pedraza\OneDrive\Proyectos\Codigo Fuente\repos\HumanCore\src\TalenHuman.Infrastructure\TalenHuman.Infrastructure.csproj : warning NU1903: Package 'SixLabors.ImageSharp' 3.1.2 has a known high severity vulnerability, https://github.com/advisories/GHSA-65x7-c272-7g7r
   3:7>ResolveAssemblyReferences:
             C:\Users\messa\.nuget\packages\microsoft.extensions.identity.core\8.0.11\lib\net8.0\Microsoft.Extensions.Identity.Core.dll
                 Private = 'false'
   4:7>D:\Tito Pedraza\OneDrive\Proyectos\Codigo Fuente\repos\HumanCore\src\TalenHuman.Infrastructure\TalenHuman.Infrastructure.csproj : warning NU1902: Package 'SixLabors.ImageSharp' 3.1.2 has a known moderate severity vulnerability, https://github.com/advisories/GHSA-g85r-6x2q-45w7
       ResolveAssemblyReferences:
                 HintPath = 'C:\Users\messa\.nuget\packages\microsoft.extensions.identity.core\8.0.11\lib\net8.0\Microsoft.Extensions.Identity.Core.dll'
   4:7>D:\Tito Pedraza\OneDrive\Proyectos\Codigo Fuente\repos\HumanCore\src\TalenHuman.Infrastructure\TalenHuman.Infrastructure.csproj : warning NU1902: Package 'SixLabors.ImageSharp' 3.1.2 has a known moderate severity vulnerability, https://github.com/advisories/GHSA-qxrv-gp6x-rc23
       ResolveAssemblyReferences:
             C:\Users\messa\.nuget\packages\microsoft.extensions.identity.stores\8.0.11\lib\net8.0\Microsoft.Extensions.Identity.Stores.dll
                 Private = 'false'
   4:7>D:\Tito Pedraza\OneDrive\Proyectos\Codigo Fuente\repos\HumanCore\src\TalenHuman.Infrastructure\TalenHuman.Infrastructure.csproj : warning NU1902: Package 'SixLabors.ImageSharp' 3.1.2 has a known moderate severity vulnerability, https://github.com/advisories/GHSA-rxmq-m78w-7wmc
   4:7>Done executing task "ResolvePackageAssets".
   3:7>ResolveAssemblyReferences:
                 HintPath = 'C:\Users\messa\.nuget\packages\microsoft.extensions.identity.stores\8.0.11\lib\net8.0\Microsoft.Extensions.Identity.Stores.dll'
   4:7>Done building target "ResolvePackageAssets" in project "TalenHuman.Infrastructure.csproj".
   3:7>ResolveAssemblyReferences:
             C:\Users\messa\.nuget\packages\microsoft.extensions.logging\8.0.1\lib\net8.0\Microsoft.Extensions.Logging.dll
   4:7>Target "AdjustDefaultPlatformTargetForNetFrameworkExeWithNoNativeCopyLocalItems" skipped, due to false condition; ('$(_UsingDefaultPlatformTarget)' == 'true' and
                     '$(_UsingDefaultRuntimeIdentifier)' == 'true') was evaluated as ('true' == 'true' and
                     '' == 'true').
   3:7>ResolveAssemblyReferences:
                 Private = 'false'
                 HintPath = 'C:\Users\messa\.nuget\packages\microsoft.extensions.logging\8.0.1\lib\net8.0\Microsoft.Extensions.Logging.dll'
   4:7>Target "_CheckForTransitiveWindowsDesktopDependencies" in file "C:\Program Files\dotnet\sdk\8.0.302\Sdks\Microsoft.NET.Sdk\targets\Microsoft.NET.Sdk.DefaultItems.Shared.targets" from project "D:\Tito Pedraza\OneDrive\Proyectos\Codigo Fuente\repos\HumanCore\src\TalenHuman.Infrastructure\TalenHuman.Infrastructure.csproj" (target "ResolveLockFileReferences" depends on it):
   4:7>Task "NetSdkError" skipped, due to false condition; ('@(_WindowsDesktopTransitiveFrameworkReference)' != '') was evaluated as ('' != '').
   3:7>ResolveAssemblyReferences:
             C:\Users\messa\.nuget\packages\microsoft.extensions.logging.abstractions\8.0.2\lib\net8.0\Microsoft.Extensions.Logging.Abstractions.dll
                 Private = 'false'
   4:7>Done building target "_CheckForTransitiveWindowsDesktopDependencies" in project "TalenHuman.Infrastructure.csproj".
   3:7>ResolveAssemblyReferences:
                 HintPath = 'C:\Users\messa\.nuget\packages\microsoft.extensions.logging.abstractions\8.0.2\lib\net8.0\Microsoft.Extensions.Logging.Abstractions.dll'
             C:\Users\messa\.nuget\packages\microsoft.extensions.options\8.0.2\lib\net8.0\Microsoft.Extensions.Options.dll
   4:7>Target "AddTransitiveFrameworkReferences" in file "C:\Program Files\dotnet\sdk\8.0.302\Sdks\Microsoft.NET.Sdk\targets\Microsoft.NET.Sdk.FrameworkReferenceResolution.targets" from project "D:\Tito Pedraza\OneDrive\Proyectos\Codigo Fuente\repos\HumanCore\src\TalenHuman.Infrastructure\TalenHuman.Infrastructure.csproj" (target "ResolveLockFileReferences" depends on it):
   4:7>Done building target "AddTransitiveFrameworkReferences" in project "TalenHuman.Infrastructure.csproj".
   3:7>ResolveAssemblyReferences:
                 Private = 'false'
                 HintPath = 'C:\Users\messa\.nuget\packages\microsoft.extensions.options\8.0.2\lib\net8.0\Microsoft.Extensions.Options.dll'
   4:7>Target "ResolveLockFileReferences" in file "C:\Program Files\dotnet\sdk\8.0.302\Sdks\Microsoft.NET.Sdk\targets\Microsoft.PackageDependencyResolution.targets" from project "D:\Tito Pedraza\OneDrive\Proyectos\Codigo Fuente\repos\HumanCore\src\TalenHuman.Infrastructure\TalenHuman.Infrastructure.csproj" (target "ResolvePackageDependenciesForBuild" depends on it):
   4:7>Using "JoinItems" task from assembly "C:\Program Files\dotnet\sdk\8.0.302\Sdks\Microsoft.NET.Sdk\targets\..\tools\net8.0\Microsoft.NET.Build.Tasks.dll".
   3:7>ResolveAssemblyReferences:
             C:\Users\messa\.nuget\packages\microsoft.extensions.primitives\8.0.0\lib\net8.0\Microsoft.Extensions.Primitives.dll
                 Private = 'false'
   4:7>Task "JoinItems"
   3:7>ResolveAssemblyReferences:
                 HintPath = 'C:\Users\messa\.nuget\packages\microsoft.extensions.primitives\8.0.0\lib\net8.0\Microsoft.Extensions.Primitives.dll'
   4:7>Done executing task "JoinItems".
   3:7>ResolveAssemblyReferences:
             C:\Program Files\dotnet\packs\Microsoft.NETCore.App.Ref\8.0.6\ref/net8.0/Microsoft.CSharp.dll
   4:7>Done building target "ResolveLockFileReferences" in project "TalenHuman.Infrastructure.csproj".
   3:7>ResolveAssemblyReferences:
                 Private = 'false'
   4:7>Target "ResolvePackageAssets" skipped. Previously built successfully.
   3:7>ResolveAssemblyReferences:
             C:\Program Files\dotnet\packs\Microsoft.NETCore.App.Ref\8.0.6\ref/net8.0/Microsoft.VisualBasic.Core.dll
                 Private = 'false'
   4:7>Target "ResolveLockFileAnalyzers" in file "C:\Program Files\dotnet\sdk\8.0.302\Sdks\Microsoft.NET.Sdk\targets\Microsoft.PackageDependencyResolution.targets" from project "D:\Tito Pedraza\OneDrive\Proyectos\Codigo Fuente\repos\HumanCore\src\TalenHuman.Infrastructure\TalenHuman.Infrastructure.csproj" (target "ResolvePackageDependenciesForBuild" depends on it):
   4:7>Done building target "ResolveLockFileAnalyzers" in project "TalenHuman.Infrastructure.csproj".
   3:7>ResolveAssemblyReferences:
             C:\Program Files\dotnet\packs\Microsoft.NETCore.App.Ref\8.0.6\ref/net8.0/Microsoft.VisualBasic.dll
   4:7>Target "ResolvePackageAssets" skipped. Previously built successfully.
   3:7>ResolveAssemblyReferences:
                 Private = 'false'
   4:7>Target "RunProduceContentAssets" skipped, due to false condition; ('@(_ContentFilesToPreprocess)' != '' and '$(_CleaningWithoutRebuilding)' != 'true') was evaluated as ('' != '' and '' != 'true').
   3:7>ResolveAssemblyReferences:
             C:\Program Files\dotnet\packs\Microsoft.NETCore.App.Ref\8.0.6\ref/net8.0/Microsoft.Win32.Primitives.dll
                 Private = 'false'
   4:7>Target "ResolveLockFileCopyLocalFiles" in file "C:\Program Files\dotnet\sdk\8.0.302\Sdks\Microsoft.NET.Sdk\targets\Microsoft.PackageDependencyResolution.targets" from project "D:\Tito Pedraza\OneDrive\Proyectos\Codigo Fuente\repos\HumanCore\src\TalenHuman.Infrastructure\TalenHuman.Infrastructure.csproj" (target "ResolvePackageDependenciesForBuild" depends on it):
   4:7>Done building target "ResolveLockFileCopyLocalFiles" in project "TalenHuman.Infrastructure.csproj".
       Target "ResolveRuntimePackAssets" skipped, due to false condition; ('@(RuntimePack)' != '') was evaluated as ('' != '').
   3:7>ResolveAssemblyReferences:
             C:\Program Files\dotnet\packs\Microsoft.NETCore.App.Ref\8.0.6\ref/net8.0/Microsoft.Win32.Registry.dll
   4:7>Target "RunProduceContentAssets" skipped, due to false condition; ('@(_ContentFilesToPreprocess)' != '' and '$(_CleaningWithoutRebuilding)' != 'true') was evaluated as ('' != '' and '' != 'true').
   3:7>ResolveAssemblyReferences:
                 Private = 'false'
   4:7>Target "ResolvePackageAssets" skipped. Previously built successfully.
   3:7>ResolveAssemblyReferences:
             C:\Program Files\dotnet\packs\Microsoft.NETCore.App.Ref\8.0.6\ref/net8.0/System.AppContext.dll
                 Private = 'false'
   4:7>Target "IncludeTransitiveProjectReferences" in file "C:\Program Files\dotnet\sdk\8.0.302\Sdks\Microsoft.NET.Sdk\targets\Microsoft.PackageDependencyResolution.targets" from project "D:\Tito Pedraza\OneDrive\Proyectos\Codigo Fuente\repos\HumanCore\src\TalenHuman.Infrastructure\TalenHuman.Infrastructure.csproj" (target "ResolvePackageDependenciesForBuild" depends on it):
   4:7>Done building target "IncludeTransitiveProjectReferences" in project "TalenHuman.Infrastructure.csproj".
   3:7>ResolveAssemblyReferences:
             C:\Program Files\dotnet\packs\Microsoft.NETCore.App.Ref\8.0.6\ref/net8.0/System.Buffers.dll
                 Private = 'false'
   4:7>Target "ResolvePackageDependenciesForBuild" in file "C:\Program Files\dotnet\sdk\8.0.302\Sdks\Microsoft.NET.Sdk\targets\Microsoft.PackageDependencyResolution.targets" from project "D:\Tito Pedraza\OneDrive\Proyectos\Codigo Fuente\repos\HumanCore\src\TalenHuman.Infrastructure\TalenHuman.Infrastructure.csproj" (target "AssignProjectConfiguration" depends on it):
   4:7>Done building target "ResolvePackageDependenciesForBuild" in project "TalenHuman.Infrastructure.csproj".
   3:7>ResolveAssemblyReferences:
             C:\Program Files\dotnet\packs\Microsoft.NETCore.App.Ref\8.0.6\ref/net8.0/System.Collections.Concurrent.dll
   4:7>Target "_Microsoft_Extensions_OptionsAnalyzerMultiTargeting" skipped, due to false condition; ('$(SupportsRoslynComponentVersioning)' != 'true') was evaluated as ('true' != 'true').
   3:7>ResolveAssemblyReferences:
                 Private = 'false'
   4:7>Target "_Microsoft_Extensions_OptionsRemoveAnalyzers" skipped, due to false condition; ('$(DisableMicrosoftExtensionsOptionsSourceGenerator)' == 'true') was evaluated as ('' == 'true').
   3:7>ResolveAssemblyReferences:
             C:\Program Files\dotnet\packs\Microsoft.NETCore.App.Ref\8.0.6\ref/net8.0/System.Collections.Immutable.dll
                 Private = 'false'
   4:7>Target "_Microsoft_Extensions_Logging_AbstractionsAnalyzerMultiTargeting" skipped, due to false condition; ('$(SupportsRoslynComponentVersioning)' != 'true') was evaluated as ('true' != 'true').
   3:7>ResolveAssemblyReferences:
             C:\Program Files\dotnet\packs\Microsoft.NETCore.App.Ref\8.0.6\ref/net8.0/System.Collections.NonGeneric.dll
   4:7>Target "_Microsoft_Extensions_Logging_AbstractionsRemoveAnalyzers" skipped, due to false condition; ('$(DisableMicrosoftExtensionsLoggingSourceGenerator)' == 'true') was evaluated as ('' == 'true').
   3:7>ResolveAssemblyReferences:
                 Private = 'false'
             C:\Program Files\dotnet\packs\Microsoft.NETCore.App.Ref\8.0.6\ref/net8.0/System.Collections.Specialized.dll
   4:7>Target "_Microsoft_Extensions_Configuration_Binder_RemoveAnalyzer" in file "C:\Users\messa\.nuget\packages\microsoft.extensions.configuration.binder\8.0.0\buildTransitive\netstandard2.0\Microsoft.Extensions.Configuration.Binder.targets" from project "D:\Tito Pedraza\OneDrive\Proyectos\Codigo Fuente\repos\HumanCore\src\TalenHuman.Infrastructure\TalenHuman.Infrastructure.csproj" (target "AssignProjectConfiguration" depends on it):
   4:7>Done building target "_Microsoft_Extensions_Configuration_Binder_RemoveAnalyzer" in project "TalenHuman.Infrastructure.csproj".
   3:7>ResolveAssemblyReferences:
                 Private = 'false'
   4:7>Target "AssignProjectConfiguration" in file "C:\Program Files\dotnet\sdk\8.0.302\Microsoft.Common.CurrentVersion.targets" from project "D:\Tito Pedraza\OneDrive\Proyectos\Codigo Fuente\repos\HumanCore\src\TalenHuman.Infrastructure\TalenHuman.Infrastructure.csproj" (target "ResolveReferences" depends on it):
   4:7>Using "AssignProjectConfiguration" task from assembly "Microsoft.Build.Tasks.Core, Version=15.1.0.0, Culture=neutral, PublicKeyToken=b03f5f7f11d50a3a".
       Task "AssignProjectConfiguration"
         Project reference "..\TalenHuman.Application\TalenHuman.Application.csproj" has been assigned the "Debug|AnyCPU" configuration.
         Project reference "..\TalenHuman.Domain\TalenHuman.Domain.csproj" has been assigned the "Debug|AnyCPU" configuration.
       Done executing task "AssignProjectConfiguration".
   4:7>Done building target "AssignProjectConfiguration" in project "TalenHuman.Infrastructure.csproj".
       Target "AssignProjectConfiguration" skipped. Previously built successfully.
   3:7>ResolveAssemblyReferences:
             C:\Program Files\dotnet\packs\Microsoft.NETCore.App.Ref\8.0.6\ref/net8.0/System.Collections.dll
                 Private = 'false'
   4:7>Target "_SplitProjectReferencesByFileExistence" in file "C:\Program Files\dotnet\sdk\8.0.302\Microsoft.Common.CurrentVersion.targets" from project "D:\Tito Pedraza\OneDrive\Proyectos\Codigo Fuente\repos\HumanCore\src\TalenHuman.Infrastructure\TalenHuman.Infrastructure.csproj" (target "PrepareProjectReferences" depends on it):
   4:7>Task "ResolveNonMSBuildProjectOutput" skipped, due to false condition; ('$(BuildingInsideVisualStudio)'=='true' and '@(ProjectReferenceWithConfiguration)'!='') was evaluated as (''=='true' and '..\TalenHuman.Application\TalenHuman.Application.csproj;..\TalenHuman.Domain\TalenHuman.Domain.csproj'!='').
   3:7>ResolveAssemblyReferences:
             C:\Program Files\dotnet\packs\Microsoft.NETCore.App.Ref\8.0.6\ref/net8.0/System.ComponentModel.Annotations.dll
   4:7>Done building target "_SplitProjectReferencesByFileExistence" in project "TalenHuman.Infrastructure.csproj".
   3:7>ResolveAssemblyReferences:
                 Private = 'false'
             C:\Program Files\dotnet\packs\Microsoft.NETCore.App.Ref\8.0.6\ref/net8.0/System.ComponentModel.DataAnnotations.dll
   4:7>Target "_AddOutputPathToGlobalPropertiesToRemove" in file "C:\Program Files\dotnet\sdk\8.0.302\Microsoft.Common.CurrentVersion.targets" from project "D:\Tito Pedraza\OneDrive\Proyectos\Codigo Fuente\repos\HumanCore\src\TalenHuman.Infrastructure\TalenHuman.Infrastructure.csproj" (target "_GetProjectReferenceTargetFrameworkProperties" depends on it):
   4:7>Done building target "_AddOutputPathToGlobalPropertiesToRemove" in project "TalenHuman.Infrastructure.csproj".
   3:7>ResolveAssemblyReferences:
                 Private = 'false'
             C:\Program Files\dotnet\packs\Microsoft.NETCore.App.Ref\8.0.6\ref/net8.0/System.ComponentModel.EventBasedAsync.dll
   4:7>Target "_GetProjectReferenceTargetFrameworkProperties" in file "C:\Program Files\dotnet\sdk\8.0.302\Microsoft.Common.CurrentVersion.targets" from project "D:\Tito Pedraza\OneDrive\Proyectos\Codigo Fuente\repos\HumanCore\src\TalenHuman.Infrastructure\TalenHuman.Infrastructure.csproj" (target "PrepareProjectReferences" depends on it):
   4:7>Task "MSBuild"
   3:7>ResolveAssemblyReferences:
                 Private = 'false'
   4:7>_GetProjectReferenceTargetFrameworkProperties:
         Global Properties:
   3:7>ResolveAssemblyReferences:
             C:\Program Files\dotnet\packs\Microsoft.NETCore.App.Ref\8.0.6\ref/net8.0/System.ComponentModel.Primitives.dll
                 Private = 'false'
   4:7>_GetProjectReferenceTargetFrameworkProperties:
           Configuration=Debug
   3:7>ResolveAssemblyReferences:
             C:\Program Files\dotnet\packs\Microsoft.NETCore.App.Ref\8.0.6\ref/net8.0/System.ComponentModel.TypeConverter.dll
                 Private = 'false'
   4:7>_GetProjectReferenceTargetFrameworkProperties:
           Platform=AnyCPU
   3:7>ResolveAssemblyReferences:
             C:\Program Files\dotnet\packs\Microsoft.NETCore.App.Ref\8.0.6\ref/net8.0/System.ComponentModel.dll
   4:7>_GetProjectReferenceTargetFrameworkProperties:
         Removing Properties:
   3:7>ResolveAssemblyReferences:
                 Private = 'false'
   4:7>_GetProjectReferenceTargetFrameworkProperties:
           TargetFramework
   3:7>ResolveAssemblyReferences:
             C:\Program Files\dotnet\packs\Microsoft.NETCore.App.Ref\8.0.6\ref/net8.0/System.Configuration.dll
                 Private = 'false'
   4:7>_GetProjectReferenceTargetFrameworkProperties:
           RuntimeIdentifier
   3:7>ResolveAssemblyReferences:
             C:\Program Files\dotnet\packs\Microsoft.NETCore.App.Ref\8.0.6\ref/net8.0/System.Console.dll
   4:7>_GetProjectReferenceTargetFrameworkProperties:
           SelfContained
   3:7>ResolveAssemblyReferences:
                 Private = 'false'
             C:\Program Files\dotnet\packs\Microsoft.NETCore.App.Ref\8.0.6\ref/net8.0/System.Core.dll
                 Private = 'false'
             C:\Program Files\dotnet\packs\Microsoft.NETCore.App.Ref\8.0.6\ref/net8.0/System.Data.Common.dll
                 Private = 'false'
             C:\Program Files\dotnet\packs\Microsoft.NETCore.App.Ref\8.0.6\ref/net8.0/System.Data.DataSetExtensions.dll
                 Private = 'false'
             C:\Program Files\dotnet\packs\Microsoft.NETCore.App.Ref\8.0.6\ref/net8.0/System.Data.dll
                 Private = 'false'
             C:\Program Files\dotnet\packs\Microsoft.NETCore.App.Ref\8.0.6\ref/net8.0/System.Diagnostics.Contracts.dll
                 Private = 'false'
             C:\Program Files\dotnet\packs\Microsoft.NETCore.App.Ref\8.0.6\ref/net8.0/System.Diagnostics.Debug.dll
                 Private = 'false'
             C:\Program Files\dotnet\packs\Microsoft.NETCore.App.Ref\8.0.6\ref/net8.0/System.Diagnostics.DiagnosticSource.dll
                 Private = 'false'
             C:\Program Files\dotnet\packs\Microsoft.NETCore.App.Ref\8.0.6\ref/net8.0/System.Diagnostics.FileVersionInfo.dll
   1:2>Project "D:\Tito Pedraza\OneDrive\Proyectos\Codigo Fuente\repos\HumanCore\src\TalenHuman.sln" (1:2) is building "D:\Tito Pedraza\OneDrive\Proyectos\Codigo Fuente\repos\HumanCore\src\TalenHuman.Application\TalenHuman.Application.csproj" (2:8) on node 4 (default targets).
   2:8>Target "_CheckForUnsupportedTargetFramework" skipped, due to false condition; ('$(_UnsupportedTargetFrameworkError)' == 'true') was evaluated as ('' == 'true').
   3:7>ResolveAssemblyReferences:
                 Private = 'false'
             C:\Program Files\dotnet\packs\Microsoft.NETCore.App.Ref\8.0.6\ref/net8.0/System.Diagnostics.Process.dll
   2:8>Target "_CollectTargetFrameworkForTelemetry" in file "C:\Program Files\dotnet\sdk\8.0.302\Sdks\Microsoft.NET.Sdk\targets\Microsoft.NET.TargetFrameworkInference.targets" from project "D:\Tito Pedraza\OneDrive\Proyectos\Codigo Fuente\repos\HumanCore\src\TalenHuman.Application\TalenHuman.Application.csproj" (target "_CheckForInvalidConfigurationAndPlatform" depends on it):
   2:8>Using "AllowEmptyTelemetry" task from assembly "C:\Program Files\dotnet\sdk\8.0.302\Sdks\Microsoft.NET.Sdk\targets\..\tools\net8.0\Microsoft.NET.Build.Tasks.dll".
   3:7>ResolveAssemblyReferences:
                 Private = 'false'
   2:8>Task "AllowEmptyTelemetry"
   3:7>ResolveAssemblyReferences:
             C:\Program Files\dotnet\packs\Microsoft.NETCore.App.Ref\8.0.6\ref/net8.0/System.Diagnostics.StackTrace.dll
                 Private = 'false'
             C:\Program Files\dotnet\packs\Microsoft.NETCore.App.Ref\8.0.6\ref/net8.0/System.Diagnostics.TextWriterTraceListener.dll
   2:8>Done executing task "AllowEmptyTelemetry".
   3:7>ResolveAssemblyReferences:
                 Private = 'false'
   2:8>Done building target "_CollectTargetFrameworkForTelemetry" in project "TalenHuman.Application.csproj".
   3:7>ResolveAssemblyReferences:
             C:\Program Files\dotnet\packs\Microsoft.NETCore.App.Ref\8.0.6\ref/net8.0/System.Diagnostics.Tools.dll
   2:8>Target "_CheckForUnsupportedTargetPlatformIdentifier" skipped, due to false condition; ('$(TargetPlatformIdentifier)' != '' and '$(TargetFrameworkIdentifier)' == '.NETCoreApp' and $([MSBuild]::VersionGreaterThanOrEquals($(TargetFrameworkVersion), 5.0)) And ('$(DesignTimeBuild)' != 'true' Or '@(MissingWorkloadPack)' == '')) was evaluated as ('' != '' and '.NETCoreApp' == '.NETCoreApp' and True And ('' != 'true' Or '' == '')).
   3:7>ResolveAssemblyReferences:
                 Private = 'false'
             C:\Program Files\dotnet\packs\Microsoft.NETCore.App.Ref\8.0.6\ref/net8.0/System.Diagnostics.TraceSource.dll
   2:8>Target "_CheckForMissingWorkload" skipped, due to false condition; ('@(MissingWorkloadPack)' != '' And '$(DesignTimeBuild)' != 'true') was evaluated as ('' != '' And '' != 'true').
   3:7>ResolveAssemblyReferences:
                 Private = 'false'
             C:\Program Files\dotnet\packs\Microsoft.NETCore.App.Ref\8.0.6\ref/net8.0/System.Diagnostics.Tracing.dll
   2:8>Target "_CheckForUnsupportedNETCoreVersion" in file "C:\Program Files\dotnet\sdk\8.0.302\Sdks\Microsoft.NET.Sdk\targets\Microsoft.NET.TargetFrameworkInference.targets" from project "D:\Tito Pedraza\OneDrive\Proyectos\Codigo Fuente\repos\HumanCore\src\TalenHuman.Application\TalenHuman.Application.csproj" (target "_CheckForInvalidConfigurationAndPlatform" depends on it):
   2:8>Task "NETSdkError" skipped, due to false condition; ('$(_TargetFrameworkVersionWithoutV)' > '$(NETCoreAppMaximumVersion)' and '$(DisplayVSMessage)' != 'true') was evaluated as ('8.0' > '8.0' and '' != 'true').
   3:7>ResolveAssemblyReferences:
                 Private = 'false'
   2:8>_CheckForUnsupportedNETCoreVersion:
       Task "NETSdkError" skipped, due to false condition; ('$(DisplayVSMessage)' == 'true') was evaluated as ('' == 'true').
   3:7>ResolveAssemblyReferences:
             C:\Program Files\dotnet\packs\Microsoft.NETCore.App.Ref\8.0.6\ref/net8.0/System.Drawing.Primitives.dll
   2:8>Done building target "_CheckForUnsupportedNETCoreVersion" in project "TalenHuman.Application.csproj".
   3:7>ResolveAssemblyReferences:
                 Private = 'false'
   2:8>Target "_CheckForEolTargetFrameworks" skipped, due to false condition; ('@(_EolNetCoreTargetFrameworkVersions->AnyHaveMetadataValue('Identity', '$(_TargetFrameworkVersionWithoutV)'))' and '$(TargetFrameworkIdentifier)' == '.NETCoreApp' and '$(CheckEolTargetFramework)' == 'true') was evaluated as ('false' and '.NETCoreApp' == '.NETCoreApp' and '' == 'true').
       Target "_CheckForEolWorkloads" skipped, due to false condition; ('@(EolWorkload)' != '' and '$(CheckEolWorkloads)' == 'true') was evaluated as ('' != '' and 'true' == 'true').
   3:7>ResolveAssemblyReferences:
             C:\Program Files\dotnet\packs\Microsoft.NETCore.App.Ref\8.0.6\ref/net8.0/System.Drawing.dll
                 Private = 'false'
   2:8>Target "_CheckForUnsupportedCppNETCoreVersion" in file "C:\Program Files\dotnet\sdk\8.0.302\Sdks\Microsoft.NET.Sdk\targets\Microsoft.NET.TargetFrameworkInference.targets" from project "D:\Tito Pedraza\OneDrive\Proyectos\Codigo Fuente\repos\HumanCore\src\TalenHuman.Application\TalenHuman.Application.csproj" (target "_CheckForInvalidConfigurationAndPlatform" depends on it):
   2:8>Task "NETSdkError" skipped, due to false condition; ('$(TargetFrameworkIdentifier)' == '.NETCoreApp' and '$(_TargetFrameworkVersionWithoutV)' < '3.1' and ('$(Language)' == 'C++' and '$(_EnablePackageReferencesInVCProjects)' != 'true')) was evaluated as ('.NETCoreApp' == '.NETCoreApp' and '8.0' < '3.1' and ('C#' == 'C++' and '' != 'true')).
   3:7>ResolveAssemblyReferences:
             C:\Program Files\dotnet\packs\Microsoft.NETCore.App.Ref\8.0.6\ref/net8.0/System.Dynamic.Runtime.dll
                 Private = 'false'
   2:8>Done building target "_CheckForUnsupportedCppNETCoreVersion" in project "TalenHuman.Application.csproj".
   3:7>ResolveAssemblyReferences:
             C:\Program Files\dotnet\packs\Microsoft.NETCore.App.Ref\8.0.6\ref/net8.0/System.Formats.Asn1.dll
   2:8>Target "_CheckForUnsupportedNETStandardVersion" skipped, due to false condition; ('$(TargetFrameworkIdentifier)' == '.NETStandard' And '$(NETStandardMaximumVersion)' != '') was evaluated as ('.NETCoreApp' == '.NETStandard' And '' != '').
       Target "_CheckForUnsupportedTargetFrameworkAndFeatureCombination" skipped, due to false condition; ('$(TargetFrameworkIdentifier)' == '.NETFramework') was evaluated as ('.NETCoreApp' == '.NETFramework').
   3:7>ResolveAssemblyReferences:
                 Private = 'false'
             C:\Program Files\dotnet\packs\Microsoft.NETCore.App.Ref\8.0.6\ref/net8.0/System.Formats.Tar.dll
   2:8>Target "_CheckForSupportedOSPlatformVersionHigherThanTargetPlatformVersion" skipped, due to false condition; ('$(TargetPlatformVersion)' != '' and '$(TargetFrameworkIdentifier)' == '.NETCoreApp' and $([MSBuild]::VersionGreaterThanOrEquals($(TargetFrameworkVersion), 5.0))) was evaluated as ('' != '' and '.NETCoreApp' == '.NETCoreApp' and True).
   3:7>ResolveAssemblyReferences:
                 Private = 'false'
   2:8>Target "_CheckForInvalidTargetPlatformVersion" skipped, due to false condition; ('$(TargetPlatformVersion)' != '' and '$(TargetFrameworkIdentifier)' == '.NETCoreApp' and $([MSBuild]::VersionGreaterThanOrEquals($(TargetFrameworkVersion), 5.0)) and ('$(Language)' != 'C++' or '$(_EnablePackageReferencesInVCProjects)' == 'true')) was evaluated as ('' != '' and '.NETCoreApp' == '.NETCoreApp' and True and ('C#' != 'C++' or '' == 'true')).
   3:7>ResolveAssemblyReferences:
             C:\Program Files\dotnet\packs\Microsoft.NETCore.App.Ref\8.0.6\ref/net8.0/System.Globalization.Calendars.dll
                 Private = 'false'
             C:\Program Files\dotnet\packs\Microsoft.NETCore.App.Ref\8.0.6\ref/net8.0/System.Globalization.Extensions.dll
   2:8>Target "_CheckForUnsupportedArtifactsPath" in file "C:\Program Files\dotnet\sdk\8.0.302\Sdks\Microsoft.NET.Sdk\targets\Microsoft.NET.DefaultOutputPaths.targets" from project "D:\Tito Pedraza\OneDrive\Proyectos\Codigo Fuente\repos\HumanCore\src\TalenHuman.Application\TalenHuman.Application.csproj" (target "_CheckForInvalidConfigurationAndPlatform" depends on it):
   2:8>Task "NetSdkError" skipped, due to false condition; ('$(UseArtifactsOutput)' == 'true' and '$(_ArtifactsPathSetEarly)' != 'true') was evaluated as ('' == 'true' and '' != 'true').
   3:7>ResolveAssemblyReferences:
                 Private = 'false'
   2:8>_CheckForUnsupportedArtifactsPath:
       Task "NetSdkError" skipped, due to false condition; ('$(_ArtifactsPathLocationType)' == 'ProjectFolder') was evaluated as ('' == 'ProjectFolder').
   3:7>ResolveAssemblyReferences:
             C:\Program Files\dotnet\packs\Microsoft.NETCore.App.Ref\8.0.6\ref/net8.0/System.Globalization.dll
   2:8>Done building target "_CheckForUnsupportedArtifactsPath" in project "TalenHuman.Application.csproj".
     0>Property reassignment: $(OpenApiGenerateDocuments)="true" (previous value: "") at C:\Users\messa\.nuget\packages\microsoft.extensions.apidescription.server\6.0.5\build\Microsoft.Extensions.ApiDescription.Server.targets (9,5)
   2:8>Target "_CheckForMissingWorkload" skipped, due to false condition; ('@(MissingWorkloadPack)' != '' And '$(DesignTimeBuild)' != 'true') was evaluated as ('' != '' And '' != 'true').
       Target "_CheckForUnsupportedAppHostUsage" skipped, due to false condition; ('$(TargetFrameworkIdentifier)' == '.NETCoreApp' and '$(HasRuntimeOutput)' == 'true') was evaluated as ('.NETCoreApp' == '.NETCoreApp' and '' == 'true').
   2:8>Target "_CheckForUnsupportedHostingUsage" in file "C:\Program Files\dotnet\sdk\8.0.302\Sdks\Microsoft.NET.Sdk\targets\Microsoft.NET.RuntimeIdentifierInference.targets" from project "D:\Tito Pedraza\OneDrive\Proyectos\Codigo Fuente\repos\HumanCore\src\TalenHuman.Application\TalenHuman.Application.csproj" (target "_CheckForInvalidConfigurationAndPlatform" depends on it):
       Task "NETSdkWarning" skipped, due to false condition; ('$(SelfContained)' == 'true' and '$(EnableComHosting)' == 'true') was evaluated as ('' == 'true' and '' == 'true').
   2:8>Done building target "_CheckForUnsupportedHostingUsage" in project "TalenHuman.Application.csproj".
   2:8>Target "_CheckAndUnsetUnsupportedPrefer32Bit" in file "C:\Program Files\dotnet\sdk\8.0.302\Sdks\Microsoft.NET.Sdk\targets\Microsoft.NET.RuntimeIdentifierInference.targets" from project "D:\Tito Pedraza\OneDrive\Proyectos\Codigo Fuente\repos\HumanCore\src\TalenHuman.Application\TalenHuman.Application.csproj" (target "_CheckForInvalidConfigurationAndPlatform" depends on it):
       Task "NETSdkWarning" skipped, due to false condition; ('$(Prefer32Bit)' == 'true') was evaluated as ('false' == 'true').
   2:8>Done building target "_CheckAndUnsetUnsupportedPrefer32Bit" in project "TalenHuman.Application.csproj".
       Target "_CheckForMismatchingPlatform" skipped, due to false condition; ('$(RuntimeIdentifier)' != '' and '$(PlatformTarget)' != '') was evaluated as ('' != '' and '' != '').
   2:8>Target "_CheckForLanguageAndFeatureCombinationSupport" in file "C:\Program Files\dotnet\sdk\8.0.302\Sdks\Microsoft.NET.Sdk\targets\Microsoft.NET.RuntimeIdentifierInference.targets" from project "D:\Tito Pedraza\OneDrive\Proyectos\Codigo Fuente\repos\HumanCore\src\TalenHuman.Application\TalenHuman.Application.csproj" (target "_CheckForInvalidConfigurationAndPlatform" depends on it):
       Task "NETSdkError" skipped, due to false condition; (('$(Language)' == 'C++' and '$(_EnablePackageReferencesInVCProjects)' != 'true') and $(OutputType) != 'library' and '$(TargetFrameworkIdentifier)' == '.NETCoreApp') was evaluated as (('C#' == 'C++' and '' != 'true') and Library != 'library' and '.NETCoreApp' == '.NETCoreApp').
       Task "NETSdkError" skipped, due to false condition; (('$(Language)' == 'C++' and '$(_EnablePackageReferencesInVCProjects)' != 'true') and $(EnableComHosting) == 'true') was evaluated as (('C#' == 'C++' and '' != 'true') and  == 'true').
       Task "NETSdkError" skipped, due to false condition; (('$(Language)' == 'C++' and '$(_EnablePackageReferencesInVCProjects)' != 'true') and $(SelfContained) == 'true') was evaluated as (('C#' == 'C++' and '' != 'true') and  == 'true').
   2:8>Done building target "_CheckForLanguageAndFeatureCombinationSupport" in project "TalenHuman.Application.csproj".
       Target "_CheckForNETCoreSdkIsPreview" skipped, due to false condition; ( '$(_NETCoreSdkIsPreview)' == 'true' AND '$(SuppressNETCoreSdkPreviewMessage)' != 'true' ) was evaluated as ( 'false' == 'true' AND '' != 'true' ).
     0>Property reassignment: $(ProjectAssetsCacheFile)="D:\Tito Pedraza\OneDrive\Proyectos\Codigo Fuente\repos\HumanCore\src\TalenHuman.API\obj\Debug\net8.0\TalenHuman.API.assets.cache" (previous value: "obj\Debug\net8.0\TalenHuman.API.assets.cache") at C:\Program Files\dotnet\sdk\8.0.302\Sdks\Microsoft.NET.Sdk\targets\Microsoft.PackageDependencyResolution.targets (29,5)
       Property reassignment: $(ResolveAssemblyReferencesDependsOn)="
             
             ResolveProjectReferences;
             FindInvalidProjectReferences;
             GetFrameworkPaths;
             GetReferenceAssemblyPaths;
             PrepareForBuild;
             ResolveSDKReferences;
             ExpandSDKReferences;
           ;
             ResolvePackageDependenciesForBuild;
             _HandlePackageFileConflicts;
           " (previous value: "
             ResolveProjectReferences;
             FindInvalidProjectReferences;
             GetFrameworkPaths;
             GetReferenceAssemblyPaths;
             PrepareForBuild;
             ResolveSDKReferences;
             ExpandSDKReferences;
           ") at C:\Program Files\dotnet\sdk\8.0.302\Sdks\Microsoft.NET.Sdk\targets\Microsoft.PackageDependencyResolution.targets (80,5)
       Property reassignment: $(PrepareResourcesDependsOn)="
             ResolvePackageDependenciesForBuild;
             _HandlePackageFileConflicts;
             
             ;
             PrepareResourceNames;
             ResGen;
             CompileLicxFiles
           
           " (previous value: "
             ;
             PrepareResourceNames;
             ResGen;
             CompileLicxFiles
           ") at C:\Program Files\dotnet\sdk\8.0.302\Sdks\Microsoft.NET.Sdk\targets\Microsoft.PackageDependencyResolution.targets (86,5)
   2:8>Target "_GetProjectJsonPath" in file "C:\Program Files\dotnet\sdk\8.0.302\NuGet.targets" from project "D:\Tito Pedraza\OneDrive\Proyectos\Codigo Fuente\repos\HumanCore\src\TalenHuman.Application\TalenHuman.Application.csproj" (target "_GetRestoreProjectStyle" depends on it):
   2:8>Task "GetRestoreProjectJsonPathTask" skipped, due to false condition; ( '$(RestoreProjectStyle)' == 'ProjectJson' OR '$(RestoreProjectStyle)' == '' ) was evaluated as ( 'PackageReference' == 'ProjectJson' OR 'PackageReference' == '' ).
   2:8>Done building target "_GetProjectJsonPath" in project "TalenHuman.Application.csproj".
       Target "_CheckForUnsupportedTargetPlatformIdentifier" skipped, due to false condition; ('$(TargetPlatformIdentifier)' != '' and '$(TargetFrameworkIdentifier)' == '.NETCoreApp' and $([MSBuild]::VersionGreaterThanOrEquals($(TargetFrameworkVersion), 5.0)) And ('$(DesignTimeBuild)' != 'true' Or '@(MissingWorkloadPack)' == '')) was evaluated as ('' != '' and '.NETCoreApp' == '.NETCoreApp' and True And ('' != 'true' Or '' == '')).
       Target "_CheckForMissingWorkload" skipped, due to false condition; ('@(MissingWorkloadPack)' != '' And '$(DesignTimeBuild)' != 'true') was evaluated as ('' != '' And '' != 'true').
       Target "_CheckForUnsupportedNETStandardVersion" skipped, due to false condition; ('$(TargetFrameworkIdentifier)' == '.NETStandard' And '$(NETStandardMaximumVersion)' != '') was evaluated as ('.NETCoreApp' == '.NETStandard' And '' != '').
     0>Property reassignment: $(DefaultItemExcludes)=";**\node_modules\**;node_modules\**;**\jspm_packages\**;jspm_packages\**;**\bower_components\**;bower_components\**;bin\Debug\/**;obj\Debug\/**;bin\/**" (previous value: ";**\node_modules\**;node_modules\**;**\jspm_packages\**;jspm_packages\**;**\bower_components\**;bower_components\**;bin\Debug\/**;obj\Debug\/**") at C:\Program Files\dotnet\sdk\8.0.302\Sdks\Microsoft.NET.Sdk\targets\Microsoft.NET.Sdk.DefaultItems.targets (27,5)
       Property reassignment: $(DefaultItemExcludes)=";**\node_modules\**;node_modules\**;**\jspm_packages\**;jspm_packages\**;**\bower_components\**;bower_components\**;bin\Debug\/**;obj\Debug\/**;bin\/**;obj\/**" (previous value: ";**\node_modules\**;node_modules\**;**\jspm_packages\**;jspm_packages\**;**\bower_components\**;bower_components\**;bin\Debug\/**;obj\Debug\/**;bin\/**") at C:\Program Files\dotnet\sdk\8.0.302\Sdks\Microsoft.NET.Sdk\targets\Microsoft.NET.Sdk.DefaultItems.targets (29,5)
       Property reassignment: $(DefaultItemExcludes)=";**\node_modules\**;node_modules\**;**\jspm_packages\**;jspm_packages\**;**\bower_components\**;bower_components\**;bin\Debug\/**;obj\Debug\/**;bin\/**;obj\/**;**/*.user" (previous value: ";**\node_modules\**;node_modules\**;**\jspm_packages\**;jspm_packages\**;**\bower_components\**;bower_components\**;bin\Debug\/**;obj\Debug\/**;bin\/**;obj\/**") at C:\Program Files\dotnet\sdk\8.0.302\Sdks\Microsoft.NET.Sdk\targets\Microsoft.NET.Sdk.DefaultItems.targets (32,5)
       Property reassignment: $(DefaultItemExcludes)=";**\node_modules\**;node_modules\**;**\jspm_packages\**;jspm_packages\**;**\bower_components\**;bower_components\**;bin\Debug\/**;obj\Debug\/**;bin\/**;obj\/**;**/*.user;**/*.*proj" (previous value: ";**\node_modules\**;node_modules\**;**\jspm_packages\**;jspm_packages\**;**\bower_components\**;bower_components\**;bin\Debug\/**;obj\Debug\/**;bin\/**;obj\/**;**/*.user") at C:\Program Files\dotnet\sdk\8.0.302\Sdks\Microsoft.NET.Sdk\targets\Microsoft.NET.Sdk.DefaultItems.targets (33,5)
       Property reassignment: $(DefaultItemExcludes)=";**\node_modules\**;node_modules\**;**\jspm_packages\**;jspm_packages\**;**\bower_components\**;bower_components\**;bin\Debug\/**;obj\Debug\/**;bin\/**;obj\/**;**/*.user;**/*.*proj;**/*.sln" (previous value: ";**\node_modules\**;node_modules\**;**\jspm_packages\**;jspm_packages\**;**\bower_components\**;bower_components\**;bin\Debug\/**;obj\Debug\/**;bin\/**;obj\/**;**/*.user;**/*.*proj") at C:\Program Files\dotnet\sdk\8.0.302\Sdks\Microsoft.NET.Sdk\targets\Microsoft.NET.Sdk.DefaultItems.targets (34,5)
       Property reassignment: $(DefaultItemExcludes)=";**\node_modules\**;node_modules\**;**\jspm_packages\**;jspm_packages\**;**\bower_components\**;bower_components\**;bin\Debug\/**;obj\Debug\/**;bin\/**;obj\/**;**/*.user;**/*.*proj;**/*.sln;**/*.vssscc" (previous value: ";**\node_modules\**;node_modules\**;**\jspm_packages\**;jspm_packages\**;**\bower_components\**;bower_components\**;bin\Debug\/**;obj\Debug\/**;bin\/**;obj\/**;**/*.user;**/*.*proj;**/*.sln") at C:\Program Files\dotnet\sdk\8.0.302\Sdks\Microsoft.NET.Sdk\targets\Microsoft.NET.Sdk.DefaultItems.targets (35,5)
       Property reassignment: $(DefaultItemExcludes)=";**\node_modules\**;node_modules\**;**\jspm_packages\**;jspm_packages\**;**\bower_components\**;bower_components\**;bin\Debug\/**;obj\Debug\/**;bin\/**;obj\/**;**/*.user;**/*.*proj;**/*.sln;**/*.vssscc;**/.DS_Store" (previous value: ";**\node_modules\**;node_modules\**;**\jspm_packages\**;jspm_packages\**;**\bower_components\**;bower_components\**;bin\Debug\/**;obj\Debug\/**;bin\/**;obj\/**;**/*.user;**/*.*proj;**/*.sln;**/*.vssscc") at C:\Program Files\dotnet\sdk\8.0.302\Sdks\Microsoft.NET.Sdk\targets\Microsoft.NET.Sdk.DefaultItems.targets (36,5)
   2:8>Target "_CheckForUnsupportedTargetFrameworkAndFeatureCombination" skipped, due to false condition; ('$(TargetFrameworkIdentifier)' == '.NETFramework') was evaluated as ('.NETCoreApp' == '.NETFramework').
   2:8>Target "UpdateAspNetToFrameworkReference" in file "C:\Program Files\dotnet\sdk\8.0.302\Sdks\Microsoft.NET.Sdk\targets\Microsoft.NET.Sdk.DefaultItems.Shared.targets" from project "D:\Tito Pedraza\OneDrive\Proyectos\Codigo Fuente\repos\HumanCore\src\TalenHuman.Application\TalenHuman.Application.csproj" (target "ApplyImplicitVersions" depends on it):
       Using "CheckIfPackageReferenceShouldBeFrameworkReference" task from assembly "C:\Program Files\dotnet\sdk\8.0.302\Sdks\Microsoft.NET.Sdk\targets\..\tools\net8.0\Microsoft.NET.Build.Tasks.dll".
       Task "CheckIfPackageReferenceShouldBeFrameworkReference"
     0>Property reassignment: $(ResolveAssemblyReferencesDependsOn)="
      
      
      ResolveProjectReferences;
      FindInvalidProjectReferences;
      GetFrameworkPaths;
      GetReferenceAssemblyPaths;
      PrepareForBuild;
      ResolveSDKReferences;
      ExpandSDKReferences;
    ;
      ResolvePackageDependenciesForBuild;
      _HandlePackageFileConflicts;
    ;
      ResolveTargetingPackAssets;
    " (previous value: "
      
      ResolveProjectReferences;
      FindInvalidProjectReferences;
      GetFrameworkPaths;
      GetReferenceAssemblyPaths;
      PrepareForBuild;
      ResolveSDKReferences;
      ExpandSDKReferences;
    ;
      ResolvePackageDependenciesForBuild;
      _HandlePackageFileConflicts;
    ") at C:\Program Files\dotnet\sdk\8.0.302\Sdks\Microsoft.NET.Sdk\targets\Microsoft.NET.Sdk.FrameworkReferenceResolution.targets (14,5)
   2:8>Done executing task "CheckIfPackageReferenceShouldBeFrameworkReference".
       Task "NETSdkError" skipped, due to false condition; ('$(_ShouldRemoveAspNetCoreAll)' == 'true') was evaluated as ('False' == 'true').
       Task "CheckIfPackageReferenceShouldBeFrameworkReference"
     0>Property reassignment: $(_GenerateRuntimeConfigurationPropertyInputsCache)="D:\Tito Pedraza\OneDrive\Proyectos\Codigo Fuente\repos\HumanCore\src\TalenHuman.API\obj\Debug\net8.0\TalenHuman.API.genruntimeconfig.cache" (previous value: "obj\Debug\net8.0\TalenHuman.API.genruntimeconfig.cache") at C:\Program Files\dotnet\sdk\8.0.302\Sdks\Microsoft.NET.Sdk\targets\Microsoft.NET.Sdk.targets (44,5)
   2:8>Done executing task "CheckIfPackageReferenceShouldBeFrameworkReference".
     0>Property reassignment: $(_GeneratePublishDependencyFilePropertyInputsCache)="D:\Tito Pedraza\OneDrive\Proyectos\Codigo Fuente\repos\HumanCore\src\TalenHuman.API\obj\Debug\net8.0\TalenHuman.API.genpublishdeps.cache" (previous value: "obj\Debug\net8.0\TalenHuman.API.genpublishdeps.cache") at C:\Program Files\dotnet\sdk\8.0.302\Sdks\Microsoft.NET.Sdk\targets\Microsoft.NET.Sdk.targets (46,5)
       Property reassignment: $(_GenerateSingleFileBundlePropertyInputsCache)="D:\Tito Pedraza\OneDrive\Proyectos\Codigo Fuente\repos\HumanCore\src\TalenHuman.API\obj\Debug\net8.0\TalenHuman.API.genbundle.cache" (previous value: "obj\Debug\net8.0\TalenHuman.API.genbundle.cache") at C:\Program Files\dotnet\sdk\8.0.302\Sdks\Microsoft.NET.Sdk\targets\Microsoft.NET.Sdk.targets (48,5)
   2:8>UpdateAspNetToFrameworkReference:
       Task "NETSdkWarning" skipped, due to false condition; ('$(_ShouldRemoveAspNetCoreApp)' == 'true') was evaluated as ('False' == 'true').
     0>Property reassignment: $(GenerateRuntimeConfigDevFile)="false" (previous value: "true") at C:\Program Files\dotnet\sdk\8.0.302\Sdks\Microsoft.NET.Sdk\targets\Microsoft.NET.Sdk.targets (81,5)
   2:8>Done building target "UpdateAspNetToFrameworkReference" in project "TalenHuman.Application.csproj".
       Target "IncludeTargetingPackReference" skipped, due to false condition; ('$(TargetFrameworkMoniker)' != '' and '$(TargetFrameworkIdentifier)' == '.NETFramework' and '$(AutomaticallyUseReferenceAssemblyPackages)' == 'true') was evaluated as ('.NETCoreApp,Version=v8.0' != '' and '.NETCoreApp' == '.NETFramework' and 'true' == 'true').
   2:8>Target "CheckForImplicitPackageReferenceOverrides" in file "C:\Program Files\dotnet\sdk\8.0.302\Sdks\Microsoft.NET.Sdk\targets\Microsoft.NET.Sdk.DefaultItems.Shared.targets" from project "D:\Tito Pedraza\OneDrive\Proyectos\Codigo Fuente\repos\HumanCore\src\TalenHuman.Application\TalenHuman.Application.csproj" (target "ApplyImplicitVersions" depends on it):
       Using "CheckForImplicitPackageReferenceOverrides" task from assembly "C:\Program Files\dotnet\sdk\8.0.302\Sdks\Microsoft.NET.Sdk\targets\..\tools\net8.0\Microsoft.NET.Build.Tasks.dll".
     0>Property reassignment: $(_DefaultUserProfileRuntimeStorePath)="C:\Users\messa" (previous value: "") at C:\Program Files\dotnet\sdk\8.0.302\Sdks\Microsoft.NET.Sdk\targets\Microsoft.NET.Sdk.targets (97,5)
   2:8>Task "CheckForImplicitPackageReferenceOverrides"
       Done executing task "CheckForImplicitPackageReferenceOverrides".
     0>Property reassignment: $(_DefaultUserProfileRuntimeStorePath)="C:\Users\messa\.dotnet\store" (previous value: "C:\Users\messa") at C:\Program Files\dotnet\sdk\8.0.302\Sdks\Microsoft.NET.Sdk\targets\Microsoft.NET.Sdk.targets (98,5)
   2:8>Done building target "CheckForImplicitPackageReferenceOverrides" in project "TalenHuman.Application.csproj".
     0>Property reassignment: $(AvailablePlatforms)="Any CPU,x86,x64,ARM32" (previous value: "Any CPU,x86,x64") at C:\Program Files\dotnet\sdk\8.0.302\Sdks\Microsoft.NET.Sdk\targets\Microsoft.NET.Sdk.targets (136,5)
       Property reassignment: $(AvailablePlatforms)="Any CPU,x86,x64,ARM32,ARM64" (previous value: "Any CPU,x86,x64,ARM32") at C:\Program Files\dotnet\sdk\8.0.302\Sdks\Microsoft.NET.Sdk\targets\Microsoft.NET.Sdk.targets (140,5)
       Property reassignment: $(CoreBuildDependsOn)="
             _CheckForBuildWithNoBuild;
             
             BuildOnlySettings;
             PrepareForBuild;
             PreBuildEvent;
             ResolveReferences;
             PrepareResources;
             ResolveKeySource;
             Compile;
             ExportWindowsMDFile;
             UnmanagedUnregistration;
             GenerateSerializationAssemblies;
             CreateSatelliteAssemblies;
             GenerateManifests;
             GetTargetPath;
             PrepareForRun;
             UnmanagedRegistration;
             IncrementalClean;
             PostBuildEvent
           ;
             GenerateBuildDependencyFile;
             GenerateBuildRuntimeConfigurationFiles
           " (previous value: "
             BuildOnlySettings;
             PrepareForBuild;
             PreBuildEvent;
             ResolveReferences;
             PrepareResources;
             ResolveKeySource;
             Compile;
             ExportWindowsMDFile;
             UnmanagedUnregistration;
             GenerateSerializationAssemblies;
             CreateSatelliteAssemblies;
             GenerateManifests;
             GetTargetPath;
             PrepareForRun;
             UnmanagedRegistration;
             IncrementalClean;
             PostBuildEvent
           ") at C:\Program Files\dotnet\sdk\8.0.302\Sdks\Microsoft.NET.Sdk\targets\Microsoft.NET.Sdk.targets (197,5)
       Property reassignment: $(CoreCleanDependsOn)="
             _SdkBeforeClean;
             
           " (previous value: "") at C:\Program Files\dotnet\sdk\8.0.302\Sdks\Microsoft.NET.Sdk\targets\Microsoft.NET.Sdk.targets (206,5)
   2:8>Target "ApplyImplicitVersions" in file "C:\Program Files\dotnet\sdk\8.0.302\Sdks\Microsoft.NET.Sdk\targets\Microsoft.NET.Sdk.DefaultItems.Shared.targets" from project "D:\Tito Pedraza\OneDrive\Proyectos\Codigo Fuente\repos\HumanCore\src\TalenHuman.Application\TalenHuman.Application.csproj" (target "CollectPackageReferences" depends on it):
   2:8>Using "ApplyImplicitVersions" task from assembly "C:\Program Files\dotnet\sdk\8.0.302\Sdks\Microsoft.NET.Sdk\targets\..\tools\net8.0\Microsoft.NET.Build.Tasks.dll".
     0>Property reassignment: $(RebuildDependsOn)="
      _SdkBeforeRebuild;
      
      BeforeRebuild;
      Clean;
      Build;
      AfterRebuild;
    
    " (previous value: "
      BeforeRebuild;
      Clean;
      Build;
      AfterRebuild;
    ") at C:\Program Files\dotnet\sdk\8.0.302\Sdks\Microsoft.NET.Sdk\targets\Microsoft.NET.Sdk.targets (213,5)
       Property reassignment: $(CompileDependsOn)="
             
             ResolveReferences;
             ResolveKeySource;
             SetWin32ManifestProperties;
             FindReferenceAssembliesForReferences;
             _GenerateCompileInputs;
             BeforeCompile;
             _TimeStampBeforeCompile;
             _GenerateCompileDependencyCache;
             CoreCompile;
             _TimeStampAfterCompile;
             AfterCompile;
           ;
             _CreateAppHost;
             _CreateComHost;
             _GetIjwHostPaths;
           " (previous value: "
             ResolveReferences;
             ResolveKeySource;
             SetWin32ManifestProperties;
             FindReferenceAssembliesForReferences;
             _GenerateCompileInputs;
             BeforeCompile;
             _TimeStampBeforeCompile;
             _GenerateCompileDependencyCache;
             CoreCompile;
             _TimeStampAfterCompile;
             AfterCompile;
           ") at C:\Program Files\dotnet\sdk\8.0.302\Sdks\Microsoft.NET.Sdk\targets\Microsoft.NET.Sdk.targets (679,5)
   2:8>Task "ApplyImplicitVersions"
     0>Property reassignment: $(CreateSatelliteAssembliesDependsOn)="
      
      ;
      _GenerateSatelliteAssemblyInputs;
      ComputeIntermediateSatelliteAssemblies;
      GenerateSatelliteAssemblies
    ;
      CoreGenerateSatelliteAssemblies
    " (previous value: "
      ;
      _GenerateSatelliteAssemblyInputs;
      ComputeIntermediateSatelliteAssemblies;
      GenerateSatelliteAssemblies
    ") at C:\Program Files\dotnet\sdk\8.0.302\Sdks\Microsoft.NET.Sdk\targets\Microsoft.NET.Sdk.targets (1065,5)
   2:8>Done executing task "ApplyImplicitVersions".
   2:8>Done building target "ApplyImplicitVersions" in project "TalenHuman.Application.csproj".
       Target "CheckForImplicitPackageReferenceOverrides" skipped. Previously built successfully.
       Target "AddWindowsSdkKnownFrameworkReferences" skipped, due to false condition; ('$(TargetFrameworkIdentifier)' == '.NETCoreApp' And '$(TargetPlatformIdentifier)' == 'Windows') was evaluated as ('.NETCoreApp' == '.NETCoreApp' And '' == 'Windows').
       Target "_NormalizeTargetPlatformVersion" skipped, due to false condition; ('$(TargetPlatformVersion)' != '' and '$(TargetFrameworkIdentifier)' == '.NETCoreApp' and $([MSBuild]::VersionGreaterThanOrEquals($(TargetFrameworkVersion), 5.0)) and ('$(Language)' != 'C++' or '$(_EnablePackageReferencesInVCProjects)' == 'true')) was evaluated as ('' != '' and '.NETCoreApp' == '.NETCoreApp' and True and ('C#' != 'C++' or '' == 'true')).
     0>Property reassignment: $(SourceLinkUrlInitializerTargets)=";_InitializeGitHubSourceLinkUrl;_InitializeGitLabSourceLinkUrl" (previous value: ";_InitializeGitHubSourceLinkUrl") at C:\Program Files\dotnet\sdk\8.0.302\Sdks\Microsoft.SourceLink.GitLab\build\Microsoft.SourceLink.GitLab.targets (12,5)
       Property reassignment: $(SourceControlManagerUrlTranslationTargets)=";TranslateGitHubUrlsInSourceControlInformation;TranslateGitLabUrlsInSourceControlInformation" (previous value: ";TranslateGitHubUrlsInSourceControlInformation") at C:\Program Files\dotnet\sdk\8.0.302\Sdks\Microsoft.SourceLink.GitLab\build\Microsoft.SourceLink.GitLab.targets (13,5)
   2:8>Target "_ComputeToolPackInputsToProcessFrameworkReferences" in file "C:\Program Files\dotnet\sdk\8.0.302\Sdks\Microsoft.NET.Sdk\targets\Microsoft.NET.Publish.targets" from project "D:\Tito Pedraza\OneDrive\Proyectos\Codigo Fuente\repos\HumanCore\src\TalenHuman.Application\TalenHuman.Application.csproj" (target "ProcessFrameworkReferences" depends on it):
   2:8>Done building target "_ComputeToolPackInputsToProcessFrameworkReferences" in project "TalenHuman.Application.csproj".
     0>Property reassignment: $(SourceLinkUrlInitializerTargets)=";_InitializeGitHubSourceLinkUrl;_InitializeGitLabSourceLinkUrl;_InitializeAzureReposGitSourceLinkUrl" (previous value: ";_InitializeGitHubSourceLinkUrl;_InitializeGitLabSourceLinkUrl") at C:\Program Files\dotnet\sdk\8.0.302\Sdks\Microsoft.SourceLink.AzureRepos.Git\build\Microsoft.SourceLink.AzureRepos.Git.targets (12,5)
       Property reassignment: $(SourceControlManagerUrlTranslationTargets)=";TranslateGitHubUrlsInSourceControlInformation;TranslateGitLabUrlsInSourceControlInformation;TranslateAzureReposGitUrlsInSourceControlInformation" (previous value: ";TranslateGitHubUrlsInSourceControlInformation;TranslateGitLabUrlsInSourceControlInformation") at C:\Program Files\dotnet\sdk\8.0.302\Sdks\Microsoft.SourceLink.AzureRepos.Git\build\Microsoft.SourceLink.AzureRepos.Git.targets (13,5)
       Property reassignment: $(SourceLinkUrlInitializerTargets)=";_InitializeGitHubSourceLinkUrl;_InitializeGitLabSourceLinkUrl;_InitializeAzureReposGitSourceLinkUrl;_InitializeBitbucketGitSourceLinkUrl" (previous value: ";_InitializeGitHubSourceLinkUrl;_InitializeGitLabSourceLinkUrl;_InitializeAzureReposGitSourceLinkUrl") at C:\Program Files\dotnet\sdk\8.0.302\Sdks\Microsoft.SourceLink.Bitbucket.Git\build\Microsoft.SourceLink.Bitbucket.Git.targets (12,5)
       Property reassignment: $(SourceControlManagerUrlTranslationTargets)=";TranslateGitHubUrlsInSourceControlInformation;TranslateGitLabUrlsInSourceControlInformation;TranslateAzureReposGitUrlsInSourceControlInformation;TranslateBitbucketGitUrlsInSourceControlInformation" (previous value: ";TranslateGitHubUrlsInSourceControlInformation;TranslateGitLabUrlsInSourceControlInformation;TranslateAzureReposGitUrlsInSourceControlInformation") at C:\Program Files\dotnet\sdk\8.0.302\Sdks\Microsoft.SourceLink.Bitbucket.Git\build\Microsoft.SourceLink.Bitbucket.Git.targets (13,5)
   2:8>Target "ProcessFrameworkReferences" in file "C:\Program Files\dotnet\sdk\8.0.302\Sdks\Microsoft.NET.Sdk\targets\Microsoft.NET.Sdk.FrameworkReferenceResolution.targets" from project "D:\Tito Pedraza\OneDrive\Proyectos\Codigo Fuente\repos\HumanCore\src\TalenHuman.Application\TalenHuman.Application.csproj" (target "CollectPackageReferences" depends on it):
   2:8>Using "CheckForDuplicateFrameworkReferences" task from assembly "C:\Program Files\dotnet\sdk\8.0.302\Sdks\Microsoft.NET.Sdk\targets\..\tools\net8.0\Microsoft.NET.Build.Tasks.dll".
       Task "CheckForDuplicateFrameworkReferences"
     0>Property reassignment: $(DesignerRuntimeImplementationProjectOutputGroupDependsOn)="
      
      ;
      
      ;
      BuildOnlySettings;
      PrepareForBuild;
      AssignTargetPaths;
      ResolveReferences
    
    ;
      _GenerateDesignerDepsFile;
      _GenerateDesignerRuntimeConfigFile;
      GetCopyToOutputDirectoryItems;
      _GatherDesignerShadowCopyFiles;
    " (previous value: "
      ;
      
      ;
      BuildOnlySettings;
      PrepareForBuild;
      AssignTargetPaths;
      ResolveReferences
    
    ") at C:\Program Files\dotnet\sdk\8.0.302\Sdks\Microsoft.NET.Sdk\targets\Microsoft.NET.DesignerSupport.targets (21,5)
   2:8>Done executing task "CheckForDuplicateFrameworkReferences".
       Using "ProcessFrameworkReferences" task from assembly "C:\Program Files\dotnet\sdk\8.0.302\Sdks\Microsoft.NET.Sdk\targets\..\tools\net8.0\Microsoft.NET.Build.Tasks.dll".
       Task "ProcessFrameworkReferences"
       Done executing task "ProcessFrameworkReferences".
       Using "ResolveAppHosts" task from assembly "C:\Program Files\dotnet\sdk\8.0.302\Sdks\Microsoft.NET.Sdk\targets\..\tools\net8.0\Microsoft.NET.Build.Tasks.dll".
       Task "ResolveAppHosts"
       Done executing task "ResolveAppHosts".
   2:8>Done building target "ProcessFrameworkReferences" in project "TalenHuman.Application.csproj".
   3:7>ResolveAssemblyReferences:
                 Private = 'false'
   2:8>Target "IncludeTargetingPackReference" skipped, due to false condition; ('$(TargetFrameworkMoniker)' != '' and '$(TargetFrameworkIdentifier)' == '.NETFramework' and '$(AutomaticallyUseReferenceAssemblyPackages)' == 'true') was evaluated as ('.NETCoreApp,Version=v8.0' != '' and '.NETCoreApp' == '.NETFramework' and 'true' == 'true').
   2:8>Target "_AddMicrosoftNetCompilerToolsetFrameworkPackage" in file "C:\Program Files\dotnet\sdk\8.0.302\Sdks\Microsoft.NET.Sdk\targets\Microsoft.NET.Sdk.targets" from project "D:\Tito Pedraza\OneDrive\Proyectos\Codigo Fuente\repos\HumanCore\src\TalenHuman.Application\TalenHuman.Application.csproj" (target "CollectPackageReferences" depends on it):
       Task "NETSdkWarning" skipped, due to false condition; ('@(PackageReference->AnyHaveMetadataValue('Identity', 'Microsoft.Net.Compilers.Toolset.Framework'))' == 'true') was evaluated as ('false' == 'true').
   3:7>ResolveAssemblyReferences:
             C:\Program Files\dotnet\packs\Microsoft.NETCore.App.Ref\8.0.6\ref/net8.0/System.IO.Compression.Brotli.dll
   2:8>Done building target "_AddMicrosoftNetCompilerToolsetFrameworkPackage" in project "TalenHuman.Application.csproj".
   3:7>ResolveAssemblyReferences:
                 Private = 'false'
     0>Property reassignment: $(_GenerateToolsSettingsFileCacheFile)="D:\Tito Pedraza\OneDrive\Proyectos\Codigo Fuente\repos\HumanCore\src\TalenHuman.API\obj\Debug\net8.0\TalenHuman.API.toolssettingsinput.cache" (previous value: "obj\Debug\net8.0\TalenHuman.API.toolssettingsinput.cache") at C:\Program Files\dotnet\sdk\8.0.302\Sdks\Microsoft.NET.Sdk\targets\Microsoft.NET.PackTool.targets (68,5)
       Property reassignment: $(_ShimInputCacheFile)="D:\Tito Pedraza\OneDrive\Proyectos\Codigo Fuente\repos\HumanCore\src\TalenHuman.API\obj\Debug\net8.0\TalenHuman.API.shiminput.cache" (previous value: "obj\Debug\net8.0\TalenHuman.API.shiminput.cache") at C:\Program Files\dotnet\sdk\8.0.302\Sdks\Microsoft.NET.Sdk\targets\Microsoft.NET.PackTool.targets (137,5)
       Property reassignment: $(_ShimCreatedSentinelFile)="D:\Tito Pedraza\OneDrive\Proyectos\Codigo Fuente\repos\HumanCore\src\TalenHuman.API\obj\Debug\net8.0\TalenHuman.API.shimcreated.sentinel" (previous value: "obj\Debug\net8.0\TalenHuman.API.shimcreated.sentinel") at C:\Program Files\dotnet\sdk\8.0.302\Sdks\Microsoft.NET.Sdk\targets\Microsoft.NET.PackTool.targets (139,5)
   3:7>ResolveAssemblyReferences:
             C:\Program Files\dotnet\packs\Microsoft.NETCore.App.Ref\8.0.6\ref/net8.0/System.IO.Compression.FileSystem.dll
                 Private = 'false'
     0>Property reassignment: $(DefineConstants)="TRACE;DEBUG" (previous value: "TRACE") at C:\Program Files\dotnet\sdk\8.0.302\Sdks\Microsoft.NET.Sdk\targets\Microsoft.NET.Sdk.CSharp.targets (31,5)
   3:7>ResolveAssemblyReferences:
             C:\Program Files\dotnet\packs\Microsoft.NETCore.App.Ref\8.0.6\ref/net8.0/System.IO.Compression.ZipFile.dll
     0>Property reassignment: $(DefineConstants)="TRACE;DEBUG;NET;NET8_0;NETCOREAPP" (previous value: "TRACE;DEBUG") at C:\Program Files\dotnet\sdk\8.0.302\Sdks\Microsoft.NET.Sdk\targets\Microsoft.NET.Sdk.CSharp.targets (34,5)
       Property reassignment: $(WarningsAsErrors)=";NU1605;SYSLIB0011" (previous value: ";NU1605") at C:\Program Files\dotnet\sdk\8.0.302\Sdks\Microsoft.NET.Sdk\targets\Microsoft.NET.Sdk.CSharp.targets (48,5)
   3:7>ResolveAssemblyReferences:
                 Private = 'false'
             C:\Program Files\dotnet\packs\Microsoft.NETCore.App.Ref\8.0.6\ref/net8.0/System.IO.Compression.dll
                 Private = 'false'
             C:\Program Files\dotnet\packs\Microsoft.NETCore.App.Ref\8.0.6\ref/net8.0/System.IO.FileSystem.AccessControl.dll
                 Private = 'false'
             C:\Program Files\dotnet\packs\Microsoft.NETCore.App.Ref\8.0.6\ref/net8.0/System.IO.FileSystem.DriveInfo.dll
                 Private = 'false'
             C:\Program Files\dotnet\packs\Microsoft.NETCore.App.Ref\8.0.6\ref/net8.0/System.IO.FileSystem.Primitives.dll
   2:8>Target "_CheckForObsoleteDotNetCliToolReferences" in file "C:\Program Files\dotnet\sdk\8.0.302\Sdks\Microsoft.NET.Sdk\targets\Microsoft.NET.ObsoleteReferences.targets" from project "D:\Tito Pedraza\OneDrive\Proyectos\Codigo Fuente\repos\HumanCore\src\TalenHuman.Application\TalenHuman.Application.csproj" (target "CollectPackageReferences" depends on it):
   2:8>Task "NETSdkWarning" skipped, due to false condition; ( '%(_ReferenceToObsoleteDotNetCliTool.Identity)' != '' ) was evaluated as ( '' != '' ).
   3:7>ResolveAssemblyReferences:
                 Private = 'false'
             C:\Program Files\dotnet\packs\Microsoft.NETCore.App.Ref\8.0.6\ref/net8.0/System.IO.FileSystem.Watcher.dll
   2:8>Done building target "_CheckForObsoleteDotNetCliToolReferences" in project "TalenHuman.Application.csproj".
   3:7>ResolveAssemblyReferences:
                 Private = 'false'
             C:\Program Files\dotnet\packs\Microsoft.NETCore.App.Ref\8.0.6\ref/net8.0/System.IO.FileSystem.dll
   2:8>Target "CollectPackageReferences" in file "C:\Program Files\dotnet\sdk\8.0.302\NuGet.targets" from project "D:\Tito Pedraza\OneDrive\Proyectos\Codigo Fuente\repos\HumanCore\src\TalenHuman.Application\TalenHuman.Application.csproj" (target "_GetRestoreProjectStyle" depends on it):
   2:8>Using "CheckForDuplicateNuGetItemsTask" task from assembly "C:\Program Files\dotnet\sdk\8.0.302\NuGet.Build.Tasks.dll".
     0>Property reassignment: $(PackageDescription)="Package Description" (previous value: "") at C:\Program Files\dotnet\sdk\8.0.302\Sdks\NuGet.Build.Tasks.Pack\build\NuGet.Build.Tasks.Pack.targets (34,5)
   2:8>Task "CheckForDuplicateNuGetItemsTask"
     0>Property reassignment: $(GenerateNuspecDependsOn)="Build;_LoadPackInputItems; _GetTargetFrameworksOutput; _WalkEachTargetPerFramework; _GetPackageFiles; " (previous value: "_LoadPackInputItems; _GetTargetFrameworksOutput; _WalkEachTargetPerFramework; _GetPackageFiles; ") at C:\Program Files\dotnet\sdk\8.0.302\Sdks\NuGet.Build.Tasks.Pack\build\NuGet.Build.Tasks.Pack.targets (59,5)
   2:8>Done executing task "CheckForDuplicateNuGetItemsTask".
     0>Property reassignment: $(_IsSDKContainerAllowedVersion)="true" (previous value: "false") at C:\Program Files\dotnet\sdk\8.0.302\Containers\build\Microsoft.NET.Build.Containers.targets (5,5)
       Property reassignment: $(_ContainerIsTargetingNet8TFM)="true" (previous value: "false") at C:\Program Files\dotnet\sdk\8.0.302\Containers\build\Microsoft.NET.Build.Containers.targets (15,5)
   2:8>Done building target "CollectPackageReferences" in project "TalenHuman.Application.csproj".
   3:7>ResolveAssemblyReferences:
                 Private = 'false'
     0>Property 'DOTNET_HOST_PATH' with value 'C:\Program Files\dotnet\dotnet.exe' expanded from the environment.
   2:8>Target "_GetRestoreProjectStyle" in file "C:\Program Files\dotnet\sdk\8.0.302\NuGet.targets" from project "D:\Tito Pedraza\OneDrive\Proyectos\Codigo Fuente\repos\HumanCore\src\TalenHuman.Application\TalenHuman.Application.csproj" (target "EnableIntermediateOutputPathMismatchWarning" depends on it):
   2:8>Using "GetRestoreProjectStyleTask" task from assembly "C:\Program Files\dotnet\sdk\8.0.302\NuGet.Build.Tasks.dll".
     0>Property reassignment: $(PrepareForRunDependsOn)="StaticWebAssetsPrepareForRun;
      CopyFilesToOutputDirectory
    " (previous value: "
      CopyFilesToOutputDirectory
    ") at C:\Program Files\dotnet\sdk\8.0.302\Sdks\Microsoft.NET.Sdk.StaticWebAssets\targets\Microsoft.NET.Sdk.StaticWebAssets.targets (255,5)
       Property reassignment: $(GetCopyToOutputDirectoryItemsDependsOn)="
             AssignTargetPaths;
             
             AssignProjectConfiguration;
             _SplitProjectReferencesByFileExistence
           ;
             _GetProjectReferenceTargetFrameworkProperties;
             _PopulateCommonStateForGetCopyToOutputDirectoryItems
           ;AddStaticWebAssetsManifest" (previous value: "
             AssignTargetPaths;
             
             AssignProjectConfiguration;
             _SplitProjectReferencesByFileExistence
           ;
             _GetProjectReferenceTargetFrameworkProperties;
             _PopulateCommonStateForGetCopyToOutputDirectoryItems
           ") at C:\Program Files\dotnet\sdk\8.0.302\Sdks\Microsoft.NET.Sdk.StaticWebAssets\targets\Microsoft.NET.Sdk.StaticWebAssets.targets (266,5)
   3:7>ResolveAssemblyReferences:
             C:\Program Files\dotnet\packs\Microsoft.NETCore.App.Ref\8.0.6\ref/net8.0/System.IO.IsolatedStorage.dll
   2:8>Task "GetRestoreProjectStyleTask"
       Done executing task "GetRestoreProjectStyleTask".
     0>Property reassignment: $(GenerateNuspecDependsOn)="
      IncludeStaticWebAssetsPackItems;
      Build;_LoadPackInputItems; _GetTargetFrameworksOutput; _WalkEachTargetPerFramework; _GetPackageFiles; ;
    " (previous value: "Build;_LoadPackInputItems; _GetTargetFrameworksOutput; _WalkEachTargetPerFramework; _GetPackageFiles; ") at C:\Program Files\dotnet\sdk\8.0.302\Sdks\Microsoft.NET.Sdk.StaticWebAssets\targets\Microsoft.NET.Sdk.StaticWebAssets.Pack.targets (41,5)
       Property reassignment: $(IncludeStaticWebAssetsPackItemsDependsOn)="
             Build;
             ResolveStaticWebAssetsConfiguration;LoadStaticWebAssetsBuildManifest
           ;
           " (previous value: "
             ResolveStaticWebAssetsConfiguration;LoadStaticWebAssetsBuildManifest
           ") at C:\Program Files\dotnet\sdk\8.0.302\Sdks\Microsoft.NET.Sdk.StaticWebAssets\targets\Microsoft.NET.Sdk.StaticWebAssets.Pack.targets (50,5)
   2:8>Done building target "_GetRestoreProjectStyle" in project "TalenHuman.Application.csproj".
     0>Property reassignment: $(ResolveStaticWebAssetsInputsDependsOn)="
    UpdateExistingPackageStaticWebAssets;ResolveProjectStaticWebAssets;ResolveEmbeddedProjectsStaticWebAssets;ResolveReferencedProjectsStaticWebAssets;;
    UpdateLegacyPackageScopedCssBundles;
    _AddScopedCssBundles;
  " (previous value: "UpdateExistingPackageStaticWebAssets;ResolveProjectStaticWebAssets;ResolveEmbeddedProjectsStaticWebAssets;ResolveReferencedProjectsStaticWebAssets;") at C:\Program Files\dotnet\sdk\8.0.302\Sdks\Microsoft.NET.Sdk.StaticWebAssets\targets\Microsoft.NET.Sdk.StaticWebAssets.ScopedCss.targets (55,3)
       Property reassignment: $(GenerateComputedBuildStaticWebAssetsDependsOn)="
           ;
           _ResolveBundlingConfiguration;
           _GenerateScopedCssFiles;
           BundleScopedCssFiles;
         " (previous value: "") at C:\Program Files\dotnet\sdk\8.0.302\Sdks\Microsoft.NET.Sdk.StaticWebAssets\targets\Microsoft.NET.Sdk.StaticWebAssets.ScopedCss.targets (61,3)
   3:7>ResolveAssemblyReferences:
                 Private = 'false'
   2:8>Target "EnableIntermediateOutputPathMismatchWarning" in file "C:\Program Files\dotnet\sdk\8.0.302\NuGet.targets" from project "D:\Tito Pedraza\OneDrive\Proyectos\Codigo Fuente\repos\HumanCore\src\TalenHuman.Application\TalenHuman.Application.csproj" (target "_CheckForInvalidConfigurationAndPlatform" depends on it):
   2:8>Done building target "EnableIntermediateOutputPathMismatchWarning" in project "TalenHuman.Application.csproj".
     0>Property reassignment: $(ResolveStaticWebAssetsInputsDependsOn)="
      
    UpdateExistingPackageStaticWebAssets;ResolveProjectStaticWebAssets;ResolveEmbeddedProjectsStaticWebAssets;ResolveReferencedProjectsStaticWebAssets;;
    UpdateLegacyPackageScopedCssBundles;
    _AddScopedCssBundles;
  ;
      _AddJsModulesToStaticWebAssets;
    " (previous value: "
    UpdateExistingPackageStaticWebAssets;ResolveProjectStaticWebAssets;ResolveEmbeddedProjectsStaticWebAssets;ResolveReferencedProjectsStaticWebAssets;;
    UpdateLegacyPackageScopedCssBundles;
    _AddScopedCssBundles;
  ") at C:\Program Files\dotnet\sdk\8.0.302\Sdks\Microsoft.NET.Sdk.StaticWebAssets\targets\Microsoft.NET.Sdk.StaticWebAssets.JSModules.targets (36,5)
       Property reassignment: $(StaticWebAssetsPrepareForRunDependsOn)="
             ;GenerateStaticWebAssetsManifest;GenerateComputedBuildStaticWebAssets;CopyStaticWebAssetsToOutputDirectory;
             _GenerateBuildJsModuleManifest;
           " (previous value: ";GenerateStaticWebAssetsManifest;GenerateComputedBuildStaticWebAssets;CopyStaticWebAssetsToOutputDirectory") at C:\Program Files\dotnet\sdk\8.0.302\Sdks\Microsoft.NET.Sdk.StaticWebAssets\targets\Microsoft.NET.Sdk.StaticWebAssets.JSModules.targets (44,5)
       Property reassignment: $(StaticWebAssetsPrepareForPublishDependsOn)="
             ;ResolveStaticWebAssetsConfiguration;GenerateStaticWebAssetsPublishManifest;GenerateComputedPublishStaticWebAssets;
             _GeneratePublishJsModuleManifest;
           " (previous value: ";ResolveStaticWebAssetsConfiguration;GenerateStaticWebAssetsPublishManifest;GenerateComputedPublishStaticWebAssets") at C:\Program Files\dotnet\sdk\8.0.302\Sdks\Microsoft.NET.Sdk.StaticWebAssets\targets\Microsoft.NET.Sdk.StaticWebAssets.JSModules.targets (49,5)
       Property reassignment: $(ResolveStaticWebAssetsInputsDependsOn)="
             
             
           UpdateExistingPackageStaticWebAssets;ResolveProjectStaticWebAssets;ResolveEmbeddedProjectsStaticWebAssets;ResolveReferencedProjectsStaticWebAssets;;
           UpdateLegacyPackageScopedCssBundles;
           _AddScopedCssBundles;
         ;
             _AddJsModulesToStaticWebAssets;
           ;
             _AddBuildJsModuleManifest;
           " (previous value: "
             
           UpdateExistingPackageStaticWebAssets;ResolveProjectStaticWebAssets;ResolveEmbeddedProjectsStaticWebAssets;ResolveReferencedProjectsStaticWebAssets;;
           UpdateLegacyPackageScopedCssBundles;
           _AddScopedCssBundles;
         ;
             _AddJsModulesToStaticWebAssets;
           ") at C:\Program Files\dotnet\sdk\8.0.302\Sdks\Microsoft.NET.Sdk.StaticWebAssets\targets\Microsoft.NET.Sdk.StaticWebAssets.JSModules.targets (54,5)
       Property reassignment: $(ResolvePublishStaticWebAssetsDependsOn)="
             LoadStaticWebAssetsBuildManifest;ComputeReferencedProjectsEmbeddedPublishAssets;ComputeReferencedProjectsPublishAssets;;
             _AddPublishJsModuleManifest
           " (previous value: "LoadStaticWebAssetsBuildManifest;ComputeReferencedProjectsEmbeddedPublishAssets;ComputeReferencedProjectsPublishAssets;") at C:\Program Files\dotnet\sdk\8.0.302\Sdks\Microsoft.NET.Sdk.StaticWebAssets\targets\Microsoft.NET.Sdk.StaticWebAssets.JSModules.targets (59,5)
   2:8>Target "ApplyImplicitVersions" skipped. Previously built successfully.
       Target "CheckForImplicitPackageReferenceOverrides" skipped. Previously built successfully.
     0>Property reassignment: $(GenerateComputedBuildStaticWebAssetsDependsOn)="
      
    ;
    _ResolveBundlingConfiguration;
    _GenerateScopedCssFiles;
    BundleScopedCssFiles;
  ;
      _CompressFiles;
    " (previous value: "
    ;
    _ResolveBundlingConfiguration;
    _GenerateScopedCssFiles;
    BundleScopedCssFiles;
  ") at C:\Program Files\dotnet\sdk\8.0.302\Sdks\Microsoft.NET.Sdk.StaticWebAssets\targets\Microsoft.NET.Sdk.StaticWebAssets.Compression.targets (35,5)
       Property reassignment: $(GenerateComputedPublishStaticWebAssetsDependsOn)="
             ;
             _CompressFilesForPublish;
           " (previous value: "") at C:\Program Files\dotnet\sdk\8.0.302\Sdks\Microsoft.NET.Sdk.StaticWebAssets\targets\Microsoft.NET.Sdk.StaticWebAssets.Compression.targets (39,5)
       Property reassignment: $(StaticWebAssetsPrepareForPublishDependsOn)="
             
             ;ResolveStaticWebAssetsConfiguration;GenerateStaticWebAssetsPublishManifest;GenerateComputedPublishStaticWebAssets;
             _GeneratePublishJsModuleManifest;
           ;
             _CompressFilesForPublish;
           " (previous value: "
             ;ResolveStaticWebAssetsConfiguration;GenerateStaticWebAssetsPublishManifest;GenerateComputedPublishStaticWebAssets;
             _GeneratePublishJsModuleManifest;
           ") at C:\Program Files\dotnet\sdk\8.0.302\Sdks\Microsoft.NET.Sdk.StaticWebAssets\targets\Microsoft.NET.Sdk.StaticWebAssets.Compression.targets (43,5)
       Property reassignment: $(ResolveStaticWebAssetsInputsDependsOn)="
             
             
             
           UpdateExistingPackageStaticWebAssets;ResolveProjectStaticWebAssets;ResolveEmbeddedProjectsStaticWebAssets;ResolveReferencedProjectsStaticWebAssets;;
           UpdateLegacyPackageScopedCssBundles;
           _AddScopedCssBundles;
         ;
             _AddJsModulesToStaticWebAssets;
           ;
             _AddBuildJsModuleManifest;
           ;
             _ResolveCompressedFiles;
           " (previous value: "
             
             
           UpdateExistingPackageStaticWebAssets;ResolveProjectStaticWebAssets;ResolveEmbeddedProjectsStaticWebAssets;ResolveReferencedProjectsStaticWebAssets;;
           UpdateLegacyPackageScopedCssBundles;
           _AddScopedCssBundles;
         ;
             _AddJsModulesToStaticWebAssets;
           ;
             _AddBuildJsModuleManifest;
           ") at C:\Program Files\dotnet\sdk\8.0.302\Sdks\Microsoft.NET.Sdk.StaticWebAssets\targets\Microsoft.NET.Sdk.StaticWebAssets.Compression.targets (47,5)
       Property reassignment: $(ResolvePublishStaticWebAssetsDependsOn)="
             
             LoadStaticWebAssetsBuildManifest;ComputeReferencedProjectsEmbeddedPublishAssets;ComputeReferencedProjectsPublishAssets;;
             _AddPublishJsModuleManifest
           ;
             _ResolveCompressedFilesForPublish;
           " (previous value: "
             LoadStaticWebAssetsBuildManifest;ComputeReferencedProjectsEmbeddedPublishAssets;ComputeReferencedProjectsPublishAssets;;
             _AddPublishJsModuleManifest
           ") at C:\Program Files\dotnet\sdk\8.0.302\Sdks\Microsoft.NET.Sdk.StaticWebAssets\targets\Microsoft.NET.Sdk.StaticWebAssets.Compression.targets (51,5)
   2:8>Target "CheckForDuplicateItems" in file "C:\Program Files\dotnet\sdk\8.0.302\Sdks\Microsoft.NET.Sdk\targets\Microsoft.NET.Sdk.DefaultItems.Shared.targets" from project "D:\Tito Pedraza\OneDrive\Proyectos\Codigo Fuente\repos\HumanCore\src\TalenHuman.Application\TalenHuman.Application.csproj" (target "_CheckForInvalidConfigurationAndPlatform" depends on it):
   2:8>Using "CheckForDuplicateItems" task from assembly "C:\Program Files\dotnet\sdk\8.0.302\Sdks\Microsoft.NET.Sdk\targets\..\tools\net8.0\Microsoft.NET.Build.Tasks.dll".
     0>Property reassignment: $(ResolveScopedCssOutputsDependsOn)="
      
    ;
  ;
      ResolveCssScopes;
    " (previous value: "
    ;
  ") at C:\Program Files\dotnet\sdk\8.0.302\Sdks\Microsoft.NET.Sdk.Razor\targets\Sdk.Razor.CurrentVersion.targets (188,5)
       Property reassignment: $(DebugSymbolsProjectOutputGroupDependsOn)="
             ;
             _RazorAddDebugSymbolsProjectOutputGroupOutput
           " (previous value: "") at C:\Program Files\dotnet\sdk\8.0.302\Sdks\Microsoft.NET.Sdk.Razor\targets\Sdk.Razor.CurrentVersion.targets (193,5)
       Property reassignment: $(PrepareForBuildDependsOn)="
             ;GetFrameworkPaths;GetReferenceAssemblyPaths;AssignLinkMetadata;
             ResolveRazorGenerateInputs
           " (previous value: ";GetFrameworkPaths;GetReferenceAssemblyPaths;AssignLinkMetadata") at C:\Program Files\dotnet\sdk\8.0.302\Sdks\Microsoft.NET.Sdk.Razor\targets\Sdk.Razor.CurrentVersion.targets (198,5)
       Property reassignment: $(GenerateNuspecDependsOn)="
             ResolveRazorGenerateInputs;
             
             IncludeStaticWebAssetsPackItems;
             Build;_LoadPackInputItems; _GetTargetFrameworksOutput; _WalkEachTargetPerFramework; _GetPackageFiles; ;
           
           " (previous value: "
             IncludeStaticWebAssetsPackItems;
             Build;_LoadPackInputItems; _GetTargetFrameworksOutput; _WalkEachTargetPerFramework; _GetPackageFiles; ;
           ") at C:\Program Files\dotnet\sdk\8.0.302\Sdks\Microsoft.NET.Sdk.Razor\targets\Sdk.Razor.CurrentVersion.targets (203,5)
       Property reassignment: $(PrepareForRunDependsOn)="
             _RazorPrepareForRun;
             StaticWebAssetsPrepareForRun;
             CopyFilesToOutputDirectory
           
           " (previous value: "StaticWebAssetsPrepareForRun;
             CopyFilesToOutputDirectory
           ") at C:\Program Files\dotnet\sdk\8.0.302\Sdks\Microsoft.NET.Sdk.Razor\targets\Sdk.Razor.CurrentVersion.targets (208,5)
   2:8>Task "CheckForDuplicateItems"
   3:7>ResolveAssemblyReferences:
             C:\Program Files\dotnet\packs\Microsoft.NETCore.App.Ref\8.0.6\ref/net8.0/System.IO.MemoryMappedFiles.dll
   2:8>Done executing task "CheckForDuplicateItems".
   3:7>ResolveAssemblyReferences:
                 Private = 'false'
   2:8>Task "CheckForDuplicateItems"
   3:7>ResolveAssemblyReferences:
             C:\Program Files\dotnet\packs\Microsoft.NETCore.App.Ref\8.0.6\ref/net8.0/System.IO.Pipes.AccessControl.dll
   2:8>Done executing task "CheckForDuplicateItems".
   3:7>ResolveAssemblyReferences:
                 Private = 'false'
     0>Property reassignment: $(UseRazorBuildServer)="true" (previous value: "") at C:\Program Files\dotnet\sdk\8.0.302\Sdks\Microsoft.NET.Sdk.Razor\targets\Sdk.Razor.CurrentVersion.targets (299,5)
       Property reassignment: $(_RazorDebugSymbolsProduced)="true" (previous value: "false") at C:\Program Files\dotnet\sdk\8.0.302\Sdks\Microsoft.NET.Sdk.Razor\targets\Sdk.Razor.CurrentVersion.targets (305,5)
   2:8>Task "CheckForDuplicateItems"
   3:7>ResolveAssemblyReferences:
             C:\Program Files\dotnet\packs\Microsoft.NETCore.App.Ref\8.0.6\ref/net8.0/System.IO.Pipes.dll
   2:8>Done executing task "CheckForDuplicateItems".
   3:7>ResolveAssemblyReferences:
                 Private = 'false'
     0>Property reassignment: $(GenerateRazorTargetAssemblyInfoDependsOn)="
      _ResolveMvcAssemblyAttributes;
      
      GetRazorTargetAssemblyAttributes;
      _CreateRazorTargetAssemblyInfoInputsCacheFile;
      CoreGenerateRazorTargetAssemblyInfo
    
    " (previous value: "
      GetRazorTargetAssemblyAttributes;
      _CreateRazorTargetAssemblyInfoInputsCacheFile;
      CoreGenerateRazorTargetAssemblyInfo
    ") at C:\Program Files\dotnet\sdk\8.0.302\Sdks\Microsoft.NET.Sdk.Razor\targets\Microsoft.NET.Sdk.Razor.GenerateAssemblyInfo.targets (36,5)
   2:8>Done building target "CheckForDuplicateItems" in project "TalenHuman.Application.csproj".
     0>Property reassignment: $(CoreCompileDependsOn)="
      ;_ComputeNonExistentFileProperty;ResolveCodeAnalysisRuleSet;
      _GenerateRazorAssemblyInfo
    " (previous value: ";_ComputeNonExistentFileProperty;ResolveCodeAnalysisRuleSet") at C:\Program Files\dotnet\sdk\8.0.302\Sdks\Microsoft.NET.Sdk.Razor\targets\Microsoft.NET.Sdk.Razor.GenerateAssemblyInfo.targets (181,5)
       Property reassignment: $(_GenerateRazorAssemblyInfoDependsOn)="
             _ResolveMvcAssemblyAttributes;
             RazorGetAssemblyAttributes;PrepareForBuild;_CoreGenerateRazorAssemblyInfo;
           " (previous value: "RazorGetAssemblyAttributes;PrepareForBuild;_CoreGenerateRazorAssemblyInfo") at C:\Program Files\dotnet\sdk\8.0.302\Sdks\Microsoft.NET.Sdk.Razor\targets\Microsoft.NET.Sdk.Razor.GenerateAssemblyInfo.targets (189,5)
   3:7>ResolveAssemblyReferences:
             C:\Program Files\dotnet\packs\Microsoft.NETCore.App.Ref\8.0.6\ref/net8.0/System.IO.UnmanagedMemoryStream.dll
     0>Property reassignment: $(CoreCompileDependsOn)="
      _DiscoverMvcApplicationParts;
      
      ;_ComputeNonExistentFileProperty;ResolveCodeAnalysisRuleSet;
      _GenerateRazorAssemblyInfo
    ;
    " (previous value: "
      ;_ComputeNonExistentFileProperty;ResolveCodeAnalysisRuleSet;
      _GenerateRazorAssemblyInfo
    ") at C:\Program Files\dotnet\sdk\8.0.302\Sdks\Microsoft.NET.Sdk.Razor\targets\Microsoft.NET.Sdk.Razor.MvcApplicationPartsDiscovery.targets (22,5)
   2:8>Target "WarnForExplicitVersions" skipped, due to false condition; ('@(SdkBuildWarning)' != '') was evaluated as ('' != '').
     0>Property reassignment: $(RazorDesignTimeTargets)="C:\Program Files\dotnet\sdk\8.0.302\Sdks\Microsoft.NET.Sdk.Razor\targets\Microsoft.NET.Sdk.Razor.DesignTime.targets" (previous value: "C:\Program Files\dotnet\sdk\8.0.302\\Microsoft\VisualStudio\Razor\Microsoft.NET.Sdk.Razor.DesignTime.targets") at C:\Program Files\dotnet\sdk\8.0.302\Sdks\Microsoft.NET.Sdk.Razor\targets\Sdk.Razor.CurrentVersion.targets (779,5)
   2:8>Target "_CheckForFailedSDKResolution" skipped, due to false condition; ('$(SdkResolverHonoredGlobalJson)' == 'false') was evaluated as ('' == 'false').
     0>Property reassignment: $(RunWorkingDirectory)="D:\Tito Pedraza\OneDrive\Proyectos\Codigo Fuente\repos\HumanCore\src\TalenHuman.API" (previous value: "") at C:\Program Files\dotnet\sdk\8.0.302\Sdks\Microsoft.NET.Sdk.Web.ProjectSystem\targets\Microsoft.NET.Sdk.Web.ProjectSystem.targets (21,5)
   3:7>ResolveAssemblyReferences:
                 Private = 'false'
   2:8>Target "_WarnWhenUsingNET8AndVSPriorTo178" skipped, due to false condition; ($([MSBuild]::VersionLessThan($(MSBuildVersion), '17.8.0')) and '$(TargetFrameworkIdentifier)' == '.NETCoreApp' and $([MSBuild]::VersionGreaterThanOrEquals($(_TargetFrameworkVersionWithoutV), '8.0'))) was evaluated as (False and '.NETCoreApp' == '.NETCoreApp' and True).
       Target "_CheckForInvalidWindowsDesktopTargetingConfiguration" skipped, due to false condition; ('$(TargetFrameworkIdentifier)' == '.NETCoreApp' and $([MSBuild]::VersionGreaterThanOrEquals($(_TargetFrameworkVersionWithoutV), '5.0')) and ('$(UseWindowsForms)' == 'true' or '$(UseWPF)' == 'true')) was evaluated as ('.NETCoreApp' == '.NETCoreApp' and True and ('' == 'true' or '' == 'true')).
   3:7>ResolveAssemblyReferences:
             C:\Program Files\dotnet\packs\Microsoft.NETCore.App.Ref\8.0.6\ref/net8.0/System.IO.dll
   2:8>Target "_CheckForUnnecessaryWindowsDesktopSDK" skipped, due to false condition; ('$(TargetFrameworkIdentifier)' == '.NETCoreApp' and $([MSBuild]::VersionGreaterThanOrEquals($(_TargetFrameworkVersionWithoutV), '5.0')) and '$(_MicrosoftWindowsDesktopSdkImported)' == 'true' and '$(TargetFrameworks)' == '') was evaluated as ('.NETCoreApp' == '.NETCoreApp' and True and '' == 'true' and '' == '').
   3:7>ResolveAssemblyReferences:
                 Private = 'false'
   2:8>Target "ProcessFrameworkReferences" skipped. Previously built successfully.
       Target "IncludeTargetingPackReference" skipped, due to false condition; ('$(TargetFrameworkMoniker)' != '' and '$(TargetFrameworkIdentifier)' == '.NETFramework' and '$(AutomaticallyUseReferenceAssemblyPackages)' == 'true') was evaluated as ('.NETCoreApp,Version=v8.0' != '' and '.NETCoreApp' == '.NETFramework' and 'true' == 'true').
   3:7>ResolveAssemblyReferences:
             C:\Program Files\dotnet\packs\Microsoft.NETCore.App.Ref\8.0.6\ref/net8.0/System.Linq.Expressions.dll
   2:8>Target "_CheckForInvalidConfigurationAndPlatform" in file "C:\Program Files\dotnet\sdk\8.0.302\Microsoft.Common.CurrentVersion.targets" from project "D:\Tito Pedraza\OneDrive\Proyectos\Codigo Fuente\repos\HumanCore\src\TalenHuman.Application\TalenHuman.Application.csproj" (target "BeforeBuild" depends on it):
   2:8>Task "Error" skipped, due to false condition; ( '$(_InvalidConfigurationError)' == 'true' ) was evaluated as ( '' == 'true' ).
   3:7>ResolveAssemblyReferences:
                 Private = 'false'
   2:8>_CheckForInvalidConfigurationAndPlatform:
       Task "Warning" skipped, due to false condition; ( '$(_InvalidConfigurationWarning)' == 'true' ) was evaluated as ( '' == 'true' ).
   3:7>ResolveAssemblyReferences:
             C:\Program Files\dotnet\packs\Microsoft.NETCore.App.Ref\8.0.6\ref/net8.0/System.Linq.Parallel.dll
   2:8>Task "Message"
     0>Property reassignment: $(PublishProfileImported)="true" (previous value: "false") at C:\Program Files\dotnet\sdk\8.0.302\Sdks\Microsoft.NET.Sdk.Publish\targets\Microsoft.NET.Sdk.Publish.targets (60,5)
   3:7>ResolveAssemblyReferences:
                 Private = 'false'
   2:8>_CheckForInvalidConfigurationAndPlatform:
         Configuration=Debug
   3:7>ResolveAssemblyReferences:
             C:\Program Files\dotnet\packs\Microsoft.NETCore.App.Ref\8.0.6\ref/net8.0/System.Linq.Queryable.dll
   2:8>Done executing task "Message".
   3:7>ResolveAssemblyReferences:
                 Private = 'false'
   2:8>Task "Message"
   3:7>ResolveAssemblyReferences:
             C:\Program Files\dotnet\packs\Microsoft.NETCore.App.Ref\8.0.6\ref/net8.0/System.Linq.dll
   2:8>_CheckForInvalidConfigurationAndPlatform:
         Platform=AnyCPU
   3:7>ResolveAssemblyReferences:
                 Private = 'false'
   2:8>Done executing task "Message".
   3:7>ResolveAssemblyReferences:
             C:\Program Files\dotnet\packs\Microsoft.NETCore.App.Ref\8.0.6\ref/net8.0/System.Memory.dll
   2:8>_CheckForInvalidConfigurationAndPlatform:
       Task "Error" skipped, due to false condition; ('$(OutDir)' != '' and !HasTrailingSlash('$(OutDir)')) was evaluated as ('bin\Debug\net8.0\' != '' and !HasTrailingSlash('bin\Debug\net8.0\')).
   3:7>ResolveAssemblyReferences:
                 Private = 'false'
   2:8>_CheckForInvalidConfigurationAndPlatform:
       Task "Error" skipped, due to false condition; ('$(IntermediateOutputPath)' != '' and !HasTrailingSlash('$(IntermediateOutputPath)')) was evaluated as ('obj\Debug\net8.0\' != '' and !HasTrailingSlash('obj\Debug\net8.0\')).
   3:7>ResolveAssemblyReferences:
             C:\Program Files\dotnet\packs\Microsoft.NETCore.App.Ref\8.0.6\ref/net8.0/System.Net.Http.Json.dll
                 Private = 'false'
             C:\Program Files\dotnet\packs\Microsoft.NETCore.App.Ref\8.0.6\ref/net8.0/System.Net.Http.dll
                 Private = 'false'
             C:\Program Files\dotnet\packs\Microsoft.NETCore.App.Ref\8.0.6\ref/net8.0/System.Net.HttpListener.dll
                 Private = 'false'
             C:\Program Files\dotnet\packs\Microsoft.NETCore.App.Ref\8.0.6\ref/net8.0/System.Net.Mail.dll
                 Private = 'false'
             C:\Program Files\dotnet\packs\Microsoft.NETCore.App.Ref\8.0.6\ref/net8.0/System.Net.NameResolution.dll
                 Private = 'false'
   2:8>_CheckForInvalidConfigurationAndPlatform:
       Task "Error" skipped, due to false condition; ('$(BaseIntermediateOutputPath)' != '' and !HasTrailingSlash('$(BaseIntermediateOutputPath)')) was evaluated as ('obj\' != '' and !HasTrailingSlash('obj\')).
   3:7>ResolveAssemblyReferences:
             C:\Program Files\dotnet\packs\Microsoft.NETCore.App.Ref\8.0.6\ref/net8.0/System.Net.NetworkInformation.dll
                 Private = 'false'
             C:\Program Files\dotnet\packs\Microsoft.NETCore.App.Ref\8.0.6\ref/net8.0/System.Net.Ping.dll
                 Private = 'false'
             C:\Program Files\dotnet\packs\Microsoft.NETCore.App.Ref\8.0.6\ref/net8.0/System.Net.Primitives.dll
                 Private = 'false'
   2:8>_CheckForInvalidConfigurationAndPlatform:
       Task "Error" skipped, due to false condition; ( '$(_InitialMSBuildProjectExtensionsPath)' != '' And '$(MSBuildProjectExtensionsPath)' != '$(_InitialMSBuildProjectExtensionsPath)' ) was evaluated as ( 'D:\Tito Pedraza\OneDrive\Proyectos\Codigo Fuente\repos\HumanCore\src\TalenHuman.Application\obj\' != '' And 'D:\Tito Pedraza\OneDrive\Proyectos\Codigo Fuente\repos\HumanCore\src\TalenHuman.Application\obj\' != 'D:\Tito Pedraza\OneDrive\Proyectos\Codigo Fuente\repos\HumanCore\src\TalenHuman.Application\obj\' ).
   3:7>ResolveAssemblyReferences:
             C:\Program Files\dotnet\packs\Microsoft.NETCore.App.Ref\8.0.6\ref/net8.0/System.Net.Quic.dll
   2:8>_CheckForInvalidConfigurationAndPlatform:
       Task "Warning" skipped, due to false condition; ( '$(EnableBaseIntermediateOutputPathMismatchWarning)' == 'true' And '$(_InitialBaseIntermediateOutputPath)' != '$(BaseIntermediateOutputPath)' And '$(BaseIntermediateOutputPath)' != '$(MSBuildProjectExtensionsPath)' ) was evaluated as ( 'true' == 'true' And 'obj\' != 'obj\' And 'obj\' != 'D:\Tito Pedraza\OneDrive\Proyectos\Codigo Fuente\repos\HumanCore\src\TalenHuman.Application\obj\' ).
   3:7>ResolveAssemblyReferences:
                 Private = 'false'
             C:\Program Files\dotnet\packs\Microsoft.NETCore.App.Ref\8.0.6\ref/net8.0/System.Net.Requests.dll
   2:8>Done building target "_CheckForInvalidConfigurationAndPlatform" in project "TalenHuman.Application.csproj".
   3:7>ResolveAssemblyReferences:
                 Private = 'false'
             C:\Program Files\dotnet\packs\Microsoft.NETCore.App.Ref\8.0.6\ref/net8.0/System.Net.Security.dll
   2:8>Target "ValidateCommandLineProperties" in file "C:\Program Files\dotnet\sdk\8.0.302\Sdks\Microsoft.NET.Sdk\targets\Microsoft.NET.Sdk.targets" from project "D:\Tito Pedraza\OneDrive\Proyectos\Codigo Fuente\repos\HumanCore\src\TalenHuman.Application\TalenHuman.Application.csproj" (target "BeforeBuild" depends on it):
   2:8>Done building target "ValidateCommandLineProperties" in project "TalenHuman.Application.csproj".
   2:8>Target "BeforeBuild" in file "C:\Program Files\dotnet\sdk\8.0.302\Microsoft.Common.CurrentVersion.targets" from project "D:\Tito Pedraza\OneDrive\Proyectos\Codigo Fuente\repos\HumanCore\src\TalenHuman.Application\TalenHuman.Application.csproj" (target "Build" depends on it):
   2:8>Done building target "BeforeBuild" in project "TalenHuman.Application.csproj".
       Target "_CheckForBuildWithNoBuild" skipped, due to false condition; ('$(NoBuild)' == 'true' and '$(GeneratePackageOnBuild)' != 'true') was evaluated as ('' == 'true' and 'false' != 'true').
   2:8>Target "BuildOnlySettings" in file "C:\Program Files\dotnet\sdk\8.0.302\Microsoft.Common.CurrentVersion.targets" from project "D:\Tito Pedraza\OneDrive\Proyectos\Codigo Fuente\repos\HumanCore\src\TalenHuman.Application\TalenHuman.Application.csproj" (target "CoreBuild" depends on it):
   2:8>Done building target "BuildOnlySettings" in project "TalenHuman.Application.csproj".
       Target "_CheckForUnsupportedTargetFramework" skipped, due to false condition; ('$(_UnsupportedTargetFrameworkError)' == 'true') was evaluated as ('' == 'true').
       Target "_CheckForUnsupportedTargetPlatformIdentifier" skipped, due to false condition; ('$(TargetPlatformIdentifier)' != '' and '$(TargetFrameworkIdentifier)' == '.NETCoreApp' and $([MSBuild]::VersionGreaterThanOrEquals($(TargetFrameworkVersion), 5.0)) And ('$(DesignTimeBuild)' != 'true' Or '@(MissingWorkloadPack)' == '')) was evaluated as ('' != '' and '.NETCoreApp' == '.NETCoreApp' and True And ('' != 'true' Or '' == '')).
     0>Property reassignment: $(PublishConfiguration)="Debug" (previous value: "") at C:\Program Files\dotnet\sdk\8.0.302\Sdks\Microsoft.NET.Sdk.Publish\targets\Microsoft.NET.Sdk.Publish.targets (81,5)
   2:8>Target "_CheckForMissingWorkload" skipped, due to false condition; ('@(MissingWorkloadPack)' != '' And '$(DesignTimeBuild)' != 'true') was evaluated as ('' != '' And '' != 'true').
   3:7>ResolveAssemblyReferences:
                 Private = 'false'
             C:\Program Files\dotnet\packs\Microsoft.NETCore.App.Ref\8.0.6\ref/net8.0/System.Net.ServicePoint.dll
     0>Property reassignment: $(BaseIntermediateOutputPath)="D:\Tito Pedraza\OneDrive\Proyectos\Codigo Fuente\repos\HumanCore\src\TalenHuman.API\obj\" (previous value: "obj\") at C:\Program Files\dotnet\sdk\8.0.302\Sdks\Microsoft.NET.Sdk.Publish\targets\Microsoft.NET.Sdk.Publish.targets (87,5)
   2:8>Target "GetFrameworkPaths" in file "C:\Program Files\dotnet\sdk\8.0.302\Sdks\Microsoft.NET.Sdk\targets\Microsoft.NET.DisableStandardFrameworkResolution.targets" from project "D:\Tito Pedraza\OneDrive\Proyectos\Codigo Fuente\repos\HumanCore\src\TalenHuman.Application\TalenHuman.Application.csproj" (target "PrepareForBuild" depends on it):
   2:8>Done building target "GetFrameworkPaths" in project "TalenHuman.Application.csproj".
       Target "_CheckForUnsupportedTargetFramework" skipped, due to false condition; ('$(_UnsupportedTargetFrameworkError)' == 'true') was evaluated as ('' == 'true').
       Target "_CheckForUnsupportedTargetPlatformIdentifier" skipped, due to false condition; ('$(TargetPlatformIdentifier)' != '' and '$(TargetFrameworkIdentifier)' == '.NETCoreApp' and $([MSBuild]::VersionGreaterThanOrEquals($(TargetFrameworkVersion), 5.0)) And ('$(DesignTimeBuild)' != 'true' Or '@(MissingWorkloadPack)' == '')) was evaluated as ('' != '' and '.NETCoreApp' == '.NETCoreApp' and True And ('' != 'true' Or '' == '')).
   3:7>ResolveAssemblyReferences:
                 Private = 'false'
   2:8>Target "_CheckForMissingWorkload" skipped, due to false condition; ('@(MissingWorkloadPack)' != '' And '$(DesignTimeBuild)' != 'true') was evaluated as ('' != '' And '' != 'true').
   2:8>Target "GetReferenceAssemblyPaths" in file "C:\Program Files\dotnet\sdk\8.0.302\Sdks\Microsoft.NET.Sdk\targets\Microsoft.NET.DisableStandardFrameworkResolution.targets" from project "D:\Tito Pedraza\OneDrive\Proyectos\Codigo Fuente\repos\HumanCore\src\TalenHuman.Application\TalenHuman.Application.csproj" (target "PrepareForBuild" depends on it):
   2:8>Done building target "GetReferenceAssemblyPaths" in project "TalenHuman.Application.csproj".
   3:7>ResolveAssemblyReferences:
             C:\Program Files\dotnet\packs\Microsoft.NETCore.App.Ref\8.0.6\ref/net8.0/System.Net.Sockets.dll
   2:8>Target "AssignLinkMetadata" skipped, due to false condition; ( '$(SynthesizeLinkMetadata)' == 'true' ) was evaluated as ( '' == 'true' ).
       Target "_VerifyPackReleaseConfigurations" skipped, due to false condition; ('$(_IsPacking)' == 'true' and '$(DOTNET_CLI_DISABLE_PUBLISH_AND_PACK_RELEASE)' != 'true' and '$(DOTNET_CLI_LAZY_PUBLISH_AND_PACK_RELEASE_FOR_SOLUTIONS)' == 'true') was evaluated as ('' == 'true' and '' != 'true' and '' == 'true').
   3:7>ResolveAssemblyReferences:
                 Private = 'false'
             C:\Program Files\dotnet\packs\Microsoft.NETCore.App.Ref\8.0.6\ref/net8.0/System.Net.WebClient.dll
                 Private = 'false'
   2:8>Target "PrepareForBuild" in file "C:\Program Files\dotnet\sdk\8.0.302\Microsoft.Common.CurrentVersion.targets" from project "D:\Tito Pedraza\OneDrive\Proyectos\Codigo Fuente\repos\HumanCore\src\TalenHuman.Application\TalenHuman.Application.csproj" (target "CoreBuild" depends on it):
   2:8>Using "FindAppConfigFile" task from assembly "Microsoft.Build.Tasks.Core, Version=15.1.0.0, Culture=neutral, PublicKeyToken=b03f5f7f11d50a3a".
   3:7>ResolveAssemblyReferences:
             C:\Program Files\dotnet\packs\Microsoft.NETCore.App.Ref\8.0.6\ref/net8.0/System.Net.WebHeaderCollection.dll
                 Private = 'false'
   2:8>Task "FindAppConfigFile"
   3:7>ResolveAssemblyReferences:
             C:\Program Files\dotnet\packs\Microsoft.NETCore.App.Ref\8.0.6\ref/net8.0/System.Net.WebProxy.dll
   2:8>Done executing task "FindAppConfigFile".
   3:7>ResolveAssemblyReferences:
                 Private = 'false'
   2:8>PrepareForBuild:
       Using "MakeDir" task from assembly "Microsoft.Build.Tasks.Core, Version=15.1.0.0, Culture=neutral, PublicKeyToken=b03f5f7f11d50a3a".
   3:7>ResolveAssemblyReferences:
             C:\Program Files\dotnet\packs\Microsoft.NETCore.App.Ref\8.0.6\ref/net8.0/System.Net.WebSockets.Client.dll
   2:8>Task "MakeDir"
   3:7>ResolveAssemblyReferences:
                 Private = 'false'
             C:\Program Files\dotnet\packs\Microsoft.NETCore.App.Ref\8.0.6\ref/net8.0/System.Net.WebSockets.dll
   2:8>Done executing task "MakeDir".
   3:7>ResolveAssemblyReferences:
                 Private = 'false'
   2:8>Done building target "PrepareForBuild" in project "TalenHuman.Application.csproj".
   3:7>ResolveAssemblyReferences:
             C:\Program Files\dotnet\packs\Microsoft.NETCore.App.Ref\8.0.6\ref/net8.0/System.Net.dll
                 Private = 'false'
   2:8>Target "GenerateGlobalUsings" in file "C:\Program Files\dotnet\sdk\8.0.302\Sdks\Microsoft.NET.Sdk\targets\Microsoft.NET.GenerateGlobalUsings.targets" from project "D:\Tito Pedraza\OneDrive\Proyectos\Codigo Fuente\repos\HumanCore\src\TalenHuman.Application\TalenHuman.Application.csproj" (target "CoreBuild" depends on it):
   2:8>Using "GenerateGlobalUsings" task from assembly "C:\Program Files\dotnet\sdk\8.0.302\Sdks\Microsoft.NET.Sdk\targets\..\tools\net8.0\Microsoft.NET.Build.Tasks.dll".
   3:7>ResolveAssemblyReferences:
             C:\Program Files\dotnet\packs\Microsoft.NETCore.App.Ref\8.0.6\ref/net8.0/System.Numerics.Vectors.dll
   2:8>Task "GenerateGlobalUsings"
   3:7>ResolveAssemblyReferences:
                 Private = 'false'
   2:8>Done executing task "GenerateGlobalUsings".
   3:7>ResolveAssemblyReferences:
             C:\Program Files\dotnet\packs\Microsoft.NETCore.App.Ref\8.0.6\ref/net8.0/System.Numerics.dll
   2:8>GenerateGlobalUsings:
       Using "WriteLinesToFile" task from assembly "Microsoft.Build.Tasks.Core, Version=15.1.0.0, Culture=neutral, PublicKeyToken=b03f5f7f11d50a3a".
   3:7>ResolveAssemblyReferences:
                 Private = 'false'
   2:8>Task "WriteLinesToFile"
   3:7>ResolveAssemblyReferences:
             C:\Program Files\dotnet\packs\Microsoft.NETCore.App.Ref\8.0.6\ref/net8.0/System.ObjectModel.dll
                 Private = 'false'
             C:\Program Files\dotnet\packs\Microsoft.NETCore.App.Ref\8.0.6\ref/net8.0/System.Reflection.DispatchProxy.dll
   2:8>GenerateGlobalUsings:
         Skipping write to file "obj\Debug\net8.0\TalenHuman.Application.GlobalUsings.g.cs" because content would not change.
   3:7>ResolveAssemblyReferences:
                 Private = 'false'
   2:8>Done executing task "WriteLinesToFile".
   2:8>Done building target "GenerateGlobalUsings" in project "TalenHuman.Application.csproj".
       Target "PreBuildEvent" skipped, due to false condition; ('$(PreBuildEvent)'!='') was evaluated as (''!='').
   3:7>ResolveAssemblyReferences:
             C:\Program Files\dotnet\packs\Microsoft.NETCore.App.Ref\8.0.6\ref/net8.0/System.Reflection.Emit.ILGeneration.dll
   2:8>Target "BeforeResolveReferences" in file "C:\Program Files\dotnet\sdk\8.0.302\Microsoft.Common.CurrentVersion.targets" from project "D:\Tito Pedraza\OneDrive\Proyectos\Codigo Fuente\repos\HumanCore\src\TalenHuman.Application\TalenHuman.Application.csproj" (target "ResolveReferences" depends on it):
   2:8>Done building target "BeforeResolveReferences" in project "TalenHuman.Application.csproj".
   3:7>ResolveAssemblyReferences:
                 Private = 'false'
   2:8>Target "IgnoreJavaScriptOutputAssembly" in file "C:\Program Files\dotnet\sdk\8.0.302\Microsoft.Common.CurrentVersion.targets" from project "D:\Tito Pedraza\OneDrive\Proyectos\Codigo Fuente\repos\HumanCore\src\TalenHuman.Application\TalenHuman.Application.csproj" (target "AssignProjectConfiguration" depends on it):
   2:8>Done building target "IgnoreJavaScriptOutputAssembly" in project "TalenHuman.Application.csproj".
       Target "ProcessFrameworkReferences" skipped. Previously built successfully.
   3:7>ResolveAssemblyReferences:
             C:\Program Files\dotnet\packs\Microsoft.NETCore.App.Ref\8.0.6\ref/net8.0/System.Reflection.Emit.Lightweight.dll
                 Private = 'false'
             C:\Program Files\dotnet\packs\Microsoft.NETCore.App.Ref\8.0.6\ref/net8.0/System.Reflection.Emit.dll
                 Private = 'false'
             C:\Program Files\dotnet\packs\Microsoft.NETCore.App.Ref\8.0.6\ref/net8.0/System.Reflection.Extensions.dll
                 Private = 'false'
             C:\Program Files\dotnet\packs\Microsoft.NETCore.App.Ref\8.0.6\ref/net8.0/System.Reflection.Metadata.dll
                 Private = 'false'
             C:\Program Files\dotnet\packs\Microsoft.NETCore.App.Ref\8.0.6\ref/net8.0/System.Reflection.Primitives.dll
                 Private = 'false'
             C:\Program Files\dotnet\packs\Microsoft.NETCore.App.Ref\8.0.6\ref/net8.0/System.Reflection.TypeExtensions.dll
                 Private = 'false'
             C:\Program Files\dotnet\packs\Microsoft.NETCore.App.Ref\8.0.6\ref/net8.0/System.Reflection.dll
   2:8>Target "_DefaultMicrosoftNETPlatformLibrary" in file "C:\Program Files\dotnet\sdk\8.0.302\Sdks\Microsoft.NET.Sdk\targets\Microsoft.NET.Sdk.Shared.targets" from project "D:\Tito Pedraza\OneDrive\Proyectos\Codigo Fuente\repos\HumanCore\src\TalenHuman.Application\TalenHuman.Application.csproj" (target "ResolvePackageAssets" depends on it):
   2:8>Done building target "_DefaultMicrosoftNETPlatformLibrary" in project "TalenHuman.Application.csproj".
   3:7>ResolveAssemblyReferences:
                 Private = 'false'
             C:\Program Files\dotnet\packs\Microsoft.NETCore.App.Ref\8.0.6\ref/net8.0/System.Resources.Reader.dll
   2:8>Target "_ComputePackageReferencePublish" in file "C:\Program Files\dotnet\sdk\8.0.302\Sdks\Microsoft.NET.Sdk\targets\Microsoft.NET.Sdk.Shared.targets" from project "D:\Tito Pedraza\OneDrive\Proyectos\Codigo Fuente\repos\HumanCore\src\TalenHuman.Application\TalenHuman.Application.csproj" (target "ResolvePackageAssets" depends on it):
   2:8>Done building target "_ComputePackageReferencePublish" in project "TalenHuman.Application.csproj".
   3:7>ResolveAssemblyReferences:
                 Private = 'false'
   2:8>Target "_ResolveCompilerVersion" skipped, due to false condition; ('$(CompilerApiVersion)' == '' And
                     ('$(Language)' == 'C#' Or '$(Language)' == 'VB') And
                     Exists('$(RoslynTargetsPath)\Microsoft.Build.Tasks.CodeAnalysis.dll')) was evaluated as ('roslyn4.10' == '' And
                     ('C#' == 'C#' Or 'C#' == 'VB') And
                     Exists('C:\Program Files\dotnet\sdk\8.0.302\Roslyn\Microsoft.Build.Tasks.CodeAnalysis.dll')).
   3:7>ResolveAssemblyReferences:
             C:\Program Files\dotnet\packs\Microsoft.NETCore.App.Ref\8.0.6\ref/net8.0/System.Resources.ResourceManager.dll
                 Private = 'false'
   2:8>Target "ResolvePackageAssets" in file "C:\Program Files\dotnet\sdk\8.0.302\Sdks\Microsoft.NET.Sdk\targets\Microsoft.PackageDependencyResolution.targets" from project "D:\Tito Pedraza\OneDrive\Proyectos\Codigo Fuente\repos\HumanCore\src\TalenHuman.Application\TalenHuman.Application.csproj" (target "ResolveLockFileReferences" depends on it):
   2:8>Using "ResolvePackageAssets" task from assembly "C:\Program Files\dotnet\sdk\8.0.302\Sdks\Microsoft.NET.Sdk\targets\..\tools\net8.0\Microsoft.NET.Build.Tasks.dll".
       Task "ResolvePackageAssets"
       Done executing task "ResolvePackageAssets".
   2:8>Done building target "ResolvePackageAssets" in project "TalenHuman.Application.csproj".
       Target "AdjustDefaultPlatformTargetForNetFrameworkExeWithNoNativeCopyLocalItems" skipped, due to false condition; ('$(_UsingDefaultPlatformTarget)' == 'true' and
                            '$(_UsingDefaultRuntimeIdentifier)' == 'true') was evaluated as ('true' == 'true' and
                            '' == 'true').
   3:7>ResolveAssemblyReferences:
             C:\Program Files\dotnet\packs\Microsoft.NETCore.App.Ref\8.0.6\ref/net8.0/System.Resources.Writer.dll
                 Private = 'false'
             C:\Program Files\dotnet\packs\Microsoft.NETCore.App.Ref\8.0.6\ref/net8.0/System.Runtime.CompilerServices.Unsafe.dll
   2:8>Target "_CheckForTransitiveWindowsDesktopDependencies" in file "C:\Program Files\dotnet\sdk\8.0.302\Sdks\Microsoft.NET.Sdk\targets\Microsoft.NET.Sdk.DefaultItems.Shared.targets" from project "D:\Tito Pedraza\OneDrive\Proyectos\Codigo Fuente\repos\HumanCore\src\TalenHuman.Application\TalenHuman.Application.csproj" (target "ResolveLockFileReferences" depends on it):
   2:8>Task "NetSdkError" skipped, due to false condition; ('@(_WindowsDesktopTransitiveFrameworkReference)' != '') was evaluated as ('' != '').
   3:7>ResolveAssemblyReferences:
                 Private = 'false'
   2:8>Done building target "_CheckForTransitiveWindowsDesktopDependencies" in project "TalenHuman.Application.csproj".
   3:7>ResolveAssemblyReferences:
             C:\Program Files\dotnet\packs\Microsoft.NETCore.App.Ref\8.0.6\ref/net8.0/System.Runtime.CompilerServices.VisualC.dll
   2:8>Target "AddTransitiveFrameworkReferences" in file "C:\Program Files\dotnet\sdk\8.0.302\Sdks\Microsoft.NET.Sdk\targets\Microsoft.NET.Sdk.FrameworkReferenceResolution.targets" from project "D:\Tito Pedraza\OneDrive\Proyectos\Codigo Fuente\repos\HumanCore\src\TalenHuman.Application\TalenHuman.Application.csproj" (target "ResolveLockFileReferences" depends on it):
   2:8>Done building target "AddTransitiveFrameworkReferences" in project "TalenHuman.Application.csproj".
   2:8>Target "ResolveLockFileReferences" in file "C:\Program Files\dotnet\sdk\8.0.302\Sdks\Microsoft.NET.Sdk\targets\Microsoft.PackageDependencyResolution.targets" from project "D:\Tito Pedraza\OneDrive\Proyectos\Codigo Fuente\repos\HumanCore\src\TalenHuman.Application\TalenHuman.Application.csproj" (target "ResolvePackageDependenciesForBuild" depends on it):
       Using "JoinItems" task from assembly "C:\Program Files\dotnet\sdk\8.0.302\Sdks\Microsoft.NET.Sdk\targets\..\tools\net8.0\Microsoft.NET.Build.Tasks.dll".
       Task "JoinItems"
       Done executing task "JoinItems".
   2:8>Done building target "ResolveLockFileReferences" in project "TalenHuman.Application.csproj".
       Target "ResolvePackageAssets" skipped. Previously built successfully.
   2:8>Target "ResolveLockFileAnalyzers" in file "C:\Program Files\dotnet\sdk\8.0.302\Sdks\Microsoft.NET.Sdk\targets\Microsoft.PackageDependencyResolution.targets" from project "D:\Tito Pedraza\OneDrive\Proyectos\Codigo Fuente\repos\HumanCore\src\TalenHuman.Application\TalenHuman.Application.csproj" (target "ResolvePackageDependenciesForBuild" depends on it):
   2:8>Done building target "ResolveLockFileAnalyzers" in project "TalenHuman.Application.csproj".
       Target "ResolvePackageAssets" skipped. Previously built successfully.
       Target "RunProduceContentAssets" skipped, due to false condition; ('@(_ContentFilesToPreprocess)' != '' and '$(_CleaningWithoutRebuilding)' != 'true') was evaluated as ('' != '' and '' != 'true').
   2:8>Target "ResolveLockFileCopyLocalFiles" in file "C:\Program Files\dotnet\sdk\8.0.302\Sdks\Microsoft.NET.Sdk\targets\Microsoft.PackageDependencyResolution.targets" from project "D:\Tito Pedraza\OneDrive\Proyectos\Codigo Fuente\repos\HumanCore\src\TalenHuman.Application\TalenHuman.Application.csproj" (target "ResolvePackageDependenciesForBuild" depends on it):
   2:8>Done building target "ResolveLockFileCopyLocalFiles" in project "TalenHuman.Application.csproj".
       Target "ResolveRuntimePackAssets" skipped, due to false condition; ('@(RuntimePack)' != '') was evaluated as ('' != '').
       Target "RunProduceContentAssets" skipped, due to false condition; ('@(_ContentFilesToPreprocess)' != '' and '$(_CleaningWithoutRebuilding)' != 'true') was evaluated as ('' != '' and '' != 'true').
       Target "ResolvePackageAssets" skipped. Previously built successfully.
   2:8>Target "IncludeTransitiveProjectReferences" in file "C:\Program Files\dotnet\sdk\8.0.302\Sdks\Microsoft.NET.Sdk\targets\Microsoft.PackageDependencyResolution.targets" from project "D:\Tito Pedraza\OneDrive\Proyectos\Codigo Fuente\repos\HumanCore\src\TalenHuman.Application\TalenHuman.Application.csproj" (target "ResolvePackageDependenciesForBuild" depends on it):
   2:8>Done building target "IncludeTransitiveProjectReferences" in project "TalenHuman.Application.csproj".
   2:8>Target "ResolvePackageDependenciesForBuild" in file "C:\Program Files\dotnet\sdk\8.0.302\Sdks\Microsoft.NET.Sdk\targets\Microsoft.PackageDependencyResolution.targets" from project "D:\Tito Pedraza\OneDrive\Proyectos\Codigo Fuente\repos\HumanCore\src\TalenHuman.Application\TalenHuman.Application.csproj" (target "AssignProjectConfiguration" depends on it):
   2:8>Done building target "ResolvePackageDependenciesForBuild" in project "TalenHuman.Application.csproj".
       Target "_Microsoft_Extensions_OptionsAnalyzerMultiTargeting" skipped, due to false condition; ('$(SupportsRoslynComponentVersioning)' != 'true') was evaluated as ('true' != 'true').
       Target "_Microsoft_Extensions_OptionsRemoveAnalyzers" skipped, due to false condition; ('$(DisableMicrosoftExtensionsOptionsSourceGenerator)' == 'true') was evaluated as ('' == 'true').
       Target "_Microsoft_Extensions_Logging_AbstractionsAnalyzerMultiTargeting" skipped, due to false condition; ('$(SupportsRoslynComponentVersioning)' != 'true') was evaluated as ('true' != 'true').
       Target "_Microsoft_Extensions_Logging_AbstractionsRemoveAnalyzers" skipped, due to false condition; ('$(DisableMicrosoftExtensionsLoggingSourceGenerator)' == 'true') was evaluated as ('' == 'true').
   2:8>Target "AssignProjectConfiguration" in file "C:\Program Files\dotnet\sdk\8.0.302\Microsoft.Common.CurrentVersion.targets" from project "D:\Tito Pedraza\OneDrive\Proyectos\Codigo Fuente\repos\HumanCore\src\TalenHuman.Application\TalenHuman.Application.csproj" (target "ResolveReferences" depends on it):
       Using "AssignProjectConfiguration" task from assembly "Microsoft.Build.Tasks.Core, Version=15.1.0.0, Culture=neutral, PublicKeyToken=b03f5f7f11d50a3a".
       Task "AssignProjectConfiguration"
         Project reference "..\TalenHuman.Domain\TalenHuman.Domain.csproj" has been assigned the "Debug|AnyCPU" configuration.
       Done executing task "AssignProjectConfiguration".
   2:8>Done building target "AssignProjectConfiguration" in project "TalenHuman.Application.csproj".
       Target "AssignProjectConfiguration" skipped. Previously built successfully.
   2:8>Target "_SplitProjectReferencesByFileExistence" in file "C:\Program Files\dotnet\sdk\8.0.302\Microsoft.Common.CurrentVersion.targets" from project "D:\Tito Pedraza\OneDrive\Proyectos\Codigo Fuente\repos\HumanCore\src\TalenHuman.Application\TalenHuman.Application.csproj" (target "PrepareProjectReferences" depends on it):
       Task "ResolveNonMSBuildProjectOutput" skipped, due to false condition; ('$(BuildingInsideVisualStudio)'=='true' and '@(ProjectReferenceWithConfiguration)'!='') was evaluated as (''=='true' and '..\TalenHuman.Domain\TalenHuman.Domain.csproj'!='').
   2:8>Done building target "_SplitProjectReferencesByFileExistence" in project "TalenHuman.Application.csproj".
   2:8>Target "_AddOutputPathToGlobalPropertiesToRemove" in file "C:\Program Files\dotnet\sdk\8.0.302\Microsoft.Common.CurrentVersion.targets" from project "D:\Tito Pedraza\OneDrive\Proyectos\Codigo Fuente\repos\HumanCore\src\TalenHuman.Application\TalenHuman.Application.csproj" (target "_GetProjectReferenceTargetFrameworkProperties" depends on it):
   2:8>Done building target "_AddOutputPathToGlobalPropertiesToRemove" in project "TalenHuman.Application.csproj".
   2:8>Target "_GetProjectReferenceTargetFrameworkProperties" in file "C:\Program Files\dotnet\sdk\8.0.302\Microsoft.Common.CurrentVersion.targets" from project "D:\Tito Pedraza\OneDrive\Proyectos\Codigo Fuente\repos\HumanCore\src\TalenHuman.Application\TalenHuman.Application.csproj" (target "PrepareProjectReferences" depends on it):
       Task "MSBuild"
         Global Properties:
           Configuration=Debug
           Platform=AnyCPU
         Removing Properties:
           TargetFramework
           RuntimeIdentifier
           SelfContained
   3:7>ResolveAssemblyReferences:
                 Private = 'false'
   4:7>Project "D:\Tito Pedraza\OneDrive\Proyectos\Codigo Fuente\repos\HumanCore\src\TalenHuman.Infrastructure\TalenHuman.Infrastructure.csproj" (4:7) is building "D:\Tito Pedraza\OneDrive\Proyectos\Codigo Fuente\repos\HumanCore\src\TalenHuman.Application\TalenHuman.Application.csproj" (2:9) on node 4 (GetTargetFrameworks target(s)).
   2:9>Target "GetTargetFrameworksWithPlatformForSingleTargetFramework" in file "C:\Program Files\dotnet\sdk\8.0.302\Microsoft.Common.CurrentVersion.targets" from project "D:\Tito Pedraza\OneDrive\Proyectos\Codigo Fuente\repos\HumanCore\src\TalenHuman.Application\TalenHuman.Application.csproj" (target "GetTargetFrameworks" depends on it):
   2:9>Using "CombineTargetFrameworkInfoProperties" task from assembly "Microsoft.Build.Tasks.Core, Version=15.1.0.0, Culture=neutral, PublicKeyToken=b03f5f7f11d50a3a".
       Task "CombineTargetFrameworkInfoProperties"
   3:7>ResolveAssemblyReferences:
             C:\Program Files\dotnet\packs\Microsoft.NETCore.App.Ref\8.0.6\ref/net8.0/System.Runtime.Extensions.dll
                 Private = 'false'
             C:\Program Files\dotnet\packs\Microsoft.NETCore.App.Ref\8.0.6\ref/net8.0/System.Runtime.Handles.dll
   2:9>Done executing task "CombineTargetFrameworkInfoProperties".
   3:7>ResolveAssemblyReferences:
                 Private = 'false'
   2:9>Done building target "GetTargetFrameworksWithPlatformForSingleTargetFramework" in project "TalenHuman.Application.csproj".
   3:7>ResolveAssemblyReferences:
             C:\Program Files\dotnet\packs\Microsoft.NETCore.App.Ref\8.0.6\ref/net8.0/System.Runtime.InteropServices.JavaScript.dll
                 Private = 'false'
             C:\Program Files\dotnet\packs\Microsoft.NETCore.App.Ref\8.0.6\ref/net8.0/System.Runtime.InteropServices.RuntimeInformation.dll
                 Private = 'false'
             C:\Program Files\dotnet\packs\Microsoft.NETCore.App.Ref\8.0.6\ref/net8.0/System.Runtime.InteropServices.dll
                 Private = 'false'
             C:\Program Files\dotnet\packs\Microsoft.NETCore.App.Ref\8.0.6\ref/net8.0/System.Runtime.Intrinsics.dll
   2:9>Target "GetTargetFrameworks" in file "C:\Program Files\dotnet\sdk\8.0.302\Microsoft.Common.CurrentVersion.targets" from project "D:\Tito Pedraza\OneDrive\Proyectos\Codigo Fuente\repos\HumanCore\src\TalenHuman.Application\TalenHuman.Application.csproj" (entry point):
   2:9>Task "Error" skipped, due to false condition; ('$(IsCrossTargetingBuild)' == 'true') was evaluated as ('' == 'true').
   3:7>ResolveAssemblyReferences:
                 Private = 'false'
             C:\Program Files\dotnet\packs\Microsoft.NETCore.App.Ref\8.0.6\ref/net8.0/System.Runtime.Loader.dll
                 Private = 'false'
             C:\Program Files\dotnet\packs\Microsoft.NETCore.App.Ref\8.0.6\ref/net8.0/System.Runtime.Numerics.dll
                 Private = 'false'
             C:\Program Files\dotnet\packs\Microsoft.NETCore.App.Ref\8.0.6\ref/net8.0/System.Runtime.Serialization.Formatters.dll
                 Private = 'false'
   2:9>GetTargetFrameworks:
       Using "CombineXmlElements" task from assembly "Microsoft.Build.Tasks.Core, Version=15.1.0.0, Culture=neutral, PublicKeyToken=b03f5f7f11d50a3a".
       Task "CombineXmlElements"
   3:7>ResolveAssemblyReferences:
             C:\Program Files\dotnet\packs\Microsoft.NETCore.App.Ref\8.0.6\ref/net8.0/System.Runtime.Serialization.Json.dll
   2:9>Done executing task "CombineXmlElements".
   3:7>ResolveAssemblyReferences:
                 Private = 'false'
             C:\Program Files\dotnet\packs\Microsoft.NETCore.App.Ref\8.0.6\ref/net8.0/System.Runtime.Serialization.Primitives.dll
   2:9>Done building target "GetTargetFrameworks" in project "TalenHuman.Application.csproj".
   3:7>ResolveAssemblyReferences:
                 Private = 'false'
   2:9>Done Building Project "D:\Tito Pedraza\OneDrive\Proyectos\Codigo Fuente\repos\HumanCore\src\TalenHuman.Application\TalenHuman.Application.csproj" (GetTargetFrameworks target(s)).
   3:7>ResolveAssemblyReferences:
             C:\Program Files\dotnet\packs\Microsoft.NETCore.App.Ref\8.0.6\ref/net8.0/System.Runtime.Serialization.Xml.dll
                 Private = 'false'
             C:\Program Files\dotnet\packs\Microsoft.NETCore.App.Ref\8.0.6\ref/net8.0/System.Runtime.Serialization.dll
                 Private = 'false'
             C:\Program Files\dotnet\packs\Microsoft.NETCore.App.Ref\8.0.6\ref/net8.0/System.Runtime.dll
                 Private = 'false'
             C:\Program Files\dotnet\packs\Microsoft.NETCore.App.Ref\8.0.6\ref/net8.0/System.Security.AccessControl.dll
                 Private = 'false'
             C:\Program Files\dotnet\packs\Microsoft.NETCore.App.Ref\8.0.6\ref/net8.0/System.Security.Claims.dll
                 Private = 'false'
             C:\Program Files\dotnet\packs\Microsoft.NETCore.App.Ref\8.0.6\ref/net8.0/System.Security.Cryptography.Algorithms.dll
                 Private = 'false'
             C:\Program Files\dotnet\packs\Microsoft.NETCore.App.Ref\8.0.6\ref/net8.0/System.Security.Cryptography.Cng.dll
                 Private = 'false'
             C:\Program Files\dotnet\packs\Microsoft.NETCore.App.Ref\8.0.6\ref/net8.0/System.Security.Cryptography.Csp.dll
                 Private = 'false'
             C:\Program Files\dotnet\packs\Microsoft.NETCore.App.Ref\8.0.6\ref/net8.0/System.Security.Cryptography.Encoding.dll
                 Private = 'false'
             C:\Program Files\dotnet\packs\Microsoft.NETCore.App.Ref\8.0.6\ref/net8.0/System.Security.Cryptography.OpenSsl.dll
                 Private = 'false'
             C:\Program Files\dotnet\packs\Microsoft.NETCore.App.Ref\8.0.6\ref/net8.0/System.Security.Cryptography.Primitives.dll
                 Private = 'false'
             C:\Program Files\dotnet\packs\Microsoft.NETCore.App.Ref\8.0.6\ref/net8.0/System.Security.Cryptography.X509Certificates.dll
                 Private = 'false'
             C:\Program Files\dotnet\packs\Microsoft.NETCore.App.Ref\8.0.6\ref/net8.0/System.Security.Cryptography.dll
                 Private = 'false'
             C:\Program Files\dotnet\packs\Microsoft.NETCore.App.Ref\8.0.6\ref/net8.0/System.Security.Principal.Windows.dll
                 Private = 'false'
             C:\Program Files\dotnet\packs\Microsoft.NETCore.App.Ref\8.0.6\ref/net8.0/System.Security.Principal.dll
                 Private = 'false'
             C:\Program Files\dotnet\packs\Microsoft.NETCore.App.Ref\8.0.6\ref/net8.0/System.Security.SecureString.dll
                 Private = 'false'
             C:\Program Files\dotnet\packs\Microsoft.NETCore.App.Ref\8.0.6\ref/net8.0/System.Security.dll
                 Private = 'false'
             C:\Program Files\dotnet\packs\Microsoft.NETCore.App.Ref\8.0.6\ref/net8.0/System.ServiceModel.Web.dll
                 Private = 'false'
             C:\Program Files\dotnet\packs\Microsoft.NETCore.App.Ref\8.0.6\ref/net8.0/System.ServiceProcess.dll
                 Private = 'false'
             C:\Program Files\dotnet\packs\Microsoft.NETCore.App.Ref\8.0.6\ref/net8.0/System.Text.Encoding.CodePages.dll
                 Private = 'false'
             C:\Program Files\dotnet\packs\Microsoft.NETCore.App.Ref\8.0.6\ref/net8.0/System.Text.Encoding.Extensions.dll
                 Private = 'false'
             C:\Program Files\dotnet\packs\Microsoft.NETCore.App.Ref\8.0.6\ref/net8.0/System.Text.Encoding.dll
                 Private = 'false'
             C:\Program Files\dotnet\packs\Microsoft.NETCore.App.Ref\8.0.6\ref/net8.0/System.Text.Encodings.Web.dll
                 Private = 'false'
             C:\Program Files\dotnet\packs\Microsoft.NETCore.App.Ref\8.0.6\ref/net8.0/System.Text.Json.dll
                 Private = 'false'
             C:\Program Files\dotnet\packs\Microsoft.NETCore.App.Ref\8.0.6\ref/net8.0/System.Text.RegularExpressions.dll
                 Private = 'false'
             C:\Program Files\dotnet\packs\Microsoft.NETCore.App.Ref\8.0.6\ref/net8.0/System.Threading.Channels.dll
                 Private = 'false'
             C:\Program Files\dotnet\packs\Microsoft.NETCore.App.Ref\8.0.6\ref/net8.0/System.Threading.Overlapped.dll
                 Private = 'false'
             C:\Program Files\dotnet\packs\Microsoft.NETCore.App.Ref\8.0.6\ref/net8.0/System.Threading.Tasks.Dataflow.dll
                 Private = 'false'
             C:\Program Files\dotnet\packs\Microsoft.NETCore.App.Ref\8.0.6\ref/net8.0/System.Threading.Tasks.Extensions.dll
                 Private = 'false'
             C:\Program Files\dotnet\packs\Microsoft.NETCore.App.Ref\8.0.6\ref/net8.0/System.Threading.Tasks.Parallel.dll
                 Private = 'false'
             C:\Program Files\dotnet\packs\Microsoft.NETCore.App.Ref\8.0.6\ref/net8.0/System.Threading.Tasks.dll
                 Private = 'false'
             C:\Program Files\dotnet\packs\Microsoft.NETCore.App.Ref\8.0.6\ref/net8.0/System.Threading.Thread.dll
                 Private = 'false'
             C:\Program Files\dotnet\packs\Microsoft.NETCore.App.Ref\8.0.6\ref/net8.0/System.Threading.ThreadPool.dll
                 Private = 'false'
             C:\Program Files\dotnet\packs\Microsoft.NETCore.App.Ref\8.0.6\ref/net8.0/System.Threading.Timer.dll
                 Private = 'false'
             C:\Program Files\dotnet\packs\Microsoft.NETCore.App.Ref\8.0.6\ref/net8.0/System.Threading.dll
                 Private = 'false'
             C:\Program Files\dotnet\packs\Microsoft.NETCore.App.Ref\8.0.6\ref/net8.0/System.Transactions.Local.dll
                 Private = 'false'
             C:\Program Files\dotnet\packs\Microsoft.NETCore.App.Ref\8.0.6\ref/net8.0/System.Transactions.dll
                 Private = 'false'
             C:\Program Files\dotnet\packs\Microsoft.NETCore.App.Ref\8.0.6\ref/net8.0/System.ValueTuple.dll
                 Private = 'false'
             C:\Program Files\dotnet\packs\Microsoft.NETCore.App.Ref\8.0.6\ref/net8.0/System.Web.HttpUtility.dll
                 Private = 'false'
             C:\Program Files\dotnet\packs\Microsoft.NETCore.App.Ref\8.0.6\ref/net8.0/System.Web.dll
                 Private = 'false'
             C:\Program Files\dotnet\packs\Microsoft.NETCore.App.Ref\8.0.6\ref/net8.0/System.Windows.dll
                 Private = 'false'
             C:\Program Files\dotnet\packs\Microsoft.NETCore.App.Ref\8.0.6\ref/net8.0/System.Xml.Linq.dll
                 Private = 'false'
             C:\Program Files\dotnet\packs\Microsoft.NETCore.App.Ref\8.0.6\ref/net8.0/System.Xml.ReaderWriter.dll
                 Private = 'false'
             C:\Program Files\dotnet\packs\Microsoft.NETCore.App.Ref\8.0.6\ref/net8.0/System.Xml.Serialization.dll
                 Private = 'false'
             C:\Program Files\dotnet\packs\Microsoft.NETCore.App.Ref\8.0.6\ref/net8.0/System.Xml.XDocument.dll
                 Private = 'false'
             C:\Program Files\dotnet\packs\Microsoft.NETCore.App.Ref\8.0.6\ref/net8.0/System.Xml.XPath.XDocument.dll
                 Private = 'false'
             C:\Program Files\dotnet\packs\Microsoft.NETCore.App.Ref\8.0.6\ref/net8.0/System.Xml.XPath.dll
                 Private = 'false'
             C:\Program Files\dotnet\packs\Microsoft.NETCore.App.Ref\8.0.6\ref/net8.0/System.Xml.XmlDocument.dll
                 Private = 'false'
             C:\Program Files\dotnet\packs\Microsoft.NETCore.App.Ref\8.0.6\ref/net8.0/System.Xml.XmlSerializer.dll
                 Private = 'false'
             C:\Program Files\dotnet\packs\Microsoft.NETCore.App.Ref\8.0.6\ref/net8.0/System.Xml.dll
                 Private = 'false'
             C:\Program Files\dotnet\packs\Microsoft.NETCore.App.Ref\8.0.6\ref/net8.0/System.dll
                 Private = 'false'
             C:\Program Files\dotnet\packs\Microsoft.NETCore.App.Ref\8.0.6\ref/net8.0/WindowsBase.dll
                 Private = 'false'
             C:\Program Files\dotnet\packs\Microsoft.NETCore.App.Ref\8.0.6\ref/net8.0/mscorlib.dll
                 Private = 'false'
             C:\Program Files\dotnet\packs\Microsoft.NETCore.App.Ref\8.0.6\ref/net8.0/netstandard.dll
                 Private = 'false'
         AssemblyFiles:
         CandidateAssemblyFiles:
         TargetFrameworkDirectories:
             
         InstalledAssemblyTables:
         IgnoreInstalledAssemblyTable:
             False
         SearchPaths:
             {CandidateAssemblyFiles}
             {HintPathFromItem}
             {TargetFrameworkDirectory}
             {RawFileName}
         AllowedAssemblyExtensions:
             .winmd
             .dll
             .exe
         AllowedRelatedFileExtensions:
             .pdb
             .xml
             .pri
             .dll.config
             .exe.config
         AppConfigFile:
             
         AutoUnify:
             True
         CopyLocalDependenciesWhenParentReferenceInGac:
             True
         FindDependencies:
             True
         TargetProcessorArchitecture:
             msil
         StateFile:
             obj\Debug\net8.0\TalenHuman.Domain.csproj.AssemblyReference.cache
         InstalledAssemblySubsetTables:
         IgnoreInstalledAssemblySubsetTable:
             False
         TargetFrameworkSubsets:
         FullTargetFrameworkSubsetNames:
             Full
         ProfileName:
             
         FullFrameworkFolders:
         LatestTargetFrameworkDirectories:
         ProfileTablesLocation:
         Primary reference "Microsoft.AspNetCore.Cryptography.Internal, Version=8.0.0.0, Culture=neutral, PublicKeyToken=adb9793829ddae60".
             Resolved file path is "C:\Users\messa\.nuget\packages\microsoft.aspnetcore.cryptography.internal\8.0.11\lib\net8.0\Microsoft.AspNetCore.Cryptography.Internal.dll".
             Reference found at search path location "{HintPathFromItem}".
             This reference is not "CopyLocal" because at least one source item had "Private" set to "false" and no source items had "Private" set to "true".
         Primary reference "Microsoft.AspNetCore.Cryptography.KeyDerivation, Version=8.0.0.0, Culture=neutral, PublicKeyToken=adb9793829ddae60".
             Resolved file path is "C:\Users\messa\.nuget\packages\microsoft.aspnetcore.cryptography.keyderivation\8.0.11\lib\net8.0\Microsoft.AspNetCore.Cryptography.KeyDerivation.dll".
             Reference found at search path location "{HintPathFromItem}".
             This reference is not "CopyLocal" because at least one source item had "Private" set to "false" and no source items had "Private" set to "true".
         Primary reference "Microsoft.Extensions.Caching.Abstractions, Version=8.0.0.0, Culture=neutral, PublicKeyToken=adb9793829ddae60".
             Resolved file path is "C:\Users\messa\.nuget\packages\microsoft.extensions.caching.abstractions\8.0.0\lib\net8.0\Microsoft.Extensions.Caching.Abstractions.dll".
             Reference found at search path location "{HintPathFromItem}".
             This reference is not "CopyLocal" because at least one source item had "Private" set to "false" and no source items had "Private" set to "true".
         Primary reference "Microsoft.Extensions.DependencyInjection, Version=8.0.0.0, Culture=neutral, PublicKeyToken=adb9793829ddae60".
             Resolved file path is "C:\Users\messa\.nuget\packages\microsoft.extensions.dependencyinjection\8.0.1\lib\net8.0\Microsoft.Extensions.DependencyInjection.dll".
             Reference found at search path location "{HintPathFromItem}".
             This reference is not "CopyLocal" because at least one source item had "Private" set to "false" and no source items had "Private" set to "true".
         Primary reference "Microsoft.Extensions.DependencyInjection.Abstractions, Version=8.0.0.0, Culture=neutral, PublicKeyToken=adb9793829ddae60".
             Resolved file path is "C:\Users\messa\.nuget\packages\microsoft.extensions.dependencyinjection.abstractions\8.0.2\lib\net8.0\Microsoft.Extensions.DependencyInjection.Abstractions.dll".
             Reference found at search path location "{HintPathFromItem}".
             This reference is not "CopyLocal" because at least one source item had "Private" set to "false" and no source items had "Private" set to "true".
         Primary reference "Microsoft.Extensions.Identity.Core, Version=8.0.0.0, Culture=neutral, PublicKeyToken=adb9793829ddae60".
             Resolved file path is "C:\Users\messa\.nuget\packages\microsoft.extensions.identity.core\8.0.11\lib\net8.0\Microsoft.Extensions.Identity.Core.dll".
             Reference found at search path location "{HintPathFromItem}".
             This reference is not "CopyLocal" because at least one source item had "Private" set to "false" and no source items had "Private" set to "true".
         Primary reference "Microsoft.Extensions.Identity.Stores, Version=8.0.0.0, Culture=neutral, PublicKeyToken=adb9793829ddae60".
             Resolved file path is "C:\Users\messa\.nuget\packages\microsoft.extensions.identity.stores\8.0.11\lib\net8.0\Microsoft.Extensions.Identity.Stores.dll".
             Reference found at search path location "{HintPathFromItem}".
             This reference is not "CopyLocal" because at least one source item had "Private" set to "false" and no source items had "Private" set to "true".
         Primary reference "Microsoft.Extensions.Logging, Version=8.0.0.0, Culture=neutral, PublicKeyToken=adb9793829ddae60".
             Resolved file path is "C:\Users\messa\.nuget\packages\microsoft.extensions.logging\8.0.1\lib\net8.0\Microsoft.Extensions.Logging.dll".
             Reference found at search path location "{HintPathFromItem}".
             This reference is not "CopyLocal" because at least one source item had "Private" set to "false" and no source items had "Private" set to "true".
         Primary reference "Microsoft.Extensions.Logging.Abstractions, Version=8.0.0.0, Culture=neutral, PublicKeyToken=adb9793829ddae60".
             Resolved file path is "C:\Users\messa\.nuget\packages\microsoft.extensions.logging.abstractions\8.0.2\lib\net8.0\Microsoft.Extensions.Logging.Abstractions.dll".
             Reference found at search path location "{HintPathFromItem}".
             This reference is not "CopyLocal" because at least one source item had "Private" set to "false" and no source items had "Private" set to "true".
         Primary reference "Microsoft.Extensions.Options, Version=8.0.0.0, Culture=neutral, PublicKeyToken=adb9793829ddae60".
             Resolved file path is "C:\Users\messa\.nuget\packages\microsoft.extensions.options\8.0.2\lib\net8.0\Microsoft.Extensions.Options.dll".
             Reference found at search path location "{HintPathFromItem}".
             This reference is not "CopyLocal" because at least one source item had "Private" set to "false" and no source items had "Private" set to "true".
         Primary reference "Microsoft.Extensions.Primitives, Version=8.0.0.0, Culture=neutral, PublicKeyToken=adb9793829ddae60".
             Resolved file path is "C:\Users\messa\.nuget\packages\microsoft.extensions.primitives\8.0.0\lib\net8.0\Microsoft.Extensions.Primitives.dll".
             Reference found at search path location "{HintPathFromItem}".
             This reference is not "CopyLocal" because at least one source item had "Private" set to "false" and no source items had "Private" set to "true".
         Primary reference "Microsoft.CSharp, Version=8.0.0.0, Culture=neutral, PublicKeyToken=b03f5f7f11d50a3a".
             Resolved file path is "C:\Program Files\dotnet\packs\Microsoft.NETCore.App.Ref\8.0.6\ref\net8.0\Microsoft.CSharp.dll".
             Reference found at search path location "{RawFileName}".
             This reference is not "CopyLocal" because at least one source item had "Private" set to "false" and no source items had "Private" set to "true".
         Primary reference "Microsoft.VisualBasic.Core, Version=13.0.0.0, Culture=neutral, PublicKeyToken=b03f5f7f11d50a3a".
             Resolved file path is "C:\Program Files\dotnet\packs\Microsoft.NETCore.App.Ref\8.0.6\ref\net8.0\Microsoft.VisualBasic.Core.dll".
             Reference found at search path location "{RawFileName}".
             This reference is not "CopyLocal" because at least one source item had "Private" set to "false" and no source items had "Private" set to "true".
         Primary reference "Microsoft.VisualBasic, Version=10.0.0.0, Culture=neutral, PublicKeyToken=b03f5f7f11d50a3a".
             Resolved file path is "C:\Program Files\dotnet\packs\Microsoft.NETCore.App.Ref\8.0.6\ref\net8.0\Microsoft.VisualBasic.dll".
             Reference found at search path location "{RawFileName}".
             This reference is not "CopyLocal" because at least one source item had "Private" set to "false" and no source items had "Private" set to "true".
         Primary reference "Microsoft.Win32.Primitives, Version=8.0.0.0, Culture=neutral, PublicKeyToken=b03f5f7f11d50a3a".
             Resolved file path is "C:\Program Files\dotnet\packs\Microsoft.NETCore.App.Ref\8.0.6\ref\net8.0\Microsoft.Win32.Primitives.dll".
             Reference found at search path location "{RawFileName}".
             This reference is not "CopyLocal" because at least one source item had "Private" set to "false" and no source items had "Private" set to "true".
         Primary reference "Microsoft.Win32.Registry, Version=8.0.0.0, Culture=neutral, PublicKeyToken=b03f5f7f11d50a3a".
             Resolved file path is "C:\Program Files\dotnet\packs\Microsoft.NETCore.App.Ref\8.0.6\ref\net8.0\Microsoft.Win32.Registry.dll".
             Reference found at search path location "{RawFileName}".
             This reference is not "CopyLocal" because at least one source item had "Private" set to "false" and no source items had "Private" set to "true".
         Primary reference "System.AppContext, Version=8.0.0.0, Culture=neutral, PublicKeyToken=b03f5f7f11d50a3a".
             Resolved file path is "C:\Program Files\dotnet\packs\Microsoft.NETCore.App.Ref\8.0.6\ref\net8.0\System.AppContext.dll".
             Reference found at search path location "{RawFileName}".
             This reference is not "CopyLocal" because at least one source item had "Private" set to "false" and no source items had "Private" set to "true".
         Primary reference "System.Buffers, Version=8.0.0.0, Culture=neutral, PublicKeyToken=cc7b13ffcd2ddd51".
             Resolved file path is "C:\Program Files\dotnet\packs\Microsoft.NETCore.App.Ref\8.0.6\ref\net8.0\System.Buffers.dll".
             Reference found at search path location "{RawFileName}".
             This reference is not "CopyLocal" because at least one source item had "Private" set to "false" and no source items had "Private" set to "true".
         Primary reference "System.Collections.Concurrent, Version=8.0.0.0, Culture=neutral, PublicKeyToken=b03f5f7f11d50a3a".
             Resolved file path is "C:\Program Files\dotnet\packs\Microsoft.NETCore.App.Ref\8.0.6\ref\net8.0\System.Collections.Concurrent.dll".
             Reference found at search path location "{RawFileName}".
             This reference is not "CopyLocal" because at least one source item had "Private" set to "false" and no source items had "Private" set to "true".
         Primary reference "System.Collections.Immutable, Version=8.0.0.0, Culture=neutral, PublicKeyToken=b03f5f7f11d50a3a".
             Resolved file path is "C:\Program Files\dotnet\packs\Microsoft.NETCore.App.Ref\8.0.6\ref\net8.0\System.Collections.Immutable.dll".
             Reference found at search path location "{RawFileName}".
             This reference is not "CopyLocal" because at least one source item had "Private" set to "false" and no source items had "Private" set to "true".
         Primary reference "System.Collections.NonGeneric, Version=8.0.0.0, Culture=neutral, PublicKeyToken=b03f5f7f11d50a3a".
             Resolved file path is "C:\Program Files\dotnet\packs\Microsoft.NETCore.App.Ref\8.0.6\ref\net8.0\System.Collections.NonGeneric.dll".
             Reference found at search path location "{RawFileName}".
             This reference is not "CopyLocal" because at least one source item had "Private" set to "false" and no source items had "Private" set to "true".
         Primary reference "System.Collections.Specialized, Version=8.0.0.0, Culture=neutral, PublicKeyToken=b03f5f7f11d50a3a".
             Resolved file path is "C:\Program Files\dotnet\packs\Microsoft.NETCore.App.Ref\8.0.6\ref\net8.0\System.Collections.Specialized.dll".
             Reference found at search path location "{RawFileName}".
             This reference is not "CopyLocal" because at least one source item had "Private" set to "false" and no source items had "Private" set to "true".
         Primary reference "System.Collections, Version=8.0.0.0, Culture=neutral, PublicKeyToken=b03f5f7f11d50a3a".
             Resolved file path is "C:\Program Files\dotnet\packs\Microsoft.NETCore.App.Ref\8.0.6\ref\net8.0\System.Collections.dll".
             Reference found at search path location "{RawFileName}".
             This reference is not "CopyLocal" because at least one source item had "Private" set to "false" and no source items had "Private" set to "true".
         Primary reference "System.ComponentModel.Annotations, Version=8.0.0.0, Culture=neutral, PublicKeyToken=b03f5f7f11d50a3a".
             Resolved file path is "C:\Program Files\dotnet\packs\Microsoft.NETCore.App.Ref\8.0.6\ref\net8.0\System.ComponentModel.Annotations.dll".
             Reference found at search path location "{RawFileName}".
             This reference is not "CopyLocal" because at least one source item had "Private" set to "false" and no source items had "Private" set to "true".
         Primary reference "System.ComponentModel.DataAnnotations, Version=4.0.0.0, Culture=neutral, PublicKeyToken=31bf3856ad364e35".
             Resolved file path is "C:\Program Files\dotnet\packs\Microsoft.NETCore.App.Ref\8.0.6\ref\net8.0\System.ComponentModel.DataAnnotations.dll".
             Reference found at search path location "{RawFileName}".
             This reference is not "CopyLocal" because at least one source item had "Private" set to "false" and no source items had "Private" set to "true".
         Primary reference "System.ComponentModel.EventBasedAsync, Version=8.0.0.0, Culture=neutral, PublicKeyToken=b03f5f7f11d50a3a".
             Resolved file path is "C:\Program Files\dotnet\packs\Microsoft.NETCore.App.Ref\8.0.6\ref\net8.0\System.ComponentModel.EventBasedAsync.dll".
             Reference found at search path location "{RawFileName}".
             This reference is not "CopyLocal" because at least one source item had "Private" set to "false" and no source items had "Private" set to "true".
         Primary reference "System.ComponentModel.Primitives, Version=8.0.0.0, Culture=neutral, PublicKeyToken=b03f5f7f11d50a3a".
             Resolved file path is "C:\Program Files\dotnet\packs\Microsoft.NETCore.App.Ref\8.0.6\ref\net8.0\System.ComponentModel.Primitives.dll".
             Reference found at search path location "{RawFileName}".
             This reference is not "CopyLocal" because at least one source item had "Private" set to "false" and no source items had "Private" set to "true".
         Primary reference "System.ComponentModel.TypeConverter, Version=8.0.0.0, Culture=neutral, PublicKeyToken=b03f5f7f11d50a3a".
             Resolved file path is "C:\Program Files\dotnet\packs\Microsoft.NETCore.App.Ref\8.0.6\ref\net8.0\System.ComponentModel.TypeConverter.dll".
             Reference found at search path location "{RawFileName}".
             This reference is not "CopyLocal" because at least one source item had "Private" set to "false" and no source items had "Private" set to "true".
         Primary reference "System.ComponentModel, Version=8.0.0.0, Culture=neutral, PublicKeyToken=b03f5f7f11d50a3a".
             Resolved file path is "C:\Program Files\dotnet\packs\Microsoft.NETCore.App.Ref\8.0.6\ref\net8.0\System.ComponentModel.dll".
             Reference found at search path location "{RawFileName}".
             This reference is not "CopyLocal" because at least one source item had "Private" set to "false" and no source items had "Private" set to "true".
         Primary reference "System.Configuration, Version=4.0.0.0, Culture=neutral, PublicKeyToken=b03f5f7f11d50a3a".
             Resolved file path is "C:\Program Files\dotnet\packs\Microsoft.NETCore.App.Ref\8.0.6\ref\net8.0\System.Configuration.dll".
             Reference found at search path location "{RawFileName}".
             This reference is not "CopyLocal" because at least one source item had "Private" set to "false" and no source items had "Private" set to "true".
         Primary reference "System.Console, Version=8.0.0.0, Culture=neutral, PublicKeyToken=b03f5f7f11d50a3a".
             Resolved file path is "C:\Program Files\dotnet\packs\Microsoft.NETCore.App.Ref\8.0.6\ref\net8.0\System.Console.dll".
             Reference found at search path location "{RawFileName}".
             This reference is not "CopyLocal" because at least one source item had "Private" set to "false" and no source items had "Private" set to "true".
         Primary reference "System.Core, Version=4.0.0.0, Culture=neutral, PublicKeyToken=b77a5c561934e089".
             Resolved file path is "C:\Program Files\dotnet\packs\Microsoft.NETCore.App.Ref\8.0.6\ref\net8.0\System.Core.dll".
             Reference found at search path location "{RawFileName}".
             This reference is not "CopyLocal" because at least one source item had "Private" set to "false" and no source items had "Private" set to "true".
         Primary reference "System.Data.Common, Version=8.0.0.0, Culture=neutral, PublicKeyToken=b03f5f7f11d50a3a".
             Resolved file path is "C:\Program Files\dotnet\packs\Microsoft.NETCore.App.Ref\8.0.6\ref\net8.0\System.Data.Common.dll".
             Reference found at search path location "{RawFileName}".
             This reference is not "CopyLocal" because at least one source item had "Private" set to "false" and no source items had "Private" set to "true".
         Primary reference "System.Data.DataSetExtensions, Version=8.0.0.0, Culture=neutral, PublicKeyToken=b77a5c561934e089".
             Resolved file path is "C:\Program Files\dotnet\packs\Microsoft.NETCore.App.Ref\8.0.6\ref\net8.0\System.Data.DataSetExtensions.dll".
             Reference found at search path location "{RawFileName}".
             This reference is not "CopyLocal" because at least one source item had "Private" set to "false" and no source items had "Private" set to "true".
         Primary reference "System.Data, Version=4.0.0.0, Culture=neutral, PublicKeyToken=b77a5c561934e089".
             Resolved file path is "C:\Program Files\dotnet\packs\Microsoft.NETCore.App.Ref\8.0.6\ref\net8.0\System.Data.dll".
             Reference found at search path location "{RawFileName}".
             This reference is not "CopyLocal" because at least one source item had "Private" set to "false" and no source items had "Private" set to "true".
         Primary reference "System.Diagnostics.Contracts, Version=8.0.0.0, Culture=neutral, PublicKeyToken=b03f5f7f11d50a3a".
             Resolved file path is "C:\Program Files\dotnet\packs\Microsoft.NETCore.App.Ref\8.0.6\ref\net8.0\System.Diagnostics.Contracts.dll".
             Reference found at search path location "{RawFileName}".
             This reference is not "CopyLocal" because at least one source item had "Private" set to "false" and no source items had "Private" set to "true".
         Primary reference "System.Diagnostics.Debug, Version=8.0.0.0, Culture=neutral, PublicKeyToken=b03f5f7f11d50a3a".
             Resolved file path is "C:\Program Files\dotnet\packs\Microsoft.NETCore.App.Ref\8.0.6\ref\net8.0\System.Diagnostics.Debug.dll".
             Reference found at search path location "{RawFileName}".
             This reference is not "CopyLocal" because at least one source item had "Private" set to "false" and no source items had "Private" set to "true".
         Primary reference "System.Diagnostics.DiagnosticSource, Version=8.0.0.0, Culture=neutral, PublicKeyToken=cc7b13ffcd2ddd51".
             Resolved file path is "C:\Program Files\dotnet\packs\Microsoft.NETCore.App.Ref\8.0.6\ref\net8.0\System.Diagnostics.DiagnosticSource.dll".
             Reference found at search path location "{RawFileName}".
             This reference is not "CopyLocal" because at least one source item had "Private" set to "false" and no source items had "Private" set to "true".
         Primary reference "System.Diagnostics.FileVersionInfo, Version=8.0.0.0, Culture=neutral, PublicKeyToken=b03f5f7f11d50a3a".
             Resolved file path is "C:\Program Files\dotnet\packs\Microsoft.NETCore.App.Ref\8.0.6\ref\net8.0\System.Diagnostics.FileVersionInfo.dll".
             Reference found at search path location "{RawFileName}".
             This reference is not "CopyLocal" because at least one source item had "Private" set to "false" and no source items had "Private" set to "true".
         Primary reference "System.Diagnostics.Process, Version=8.0.0.0, Culture=neutral, PublicKeyToken=b03f5f7f11d50a3a".
             Resolved file path is "C:\Program Files\dotnet\packs\Microsoft.NETCore.App.Ref\8.0.6\ref\net8.0\System.Diagnostics.Process.dll".
             Reference found at search path location "{RawFileName}".
             This reference is not "CopyLocal" because at least one source item had "Private" set to "false" and no source items had "Private" set to "true".
         Primary reference "System.Diagnostics.StackTrace, Version=8.0.0.0, Culture=neutral, PublicKeyToken=b03f5f7f11d50a3a".
             Resolved file path is "C:\Program Files\dotnet\packs\Microsoft.NETCore.App.Ref\8.0.6\ref\net8.0\System.Diagnostics.StackTrace.dll".
             Reference found at search path location "{RawFileName}".
             This reference is not "CopyLocal" because at least one source item had "Private" set to "false" and no source items had "Private" set to "true".
         Primary reference "System.Diagnostics.TextWriterTraceListener, Version=8.0.0.0, Culture=neutral, PublicKeyToken=b03f5f7f11d50a3a".
             Resolved file path is "C:\Program Files\dotnet\packs\Microsoft.NETCore.App.Ref\8.0.6\ref\net8.0\System.Diagnostics.TextWriterTraceListener.dll".
             Reference found at search path location "{RawFileName}".
             This reference is not "CopyLocal" because at least one source item had "Private" set to "false" and no source items had "Private" set to "true".
         Primary reference "System.Diagnostics.Tools, Version=8.0.0.0, Culture=neutral, PublicKeyToken=b03f5f7f11d50a3a".
             Resolved file path is "C:\Program Files\dotnet\packs\Microsoft.NETCore.App.Ref\8.0.6\ref\net8.0\System.Diagnostics.Tools.dll".
             Reference found at search path location "{RawFileName}".
             This reference is not "CopyLocal" because at least one source item had "Private" set to "false" and no source items had "Private" set to "true".
         Primary reference "System.Diagnostics.TraceSource, Version=8.0.0.0, Culture=neutral, PublicKeyToken=b03f5f7f11d50a3a".
             Resolved file path is "C:\Program Files\dotnet\packs\Microsoft.NETCore.App.Ref\8.0.6\ref\net8.0\System.Diagnostics.TraceSource.dll".
             Reference found at search path location "{RawFileName}".
             This reference is not "CopyLocal" because at least one source item had "Private" set to "false" and no source items had "Private" set to "true".
         Primary reference "System.Diagnostics.Tracing, Version=8.0.0.0, Culture=neutral, PublicKeyToken=b03f5f7f11d50a3a".
             Resolved file path is "C:\Program Files\dotnet\packs\Microsoft.NETCore.App.Ref\8.0.6\ref\net8.0\System.Diagnostics.Tracing.dll".
     0>Overriding target "ResolveFrameworkReferences" in project "C:\Program Files\dotnet\sdk\8.0.302\Microsoft.Common.CurrentVersion.targets" with target "ResolveFrameworkReferences" from project "C:\Program Files\dotnet\sdk\8.0.302\Sdks\Microsoft.NET.Sdk\targets\Microsoft.NET.Sdk.FrameworkReferenceResolution.targets".
       Overriding target "Run" in project "C:\Program Files\dotnet\sdk\8.0.302\Microsoft.Common.CurrentVersion.targets" with target "Run" from project "C:\Program Files\dotnet\sdk\8.0.302\Sdks\Microsoft.NET.Sdk\targets\Microsoft.NET.Sdk.targets".
       Overriding target "GenerateSupportedTargetFrameworkAlias" in project "C:\Program Files\dotnet\sdk\8.0.302\Microsoft.Common.CurrentVersion.targets" with target "GenerateSupportedTargetFrameworkAlias" from project "C:\Program Files\dotnet\sdk\8.0.302\Sdks\Microsoft.NET.Sdk\targets\Microsoft.NET.Sdk.targets".
   3:7>ResolveAssemblyReferences:
             Reference found at search path location "{RawFileName}".
     0>Overriding target "GetReferenceAssemblyPaths" in project "C:\Program Files\dotnet\sdk\8.0.302\Microsoft.Common.CurrentVersion.targets" with target "GetReferenceAssemblyPaths" from project "C:\Program Files\dotnet\sdk\8.0.302\Sdks\Microsoft.NET.Sdk\targets\Microsoft.NET.DisableStandardFrameworkResolution.targets".
       Overriding target "GetFrameworkPaths" in project "C:\Program Files\dotnet\sdk\8.0.302\Microsoft.Common.CurrentVersion.targets" with target "GetFrameworkPaths" from project "C:\Program Files\dotnet\sdk\8.0.302\Sdks\Microsoft.NET.Sdk\targets\Microsoft.NET.DisableStandardFrameworkResolution.targets".
       Overriding target "DesignerRuntimeImplementationProjectOutputGroup" in project "C:\Program Files\dotnet\sdk\8.0.302\Microsoft.Common.CurrentVersion.targets" with target "DesignerRuntimeImplementationProjectOutputGroup" from project "C:\Program Files\dotnet\sdk\8.0.302\Sdks\Microsoft.NET.Sdk\targets\Microsoft.NET.DesignerSupport.targets".
   3:7>ResolveAssemblyReferences:
             This reference is not "CopyLocal" because at least one source item had "Private" set to "false" and no source items had "Private" set to "true".
     0>Overriding target "Publish" in project "C:\Program Files\dotnet\sdk\8.0.302\Microsoft.Common.CurrentVersion.targets" with target "Publish" from project "C:\Program Files\dotnet\sdk\8.0.302\Sdks\Microsoft.NET.Sdk\targets\Microsoft.NET.Publish.targets".
       Overriding target "ResolveReadyToRunCompilers" in project "C:\Program Files\dotnet\sdk\8.0.302\Sdks\Microsoft.NET.Sdk\targets\Microsoft.NET.CrossGen.targets" with target "ResolveReadyToRunCompilers" from project "C:\Program Files\dotnet\sdk\8.0.302\Sdks\Microsoft.NET.Sdk\targets\Microsoft.NET.Publish.targets".
       Overriding target "GetCopyToPublishDirectoryItems" in project "C:\Program Files\dotnet\sdk\8.0.302\Microsoft.Common.CurrentVersion.targets" with target "GetCopyToPublishDirectoryItems" from project "C:\Program Files\dotnet\sdk\8.0.302\Sdks\Microsoft.NET.Sdk\targets\Microsoft.NET.Publish.targets".
   3:7>ResolveAssemblyReferences:
         Primary reference "System.Drawing.Primitives, Version=8.0.0.0, Culture=neutral, PublicKeyToken=b03f5f7f11d50a3a".
             Resolved file path is "C:\Program Files\dotnet\packs\Microsoft.NETCore.App.Ref\8.0.6\ref\net8.0\System.Drawing.Primitives.dll".
             Reference found at search path location "{RawFileName}".
             This reference is not "CopyLocal" because at least one source item had "Private" set to "false" and no source items had "Private" set to "true".
     0>Overriding target "BeforePublish" in project "C:\Program Files\dotnet\sdk\8.0.302\Microsoft.Common.CurrentVersion.targets" with target "BeforePublish" from project "C:\Program Files\dotnet\sdk\8.0.302\Sdks\Microsoft.NET.Sdk.Publish\targets\Microsoft.NET.Sdk.Publish.targets".
       Overriding target "AfterPublish" in project "C:\Program Files\dotnet\sdk\8.0.302\Microsoft.Common.CurrentVersion.targets" with target "AfterPublish" from project "C:\Program Files\dotnet\sdk\8.0.302\Sdks\Microsoft.NET.Sdk.Publish\targets\Microsoft.NET.Sdk.Publish.targets".
   3:7>ResolveAssemblyReferences:
         Primary reference "System.Drawing, Version=4.0.0.0, Culture=neutral, PublicKeyToken=b03f5f7f11d50a3a".
             Resolved file path is "C:\Program Files\dotnet\packs\Microsoft.NETCore.App.Ref\8.0.6\ref\net8.0\System.Drawing.dll".
             Reference found at search path location "{RawFileName}".
             This reference is not "CopyLocal" because at least one source item had "Private" set to "false" and no source items had "Private" set to "true".
         Primary reference "System.Dynamic.Runtime, Version=8.0.0.0, Culture=neutral, PublicKeyToken=b03f5f7f11d50a3a".
     0>The target "ResolveNuGetPackageAssets" listed in an AfterTargets attribute at "C:\Users\messa\.nuget\packages\microsoft.extensions.options\9.0.0\buildTransitive\net8.0\Microsoft.Extensions.Options.targets (11,11)" does not exist in the project, and will be ignored.
       The target "ResolveNuGetPackageAssets" listed in an AfterTargets attribute at "C:\Users\messa\.nuget\packages\microsoft.extensions.options\9.0.0\buildTransitive\net8.0\Microsoft.Extensions.Options.targets (23,11)" does not exist in the project, and will be ignored.
       The target "ResolveNuGetPackageAssets" listed in an AfterTargets attribute at "C:\Users\messa\.nuget\packages\microsoft.extensions.logging.abstractions\9.0.0\buildTransitive\net8.0\Microsoft.Extensions.Logging.Abstractions.targets (11,11)" does not exist in the project, and will be ignored.
       The target "ResolveNuGetPackageAssets" listed in an AfterTargets attribute at "C:\Users\messa\.nuget\packages\microsoft.extensions.logging.abstractions\9.0.0\buildTransitive\net8.0\Microsoft.Extensions.Logging.Abstractions.targets (23,11)" does not exist in the project, and will be ignored.
       The target "ResolveNuGetPackageAssets" listed in an AfterTargets attribute at "C:\Users\messa\.nuget\packages\microsoft.extensions.configuration.binder\9.0.0\buildTransitive\netstandard2.0\Microsoft.Extensions.Configuration.Binder.targets (9,13)" does not exist in the project, and will be ignored.
   3:7>ResolveAssemblyReferences:
             Resolved file path is "C:\Program Files\dotnet\packs\Microsoft.NETCore.App.Ref\8.0.6\ref\net8.0\System.Dynamic.Runtime.dll".
             Reference found at search path location "{RawFileName}".
             This reference is not "CopyLocal" because at least one source item had "Private" set to "false" and no source items had "Private" set to "true".
         Primary reference "System.Formats.Asn1, Version=8.0.0.0, Culture=neutral, PublicKeyToken=cc7b13ffcd2ddd51".
             Resolved file path is "C:\Program Files\dotnet\packs\Microsoft.NETCore.App.Ref\8.0.6\ref\net8.0\System.Formats.Asn1.dll".
     0>The target "CollectUpToDateCheckInputDesignTime" listed in a BeforeTargets attribute at "C:\Program Files\dotnet\sdk\8.0.302\Sdks\Microsoft.NET.Sdk.StaticWebAssets\targets\Microsoft.NET.Sdk.StaticWebAssets.ScopedCss.targets (156,5)" does not exist in the project, and will be ignored.
       The target "CollectUpToDateCheckBuiltDesignTime" listed in a BeforeTargets attribute at "C:\Program Files\dotnet\sdk\8.0.302\Sdks\Microsoft.NET.Sdk.StaticWebAssets\targets\Microsoft.NET.Sdk.StaticWebAssets.ScopedCss.targets (156,5)" does not exist in the project, and will be ignored.
   3:7>ResolveAssemblyReferences:
             Reference found at search path location "{RawFileName}".
     0>The target "RazorGenerateComponentDeclaration" listed in an AfterTargets attribute at "C:\Program Files\dotnet\sdk\8.0.302\Sdks\Microsoft.NET.Sdk.Razor\targets\Microsoft.NET.Sdk.Razor.DesignTime.targets (55,53)" does not exist in the project, and will be ignored.
   3:7>ResolveAssemblyReferences:
             This reference is not "CopyLocal" because at least one source item had "Private" set to "false" and no source items had "Private" set to "true".
         Primary reference "System.Formats.Tar, Version=8.0.0.0, Culture=neutral, PublicKeyToken=cc7b13ffcd2ddd51".
             Resolved file path is "C:\Program Files\dotnet\packs\Microsoft.NETCore.App.Ref\8.0.6\ref\net8.0\System.Formats.Tar.dll".
             Reference found at search path location "{RawFileName}".
             This reference is not "CopyLocal" because at least one source item had "Private" set to "false" and no source items had "Private" set to "true".
         Primary reference "System.Globalization.Calendars, Version=8.0.0.0, Culture=neutral, PublicKeyToken=b03f5f7f11d50a3a".
             Resolved file path is "C:\Program Files\dotnet\packs\Microsoft.NETCore.App.Ref\8.0.6\ref\net8.0\System.Globalization.Calendars.dll".
             Reference found at search path location "{RawFileName}".
             This reference is not "CopyLocal" because at least one source item had "Private" set to "false" and no source items had "Private" set to "true".
         Primary reference "System.Globalization.Extensions, Version=8.0.0.0, Culture=neutral, PublicKeyToken=b03f5f7f11d50a3a".
             Resolved file path is "C:\Program Files\dotnet\packs\Microsoft.NETCore.App.Ref\8.0.6\ref\net8.0\System.Globalization.Extensions.dll".
             Reference found at search path location "{RawFileName}".
             This reference is not "CopyLocal" because at least one source item had "Private" set to "false" and no source items had "Private" set to "true".
         Primary reference "System.Globalization, Version=8.0.0.0, Culture=neutral, PublicKeyToken=b03f5f7f11d50a3a".
             Resolved file path is "C:\Program Files\dotnet\packs\Microsoft.NETCore.App.Ref\8.0.6\ref\net8.0\System.Globalization.dll".
             Reference found at search path location "{RawFileName}".
             This reference is not "CopyLocal" because at least one source item had "Private" set to "false" and no source items had "Private" set to "true".
         Primary reference "System.IO.Compression.Brotli, Version=8.0.0.0, Culture=neutral, PublicKeyToken=b77a5c561934e089".
             Resolved file path is "C:\Program Files\dotnet\packs\Microsoft.NETCore.App.Ref\8.0.6\ref\net8.0\System.IO.Compression.Brotli.dll".
             Reference found at search path location "{RawFileName}".
             This reference is not "CopyLocal" because at least one source item had "Private" set to "false" and no source items had "Private" set to "true".
   1:2>Project "D:\Tito Pedraza\OneDrive\Proyectos\Codigo Fuente\repos\HumanCore\src\TalenHuman.sln" (1:2) is building "D:\Tito Pedraza\OneDrive\Proyectos\Codigo Fuente\repos\HumanCore\src\TalenHuman.API\TalenHuman.API.csproj" (5:6) on node 1 (default targets).
   5:6>Target "NETStandardCompatError_Microsoft_Extensions_Configuration_Binder" in file "C:\Users\messa\.nuget\packages\microsoft.extensions.configuration.binder\9.0.0\buildTransitive\netstandard2.0\Microsoft.Extensions.Configuration.Binder.targets" from project "D:\Tito Pedraza\OneDrive\Proyectos\Codigo Fuente\repos\HumanCore\src\TalenHuman.API\TalenHuman.API.csproj" (entry point):
   5:6>Task "Warning" skipped, due to false condition; ('$(_Microsoft_Extensions_Configuration_Binder_Compatible_TargetFramework)' != '') was evaluated as ('' != '').
   5:6>Done building target "NETStandardCompatError_Microsoft_Extensions_Configuration_Binder" in project "TalenHuman.API.csproj".
   3:7>ResolveAssemblyReferences:
         Primary reference "System.IO.Compression.FileSystem, Version=4.0.0.0, Culture=neutral, PublicKeyToken=b77a5c561934e089".
             Resolved file path is "C:\Program Files\dotnet\packs\Microsoft.NETCore.App.Ref\8.0.6\ref\net8.0\System.IO.Compression.FileSystem.dll".
   5:6>Target "_CheckForUnsupportedTargetFramework" skipped, due to false condition; ('$(_UnsupportedTargetFrameworkError)' == 'true') was evaluated as ('' == 'true').
   3:7>ResolveAssemblyReferences:
             Reference found at search path location "{RawFileName}".
             This reference is not "CopyLocal" because at least one source item had "Private" set to "false" and no source items had "Private" set to "true".
         Primary reference "System.IO.Compression.ZipFile, Version=8.0.0.0, Culture=neutral, PublicKeyToken=b77a5c561934e089".
             Resolved file path is "C:\Program Files\dotnet\packs\Microsoft.NETCore.App.Ref\8.0.6\ref\net8.0\System.IO.Compression.ZipFile.dll".
             Reference found at search path location "{RawFileName}".
             This reference is not "CopyLocal" because at least one source item had "Private" set to "false" and no source items had "Private" set to "true".
         Primary reference "System.IO.Compression, Version=8.0.0.0, Culture=neutral, PublicKeyToken=b77a5c561934e089".
             Resolved file path is "C:\Program Files\dotnet\packs\Microsoft.NETCore.App.Ref\8.0.6\ref\net8.0\System.IO.Compression.dll".
             Reference found at search path location "{RawFileName}".
   5:6>Target "_CollectTargetFrameworkForTelemetry" in file "C:\Program Files\dotnet\sdk\8.0.302\Sdks\Microsoft.NET.Sdk\targets\Microsoft.NET.TargetFrameworkInference.targets" from project "D:\Tito Pedraza\OneDrive\Proyectos\Codigo Fuente\repos\HumanCore\src\TalenHuman.API\TalenHuman.API.csproj" (target "_CheckForInvalidConfigurationAndPlatform" depends on it):
   5:6>Using "AllowEmptyTelemetry" task from assembly "C:\Program Files\dotnet\sdk\8.0.302\Sdks\Microsoft.NET.Sdk\targets\..\tools\net8.0\Microsoft.NET.Build.Tasks.dll".
       Task "AllowEmptyTelemetry"
   3:7>ResolveAssemblyReferences:
             This reference is not "CopyLocal" because at least one source item had "Private" set to "false" and no source items had "Private" set to "true".
         Primary reference "System.IO.FileSystem.AccessControl, Version=8.0.0.0, Culture=neutral, PublicKeyToken=b03f5f7f11d50a3a".
             Resolved file path is "C:\Program Files\dotnet\packs\Microsoft.NETCore.App.Ref\8.0.6\ref\net8.0\System.IO.FileSystem.AccessControl.dll".
             Reference found at search path location "{RawFileName}".
             This reference is not "CopyLocal" because at least one source item had "Private" set to "false" and no source items had "Private" set to "true".
         Primary reference "System.IO.FileSystem.DriveInfo, Version=8.0.0.0, Culture=neutral, PublicKeyToken=b03f5f7f11d50a3a".
             Resolved file path is "C:\Program Files\dotnet\packs\Microsoft.NETCore.App.Ref\8.0.6\ref\net8.0\System.IO.FileSystem.DriveInfo.dll".
             Reference found at search path location "{RawFileName}".
   5:6>Done executing task "AllowEmptyTelemetry".
   3:7>ResolveAssemblyReferences:
             This reference is not "CopyLocal" because at least one source item had "Private" set to "false" and no source items had "Private" set to "true".
   5:6>Done building target "_CollectTargetFrameworkForTelemetry" in project "TalenHuman.API.csproj".
   3:7>ResolveAssemblyReferences:
         Primary reference "System.IO.FileSystem.Primitives, Version=8.0.0.0, Culture=neutral, PublicKeyToken=b03f5f7f11d50a3a".
             Resolved file path is "C:\Program Files\dotnet\packs\Microsoft.NETCore.App.Ref\8.0.6\ref\net8.0\System.IO.FileSystem.Primitives.dll".
   5:6>Target "_CheckForUnsupportedTargetPlatformIdentifier" skipped, due to false condition; ('$(TargetPlatformIdentifier)' != '' and '$(TargetFrameworkIdentifier)' == '.NETCoreApp' and $([MSBuild]::VersionGreaterThanOrEquals($(TargetFrameworkVersion), 5.0)) And ('$(DesignTimeBuild)' != 'true' Or '@(MissingWorkloadPack)' == '')) was evaluated as ('' != '' and '.NETCoreApp' == '.NETCoreApp' and True And ('' != 'true' Or '' == '')).
       Target "_CheckForMissingWorkload" skipped, due to false condition; ('@(MissingWorkloadPack)' != '' And '$(DesignTimeBuild)' != 'true') was evaluated as ('' != '' And '' != 'true').
   3:7>ResolveAssemblyReferences:
             Reference found at search path location "{RawFileName}".
             This reference is not "CopyLocal" because at least one source item had "Private" set to "false" and no source items had "Private" set to "true".
         Primary reference "System.IO.FileSystem.Watcher, Version=8.0.0.0, Culture=neutral, PublicKeyToken=b03f5f7f11d50a3a".
   5:6>Target "_CheckForUnsupportedNETCoreVersion" in file "C:\Program Files\dotnet\sdk\8.0.302\Sdks\Microsoft.NET.Sdk\targets\Microsoft.NET.TargetFrameworkInference.targets" from project "D:\Tito Pedraza\OneDrive\Proyectos\Codigo Fuente\repos\HumanCore\src\TalenHuman.API\TalenHuman.API.csproj" (target "_CheckForInvalidConfigurationAndPlatform" depends on it):
   5:6>Task "NETSdkError" skipped, due to false condition; ('$(_TargetFrameworkVersionWithoutV)' > '$(NETCoreAppMaximumVersion)' and '$(DisplayVSMessage)' != 'true') was evaluated as ('8.0' > '8.0' and '' != 'true').
       Task "NETSdkError" skipped, due to false condition; ('$(DisplayVSMessage)' == 'true') was evaluated as ('' == 'true').
   5:6>Done building target "_CheckForUnsupportedNETCoreVersion" in project "TalenHuman.API.csproj".
       Target "_CheckForEolTargetFrameworks" skipped, due to false condition; ('@(_EolNetCoreTargetFrameworkVersions->AnyHaveMetadataValue('Identity', '$(_TargetFrameworkVersionWithoutV)'))' and '$(TargetFrameworkIdentifier)' == '.NETCoreApp' and '$(CheckEolTargetFramework)' == 'true') was evaluated as ('false' and '.NETCoreApp' == '.NETCoreApp' and 'true' == 'true').
   3:7>ResolveAssemblyReferences:
             Resolved file path is "C:\Program Files\dotnet\packs\Microsoft.NETCore.App.Ref\8.0.6\ref\net8.0\System.IO.FileSystem.Watcher.dll".
   5:6>Target "_CheckForEolWorkloads" skipped, due to false condition; ('@(EolWorkload)' != '' and '$(CheckEolWorkloads)' == 'true') was evaluated as ('' != '' and 'true' == 'true').
   5:6>Target "_CheckForUnsupportedCppNETCoreVersion" in file "C:\Program Files\dotnet\sdk\8.0.302\Sdks\Microsoft.NET.Sdk\targets\Microsoft.NET.TargetFrameworkInference.targets" from project "D:\Tito Pedraza\OneDrive\Proyectos\Codigo Fuente\repos\HumanCore\src\TalenHuman.API\TalenHuman.API.csproj" (target "_CheckForInvalidConfigurationAndPlatform" depends on it):
       Task "NETSdkError" skipped, due to false condition; ('$(TargetFrameworkIdentifier)' == '.NETCoreApp' and '$(_TargetFrameworkVersionWithoutV)' < '3.1' and ('$(Language)' == 'C++' and '$(_EnablePackageReferencesInVCProjects)' != 'true')) was evaluated as ('.NETCoreApp' == '.NETCoreApp' and '8.0' < '3.1' and ('C#' == 'C++' and '' != 'true')).
   3:7>ResolveAssemblyReferences:
             Reference found at search path location "{RawFileName}".
   5:6>Done building target "_CheckForUnsupportedCppNETCoreVersion" in project "TalenHuman.API.csproj".
       Target "_CheckForUnsupportedNETStandardVersion" skipped, due to false condition; ('$(TargetFrameworkIdentifier)' == '.NETStandard' And '$(NETStandardMaximumVersion)' != '') was evaluated as ('.NETCoreApp' == '.NETStandard' And '' != '').
       Target "_CheckForUnsupportedTargetFrameworkAndFeatureCombination" skipped, due to false condition; ('$(TargetFrameworkIdentifier)' == '.NETFramework') was evaluated as ('.NETCoreApp' == '.NETFramework').
       Target "_CheckForSupportedOSPlatformVersionHigherThanTargetPlatformVersion" skipped, due to false condition; ('$(TargetPlatformVersion)' != '' and '$(TargetFrameworkIdentifier)' == '.NETCoreApp' and $([MSBuild]::VersionGreaterThanOrEquals($(TargetFrameworkVersion), 5.0))) was evaluated as ('' != '' and '.NETCoreApp' == '.NETCoreApp' and True).
   3:7>ResolveAssemblyReferences:
             This reference is not "CopyLocal" because at least one source item had "Private" set to "false" and no source items had "Private" set to "true".
   5:6>Target "_CheckForInvalidTargetPlatformVersion" skipped, due to false condition; ('$(TargetPlatformVersion)' != '' and '$(TargetFrameworkIdentifier)' == '.NETCoreApp' and $([MSBuild]::VersionGreaterThanOrEquals($(TargetFrameworkVersion), 5.0)) and ('$(Language)' != 'C++' or '$(_EnablePackageReferencesInVCProjects)' == 'true')) was evaluated as ('' != '' and '.NETCoreApp' == '.NETCoreApp' and True and ('C#' != 'C++' or '' == 'true')).
   5:6>Target "_CheckForUnsupportedArtifactsPath" in file "C:\Program Files\dotnet\sdk\8.0.302\Sdks\Microsoft.NET.Sdk\targets\Microsoft.NET.DefaultOutputPaths.targets" from project "D:\Tito Pedraza\OneDrive\Proyectos\Codigo Fuente\repos\HumanCore\src\TalenHuman.API\TalenHuman.API.csproj" (target "_CheckForInvalidConfigurationAndPlatform" depends on it):
       Task "NetSdkError" skipped, due to false condition; ('$(UseArtifactsOutput)' == 'true' and '$(_ArtifactsPathSetEarly)' != 'true') was evaluated as ('' == 'true' and '' != 'true').
       Task "NetSdkError" skipped, due to false condition; ('$(_ArtifactsPathLocationType)' == 'ProjectFolder') was evaluated as ('' == 'ProjectFolder').
   5:6>Done building target "_CheckForUnsupportedArtifactsPath" in project "TalenHuman.API.csproj".
       Target "_CheckForMissingWorkload" skipped, due to false condition; ('@(MissingWorkloadPack)' != '' And '$(DesignTimeBuild)' != 'true') was evaluated as ('' != '' And '' != 'true').
   3:7>ResolveAssemblyReferences:
         Primary reference "System.IO.FileSystem, Version=8.0.0.0, Culture=neutral, PublicKeyToken=b03f5f7f11d50a3a".
   5:6>Target "_CheckForUnsupportedAppHostUsage" in file "C:\Program Files\dotnet\sdk\8.0.302\Sdks\Microsoft.NET.Sdk\targets\Microsoft.NET.RuntimeIdentifierInference.targets" from project "D:\Tito Pedraza\OneDrive\Proyectos\Codigo Fuente\repos\HumanCore\src\TalenHuman.API\TalenHuman.API.csproj" (target "_CheckForInvalidConfigurationAndPlatform" depends on it):
   5:6>Task "NETSdkError" skipped, due to false condition; ('$(SelfContained)' == 'true' and '$(RuntimeIdentifier)' == '' and '$(AllowSelfContainedWithoutRuntimeIdentifier)' != 'true') was evaluated as ('false' == 'true' and '' == '' and '' != 'true').
       Task "NETSdkError" skipped, due to false condition; ('$(PublishReadyToRun)' == 'true' and '$(RuntimeIdentifier)' == '' and '$(_IsPublishing)' == 'true') was evaluated as ('' == 'true' and '' == '' and '' == 'true').
       Task "NETSdkError" skipped, due to false condition; ('$(PublishSingleFile)' == 'true' and '$(RuntimeIdentifier)' == '' and '$(_IsPublishing)' == 'true') was evaluated as ('' == 'true' and '' == '' and '' == 'true').
       Task "NETSdkError" skipped, due to false condition; ('$(PublishAot)' == 'true' and '$(RuntimeIdentifier)' == '' and '$(_IsPublishing)' == 'true' and '$(AllowPublishAotWithoutRuntimeIdentifier)' != 'true') was evaluated as ('' == 'true' and '' == '' and '' == 'true' and '' != 'true').
       Task "NETSdkError" skipped, due to false condition; ('$(PublishSelfContained)' != 'true' and '$(PublishSelfContained)' != 'false' and '$(PublishSelfContained)' != '') was evaluated as ('' != 'true' and '' != 'false' and '' != '').
       Task "NETSdkError" skipped, due to false condition; ('$(SelfContained)' == 'true' and '$(UseAppHost)' != 'true' and '$(_RuntimeIdentifierUsesAppHost)' == 'true') was evaluated as ('false' == 'true' and 'true' != 'true' and 'true' == 'true').
       Task "NETSdkError" skipped, due to false condition; ('$(SelfContained)' != 'true' and '$(UseAppHost)' == 'true' and '$(_TargetFrameworkVersionWithoutV)' < '2.1') was evaluated as ('false' != 'true' and 'true' == 'true' and '8.0' < '2.1').
       Task "NETSdkError" skipped, due to false condition; ('$(PublishSingleFile)' == 'true' and '$(_TargetFrameworkVersionWithoutV)' < '3.0') was evaluated as ('' == 'true' and '8.0' < '3.0').
       Task "NETSdkWarning" skipped, due to false condition; ('$(PublishReadyToRun)' == 'true' and '$(_TargetFrameworkVersionWithoutV)' < '3.0') was evaluated as ('' == 'true' and '8.0' < '3.0').
   3:7>ResolveAssemblyReferences:
             Resolved file path is "C:\Program Files\dotnet\packs\Microsoft.NETCore.App.Ref\8.0.6\ref\net8.0\System.IO.FileSystem.dll".
   5:6>_CheckForUnsupportedAppHostUsage:
       Task "NETSdkWarning" skipped, due to false condition; ('$(RuntimeIdentifier)' != '' and '$(_TargetFrameworkVersionWithoutV)' != '' and $([MSBuild]::VersionLessThan($(_TargetFrameworkVersionWithoutV), '8.0')) and '$(_SelfContainedWasSpecified)' != 'true') was evaluated as ('' != '' and '8.0' != '' and False and '' != 'true').
       Task "NetSdkError" skipped, due to false condition; (('$(UseWindowsForms)' == 'true') and ('$(PublishTrimmed)' == 'true') and ('$(_SuppressWinFormsTrimError)' != 'true')) was evaluated as (('' == 'true') and ('' == 'true') and ('' != 'true')).
       Task "NetSdkError" skipped, due to false condition; (('$(UseWpf)' == 'true') and ('$(PublishTrimmed)' == 'true') and ('$(_SuppressWpfTrimError)' != 'true')) was evaluated as (('' == 'true') and ('' == 'true') and ('' != 'true')).
   5:6>Done building target "_CheckForUnsupportedAppHostUsage" in project "TalenHuman.API.csproj".
   3:7>ResolveAssemblyReferences:
             Reference found at search path location "{RawFileName}".
   5:6>Target "_CheckForUnsupportedHostingUsage" in file "C:\Program Files\dotnet\sdk\8.0.302\Sdks\Microsoft.NET.Sdk\targets\Microsoft.NET.RuntimeIdentifierInference.targets" from project "D:\Tito Pedraza\OneDrive\Proyectos\Codigo Fuente\repos\HumanCore\src\TalenHuman.API\TalenHuman.API.csproj" (target "_CheckForInvalidConfigurationAndPlatform" depends on it):
   5:6>Task "NETSdkWarning" skipped, due to false condition; ('$(SelfContained)' == 'true' and '$(EnableComHosting)' == 'true') was evaluated as ('false' == 'true' and '' == 'true').
   5:6>Done building target "_CheckForUnsupportedHostingUsage" in project "TalenHuman.API.csproj".
   3:7>ResolveAssemblyReferences:
             This reference is not "CopyLocal" because at least one source item had "Private" set to "false" and no source items had "Private" set to "true".
   5:6>Target "_CheckAndUnsetUnsupportedPrefer32Bit" in file "C:\Program Files\dotnet\sdk\8.0.302\Sdks\Microsoft.NET.Sdk\targets\Microsoft.NET.RuntimeIdentifierInference.targets" from project "D:\Tito Pedraza\OneDrive\Proyectos\Codigo Fuente\repos\HumanCore\src\TalenHuman.API\TalenHuman.API.csproj" (target "_CheckForInvalidConfigurationAndPlatform" depends on it):
   5:6>Task "NETSdkWarning" skipped, due to false condition; ('$(Prefer32Bit)' == 'true') was evaluated as ('false' == 'true').
   3:7>ResolveAssemblyReferences:
         Primary reference "System.IO.IsolatedStorage, Version=8.0.0.0, Culture=neutral, PublicKeyToken=b03f5f7f11d50a3a".
   5:6>Done building target "_CheckAndUnsetUnsupportedPrefer32Bit" in project "TalenHuman.API.csproj".
   3:7>ResolveAssemblyReferences:
             Resolved file path is "C:\Program Files\dotnet\packs\Microsoft.NETCore.App.Ref\8.0.6\ref\net8.0\System.IO.IsolatedStorage.dll".
   5:6>Target "_CheckForMismatchingPlatform" skipped, due to false condition; ('$(RuntimeIdentifier)' != '' and '$(PlatformTarget)' != '') was evaluated as ('' != '' and '' != '').
   5:6>Target "_CheckForLanguageAndFeatureCombinationSupport" in file "C:\Program Files\dotnet\sdk\8.0.302\Sdks\Microsoft.NET.Sdk\targets\Microsoft.NET.RuntimeIdentifierInference.targets" from project "D:\Tito Pedraza\OneDrive\Proyectos\Codigo Fuente\repos\HumanCore\src\TalenHuman.API\TalenHuman.API.csproj" (target "_CheckForInvalidConfigurationAndPlatform" depends on it):
       Task "NETSdkError" skipped, due to false condition; (('$(Language)' == 'C++' and '$(_EnablePackageReferencesInVCProjects)' != 'true') and $(OutputType) != 'library' and '$(TargetFrameworkIdentifier)' == '.NETCoreApp') was evaluated as (('C#' == 'C++' and '' != 'true') and Exe != 'library' and '.NETCoreApp' == '.NETCoreApp').
       Task "NETSdkError" skipped, due to false condition; (('$(Language)' == 'C++' and '$(_EnablePackageReferencesInVCProjects)' != 'true') and $(EnableComHosting) == 'true') was evaluated as (('C#' == 'C++' and '' != 'true') and  == 'true').
   3:7>ResolveAssemblyReferences:
             Reference found at search path location "{RawFileName}".
   5:6>_CheckForLanguageAndFeatureCombinationSupport:
       Task "NETSdkError" skipped, due to false condition; (('$(Language)' == 'C++' and '$(_EnablePackageReferencesInVCProjects)' != 'true') and $(SelfContained) == 'true') was evaluated as (('C#' == 'C++' and '' != 'true') and false == 'true').
   5:6>Done building target "_CheckForLanguageAndFeatureCombinationSupport" in project "TalenHuman.API.csproj".
       Target "_CheckForNETCoreSdkIsPreview" skipped, due to false condition; ( '$(_NETCoreSdkIsPreview)' == 'true' AND '$(SuppressNETCoreSdkPreviewMessage)' != 'true' ) was evaluated as ( 'false' == 'true' AND '' != 'true' ).
   5:6>Target "_GetProjectJsonPath" in file "C:\Program Files\dotnet\sdk\8.0.302\NuGet.targets" from project "D:\Tito Pedraza\OneDrive\Proyectos\Codigo Fuente\repos\HumanCore\src\TalenHuman.API\TalenHuman.API.csproj" (target "_GetRestoreProjectStyle" depends on it):
       Task "GetRestoreProjectJsonPathTask" skipped, due to false condition; ( '$(RestoreProjectStyle)' == 'ProjectJson' OR '$(RestoreProjectStyle)' == '' ) was evaluated as ( 'PackageReference' == 'ProjectJson' OR 'PackageReference' == '' ).
   5:6>Done building target "_GetProjectJsonPath" in project "TalenHuman.API.csproj".
   3:7>ResolveAssemblyReferences:
             This reference is not "CopyLocal" because at least one source item had "Private" set to "false" and no source items had "Private" set to "true".
   5:6>Target "_CheckForUnsupportedTargetPlatformIdentifier" skipped, due to false condition; ('$(TargetPlatformIdentifier)' != '' and '$(TargetFrameworkIdentifier)' == '.NETCoreApp' and $([MSBuild]::VersionGreaterThanOrEquals($(TargetFrameworkVersion), 5.0)) And ('$(DesignTimeBuild)' != 'true' Or '@(MissingWorkloadPack)' == '')) was evaluated as ('' != '' and '.NETCoreApp' == '.NETCoreApp' and True And ('' != 'true' Or '' == '')).
       Target "_CheckForMissingWorkload" skipped, due to false condition; ('@(MissingWorkloadPack)' != '' And '$(DesignTimeBuild)' != 'true') was evaluated as ('' != '' And '' != 'true').
       Target "_CheckForUnsupportedNETStandardVersion" skipped, due to false condition; ('$(TargetFrameworkIdentifier)' == '.NETStandard' And '$(NETStandardMaximumVersion)' != '') was evaluated as ('.NETCoreApp' == '.NETStandard' And '' != '').
   3:7>ResolveAssemblyReferences:
         Primary reference "System.IO.MemoryMappedFiles, Version=8.0.0.0, Culture=neutral, PublicKeyToken=b03f5f7f11d50a3a".
   5:6>Target "_CheckForUnsupportedTargetFrameworkAndFeatureCombination" skipped, due to false condition; ('$(TargetFrameworkIdentifier)' == '.NETFramework') was evaluated as ('.NETCoreApp' == '.NETFramework').
   3:7>ResolveAssemblyReferences:
             Resolved file path is "C:\Program Files\dotnet\packs\Microsoft.NETCore.App.Ref\8.0.6\ref\net8.0\System.IO.MemoryMappedFiles.dll".
             Reference found at search path location "{RawFileName}".
             This reference is not "CopyLocal" because at least one source item had "Private" set to "false" and no source items had "Private" set to "true".
         Primary reference "System.IO.Pipes.AccessControl, Version=8.0.0.0, Culture=neutral, PublicKeyToken=b03f5f7f11d50a3a".
   5:6>Target "UpdateAspNetToFrameworkReference" in file "C:\Program Files\dotnet\sdk\8.0.302\Sdks\Microsoft.NET.Sdk\targets\Microsoft.NET.Sdk.DefaultItems.Shared.targets" from project "D:\Tito Pedraza\OneDrive\Proyectos\Codigo Fuente\repos\HumanCore\src\TalenHuman.API\TalenHuman.API.csproj" (target "ApplyImplicitVersions" depends on it):
   5:6>Using "CheckIfPackageReferenceShouldBeFrameworkReference" task from assembly "C:\Program Files\dotnet\sdk\8.0.302\Sdks\Microsoft.NET.Sdk\targets\..\tools\net8.0\Microsoft.NET.Build.Tasks.dll".
       Task "CheckIfPackageReferenceShouldBeFrameworkReference"
   3:7>ResolveAssemblyReferences:
             Resolved file path is "C:\Program Files\dotnet\packs\Microsoft.NETCore.App.Ref\8.0.6\ref\net8.0\System.IO.Pipes.AccessControl.dll".
             Reference found at search path location "{RawFileName}".
             This reference is not "CopyLocal" because at least one source item had "Private" set to "false" and no source items had "Private" set to "true".
         Primary reference "System.IO.Pipes, Version=8.0.0.0, Culture=neutral, PublicKeyToken=b03f5f7f11d50a3a".
             Resolved file path is "C:\Program Files\dotnet\packs\Microsoft.NETCore.App.Ref\8.0.6\ref\net8.0\System.IO.Pipes.dll".
             Reference found at search path location "{RawFileName}".
             This reference is not "CopyLocal" because at least one source item had "Private" set to "false" and no source items had "Private" set to "true".
         Primary reference "System.IO.UnmanagedMemoryStream, Version=8.0.0.0, Culture=neutral, PublicKeyToken=b03f5f7f11d50a3a".
             Resolved file path is "C:\Program Files\dotnet\packs\Microsoft.NETCore.App.Ref\8.0.6\ref\net8.0\System.IO.UnmanagedMemoryStream.dll".
             Reference found at search path location "{RawFileName}".
             This reference is not "CopyLocal" because at least one source item had "Private" set to "false" and no source items had "Private" set to "true".
         Primary reference "System.IO, Version=8.0.0.0, Culture=neutral, PublicKeyToken=b03f5f7f11d50a3a".
             Resolved file path is "C:\Program Files\dotnet\packs\Microsoft.NETCore.App.Ref\8.0.6\ref\net8.0\System.IO.dll".
             Reference found at search path location "{RawFileName}".
             This reference is not "CopyLocal" because at least one source item had "Private" set to "false" and no source items had "Private" set to "true".
         Primary reference "System.Linq.Expressions, Version=8.0.0.0, Culture=neutral, PublicKeyToken=b03f5f7f11d50a3a".
             Resolved file path is "C:\Program Files\dotnet\packs\Microsoft.NETCore.App.Ref\8.0.6\ref\net8.0\System.Linq.Expressions.dll".
             Reference found at search path location "{RawFileName}".
   5:6>Done executing task "CheckIfPackageReferenceShouldBeFrameworkReference".
   3:7>ResolveAssemblyReferences:
             This reference is not "CopyLocal" because at least one source item had "Private" set to "false" and no source items had "Private" set to "true".
   5:6>UpdateAspNetToFrameworkReference:
       Task "NETSdkError" skipped, due to false condition; ('$(_ShouldRemoveAspNetCoreAll)' == 'true') was evaluated as ('False' == 'true').
       Task "CheckIfPackageReferenceShouldBeFrameworkReference"
   3:7>ResolveAssemblyReferences:
         Primary reference "System.Linq.Parallel, Version=8.0.0.0, Culture=neutral, PublicKeyToken=b03f5f7f11d50a3a".
             Resolved file path is "C:\Program Files\dotnet\packs\Microsoft.NETCore.App.Ref\8.0.6\ref\net8.0\System.Linq.Parallel.dll".
             Reference found at search path location "{RawFileName}".
             This reference is not "CopyLocal" because at least one source item had "Private" set to "false" and no source items had "Private" set to "true".
         Primary reference "System.Linq.Queryable, Version=8.0.0.0, Culture=neutral, PublicKeyToken=b03f5f7f11d50a3a".
   5:6>Done executing task "CheckIfPackageReferenceShouldBeFrameworkReference".
   3:7>ResolveAssemblyReferences:
             Resolved file path is "C:\Program Files\dotnet\packs\Microsoft.NETCore.App.Ref\8.0.6\ref\net8.0\System.Linq.Queryable.dll".
             Reference found at search path location "{RawFileName}".
   5:6>UpdateAspNetToFrameworkReference:
       Task "NETSdkWarning" skipped, due to false condition; ('$(_ShouldRemoveAspNetCoreApp)' == 'true') was evaluated as ('False' == 'true').
   5:6>Done building target "UpdateAspNetToFrameworkReference" in project "TalenHuman.API.csproj".
   3:7>ResolveAssemblyReferences:
             This reference is not "CopyLocal" because at least one source item had "Private" set to "false" and no source items had "Private" set to "true".
   5:6>Target "IncludeTargetingPackReference" skipped, due to false condition; ('$(TargetFrameworkMoniker)' != '' and '$(TargetFrameworkIdentifier)' == '.NETFramework' and '$(AutomaticallyUseReferenceAssemblyPackages)' == 'true') was evaluated as ('.NETCoreApp,Version=v8.0' != '' and '.NETCoreApp' == '.NETFramework' and 'true' == 'true').
   3:7>ResolveAssemblyReferences:
         Primary reference "System.Linq, Version=8.0.0.0, Culture=neutral, PublicKeyToken=b03f5f7f11d50a3a".
             Resolved file path is "C:\Program Files\dotnet\packs\Microsoft.NETCore.App.Ref\8.0.6\ref\net8.0\System.Linq.dll".
             Reference found at search path location "{RawFileName}".
             This reference is not "CopyLocal" because at least one source item had "Private" set to "false" and no source items had "Private" set to "true".
         Primary reference "System.Memory, Version=8.0.0.0, Culture=neutral, PublicKeyToken=cc7b13ffcd2ddd51".
             Resolved file path is "C:\Program Files\dotnet\packs\Microsoft.NETCore.App.Ref\8.0.6\ref\net8.0\System.Memory.dll".
   5:6>Target "CheckForImplicitPackageReferenceOverrides" in file "C:\Program Files\dotnet\sdk\8.0.302\Sdks\Microsoft.NET.Sdk\targets\Microsoft.NET.Sdk.DefaultItems.Shared.targets" from project "D:\Tito Pedraza\OneDrive\Proyectos\Codigo Fuente\repos\HumanCore\src\TalenHuman.API\TalenHuman.API.csproj" (target "ApplyImplicitVersions" depends on it):
   5:6>Using "CheckForImplicitPackageReferenceOverrides" task from assembly "C:\Program Files\dotnet\sdk\8.0.302\Sdks\Microsoft.NET.Sdk\targets\..\tools\net8.0\Microsoft.NET.Build.Tasks.dll".
       Task "CheckForImplicitPackageReferenceOverrides"
   3:7>ResolveAssemblyReferences:
             Reference found at search path location "{RawFileName}".
             This reference is not "CopyLocal" because at least one source item had "Private" set to "false" and no source items had "Private" set to "true".
         Primary reference "System.Net.Http.Json, Version=8.0.0.0, Culture=neutral, PublicKeyToken=cc7b13ffcd2ddd51".
             Resolved file path is "C:\Program Files\dotnet\packs\Microsoft.NETCore.App.Ref\8.0.6\ref\net8.0\System.Net.Http.Json.dll".
             Reference found at search path location "{RawFileName}".
             This reference is not "CopyLocal" because at least one source item had "Private" set to "false" and no source items had "Private" set to "true".
         Primary reference "System.Net.Http, Version=8.0.0.0, Culture=neutral, PublicKeyToken=b03f5f7f11d50a3a".
             Resolved file path is "C:\Program Files\dotnet\packs\Microsoft.NETCore.App.Ref\8.0.6\ref\net8.0\System.Net.Http.dll".
             Reference found at search path location "{RawFileName}".
   5:6>Done executing task "CheckForImplicitPackageReferenceOverrides".
   3:7>ResolveAssemblyReferences:
             This reference is not "CopyLocal" because at least one source item had "Private" set to "false" and no source items had "Private" set to "true".
         Primary reference "System.Net.HttpListener, Version=8.0.0.0, Culture=neutral, PublicKeyToken=cc7b13ffcd2ddd51".
             Resolved file path is "C:\Program Files\dotnet\packs\Microsoft.NETCore.App.Ref\8.0.6\ref\net8.0\System.Net.HttpListener.dll".
             Reference found at search path location "{RawFileName}".
   5:6>Done building target "CheckForImplicitPackageReferenceOverrides" in project "TalenHuman.API.csproj".
   3:7>ResolveAssemblyReferences:
             This reference is not "CopyLocal" because at least one source item had "Private" set to "false" and no source items had "Private" set to "true".
         Primary reference "System.Net.Mail, Version=8.0.0.0, Culture=neutral, PublicKeyToken=cc7b13ffcd2ddd51".
             Resolved file path is "C:\Program Files\dotnet\packs\Microsoft.NETCore.App.Ref\8.0.6\ref\net8.0\System.Net.Mail.dll".
             Reference found at search path location "{RawFileName}".
   5:6>Target "ApplyImplicitVersions" in file "C:\Program Files\dotnet\sdk\8.0.302\Sdks\Microsoft.NET.Sdk\targets\Microsoft.NET.Sdk.DefaultItems.Shared.targets" from project "D:\Tito Pedraza\OneDrive\Proyectos\Codigo Fuente\repos\HumanCore\src\TalenHuman.API\TalenHuman.API.csproj" (target "CollectPackageReferences" depends on it):
   5:6>Using "ApplyImplicitVersions" task from assembly "C:\Program Files\dotnet\sdk\8.0.302\Sdks\Microsoft.NET.Sdk\targets\..\tools\net8.0\Microsoft.NET.Build.Tasks.dll".
       Task "ApplyImplicitVersions"
   3:7>ResolveAssemblyReferences:
             This reference is not "CopyLocal" because at least one source item had "Private" set to "false" and no source items had "Private" set to "true".
         Primary reference "System.Net.NameResolution, Version=8.0.0.0, Culture=neutral, PublicKeyToken=b03f5f7f11d50a3a".
             Resolved file path is "C:\Program Files\dotnet\packs\Microsoft.NETCore.App.Ref\8.0.6\ref\net8.0\System.Net.NameResolution.dll".
             Reference found at search path location "{RawFileName}".
             This reference is not "CopyLocal" because at least one source item had "Private" set to "false" and no source items had "Private" set to "true".
         Primary reference "System.Net.NetworkInformation, Version=8.0.0.0, Culture=neutral, PublicKeyToken=b03f5f7f11d50a3a".
             Resolved file path is "C:\Program Files\dotnet\packs\Microsoft.NETCore.App.Ref\8.0.6\ref\net8.0\System.Net.NetworkInformation.dll".
             Reference found at search path location "{RawFileName}".
             This reference is not "CopyLocal" because at least one source item had "Private" set to "false" and no source items had "Private" set to "true".
         Primary reference "System.Net.Ping, Version=8.0.0.0, Culture=neutral, PublicKeyToken=b03f5f7f11d50a3a".
             Resolved file path is "C:\Program Files\dotnet\packs\Microsoft.NETCore.App.Ref\8.0.6\ref\net8.0\System.Net.Ping.dll".
             Reference found at search path location "{RawFileName}".
             This reference is not "CopyLocal" because at least one source item had "Private" set to "false" and no source items had "Private" set to "true".
         Primary reference "System.Net.Primitives, Version=8.0.0.0, Culture=neutral, PublicKeyToken=b03f5f7f11d50a3a".
             Resolved file path is "C:\Program Files\dotnet\packs\Microsoft.NETCore.App.Ref\8.0.6\ref\net8.0\System.Net.Primitives.dll".
             Reference found at search path location "{RawFileName}".
             This reference is not "CopyLocal" because at least one source item had "Private" set to "false" and no source items had "Private" set to "true".
         Primary reference "System.Net.Quic, Version=8.0.0.0, Culture=neutral, PublicKeyToken=b03f5f7f11d50a3a".
             Resolved file path is "C:\Program Files\dotnet\packs\Microsoft.NETCore.App.Ref\8.0.6\ref\net8.0\System.Net.Quic.dll".
             Reference found at search path location "{RawFileName}".
             This reference is not "CopyLocal" because at least one source item had "Private" set to "false" and no source items had "Private" set to "true".
   5:6>Done executing task "ApplyImplicitVersions".
   3:7>ResolveAssemblyReferences:
         Primary reference "System.Net.Requests, Version=8.0.0.0, Culture=neutral, PublicKeyToken=b03f5f7f11d50a3a".
             Resolved file path is "C:\Program Files\dotnet\packs\Microsoft.NETCore.App.Ref\8.0.6\ref\net8.0\System.Net.Requests.dll".
             Reference found at search path location "{RawFileName}".
             This reference is not "CopyLocal" because at least one source item had "Private" set to "false" and no source items had "Private" set to "true".
         Primary reference "System.Net.Security, Version=8.0.0.0, Culture=neutral, PublicKeyToken=b03f5f7f11d50a3a".
   5:6>Done building target "ApplyImplicitVersions" in project "TalenHuman.API.csproj".
       Target "CheckForImplicitPackageReferenceOverrides" skipped. Previously built successfully.
   3:7>ResolveAssemblyReferences:
             Resolved file path is "C:\Program Files\dotnet\packs\Microsoft.NETCore.App.Ref\8.0.6\ref\net8.0\System.Net.Security.dll".
   5:6>Target "AddWindowsSdkKnownFrameworkReferences" skipped, due to false condition; ('$(TargetFrameworkIdentifier)' == '.NETCoreApp' And '$(TargetPlatformIdentifier)' == 'Windows') was evaluated as ('.NETCoreApp' == '.NETCoreApp' And '' == 'Windows').
       Target "_NormalizeTargetPlatformVersion" skipped, due to false condition; ('$(TargetPlatformVersion)' != '' and '$(TargetFrameworkIdentifier)' == '.NETCoreApp' and $([MSBuild]::VersionGreaterThanOrEquals($(TargetFrameworkVersion), 5.0)) and ('$(Language)' != 'C++' or '$(_EnablePackageReferencesInVCProjects)' == 'true')) was evaluated as ('' != '' and '.NETCoreApp' == '.NETCoreApp' and True and ('C#' != 'C++' or '' == 'true')).
   3:7>ResolveAssemblyReferences:
             Reference found at search path location "{RawFileName}".
             This reference is not "CopyLocal" because at least one source item had "Private" set to "false" and no source items had "Private" set to "true".
         Primary reference "System.Net.ServicePoint, Version=8.0.0.0, Culture=neutral, PublicKeyToken=cc7b13ffcd2ddd51".
             Resolved file path is "C:\Program Files\dotnet\packs\Microsoft.NETCore.App.Ref\8.0.6\ref\net8.0\System.Net.ServicePoint.dll".
             Reference found at search path location "{RawFileName}".
             This reference is not "CopyLocal" because at least one source item had "Private" set to "false" and no source items had "Private" set to "true".
   5:6>Target "_ComputeToolPackInputsToProcessFrameworkReferences" in file "C:\Program Files\dotnet\sdk\8.0.302\Sdks\Microsoft.NET.Sdk\targets\Microsoft.NET.Publish.targets" from project "D:\Tito Pedraza\OneDrive\Proyectos\Codigo Fuente\repos\HumanCore\src\TalenHuman.API\TalenHuman.API.csproj" (target "ProcessFrameworkReferences" depends on it):
   5:6>Done building target "_ComputeToolPackInputsToProcessFrameworkReferences" in project "TalenHuman.API.csproj".
   3:7>ResolveAssemblyReferences:
         Primary reference "System.Net.Sockets, Version=8.0.0.0, Culture=neutral, PublicKeyToken=b03f5f7f11d50a3a".
             Resolved file path is "C:\Program Files\dotnet\packs\Microsoft.NETCore.App.Ref\8.0.6\ref\net8.0\System.Net.Sockets.dll".
             Reference found at search path location "{RawFileName}".
             This reference is not "CopyLocal" because at least one source item had "Private" set to "false" and no source items had "Private" set to "true".
   5:6>Target "ProcessFrameworkReferences" in file "C:\Program Files\dotnet\sdk\8.0.302\Sdks\Microsoft.NET.Sdk\targets\Microsoft.NET.Sdk.FrameworkReferenceResolution.targets" from project "D:\Tito Pedraza\OneDrive\Proyectos\Codigo Fuente\repos\HumanCore\src\TalenHuman.API\TalenHuman.API.csproj" (target "CollectPackageReferences" depends on it):
   5:6>Using "CheckForDuplicateFrameworkReferences" task from assembly "C:\Program Files\dotnet\sdk\8.0.302\Sdks\Microsoft.NET.Sdk\targets\..\tools\net8.0\Microsoft.NET.Build.Tasks.dll".
       Task "CheckForDuplicateFrameworkReferences"
   3:7>ResolveAssemblyReferences:
         Primary reference "System.Net.WebClient, Version=8.0.0.0, Culture=neutral, PublicKeyToken=cc7b13ffcd2ddd51".
             Resolved file path is "C:\Program Files\dotnet\packs\Microsoft.NETCore.App.Ref\8.0.6\ref\net8.0\System.Net.WebClient.dll".
             Reference found at search path location "{RawFileName}".
             This reference is not "CopyLocal" because at least one source item had "Private" set to "false" and no source items had "Private" set to "true".
         Primary reference "System.Net.WebHeaderCollection, Version=8.0.0.0, Culture=neutral, PublicKeyToken=b03f5f7f11d50a3a".
             Resolved file path is "C:\Program Files\dotnet\packs\Microsoft.NETCore.App.Ref\8.0.6\ref\net8.0\System.Net.WebHeaderCollection.dll".
             Reference found at search path location "{RawFileName}".
             This reference is not "CopyLocal" because at least one source item had "Private" set to "false" and no source items had "Private" set to "true".
         Primary reference "System.Net.WebProxy, Version=8.0.0.0, Culture=neutral, PublicKeyToken=cc7b13ffcd2ddd51".
             Resolved file path is "C:\Program Files\dotnet\packs\Microsoft.NETCore.App.Ref\8.0.6\ref\net8.0\System.Net.WebProxy.dll".
             Reference found at search path location "{RawFileName}".
   5:6>Done executing task "CheckForDuplicateFrameworkReferences".
   3:7>ResolveAssemblyReferences:
             This reference is not "CopyLocal" because at least one source item had "Private" set to "false" and no source items had "Private" set to "true".
         Primary reference "System.Net.WebSockets.Client, Version=8.0.0.0, Culture=neutral, PublicKeyToken=b03f5f7f11d50a3a".
             Resolved file path is "C:\Program Files\dotnet\packs\Microsoft.NETCore.App.Ref\8.0.6\ref\net8.0\System.Net.WebSockets.Client.dll".
             Reference found at search path location "{RawFileName}".
             This reference is not "CopyLocal" because at least one source item had "Private" set to "false" and no source items had "Private" set to "true".
         Primary reference "System.Net.WebSockets, Version=8.0.0.0, Culture=neutral, PublicKeyToken=b03f5f7f11d50a3a".
   5:6>ProcessFrameworkReferences:
       Using "ProcessFrameworkReferences" task from assembly "C:\Program Files\dotnet\sdk\8.0.302\Sdks\Microsoft.NET.Sdk\targets\..\tools\net8.0\Microsoft.NET.Build.Tasks.dll".
       Task "ProcessFrameworkReferences"
   3:7>ResolveAssemblyReferences:
             Resolved file path is "C:\Program Files\dotnet\packs\Microsoft.NETCore.App.Ref\8.0.6\ref\net8.0\System.Net.WebSockets.dll".
             Reference found at search path location "{RawFileName}".
             This reference is not "CopyLocal" because at least one source item had "Private" set to "false" and no source items had "Private" set to "true".
         Primary reference "System.Net, Version=4.0.0.0, Culture=neutral, PublicKeyToken=b03f5f7f11d50a3a".
             Resolved file path is "C:\Program Files\dotnet\packs\Microsoft.NETCore.App.Ref\8.0.6\ref\net8.0\System.Net.dll".
             Reference found at search path location "{RawFileName}".
             This reference is not "CopyLocal" because at least one source item had "Private" set to "false" and no source items had "Private" set to "true".
         Primary reference "System.Numerics.Vectors, Version=8.0.0.0, Culture=neutral, PublicKeyToken=b03f5f7f11d50a3a".
             Resolved file path is "C:\Program Files\dotnet\packs\Microsoft.NETCore.App.Ref\8.0.6\ref\net8.0\System.Numerics.Vectors.dll".
             Reference found at search path location "{RawFileName}".
             This reference is not "CopyLocal" because at least one source item had "Private" set to "false" and no source items had "Private" set to "true".
         Primary reference "System.Numerics, Version=4.0.0.0, Culture=neutral, PublicKeyToken=b77a5c561934e089".
             Resolved file path is "C:\Program Files\dotnet\packs\Microsoft.NETCore.App.Ref\8.0.6\ref\net8.0\System.Numerics.dll".
             Reference found at search path location "{RawFileName}".
             This reference is not "CopyLocal" because at least one source item had "Private" set to "false" and no source items had "Private" set to "true".
         Primary reference "System.ObjectModel, Version=8.0.0.0, Culture=neutral, PublicKeyToken=b03f5f7f11d50a3a".
             Resolved file path is "C:\Program Files\dotnet\packs\Microsoft.NETCore.App.Ref\8.0.6\ref\net8.0\System.ObjectModel.dll".
             Reference found at search path location "{RawFileName}".
             This reference is not "CopyLocal" because at least one source item had "Private" set to "false" and no source items had "Private" set to "true".
         Primary reference "System.Reflection.DispatchProxy, Version=8.0.0.0, Culture=neutral, PublicKeyToken=b03f5f7f11d50a3a".
             Resolved file path is "C:\Program Files\dotnet\packs\Microsoft.NETCore.App.Ref\8.0.6\ref\net8.0\System.Reflection.DispatchProxy.dll".
             Reference found at search path location "{RawFileName}".
             This reference is not "CopyLocal" because at least one source item had "Private" set to "false" and no source items had "Private" set to "true".
         Primary reference "System.Reflection.Emit.ILGeneration, Version=8.0.0.0, Culture=neutral, PublicKeyToken=b03f5f7f11d50a3a".
             Resolved file path is "C:\Program Files\dotnet\packs\Microsoft.NETCore.App.Ref\8.0.6\ref\net8.0\System.Reflection.Emit.ILGeneration.dll".
             Reference found at search path location "{RawFileName}".
             This reference is not "CopyLocal" because at least one source item had "Private" set to "false" and no source items had "Private" set to "true".
         Primary reference "System.Reflection.Emit.Lightweight, Version=8.0.0.0, Culture=neutral, PublicKeyToken=b03f5f7f11d50a3a".
             Resolved file path is "C:\Program Files\dotnet\packs\Microsoft.NETCore.App.Ref\8.0.6\ref\net8.0\System.Reflection.Emit.Lightweight.dll".
             Reference found at search path location "{RawFileName}".
             This reference is not "CopyLocal" because at least one source item had "Private" set to "false" and no source items had "Private" set to "true".
         Primary reference "System.Reflection.Emit, Version=8.0.0.0, Culture=neutral, PublicKeyToken=b03f5f7f11d50a3a".
             Resolved file path is "C:\Program Files\dotnet\packs\Microsoft.NETCore.App.Ref\8.0.6\ref\net8.0\System.Reflection.Emit.dll".
             Reference found at search path location "{RawFileName}".
             This reference is not "CopyLocal" because at least one source item had "Private" set to "false" and no source items had "Private" set to "true".
         Primary reference "System.Reflection.Extensions, Version=8.0.0.0, Culture=neutral, PublicKeyToken=b03f5f7f11d50a3a".
             Resolved file path is "C:\Program Files\dotnet\packs\Microsoft.NETCore.App.Ref\8.0.6\ref\net8.0\System.Reflection.Extensions.dll".
             Reference found at search path location "{RawFileName}".
             This reference is not "CopyLocal" because at least one source item had "Private" set to "false" and no source items had "Private" set to "true".
         Primary reference "System.Reflection.Metadata, Version=8.0.0.0, Culture=neutral, PublicKeyToken=b03f5f7f11d50a3a".
             Resolved file path is "C:\Program Files\dotnet\packs\Microsoft.NETCore.App.Ref\8.0.6\ref\net8.0\System.Reflection.Metadata.dll".
             Reference found at search path location "{RawFileName}".
             This reference is not "CopyLocal" because at least one source item had "Private" set to "false" and no source items had "Private" set to "true".
         Primary reference "System.Reflection.Primitives, Version=8.0.0.0, Culture=neutral, PublicKeyToken=b03f5f7f11d50a3a".
             Resolved file path is "C:\Program Files\dotnet\packs\Microsoft.NETCore.App.Ref\8.0.6\ref\net8.0\System.Reflection.Primitives.dll".
             Reference found at search path location "{RawFileName}".
             This reference is not "CopyLocal" because at least one source item had "Private" set to "false" and no source items had "Private" set to "true".
         Primary reference "System.Reflection.TypeExtensions, Version=8.0.0.0, Culture=neutral, PublicKeyToken=b03f5f7f11d50a3a".
             Resolved file path is "C:\Program Files\dotnet\packs\Microsoft.NETCore.App.Ref\8.0.6\ref\net8.0\System.Reflection.TypeExtensions.dll".
             Reference found at search path location "{RawFileName}".
             This reference is not "CopyLocal" because at least one source item had "Private" set to "false" and no source items had "Private" set to "true".
         Primary reference "System.Reflection, Version=8.0.0.0, Culture=neutral, PublicKeyToken=b03f5f7f11d50a3a".
             Resolved file path is "C:\Program Files\dotnet\packs\Microsoft.NETCore.App.Ref\8.0.6\ref\net8.0\System.Reflection.dll".
             Reference found at search path location "{RawFileName}".
             This reference is not "CopyLocal" because at least one source item had "Private" set to "false" and no source items had "Private" set to "true".
         Primary reference "System.Resources.Reader, Version=8.0.0.0, Culture=neutral, PublicKeyToken=b03f5f7f11d50a3a".
             Resolved file path is "C:\Program Files\dotnet\packs\Microsoft.NETCore.App.Ref\8.0.6\ref\net8.0\System.Resources.Reader.dll".
             Reference found at search path location "{RawFileName}".
             This reference is not "CopyLocal" because at least one source item had "Private" set to "false" and no source items had "Private" set to "true".
         Primary reference "System.Resources.ResourceManager, Version=8.0.0.0, Culture=neutral, PublicKeyToken=b03f5f7f11d50a3a".
             Resolved file path is "C:\Program Files\dotnet\packs\Microsoft.NETCore.App.Ref\8.0.6\ref\net8.0\System.Resources.ResourceManager.dll".
             Reference found at search path location "{RawFileName}".
             This reference is not "CopyLocal" because at least one source item had "Private" set to "false" and no source items had "Private" set to "true".
         Primary reference "System.Resources.Writer, Version=8.0.0.0, Culture=neutral, PublicKeyToken=b03f5f7f11d50a3a".
             Resolved file path is "C:\Program Files\dotnet\packs\Microsoft.NETCore.App.Ref\8.0.6\ref\net8.0\System.Resources.Writer.dll".
             Reference found at search path location "{RawFileName}".
             This reference is not "CopyLocal" because at least one source item had "Private" set to "false" and no source items had "Private" set to "true".
         Primary reference "System.Runtime.CompilerServices.Unsafe, Version=8.0.0.0, Culture=neutral, PublicKeyToken=b03f5f7f11d50a3a".
             Resolved file path is "C:\Program Files\dotnet\packs\Microsoft.NETCore.App.Ref\8.0.6\ref\net8.0\System.Runtime.CompilerServices.Unsafe.dll".
             Reference found at search path location "{RawFileName}".
             This reference is not "CopyLocal" because at least one source item had "Private" set to "false" and no source items had "Private" set to "true".
         Primary reference "System.Runtime.CompilerServices.VisualC, Version=8.0.0.0, Culture=neutral, PublicKeyToken=b03f5f7f11d50a3a".
             Resolved file path is "C:\Program Files\dotnet\packs\Microsoft.NETCore.App.Ref\8.0.6\ref\net8.0\System.Runtime.CompilerServices.VisualC.dll".
             Reference found at search path location "{RawFileName}".
             This reference is not "CopyLocal" because at least one source item had "Private" set to "false" and no source items had "Private" set to "true".
         Primary reference "System.Runtime.Extensions, Version=8.0.0.0, Culture=neutral, PublicKeyToken=b03f5f7f11d50a3a".
             Resolved file path is "C:\Program Files\dotnet\packs\Microsoft.NETCore.App.Ref\8.0.6\ref\net8.0\System.Runtime.Extensions.dll".
             Reference found at search path location "{RawFileName}".
             This reference is not "CopyLocal" because at least one source item had "Private" set to "false" and no source items had "Private" set to "true".
         Primary reference "System.Runtime.Handles, Version=8.0.0.0, Culture=neutral, PublicKeyToken=b03f5f7f11d50a3a".
             Resolved file path is "C:\Program Files\dotnet\packs\Microsoft.NETCore.App.Ref\8.0.6\ref\net8.0\System.Runtime.Handles.dll".
             Reference found at search path location "{RawFileName}".
             This reference is not "CopyLocal" because at least one source item had "Private" set to "false" and no source items had "Private" set to "true".
         Primary reference "System.Runtime.InteropServices.JavaScript, Version=8.0.0.0, Culture=neutral, PublicKeyToken=b03f5f7f11d50a3a".
             Resolved file path is "C:\Program Files\dotnet\packs\Microsoft.NETCore.App.Ref\8.0.6\ref\net8.0\System.Runtime.InteropServices.JavaScript.dll".
             Reference found at search path location "{RawFileName}".
             This reference is not "CopyLocal" because at least one source item had "Private" set to "false" and no source items had "Private" set to "true".
         Primary reference "System.Runtime.InteropServices.RuntimeInformation, Version=8.0.0.0, Culture=neutral, PublicKeyToken=b03f5f7f11d50a3a".
             Resolved file path is "C:\Program Files\dotnet\packs\Microsoft.NETCore.App.Ref\8.0.6\ref\net8.0\System.Runtime.InteropServices.RuntimeInformation.dll".
             Reference found at search path location "{RawFileName}".
             This reference is not "CopyLocal" because at least one source item had "Private" set to "false" and no source items had "Private" set to "true".
         Primary reference "System.Runtime.InteropServices, Version=8.0.0.0, Culture=neutral, PublicKeyToken=b03f5f7f11d50a3a".
             Resolved file path is "C:\Program Files\dotnet\packs\Microsoft.NETCore.App.Ref\8.0.6\ref\net8.0\System.Runtime.InteropServices.dll".
             Reference found at search path location "{RawFileName}".
             This reference is not "CopyLocal" because at least one source item had "Private" set to "false" and no source items had "Private" set to "true".
         Primary reference "System.Runtime.Intrinsics, Version=8.0.0.0, Culture=neutral, PublicKeyToken=cc7b13ffcd2ddd51".
             Resolved file path is "C:\Program Files\dotnet\packs\Microsoft.NETCore.App.Ref\8.0.6\ref\net8.0\System.Runtime.Intrinsics.dll".
             Reference found at search path location "{RawFileName}".
             This reference is not "CopyLocal" because at least one source item had "Private" set to "false" and no source items had "Private" set to "true".
         Primary reference "System.Runtime.Loader, Version=8.0.0.0, Culture=neutral, PublicKeyToken=b03f5f7f11d50a3a".
             Resolved file path is "C:\Program Files\dotnet\packs\Microsoft.NETCore.App.Ref\8.0.6\ref\net8.0\System.Runtime.Loader.dll".
             Reference found at search path location "{RawFileName}".
             This reference is not "CopyLocal" because at least one source item had "Private" set to "false" and no source items had "Private" set to "true".
         Primary reference "System.Runtime.Numerics, Version=8.0.0.0, Culture=neutral, PublicKeyToken=b03f5f7f11d50a3a".
             Resolved file path is "C:\Program Files\dotnet\packs\Microsoft.NETCore.App.Ref\8.0.6\ref\net8.0\System.Runtime.Numerics.dll".
             Reference found at search path location "{RawFileName}".
             This reference is not "CopyLocal" because at least one source item had "Private" set to "false" and no source items had "Private" set to "true".
         Primary reference "System.Runtime.Serialization.Formatters, Version=8.0.0.0, Culture=neutral, PublicKeyToken=b03f5f7f11d50a3a".
             Resolved file path is "C:\Program Files\dotnet\packs\Microsoft.NETCore.App.Ref\8.0.6\ref\net8.0\System.Runtime.Serialization.Formatters.dll".
             Reference found at search path location "{RawFileName}".
             This reference is not "CopyLocal" because at least one source item had "Private" set to "false" and no source items had "Private" set to "true".
         Primary reference "System.Runtime.Serialization.Json, Version=8.0.0.0, Culture=neutral, PublicKeyToken=b03f5f7f11d50a3a".
             Resolved file path is "C:\Program Files\dotnet\packs\Microsoft.NETCore.App.Ref\8.0.6\ref\net8.0\System.Runtime.Serialization.Json.dll".
             Reference found at search path location "{RawFileName}".
             This reference is not "CopyLocal" because at least one source item had "Private" set to "false" and no source items had "Private" set to "true".
         Primary reference "System.Runtime.Serialization.Primitives, Version=8.0.0.0, Culture=neutral, PublicKeyToken=b03f5f7f11d50a3a".
             Resolved file path is "C:\Program Files\dotnet\packs\Microsoft.NETCore.App.Ref\8.0.6\ref\net8.0\System.Runtime.Serialization.Primitives.dll".
             Reference found at search path location "{RawFileName}".
             This reference is not "CopyLocal" because at least one source item had "Private" set to "false" and no source items had "Private" set to "true".
         Primary reference "System.Runtime.Serialization.Xml, Version=8.0.0.0, Culture=neutral, PublicKeyToken=b03f5f7f11d50a3a".
             Resolved file path is "C:\Program Files\dotnet\packs\Microsoft.NETCore.App.Ref\8.0.6\ref\net8.0\System.Runtime.Serialization.Xml.dll".
             Reference found at search path location "{RawFileName}".
             This reference is not "CopyLocal" because at least one source item had "Private" set to "false" and no source items had "Private" set to "true".
         Primary reference "System.Runtime.Serialization, Version=4.0.0.0, Culture=neutral, PublicKeyToken=b77a5c561934e089".
             Resolved file path is "C:\Program Files\dotnet\packs\Microsoft.NETCore.App.Ref\8.0.6\ref\net8.0\System.Runtime.Serialization.dll".
             Reference found at search path location "{RawFileName}".
             This reference is not "CopyLocal" because at least one source item had "Private" set to "false" and no source items had "Private" set to "true".
         Primary reference "System.Runtime, Version=8.0.0.0, Culture=neutral, PublicKeyToken=b03f5f7f11d50a3a".
             Resolved file path is "C:\Program Files\dotnet\packs\Microsoft.NETCore.App.Ref\8.0.6\ref\net8.0\System.Runtime.dll".
             Reference found at search path location "{RawFileName}".
             This reference is not "CopyLocal" because at least one source item had "Private" set to "false" and no source items had "Private" set to "true".
         Primary reference "System.Security.AccessControl, Version=8.0.0.0, Culture=neutral, PublicKeyToken=b03f5f7f11d50a3a".
             Resolved file path is "C:\Program Files\dotnet\packs\Microsoft.NETCore.App.Ref\8.0.6\ref\net8.0\System.Security.AccessControl.dll".
             Reference found at search path location "{RawFileName}".
             This reference is not "CopyLocal" because at least one source item had "Private" set to "false" and no source items had "Private" set to "true".
         Primary reference "System.Security.Claims, Version=8.0.0.0, Culture=neutral, PublicKeyToken=b03f5f7f11d50a3a".
             Resolved file path is "C:\Program Files\dotnet\packs\Microsoft.NETCore.App.Ref\8.0.6\ref\net8.0\System.Security.Claims.dll".
             Reference found at search path location "{RawFileName}".
             This reference is not "CopyLocal" because at least one source item had "Private" set to "false" and no source items had "Private" set to "true".
         Primary reference "System.Security.Cryptography.Algorithms, Version=8.0.0.0, Culture=neutral, PublicKeyToken=b03f5f7f11d50a3a".
             Resolved file path is "C:\Program Files\dotnet\packs\Microsoft.NETCore.App.Ref\8.0.6\ref\net8.0\System.Security.Cryptography.Algorithms.dll".
   5:6>Done executing task "ProcessFrameworkReferences".
   3:7>ResolveAssemblyReferences:
             Reference found at search path location "{RawFileName}".
             This reference is not "CopyLocal" because at least one source item had "Private" set to "false" and no source items had "Private" set to "true".
         Primary reference "System.Security.Cryptography.Cng, Version=8.0.0.0, Culture=neutral, PublicKeyToken=b03f5f7f11d50a3a".
             Resolved file path is "C:\Program Files\dotnet\packs\Microsoft.NETCore.App.Ref\8.0.6\ref\net8.0\System.Security.Cryptography.Cng.dll".
             Reference found at search path location "{RawFileName}".
   5:6>ProcessFrameworkReferences:
       Using "ResolveAppHosts" task from assembly "C:\Program Files\dotnet\sdk\8.0.302\Sdks\Microsoft.NET.Sdk\targets\..\tools\net8.0\Microsoft.NET.Build.Tasks.dll".
       Task "ResolveAppHosts"
   3:7>ResolveAssemblyReferences:
             This reference is not "CopyLocal" because at least one source item had "Private" set to "false" and no source items had "Private" set to "true".
         Primary reference "System.Security.Cryptography.Csp, Version=8.0.0.0, Culture=neutral, PublicKeyToken=b03f5f7f11d50a3a".
             Resolved file path is "C:\Program Files\dotnet\packs\Microsoft.NETCore.App.Ref\8.0.6\ref\net8.0\System.Security.Cryptography.Csp.dll".
             Reference found at search path location "{RawFileName}".
             This reference is not "CopyLocal" because at least one source item had "Private" set to "false" and no source items had "Private" set to "true".
         Primary reference "System.Security.Cryptography.Encoding, Version=8.0.0.0, Culture=neutral, PublicKeyToken=b03f5f7f11d50a3a".
             Resolved file path is "C:\Program Files\dotnet\packs\Microsoft.NETCore.App.Ref\8.0.6\ref\net8.0\System.Security.Cryptography.Encoding.dll".
             Reference found at search path location "{RawFileName}".
             This reference is not "CopyLocal" because at least one source item had "Private" set to "false" and no source items had "Private" set to "true".
         Primary reference "System.Security.Cryptography.OpenSsl, Version=8.0.0.0, Culture=neutral, PublicKeyToken=b03f5f7f11d50a3a".
             Resolved file path is "C:\Program Files\dotnet\packs\Microsoft.NETCore.App.Ref\8.0.6\ref\net8.0\System.Security.Cryptography.OpenSsl.dll".
             Reference found at search path location "{RawFileName}".
             This reference is not "CopyLocal" because at least one source item had "Private" set to "false" and no source items had "Private" set to "true".
         Primary reference "System.Security.Cryptography.Primitives, Version=8.0.0.0, Culture=neutral, PublicKeyToken=b03f5f7f11d50a3a".
             Resolved file path is "C:\Program Files\dotnet\packs\Microsoft.NETCore.App.Ref\8.0.6\ref\net8.0\System.Security.Cryptography.Primitives.dll".
             Reference found at search path location "{RawFileName}".
             This reference is not "CopyLocal" because at least one source item had "Private" set to "false" and no source items had "Private" set to "true".
         Primary reference "System.Security.Cryptography.X509Certificates, Version=8.0.0.0, Culture=neutral, PublicKeyToken=b03f5f7f11d50a3a".
             Resolved file path is "C:\Program Files\dotnet\packs\Microsoft.NETCore.App.Ref\8.0.6\ref\net8.0\System.Security.Cryptography.X509Certificates.dll".
             Reference found at search path location "{RawFileName}".
             This reference is not "CopyLocal" because at least one source item had "Private" set to "false" and no source items had "Private" set to "true".
         Primary reference "System.Security.Cryptography, Version=8.0.0.0, Culture=neutral, PublicKeyToken=b03f5f7f11d50a3a".
             Resolved file path is "C:\Program Files\dotnet\packs\Microsoft.NETCore.App.Ref\8.0.6\ref\net8.0\System.Security.Cryptography.dll".
             Reference found at search path location "{RawFileName}".
             This reference is not "CopyLocal" because at least one source item had "Private" set to "false" and no source items had "Private" set to "true".
         Primary reference "System.Security.Principal.Windows, Version=8.0.0.0, Culture=neutral, PublicKeyToken=b03f5f7f11d50a3a".
             Resolved file path is "C:\Program Files\dotnet\packs\Microsoft.NETCore.App.Ref\8.0.6\ref\net8.0\System.Security.Principal.Windows.dll".
             Reference found at search path location "{RawFileName}".
             This reference is not "CopyLocal" because at least one source item had "Private" set to "false" and no source items had "Private" set to "true".
         Primary reference "System.Security.Principal, Version=8.0.0.0, Culture=neutral, PublicKeyToken=b03f5f7f11d50a3a".
             Resolved file path is "C:\Program Files\dotnet\packs\Microsoft.NETCore.App.Ref\8.0.6\ref\net8.0\System.Security.Principal.dll".
             Reference found at search path location "{RawFileName}".
             This reference is not "CopyLocal" because at least one source item had "Private" set to "false" and no source items had "Private" set to "true".
         Primary reference "System.Security.SecureString, Version=8.0.0.0, Culture=neutral, PublicKeyToken=b03f5f7f11d50a3a".
             Resolved file path is "C:\Program Files\dotnet\packs\Microsoft.NETCore.App.Ref\8.0.6\ref\net8.0\System.Security.SecureString.dll".
             Reference found at search path location "{RawFileName}".
             This reference is not "CopyLocal" because at least one source item had "Private" set to "false" and no source items had "Private" set to "true".
         Primary reference "System.Security, Version=4.0.0.0, Culture=neutral, PublicKeyToken=b03f5f7f11d50a3a".
             Resolved file path is "C:\Program Files\dotnet\packs\Microsoft.NETCore.App.Ref\8.0.6\ref\net8.0\System.Security.dll".
             Reference found at search path location "{RawFileName}".
             This reference is not "CopyLocal" because at least one source item had "Private" set to "false" and no source items had "Private" set to "true".
         Primary reference "System.ServiceModel.Web, Version=4.0.0.0, Culture=neutral, PublicKeyToken=31bf3856ad364e35".
             Resolved file path is "C:\Program Files\dotnet\packs\Microsoft.NETCore.App.Ref\8.0.6\ref\net8.0\System.ServiceModel.Web.dll".
             Reference found at search path location "{RawFileName}".
             This reference is not "CopyLocal" because at least one source item had "Private" set to "false" and no source items had "Private" set to "true".
         Primary reference "System.ServiceProcess, Version=4.0.0.0, Culture=neutral, PublicKeyToken=b03f5f7f11d50a3a".
   5:6>Done executing task "ResolveAppHosts".
   3:7>ResolveAssemblyReferences:
             Resolved file path is "C:\Program Files\dotnet\packs\Microsoft.NETCore.App.Ref\8.0.6\ref\net8.0\System.ServiceProcess.dll".
             Reference found at search path location "{RawFileName}".
   5:6>Done building target "ProcessFrameworkReferences" in project "TalenHuman.API.csproj".
       Target "IncludeTargetingPackReference" skipped, due to false condition; ('$(TargetFrameworkMoniker)' != '' and '$(TargetFrameworkIdentifier)' == '.NETFramework' and '$(AutomaticallyUseReferenceAssemblyPackages)' == 'true') was evaluated as ('.NETCoreApp,Version=v8.0' != '' and '.NETCoreApp' == '.NETFramework' and 'true' == 'true').
   3:7>ResolveAssemblyReferences:
             This reference is not "CopyLocal" because at least one source item had "Private" set to "false" and no source items had "Private" set to "true".
         Primary reference "System.Text.Encoding.CodePages, Version=8.0.0.0, Culture=neutral, PublicKeyToken=b03f5f7f11d50a3a".
   5:6>Target "_AddMicrosoftNetCompilerToolsetFrameworkPackage" in file "C:\Program Files\dotnet\sdk\8.0.302\Sdks\Microsoft.NET.Sdk\targets\Microsoft.NET.Sdk.targets" from project "D:\Tito Pedraza\OneDrive\Proyectos\Codigo Fuente\repos\HumanCore\src\TalenHuman.API\TalenHuman.API.csproj" (target "CollectPackageReferences" depends on it):
   5:6>Task "NETSdkWarning" skipped, due to false condition; ('@(PackageReference->AnyHaveMetadataValue('Identity', 'Microsoft.Net.Compilers.Toolset.Framework'))' == 'true') was evaluated as ('false' == 'true').
   3:7>ResolveAssemblyReferences:
             Resolved file path is "C:\Program Files\dotnet\packs\Microsoft.NETCore.App.Ref\8.0.6\ref\net8.0\System.Text.Encoding.CodePages.dll".
   5:6>Done building target "_AddMicrosoftNetCompilerToolsetFrameworkPackage" in project "TalenHuman.API.csproj".
   3:7>ResolveAssemblyReferences:
             Reference found at search path location "{RawFileName}".
             This reference is not "CopyLocal" because at least one source item had "Private" set to "false" and no source items had "Private" set to "true".
   5:6>Target "_CheckForObsoleteDotNetCliToolReferences" in file "C:\Program Files\dotnet\sdk\8.0.302\Sdks\Microsoft.NET.Sdk\targets\Microsoft.NET.ObsoleteReferences.targets" from project "D:\Tito Pedraza\OneDrive\Proyectos\Codigo Fuente\repos\HumanCore\src\TalenHuman.API\TalenHuman.API.csproj" (target "CollectPackageReferences" depends on it):
   5:6>Task "NETSdkWarning" skipped, due to false condition; ( '%(_ReferenceToObsoleteDotNetCliTool.Identity)' != '' ) was evaluated as ( '' != '' ).
   5:6>Done building target "_CheckForObsoleteDotNetCliToolReferences" in project "TalenHuman.API.csproj".
   3:7>ResolveAssemblyReferences:
         Primary reference "System.Text.Encoding.Extensions, Version=8.0.0.0, Culture=neutral, PublicKeyToken=b03f5f7f11d50a3a".
             Resolved file path is "C:\Program Files\dotnet\packs\Microsoft.NETCore.App.Ref\8.0.6\ref\net8.0\System.Text.Encoding.Extensions.dll".
   5:6>Target "CollectPackageReferences" in file "C:\Program Files\dotnet\sdk\8.0.302\NuGet.targets" from project "D:\Tito Pedraza\OneDrive\Proyectos\Codigo Fuente\repos\HumanCore\src\TalenHuman.API\TalenHuman.API.csproj" (target "_GetRestoreProjectStyle" depends on it):
   5:6>Using "CheckForDuplicateNuGetItemsTask" task from assembly "C:\Program Files\dotnet\sdk\8.0.302\NuGet.Build.Tasks.dll".
       Task "CheckForDuplicateNuGetItemsTask"
   3:7>ResolveAssemblyReferences:
             Reference found at search path location "{RawFileName}".
             This reference is not "CopyLocal" because at least one source item had "Private" set to "false" and no source items had "Private" set to "true".
         Primary reference "System.Text.Encoding, Version=8.0.0.0, Culture=neutral, PublicKeyToken=b03f5f7f11d50a3a".
   5:6>Done executing task "CheckForDuplicateNuGetItemsTask".
   3:7>ResolveAssemblyReferences:
             Resolved file path is "C:\Program Files\dotnet\packs\Microsoft.NETCore.App.Ref\8.0.6\ref\net8.0\System.Text.Encoding.dll".
   5:6>Done building target "CollectPackageReferences" in project "TalenHuman.API.csproj".
   3:7>ResolveAssemblyReferences:
             Reference found at search path location "{RawFileName}".
             This reference is not "CopyLocal" because at least one source item had "Private" set to "false" and no source items had "Private" set to "true".
         Primary reference "System.Text.Encodings.Web, Version=8.0.0.0, Culture=neutral, PublicKeyToken=cc7b13ffcd2ddd51".
             Resolved file path is "C:\Program Files\dotnet\packs\Microsoft.NETCore.App.Ref\8.0.6\ref\net8.0\System.Text.Encodings.Web.dll".
   5:6>Target "_GetRestoreProjectStyle" in file "C:\Program Files\dotnet\sdk\8.0.302\NuGet.targets" from project "D:\Tito Pedraza\OneDrive\Proyectos\Codigo Fuente\repos\HumanCore\src\TalenHuman.API\TalenHuman.API.csproj" (target "EnableIntermediateOutputPathMismatchWarning" depends on it):
   5:6>Using "GetRestoreProjectStyleTask" task from assembly "C:\Program Files\dotnet\sdk\8.0.302\NuGet.Build.Tasks.dll".
       Task "GetRestoreProjectStyleTask"
   3:7>ResolveAssemblyReferences:
             Reference found at search path location "{RawFileName}".
             This reference is not "CopyLocal" because at least one source item had "Private" set to "false" and no source items had "Private" set to "true".
         Primary reference "System.Text.Json, Version=8.0.0.0, Culture=neutral, PublicKeyToken=cc7b13ffcd2ddd51".
             Resolved file path is "C:\Program Files\dotnet\packs\Microsoft.NETCore.App.Ref\8.0.6\ref\net8.0\System.Text.Json.dll".
             Reference found at search path location "{RawFileName}".
             This reference is not "CopyLocal" because at least one source item had "Private" set to "false" and no source items had "Private" set to "true".
         Primary reference "System.Text.RegularExpressions, Version=8.0.0.0, Culture=neutral, PublicKeyToken=b03f5f7f11d50a3a".
             Resolved file path is "C:\Program Files\dotnet\packs\Microsoft.NETCore.App.Ref\8.0.6\ref\net8.0\System.Text.RegularExpressions.dll".
             Reference found at search path location "{RawFileName}".
             This reference is not "CopyLocal" because at least one source item had "Private" set to "false" and no source items had "Private" set to "true".
         Primary reference "System.Threading.Channels, Version=8.0.0.0, Culture=neutral, PublicKeyToken=cc7b13ffcd2ddd51".
             Resolved file path is "C:\Program Files\dotnet\packs\Microsoft.NETCore.App.Ref\8.0.6\ref\net8.0\System.Threading.Channels.dll".
             Reference found at search path location "{RawFileName}".
             This reference is not "CopyLocal" because at least one source item had "Private" set to "false" and no source items had "Private" set to "true".
         Primary reference "System.Threading.Overlapped, Version=8.0.0.0, Culture=neutral, PublicKeyToken=b03f5f7f11d50a3a".
             Resolved file path is "C:\Program Files\dotnet\packs\Microsoft.NETCore.App.Ref\8.0.6\ref\net8.0\System.Threading.Overlapped.dll".
             Reference found at search path location "{RawFileName}".
             This reference is not "CopyLocal" because at least one source item had "Private" set to "false" and no source items had "Private" set to "true".
         Primary reference "System.Threading.Tasks.Dataflow, Version=8.0.0.0, Culture=neutral, PublicKeyToken=b03f5f7f11d50a3a".
             Resolved file path is "C:\Program Files\dotnet\packs\Microsoft.NETCore.App.Ref\8.0.6\ref\net8.0\System.Threading.Tasks.Dataflow.dll".
             Reference found at search path location "{RawFileName}".
             This reference is not "CopyLocal" because at least one source item had "Private" set to "false" and no source items had "Private" set to "true".
         Primary reference "System.Threading.Tasks.Extensions, Version=8.0.0.0, Culture=neutral, PublicKeyToken=cc7b13ffcd2ddd51".
             Resolved file path is "C:\Program Files\dotnet\packs\Microsoft.NETCore.App.Ref\8.0.6\ref\net8.0\System.Threading.Tasks.Extensions.dll".
   5:6>Done executing task "GetRestoreProjectStyleTask".
   3:7>ResolveAssemblyReferences:
             Reference found at search path location "{RawFileName}".
             This reference is not "CopyLocal" because at least one source item had "Private" set to "false" and no source items had "Private" set to "true".
         Primary reference "System.Threading.Tasks.Parallel, Version=8.0.0.0, Culture=neutral, PublicKeyToken=b03f5f7f11d50a3a".
   5:6>Done building target "_GetRestoreProjectStyle" in project "TalenHuman.API.csproj".
   3:7>ResolveAssemblyReferences:
             Resolved file path is "C:\Program Files\dotnet\packs\Microsoft.NETCore.App.Ref\8.0.6\ref\net8.0\System.Threading.Tasks.Parallel.dll".
   5:6>Target "EnableIntermediateOutputPathMismatchWarning" in file "C:\Program Files\dotnet\sdk\8.0.302\NuGet.targets" from project "D:\Tito Pedraza\OneDrive\Proyectos\Codigo Fuente\repos\HumanCore\src\TalenHuman.API\TalenHuman.API.csproj" (target "_CheckForInvalidConfigurationAndPlatform" depends on it):
   5:6>Done building target "EnableIntermediateOutputPathMismatchWarning" in project "TalenHuman.API.csproj".
       Target "ApplyImplicitVersions" skipped. Previously built successfully.
       Target "CheckForImplicitPackageReferenceOverrides" skipped. Previously built successfully.
   3:7>ResolveAssemblyReferences:
             Reference found at search path location "{RawFileName}".
             This reference is not "CopyLocal" because at least one source item had "Private" set to "false" and no source items had "Private" set to "true".
         Primary reference "System.Threading.Tasks, Version=8.0.0.0, Culture=neutral, PublicKeyToken=b03f5f7f11d50a3a".
             Resolved file path is "C:\Program Files\dotnet\packs\Microsoft.NETCore.App.Ref\8.0.6\ref\net8.0\System.Threading.Tasks.dll".
             Reference found at search path location "{RawFileName}".
             This reference is not "CopyLocal" because at least one source item had "Private" set to "false" and no source items had "Private" set to "true".
         Primary reference "System.Threading.Thread, Version=8.0.0.0, Culture=neutral, PublicKeyToken=b03f5f7f11d50a3a".
   5:6>Target "CheckForDuplicateItems" in file "C:\Program Files\dotnet\sdk\8.0.302\Sdks\Microsoft.NET.Sdk\targets\Microsoft.NET.Sdk.DefaultItems.Shared.targets" from project "D:\Tito Pedraza\OneDrive\Proyectos\Codigo Fuente\repos\HumanCore\src\TalenHuman.API\TalenHuman.API.csproj" (target "_CheckForInvalidConfigurationAndPlatform" depends on it):
   5:6>Using "CheckForDuplicateItems" task from assembly "C:\Program Files\dotnet\sdk\8.0.302\Sdks\Microsoft.NET.Sdk\targets\..\tools\net8.0\Microsoft.NET.Build.Tasks.dll".
       Task "CheckForDuplicateItems"
   3:7>ResolveAssemblyReferences:
             Resolved file path is "C:\Program Files\dotnet\packs\Microsoft.NETCore.App.Ref\8.0.6\ref\net8.0\System.Threading.Thread.dll".
             Reference found at search path location "{RawFileName}".
             This reference is not "CopyLocal" because at least one source item had "Private" set to "false" and no source items had "Private" set to "true".
         Primary reference "System.Threading.ThreadPool, Version=8.0.0.0, Culture=neutral, PublicKeyToken=b03f5f7f11d50a3a".
             Resolved file path is "C:\Program Files\dotnet\packs\Microsoft.NETCore.App.Ref\8.0.6\ref\net8.0\System.Threading.ThreadPool.dll".
   5:6>Done executing task "CheckForDuplicateItems".
   3:7>ResolveAssemblyReferences:
             Reference found at search path location "{RawFileName}".
   5:6>Task "CheckForDuplicateItems"
   3:7>ResolveAssemblyReferences:
             This reference is not "CopyLocal" because at least one source item had "Private" set to "false" and no source items had "Private" set to "true".
         Primary reference "System.Threading.Timer, Version=8.0.0.0, Culture=neutral, PublicKeyToken=b03f5f7f11d50a3a".
             Resolved file path is "C:\Program Files\dotnet\packs\Microsoft.NETCore.App.Ref\8.0.6\ref\net8.0\System.Threading.Timer.dll".
             Reference found at search path location "{RawFileName}".
             This reference is not "CopyLocal" because at least one source item had "Private" set to "false" and no source items had "Private" set to "true".
         Primary reference "System.Threading, Version=8.0.0.0, Culture=neutral, PublicKeyToken=b03f5f7f11d50a3a".
             Resolved file path is "C:\Program Files\dotnet\packs\Microsoft.NETCore.App.Ref\8.0.6\ref\net8.0\System.Threading.dll".
             Reference found at search path location "{RawFileName}".
             This reference is not "CopyLocal" because at least one source item had "Private" set to "false" and no source items had "Private" set to "true".
         Primary reference "System.Transactions.Local, Version=8.0.0.0, Culture=neutral, PublicKeyToken=cc7b13ffcd2ddd51".
             Resolved file path is "C:\Program Files\dotnet\packs\Microsoft.NETCore.App.Ref\8.0.6\ref\net8.0\System.Transactions.Local.dll".
             Reference found at search path location "{RawFileName}".
             This reference is not "CopyLocal" because at least one source item had "Private" set to "false" and no source items had "Private" set to "true".
         Primary reference "System.Transactions, Version=4.0.0.0, Culture=neutral, PublicKeyToken=b77a5c561934e089".
             Resolved file path is "C:\Program Files\dotnet\packs\Microsoft.NETCore.App.Ref\8.0.6\ref\net8.0\System.Transactions.dll".
   5:6>Done executing task "CheckForDuplicateItems".
       Task "CheckForDuplicateItems"
   3:7>ResolveAssemblyReferences:
             Reference found at search path location "{RawFileName}".
             This reference is not "CopyLocal" because at least one source item had "Private" set to "false" and no source items had "Private" set to "true".
         Primary reference "System.ValueTuple, Version=8.0.0.0, Culture=neutral, PublicKeyToken=cc7b13ffcd2ddd51".
             Resolved file path is "C:\Program Files\dotnet\packs\Microsoft.NETCore.App.Ref\8.0.6\ref\net8.0\System.ValueTuple.dll".
             Reference found at search path location "{RawFileName}".
             This reference is not "CopyLocal" because at least one source item had "Private" set to "false" and no source items had "Private" set to "true".
         Primary reference "System.Web.HttpUtility, Version=8.0.0.0, Culture=neutral, PublicKeyToken=cc7b13ffcd2ddd51".
             Resolved file path is "C:\Program Files\dotnet\packs\Microsoft.NETCore.App.Ref\8.0.6\ref\net8.0\System.Web.HttpUtility.dll".
             Reference found at search path location "{RawFileName}".
             This reference is not "CopyLocal" because at least one source item had "Private" set to "false" and no source items had "Private" set to "true".
         Primary reference "System.Web, Version=4.0.0.0, Culture=neutral, PublicKeyToken=b03f5f7f11d50a3a".
             Resolved file path is "C:\Program Files\dotnet\packs\Microsoft.NETCore.App.Ref\8.0.6\ref\net8.0\System.Web.dll".
             Reference found at search path location "{RawFileName}".
             This reference is not "CopyLocal" because at least one source item had "Private" set to "false" and no source items had "Private" set to "true".
         Primary reference "System.Windows, Version=4.0.0.0, Culture=neutral, PublicKeyToken=b03f5f7f11d50a3a".
             Resolved file path is "C:\Program Files\dotnet\packs\Microsoft.NETCore.App.Ref\8.0.6\ref\net8.0\System.Windows.dll".
   5:6>Done executing task "CheckForDuplicateItems".
   5:6>Done building target "CheckForDuplicateItems" in project "TalenHuman.API.csproj".
   3:7>ResolveAssemblyReferences:
             Reference found at search path location "{RawFileName}".
   5:6>Target "WarnForExplicitVersions" skipped, due to false condition; ('@(SdkBuildWarning)' != '') was evaluated as ('' != '').
       Target "_CheckForFailedSDKResolution" skipped, due to false condition; ('$(SdkResolverHonoredGlobalJson)' == 'false') was evaluated as ('' == 'false').
       Target "_WarnWhenUsingNET8AndVSPriorTo178" skipped, due to false condition; ($([MSBuild]::VersionLessThan($(MSBuildVersion), '17.8.0')) and '$(TargetFrameworkIdentifier)' == '.NETCoreApp' and $([MSBuild]::VersionGreaterThanOrEquals($(_TargetFrameworkVersionWithoutV), '8.0'))) was evaluated as (False and '.NETCoreApp' == '.NETCoreApp' and True).
       Target "_CheckForInvalidWindowsDesktopTargetingConfiguration" skipped, due to false condition; ('$(TargetFrameworkIdentifier)' == '.NETCoreApp' and $([MSBuild]::VersionGreaterThanOrEquals($(_TargetFrameworkVersionWithoutV), '5.0')) and ('$(UseWindowsForms)' == 'true' or '$(UseWPF)' == 'true')) was evaluated as ('.NETCoreApp' == '.NETCoreApp' and True and ('' == 'true' or '' == 'true')).
   3:7>ResolveAssemblyReferences:
             This reference is not "CopyLocal" because at least one source item had "Private" set to "false" and no source items had "Private" set to "true".
   5:6>Target "_CheckForUnnecessaryWindowsDesktopSDK" skipped, due to false condition; ('$(TargetFrameworkIdentifier)' == '.NETCoreApp' and $([MSBuild]::VersionGreaterThanOrEquals($(_TargetFrameworkVersionWithoutV), '5.0')) and '$(_MicrosoftWindowsDesktopSdkImported)' == 'true' and '$(TargetFrameworks)' == '') was evaluated as ('.NETCoreApp' == '.NETCoreApp' and True and '' == 'true' and '' == '').
       Target "ProcessFrameworkReferences" skipped. Previously built successfully.
       Target "IncludeTargetingPackReference" skipped, due to false condition; ('$(TargetFrameworkMoniker)' != '' and '$(TargetFrameworkIdentifier)' == '.NETFramework' and '$(AutomaticallyUseReferenceAssemblyPackages)' == 'true') was evaluated as ('.NETCoreApp,Version=v8.0' != '' and '.NETCoreApp' == '.NETFramework' and 'true' == 'true').
   3:7>ResolveAssemblyReferences:
         Primary reference "System.Xml.Linq, Version=4.0.0.0, Culture=neutral, PublicKeyToken=b77a5c561934e089".
             Resolved file path is "C:\Program Files\dotnet\packs\Microsoft.NETCore.App.Ref\8.0.6\ref\net8.0\System.Xml.Linq.dll".
             Reference found at search path location "{RawFileName}".
   5:6>Target "_CheckForInvalidConfigurationAndPlatform" in file "C:\Program Files\dotnet\sdk\8.0.302\Microsoft.Common.CurrentVersion.targets" from project "D:\Tito Pedraza\OneDrive\Proyectos\Codigo Fuente\repos\HumanCore\src\TalenHuman.API\TalenHuman.API.csproj" (target "BeforeBuild" depends on it):
   5:6>Task "Error" skipped, due to false condition; ( '$(_InvalidConfigurationError)' == 'true' ) was evaluated as ( '' == 'true' ).
   3:7>ResolveAssemblyReferences:
             This reference is not "CopyLocal" because at least one source item had "Private" set to "false" and no source items had "Private" set to "true".
         Primary reference "System.Xml.ReaderWriter, Version=8.0.0.0, Culture=neutral, PublicKeyToken=b03f5f7f11d50a3a".
   5:6>_CheckForInvalidConfigurationAndPlatform:
       Task "Warning" skipped, due to false condition; ( '$(_InvalidConfigurationWarning)' == 'true' ) was evaluated as ( '' == 'true' ).
   3:7>ResolveAssemblyReferences:
             Resolved file path is "C:\Program Files\dotnet\packs\Microsoft.NETCore.App.Ref\8.0.6\ref\net8.0\System.Xml.ReaderWriter.dll".
   5:6>Task "Message"
         Configuration=Debug
       Done executing task "Message".
       Task "Message"
   3:7>ResolveAssemblyReferences:
             Reference found at search path location "{RawFileName}".
   5:6>_CheckForInvalidConfigurationAndPlatform:
         Platform=AnyCPU
       Done executing task "Message".
   3:7>ResolveAssemblyReferences:
             This reference is not "CopyLocal" because at least one source item had "Private" set to "false" and no source items had "Private" set to "true".
   5:6>_CheckForInvalidConfigurationAndPlatform:
       Task "Error" skipped, due to false condition; ('$(OutDir)' != '' and !HasTrailingSlash('$(OutDir)')) was evaluated as ('bin\Debug\net8.0\' != '' and !HasTrailingSlash('bin\Debug\net8.0\')).
       Task "Error" skipped, due to false condition; ('$(IntermediateOutputPath)' != '' and !HasTrailingSlash('$(IntermediateOutputPath)')) was evaluated as ('obj\Debug\net8.0\' != '' and !HasTrailingSlash('obj\Debug\net8.0\')).
   3:7>ResolveAssemblyReferences:
         Primary reference "System.Xml.Serialization, Version=4.0.0.0, Culture=neutral, PublicKeyToken=b77a5c561934e089".
   5:6>_CheckForInvalidConfigurationAndPlatform:
       Task "Error" skipped, due to false condition; ('$(BaseIntermediateOutputPath)' != '' and !HasTrailingSlash('$(BaseIntermediateOutputPath)')) was evaluated as ('D:\Tito Pedraza\OneDrive\Proyectos\Codigo Fuente\repos\HumanCore\src\TalenHuman.API\obj\' != '' and !HasTrailingSlash('D:\Tito Pedraza\OneDrive\Proyectos\Codigo Fuente\repos\HumanCore\src\TalenHuman.API\obj\')).
   3:7>ResolveAssemblyReferences:
             Resolved file path is "C:\Program Files\dotnet\packs\Microsoft.NETCore.App.Ref\8.0.6\ref\net8.0\System.Xml.Serialization.dll".
   5:6>_CheckForInvalidConfigurationAndPlatform:
       Task "Error" skipped, due to false condition; ( '$(_InitialMSBuildProjectExtensionsPath)' != '' And '$(MSBuildProjectExtensionsPath)' != '$(_InitialMSBuildProjectExtensionsPath)' ) was evaluated as ( 'D:\Tito Pedraza\OneDrive\Proyectos\Codigo Fuente\repos\HumanCore\src\TalenHuman.API\obj\' != '' And 'D:\Tito Pedraza\OneDrive\Proyectos\Codigo Fuente\repos\HumanCore\src\TalenHuman.API\obj\' != 'D:\Tito Pedraza\OneDrive\Proyectos\Codigo Fuente\repos\HumanCore\src\TalenHuman.API\obj\' ).
   3:7>ResolveAssemblyReferences:
             Reference found at search path location "{RawFileName}".
             This reference is not "CopyLocal" because at least one source item had "Private" set to "false" and no source items had "Private" set to "true".
   5:6>_CheckForInvalidConfigurationAndPlatform:
       Task "Warning" skipped, due to false condition; ( '$(EnableBaseIntermediateOutputPathMismatchWarning)' == 'true' And '$(_InitialBaseIntermediateOutputPath)' != '$(BaseIntermediateOutputPath)' And '$(BaseIntermediateOutputPath)' != '$(MSBuildProjectExtensionsPath)' ) was evaluated as ( 'true' == 'true' And 'obj\' != 'D:\Tito Pedraza\OneDrive\Proyectos\Codigo Fuente\repos\HumanCore\src\TalenHuman.API\obj\' And 'D:\Tito Pedraza\OneDrive\Proyectos\Codigo Fuente\repos\HumanCore\src\TalenHuman.API\obj\' != 'D:\Tito Pedraza\OneDrive\Proyectos\Codigo Fuente\repos\HumanCore\src\TalenHuman.API\obj\' ).
   5:6>Done building target "_CheckForInvalidConfigurationAndPlatform" in project "TalenHuman.API.csproj".
   5:6>Target "ValidateCommandLineProperties" in file "C:\Program Files\dotnet\sdk\8.0.302\Sdks\Microsoft.NET.Sdk\targets\Microsoft.NET.Sdk.targets" from project "D:\Tito Pedraza\OneDrive\Proyectos\Codigo Fuente\repos\HumanCore\src\TalenHuman.API\TalenHuman.API.csproj" (target "BeforeBuild" depends on it):
   5:6>Done building target "ValidateCommandLineProperties" in project "TalenHuman.API.csproj".
   5:6>Target "BeforeBuild" in file "C:\Program Files\dotnet\sdk\8.0.302\Microsoft.Common.CurrentVersion.targets" from project "D:\Tito Pedraza\OneDrive\Proyectos\Codigo Fuente\repos\HumanCore\src\TalenHuman.API\TalenHuman.API.csproj" (target "Build" depends on it):
   5:6>Done building target "BeforeBuild" in project "TalenHuman.API.csproj".
       Target "_CheckForBuildWithNoBuild" skipped, due to false condition; ('$(NoBuild)' == 'true' and '$(GeneratePackageOnBuild)' != 'true') was evaluated as ('' == 'true' and 'false' != 'true').
   5:6>Target "BuildOnlySettings" in file "C:\Program Files\dotnet\sdk\8.0.302\Microsoft.Common.CurrentVersion.targets" from project "D:\Tito Pedraza\OneDrive\Proyectos\Codigo Fuente\repos\HumanCore\src\TalenHuman.API\TalenHuman.API.csproj" (target "CoreBuild" depends on it):
   5:6>Done building target "BuildOnlySettings" in project "TalenHuman.API.csproj".
       Target "_CheckForUnsupportedTargetFramework" skipped, due to false condition; ('$(_UnsupportedTargetFrameworkError)' == 'true') was evaluated as ('' == 'true').
       Target "_CheckForUnsupportedTargetPlatformIdentifier" skipped, due to false condition; ('$(TargetPlatformIdentifier)' != '' and '$(TargetFrameworkIdentifier)' == '.NETCoreApp' and $([MSBuild]::VersionGreaterThanOrEquals($(TargetFrameworkVersion), 5.0)) And ('$(DesignTimeBuild)' != 'true' Or '@(MissingWorkloadPack)' == '')) was evaluated as ('' != '' and '.NETCoreApp' == '.NETCoreApp' and True And ('' != 'true' Or '' == '')).
   3:7>ResolveAssemblyReferences:
         Primary reference "System.Xml.XDocument, Version=8.0.0.0, Culture=neutral, PublicKeyToken=b03f5f7f11d50a3a".
   5:6>Target "_CheckForMissingWorkload" skipped, due to false condition; ('@(MissingWorkloadPack)' != '' And '$(DesignTimeBuild)' != 'true') was evaluated as ('' != '' And '' != 'true').
   5:6>Target "GetFrameworkPaths" in file "C:\Program Files\dotnet\sdk\8.0.302\Sdks\Microsoft.NET.Sdk\targets\Microsoft.NET.DisableStandardFrameworkResolution.targets" from project "D:\Tito Pedraza\OneDrive\Proyectos\Codigo Fuente\repos\HumanCore\src\TalenHuman.API\TalenHuman.API.csproj" (target "PrepareForBuild" depends on it):
   5:6>Done building target "GetFrameworkPaths" in project "TalenHuman.API.csproj".
   3:7>ResolveAssemblyReferences:
             Resolved file path is "C:\Program Files\dotnet\packs\Microsoft.NETCore.App.Ref\8.0.6\ref\net8.0\System.Xml.XDocument.dll".
   5:6>Target "_CheckForUnsupportedTargetFramework" skipped, due to false condition; ('$(_UnsupportedTargetFrameworkError)' == 'true') was evaluated as ('' == 'true').
       Target "_CheckForUnsupportedTargetPlatformIdentifier" skipped, due to false condition; ('$(TargetPlatformIdentifier)' != '' and '$(TargetFrameworkIdentifier)' == '.NETCoreApp' and $([MSBuild]::VersionGreaterThanOrEquals($(TargetFrameworkVersion), 5.0)) And ('$(DesignTimeBuild)' != 'true' Or '@(MissingWorkloadPack)' == '')) was evaluated as ('' != '' and '.NETCoreApp' == '.NETCoreApp' and True And ('' != 'true' Or '' == '')).
       Target "_CheckForMissingWorkload" skipped, due to false condition; ('@(MissingWorkloadPack)' != '' And '$(DesignTimeBuild)' != 'true') was evaluated as ('' != '' And '' != 'true').
   5:6>Target "GetReferenceAssemblyPaths" in file "C:\Program Files\dotnet\sdk\8.0.302\Sdks\Microsoft.NET.Sdk\targets\Microsoft.NET.DisableStandardFrameworkResolution.targets" from project "D:\Tito Pedraza\OneDrive\Proyectos\Codigo Fuente\repos\HumanCore\src\TalenHuman.API\TalenHuman.API.csproj" (target "PrepareForBuild" depends on it):
   5:6>Done building target "GetReferenceAssemblyPaths" in project "TalenHuman.API.csproj".
   3:7>ResolveAssemblyReferences:
             Reference found at search path location "{RawFileName}".
   5:6>Target "AssignLinkMetadata" skipped, due to false condition; ( '$(SynthesizeLinkMetadata)' == 'true' ) was evaluated as ( '' == 'true' ).
   3:7>ResolveAssemblyReferences:
             This reference is not "CopyLocal" because at least one source item had "Private" set to "false" and no source items had "Private" set to "true".
         Primary reference "System.Xml.XPath.XDocument, Version=8.0.0.0, Culture=neutral, PublicKeyToken=b03f5f7f11d50a3a".
   5:6>Target "ResolveRazorGenerateInputs" in file "C:\Program Files\dotnet\sdk\8.0.302\Sdks\Microsoft.NET.Sdk.Razor\targets\Sdk.Razor.CurrentVersion.targets" from project "D:\Tito Pedraza\OneDrive\Proyectos\Codigo Fuente\repos\HumanCore\src\TalenHuman.API\TalenHuman.API.csproj" (target "PrepareForBuild" depends on it):
   5:6>Done building target "ResolveRazorGenerateInputs" in project "TalenHuman.API.csproj".
       Target "_VerifyPackReleaseConfigurations" skipped, due to false condition; ('$(_IsPacking)' == 'true' and '$(DOTNET_CLI_DISABLE_PUBLISH_AND_PACK_RELEASE)' != 'true' and '$(DOTNET_CLI_LAZY_PUBLISH_AND_PACK_RELEASE_FOR_SOLUTIONS)' == 'true') was evaluated as ('' == 'true' and '' != 'true' and '' == 'true').
   3:7>ResolveAssemblyReferences:
             Resolved file path is "C:\Program Files\dotnet\packs\Microsoft.NETCore.App.Ref\8.0.6\ref\net8.0\System.Xml.XPath.XDocument.dll".
             Reference found at search path location "{RawFileName}".
             This reference is not "CopyLocal" because at least one source item had "Private" set to "false" and no source items had "Private" set to "true".
         Primary reference "System.Xml.XPath, Version=8.0.0.0, Culture=neutral, PublicKeyToken=b03f5f7f11d50a3a".
             Resolved file path is "C:\Program Files\dotnet\packs\Microsoft.NETCore.App.Ref\8.0.6\ref\net8.0\System.Xml.XPath.dll".
             Reference found at search path location "{RawFileName}".
             This reference is not "CopyLocal" because at least one source item had "Private" set to "false" and no source items had "Private" set to "true".
         Primary reference "System.Xml.XmlDocument, Version=8.0.0.0, Culture=neutral, PublicKeyToken=b03f5f7f11d50a3a".
             Resolved file path is "C:\Program Files\dotnet\packs\Microsoft.NETCore.App.Ref\8.0.6\ref\net8.0\System.Xml.XmlDocument.dll".
             Reference found at search path location "{RawFileName}".
             This reference is not "CopyLocal" because at least one source item had "Private" set to "false" and no source items had "Private" set to "true".
         Primary reference "System.Xml.XmlSerializer, Version=8.0.0.0, Culture=neutral, PublicKeyToken=b03f5f7f11d50a3a".
             Resolved file path is "C:\Program Files\dotnet\packs\Microsoft.NETCore.App.Ref\8.0.6\ref\net8.0\System.Xml.XmlSerializer.dll".
             Reference found at search path location "{RawFileName}".
             This reference is not "CopyLocal" because at least one source item had "Private" set to "false" and no source items had "Private" set to "true".
         Primary reference "System.Xml, Version=4.0.0.0, Culture=neutral, PublicKeyToken=b77a5c561934e089".
             Resolved file path is "C:\Program Files\dotnet\packs\Microsoft.NETCore.App.Ref\8.0.6\ref\net8.0\System.Xml.dll".
             Reference found at search path location "{RawFileName}".
             This reference is not "CopyLocal" because at least one source item had "Private" set to "false" and no source items had "Private" set to "true".
         Primary reference "System, Version=4.0.0.0, Culture=neutral, PublicKeyToken=b77a5c561934e089".
             Resolved file path is "C:\Program Files\dotnet\packs\Microsoft.NETCore.App.Ref\8.0.6\ref\net8.0\System.dll".
             Reference found at search path location "{RawFileName}".
   5:6>Target "PrepareForBuild" in file "C:\Program Files\dotnet\sdk\8.0.302\Microsoft.Common.CurrentVersion.targets" from project "D:\Tito Pedraza\OneDrive\Proyectos\Codigo Fuente\repos\HumanCore\src\TalenHuman.API\TalenHuman.API.csproj" (target "CoreBuild" depends on it):
   5:6>Using "FindAppConfigFile" task from assembly "Microsoft.Build.Tasks.Core, Version=15.1.0.0, Culture=neutral, PublicKeyToken=b03f5f7f11d50a3a".
       Task "FindAppConfigFile"
   3:7>ResolveAssemblyReferences:
             This reference is not "CopyLocal" because at least one source item had "Private" set to "false" and no source items had "Private" set to "true".
         Primary reference "WindowsBase, Version=4.0.0.0, Culture=neutral, PublicKeyToken=31bf3856ad364e35".
             Resolved file path is "C:\Program Files\dotnet\packs\Microsoft.NETCore.App.Ref\8.0.6\ref\net8.0\WindowsBase.dll".
             Reference found at search path location "{RawFileName}".
             This reference is not "CopyLocal" because at least one source item had "Private" set to "false" and no source items had "Private" set to "true".
         Primary reference "mscorlib, Version=4.0.0.0, Culture=neutral, PublicKeyToken=b77a5c561934e089".
             Resolved file path is "C:\Program Files\dotnet\packs\Microsoft.NETCore.App.Ref\8.0.6\ref\net8.0\mscorlib.dll".
             Reference found at search path location "{RawFileName}".
             This reference is not "CopyLocal" because at least one source item had "Private" set to "false" and no source items had "Private" set to "true".
         Primary reference "netstandard, Version=2.1.0.0, Culture=neutral, PublicKeyToken=cc7b13ffcd2ddd51".
             Resolved file path is "C:\Program Files\dotnet\packs\Microsoft.NETCore.App.Ref\8.0.6\ref\net8.0\netstandard.dll".
             Reference found at search path location "{RawFileName}".
             This reference is not "CopyLocal" because at least one source item had "Private" set to "false" and no source items had "Private" set to "true".
       Done executing task "ResolveAssemblyReference".
   3:7>Done building target "ResolveAssemblyReferences" in project "TalenHuman.Domain.csproj".
   5:6>Done executing task "FindAppConfigFile".
   3:7>Target "GenerateBindingRedirects" skipped, due to false condition; ('$(AutoGenerateBindingRedirects)' == 'true' and '$(GenerateBindingRedirectsOutputType)' == 'true' and '@(SuggestedBindingRedirects)' != '' and '$(DesignTimeBuild)' != 'true' and '$(BuildingProject)' == 'true') was evaluated as ('' == 'true' and '' == 'true' and '' != '' and '' != 'true' and 'true' == 'true').
       Target "GenerateSupportedRuntime" skipped, due to false condition; ('$(GenerateSupportedRuntime)' != 'false' and '$(TargetFrameworkIdentifier)' == '.NETFramework' and '$(HasRuntimeOutput)' == 'true') was evaluated as ('' != 'false' and '.NETCoreApp' == '.NETFramework' and '' == 'true').
       Target "GenerateBindingRedirectsUpdateAppConfig" skipped, due to false condition; ('$(AutoGenerateBindingRedirects)' == 'true' and '$(GenerateBindingRedirectsOutputType)' == 'true') was evaluated as ('' == 'true' and '' == 'true').
       Target "ResolveComReferences" skipped, due to false condition; ('@(COMReference)'!='' or '@(COMFileReference)'!='') was evaluated as (''!='' or ''!='').
   5:6>PrepareForBuild:
       Using "MakeDir" task from assembly "Microsoft.Build.Tasks.Core, Version=15.1.0.0, Culture=neutral, PublicKeyToken=b03f5f7f11d50a3a".
       Task "MakeDir"
   3:7>Target "AfterResolveReferences" in file "C:\Program Files\dotnet\sdk\8.0.302\Microsoft.Common.CurrentVersion.targets" from project "D:\Tito Pedraza\OneDrive\Proyectos\Codigo Fuente\repos\HumanCore\src\TalenHuman.Domain\TalenHuman.Domain.csproj" (target "ResolveReferences" depends on it):
   3:7>Done building target "AfterResolveReferences" in project "TalenHuman.Domain.csproj".
   3:7>Target "ResolveReferences" in file "C:\Program Files\dotnet\sdk\8.0.302\Microsoft.Common.CurrentVersion.targets" from project "D:\Tito Pedraza\OneDrive\Proyectos\Codigo Fuente\repos\HumanCore\src\TalenHuman.Domain\TalenHuman.Domain.csproj" (target "_BlockWinMDsOnUnsupportedTFMs" depends on it):
   3:7>Done building target "ResolveReferences" in project "TalenHuman.Domain.csproj".
   3:7>Target "_BlockWinMDsOnUnsupportedTFMs" in file "C:\Program Files\dotnet\sdk\8.0.302\Sdks\Microsoft.NET.Sdk\targets\Microsoft.NET.Sdk.targets" from project "D:\Tito Pedraza\OneDrive\Proyectos\Codigo Fuente\repos\HumanCore\src\TalenHuman.Domain\TalenHuman.Domain.csproj" (target "CoreBuild" depends on it):
       Using "CheckForUnsupportedWinMDReferences" task from assembly "C:\Program Files\dotnet\sdk\8.0.302\Sdks\Microsoft.NET.Sdk\targets\..\tools\net8.0\Microsoft.NET.Build.Tasks.dll".
       Task "CheckForUnsupportedWinMDReferences"
       Done executing task "CheckForUnsupportedWinMDReferences".
       Task "NETSdkError" skipped, due to false condition; ('$(OutputType)' == 'winmdobj') was evaluated as ('Library' == 'winmdobj').
   3:7>Done building target "_BlockWinMDsOnUnsupportedTFMs" in project "TalenHuman.Domain.csproj".
       Target "ResolveReferences" skipped. Previously built successfully.
       Target "ResolvePackageDependenciesForBuild" skipped. Previously built successfully.
       Target "_HandlePackageFileConflicts" skipped. Previously built successfully.
   3:7>Target "CopyAdditionalFiles" in file "C:\Program Files\dotnet\sdk\8.0.302\Roslyn\Microsoft.Managed.Core.targets" from project "D:\Tito Pedraza\OneDrive\Proyectos\Codigo Fuente\repos\HumanCore\src\TalenHuman.Domain\TalenHuman.Domain.csproj" (target "AssignTargetPaths" depends on it):
   3:7>Done building target "CopyAdditionalFiles" in project "TalenHuman.Domain.csproj".
       Target "_ChooseAppHost" skipped, due to false condition; ('$(UseAppHost)' == 'true' and '$(_IsExecutable)' == 'true') was evaluated as ('' == 'true' and '' == 'true').
       Target "_GetComHostPaths" skipped, due to false condition; ('$(EnableComHosting)' == 'true' and '$(_IsExecutable)' != 'true') was evaluated as ('' == 'true' and '' != 'true').
       Target "_GetIjwHostPaths" skipped, due to false condition; ('$(UseIJWHost)' == 'true') was evaluated as ('' == 'true').
   3:7>Target "_ComputeNETCoreBuildOutputFiles" in file "C:\Program Files\dotnet\sdk\8.0.302\Sdks\Microsoft.NET.Sdk\targets\Microsoft.NET.Sdk.targets" from project "D:\Tito Pedraza\OneDrive\Proyectos\Codigo Fuente\repos\HumanCore\src\TalenHuman.Domain\TalenHuman.Domain.csproj" (target "AssignTargetPaths" depends on it):
   3:7>Done building target "_ComputeNETCoreBuildOutputFiles" in project "TalenHuman.Domain.csproj".
   3:7>Target "AssignTargetPaths" in file "C:\Program Files\dotnet\sdk\8.0.302\Microsoft.Common.CurrentVersion.targets" from project "D:\Tito Pedraza\OneDrive\Proyectos\Codigo Fuente\repos\HumanCore\src\TalenHuman.Domain\TalenHuman.Domain.csproj" (target "PrepareResourceNames" depends on it):
       Using "AssignTargetPath" task from assembly "Microsoft.Build.Tasks.Core, Version=15.1.0.0, Culture=neutral, PublicKeyToken=b03f5f7f11d50a3a".
       Task "AssignTargetPath"
       Done executing task "AssignTargetPath".
       Task "AssignTargetPath"
       Done executing task "AssignTargetPath".
       Task "AssignTargetPath"
       Done executing task "AssignTargetPath".
       Task "AssignTargetPath"
       Done executing task "AssignTargetPath".
       Task "AssignTargetPath" skipped, due to false condition; ('@(_DeploymentBaseManifestWithTargetPath)'=='' and '%(None.Extension)'=='.manifest') was evaluated as (''=='' and ''=='.manifest').
   3:7>Done building target "AssignTargetPaths" in project "TalenHuman.Domain.csproj".
       Target "AssignTargetPaths" skipped. Previously built successfully.
   3:7>Target "SplitResourcesByCulture" in file "C:\Program Files\dotnet\sdk\8.0.302\Microsoft.Common.CurrentVersion.targets" from project "D:\Tito Pedraza\OneDrive\Proyectos\Codigo Fuente\repos\HumanCore\src\TalenHuman.Domain\TalenHuman.Domain.csproj" (target "PrepareResourceNames" depends on it):
       Task "Warning" skipped, due to false condition; ('@(ResxWithNoCulture)'!='') was evaluated as (''!='').
       Task "Warning" skipped, due to false condition; ('@(ResxWithCulture)'!='') was evaluated as (''!='').
       Task "Warning" skipped, due to false condition; ('@(NonResxWithCulture)'!='') was evaluated as (''!='').
       Task "Warning" skipped, due to false condition; ('@(NonResxWithNoCulture)'!='') was evaluated as (''!='').
       Using "AssignCulture" task from assembly "Microsoft.Build.Tasks.Core, Version=15.1.0.0, Culture=neutral, PublicKeyToken=b03f5f7f11d50a3a".
       Task "AssignCulture"
       Done executing task "AssignCulture".
   3:7>Done building target "SplitResourcesByCulture" in project "TalenHuman.Domain.csproj".
       Target "CreateManifestResourceNames" skipped, due to false condition; ('@(EmbeddedResource)' != '') was evaluated as ('' != '').
   5:6>Done executing task "MakeDir".
   5:6>Done building target "PrepareForBuild" in project "TalenHuman.API.csproj".
   3:7>Target "CreateCustomManifestResourceNames" in file "C:\Program Files\dotnet\sdk\8.0.302\Microsoft.Common.CurrentVersion.targets" from project "D:\Tito Pedraza\OneDrive\Proyectos\Codigo Fuente\repos\HumanCore\src\TalenHuman.Domain\TalenHuman.Domain.csproj" (target "PrepareResourceNames" depends on it):
   3:7>Done building target "CreateCustomManifestResourceNames" in project "TalenHuman.Domain.csproj".
   3:7>Target "PrepareResourceNames" in file "C:\Program Files\dotnet\sdk\8.0.302\Microsoft.Common.CurrentVersion.targets" from project "D:\Tito Pedraza\OneDrive\Proyectos\Codigo Fuente\repos\HumanCore\src\TalenHuman.Domain\TalenHuman.Domain.csproj" (target "PrepareResources" depends on it):
   3:7>Done building target "PrepareResourceNames" in project "TalenHuman.Domain.csproj".
       Target "ResolveAssemblyReferences" skipped. Previously built successfully.
       Target "SplitResourcesByCulture" skipped. Previously built successfully.
   3:7>Target "BeforeResGen" in file "C:\Program Files\dotnet\sdk\8.0.302\Microsoft.Common.CurrentVersion.targets" from project "D:\Tito Pedraza\OneDrive\Proyectos\Codigo Fuente\repos\HumanCore\src\TalenHuman.Domain\TalenHuman.Domain.csproj" (target "ResGen" depends on it):
   3:7>Done building target "BeforeResGen" in project "TalenHuman.Domain.csproj".
       Target "ResolveReferences" skipped. Previously built successfully.
   5:6>Target "GenerateGlobalUsings" in file "C:\Program Files\dotnet\sdk\8.0.302\Sdks\Microsoft.NET.Sdk\targets\Microsoft.NET.GenerateGlobalUsings.targets" from project "D:\Tito Pedraza\OneDrive\Proyectos\Codigo Fuente\repos\HumanCore\src\TalenHuman.API\TalenHuman.API.csproj" (target "CoreBuild" depends on it):
   5:6>Using "GenerateGlobalUsings" task from assembly "C:\Program Files\dotnet\sdk\8.0.302\Sdks\Microsoft.NET.Sdk\targets\..\tools\net8.0\Microsoft.NET.Build.Tasks.dll".
       Task "GenerateGlobalUsings"
   3:7>Target "FindReferenceAssembliesForReferences" in file "C:\Program Files\dotnet\sdk\8.0.302\Microsoft.Common.CurrentVersion.targets" from project "D:\Tito Pedraza\OneDrive\Proyectos\Codigo Fuente\repos\HumanCore\src\TalenHuman.Domain\TalenHuman.Domain.csproj" (target "CoreResGen" depends on it):
   3:7>Done building target "FindReferenceAssembliesForReferences" in project "TalenHuman.Domain.csproj".
   3:7>Target "CoreResGen" in file "C:\Program Files\dotnet\sdk\8.0.302\Microsoft.Common.CurrentVersion.targets" from project "D:\Tito Pedraza\OneDrive\Proyectos\Codigo Fuente\repos\HumanCore\src\TalenHuman.Domain\TalenHuman.Domain.csproj" (target "ResGen" depends on it):
       Task "GenerateResource" skipped, due to false condition; ('%(EmbeddedResource.Type)' == 'Resx' and '%(EmbeddedResource.GenerateResource)' != 'false' and '$(GenerateResourceMSBuildRuntime)' != 'CLR2') was evaluated as ('' == 'Resx' and '' != 'false' and 'CurrentRuntime' != 'CLR2').
       Task "GenerateResource" skipped, due to false condition; ('%(EmbeddedResource.Type)' == 'Resx' and '%(EmbeddedResource.GenerateResource)' != 'false' and '$(GenerateResourceMSBuildRuntime)' == 'CLR2') was evaluated as ('' == 'Resx' and '' != 'false' and 'CurrentRuntime' == 'CLR2').
   3:7>Done building target "CoreResGen" in project "TalenHuman.Domain.csproj".
   3:7>Target "AfterResGen" in file "C:\Program Files\dotnet\sdk\8.0.302\Microsoft.Common.CurrentVersion.targets" from project "D:\Tito Pedraza\OneDrive\Proyectos\Codigo Fuente\repos\HumanCore\src\TalenHuman.Domain\TalenHuman.Domain.csproj" (target "ResGen" depends on it):
   3:7>Done building target "AfterResGen" in project "TalenHuman.Domain.csproj".
   3:7>Target "ResGen" in file "C:\Program Files\dotnet\sdk\8.0.302\Microsoft.Common.CurrentVersion.targets" from project "D:\Tito Pedraza\OneDrive\Proyectos\Codigo Fuente\repos\HumanCore\src\TalenHuman.Domain\TalenHuman.Domain.csproj" (target "PrepareResources" depends on it):
   3:7>Done building target "ResGen" in project "TalenHuman.Domain.csproj".
       Target "CompileLicxFiles" skipped, due to false condition; ('@(_LicxFile)'!='') was evaluated as (''!='').
   3:7>Target "PrepareResources" in file "C:\Program Files\dotnet\sdk\8.0.302\Microsoft.Common.CurrentVersion.targets" from project "D:\Tito Pedraza\OneDrive\Proyectos\Codigo Fuente\repos\HumanCore\src\TalenHuman.Domain\TalenHuman.Domain.csproj" (target "CoreBuild" depends on it):
   3:7>Done building target "PrepareResources" in project "TalenHuman.Domain.csproj".
   5:6>Done executing task "GenerateGlobalUsings".
       Using "WriteLinesToFile" task from assembly "Microsoft.Build.Tasks.Core, Version=15.1.0.0, Culture=neutral, PublicKeyToken=b03f5f7f11d50a3a".
       Task "WriteLinesToFile"
   3:7>Target "ResolveKeySource" skipped, due to false condition; ($(SignManifests) == 'true' or $(SignAssembly) == 'true') was evaluated as ( == 'true' or false == 'true').
   5:6>GenerateGlobalUsings:
         Skipping write to file "obj\Debug\net8.0\TalenHuman.API.GlobalUsings.g.cs" because content would not change.
   3:7>Target "ResolveReferences" skipped. Previously built successfully.
   5:6>Done executing task "WriteLinesToFile".
   3:7>Target "ResolveKeySource" skipped, due to false condition; ($(SignManifests) == 'true' or $(SignAssembly) == 'true') was evaluated as ( == 'true' or false == 'true').
   5:6>Done building target "GenerateGlobalUsings" in project "TalenHuman.API.csproj".
   3:7>Target "ResolveComReferences" skipped, due to false condition; ('@(COMReference)'!='' or '@(COMFileReference)'!='') was evaluated as (''!='' or ''!='').
       Target "ResolveNativeReferences" skipped, due to false condition; ('@(NativeReference)'!='') was evaluated as (''!='').
   5:6>Target "PreBuildEvent" skipped, due to false condition; ('$(PreBuildEvent)'!='') was evaluated as (''!='').
   3:7>Target "_SetExternalWin32ManifestProperties" skipped, due to false condition; ('$(GenerateClickOnceManifests)'=='true' or '@(NativeReference)'!='' or '@(ResolvedIsolatedComModules)'!='') was evaluated as (''=='true' or ''!='' or ''!='').
   5:6>Target "BeforeResolveReferences" in file "C:\Program Files\dotnet\sdk\8.0.302\Microsoft.Common.CurrentVersion.targets" from project "D:\Tito Pedraza\OneDrive\Proyectos\Codigo Fuente\repos\HumanCore\src\TalenHuman.API\TalenHuman.API.csproj" (target "ResolveReferences" depends on it):
   5:6>Done building target "BeforeResolveReferences" in project "TalenHuman.API.csproj".
   3:7>Target "_SetEmbeddedWin32ManifestProperties" in file "C:\Program Files\dotnet\sdk\8.0.302\Microsoft.Common.CurrentVersion.targets" from project "D:\Tito Pedraza\OneDrive\Proyectos\Codigo Fuente\repos\HumanCore\src\TalenHuman.Domain\TalenHuman.Domain.csproj" (target "SetWin32ManifestProperties" depends on it):
   3:7>Using "GetFrameworkPath" task from assembly "Microsoft.Build.Tasks.Core, Version=15.1.0.0, Culture=neutral, PublicKeyToken=b03f5f7f11d50a3a".
       Task "GetFrameworkPath"
       Done executing task "GetFrameworkPath".
   5:6>Target "IgnoreJavaScriptOutputAssembly" in file "C:\Program Files\dotnet\sdk\8.0.302\Microsoft.Common.CurrentVersion.targets" from project "D:\Tito Pedraza\OneDrive\Proyectos\Codigo Fuente\repos\HumanCore\src\TalenHuman.API\TalenHuman.API.csproj" (target "AssignProjectConfiguration" depends on it):
   5:6>Done building target "IgnoreJavaScriptOutputAssembly" in project "TalenHuman.API.csproj".
       Target "ProcessFrameworkReferences" skipped. Previously built successfully.
   3:7>Done building target "_SetEmbeddedWin32ManifestProperties" in project "TalenHuman.Domain.csproj".
   5:6>Target "_DefaultMicrosoftNETPlatformLibrary" in file "C:\Program Files\dotnet\sdk\8.0.302\Sdks\Microsoft.NET.Sdk\targets\Microsoft.NET.Sdk.Shared.targets" from project "D:\Tito Pedraza\OneDrive\Proyectos\Codigo Fuente\repos\HumanCore\src\TalenHuman.API\TalenHuman.API.csproj" (target "ResolvePackageAssets" depends on it):
   5:6>Done building target "_DefaultMicrosoftNETPlatformLibrary" in project "TalenHuman.API.csproj".
   3:7>Target "SetWin32ManifestProperties" in file "C:\Program Files\dotnet\sdk\8.0.302\Microsoft.Common.CurrentVersion.targets" from project "D:\Tito Pedraza\OneDrive\Proyectos\Codigo Fuente\repos\HumanCore\src\TalenHuman.Domain\TalenHuman.Domain.csproj" (target "Compile" depends on it):
   3:7>Done building target "SetWin32ManifestProperties" in project "TalenHuman.Domain.csproj".
       Target "FindReferenceAssembliesForReferences" skipped. Previously built successfully.
   3:7>Target "_GenerateCompileInputs" in file "C:\Program Files\dotnet\sdk\8.0.302\Microsoft.Common.CurrentVersion.targets" from project "D:\Tito Pedraza\OneDrive\Proyectos\Codigo Fuente\repos\HumanCore\src\TalenHuman.Domain\TalenHuman.Domain.csproj" (target "Compile" depends on it):
       Task "Warning" skipped, due to false condition; ('@(ManifestResourceWithNoCulture)'!='' and '%(ManifestResourceWithNoCulture.EmittedForCompatibilityOnly)'=='') was evaluated as (''!='' and ''=='').
       Task "Warning" skipped, due to false condition; ('@(ManifestNonResxWithNoCultureOnDisk)'!='' and '%(ManifestNonResxWithNoCultureOnDisk.EmittedForCompatibilityOnly)'=='') was evaluated as (''!='' and ''=='').
   3:7>Done building target "_GenerateCompileInputs" in project "TalenHuman.Domain.csproj".
       Target "PrepareForBuild" skipped. Previously built successfully.
   3:7>Target "GenerateMSBuildEditorConfigFileShouldRun" in file "C:\Program Files\dotnet\sdk\8.0.302\Roslyn\Microsoft.Managed.Core.targets" from project "D:\Tito Pedraza\OneDrive\Proyectos\Codigo Fuente\repos\HumanCore\src\TalenHuman.Domain\TalenHuman.Domain.csproj" (target "GenerateMSBuildEditorConfigFile" depends on it):
   3:7>Done building target "GenerateMSBuildEditorConfigFileShouldRun" in project "TalenHuman.Domain.csproj".
   3:7>Target "GenerateMSBuildEditorConfigFileCore" in file "C:\Program Files\dotnet\sdk\8.0.302\Roslyn\Microsoft.Managed.Core.targets" from project "D:\Tito Pedraza\OneDrive\Proyectos\Codigo Fuente\repos\HumanCore\src\TalenHuman.Domain\TalenHuman.Domain.csproj" (target "GenerateMSBuildEditorConfigFile" depends on it):
       Building target "GenerateMSBuildEditorConfigFileCore" completely.
       No input files were specified.
       Using "GenerateMSBuildEditorConfig" task from assembly "C:\Program Files\dotnet\sdk\8.0.302\Roslyn\Microsoft.Build.Tasks.CodeAnalysis.dll".
       Task "GenerateMSBuildEditorConfig"
       Done executing task "GenerateMSBuildEditorConfig".
   3:7>Done building target "GenerateMSBuildEditorConfigFileCore" in project "TalenHuman.Domain.csproj".
   3:7>Target "GenerateMSBuildEditorConfigFile" in file "C:\Program Files\dotnet\sdk\8.0.302\Roslyn\Microsoft.Managed.Core.targets" from project "D:\Tito Pedraza\OneDrive\Proyectos\Codigo Fuente\repos\HumanCore\src\TalenHuman.Domain\TalenHuman.Domain.csproj" (target "BeforeCompile" depends on it):
   3:7>Done building target "GenerateMSBuildEditorConfigFile" in project "TalenHuman.Domain.csproj".
       Target "PrepareForBuild" skipped. Previously built successfully.
   5:6>Target "_ComputePackageReferencePublish" in file "C:\Program Files\dotnet\sdk\8.0.302\Sdks\Microsoft.NET.Sdk\targets\Microsoft.NET.Sdk.Shared.targets" from project "D:\Tito Pedraza\OneDrive\Proyectos\Codigo Fuente\repos\HumanCore\src\TalenHuman.API\TalenHuman.API.csproj" (target "ResolvePackageAssets" depends on it):
   5:6>Done building target "_ComputePackageReferencePublish" in project "TalenHuman.API.csproj".
   3:7>Target "GetReferenceAssemblyPaths" skipped. Previously built successfully.
   5:6>Target "_ResolveCompilerVersion" skipped, due to false condition; ('$(CompilerApiVersion)' == '' And
                     ('$(Language)' == 'C#' Or '$(Language)' == 'VB') And
                     Exists('$(RoslynTargetsPath)\Microsoft.Build.Tasks.CodeAnalysis.dll')) was evaluated as ('roslyn4.10' == '' And
                     ('C#' == 'C#' Or 'C#' == 'VB') And
                     Exists('C:\Program Files\dotnet\sdk\8.0.302\Roslyn\Microsoft.Build.Tasks.CodeAnalysis.dll')).
   3:7>Target "_SetTargetFrameworkMonikerAttribute" in file "C:\Program Files\dotnet\sdk\8.0.302\Microsoft.CSharp.CurrentVersion.targets" from project "D:\Tito Pedraza\OneDrive\Proyectos\Codigo Fuente\repos\HumanCore\src\TalenHuman.Domain\TalenHuman.Domain.csproj" (target "GenerateTargetFrameworkMonikerAttribute" depends on it):
   3:7>Done building target "_SetTargetFrameworkMonikerAttribute" in project "TalenHuman.Domain.csproj".
   3:7>Target "GenerateTargetFrameworkMonikerAttribute" in file "C:\Program Files\dotnet\sdk\8.0.302\Microsoft.Common.CurrentVersion.targets" from project "D:\Tito Pedraza\OneDrive\Proyectos\Codigo Fuente\repos\HumanCore\src\TalenHuman.Domain\TalenHuman.Domain.csproj" (target "BeforeCompile" depends on it):
       Skipping target "GenerateTargetFrameworkMonikerAttribute" because all output files are up-to-date with respect to the input files.
       Input files: C:\Program Files\dotnet\sdk\8.0.302\Microsoft.Common.targets
       Output files: obj\Debug\net8.0\.NETCoreApp,Version=v8.0.AssemblyAttributes.cs
   3:7>Done building target "GenerateTargetFrameworkMonikerAttribute" in project "TalenHuman.Domain.csproj".
       Target "GenerateAdditionalSources" skipped, due to false condition; ('@(AssemblyAttributes)' != '' and '$(GenerateAdditionalSources)' == 'true') was evaluated as ('' != '' and '' == 'true').
       Target "PrepareForBuild" skipped. Previously built successfully.
   3:7>Target "GetAssemblyVersion" in file "C:\Program Files\dotnet\sdk\8.0.302\Sdks\Microsoft.NET.Sdk\targets\Microsoft.NET.GenerateAssemblyInfo.targets" from project "D:\Tito Pedraza\OneDrive\Proyectos\Codigo Fuente\repos\HumanCore\src\TalenHuman.Domain\TalenHuman.Domain.csproj" (target "GetAssemblyAttributes" depends on it):
       Using "GetAssemblyVersion" task from assembly "C:\Program Files\dotnet\sdk\8.0.302\Sdks\Microsoft.NET.Sdk\targets\..\tools\net8.0\Microsoft.NET.Build.Tasks.dll".
       Task "GetAssemblyVersion"
       Done executing task "GetAssemblyVersion".
   3:7>Done building target "GetAssemblyVersion" in project "TalenHuman.Domain.csproj".
   5:6>Target "ResolvePackageAssets" in file "C:\Program Files\dotnet\sdk\8.0.302\Sdks\Microsoft.NET.Sdk\targets\Microsoft.PackageDependencyResolution.targets" from project "D:\Tito Pedraza\OneDrive\Proyectos\Codigo Fuente\repos\HumanCore\src\TalenHuman.API\TalenHuman.API.csproj" (target "ResolveLockFileReferences" depends on it):
   5:6>Using "ResolvePackageAssets" task from assembly "C:\Program Files\dotnet\sdk\8.0.302\Sdks\Microsoft.NET.Sdk\targets\..\tools\net8.0\Microsoft.NET.Build.Tasks.dll".
       Task "ResolvePackageAssets"
   3:7>Target "GetAssemblyVersion" skipped. Previously built successfully.
   3:7>Target "InitializeSourceControlInformationFromSourceControlManager" in file "C:\Program Files\dotnet\sdk\8.0.302\Sdks\Microsoft.Build.Tasks.Git\build\Microsoft.Build.Tasks.Git.targets" from project "D:\Tito Pedraza\OneDrive\Proyectos\Codigo Fuente\repos\HumanCore\src\TalenHuman.Domain\TalenHuman.Domain.csproj" (target "_InitializeSourceControlInformationFromSourceControlManager" depends on it):
       Using "Microsoft.Build.Tasks.Git.LocateRepository" task from assembly "C:\Program Files\dotnet\sdk\8.0.302\Sdks\Microsoft.Build.Tasks.Git\build\..\tools\core\Microsoft.Build.Tasks.Git.dll".
       Task "Microsoft.Build.Tasks.Git.LocateRepository"
         SourceLink: Repository instance not found in cache: '*:D:\Tito Pedraza\OneDrive\Proyectos\Codigo Fuente\repos\HumanCore\.git'
       Done executing task "Microsoft.Build.Tasks.Git.LocateRepository".
   3:7>Done building target "InitializeSourceControlInformationFromSourceControlManager" in project "TalenHuman.Domain.csproj".
   3:7>Target "_SourceLinkHasSingleProvider" in file "C:\Program Files\dotnet\sdk\8.0.302\Sdks\Microsoft.SourceLink.Common\build\InitializeSourceControlInformation.targets" from project "D:\Tito Pedraza\OneDrive\Proyectos\Codigo Fuente\repos\HumanCore\src\TalenHuman.Domain\TalenHuman.Domain.csproj" (target "_InitializeSourceControlInformationFromSourceControlManager" depends on it):
       Using "Microsoft.SourceLink.Common.SourceLinkHasSingleProvider" task from assembly "C:\Program Files\dotnet\sdk\8.0.302\Sdks\Microsoft.SourceLink.Common\build\..\tools\core\Microsoft.SourceLink.Common.dll".
       Task "Microsoft.SourceLink.Common.SourceLinkHasSingleProvider"
       Done executing task "Microsoft.SourceLink.Common.SourceLinkHasSingleProvider".
   3:7>Done building target "_SourceLinkHasSingleProvider" in project "TalenHuman.Domain.csproj".
   3:7>Target "TranslateGitHubUrlsInSourceControlInformation" in file "C:\Program Files\dotnet\sdk\8.0.302\Sdks\Microsoft.SourceLink.GitHub\build\Microsoft.SourceLink.GitHub.targets" from project "D:\Tito Pedraza\OneDrive\Proyectos\Codigo Fuente\repos\HumanCore\src\TalenHuman.Domain\TalenHuman.Domain.csproj" (target "_InitializeSourceControlInformationFromSourceControlManager" depends on it):
       Using "Microsoft.SourceLink.GitHub.TranslateRepositoryUrls" task from assembly "C:\Program Files\dotnet\sdk\8.0.302\Sdks\Microsoft.SourceLink.GitHub\build\..\tools\core\Microsoft.SourceLink.GitHub.dll".
       Task "Microsoft.SourceLink.GitHub.TranslateRepositoryUrls"
       Done executing task "Microsoft.SourceLink.GitHub.TranslateRepositoryUrls".
   3:7>Done building target "TranslateGitHubUrlsInSourceControlInformation" in project "TalenHuman.Domain.csproj".
   3:7>Target "TranslateGitLabUrlsInSourceControlInformation" in file "C:\Program Files\dotnet\sdk\8.0.302\Sdks\Microsoft.SourceLink.GitLab\build\Microsoft.SourceLink.GitLab.targets" from project "D:\Tito Pedraza\OneDrive\Proyectos\Codigo Fuente\repos\HumanCore\src\TalenHuman.Domain\TalenHuman.Domain.csproj" (target "_InitializeSourceControlInformationFromSourceControlManager" depends on it):
       Using "Microsoft.SourceLink.GitLab.TranslateRepositoryUrls" task from assembly "C:\Program Files\dotnet\sdk\8.0.302\Sdks\Microsoft.SourceLink.GitLab\build\..\tools\core\Microsoft.SourceLink.GitLab.dll".
       Task "Microsoft.SourceLink.GitLab.TranslateRepositoryUrls"
       Done executing task "Microsoft.SourceLink.GitLab.TranslateRepositoryUrls".
   3:7>Done building target "TranslateGitLabUrlsInSourceControlInformation" in project "TalenHuman.Domain.csproj".
   3:7>Target "TranslateAzureReposGitUrlsInSourceControlInformation" in file "C:\Program Files\dotnet\sdk\8.0.302\Sdks\Microsoft.SourceLink.AzureRepos.Git\build\Microsoft.SourceLink.AzureRepos.Git.targets" from project "D:\Tito Pedraza\OneDrive\Proyectos\Codigo Fuente\repos\HumanCore\src\TalenHuman.Domain\TalenHuman.Domain.csproj" (target "_InitializeSourceControlInformationFromSourceControlManager" depends on it):
       Using "Microsoft.SourceLink.AzureRepos.Git.TranslateRepositoryUrls" task from assembly "C:\Program Files\dotnet\sdk\8.0.302\Sdks\Microsoft.SourceLink.AzureRepos.Git\build\..\tools\core\Microsoft.SourceLink.AzureRepos.Git.dll".
       Task "Microsoft.SourceLink.AzureRepos.Git.TranslateRepositoryUrls"
       Done executing task "Microsoft.SourceLink.AzureRepos.Git.TranslateRepositoryUrls".
   3:7>Done building target "TranslateAzureReposGitUrlsInSourceControlInformation" in project "TalenHuman.Domain.csproj".
   3:7>Target "TranslateBitbucketGitUrlsInSourceControlInformation" in file "C:\Program Files\dotnet\sdk\8.0.302\Sdks\Microsoft.SourceLink.Bitbucket.Git\build\Microsoft.SourceLink.Bitbucket.Git.targets" from project "D:\Tito Pedraza\OneDrive\Proyectos\Codigo Fuente\repos\HumanCore\src\TalenHuman.Domain\TalenHuman.Domain.csproj" (target "_InitializeSourceControlInformationFromSourceControlManager" depends on it):
       Using "Microsoft.SourceLink.Bitbucket.Git.TranslateRepositoryUrls" task from assembly "C:\Program Files\dotnet\sdk\8.0.302\Sdks\Microsoft.SourceLink.Bitbucket.Git\build\..\tools\core\Microsoft.SourceLink.Bitbucket.Git.dll".
       Task "Microsoft.SourceLink.Bitbucket.Git.TranslateRepositoryUrls"
       Done executing task "Microsoft.SourceLink.Bitbucket.Git.TranslateRepositoryUrls".
   3:7>Done building target "TranslateBitbucketGitUrlsInSourceControlInformation" in project "TalenHuman.Domain.csproj".
   3:7>Target "SourceControlManagerPublishTranslatedUrls" in file "C:\Program Files\dotnet\sdk\8.0.302\Sdks\Microsoft.SourceLink.Common\build\InitializeSourceControlInformation.targets" from project "D:\Tito Pedraza\OneDrive\Proyectos\Codigo Fuente\repos\HumanCore\src\TalenHuman.Domain\TalenHuman.Domain.csproj" (target "_InitializeSourceControlInformationFromSourceControlManager" depends on it):
   3:7>Done building target "SourceControlManagerPublishTranslatedUrls" in project "TalenHuman.Domain.csproj".
   3:7>Target "_InitializeSourceControlInformationFromSourceControlManager" in file "C:\Program Files\dotnet\sdk\8.0.302\Sdks\Microsoft.SourceLink.Common\build\InitializeSourceControlInformation.targets" from project "D:\Tito Pedraza\OneDrive\Proyectos\Codigo Fuente\repos\HumanCore\src\TalenHuman.Domain\TalenHuman.Domain.csproj" (target "InitializeSourceControlInformation" depends on it):
   3:7>Done building target "_InitializeSourceControlInformationFromSourceControlManager" in project "TalenHuman.Domain.csproj".
   3:7>Target "InitializeSourceControlInformation" in file "C:\Program Files\dotnet\sdk\8.0.302\Microsoft.Common.CurrentVersion.targets" from project "D:\Tito Pedraza\OneDrive\Proyectos\Codigo Fuente\repos\HumanCore\src\TalenHuman.Domain\TalenHuman.Domain.csproj" (target "AddSourceRevisionToInformationalVersion" depends on it):
   3:7>Done building target "InitializeSourceControlInformation" in project "TalenHuman.Domain.csproj".
   3:7>Target "AddSourceRevisionToInformationalVersion" in file "C:\Program Files\dotnet\sdk\8.0.302\Sdks\Microsoft.NET.Sdk\targets\Microsoft.NET.GenerateAssemblyInfo.targets" from project "D:\Tito Pedraza\OneDrive\Proyectos\Codigo Fuente\repos\HumanCore\src\TalenHuman.Domain\TalenHuman.Domain.csproj" (target "GetAssemblyAttributes" depends on it):
   3:7>Done building target "AddSourceRevisionToInformationalVersion" in project "TalenHuman.Domain.csproj".
       Target "_GetUserSecretsAssemblyAttribute" skipped, due to false condition; ( '$(UserSecretsId)' != '' AND '$(GenerateUserSecretsAttribute)' != 'false' AND '$(GeneratedUserSecretsAttributeFile)' == '' ) was evaluated as ( '' != '' AND '' != 'false' AND '' == '' ).
   3:7>Target "GetAssemblyAttributes" in file "C:\Program Files\dotnet\sdk\8.0.302\Sdks\Microsoft.NET.Sdk\targets\Microsoft.NET.GenerateAssemblyInfo.targets" from project "D:\Tito Pedraza\OneDrive\Proyectos\Codigo Fuente\repos\HumanCore\src\TalenHuman.Domain\TalenHuman.Domain.csproj" (target "CreateGeneratedAssemblyInfoInputsCacheFile" depends on it):
   3:7>Done building target "GetAssemblyAttributes" in project "TalenHuman.Domain.csproj".
   3:7>Target "CreateGeneratedAssemblyInfoInputsCacheFile" in file "C:\Program Files\dotnet\sdk\8.0.302\Sdks\Microsoft.NET.Sdk\targets\Microsoft.NET.GenerateAssemblyInfo.targets" from project "D:\Tito Pedraza\OneDrive\Proyectos\Codigo Fuente\repos\HumanCore\src\TalenHuman.Domain\TalenHuman.Domain.csproj" (target "CoreGenerateAssemblyInfo" depends on it):
       Using "Hash" task from assembly "Microsoft.Build.Tasks.Core, Version=15.1.0.0, Culture=neutral, PublicKeyToken=b03f5f7f11d50a3a".
       Task "Hash"
       Done executing task "Hash".
       Task "WriteLinesToFile"
         Skipping write to file "obj\Debug\net8.0\TalenHuman.Domain.AssemblyInfoInputs.cache" because content would not change.
       Done executing task "WriteLinesToFile".
   3:7>Done building target "CreateGeneratedAssemblyInfoInputsCacheFile" in project "TalenHuman.Domain.csproj".
   3:7>Target "CoreGenerateAssemblyInfo" in file "C:\Program Files\dotnet\sdk\8.0.302\Sdks\Microsoft.NET.Sdk\targets\Microsoft.NET.GenerateAssemblyInfo.targets" from project "D:\Tito Pedraza\OneDrive\Proyectos\Codigo Fuente\repos\HumanCore\src\TalenHuman.Domain\TalenHuman.Domain.csproj" (target "GenerateAssemblyInfo" depends on it):
       Skipping target "CoreGenerateAssemblyInfo" because all output files are up-to-date with respect to the input files.
       Input files: obj\Debug\net8.0\TalenHuman.Domain.AssemblyInfoInputs.cache
       Output files: obj\Debug\net8.0\TalenHuman.Domain.AssemblyInfo.cs
   3:7>Done building target "CoreGenerateAssemblyInfo" in project "TalenHuman.Domain.csproj".
   3:7>Target "GenerateAssemblyInfo" in file "C:\Program Files\dotnet\sdk\8.0.302\Sdks\Microsoft.NET.Sdk\targets\Microsoft.NET.GenerateAssemblyInfo.targets" from project "D:\Tito Pedraza\OneDrive\Proyectos\Codigo Fuente\repos\HumanCore\src\TalenHuman.Domain\TalenHuman.Domain.csproj" (target "BeforeCompile" depends on it):
   3:7>Done building target "GenerateAssemblyInfo" in project "TalenHuman.Domain.csproj".
   3:7>Target "BeforeCompile" in file "C:\Program Files\dotnet\sdk\8.0.302\Microsoft.Common.CurrentVersion.targets" from project "D:\Tito Pedraza\OneDrive\Proyectos\Codigo Fuente\repos\HumanCore\src\TalenHuman.Domain\TalenHuman.Domain.csproj" (target "Compile" depends on it):
   3:7>Done building target "BeforeCompile" in project "TalenHuman.Domain.csproj".
       Target "_TimeStampBeforeCompile" skipped, due to false condition; ('$(RunPostBuildEvent)'=='OnOutputUpdated' or ('$(RegisterForComInterop)'=='true' and '$(OutputType)'=='library')) was evaluated as (''=='OnOutputUpdated' or (''=='true' and 'Library'=='library')).
       Target "ResolveAssemblyReferences" skipped. Previously built successfully.
   3:7>Target "_GenerateCompileDependencyCache" in file "C:\Program Files\dotnet\sdk\8.0.302\Microsoft.Common.CurrentVersion.targets" from project "D:\Tito Pedraza\OneDrive\Proyectos\Codigo Fuente\repos\HumanCore\src\TalenHuman.Domain\TalenHuman.Domain.csproj" (target "Compile" depends on it):
       Task "Hash"
       Done executing task "Hash".
       Task "WriteLinesToFile"
         Skipping write to file "obj\Debug\net8.0\TalenHuman.Domain.csproj.CoreCompileInputs.cache" because content would not change.
       Done executing task "WriteLinesToFile".
   3:7>Done building target "_GenerateCompileDependencyCache" in project "TalenHuman.Domain.csproj".
       Target "_ComputeNonExistentFileProperty" skipped, due to false condition; (('$(BuildingInsideVisualStudio)' == 'true') and ('$(BuildingOutOfProcess)' != 'true') and (('$(BuildingProject)' == 'false') or ('$(UseHostCompilerIfAvailable)' == 'true'))) was evaluated as (('' == 'true') and ('' != 'true') and (('true' == 'false') or ('true' == 'true'))).
       Target "ResolveCodeAnalysisRuleSet" skipped, due to false condition; ('$(CodeAnalysisRuleSet)' != '') was evaluated as ('' != '').
       Target "ShimReferencePathsWhenCommonTargetsDoesNotUnderstandReferenceAssemblies" skipped, due to false condition; ('@(ReferencePathWithRefAssemblies)' == '') was evaluated as ('C:\Users\messa\.nuget\packages\microsoft.aspnetcore.cryptography.internal\8.0.11\lib\net8.0\Microsoft.AspNetCore.Cryptography.Internal.dll;C:\Users\messa\.nuget\packages\microsoft.aspnetcore.cryptography.keyderivation\8.0.11\lib\net8.0\Microsoft.AspNetCore.Cryptography.KeyDerivation.dll;C:\Program Files\dotnet\packs\Microsoft.NETCore.App.Ref\8.0.6\ref\net8.0\Microsoft.CSharp.dll;...' == '').
   3:7>Target "_BeforeVBCSCoreCompile" in file "C:\Program Files\dotnet\sdk\8.0.302\Roslyn\Microsoft.Managed.Core.targets" from project "D:\Tito Pedraza\OneDrive\Proyectos\Codigo Fuente\repos\HumanCore\src\TalenHuman.Domain\TalenHuman.Domain.csproj" (target "CoreCompile" depends on it):
   3:7>Done building target "_BeforeVBCSCoreCompile" in project "TalenHuman.Domain.csproj".
       Target "AdjustDefaultPlatformTargetForNetFrameworkExeWithNoNativeCopyLocalItems" skipped, due to false condition; ('$(_UsingDefaultPlatformTarget)' == 'true' and
                            '$(_UsingDefaultRuntimeIdentifier)' == 'true') was evaluated as ('true' == 'true' and
                            '' == 'true').
       Target "_DisableDiagnosticTracing" skipped, due to false condition; ('$(DisableDiagnosticTracing)' == 'true') was evaluated as ('' == 'true').
       Target "GenerateTargetPlatformDefineConstants" skipped, due to false condition; ( '$(DisableImplicitFrameworkDefines)' != 'true' and '$(TargetPlatformIdentifier)' != '' and '$(TargetFrameworkIdentifier)' == '.NETCoreApp' and $([MSBuild]::VersionGreaterThanOrEquals($(TargetFrameworkVersion), 5.0)) ) was evaluated as ( '' != 'true' and '' != '' and '.NETCoreApp' == '.NETCoreApp' and True ).
   3:7>Target "GenerateNETCompatibleDefineConstants" in file "C:\Program Files\dotnet\sdk\8.0.302\Sdks\Microsoft.NET.Sdk\targets\Microsoft.NET.Sdk.BeforeCommon.targets" from project "D:\Tito Pedraza\OneDrive\Proyectos\Codigo Fuente\repos\HumanCore\src\TalenHuman.Domain\TalenHuman.Domain.csproj" (target "AddImplicitDefineConstants" depends on it):
   3:7>Done building target "GenerateNETCompatibleDefineConstants" in project "TalenHuman.Domain.csproj".
       Target "GeneratePlatformCompatibleDefineConstants" skipped, due to false condition; ( '$(DisableImplicitFrameworkDefines)' != 'true' and '$(TargetPlatformIdentifier)' != '' and '$(TargetFrameworkIdentifier)' == '.NETCoreApp' and $([MSBuild]::VersionGreaterThanOrEquals($(TargetFrameworkVersion), 5.0)) ) was evaluated as ( '' != 'true' and '' != '' and '.NETCoreApp' == '.NETCoreApp' and True ).
       Target "_DisableDiagnosticTracing" skipped, due to false condition; ('$(DisableDiagnosticTracing)' == 'true') was evaluated as ('' == 'true').
   3:7>Target "AddImplicitDefineConstants" in file "C:\Program Files\dotnet\sdk\8.0.302\Sdks\Microsoft.NET.Sdk\targets\Microsoft.NET.Sdk.BeforeCommon.targets" from project "D:\Tito Pedraza\OneDrive\Proyectos\Codigo Fuente\repos\HumanCore\src\TalenHuman.Domain\TalenHuman.Domain.csproj" (target "CoreCompile" depends on it):
   3:7>Done building target "AddImplicitDefineConstants" in project "TalenHuman.Domain.csproj".
       Target "ShimReferencePathsWhenCommonTargetsDoesNotUnderstandReferenceAssemblies" skipped, due to false condition; ('@(ReferencePathWithRefAssemblies)' == '') was evaluated as ('C:\Users\messa\.nuget\packages\microsoft.aspnetcore.cryptography.internal\8.0.11\lib\net8.0\Microsoft.AspNetCore.Cryptography.Internal.dll;C:\Users\messa\.nuget\packages\microsoft.aspnetcore.cryptography.keyderivation\8.0.11\lib\net8.0\Microsoft.AspNetCore.Cryptography.KeyDerivation.dll;C:\Program Files\dotnet\packs\Microsoft.NETCore.App.Ref\8.0.6\ref\net8.0\Microsoft.CSharp.dll;...' == '').
   3:7>Target "_ComputeSkipAnalyzers" in file "C:\Program Files\dotnet\sdk\8.0.302\Roslyn\Microsoft.Managed.Core.targets" from project "D:\Tito Pedraza\OneDrive\Proyectos\Codigo Fuente\repos\HumanCore\src\TalenHuman.Domain\TalenHuman.Domain.csproj" (target "CoreCompile" depends on it):
       Task "ShowMessageForImplicitlySkipAnalyzers" skipped, due to false condition; ('$(_ImplicitlySkipAnalyzers)' == 'true') was evaluated as ('' == 'true').
   3:7>Done building target "_ComputeSkipAnalyzers" in project "TalenHuman.Domain.csproj".
       Target "_SetPathMapFromSourceRoots" skipped, due to false condition; ('$(DeterministicSourcePaths)' == 'true') was evaluated as ('' == 'true').
       Target "CreateCompilerGeneratedFilesOutputPath" skipped, due to false condition; ('$(EmitCompilerGeneratedFiles)' == 'true' and !('$(DesignTimeBuild)' == 'true' OR '$(BuildingProject)' != 'true')) was evaluated as ('false' == 'true' and !('' == 'true' OR 'true' != 'true')).
       Target "BeforeCompile" skipped. Previously built successfully.
       Target "InitializeSourceControlInformationFromSourceControlManager" skipped. Previously built successfully.
   3:7>Target "SetEmbeddedFilesFromSourceControlManagerUntrackedFiles" in file "C:\Program Files\dotnet\sdk\8.0.302\Sdks\Microsoft.Build.Tasks.Git\build\Microsoft.Build.Tasks.Git.targets" from project "D:\Tito Pedraza\OneDrive\Proyectos\Codigo Fuente\repos\HumanCore\src\TalenHuman.Domain\TalenHuman.Domain.csproj" (target "_SetEmbeddedFilesFromSourceControlManagerUntrackedFiles" depends on it):
       Using "Microsoft.Build.Tasks.Git.GetUntrackedFiles" task from assembly "C:\Program Files\dotnet\sdk\8.0.302\Sdks\Microsoft.Build.Tasks.Git\build\..\tools\core\Microsoft.Build.Tasks.Git.dll".
       Task "Microsoft.Build.Tasks.Git.GetUntrackedFiles"
         SourceLink: Reusing cached git repository information.
       Done executing task "Microsoft.Build.Tasks.Git.GetUntrackedFiles".
   3:7>Done building target "SetEmbeddedFilesFromSourceControlManagerUntrackedFiles" in project "TalenHuman.Domain.csproj".
   3:7>Target "_SetEmbeddedFilesFromSourceControlManagerUntrackedFiles" in file "C:\Program Files\dotnet\sdk\8.0.302\Sdks\Microsoft.SourceLink.Common\build\Microsoft.SourceLink.Common.targets" from project "D:\Tito Pedraza\OneDrive\Proyectos\Codigo Fuente\repos\HumanCore\src\TalenHuman.Domain\TalenHuman.Domain.csproj" (target "CoreCompile" depends on it):
   3:7>Done building target "_SetEmbeddedFilesFromSourceControlManagerUntrackedFiles" in project "TalenHuman.Domain.csproj".
       Target "InitializeSourceControlInformation" skipped. Previously built successfully.
   3:7>Target "_SetSourceLinkFilePath" in file "C:\Program Files\dotnet\sdk\8.0.302\Sdks\Microsoft.SourceLink.Common\build\Microsoft.SourceLink.Common.targets" from project "D:\Tito Pedraza\OneDrive\Proyectos\Codigo Fuente\repos\HumanCore\src\TalenHuman.Domain\TalenHuman.Domain.csproj" (target "_GenerateSourceLinkFile" depends on it):
   3:7>Done building target "_SetSourceLinkFilePath" in project "TalenHuman.Domain.csproj".
       Target "InitializeSourceControlInformation" skipped. Previously built successfully.
   3:7>Target "_InitializeSourceRootMappedPathsFromSourceControl" in file "C:\Program Files\dotnet\sdk\8.0.302\Roslyn\Microsoft.Managed.Core.targets" from project "D:\Tito Pedraza\OneDrive\Proyectos\Codigo Fuente\repos\HumanCore\src\TalenHuman.Domain\TalenHuman.Domain.csproj" (target "InitializeSourceRootMappedPaths" depends on it):
   3:7>Done building target "_InitializeSourceRootMappedPathsFromSourceControl" in project "TalenHuman.Domain.csproj".
   5:6>Done executing task "ResolvePackageAssets".
   3:7>Target "InitializeSourceRootMappedPaths" in file "C:\Program Files\dotnet\sdk\8.0.302\Roslyn\Microsoft.Managed.Core.targets" from project "D:\Tito Pedraza\OneDrive\Proyectos\Codigo Fuente\repos\HumanCore\src\TalenHuman.Domain\TalenHuman.Domain.csproj" (target "_InitializeSourceRootMappedPathsOpt" depends on it):
   3:7>Using "Microsoft.CodeAnalysis.BuildTasks.MapSourceRoots" task from assembly "C:\Program Files\dotnet\sdk\8.0.302\Roslyn\Microsoft.Build.Tasks.CodeAnalysis.dll".
       Task "Microsoft.CodeAnalysis.BuildTasks.MapSourceRoots"
       Done executing task "Microsoft.CodeAnalysis.BuildTasks.MapSourceRoots".
   3:7>Done building target "InitializeSourceRootMappedPaths" in project "TalenHuman.Domain.csproj".
   3:7>Target "_InitializeSourceRootMappedPathsOpt" in file "C:\Program Files\dotnet\sdk\8.0.302\Sdks\Microsoft.SourceLink.Common\build\Microsoft.SourceLink.Common.targets" from project "D:\Tito Pedraza\OneDrive\Proyectos\Codigo Fuente\repos\HumanCore\src\TalenHuman.Domain\TalenHuman.Domain.csproj" (target "_GenerateSourceLinkFile" depends on it):
   3:7>Done building target "_InitializeSourceRootMappedPathsOpt" in project "TalenHuman.Domain.csproj".
   5:6>Done building target "ResolvePackageAssets" in project "TalenHuman.API.csproj".
   3:7>Target "_InitializeGitHubSourceLinkUrl" in file "C:\Program Files\dotnet\sdk\8.0.302\Sdks\Microsoft.SourceLink.GitHub\build\Microsoft.SourceLink.GitHub.targets" from project "D:\Tito Pedraza\OneDrive\Proyectos\Codigo Fuente\repos\HumanCore\src\TalenHuman.Domain\TalenHuman.Domain.csproj" (target "_GenerateSourceLinkFile" depends on it):
   3:7>Building target "_InitializeGitHubSourceLinkUrl" completely.
   5:6>Target "AdjustDefaultPlatformTargetForNetFrameworkExeWithNoNativeCopyLocalItems" skipped, due to false condition; ('$(_UsingDefaultPlatformTarget)' == 'true' and
                     '$(_UsingDefaultRuntimeIdentifier)' == 'true') was evaluated as ('true' == 'true' and
                     '' == 'true').
   3:7>_InitializeGitHubSourceLinkUrl:
       No input files were specified.
       Using "Microsoft.SourceLink.GitHub.GetSourceLinkUrl" task from assembly "C:\Program Files\dotnet\sdk\8.0.302\Sdks\Microsoft.SourceLink.GitHub\build\..\tools\core\Microsoft.SourceLink.GitHub.dll".
   5:6>Target "_CheckForTransitiveWindowsDesktopDependencies" in file "C:\Program Files\dotnet\sdk\8.0.302\Sdks\Microsoft.NET.Sdk\targets\Microsoft.NET.Sdk.DefaultItems.Shared.targets" from project "D:\Tito Pedraza\OneDrive\Proyectos\Codigo Fuente\repos\HumanCore\src\TalenHuman.API\TalenHuman.API.csproj" (target "ResolveLockFileReferences" depends on it):
   5:6>Task "NetSdkError" skipped, due to false condition; ('@(_WindowsDesktopTransitiveFrameworkReference)' != '') was evaluated as ('' != '').
   3:7>Task "Microsoft.SourceLink.GitHub.GetSourceLinkUrl"
   5:6>Done building target "_CheckForTransitiveWindowsDesktopDependencies" in project "TalenHuman.API.csproj".
   3:7>Done executing task "Microsoft.SourceLink.GitHub.GetSourceLinkUrl".
   3:7>Done building target "_InitializeGitHubSourceLinkUrl" in project "TalenHuman.Domain.csproj".
   5:6>Target "AddTransitiveFrameworkReferences" in file "C:\Program Files\dotnet\sdk\8.0.302\Sdks\Microsoft.NET.Sdk\targets\Microsoft.NET.Sdk.FrameworkReferenceResolution.targets" from project "D:\Tito Pedraza\OneDrive\Proyectos\Codigo Fuente\repos\HumanCore\src\TalenHuman.API\TalenHuman.API.csproj" (target "ResolveLockFileReferences" depends on it):
   5:6>Done building target "AddTransitiveFrameworkReferences" in project "TalenHuman.API.csproj".
   3:7>Target "_InitializeGitHubSourceLinkUrl" in file "C:\Program Files\dotnet\sdk\8.0.302\Sdks\Microsoft.SourceLink.GitHub\build\Microsoft.SourceLink.GitHub.targets" from project "D:\Tito Pedraza\OneDrive\Proyectos\Codigo Fuente\repos\HumanCore\src\TalenHuman.Domain\TalenHuman.Domain.csproj" (target "_GenerateSourceLinkFile" depends on it):
   3:7>Building target "_InitializeGitHubSourceLinkUrl" completely.
       No input files were specified.
       Task "Microsoft.SourceLink.GitHub.GetSourceLinkUrl"
       Done executing task "Microsoft.SourceLink.GitHub.GetSourceLinkUrl".
   3:7>Done building target "_InitializeGitHubSourceLinkUrl" in project "TalenHuman.Domain.csproj".
   3:7>Target "_InitializeGitHubSourceLinkUrl" in file "C:\Program Files\dotnet\sdk\8.0.302\Sdks\Microsoft.SourceLink.GitHub\build\Microsoft.SourceLink.GitHub.targets" from project "D:\Tito Pedraza\OneDrive\Proyectos\Codigo Fuente\repos\HumanCore\src\TalenHuman.Domain\TalenHuman.Domain.csproj" (target "_GenerateSourceLinkFile" depends on it):
       Building target "_InitializeGitHubSourceLinkUrl" completely.
       No input files were specified.
       Task "Microsoft.SourceLink.GitHub.GetSourceLinkUrl"
   5:6>Target "ResolveLockFileReferences" in file "C:\Program Files\dotnet\sdk\8.0.302\Sdks\Microsoft.NET.Sdk\targets\Microsoft.PackageDependencyResolution.targets" from project "D:\Tito Pedraza\OneDrive\Proyectos\Codigo Fuente\repos\HumanCore\src\TalenHuman.API\TalenHuman.API.csproj" (target "ResolvePackageDependenciesForBuild" depends on it):
   5:6>Using "JoinItems" task from assembly "C:\Program Files\dotnet\sdk\8.0.302\Sdks\Microsoft.NET.Sdk\targets\..\tools\net8.0\Microsoft.NET.Build.Tasks.dll".
       Task "JoinItems"
   3:7>Done executing task "Microsoft.SourceLink.GitHub.GetSourceLinkUrl".
   3:7>Done building target "_InitializeGitHubSourceLinkUrl" in project "TalenHuman.Domain.csproj".
   3:7>Target "_InitializeGitLabSourceLinkUrl" in file "C:\Program Files\dotnet\sdk\8.0.302\Sdks\Microsoft.SourceLink.GitLab\build\Microsoft.SourceLink.GitLab.targets" from project "D:\Tito Pedraza\OneDrive\Proyectos\Codigo Fuente\repos\HumanCore\src\TalenHuman.Domain\TalenHuman.Domain.csproj" (target "_GenerateSourceLinkFile" depends on it):
       Building target "_InitializeGitLabSourceLinkUrl" completely.
       No input files were specified.
       Using "Microsoft.SourceLink.GitLab.GetSourceLinkUrl" task from assembly "C:\Program Files\dotnet\sdk\8.0.302\Sdks\Microsoft.SourceLink.GitLab\build\..\tools\core\Microsoft.SourceLink.GitLab.dll".
       Task "Microsoft.SourceLink.GitLab.GetSourceLinkUrl"
       Done executing task "Microsoft.SourceLink.GitLab.GetSourceLinkUrl".
   3:7>Done building target "_InitializeGitLabSourceLinkUrl" in project "TalenHuman.Domain.csproj".
   3:7>Target "_InitializeGitLabSourceLinkUrl" in file "C:\Program Files\dotnet\sdk\8.0.302\Sdks\Microsoft.SourceLink.GitLab\build\Microsoft.SourceLink.GitLab.targets" from project "D:\Tito Pedraza\OneDrive\Proyectos\Codigo Fuente\repos\HumanCore\src\TalenHuman.Domain\TalenHuman.Domain.csproj" (target "_GenerateSourceLinkFile" depends on it):
       Building target "_InitializeGitLabSourceLinkUrl" completely.
       No input files were specified.
   5:6>Done executing task "JoinItems".
   3:7>Task "Microsoft.SourceLink.GitLab.GetSourceLinkUrl"
       Done executing task "Microsoft.SourceLink.GitLab.GetSourceLinkUrl".
   3:7>Done building target "_InitializeGitLabSourceLinkUrl" in project "TalenHuman.Domain.csproj".
   3:7>Target "_InitializeGitLabSourceLinkUrl" in file "C:\Program Files\dotnet\sdk\8.0.302\Sdks\Microsoft.SourceLink.GitLab\build\Microsoft.SourceLink.GitLab.targets" from project "D:\Tito Pedraza\OneDrive\Proyectos\Codigo Fuente\repos\HumanCore\src\TalenHuman.Domain\TalenHuman.Domain.csproj" (target "_GenerateSourceLinkFile" depends on it):
       Building target "_InitializeGitLabSourceLinkUrl" completely.
       No input files were specified.
       Task "Microsoft.SourceLink.GitLab.GetSourceLinkUrl"
       Done executing task "Microsoft.SourceLink.GitLab.GetSourceLinkUrl".
   5:6>Done building target "ResolveLockFileReferences" in project "TalenHuman.API.csproj".
   3:7>Done building target "_InitializeGitLabSourceLinkUrl" in project "TalenHuman.Domain.csproj".
   5:6>Target "ResolvePackageAssets" skipped. Previously built successfully.
   5:6>Target "ResolveLockFileAnalyzers" in file "C:\Program Files\dotnet\sdk\8.0.302\Sdks\Microsoft.NET.Sdk\targets\Microsoft.PackageDependencyResolution.targets" from project "D:\Tito Pedraza\OneDrive\Proyectos\Codigo Fuente\repos\HumanCore\src\TalenHuman.API\TalenHuman.API.csproj" (target "ResolvePackageDependenciesForBuild" depends on it):
   5:6>Done building target "ResolveLockFileAnalyzers" in project "TalenHuman.API.csproj".
   3:7>Target "_InitializeAzureReposGitSourceLinkUrl" in file "C:\Program Files\dotnet\sdk\8.0.302\Sdks\Microsoft.SourceLink.AzureRepos.Git\build\Microsoft.SourceLink.AzureRepos.Git.targets" from project "D:\Tito Pedraza\OneDrive\Proyectos\Codigo Fuente\repos\HumanCore\src\TalenHuman.Domain\TalenHuman.Domain.csproj" (target "_GenerateSourceLinkFile" depends on it):
   3:7>Building target "_InitializeAzureReposGitSourceLinkUrl" completely.
   5:6>Target "ResolvePackageAssets" skipped. Previously built successfully.
       Target "RunProduceContentAssets" skipped, due to false condition; ('@(_ContentFilesToPreprocess)' != '' and '$(_CleaningWithoutRebuilding)' != 'true') was evaluated as ('' != '' and '' != 'true').
   3:7>_InitializeAzureReposGitSourceLinkUrl:
       No input files were specified.
       Using "Microsoft.SourceLink.AzureRepos.Git.GetSourceLinkUrl" task from assembly "C:\Program Files\dotnet\sdk\8.0.302\Sdks\Microsoft.SourceLink.AzureRepos.Git\build\..\tools\core\Microsoft.SourceLink.AzureRepos.Git.dll".
       Task "Microsoft.SourceLink.AzureRepos.Git.GetSourceLinkUrl"
       Done executing task "Microsoft.SourceLink.AzureRepos.Git.GetSourceLinkUrl".
   3:7>Done building target "_InitializeAzureReposGitSourceLinkUrl" in project "TalenHuman.Domain.csproj".
   3:7>Target "_InitializeAzureReposGitSourceLinkUrl" in file "C:\Program Files\dotnet\sdk\8.0.302\Sdks\Microsoft.SourceLink.AzureRepos.Git\build\Microsoft.SourceLink.AzureRepos.Git.targets" from project "D:\Tito Pedraza\OneDrive\Proyectos\Codigo Fuente\repos\HumanCore\src\TalenHuman.Domain\TalenHuman.Domain.csproj" (target "_GenerateSourceLinkFile" depends on it):
       Building target "_InitializeAzureReposGitSourceLinkUrl" completely.
       No input files were specified.
       Task "Microsoft.SourceLink.AzureRepos.Git.GetSourceLinkUrl"
       Done executing task "Microsoft.SourceLink.AzureRepos.Git.GetSourceLinkUrl".
   3:7>Done building target "_InitializeAzureReposGitSourceLinkUrl" in project "TalenHuman.Domain.csproj".
   3:7>Target "_InitializeAzureReposGitSourceLinkUrl" in file "C:\Program Files\dotnet\sdk\8.0.302\Sdks\Microsoft.SourceLink.AzureRepos.Git\build\Microsoft.SourceLink.AzureRepos.Git.targets" from project "D:\Tito Pedraza\OneDrive\Proyectos\Codigo Fuente\repos\HumanCore\src\TalenHuman.Domain\TalenHuman.Domain.csproj" (target "_GenerateSourceLinkFile" depends on it):
       Building target "_InitializeAzureReposGitSourceLinkUrl" completely.
       No input files were specified.
       Task "Microsoft.SourceLink.AzureRepos.Git.GetSourceLinkUrl"
       Done executing task "Microsoft.SourceLink.AzureRepos.Git.GetSourceLinkUrl".
   3:7>Done building target "_InitializeAzureReposGitSourceLinkUrl" in project "TalenHuman.Domain.csproj".
   5:6>Target "ResolveLockFileCopyLocalFiles" in file "C:\Program Files\dotnet\sdk\8.0.302\Sdks\Microsoft.NET.Sdk\targets\Microsoft.PackageDependencyResolution.targets" from project "D:\Tito Pedraza\OneDrive\Proyectos\Codigo Fuente\repos\HumanCore\src\TalenHuman.API\TalenHuman.API.csproj" (target "ResolvePackageDependenciesForBuild" depends on it):
   5:6>Done building target "ResolveLockFileCopyLocalFiles" in project "TalenHuman.API.csproj".
       Target "ResolveRuntimePackAssets" skipped, due to false condition; ('@(RuntimePack)' != '') was evaluated as ('' != '').
       Target "RunProduceContentAssets" skipped, due to false condition; ('@(_ContentFilesToPreprocess)' != '' and '$(_CleaningWithoutRebuilding)' != 'true') was evaluated as ('' != '' and '' != 'true').
       Target "ResolvePackageAssets" skipped. Previously built successfully.
   3:7>Target "_InitializeBitbucketGitSourceLinkUrl" in file "C:\Program Files\dotnet\sdk\8.0.302\Sdks\Microsoft.SourceLink.Bitbucket.Git\build\Microsoft.SourceLink.Bitbucket.Git.targets" from project "D:\Tito Pedraza\OneDrive\Proyectos\Codigo Fuente\repos\HumanCore\src\TalenHuman.Domain\TalenHuman.Domain.csproj" (target "_GenerateSourceLinkFile" depends on it):
   3:7>Building target "_InitializeBitbucketGitSourceLinkUrl" completely.
   5:6>Target "IncludeTransitiveProjectReferences" in file "C:\Program Files\dotnet\sdk\8.0.302\Sdks\Microsoft.NET.Sdk\targets\Microsoft.PackageDependencyResolution.targets" from project "D:\Tito Pedraza\OneDrive\Proyectos\Codigo Fuente\repos\HumanCore\src\TalenHuman.API\TalenHuman.API.csproj" (target "ResolvePackageDependenciesForBuild" depends on it):
   5:6>Done building target "IncludeTransitiveProjectReferences" in project "TalenHuman.API.csproj".
   3:7>_InitializeBitbucketGitSourceLinkUrl:
       No input files were specified.
   5:6>Target "ResolvePackageDependenciesForBuild" in file "C:\Program Files\dotnet\sdk\8.0.302\Sdks\Microsoft.NET.Sdk\targets\Microsoft.PackageDependencyResolution.targets" from project "D:\Tito Pedraza\OneDrive\Proyectos\Codigo Fuente\repos\HumanCore\src\TalenHuman.API\TalenHuman.API.csproj" (target "AssignProjectConfiguration" depends on it):
   5:6>Done building target "ResolvePackageDependenciesForBuild" in project "TalenHuman.API.csproj".
       Target "_Microsoft_Extensions_OptionsAnalyzerMultiTargeting" skipped, due to false condition; ('$(SupportsRoslynComponentVersioning)' != 'true') was evaluated as ('true' != 'true').
   3:7>_InitializeBitbucketGitSourceLinkUrl:
       Using "Microsoft.SourceLink.Bitbucket.Git.GetSourceLinkUrl" task from assembly "C:\Program Files\dotnet\sdk\8.0.302\Sdks\Microsoft.SourceLink.Bitbucket.Git\build\..\tools\core\Microsoft.SourceLink.Bitbucket.Git.dll".
   5:6>Target "_Microsoft_Extensions_OptionsRemoveAnalyzers" skipped, due to false condition; ('$(DisableMicrosoftExtensionsOptionsSourceGenerator)' == 'true') was evaluated as ('' == 'true').
       Target "_Microsoft_Extensions_Logging_AbstractionsAnalyzerMultiTargeting" skipped, due to false condition; ('$(SupportsRoslynComponentVersioning)' != 'true') was evaluated as ('true' != 'true').
       Target "_Microsoft_Extensions_Logging_AbstractionsRemoveAnalyzers" skipped, due to false condition; ('$(DisableMicrosoftExtensionsLoggingSourceGenerator)' == 'true') was evaluated as ('' == 'true').
   3:7>Task "Microsoft.SourceLink.Bitbucket.Git.GetSourceLinkUrl"
       Done executing task "Microsoft.SourceLink.Bitbucket.Git.GetSourceLinkUrl".
   3:7>Done building target "_InitializeBitbucketGitSourceLinkUrl" in project "TalenHuman.Domain.csproj".
   5:6>Target "_Microsoft_Extensions_Configuration_Binder_RemoveAnalyzer" in file "C:\Users\messa\.nuget\packages\microsoft.extensions.configuration.binder\9.0.0\buildTransitive\netstandard2.0\Microsoft.Extensions.Configuration.Binder.targets" from project "D:\Tito Pedraza\OneDrive\Proyectos\Codigo Fuente\repos\HumanCore\src\TalenHuman.API\TalenHuman.API.csproj" (target "AssignProjectConfiguration" depends on it):
   5:6>Done building target "_Microsoft_Extensions_Configuration_Binder_RemoveAnalyzer" in project "TalenHuman.API.csproj".
   3:7>Target "_InitializeBitbucketGitSourceLinkUrl" in file "C:\Program Files\dotnet\sdk\8.0.302\Sdks\Microsoft.SourceLink.Bitbucket.Git\build\Microsoft.SourceLink.Bitbucket.Git.targets" from project "D:\Tito Pedraza\OneDrive\Proyectos\Codigo Fuente\repos\HumanCore\src\TalenHuman.Domain\TalenHuman.Domain.csproj" (target "_GenerateSourceLinkFile" depends on it):
   3:7>Building target "_InitializeBitbucketGitSourceLinkUrl" completely.
       No input files were specified.
       Task "Microsoft.SourceLink.Bitbucket.Git.GetSourceLinkUrl"
       Done executing task "Microsoft.SourceLink.Bitbucket.Git.GetSourceLinkUrl".
   3:7>Done building target "_InitializeBitbucketGitSourceLinkUrl" in project "TalenHuman.Domain.csproj".
   3:7>Target "_InitializeBitbucketGitSourceLinkUrl" in file "C:\Program Files\dotnet\sdk\8.0.302\Sdks\Microsoft.SourceLink.Bitbucket.Git\build\Microsoft.SourceLink.Bitbucket.Git.targets" from project "D:\Tito Pedraza\OneDrive\Proyectos\Codigo Fuente\repos\HumanCore\src\TalenHuman.Domain\TalenHuman.Domain.csproj" (target "_GenerateSourceLinkFile" depends on it):
       Building target "_InitializeBitbucketGitSourceLinkUrl" completely.
       No input files were specified.
       Task "Microsoft.SourceLink.Bitbucket.Git.GetSourceLinkUrl"
       Done executing task "Microsoft.SourceLink.Bitbucket.Git.GetSourceLinkUrl".
   3:7>Done building target "_InitializeBitbucketGitSourceLinkUrl" in project "TalenHuman.Domain.csproj".
   3:7>Target "_GenerateSourceLinkFile" in file "C:\Program Files\dotnet\sdk\8.0.302\Sdks\Microsoft.SourceLink.Common\build\Microsoft.SourceLink.Common.targets" from project "D:\Tito Pedraza\OneDrive\Proyectos\Codigo Fuente\repos\HumanCore\src\TalenHuman.Domain\TalenHuman.Domain.csproj" (target "GenerateSourceLinkFile" depends on it):
       Building target "_GenerateSourceLinkFile" completely.
       No input files were specified.
   5:6>Target "AssignProjectConfiguration" in file "C:\Program Files\dotnet\sdk\8.0.302\Microsoft.Common.CurrentVersion.targets" from project "D:\Tito Pedraza\OneDrive\Proyectos\Codigo Fuente\repos\HumanCore\src\TalenHuman.API\TalenHuman.API.csproj" (target "ResolveReferences" depends on it):
   5:6>Using "AssignProjectConfiguration" task from assembly "Microsoft.Build.Tasks.Core, Version=15.1.0.0, Culture=neutral, PublicKeyToken=b03f5f7f11d50a3a".
       Task "AssignProjectConfiguration"
   3:7>_GenerateSourceLinkFile:
       Using "Microsoft.SourceLink.Common.GenerateSourceLinkFile" task from assembly "C:\Program Files\dotnet\sdk\8.0.302\Sdks\Microsoft.SourceLink.Common\build\..\tools\core\Microsoft.SourceLink.Common.dll".
       Task "Microsoft.SourceLink.Common.GenerateSourceLinkFile"
         Source Link file 'obj\Debug\net8.0\TalenHuman.Domain.sourcelink.json' is up-to-date.
       Done executing task "Microsoft.SourceLink.Common.GenerateSourceLinkFile".
   3:7>Done building target "_GenerateSourceLinkFile" in project "TalenHuman.Domain.csproj".
   3:7>Target "GenerateSourceLinkFile" in file "C:\Program Files\dotnet\sdk\8.0.302\Sdks\Microsoft.SourceLink.Common\build\Microsoft.SourceLink.Common.targets" from project "D:\Tito Pedraza\OneDrive\Proyectos\Codigo Fuente\repos\HumanCore\src\TalenHuman.Domain\TalenHuman.Domain.csproj" (target "CoreCompile" depends on it):
   3:7>Done building target "GenerateSourceLinkFile" in project "TalenHuman.Domain.csproj".
   3:7>Target "AddGlobalAnalyzerConfigForPackage_MicrosoftCodeAnalysisNetAnalyzers" in file "C:\Program Files\dotnet\sdk\8.0.302\Sdks\Microsoft.NET.Sdk\analyzers\build\Microsoft.CodeAnalysis.NetAnalyzers.targets" from project "D:\Tito Pedraza\OneDrive\Proyectos\Codigo Fuente\repos\HumanCore\src\TalenHuman.Domain\TalenHuman.Domain.csproj" (target "CoreCompile" depends on it):
   3:7>Done building target "AddGlobalAnalyzerConfigForPackage_MicrosoftCodeAnalysisNetAnalyzers" in project "TalenHuman.Domain.csproj".
       Target "AddGlobalAnalyzerConfigForPackage_MicrosoftCodeAnalysisNetAnalyzersDesign" skipped, due to false condition; ('$(SkipGlobalAnalyzerConfigForPackage)' != 'true' and ('$(AnalysisLevelDesign)' != '' or '$(AnalysisModeDesign)' != '')) was evaluated as ('' != 'true' and ('' != '' or '' != '')).
       Target "AddGlobalAnalyzerConfigForPackage_MicrosoftCodeAnalysisNetAnalyzersDocumentation" skipped, due to false condition; ('$(SkipGlobalAnalyzerConfigForPackage)' != 'true' and ('$(AnalysisLevelDocumentation)' != '' or '$(AnalysisModeDocumentation)' != '')) was evaluated as ('' != 'true' and ('' != '' or '' != '')).
       Target "AddGlobalAnalyzerConfigForPackage_MicrosoftCodeAnalysisNetAnalyzersGlobalization" skipped, due to false condition; ('$(SkipGlobalAnalyzerConfigForPackage)' != 'true' and ('$(AnalysisLevelGlobalization)' != '' or '$(AnalysisModeGlobalization)' != '')) was evaluated as ('' != 'true' and ('' != '' or '' != '')).
       Target "AddGlobalAnalyzerConfigForPackage_MicrosoftCodeAnalysisNetAnalyzersInteroperability" skipped, due to false condition; ('$(SkipGlobalAnalyzerConfigForPackage)' != 'true' and ('$(AnalysisLevelInteroperability)' != '' or '$(AnalysisModeInteroperability)' != '')) was evaluated as ('' != 'true' and ('' != '' or '' != '')).
       Target "AddGlobalAnalyzerConfigForPackage_MicrosoftCodeAnalysisNetAnalyzersMaintainability" skipped, due to false condition; ('$(SkipGlobalAnalyzerConfigForPackage)' != 'true' and ('$(AnalysisLevelMaintainability)' != '' or '$(AnalysisModeMaintainability)' != '')) was evaluated as ('' != 'true' and ('' != '' or '' != '')).
       Target "AddGlobalAnalyzerConfigForPackage_MicrosoftCodeAnalysisNetAnalyzersNaming" skipped, due to false condition; ('$(SkipGlobalAnalyzerConfigForPackage)' != 'true' and ('$(AnalysisLevelNaming)' != '' or '$(AnalysisModeNaming)' != '')) was evaluated as ('' != 'true' and ('' != '' or '' != '')).
   5:6>AssignProjectConfiguration:
         Project reference "..\TalenHuman.Application\TalenHuman.Application.csproj" has been assigned the "Debug|AnyCPU" configuration.
         Project reference "..\TalenHuman.Infrastructure\TalenHuman.Infrastructure.csproj" has been assigned the "Debug|AnyCPU" configuration.
         Project reference "..\TalenHuman.Domain\TalenHuman.Domain.csproj" has been assigned the "Debug|AnyCPU" configuration.
   3:7>Target "AddGlobalAnalyzerConfigForPackage_MicrosoftCodeAnalysisNetAnalyzersPerformance" skipped, due to false condition; ('$(SkipGlobalAnalyzerConfigForPackage)' != 'true' and ('$(AnalysisLevelPerformance)' != '' or '$(AnalysisModePerformance)' != '')) was evaluated as ('' != 'true' and ('' != '' or '' != '')).
       Target "AddGlobalAnalyzerConfigForPackage_MicrosoftCodeAnalysisNetAnalyzersReliability" skipped, due to false condition; ('$(SkipGlobalAnalyzerConfigForPackage)' != 'true' and ('$(AnalysisLevelReliability)' != '' or '$(AnalysisModeReliability)' != '')) was evaluated as ('' != 'true' and ('' != '' or '' != '')).
       Target "AddGlobalAnalyzerConfigForPackage_MicrosoftCodeAnalysisNetAnalyzersSecurity" skipped, due to false condition; ('$(SkipGlobalAnalyzerConfigForPackage)' != 'true' and ('$(AnalysisLevelSecurity)' != '' or '$(AnalysisModeSecurity)' != '')) was evaluated as ('' != 'true' and ('' != '' or '' != '')).
       Target "AddGlobalAnalyzerConfigForPackage_MicrosoftCodeAnalysisNetAnalyzersUsage" skipped, due to false condition; ('$(SkipGlobalAnalyzerConfigForPackage)' != 'true' and ('$(AnalysisLevelUsage)' != '' or '$(AnalysisModeUsage)' != '')) was evaluated as ('' != 'true' and ('' != '' or '' != '')).
       Target "_CodeAnalysisTreatWarningsAsErrors" skipped, due to false condition; ('$(DesignTimeBuild)' == 'true' OR '$(BuildingProject)' != 'true') was evaluated as ('' == 'true' OR 'true' != 'true').
   3:7>Target "_ReportUpgradeNetAnalyzersNuGetWarning" in file "C:\Program Files\dotnet\sdk\8.0.302\Sdks\Microsoft.NET.Sdk\analyzers\build\Microsoft.CodeAnalysis.NetAnalyzers.targets" from project "D:\Tito Pedraza\OneDrive\Proyectos\Codigo Fuente\repos\HumanCore\src\TalenHuman.Domain\TalenHuman.Domain.csproj" (target "CoreCompile" depends on it):
       Task "Warning" skipped, due to false condition; ('$(_NETAnalyzersNuGetAssemblyVersion)' != '' AND
                                '$(_NETAnalyzersSDKAssemblyVersion)' != '' AND
                                 $(_NETAnalyzersNuGetAssemblyVersion) < $(_NETAnalyzersSDKAssemblyVersion)) was evaluated as ('' != '' AND
                                '8.0.0' != '' AND
                                  < 8.0.0).
   3:7>Done building target "_ReportUpgradeNetAnalyzersNuGetWarning" in project "TalenHuman.Domain.csproj".
   5:6>Done executing task "AssignProjectConfiguration".
   3:7>Target "CoreCompile" in file "C:\Program Files\dotnet\sdk\8.0.302\Roslyn\Microsoft.CSharp.Core.targets" from project "D:\Tito Pedraza\OneDrive\Proyectos\Codigo Fuente\repos\HumanCore\src\TalenHuman.Domain\TalenHuman.Domain.csproj" (target "Compile" depends on it):
   3:7>Skipping target "CoreCompile" because all output files are up-to-date with respect to the input files.
   5:6>Done building target "AssignProjectConfiguration" in project "TalenHuman.API.csproj".
   3:7>CoreCompile:
       Input files: 
           Class1.cs
           Common\BaseEntity.cs
           Common\ColombiaTime.cs
           Entities\AuditLog.cs
           Entities\Biometric.cs
           Entities\Identity.cs
           Entities\Integrations.cs
           Entities\Operations.cs
           Entities\Security.cs
           Entities\Structure.cs
           obj\Debug\net8.0\TalenHuman.Domain.GlobalUsings.g.cs
           obj\Debug\net8.0\.NETCoreApp,Version=v8.0.AssemblyAttributes.cs
           obj\Debug\net8.0\TalenHuman.Domain.AssemblyInfo.cs
           C:\Users\messa\.nuget\packages\microsoft.aspnetcore.cryptography.internal\8.0.11\lib\net8.0\Microsoft.AspNetCore.Cryptography.Internal.dll
           C:\Users\messa\.nuget\packages\microsoft.aspnetcore.cryptography.keyderivation\8.0.11\lib\net8.0\Microsoft.AspNetCore.Cryptography.KeyDerivation.dll
           C:\Program Files\dotnet\packs\Microsoft.NETCore.App.Ref\8.0.6\ref\net8.0\Microsoft.CSharp.dll
           C:\Users\messa\.nuget\packages\microsoft.extensions.caching.abstractions\8.0.0\lib\net8.0\Microsoft.Extensions.Caching.Abstractions.dll
           C:\Users\messa\.nuget\packages\microsoft.extensions.dependencyinjection.abstractions\8.0.2\lib\net8.0\Microsoft.Extensions.DependencyInjection.Abstractions.dll
           C:\Users\messa\.nuget\packages\microsoft.extensions.dependencyinjection\8.0.1\lib\net8.0\Microsoft.Extensions.DependencyInjection.dll
           C:\Users\messa\.nuget\packages\microsoft.extensions.identity.core\8.0.11\lib\net8.0\Microsoft.Extensions.Identity.Core.dll
           C:\Users\messa\.nuget\packages\microsoft.extensions.identity.stores\8.0.11\lib\net8.0\Microsoft.Extensions.Identity.Stores.dll
           C:\Users\messa\.nuget\packages\microsoft.extensions.logging.abstractions\8.0.2\lib\net8.0\Microsoft.Extensions.Logging.Abstractions.dll
           C:\Users\messa\.nuget\packages\microsoft.extensions.logging\8.0.1\lib\net8.0\Microsoft.Extensions.Logging.dll
           C:\Users\messa\.nuget\packages\microsoft.extensions.options\8.0.2\lib\net8.0\Microsoft.Extensions.Options.dll
           C:\Users\messa\.nuget\packages\microsoft.extensions.primitives\8.0.0\lib\net8.0\Microsoft.Extensions.Primitives.dll
           C:\Program Files\dotnet\packs\Microsoft.NETCore.App.Ref\8.0.6\ref\net8.0\Microsoft.VisualBasic.Core.dll
           C:\Program Files\dotnet\packs\Microsoft.NETCore.App.Ref\8.0.6\ref\net8.0\Microsoft.VisualBasic.dll
           C:\Program Files\dotnet\packs\Microsoft.NETCore.App.Ref\8.0.6\ref\net8.0\Microsoft.Win32.Primitives.dll
           C:\Program Files\dotnet\packs\Microsoft.NETCore.App.Ref\8.0.6\ref\net8.0\Microsoft.Win32.Registry.dll
           C:\Program Files\dotnet\packs\Microsoft.NETCore.App.Ref\8.0.6\ref\net8.0\mscorlib.dll
           C:\Program Files\dotnet\packs\Microsoft.NETCore.App.Ref\8.0.6\ref\net8.0\netstandard.dll
           C:\Program Files\dotnet\packs\Microsoft.NETCore.App.Ref\8.0.6\ref\net8.0\System.AppContext.dll
           C:\Program Files\dotnet\packs\Microsoft.NETCore.App.Ref\8.0.6\ref\net8.0\System.Buffers.dll
           C:\Program Files\dotnet\packs\Microsoft.NETCore.App.Ref\8.0.6\ref\net8.0\System.Collections.Concurrent.dll
           C:\Program Files\dotnet\packs\Microsoft.NETCore.App.Ref\8.0.6\ref\net8.0\System.Collections.dll
           C:\Program Files\dotnet\packs\Microsoft.NETCore.App.Ref\8.0.6\ref\net8.0\System.Collections.Immutable.dll
           C:\Program Files\dotnet\packs\Microsoft.NETCore.App.Ref\8.0.6\ref\net8.0\System.Collections.NonGeneric.dll
           C:\Program Files\dotnet\packs\Microsoft.NETCore.App.Ref\8.0.6\ref\net8.0\System.Collections.Specialized.dll
           C:\Program Files\dotnet\packs\Microsoft.NETCore.App.Ref\8.0.6\ref\net8.0\System.ComponentModel.Annotations.dll
           C:\Program Files\dotnet\packs\Microsoft.NETCore.App.Ref\8.0.6\ref\net8.0\System.ComponentModel.DataAnnotations.dll
           C:\Program Files\dotnet\packs\Microsoft.NETCore.App.Ref\8.0.6\ref\net8.0\System.ComponentModel.dll
           C:\Program Files\dotnet\packs\Microsoft.NETCore.App.Ref\8.0.6\ref\net8.0\System.ComponentModel.EventBasedAsync.dll
           C:\Program Files\dotnet\packs\Microsoft.NETCore.App.Ref\8.0.6\ref\net8.0\System.ComponentModel.Primitives.dll
           C:\Program Files\dotnet\packs\Microsoft.NETCore.App.Ref\8.0.6\ref\net8.0\System.ComponentModel.TypeConverter.dll
           C:\Program Files\dotnet\packs\Microsoft.NETCore.App.Ref\8.0.6\ref\net8.0\System.Configuration.dll
           C:\Program Files\dotnet\packs\Microsoft.NETCore.App.Ref\8.0.6\ref\net8.0\System.Console.dll
           C:\Program Files\dotnet\packs\Microsoft.NETCore.App.Ref\8.0.6\ref\net8.0\System.Core.dll
           C:\Program Files\dotnet\packs\Microsoft.NETCore.App.Ref\8.0.6\ref\net8.0\System.Data.Common.dll
           C:\Program Files\dotnet\packs\Microsoft.NETCore.App.Ref\8.0.6\ref\net8.0\System.Data.DataSetExtensions.dll
           C:\Program Files\dotnet\packs\Microsoft.NETCore.App.Ref\8.0.6\ref\net8.0\System.Data.dll
           C:\Program Files\dotnet\packs\Microsoft.NETCore.App.Ref\8.0.6\ref\net8.0\System.Diagnostics.Contracts.dll
           C:\Program Files\dotnet\packs\Microsoft.NETCore.App.Ref\8.0.6\ref\net8.0\System.Diagnostics.Debug.dll
           C:\Program Files\dotnet\packs\Microsoft.NETCore.App.Ref\8.0.6\ref\net8.0\System.Diagnostics.DiagnosticSource.dll
           C:\Program Files\dotnet\packs\Microsoft.NETCore.App.Ref\8.0.6\ref\net8.0\System.Diagnostics.FileVersionInfo.dll
           C:\Program Files\dotnet\packs\Microsoft.NETCore.App.Ref\8.0.6\ref\net8.0\System.Diagnostics.Process.dll
           C:\Program Files\dotnet\packs\Microsoft.NETCore.App.Ref\8.0.6\ref\net8.0\System.Diagnostics.StackTrace.dll
           C:\Program Files\dotnet\packs\Microsoft.NETCore.App.Ref\8.0.6\ref\net8.0\System.Diagnostics.TextWriterTraceListener.dll
           C:\Program Files\dotnet\packs\Microsoft.NETCore.App.Ref\8.0.6\ref\net8.0\System.Diagnostics.Tools.dll
           C:\Program Files\dotnet\packs\Microsoft.NETCore.App.Ref\8.0.6\ref\net8.0\System.Diagnostics.TraceSource.dll
           C:\Program Files\dotnet\packs\Microsoft.NETCore.App.Ref\8.0.6\ref\net8.0\System.Diagnostics.Tracing.dll
           C:\Program Files\dotnet\packs\Microsoft.NETCore.App.Ref\8.0.6\ref\net8.0\System.dll
           C:\Program Files\dotnet\packs\Microsoft.NETCore.App.Ref\8.0.6\ref\net8.0\System.Drawing.dll
           C:\Program Files\dotnet\packs\Microsoft.NETCore.App.Ref\8.0.6\ref\net8.0\System.Drawing.Primitives.dll
           C:\Program Files\dotnet\packs\Microsoft.NETCore.App.Ref\8.0.6\ref\net8.0\System.Dynamic.Runtime.dll
           C:\Program Files\dotnet\packs\Microsoft.NETCore.App.Ref\8.0.6\ref\net8.0\System.Formats.Asn1.dll
           C:\Program Files\dotnet\packs\Microsoft.NETCore.App.Ref\8.0.6\ref\net8.0\System.Formats.Tar.dll
           C:\Program Files\dotnet\packs\Microsoft.NETCore.App.Ref\8.0.6\ref\net8.0\System.Globalization.Calendars.dll
           C:\Program Files\dotnet\packs\Microsoft.NETCore.App.Ref\8.0.6\ref\net8.0\System.Globalization.dll
           C:\Program Files\dotnet\packs\Microsoft.NETCore.App.Ref\8.0.6\ref\net8.0\System.Globalization.Extensions.dll
           C:\Program Files\dotnet\packs\Microsoft.NETCore.App.Ref\8.0.6\ref\net8.0\System.IO.Compression.Brotli.dll
           C:\Program Files\dotnet\packs\Microsoft.NETCore.App.Ref\8.0.6\ref\net8.0\System.IO.Compression.dll
           C:\Program Files\dotnet\packs\Microsoft.NETCore.App.Ref\8.0.6\ref\net8.0\System.IO.Compression.FileSystem.dll
           C:\Program Files\dotnet\packs\Microsoft.NETCore.App.Ref\8.0.6\ref\net8.0\System.IO.Compression.ZipFile.dll
           C:\Program Files\dotnet\packs\Microsoft.NETCore.App.Ref\8.0.6\ref\net8.0\System.IO.dll
           C:\Program Files\dotnet\packs\Microsoft.NETCore.App.Ref\8.0.6\ref\net8.0\System.IO.FileSystem.AccessControl.dll
           C:\Program Files\dotnet\packs\Microsoft.NETCore.App.Ref\8.0.6\ref\net8.0\System.IO.FileSystem.dll
           C:\Program Files\dotnet\packs\Microsoft.NETCore.App.Ref\8.0.6\ref\net8.0\System.IO.FileSystem.DriveInfo.dll
           C:\Program Files\dotnet\packs\Microsoft.NETCore.App.Ref\8.0.6\ref\net8.0\System.IO.FileSystem.Primitives.dll
           C:\Program Files\dotnet\packs\Microsoft.NETCore.App.Ref\8.0.6\ref\net8.0\System.IO.FileSystem.Watcher.dll
           C:\Program Files\dotnet\packs\Microsoft.NETCore.App.Ref\8.0.6\ref\net8.0\System.IO.IsolatedStorage.dll
           C:\Program Files\dotnet\packs\Microsoft.NETCore.App.Ref\8.0.6\ref\net8.0\System.IO.MemoryMappedFiles.dll
           C:\Program Files\dotnet\packs\Microsoft.NETCore.App.Ref\8.0.6\ref\net8.0\System.IO.Pipes.AccessControl.dll
           C:\Program Files\dotnet\packs\Microsoft.NETCore.App.Ref\8.0.6\ref\net8.0\System.IO.Pipes.dll
           C:\Program Files\dotnet\packs\Microsoft.NETCore.App.Ref\8.0.6\ref\net8.0\System.IO.UnmanagedMemoryStream.dll
           C:\Program Files\dotnet\packs\Microsoft.NETCore.App.Ref\8.0.6\ref\net8.0\System.Linq.dll
           C:\Program Files\dotnet\packs\Microsoft.NETCore.App.Ref\8.0.6\ref\net8.0\System.Linq.Expressions.dll
           C:\Program Files\dotnet\packs\Microsoft.NETCore.App.Ref\8.0.6\ref\net8.0\System.Linq.Parallel.dll
           C:\Program Files\dotnet\packs\Microsoft.NETCore.App.Ref\8.0.6\ref\net8.0\System.Linq.Queryable.dll
           C:\Program Files\dotnet\packs\Microsoft.NETCore.App.Ref\8.0.6\ref\net8.0\System.Memory.dll
           C:\Program Files\dotnet\packs\Microsoft.NETCore.App.Ref\8.0.6\ref\net8.0\System.Net.dll
           C:\Program Files\dotnet\packs\Microsoft.NETCore.App.Ref\8.0.6\ref\net8.0\System.Net.Http.dll
           C:\Program Files\dotnet\packs\Microsoft.NETCore.App.Ref\8.0.6\ref\net8.0\System.Net.Http.Json.dll
           C:\Program Files\dotnet\packs\Microsoft.NETCore.App.Ref\8.0.6\ref\net8.0\System.Net.HttpListener.dll
           C:\Program Files\dotnet\packs\Microsoft.NETCore.App.Ref\8.0.6\ref\net8.0\System.Net.Mail.dll
           C:\Program Files\dotnet\packs\Microsoft.NETCore.App.Ref\8.0.6\ref\net8.0\System.Net.NameResolution.dll
           C:\Program Files\dotnet\packs\Microsoft.NETCore.App.Ref\8.0.6\ref\net8.0\System.Net.NetworkInformation.dll
           C:\Program Files\dotnet\packs\Microsoft.NETCore.App.Ref\8.0.6\ref\net8.0\System.Net.Ping.dll
           C:\Program Files\dotnet\packs\Microsoft.NETCore.App.Ref\8.0.6\ref\net8.0\System.Net.Primitives.dll
           C:\Program Files\dotnet\packs\Microsoft.NETCore.App.Ref\8.0.6\ref\net8.0\System.Net.Quic.dll
           C:\Program Files\dotnet\packs\Microsoft.NETCore.App.Ref\8.0.6\ref\net8.0\System.Net.Requests.dll
           C:\Program Files\dotnet\packs\Microsoft.NETCore.App.Ref\8.0.6\ref\net8.0\System.Net.Security.dll
           C:\Program Files\dotnet\packs\Microsoft.NETCore.App.Ref\8.0.6\ref\net8.0\System.Net.ServicePoint.dll
           C:\Program Files\dotnet\packs\Microsoft.NETCore.App.Ref\8.0.6\ref\net8.0\System.Net.Sockets.dll
           C:\Program Files\dotnet\packs\Microsoft.NETCore.App.Ref\8.0.6\ref\net8.0\System.Net.WebClient.dll
           C:\Program Files\dotnet\packs\Microsoft.NETCore.App.Ref\8.0.6\ref\net8.0\System.Net.WebHeaderCollection.dll
           C:\Program Files\dotnet\packs\Microsoft.NETCore.App.Ref\8.0.6\ref\net8.0\System.Net.WebProxy.dll
           C:\Program Files\dotnet\packs\Microsoft.NETCore.App.Ref\8.0.6\ref\net8.0\System.Net.WebSockets.Client.dll
           C:\Program Files\dotnet\packs\Microsoft.NETCore.App.Ref\8.0.6\ref\net8.0\System.Net.WebSockets.dll
           C:\Program Files\dotnet\packs\Microsoft.NETCore.App.Ref\8.0.6\ref\net8.0\System.Numerics.dll
           C:\Program Files\dotnet\packs\Microsoft.NETCore.App.Ref\8.0.6\ref\net8.0\System.Numerics.Vectors.dll
           C:\Program Files\dotnet\packs\Microsoft.NETCore.App.Ref\8.0.6\ref\net8.0\System.ObjectModel.dll
           C:\Program Files\dotnet\packs\Microsoft.NETCore.App.Ref\8.0.6\ref\net8.0\System.Reflection.DispatchProxy.dll
           C:\Program Files\dotnet\packs\Microsoft.NETCore.App.Ref\8.0.6\ref\net8.0\System.Reflection.dll
           C:\Program Files\dotnet\packs\Microsoft.NETCore.App.Ref\8.0.6\ref\net8.0\System.Reflection.Emit.dll
           C:\Program Files\dotnet\packs\Microsoft.NETCore.App.Ref\8.0.6\ref\net8.0\System.Reflection.Emit.ILGeneration.dll
           C:\Program Files\dotnet\packs\Microsoft.NETCore.App.Ref\8.0.6\ref\net8.0\System.Reflection.Emit.Lightweight.dll
           C:\Program Files\dotnet\packs\Microsoft.NETCore.App.Ref\8.0.6\ref\net8.0\System.Reflection.Extensions.dll
           C:\Program Files\dotnet\packs\Microsoft.NETCore.App.Ref\8.0.6\ref\net8.0\System.Reflection.Metadata.dll
           C:\Program Files\dotnet\packs\Microsoft.NETCore.App.Ref\8.0.6\ref\net8.0\System.Reflection.Primitives.dll
           C:\Program Files\dotnet\packs\Microsoft.NETCore.App.Ref\8.0.6\ref\net8.0\System.Reflection.TypeExtensions.dll
           C:\Program Files\dotnet\packs\Microsoft.NETCore.App.Ref\8.0.6\ref\net8.0\System.Resources.Reader.dll
           C:\Program Files\dotnet\packs\Microsoft.NETCore.App.Ref\8.0.6\ref\net8.0\System.Resources.ResourceManager.dll
           C:\Program Files\dotnet\packs\Microsoft.NETCore.App.Ref\8.0.6\ref\net8.0\System.Resources.Writer.dll
           C:\Program Files\dotnet\packs\Microsoft.NETCore.App.Ref\8.0.6\ref\net8.0\System.Runtime.CompilerServices.Unsafe.dll
           C:\Program Files\dotnet\packs\Microsoft.NETCore.App.Ref\8.0.6\ref\net8.0\System.Runtime.CompilerServices.VisualC.dll
           C:\Program Files\dotnet\packs\Microsoft.NETCore.App.Ref\8.0.6\ref\net8.0\System.Runtime.dll
           C:\Program Files\dotnet\packs\Microsoft.NETCore.App.Ref\8.0.6\ref\net8.0\System.Runtime.Extensions.dll
           C:\Program Files\dotnet\packs\Microsoft.NETCore.App.Ref\8.0.6\ref\net8.0\System.Runtime.Handles.dll
           C:\Program Files\dotnet\packs\Microsoft.NETCore.App.Ref\8.0.6\ref\net8.0\System.Runtime.InteropServices.dll
           C:\Program Files\dotnet\packs\Microsoft.NETCore.App.Ref\8.0.6\ref\net8.0\System.Runtime.InteropServices.JavaScript.dll
           C:\Program Files\dotnet\packs\Microsoft.NETCore.App.Ref\8.0.6\ref\net8.0\System.Runtime.InteropServices.RuntimeInformation.dll
           C:\Program Files\dotnet\packs\Microsoft.NETCore.App.Ref\8.0.6\ref\net8.0\System.Runtime.Intrinsics.dll
           C:\Program Files\dotnet\packs\Microsoft.NETCore.App.Ref\8.0.6\ref\net8.0\System.Runtime.Loader.dll
           C:\Program Files\dotnet\packs\Microsoft.NETCore.App.Ref\8.0.6\ref\net8.0\System.Runtime.Numerics.dll
           C:\Program Files\dotnet\packs\Microsoft.NETCore.App.Ref\8.0.6\ref\net8.0\System.Runtime.Serialization.dll
           C:\Program Files\dotnet\packs\Microsoft.NETCore.App.Ref\8.0.6\ref\net8.0\System.Runtime.Serialization.Formatters.dll
           C:\Program Files\dotnet\packs\Microsoft.NETCore.App.Ref\8.0.6\ref\net8.0\System.Runtime.Serialization.Json.dll
           C:\Program Files\dotnet\packs\Microsoft.NETCore.App.Ref\8.0.6\ref\net8.0\System.Runtime.Serialization.Primitives.dll
           C:\Program Files\dotnet\packs\Microsoft.NETCore.App.Ref\8.0.6\ref\net8.0\System.Runtime.Serialization.Xml.dll
           C:\Program Files\dotnet\packs\Microsoft.NETCore.App.Ref\8.0.6\ref\net8.0\System.Security.AccessControl.dll
           C:\Program Files\dotnet\packs\Microsoft.NETCore.App.Ref\8.0.6\ref\net8.0\System.Security.Claims.dll
           C:\Program Files\dotnet\packs\Microsoft.NETCore.App.Ref\8.0.6\ref\net8.0\System.Security.Cryptography.Algorithms.dll
           C:\Program Files\dotnet\packs\Microsoft.NETCore.App.Ref\8.0.6\ref\net8.0\System.Security.Cryptography.Cng.dll
           C:\Program Files\dotnet\packs\Microsoft.NETCore.App.Ref\8.0.6\ref\net8.0\System.Security.Cryptography.Csp.dll
           C:\Program Files\dotnet\packs\Microsoft.NETCore.App.Ref\8.0.6\ref\net8.0\System.Security.Cryptography.dll
           C:\Program Files\dotnet\packs\Microsoft.NETCore.App.Ref\8.0.6\ref\net8.0\System.Security.Cryptography.Encoding.dll
           C:\Program Files\dotnet\packs\Microsoft.NETCore.App.Ref\8.0.6\ref\net8.0\System.Security.Cryptography.OpenSsl.dll
           C:\Program Files\dotnet\packs\Microsoft.NETCore.App.Ref\8.0.6\ref\net8.0\System.Security.Cryptography.Primitives.dll
           C:\Program Files\dotnet\packs\Microsoft.NETCore.App.Ref\8.0.6\ref\net8.0\System.Security.Cryptography.X509Certificates.dll
           C:\Program Files\dotnet\packs\Microsoft.NETCore.App.Ref\8.0.6\ref\net8.0\System.Security.dll
           C:\Program Files\dotnet\packs\Microsoft.NETCore.App.Ref\8.0.6\ref\net8.0\System.Security.Principal.dll
           C:\Program Files\dotnet\packs\Microsoft.NETCore.App.Ref\8.0.6\ref\net8.0\System.Security.Principal.Windows.dll
           C:\Program Files\dotnet\packs\Microsoft.NETCore.App.Ref\8.0.6\ref\net8.0\System.Security.SecureString.dll
           C:\Program Files\dotnet\packs\Microsoft.NETCore.App.Ref\8.0.6\ref\net8.0\System.ServiceModel.Web.dll
           C:\Program Files\dotnet\packs\Microsoft.NETCore.App.Ref\8.0.6\ref\net8.0\System.ServiceProcess.dll
           C:\Program Files\dotnet\packs\Microsoft.NETCore.App.Ref\8.0.6\ref\net8.0\System.Text.Encoding.CodePages.dll
           C:\Program Files\dotnet\packs\Microsoft.NETCore.App.Ref\8.0.6\ref\net8.0\System.Text.Encoding.dll
           C:\Program Files\dotnet\packs\Microsoft.NETCore.App.Ref\8.0.6\ref\net8.0\System.Text.Encoding.Extensions.dll
           C:\Program Files\dotnet\packs\Microsoft.NETCore.App.Ref\8.0.6\ref\net8.0\System.Text.Encodings.Web.dll
           C:\Program Files\dotnet\packs\Microsoft.NETCore.App.Ref\8.0.6\ref\net8.0\System.Text.Json.dll
           C:\Program Files\dotnet\packs\Microsoft.NETCore.App.Ref\8.0.6\ref\net8.0\System.Text.RegularExpressions.dll
           C:\Program Files\dotnet\packs\Microsoft.NETCore.App.Ref\8.0.6\ref\net8.0\System.Threading.Channels.dll
           C:\Program Files\dotnet\packs\Microsoft.NETCore.App.Ref\8.0.6\ref\net8.0\System.Threading.dll
           C:\Program Files\dotnet\packs\Microsoft.NETCore.App.Ref\8.0.6\ref\net8.0\System.Threading.Overlapped.dll
           C:\Program Files\dotnet\packs\Microsoft.NETCore.App.Ref\8.0.6\ref\net8.0\System.Threading.Tasks.Dataflow.dll
           C:\Program Files\dotnet\packs\Microsoft.NETCore.App.Ref\8.0.6\ref\net8.0\System.Threading.Tasks.dll
           C:\Program Files\dotnet\packs\Microsoft.NETCore.App.Ref\8.0.6\ref\net8.0\System.Threading.Tasks.Extensions.dll
           C:\Program Files\dotnet\packs\Microsoft.NETCore.App.Ref\8.0.6\ref\net8.0\System.Threading.Tasks.Parallel.dll
           C:\Program Files\dotnet\packs\Microsoft.NETCore.App.Ref\8.0.6\ref\net8.0\System.Threading.Thread.dll
           C:\Program Files\dotnet\packs\Microsoft.NETCore.App.Ref\8.0.6\ref\net8.0\System.Threading.ThreadPool.dll
           C:\Program Files\dotnet\packs\Microsoft.NETCore.App.Ref\8.0.6\ref\net8.0\System.Threading.Timer.dll
           C:\Program Files\dotnet\packs\Microsoft.NETCore.App.Ref\8.0.6\ref\net8.0\System.Transactions.dll
           C:\Program Files\dotnet\packs\Microsoft.NETCore.App.Ref\8.0.6\ref\net8.0\System.Transactions.Local.dll
           C:\Program Files\dotnet\packs\Microsoft.NETCore.App.Ref\8.0.6\ref\net8.0\System.ValueTuple.dll
           C:\Program Files\dotnet\packs\Microsoft.NETCore.App.Ref\8.0.6\ref\net8.0\System.Web.dll
           C:\Program Files\dotnet\packs\Microsoft.NETCore.App.Ref\8.0.6\ref\net8.0\System.Web.HttpUtility.dll
           C:\Program Files\dotnet\packs\Microsoft.NETCore.App.Ref\8.0.6\ref\net8.0\System.Windows.dll
           C:\Program Files\dotnet\packs\Microsoft.NETCore.App.Ref\8.0.6\ref\net8.0\System.Xml.dll
           C:\Program Files\dotnet\packs\Microsoft.NETCore.App.Ref\8.0.6\ref\net8.0\System.Xml.Linq.dll
           C:\Program Files\dotnet\packs\Microsoft.NETCore.App.Ref\8.0.6\ref\net8.0\System.Xml.ReaderWriter.dll
           C:\Program Files\dotnet\packs\Microsoft.NETCore.App.Ref\8.0.6\ref\net8.0\System.Xml.Serialization.dll
           C:\Program Files\dotnet\packs\Microsoft.NETCore.App.Ref\8.0.6\ref\net8.0\System.Xml.XDocument.dll
           C:\Program Files\dotnet\packs\Microsoft.NETCore.App.Ref\8.0.6\ref\net8.0\System.Xml.XmlDocument.dll
           C:\Program Files\dotnet\packs\Microsoft.NETCore.App.Ref\8.0.6\ref\net8.0\System.Xml.XmlSerializer.dll
           C:\Program Files\dotnet\packs\Microsoft.NETCore.App.Ref\8.0.6\ref\net8.0\System.Xml.XPath.dll
           C:\Program Files\dotnet\packs\Microsoft.NETCore.App.Ref\8.0.6\ref\net8.0\System.Xml.XPath.XDocument.dll
           C:\Program Files\dotnet\packs\Microsoft.NETCore.App.Ref\8.0.6\ref\net8.0\WindowsBase.dll
           obj\Debug\net8.0\TalenHuman.Domain.csproj.CoreCompileInputs.cache
           C:\Program Files\dotnet\sdk\8.0.302\Sdks\Microsoft.NET.Sdk\targets\..\analyzers\Microsoft.CodeAnalysis.CSharp.NetAnalyzers.dll
           C:\Program Files\dotnet\sdk\8.0.302\Sdks\Microsoft.NET.Sdk\targets\..\analyzers\Microsoft.CodeAnalysis.NetAnalyzers.dll
           C:\Users\messa\.nuget\packages\microsoft.extensions.logging.abstractions\8.0.2\analyzers\dotnet\roslyn4.4\cs\Microsoft.Extensions.Logging.Generators.dll
           C:\Users\messa\.nuget\packages\microsoft.extensions.options\8.0.2\analyzers\dotnet\roslyn4.4\cs\Microsoft.Extensions.Options.SourceGeneration.dll
           C:\Program Files\dotnet\packs\Microsoft.NETCore.App.Ref\8.0.6\analyzers/dotnet/cs/Microsoft.Interop.ComInterfaceGenerator.dll
           C:\Program Files\dotnet\packs\Microsoft.NETCore.App.Ref\8.0.6\analyzers/dotnet/cs/Microsoft.Interop.JavaScript.JSImportGenerator.dll
           C:\Program Files\dotnet\packs\Microsoft.NETCore.App.Ref\8.0.6\analyzers/dotnet/cs/Microsoft.Interop.LibraryImportGenerator.dll
           C:\Program Files\dotnet\packs\Microsoft.NETCore.App.Ref\8.0.6\analyzers/dotnet/cs/Microsoft.Interop.SourceGeneration.dll
           C:\Program Files\dotnet\packs\Microsoft.NETCore.App.Ref\8.0.6\analyzers/dotnet/cs/System.Text.Json.SourceGeneration.dll
           C:\Program Files\dotnet\packs\Microsoft.NETCore.App.Ref\8.0.6\analyzers/dotnet/cs/System.Text.RegularExpressions.Generator.dll
           obj\Debug\net8.0\TalenHuman.Domain.GeneratedMSBuildEditorConfig.editorconfig
           C:\Program Files\dotnet\sdk\8.0.302\Sdks\Microsoft.NET.Sdk\analyzers\build\config\analysislevel_8_default.globalconfig
           D:\Tito Pedraza\OneDrive\Proyectos\Codigo Fuente\repos\HumanCore\src\TalenHuman.Domain\obj\TalenHuman.Domain.csproj.nuget.g.targets
           C:\Program Files\dotnet\sdk\8.0.302\Current\Microsoft.Common.targets\ImportAfter\Microsoft.TestPlatform.ImportAfter.targets
           obj\Debug\net8.0\TalenHuman.Domain.sourcelink.json
   5:6>Target "AssignProjectConfiguration" skipped. Previously built successfully.
   5:6>Target "_SplitProjectReferencesByFileExistence" in file "C:\Program Files\dotnet\sdk\8.0.302\Microsoft.Common.CurrentVersion.targets" from project "D:\Tito Pedraza\OneDrive\Proyectos\Codigo Fuente\repos\HumanCore\src\TalenHuman.API\TalenHuman.API.csproj" (target "PrepareProjectReferences" depends on it):
       Task "ResolveNonMSBuildProjectOutput" skipped, due to false condition; ('$(BuildingInsideVisualStudio)'=='true' and '@(ProjectReferenceWithConfiguration)'!='') was evaluated as (''=='true' and '..\TalenHuman.Application\TalenHuman.Application.csproj;..\TalenHuman.Infrastructure\TalenHuman.Infrastructure.csproj;..\TalenHuman.Domain\TalenHuman.Domain.csproj'!='').
   3:7>CoreCompile:
       Output files: 
           obj\Debug\net8.0\TalenHuman.Domain.dll
           obj\Debug\net8.0\refint\TalenHuman.Domain.dll
           obj\Debug\net8.0\TalenHuman.Domain.pdb
   3:7>Done building target "CoreCompile" in project "TalenHuman.Domain.csproj".
       Target "_TouchLastBuildWithSkipAnalyzers" skipped, due to false condition; ('$(_SkipAnalyzers)' == 'true') was evaluated as ('' == 'true').
       Target "_TimeStampAfterCompile" skipped, due to false condition; ('$(RunPostBuildEvent)'=='OnOutputUpdated' or ('$(RegisterForComInterop)'=='true' and '$(OutputType)'=='library')) was evaluated as (''=='OnOutputUpdated' or (''=='true' and 'Library'=='library')).
   3:7>Target "AfterCompile" in file "C:\Program Files\dotnet\sdk\8.0.302\Microsoft.Common.CurrentVersion.targets" from project "D:\Tito Pedraza\OneDrive\Proyectos\Codigo Fuente\repos\HumanCore\src\TalenHuman.Domain\TalenHuman.Domain.csproj" (target "Compile" depends on it):
   3:7>Done building target "AfterCompile" in project "TalenHuman.Domain.csproj".
       Target "_CreateAppHost" skipped, due to false condition; ('$(ComputeNETCoreBuildOutputFiles)' == 'true' and
                            '$(AppHostSourcePath)' != '' and
                            Exists('@(IntermediateAssembly)') and
                            Exists('$(AppHostSourcePath)')) was evaluated as ('true' == 'true' and
                            '' != '' and
                            Exists('obj\Debug\net8.0\TalenHuman.Domain.dll') and
                            Exists('')).
       Target "_CreateComHost" skipped, due to false condition; ('$(ComputeNETCoreBuildOutputFiles)' == 'true' and
                            '$(ComHostIntermediatePath)' != '' and
                            Exists('@(IntermediateAssembly)') and
                            Exists('$(ComHostSourcePath)')) was evaluated as ('true' == 'true' and
                            '' != '' and
                            Exists('obj\Debug\net8.0\TalenHuman.Domain.dll') and
                            Exists('')).
       Target "_GetIjwHostPaths" skipped, due to false condition; ('$(UseIJWHost)' == 'true') was evaluated as ('' == 'true').
   3:7>Target "Compile" in file "C:\Program Files\dotnet\sdk\8.0.302\Microsoft.Common.CurrentVersion.targets" from project "D:\Tito Pedraza\OneDrive\Proyectos\Codigo Fuente\repos\HumanCore\src\TalenHuman.Domain\TalenHuman.Domain.csproj" (target "CoreBuild" depends on it):
   3:7>Done building target "Compile" in project "TalenHuman.Domain.csproj".
       Target "ExportWindowsMDFile" skipped, due to false condition; ('$(ExportWinMDFile)' == 'true') was evaluated as ('' == 'true').
       Target "UnmanagedUnregistration" skipped, due to false condition; ((('$(_AssemblyTimestampBeforeCompile)' != '$(_AssemblyTimestampAfterCompile)' or '$(RegisterForComInterop)' != 'true' or '$(OutputType)' != 'library') or
                           ('$(_AssemblyTimestampBeforeCompile)' == '')) and
                          Exists('@(_UnmanagedRegistrationCache)')) was evaluated as ((('' != '' or '' != 'true' or 'Library' != 'library') or
                           ('' == '')) and
                          Exists('obj\TalenHuman.Domain.csproj.UnmanagedRegistration.cache')).
       Target "GenerateSerializationAssemblies" skipped, due to false condition; ('$(_SGenGenerateSerializationAssembliesConfig)' == 'On' or ('@(WebReferenceUrl)'!='' and '$(_SGenGenerateSerializationAssembliesConfig)' == 'Auto')) was evaluated as ('Off' == 'On' or (''!='' and 'Off' == 'Auto')).
   3:7>Target "_GenerateSatelliteAssemblyInputs" in file "C:\Program Files\dotnet\sdk\8.0.302\Microsoft.Common.CurrentVersion.targets" from project "D:\Tito Pedraza\OneDrive\Proyectos\Codigo Fuente\repos\HumanCore\src\TalenHuman.Domain\TalenHuman.Domain.csproj" (target "CreateSatelliteAssemblies" depends on it):
       Task "Warning" skipped, due to false condition; ('@(ManifestResourceWithCulture)'!='' and '%(ManifestResourceWithCulture.EmittedForCompatibilityOnly)'=='') was evaluated as (''!='' and ''=='').
       Task "Warning" skipped, due to false condition; ('@(ManifestNonResxWithCultureOnDisk)'!='' and '%(ManifestNonResxWithCultureOnDisk.EmittedForCompatibilityOnly)'=='') was evaluated as (''!='' and ''=='').
   3:7>Done building target "_GenerateSatelliteAssemblyInputs" in project "TalenHuman.Domain.csproj".
   5:6>Done building target "_SplitProjectReferencesByFileExistence" in project "TalenHuman.API.csproj".
   3:7>Target "ComputeIntermediateSatelliteAssemblies" skipped, due to false condition; (@(EmbeddedResource->'%(WithCulture)') != '') was evaluated as ( != '').
       Target "GenerateSatelliteAssemblies" skipped, due to false condition; ('@(_SatelliteAssemblyResourceInputs)' != '' and '$(GenerateSatelliteAssembliesForCore)' != 'true') was evaluated as ('' != '' and 'true' != 'true').
   5:6>Target "_AddOutputPathToGlobalPropertiesToRemove" in file "C:\Program Files\dotnet\sdk\8.0.302\Microsoft.Common.CurrentVersion.targets" from project "D:\Tito Pedraza\OneDrive\Proyectos\Codigo Fuente\repos\HumanCore\src\TalenHuman.API\TalenHuman.API.csproj" (target "_GetProjectReferenceTargetFrameworkProperties" depends on it):
   5:6>Done building target "_AddOutputPathToGlobalPropertiesToRemove" in project "TalenHuman.API.csproj".
   3:7>Target "CoreGenerateSatelliteAssemblies" skipped, due to false condition; ('@(_SatelliteAssemblyResourceInputs)' != ''  and '$(GenerateSatelliteAssembliesForCore)' == 'true' ) was evaluated as ('' != ''  and 'true' == 'true' ).
   3:7>Target "CreateSatelliteAssemblies" in file "C:\Program Files\dotnet\sdk\8.0.302\Microsoft.Common.CurrentVersion.targets" from project "D:\Tito Pedraza\OneDrive\Proyectos\Codigo Fuente\repos\HumanCore\src\TalenHuman.Domain\TalenHuman.Domain.csproj" (target "CoreBuild" depends on it):
   3:7>Done building target "CreateSatelliteAssemblies" in project "TalenHuman.Domain.csproj".
       Target "GenerateManifests" skipped, due to false condition; ('$(GenerateClickOnceManifests)'=='true' or '@(NativeReference)'!='' or '@(ResolvedIsolatedComModules)'!='' or '$(GenerateAppxManifest)' == 'true') was evaluated as (''=='true' or ''!='' or ''!='' or '' == 'true').
   3:7>Target "GetTargetPathWithTargetPlatformMoniker" in file "C:\Program Files\dotnet\sdk\8.0.302\Microsoft.Common.CurrentVersion.targets" from project "D:\Tito Pedraza\OneDrive\Proyectos\Codigo Fuente\repos\HumanCore\src\TalenHuman.Domain\TalenHuman.Domain.csproj" (target "GetTargetPath" depends on it):
   3:7>Done building target "GetTargetPathWithTargetPlatformMoniker" in project "TalenHuman.Domain.csproj".
   5:6>Target "_GetProjectReferenceTargetFrameworkProperties" in file "C:\Program Files\dotnet\sdk\8.0.302\Microsoft.Common.CurrentVersion.targets" from project "D:\Tito Pedraza\OneDrive\Proyectos\Codigo Fuente\repos\HumanCore\src\TalenHuman.API\TalenHuman.API.csproj" (target "PrepareProjectReferences" depends on it):
   5:6>Task "MSBuild"
   3:7>Target "GetTargetPath" in file "C:\Program Files\dotnet\sdk\8.0.302\Microsoft.Common.CurrentVersion.targets" from project "D:\Tito Pedraza\OneDrive\Proyectos\Codigo Fuente\repos\HumanCore\src\TalenHuman.Domain\TalenHuman.Domain.csproj" (target "CoreBuild" depends on it):
   3:7>Done building target "GetTargetPath" in project "TalenHuman.Domain.csproj".
       Target "ComputeIntermediateSatelliteAssemblies" skipped, due to false condition; (@(EmbeddedResource->'%(WithCulture)') != '') was evaluated as ( != '').
       Target "_CopyFilesMarkedCopyLocal" skipped, due to false condition; ('@(ReferenceCopyLocalPaths)' != '') was evaluated as ('' != '').
       Target "AssignTargetPaths" skipped. Previously built successfully.
       Target "AssignProjectConfiguration" skipped. Previously built successfully.
       Target "_SplitProjectReferencesByFileExistence" skipped. Previously built successfully.
       Target "_GetProjectReferenceTargetFrameworkProperties" skipped. Previously built successfully.
   3:7>Target "_PopulateCommonStateForGetCopyToOutputDirectoryItems" in file "C:\Program Files\dotnet\sdk\8.0.302\Microsoft.Common.CurrentVersion.targets" from project "D:\Tito Pedraza\OneDrive\Proyectos\Codigo Fuente\repos\HumanCore\src\TalenHuman.Domain\TalenHuman.Domain.csproj" (target "GetCopyToOutputDirectoryItems" depends on it):
   3:7>Done building target "_PopulateCommonStateForGetCopyToOutputDirectoryItems" in project "TalenHuman.Domain.csproj".
       Target "AddDepsJsonAndRuntimeConfigToCopyItemsForReferencingProjects" skipped, due to false condition; ('$(HasRuntimeOutput)' == 'true') was evaluated as ('' == 'true').
   5:6>_GetProjectReferenceTargetFrameworkProperties:
         Global Properties:
           Configuration=Debug
           Platform=AnyCPU
   3:7>Target "GetCopyToOutputDirectoryItems" in file "C:\Program Files\dotnet\sdk\8.0.302\Microsoft.Common.CurrentVersion.targets" from project "D:\Tito Pedraza\OneDrive\Proyectos\Codigo Fuente\repos\HumanCore\src\TalenHuman.Domain\TalenHuman.Domain.csproj" (target "_CopySourceItemsToOutputDirectory" depends on it):
   3:7>Using "CallTarget" task from assembly "Microsoft.Build.Tasks.Core, Version=15.1.0.0, Culture=neutral, PublicKeyToken=b03f5f7f11d50a3a".
       Task "CallTarget"
       Target "_PopulateCommonStateForGetCopyToOutputDirectoryItems" skipped. Previously built successfully.
   5:6>_GetProjectReferenceTargetFrameworkProperties:
         Removing Properties:
           WebPublishProfileFile
           TargetFramework
           RuntimeIdentifier
           SelfContained
   3:7>Target "_AddOutputPathToGlobalPropertiesToRemove" skipped. Previously built successfully.
   3:7>Target "_GetCopyToOutputDirectoryItemsFromTransitiveProjectReferences" in file "C:\Program Files\dotnet\sdk\8.0.302\Microsoft.Common.CurrentVersion.targets" from project "D:\Tito Pedraza\OneDrive\Proyectos\Codigo Fuente\repos\HumanCore\src\TalenHuman.Domain\TalenHuman.Domain.csproj" (target "GetCopyToOutputDirectoryItems" depends on it):
       Task "MSBuild" skipped, due to false condition; ('@(_MSBuildProjectReferenceExistent)' != '' and '$(_GetChildProjectCopyToOutputDirectoryItems)' == 'true' and '%(_MSBuildProjectReferenceExistent.Private)' != 'false' and '$(UseCommonOutputDirectory)' != 'true') was evaluated as ('' != '' and 'true' == 'true' and '' != 'false' and 'false' != 'true').
       Task "AssignTargetPath"
       Done executing task "AssignTargetPath".
   3:7>Done building target "_GetCopyToOutputDirectoryItemsFromTransitiveProjectReferences" in project "TalenHuman.Domain.csproj".
   5:6>Project "D:\Tito Pedraza\OneDrive\Proyectos\Codigo Fuente\repos\HumanCore\src\TalenHuman.API\TalenHuman.API.csproj" (5:6) is building "D:\Tito Pedraza\OneDrive\Proyectos\Codigo Fuente\repos\HumanCore\src\TalenHuman.Application\TalenHuman.Application.csproj" (2:10) on node 1 (GetTargetFrameworks target(s)).
  2:10>Target "GetTargetFrameworks" skipped. Previously built successfully.
  2:10>Done Building Project "D:\Tito Pedraza\OneDrive\Proyectos\Codigo Fuente\repos\HumanCore\src\TalenHuman.Application\TalenHuman.Application.csproj" (GetTargetFrameworks target(s)).
   3:7>Done executing task "CallTarget".
       Task "CallTarget"
       Target "AssignTargetPaths" skipped. Previously built successfully.
       Target "_PopulateCommonStateForGetCopyToOutputDirectoryItems" skipped. Previously built successfully.
       Target "AddDepsJsonAndRuntimeConfigToCopyItemsForReferencingProjects" skipped, due to false condition; ('$(HasRuntimeOutput)' == 'true') was evaluated as ('' == 'true').
   3:7>Target "_GetCopyToOutputDirectoryItemsFromThisProject" in file "C:\Program Files\dotnet\sdk\8.0.302\Microsoft.Common.CurrentVersion.targets" from project "D:\Tito Pedraza\OneDrive\Proyectos\Codigo Fuente\repos\HumanCore\src\TalenHuman.Domain\TalenHuman.Domain.csproj" (target "GetCopyToOutputDirectoryItems" depends on it):
       Task "AssignTargetPath"
       Done executing task "AssignTargetPath".
   3:7>Done building target "_GetCopyToOutputDirectoryItemsFromThisProject" in project "TalenHuman.Domain.csproj".
       Done executing task "CallTarget".
   3:7>Done building target "GetCopyToOutputDirectoryItems" in project "TalenHuman.Domain.csproj".
       Target "_CopyOutOfDateSourceItemsToOutputDirectory" skipped, due to false condition; ( '@(_SourceItemsToCopyToOutputDirectory)' != '' ) was evaluated as ( '' != '' ).
       Target "_CopyOutOfDateSourceItemsToOutputDirectoryAlways" skipped, due to false condition; ( '@(_SourceItemsToCopyToOutputDirectoryAlways)' != '' ) was evaluated as ( '' != '' ).
   3:7>Target "_CopySourceItemsToOutputDirectory" in file "C:\Program Files\dotnet\sdk\8.0.302\Microsoft.Common.CurrentVersion.targets" from project "D:\Tito Pedraza\OneDrive\Proyectos\Codigo Fuente\repos\HumanCore\src\TalenHuman.Domain\TalenHuman.Domain.csproj" (target "CopyFilesToOutputDirectory" depends on it):
   3:7>Done building target "_CopySourceItemsToOutputDirectory" in project "TalenHuman.Domain.csproj".
       Target "_CopyAppConfigFile" skipped, due to false condition; ( '@(AppConfigWithTargetPath)' != '' ) was evaluated as ( '' != '' ).
       Target "_CopyManifestFiles" skipped, due to false condition; ( '$(_DeploymentCopyApplicationManifest)'=='true' or '$(GenerateClickOnceManifests)'=='true' ) was evaluated as ( ''=='true' or ''=='true' ).
   3:7>Target "_CheckForCompileOutputs" in file "C:\Program Files\dotnet\sdk\8.0.302\Microsoft.Common.CurrentVersion.targets" from project "D:\Tito Pedraza\OneDrive\Proyectos\Codigo Fuente\repos\HumanCore\src\TalenHuman.Domain\TalenHuman.Domain.csproj" (target "CopyFilesToOutputDirectory" depends on it):
   3:7>Done building target "_CheckForCompileOutputs" in project "TalenHuman.Domain.csproj".
       Target "_SGenCheckForOutputs" skipped, due to false condition; ('$(_SGenGenerateSerializationAssembliesConfig)' == 'On' or ('@(WebReferenceUrl)'!='' and '$(_SGenGenerateSerializationAssembliesConfig)' == 'Auto')) was evaluated as ('Off' == 'On' or (''!='' and 'Off' == 'Auto')).
   5:6>Project "D:\Tito Pedraza\OneDrive\Proyectos\Codigo Fuente\repos\HumanCore\src\TalenHuman.API\TalenHuman.API.csproj" (5:6) is building "D:\Tito Pedraza\OneDrive\Proyectos\Codigo Fuente\repos\HumanCore\src\TalenHuman.Infrastructure\TalenHuman.Infrastructure.csproj" (4:8) on node 3 (GetTargetFrameworks target(s)).
   4:8>Target "NETStandardCompatError_Microsoft_Extensions_Configuration_Binder" skipped. Previously built successfully.
   3:7>Target "_DefaultMicrosoftNETPlatformLibrary" skipped. Previously built successfully.
       Target "_HandlePackageFileConflicts" skipped. Previously built successfully.
   4:8>Target "GetTargetFrameworksWithPlatformForSingleTargetFramework" in file "C:\Program Files\dotnet\sdk\8.0.302\Microsoft.Common.CurrentVersion.targets" from project "D:\Tito Pedraza\OneDrive\Proyectos\Codigo Fuente\repos\HumanCore\src\TalenHuman.Infrastructure\TalenHuman.Infrastructure.csproj" (target "GetTargetFrameworks" depends on it):
   4:8>Using "CombineTargetFrameworkInfoProperties" task from assembly "Microsoft.Build.Tasks.Core, Version=15.1.0.0, Culture=neutral, PublicKeyToken=b03f5f7f11d50a3a".
   3:7>Target "ResolveAssemblyReferences" skipped. Previously built successfully.
   4:8>Task "CombineTargetFrameworkInfoProperties"
       Done executing task "CombineTargetFrameworkInfoProperties".
   3:7>Target "_ComputeReferenceAssemblies" in file "C:\Program Files\dotnet\sdk\8.0.302\Sdks\Microsoft.NET.Sdk\targets\Microsoft.NET.Sdk.targets" from project "D:\Tito Pedraza\OneDrive\Proyectos\Codigo Fuente\repos\HumanCore\src\TalenHuman.Domain\TalenHuman.Domain.csproj" (target "GenerateBuildDependencyFile" depends on it):
   3:7>Done building target "_ComputeReferenceAssemblies" in project "TalenHuman.Domain.csproj".
   4:8>Done building target "GetTargetFrameworksWithPlatformForSingleTargetFramework" in project "TalenHuman.Infrastructure.csproj".
   3:7>Target "_ComputeUserRuntimeAssemblies" in file "C:\Program Files\dotnet\sdk\8.0.302\Sdks\Microsoft.NET.Sdk\targets\Microsoft.NET.Sdk.targets" from project "D:\Tito Pedraza\OneDrive\Proyectos\Codigo Fuente\repos\HumanCore\src\TalenHuman.Domain\TalenHuman.Domain.csproj" (target "GenerateBuildDependencyFile" depends on it):
   3:7>Done building target "_ComputeUserRuntimeAssemblies" in project "TalenHuman.Domain.csproj".
       Target "ResolveRuntimePackAssets" skipped, due to false condition; ('@(RuntimePack)' != '') was evaluated as ('' != '').
       Target "_ComputePackageReferencePublish" skipped. Previously built successfully.
       Target "ComputeDependencyFileCompilerOptions" skipped, due to false condition; ('$(PreserveCompilationContext)' == 'true') was evaluated as ('' == 'true').
   4:8>Target "GetTargetFrameworks" in file "C:\Program Files\dotnet\sdk\8.0.302\Microsoft.Common.CurrentVersion.targets" from project "D:\Tito Pedraza\OneDrive\Proyectos\Codigo Fuente\repos\HumanCore\src\TalenHuman.Infrastructure\TalenHuman.Infrastructure.csproj" (entry point):
   4:8>Task "Error" skipped, due to false condition; ('$(IsCrossTargetingBuild)' == 'true') was evaluated as ('' == 'true').
   3:7>Target "GenerateBuildDependencyFile" in file "C:\Program Files\dotnet\sdk\8.0.302\Sdks\Microsoft.NET.Sdk\targets\Microsoft.NET.Sdk.targets" from project "D:\Tito Pedraza\OneDrive\Proyectos\Codigo Fuente\repos\HumanCore\src\TalenHuman.Domain\TalenHuman.Domain.csproj" (target "CopyFilesToOutputDirectory" depends on it):
   3:7>Skipping target "GenerateBuildDependencyFile" because all output files are up-to-date with respect to the input files.
   4:8>GetTargetFrameworks:
       Using "CombineXmlElements" task from assembly "Microsoft.Build.Tasks.Core, Version=15.1.0.0, Culture=neutral, PublicKeyToken=b03f5f7f11d50a3a".
   3:7>GenerateBuildDependencyFile:
       Input files: 
           D:\Tito Pedraza\OneDrive\Proyectos\Codigo Fuente\repos\HumanCore\src\TalenHuman.Domain\obj\project.assets.json
           D:\Tito Pedraza\OneDrive\Proyectos\Codigo Fuente\repos\HumanCore\src\TalenHuman.Domain\obj\Debug\net8.0\TalenHuman.Domain.assets.cache
           D:\Tito Pedraza\OneDrive\Proyectos\Codigo Fuente\repos\HumanCore\src\TalenHuman.Domain\obj\TalenHuman.Domain.csproj.nuget.g.targets
           C:\Program Files\dotnet\sdk\8.0.302\Current\Microsoft.Common.targets\ImportAfter\Microsoft.TestPlatform.ImportAfter.targets
   4:8>Task "CombineXmlElements"
   3:7>GenerateBuildDependencyFile:
       Output files: D:\Tito Pedraza\OneDrive\Proyectos\Codigo Fuente\repos\HumanCore\src\TalenHuman.Domain\bin\Debug\net8.0\TalenHuman.Domain.deps.json
   4:8>Done executing task "CombineXmlElements".
   3:7>Done building target "GenerateBuildDependencyFile" in project "TalenHuman.Domain.csproj".
   4:8>Done building target "GetTargetFrameworks" in project "TalenHuman.Infrastructure.csproj".
   4:8>Done Building Project "D:\Tito Pedraza\OneDrive\Proyectos\Codigo Fuente\repos\HumanCore\src\TalenHuman.Infrastructure\TalenHuman.Infrastructure.csproj" (GetTargetFrameworks target(s)).
   3:7>Target "GenerateBuildRuntimeConfigurationFiles" skipped, due to false condition; ( '$(GenerateRuntimeConfigurationFiles)' == 'true') was evaluated as ( '' == 'true').
       Target "GenerateShimsAssets" skipped, due to false condition; ('$(PackAsTool)' == 'true' and $(PackAsToolShimRuntimeIdentifiers) != '' ) was evaluated as ('' == 'true' and  != '' ).
   3:7>Target "CopyFilesToOutputDirectory" in file "C:\Program Files\dotnet\sdk\8.0.302\Microsoft.Common.CurrentVersion.targets" from project "D:\Tito Pedraza\OneDrive\Proyectos\Codigo Fuente\repos\HumanCore\src\TalenHuman.Domain\TalenHuman.Domain.csproj" (target "PrepareForRun" depends on it):
       Using "Copy" task from assembly "Microsoft.Build.Tasks.Core, Version=15.1.0.0, Culture=neutral, PublicKeyToken=b03f5f7f11d50a3a".
       Task "Copy"
         Did not copy from file "obj\Debug\net8.0\TalenHuman.Domain.dll" to file "bin\Debug\net8.0\TalenHuman.Domain.dll" because the "SkipUnchangedFiles" parameter was set to "true" in the project and the files' sizes and timestamps match.
       Done executing task "Copy".
       Using "CopyRefAssembly" task from assembly "C:\Program Files\dotnet\sdk\8.0.302\Roslyn\Microsoft.Build.Tasks.CodeAnalysis.dll".
       Task "CopyRefAssembly"
         Reference assembly "D:\Tito Pedraza\OneDrive\Proyectos\Codigo Fuente\repos\HumanCore\src\TalenHuman.Domain\obj\Debug\net8.0\ref\TalenHuman.Domain.dll" already has latest information. Leaving it untouched.
       Done executing task "CopyRefAssembly".
       Task "Message"
         TalenHuman.Domain -> D:\Tito Pedraza\OneDrive\Proyectos\Codigo Fuente\repos\HumanCore\src\TalenHuman.Domain\bin\Debug\net8.0\TalenHuman.Domain.dll
       Done executing task "Message".
       Task "Copy" skipped, due to false condition; ('@(AddModules)' != '') was evaluated as ('' != '').
       Task "Copy" skipped, due to false condition; ('$(_SGenDllCreated)'=='true') was evaluated as ('false'=='true').
       Task "Copy"
         Did not copy from file "obj\Debug\net8.0\TalenHuman.Domain.pdb" to file "bin\Debug\net8.0\TalenHuman.Domain.pdb" because the "SkipUnchangedFiles" parameter was set to "true" in the project and the files' sizes and timestamps match.
       Done executing task "Copy".
       Task "Copy" skipped, due to false condition; ('$(_DocumentationFileProduced)'=='true' and '$(CopyDocumentationFileToOutputDirectory)'=='true') was evaluated as ('false'=='true' and 'true'=='true').
       Task "Copy" skipped, due to false condition; ('@(IntermediateSatelliteAssembliesWithTargetPath)' != '') was evaluated as ('' != '').
       Task "Copy" skipped, due to false condition; ('@(ReferenceComWrappersToCopyLocal)' != '' or '@(ResolvedIsolatedComModules)' != '' or '@(_DeploymentLooseManifestFile)' != '' or '@(NativeReferenceFile)' != '' ) was evaluated as ('' != '' or '' != '' or '' != '' or '' != '' ).
       Task "Copy" skipped, due to false condition; ('$(SkipCopyWinMDArtifact)' != 'true' and '@(WinMDExpArtifacts)' != '') was evaluated as ('' != 'true' and '' != '').
       Task "Message" skipped, due to false condition; ('$(SkipCopyWinMDArtifact)' != 'true' and '$(_WindowsMetadataOutputPath)' != '') was evaluated as ('' != 'true' and '' != '').
   3:7>Done building target "CopyFilesToOutputDirectory" in project "TalenHuman.Domain.csproj".
       Target "_CopyReferenceOnlyAssembliesForBuild" skipped, due to false condition; ('$(PreserveCompilationReferences)' == 'true') was evaluated as ('' == 'true').
   3:7>Target "PrepareForRun" in file "C:\Program Files\dotnet\sdk\8.0.302\Microsoft.Common.CurrentVersion.targets" from project "D:\Tito Pedraza\OneDrive\Proyectos\Codigo Fuente\repos\HumanCore\src\TalenHuman.Domain\TalenHuman.Domain.csproj" (target "CoreBuild" depends on it):
   3:7>Done building target "PrepareForRun" in project "TalenHuman.Domain.csproj".
       Target "UnmanagedRegistration" skipped, due to false condition; ('$(RegisterForComInterop)'=='true' and '$(OutputType)'=='library') was evaluated as (''=='true' and 'Library'=='library').
       Target "_CheckForCompileOutputs" skipped. Previously built successfully.
       Target "_SGenCheckForOutputs" skipped, due to false condition; ('$(_SGenGenerateSerializationAssembliesConfig)' == 'On' or ('@(WebReferenceUrl)'!='' and '$(_SGenGenerateSerializationAssembliesConfig)' == 'Auto')) was evaluated as ('Off' == 'On' or (''!='' and 'Off' == 'Auto')).
   3:7>Target "_CleanGetCurrentAndPriorFileWrites" in file "C:\Program Files\dotnet\sdk\8.0.302\Microsoft.Common.CurrentVersion.targets" from project "D:\Tito Pedraza\OneDrive\Proyectos\Codigo Fuente\repos\HumanCore\src\TalenHuman.Domain\TalenHuman.Domain.csproj" (target "IncrementalClean" depends on it):
       Using "ReadLinesFromFile" task from assembly "Microsoft.Build.Tasks.Core, Version=15.1.0.0, Culture=neutral, PublicKeyToken=b03f5f7f11d50a3a".
       Task "ReadLinesFromFile"
       Done executing task "ReadLinesFromFile".
       Task "ConvertToAbsolutePath"
       Done executing task "ConvertToAbsolutePath".
       Using "FindUnderPath" task from assembly "Microsoft.Build.Tasks.Core, Version=15.1.0.0, Culture=neutral, PublicKeyToken=b03f5f7f11d50a3a".
       Task "FindUnderPath"
         Comparison path is "D:\Tito Pedraza\OneDrive\Proyectos\Codigo Fuente\repos\HumanCore\src\TalenHuman.Domain".
       Done executing task "FindUnderPath".
       Task "FindUnderPath"
         Comparison path is "bin\Debug\net8.0\".
       Done executing task "FindUnderPath".
       Task "FindUnderPath"
         Comparison path is "obj\Debug\net8.0\".
       Done executing task "FindUnderPath".
       Task "RemoveDuplicates"
       Done executing task "RemoveDuplicates".
   3:7>Done building target "_CleanGetCurrentAndPriorFileWrites" in project "TalenHuman.Domain.csproj".
   3:7>Target "IncrementalClean" in file "C:\Program Files\dotnet\sdk\8.0.302\Microsoft.Common.CurrentVersion.targets" from project "D:\Tito Pedraza\OneDrive\Proyectos\Codigo Fuente\repos\HumanCore\src\TalenHuman.Domain\TalenHuman.Domain.csproj" (target "CoreBuild" depends on it):
       Task "FindUnderPath"
         Comparison path is "bin\Debug\net8.0\".
       Done executing task "FindUnderPath".
       Task "FindUnderPath"
         Comparison path is "obj\Debug\net8.0\".
       Done executing task "FindUnderPath".
       Using "Delete" task from assembly "Microsoft.Build.Tasks.Core, Version=15.1.0.0, Culture=neutral, PublicKeyToken=b03f5f7f11d50a3a".
       Task "Delete"
       Done executing task "Delete".
       Task "RemoveDuplicates"
       Done executing task "RemoveDuplicates".
       Task "WriteLinesToFile" skipped, due to false condition; ('@(_CleanUnfilteredPriorFileWrites)'!='@(_CleanUniqueRemainingFileWritesAfterIncrementalClean)') was evaluated as ('D:\Tito Pedraza\OneDrive\Proyectos\Codigo Fuente\repos\HumanCore\src\TalenHuman.Domain\bin\Debug\net8.0\TalenHuman.Domain.deps.json;D:\Tito Pedraza\OneDrive\Proyectos\Codigo Fuente\repos\HumanCore\src\TalenHuman.Domain\bin\Debug\net8.0\TalenHuman.Domain.dll;D:\Tito Pedraza\OneDrive\Proyectos\Codigo Fuente\repos\HumanCore\src\TalenHuman.Domain\bin\Debug\net8.0\TalenHuman.Domain.pdb;...'!='D:\Tito Pedraza\OneDrive\Proyectos\Codigo Fuente\repos\HumanCore\src\TalenHuman.Domain\bin\Debug\net8.0\TalenHuman.Domain.deps.json;D:\Tito Pedraza\OneDrive\Proyectos\Codigo Fuente\repos\HumanCore\src\TalenHuman.Domain\bin\Debug\net8.0\TalenHuman.Domain.dll;D:\Tito Pedraza\OneDrive\Proyectos\Codigo Fuente\repos\HumanCore\src\TalenHuman.Domain\bin\Debug\net8.0\TalenHuman.Domain.pdb;...').
   3:7>Done building target "IncrementalClean" in project "TalenHuman.Domain.csproj".
       Target "PostBuildEvent" skipped, due to false condition; ('$(PostBuildEvent)' != '' and ('$(RunPostBuildEvent)' != 'OnOutputUpdated' or '$(_AssemblyTimestampBeforeCompile)' != '$(_AssemblyTimestampAfterCompile)')) was evaluated as ('' != '' and ('' != 'OnOutputUpdated' or '' != '')).
       Target "GenerateBuildDependencyFile" skipped. Previously built successfully.
       Target "GenerateBuildRuntimeConfigurationFiles" skipped, due to false condition; ( '$(GenerateRuntimeConfigurationFiles)' == 'true') was evaluated as ( '' == 'true').
   3:7>Target "CoreBuild" in file "C:\Program Files\dotnet\sdk\8.0.302\Microsoft.Common.CurrentVersion.targets" from project "D:\Tito Pedraza\OneDrive\Proyectos\Codigo Fuente\repos\HumanCore\src\TalenHuman.Domain\TalenHuman.Domain.csproj" (target "Build" depends on it):
   3:7>Done building target "CoreBuild" in project "TalenHuman.Domain.csproj".
   3:7>Target "AfterBuild" in file "C:\Program Files\dotnet\sdk\8.0.302\Microsoft.Common.CurrentVersion.targets" from project "D:\Tito Pedraza\OneDrive\Proyectos\Codigo Fuente\repos\HumanCore\src\TalenHuman.Domain\TalenHuman.Domain.csproj" (target "Build" depends on it):
   3:7>Done building target "AfterBuild" in project "TalenHuman.Domain.csproj".
       Target "_CheckBrowserWorkloadNeededButNotAvailable" skipped, due to false condition; ('$(RuntimeIdentifier)' == 'browser-wasm' and '$(_BrowserWorkloadDisabled)' != 'true' and '$(WasmNativeWorkloadAvailable)' != 'true') was evaluated as ('' == 'browser-wasm' and '' != 'true' and '' != 'true').
       Target "_ErrorWorkloadDisabledForTFMLessThan6" skipped, due to false condition; ('$(_BrowserWorkloadNotSupportedForTFM)' == 'true') was evaluated as ('' == 'true').
       Target "_ErrorDualWasmThreadPropsOn7" skipped, due to false condition; ('$(TargetsNet7)' == 'true' and '$(RuntimeIdentifier)' == 'browser-wasm' and
           '$(BrowserWorkloadDisabled)' != 'true' and '$(WasmEnableThreads)' == 'true' and '$(WasmEnablePerfTrace)' == 'true') was evaluated as ('' == 'true' and '' == 'browser-wasm' and
           '' != 'true' and '' == 'true' and '' == 'true').
       Target "_CheckForInvalidConfigurationAndPlatform" skipped. Previously built successfully.
       Target "_CheckForInvalidConfigurationAndPlatform" skipped. Previously built successfully.
   3:7>Target "Build" in file "C:\Program Files\dotnet\sdk\8.0.302\Microsoft.Common.CurrentVersion.targets" from project "D:\Tito Pedraza\OneDrive\Proyectos\Codigo Fuente\repos\HumanCore\src\TalenHuman.Domain\TalenHuman.Domain.csproj" (entry point):
   3:7>Done building target "Build" in project "TalenHuman.Domain.csproj".
       Target "_PackAsBuildAfterTarget" skipped, due to false condition; ('$(GeneratePackageOnBuild)' == 'true' AND '$(IsInnerBuild)' != 'true') was evaluated as ('false' == 'true' AND '' != 'true').
   3:7>Target "_CheckContainersPackage" in file "C:\Program Files\dotnet\sdk\8.0.302\Containers\build\Microsoft.NET.Build.Containers.targets" from project "D:\Tito Pedraza\OneDrive\Proyectos\Codigo Fuente\repos\HumanCore\src\TalenHuman.Domain\TalenHuman.Domain.csproj" (entry point):
       Task "Warning" skipped, due to false condition; ($(_ContainerPackageIsPresent)
               and (
                 ($(_SdkCanPublishWeb) and $(_IsWebProject)) or
                 ($(_SdkCanPublishWorker) and $(_IsWorkerProject)) or
                 ($(_SdkCanPublishConsole) and '$(EnableSdkContainerSupport)' == 'true')
               )) was evaluated as (false
               and (
                 (True and false) or
                 (True and false) or
                 (True and '' == 'true')
               )).
   3:7>Done building target "_CheckContainersPackage" in project "TalenHuman.Domain.csproj".
   3:7>Done Building Project "D:\Tito Pedraza\OneDrive\Proyectos\Codigo Fuente\repos\HumanCore\src\TalenHuman.Domain\TalenHuman.Domain.csproj" (default targets).
   5:6>Project "D:\Tito Pedraza\OneDrive\Proyectos\Codigo Fuente\repos\HumanCore\src\TalenHuman.API\TalenHuman.API.csproj" (5:6) is building "D:\Tito Pedraza\OneDrive\Proyectos\Codigo Fuente\repos\HumanCore\src\TalenHuman.Domain\TalenHuman.Domain.csproj" (3:8) on node 2 (GetTargetFrameworks target(s)).
   3:8>Target "GetTargetFrameworksWithPlatformForSingleTargetFramework" in file "C:\Program Files\dotnet\sdk\8.0.302\Microsoft.Common.CurrentVersion.targets" from project "D:\Tito Pedraza\OneDrive\Proyectos\Codigo Fuente\repos\HumanCore\src\TalenHuman.Domain\TalenHuman.Domain.csproj" (target "GetTargetFrameworks" depends on it):
   3:8>Using "CombineTargetFrameworkInfoProperties" task from assembly "Microsoft.Build.Tasks.Core, Version=15.1.0.0, Culture=neutral, PublicKeyToken=b03f5f7f11d50a3a".
       Task "CombineTargetFrameworkInfoProperties"
       Done executing task "CombineTargetFrameworkInfoProperties".
   3:8>Done building target "GetTargetFrameworksWithPlatformForSingleTargetFramework" in project "TalenHuman.Domain.csproj".
   3:8>Target "GetTargetFrameworks" in file "C:\Program Files\dotnet\sdk\8.0.302\Microsoft.Common.CurrentVersion.targets" from project "D:\Tito Pedraza\OneDrive\Proyectos\Codigo Fuente\repos\HumanCore\src\TalenHuman.Domain\TalenHuman.Domain.csproj" (entry point):
       Task "Error" skipped, due to false condition; ('$(IsCrossTargetingBuild)' == 'true') was evaluated as ('' == 'true').
       Using "CombineXmlElements" task from assembly "Microsoft.Build.Tasks.Core, Version=15.1.0.0, Culture=neutral, PublicKeyToken=b03f5f7f11d50a3a".
       Task "CombineXmlElements"
       Done executing task "CombineXmlElements".
   3:8>Done building target "GetTargetFrameworks" in project "TalenHuman.Domain.csproj".
   3:8>Done Building Project "D:\Tito Pedraza\OneDrive\Proyectos\Codigo Fuente\repos\HumanCore\src\TalenHuman.Domain\TalenHuman.Domain.csproj" (GetTargetFrameworks target(s)).
   2:8>Project "D:\Tito Pedraza\OneDrive\Proyectos\Codigo Fuente\repos\HumanCore\src\TalenHuman.Application\TalenHuman.Application.csproj" (2:8) is building "D:\Tito Pedraza\OneDrive\Proyectos\Codigo Fuente\repos\HumanCore\src\TalenHuman.Domain\TalenHuman.Domain.csproj" (3:9) on node 2 (GetTargetFrameworks target(s)).
   3:9>Target "GetTargetFrameworks" skipped. Previously built successfully.
   3:9>Done Building Project "D:\Tito Pedraza\OneDrive\Proyectos\Codigo Fuente\repos\HumanCore\src\TalenHuman.Domain\TalenHuman.Domain.csproj" (GetTargetFrameworks target(s)).
   4:7>Project "D:\Tito Pedraza\OneDrive\Proyectos\Codigo Fuente\repos\HumanCore\src\TalenHuman.Infrastructure\TalenHuman.Infrastructure.csproj" (4:7) is building "D:\Tito Pedraza\OneDrive\Proyectos\Codigo Fuente\repos\HumanCore\src\TalenHuman.Domain\TalenHuman.Domain.csproj" (3:10) on node 2 (GetTargetFrameworks target(s)).
  3:10>Target "GetTargetFrameworks" skipped. Previously built successfully.
  3:10>Done Building Project "D:\Tito Pedraza\OneDrive\Proyectos\Codigo Fuente\repos\HumanCore\src\TalenHuman.Domain\TalenHuman.Domain.csproj" (GetTargetFrameworks target(s)).
   5:6>Done executing task "MSBuild".
       Task "MSBuild" skipped, due to false condition; ('%(_MSBuildProjectReferenceExistent.SkipGetTargetFrameworkProperties)' != 'true' and '$(EnableDynamicPlatformResolution)' == 'true') was evaluated as ('' != 'true' and '' == 'true').
   2:8>Done executing task "MSBuild".
   4:7>Done executing task "MSBuild".
       Task "MSBuild" skipped, due to false condition; ('%(_MSBuildProjectReferenceExistent.SkipGetTargetFrameworkProperties)' != 'true' and '$(EnableDynamicPlatformResolution)' == 'true') was evaluated as ('' != 'true' and '' == 'true').
   2:8>_GetProjectReferenceTargetFrameworkProperties:
       Task "MSBuild" skipped, due to false condition; ('%(_MSBuildProjectReferenceExistent.SkipGetTargetFrameworkProperties)' != 'true' and '$(EnableDynamicPlatformResolution)' == 'true') was evaluated as ('' != 'true' and '' == 'true').
       Using "GetReferenceNearestTargetFrameworkTask" task from assembly "C:\Program Files\dotnet\sdk\8.0.302\NuGet.Build.Tasks.dll".
   5:6>_GetProjectReferenceTargetFrameworkProperties:
       Using "GetReferenceNearestTargetFrameworkTask" task from assembly "C:\Program Files\dotnet\sdk\8.0.302\NuGet.Build.Tasks.dll".
       Task "GetReferenceNearestTargetFrameworkTask"
   4:7>_GetProjectReferenceTargetFrameworkProperties:
       Using "GetReferenceNearestTargetFrameworkTask" task from assembly "C:\Program Files\dotnet\sdk\8.0.302\NuGet.Build.Tasks.dll".
   2:8>Task "GetReferenceNearestTargetFrameworkTask"
   4:7>Task "GetReferenceNearestTargetFrameworkTask"
       Done executing task "GetReferenceNearestTargetFrameworkTask".
   2:8>Done executing task "GetReferenceNearestTargetFrameworkTask".
       Task "GetReferenceNearestTargetFrameworkTask" skipped, due to false condition; ('@(_ProjectReferenceTargetFrameworkPossibilities)' != '' and '$(ReferringTargetFrameworkForProjectReferences)' != ''
                                                               And '$(GetReferenceNearestTargetFrameworkTaskSupportsTargetPlatformParameter)' != 'true' and '%(_ProjectReferenceTargetFrameworkPossibilities.IsVcxOrNativeProj)' != 'true') was evaluated as ('..\TalenHuman.Domain\TalenHuman.Domain.csproj' != '' and '.NETCoreApp,Version=v8.0' != ''
                                                               And 'true' != 'true' and '' != 'true').
   4:7>_GetProjectReferenceTargetFrameworkProperties:
       Task "GetReferenceNearestTargetFrameworkTask" skipped, due to false condition; ('@(_ProjectReferenceTargetFrameworkPossibilities)' != '' and '$(ReferringTargetFrameworkForProjectReferences)' != ''
                                                               And '$(GetReferenceNearestTargetFrameworkTaskSupportsTargetPlatformParameter)' != 'true' and '%(_ProjectReferenceTargetFrameworkPossibilities.IsVcxOrNativeProj)' != 'true') was evaluated as ('..\TalenHuman.Application\TalenHuman.Application.csproj;..\TalenHuman.Domain\TalenHuman.Domain.csproj' != '' and '.NETCoreApp,Version=v8.0' != ''
                                                               And 'true' != 'true' and '' != 'true').
       Using "SetRidAgnosticValueForProjects" task from assembly "Microsoft.Build.Tasks.Core, Version=15.1.0.0, Culture=neutral, PublicKeyToken=b03f5f7f11d50a3a".
   2:8>_GetProjectReferenceTargetFrameworkProperties:
       Using "SetRidAgnosticValueForProjects" task from assembly "Microsoft.Build.Tasks.Core, Version=15.1.0.0, Culture=neutral, PublicKeyToken=b03f5f7f11d50a3a".
   4:7>Task "SetRidAgnosticValueForProjects"
       Done executing task "SetRidAgnosticValueForProjects".
   2:8>Task "SetRidAgnosticValueForProjects"
       Done executing task "SetRidAgnosticValueForProjects".
   2:8>Done building target "_GetProjectReferenceTargetFrameworkProperties" in project "TalenHuman.Application.csproj".
   4:7>Done building target "_GetProjectReferenceTargetFrameworkProperties" in project "TalenHuman.Infrastructure.csproj".
   4:7>Target "ValidateExecutableReferences" in file "C:\Program Files\dotnet\sdk\8.0.302\Sdks\Microsoft.NET.Sdk\targets\Microsoft.NET.Sdk.targets" from project "D:\Tito Pedraza\OneDrive\Proyectos\Codigo Fuente\repos\HumanCore\src\TalenHuman.Infrastructure\TalenHuman.Infrastructure.csproj" (target "PrepareProjectReferences" depends on it):
       Using "ValidateExecutableReferences" task from assembly "C:\Program Files\dotnet\sdk\8.0.302\Sdks\Microsoft.NET.Sdk\targets\..\tools\net8.0\Microsoft.NET.Build.Tasks.dll".
   2:8>Target "ValidateExecutableReferences" in file "C:\Program Files\dotnet\sdk\8.0.302\Sdks\Microsoft.NET.Sdk\targets\Microsoft.NET.Sdk.targets" from project "D:\Tito Pedraza\OneDrive\Proyectos\Codigo Fuente\repos\HumanCore\src\TalenHuman.Application\TalenHuman.Application.csproj" (target "PrepareProjectReferences" depends on it):
   2:8>Using "ValidateExecutableReferences" task from assembly "C:\Program Files\dotnet\sdk\8.0.302\Sdks\Microsoft.NET.Sdk\targets\..\tools\net8.0\Microsoft.NET.Build.Tasks.dll".
   4:7>Task "ValidateExecutableReferences"
       Done executing task "ValidateExecutableReferences".
   2:8>Task "ValidateExecutableReferences"
   4:7>Done building target "ValidateExecutableReferences" in project "TalenHuman.Infrastructure.csproj".
       Target "_GetProjectReferencePlatformProperties" skipped, due to false condition; ('$(EnableDynamicPlatformResolution)' == 'true'
                            and '@(_MSBuildProjectReferenceExistent)' != '') was evaluated as ('' == 'true'
                            and '..\TalenHuman.Application\TalenHuman.Application.csproj;..\TalenHuman.Domain\TalenHuman.Domain.csproj' != '').
   2:8>Done executing task "ValidateExecutableReferences".
   4:7>Target "PrepareProjectReferences" in file "C:\Program Files\dotnet\sdk\8.0.302\Microsoft.Common.CurrentVersion.targets" from project "D:\Tito Pedraza\OneDrive\Proyectos\Codigo Fuente\repos\HumanCore\src\TalenHuman.Infrastructure\TalenHuman.Infrastructure.csproj" (target "ResolveProjectReferences" depends on it):
   4:7>Done building target "PrepareProjectReferences" in project "TalenHuman.Infrastructure.csproj".
   2:8>Done building target "ValidateExecutableReferences" in project "TalenHuman.Application.csproj".
   4:7>Target "ResolveProjectReferences" in file "C:\Program Files\dotnet\sdk\8.0.302\Microsoft.Common.CurrentVersion.targets" from project "D:\Tito Pedraza\OneDrive\Proyectos\Codigo Fuente\repos\HumanCore\src\TalenHuman.Infrastructure\TalenHuman.Infrastructure.csproj" (target "ResolveReferences" depends on it):
   4:7>Task "MSBuild" skipped, due to false condition; ('%(_MSBuildProjectReferenceExistent.BuildReference)' == 'true' and '@(ProjectReferenceWithConfiguration)' != '' and ('$(BuildingInsideVisualStudio)' == 'true' or '$(BuildProjectReferences)' != 'true') and '$(VisualStudioVersion)' != '10.0' and '@(_MSBuildProjectReferenceExistent)' != '') was evaluated as ('true' == 'true' and '..\TalenHuman.Application\TalenHuman.Application.csproj;..\TalenHuman.Domain\TalenHuman.Domain.csproj' != '' and ('' == 'true' or 'true' != 'true') and '17.0' != '10.0' and '..\TalenHuman.Application\TalenHuman.Application.csproj;..\TalenHuman.Domain\TalenHuman.Domain.csproj' != '').
   2:8>Target "_GetProjectReferencePlatformProperties" skipped, due to false condition; ('$(EnableDynamicPlatformResolution)' == 'true'
                     and '@(_MSBuildProjectReferenceExistent)' != '') was evaluated as ('' == 'true'
                     and '..\TalenHuman.Domain\TalenHuman.Domain.csproj' != '').
   4:7>Task "MSBuild"
   2:8>Target "PrepareProjectReferences" in file "C:\Program Files\dotnet\sdk\8.0.302\Microsoft.Common.CurrentVersion.targets" from project "D:\Tito Pedraza\OneDrive\Proyectos\Codigo Fuente\repos\HumanCore\src\TalenHuman.Application\TalenHuman.Application.csproj" (target "ResolveProjectReferences" depends on it):
   2:8>Done building target "PrepareProjectReferences" in project "TalenHuman.Application.csproj".
   4:7>ResolveProjectReferences:
         Global Properties:
           Configuration=Debug
   2:8>Target "ResolveProjectReferences" in file "C:\Program Files\dotnet\sdk\8.0.302\Microsoft.Common.CurrentVersion.targets" from project "D:\Tito Pedraza\OneDrive\Proyectos\Codigo Fuente\repos\HumanCore\src\TalenHuman.Application\TalenHuman.Application.csproj" (target "ResolveReferences" depends on it):
   2:8>Task "MSBuild" skipped, due to false condition; ('%(_MSBuildProjectReferenceExistent.BuildReference)' == 'true' and '@(ProjectReferenceWithConfiguration)' != '' and ('$(BuildingInsideVisualStudio)' == 'true' or '$(BuildProjectReferences)' != 'true') and '$(VisualStudioVersion)' != '10.0' and '@(_MSBuildProjectReferenceExistent)' != '') was evaluated as ('true' == 'true' and '..\TalenHuman.Domain\TalenHuman.Domain.csproj' != '' and ('' == 'true' or 'true' != 'true') and '17.0' != '10.0' and '..\TalenHuman.Domain\TalenHuman.Domain.csproj' != '').
   4:7>ResolveProjectReferences:
           Platform=AnyCPU
   2:8>Task "MSBuild"
   4:7>ResolveProjectReferences:
         Removing Properties for project "..\TalenHuman.Application\TalenHuman.Application.csproj":
   2:8>ResolveProjectReferences:
         Global Properties:
   4:7>ResolveProjectReferences:
           TargetFramework
   2:8>ResolveProjectReferences:
           Configuration=Debug
           Platform=AnyCPU
   4:7>ResolveProjectReferences:
           RuntimeIdentifier
   2:8>ResolveProjectReferences:
         Removing Properties for project "..\TalenHuman.Domain\TalenHuman.Domain.csproj":
   4:7>ResolveProjectReferences:
           SelfContained
   2:8>ResolveProjectReferences:
           TargetFramework
   4:7>ResolveProjectReferences:
         Removing Properties for project "..\TalenHuman.Domain\TalenHuman.Domain.csproj":
   2:8>ResolveProjectReferences:
           RuntimeIdentifier
   4:7>ResolveProjectReferences:
           TargetFramework
           RuntimeIdentifier
   2:8>ResolveProjectReferences:
           SelfContained
   4:7>ResolveProjectReferences:
           SelfContained
   2:8>Project "D:\Tito Pedraza\OneDrive\Proyectos\Codigo Fuente\repos\HumanCore\src\TalenHuman.Application\TalenHuman.Application.csproj" (2:8) is building "D:\Tito Pedraza\OneDrive\Proyectos\Codigo Fuente\repos\HumanCore\src\TalenHuman.Domain\TalenHuman.Domain.csproj" (3:11) on node 2 (default targets).
  3:11>Target "Build" skipped. Previously built successfully.
  3:11>Done Building Project "D:\Tito Pedraza\OneDrive\Proyectos\Codigo Fuente\repos\HumanCore\src\TalenHuman.Domain\TalenHuman.Domain.csproj" (default targets).
   4:7>Project "D:\Tito Pedraza\OneDrive\Proyectos\Codigo Fuente\repos\HumanCore\src\TalenHuman.Infrastructure\TalenHuman.Infrastructure.csproj" (4:7) is building "D:\Tito Pedraza\OneDrive\Proyectos\Codigo Fuente\repos\HumanCore\src\TalenHuman.Domain\TalenHuman.Domain.csproj" (3:12) on node 2 (default targets).
  3:12>Target "Build" skipped. Previously built successfully.
  3:12>Done Building Project "D:\Tito Pedraza\OneDrive\Proyectos\Codigo Fuente\repos\HumanCore\src\TalenHuman.Domain\TalenHuman.Domain.csproj" (default targets).
   2:8>Done executing task "MSBuild".
       Task "MSBuild"
         Global Properties:
           Configuration=Debug
           Platform=AnyCPU
         Removing Properties for project "..\TalenHuman.Domain\TalenHuman.Domain.csproj":
           TargetFramework
           RuntimeIdentifier
           SelfContained
   2:8>Project "D:\Tito Pedraza\OneDrive\Proyectos\Codigo Fuente\repos\HumanCore\src\TalenHuman.Application\TalenHuman.Application.csproj" (2:8) is building "D:\Tito Pedraza\OneDrive\Proyectos\Codigo Fuente\repos\HumanCore\src\TalenHuman.Domain\TalenHuman.Domain.csproj" (3:13) on node 2 (GetNativeManifest target(s)).
  3:13>Target "GetNativeManifest" in file "C:\Program Files\dotnet\sdk\8.0.302\Microsoft.Common.CurrentVersion.targets" from project "D:\Tito Pedraza\OneDrive\Proyectos\Codigo Fuente\repos\HumanCore\src\TalenHuman.Domain\TalenHuman.Domain.csproj" (entry point):
  3:13>Done building target "GetNativeManifest" in project "TalenHuman.Domain.csproj".
  3:13>Done Building Project "D:\Tito Pedraza\OneDrive\Proyectos\Codigo Fuente\repos\HumanCore\src\TalenHuman.Domain\TalenHuman.Domain.csproj" (GetNativeManifest target(s)).
   2:8>Done executing task "MSBuild".
       Task "Warning" skipped, due to false condition; ('@(ProjectReferenceWithConfiguration)' != '' and '@(_MSBuildProjectReferenceNonexistent)' != '') was evaluated as ('..\TalenHuman.Domain\TalenHuman.Domain.csproj' != '' and '' != '').
   2:8>Done building target "ResolveProjectReferences" in project "TalenHuman.Application.csproj".
       Target "FindInvalidProjectReferences" skipped, due to false condition; ('$(FindInvalidProjectReferences)' == 'true') was evaluated as ('' == 'true').
       Target "ResolveNativeReferences" skipped, due to false condition; ('@(NativeReference)'!='') was evaluated as (''!='').
       Target "ResolveProjectReferences" skipped. Previously built successfully.
       Target "FindInvalidProjectReferences" skipped, due to false condition; ('$(FindInvalidProjectReferences)' == 'true') was evaluated as ('' == 'true').
       Target "GetFrameworkPaths" skipped. Previously built successfully.
       Target "GetReferenceAssemblyPaths" skipped. Previously built successfully.
       Target "PrepareForBuild" skipped. Previously built successfully.
       Target "GetInstalledSDKLocations" skipped, due to false condition; ('@(SDKReference)' != '') was evaluated as ('' != '').
   2:8>Target "ResolveSDKReferences" in file "C:\Program Files\dotnet\sdk\8.0.302\Microsoft.Common.CurrentVersion.targets" from project "D:\Tito Pedraza\OneDrive\Proyectos\Codigo Fuente\repos\HumanCore\src\TalenHuman.Application\TalenHuman.Application.csproj" (target "ResolveAssemblyReferences" depends on it):
       Task "ResolveSDKReference" skipped, due to false condition; ('@(SDKReference)'!='') was evaluated as (''!='').
   2:8>Done building target "ResolveSDKReferences" in project "TalenHuman.Application.csproj".
       Target "ResolveSDKReferences" skipped. Previously built successfully.
   2:8>Target "ExpandSDKReferences" in file "C:\Program Files\dotnet\sdk\8.0.302\Microsoft.Common.CurrentVersion.targets" from project "D:\Tito Pedraza\OneDrive\Proyectos\Codigo Fuente\repos\HumanCore\src\TalenHuman.Application\TalenHuman.Application.csproj" (target "ResolveAssemblyReferences" depends on it):
       Task "GetSDKReferenceFiles" skipped, due to false condition; ('@(ResolvedSDKReference)'!='') was evaluated as (''!='').
   2:8>Done building target "ExpandSDKReferences" in project "TalenHuman.Application.csproj".
       Target "ResolvePackageDependenciesForBuild" skipped. Previously built successfully.
       Target "GetFrameworkPaths" skipped. Previously built successfully.
   5:6>Done executing task "GetReferenceNearestTargetFrameworkTask".
   2:8>Target "GetReferenceAssemblyPaths" skipped. Previously built successfully.
       Target "ProcessFrameworkReferences" skipped. Previously built successfully.
       Target "ResolvePackageAssets" skipped. Previously built successfully.
   2:8>Target "ResolveFrameworkReferences" in file "C:\Program Files\dotnet\sdk\8.0.302\Sdks\Microsoft.NET.Sdk\targets\Microsoft.NET.Sdk.FrameworkReferenceResolution.targets" from project "D:\Tito Pedraza\OneDrive\Proyectos\Codigo Fuente\repos\HumanCore\src\TalenHuman.Application\TalenHuman.Application.csproj" (target "ResolveTargetingPackAssets" depends on it):
       Using "GetPackageDirectory" task from assembly "C:\Program Files\dotnet\sdk\8.0.302\Sdks\Microsoft.NET.Sdk\targets\..\tools\net8.0\Microsoft.NET.Build.Tasks.dll".
       Task "GetPackageDirectory"
       Done executing task "GetPackageDirectory".
       Task "GetPackageDirectory"
       Done executing task "GetPackageDirectory".
       Task "GetPackageDirectory"
       Done executing task "GetPackageDirectory".
       Task "GetPackageDirectory"
       Done executing task "GetPackageDirectory".
       Task "GetPackageDirectory"
       Done executing task "GetPackageDirectory".
       Task "GetPackageDirectory"
       Done executing task "GetPackageDirectory".
       Task "GetPackageDirectory"
       Done executing task "GetPackageDirectory".
       Task "GetPackageDirectory"
       Done executing task "GetPackageDirectory".
       Task "GetPackageDirectory"
       Done executing task "GetPackageDirectory".
       Task "GetPackageDirectory"
       Done executing task "GetPackageDirectory".
       Using "ResolveFrameworkReferences" task from assembly "C:\Program Files\dotnet\sdk\8.0.302\Sdks\Microsoft.NET.Sdk\targets\..\tools\net8.0\Microsoft.NET.Build.Tasks.dll".
       Task "ResolveFrameworkReferences"
       Done executing task "ResolveFrameworkReferences".
   2:8>Done building target "ResolveFrameworkReferences" in project "TalenHuman.Application.csproj".
   2:8>Target "ResolveTargetingPackAssets" in file "C:\Program Files\dotnet\sdk\8.0.302\Sdks\Microsoft.NET.Sdk\targets\Microsoft.NET.Sdk.FrameworkReferenceResolution.targets" from project "D:\Tito Pedraza\OneDrive\Proyectos\Codigo Fuente\repos\HumanCore\src\TalenHuman.Application\TalenHuman.Application.csproj" (target "_HandlePackageFileConflicts" depends on it):
       Using "ResolveTargetingPackAssets" task from assembly "C:\Program Files\dotnet\sdk\8.0.302\Sdks\Microsoft.NET.Sdk\targets\..\tools\net8.0\Microsoft.NET.Build.Tasks.dll".
       Task "ResolveTargetingPackAssets"
       Done executing task "ResolveTargetingPackAssets".
   2:8>Done building target "ResolveTargetingPackAssets" in project "TalenHuman.Application.csproj".
   2:8>Target "ResolveOffByDefaultAnalyzers" in file "C:\Program Files\dotnet\sdk\8.0.302\Sdks\Microsoft.NET.Sdk\targets\Microsoft.NET.Sdk.FrameworkReferenceResolution.targets" from project "D:\Tito Pedraza\OneDrive\Proyectos\Codigo Fuente\repos\HumanCore\src\TalenHuman.Application\TalenHuman.Application.csproj" (target "_HandlePackageFileConflicts" depends on it):
   2:8>Done building target "ResolveOffByDefaultAnalyzers" in project "TalenHuman.Application.csproj".
   2:8>Target "_HandlePackageFileConflicts" in file "C:\Program Files\dotnet\sdk\8.0.302\Sdks\Microsoft.NET.Sdk\targets\Microsoft.NET.ConflictResolution.targets" from project "D:\Tito Pedraza\OneDrive\Proyectos\Codigo Fuente\repos\HumanCore\src\TalenHuman.Application\TalenHuman.Application.csproj" (target "ResolveAssemblyReferences" depends on it):
       Using "ResolvePackageFileConflicts" task from assembly "C:\Program Files\dotnet\sdk\8.0.302\Sdks\Microsoft.NET.Sdk\targets\..\tools\net8.0\Microsoft.NET.Build.Tasks.dll".
       Task "ResolvePackageFileConflicts"
         Encountered conflict between 'Reference:C:\Users\messa\.nuget\packages\microsoft.aspnetcore.cryptography.internal\8.0.11\lib\net8.0\Microsoft.AspNetCore.Cryptography.Internal.dll' and 'Reference:C:\Program Files\dotnet\packs\Microsoft.AspNetCore.App.Ref\8.0.6\ref\net8.0\Microsoft.AspNetCore.Cryptography.Internal.dll'. Choosing 'Reference:C:\Users\messa\.nuget\packages\microsoft.aspnetcore.cryptography.internal\8.0.11\lib\net8.0\Microsoft.AspNetCore.Cryptography.Internal.dll' because file version '8.0.1124.52116' is greater than '8.0.624.26909'.
         Encountered conflict between 'Reference:C:\Users\messa\.nuget\packages\microsoft.aspnetcore.cryptography.keyderivation\8.0.11\lib\net8.0\Microsoft.AspNetCore.Cryptography.KeyDerivation.dll' and 'Reference:C:\Program Files\dotnet\packs\Microsoft.AspNetCore.App.Ref\8.0.6\ref\net8.0\Microsoft.AspNetCore.Cryptography.KeyDerivation.dll'. Choosing 'Reference:C:\Users\messa\.nuget\packages\microsoft.aspnetcore.cryptography.keyderivation\8.0.11\lib\net8.0\Microsoft.AspNetCore.Cryptography.KeyDerivation.dll' because file version '8.0.1124.52116' is greater than '8.0.624.26909'.
         Encountered conflict between 'Reference:C:\Users\messa\.nuget\packages\microsoft.extensions.dependencyinjection.abstractions\8.0.2\lib\net8.0\Microsoft.Extensions.DependencyInjection.Abstractions.dll' and 'Reference:C:\Program Files\dotnet\packs\Microsoft.AspNetCore.App.Ref\8.0.6\ref\net8.0\Microsoft.Extensions.DependencyInjection.Abstractions.dll'. Choosing 'Reference:C:\Users\messa\.nuget\packages\microsoft.extensions.dependencyinjection.abstractions\8.0.2\lib\net8.0\Microsoft.Extensions.DependencyInjection.Abstractions.dll' because file version '8.0.1024.46610' is greater than '8.0.624.26715'.
         Encountered conflict between 'Reference:C:\Users\messa\.nuget\packages\microsoft.extensions.dependencyinjection\8.0.1\lib\net8.0\Microsoft.Extensions.DependencyInjection.dll' and 'Reference:C:\Program Files\dotnet\packs\Microsoft.AspNetCore.App.Ref\8.0.6\ref\net8.0\Microsoft.Extensions.DependencyInjection.dll'. Choosing 'Reference:C:\Users\messa\.nuget\packages\microsoft.extensions.dependencyinjection\8.0.1\lib\net8.0\Microsoft.Extensions.DependencyInjection.dll' because file version '8.0.1024.46610' is greater than '8.0.624.26715'.
         Encountered conflict between 'Reference:C:\Users\messa\.nuget\packages\microsoft.extensions.identity.core\8.0.11\lib\net8.0\Microsoft.Extensions.Identity.Core.dll' and 'Reference:C:\Program Files\dotnet\packs\Microsoft.AspNetCore.App.Ref\8.0.6\ref\net8.0\Microsoft.Extensions.Identity.Core.dll'. Choosing 'Reference:C:\Users\messa\.nuget\packages\microsoft.extensions.identity.core\8.0.11\lib\net8.0\Microsoft.Extensions.Identity.Core.dll' because file version '8.0.1124.52116' is greater than '8.0.624.26909'.
         Encountered conflict between 'Reference:C:\Users\messa\.nuget\packages\microsoft.extensions.identity.stores\8.0.11\lib\net8.0\Microsoft.Extensions.Identity.Stores.dll' and 'Reference:C:\Program Files\dotnet\packs\Microsoft.AspNetCore.App.Ref\8.0.6\ref\net8.0\Microsoft.Extensions.Identity.Stores.dll'. Choosing 'Reference:C:\Users\messa\.nuget\packages\microsoft.extensions.identity.stores\8.0.11\lib\net8.0\Microsoft.Extensions.Identity.Stores.dll' because file version '8.0.1124.52116' is greater than '8.0.624.26909'.
         Encountered conflict between 'Reference:C:\Users\messa\.nuget\packages\microsoft.extensions.logging.abstractions\8.0.2\lib\net8.0\Microsoft.Extensions.Logging.Abstractions.dll' and 'Reference:C:\Program Files\dotnet\packs\Microsoft.AspNetCore.App.Ref\8.0.6\ref\net8.0\Microsoft.Extensions.Logging.Abstractions.dll'. Choosing 'Reference:C:\Users\messa\.nuget\packages\microsoft.extensions.logging.abstractions\8.0.2\lib\net8.0\Microsoft.Extensions.Logging.Abstractions.dll' because file version '8.0.1024.46610' is greater than '8.0.624.26715'.
         Encountered conflict between 'Reference:C:\Users\messa\.nuget\packages\microsoft.extensions.logging\8.0.1\lib\net8.0\Microsoft.Extensions.Logging.dll' and 'Reference:C:\Program Files\dotnet\packs\Microsoft.AspNetCore.App.Ref\8.0.6\ref\net8.0\Microsoft.Extensions.Logging.dll'. Choosing 'Reference:C:\Users\messa\.nuget\packages\microsoft.extensions.logging\8.0.1\lib\net8.0\Microsoft.Extensions.Logging.dll' because file version '8.0.1024.46610' is greater than '8.0.624.26715'.
         Encountered conflict between 'Reference:C:\Users\messa\.nuget\packages\microsoft.extensions.options\8.0.2\lib\net8.0\Microsoft.Extensions.Options.dll' and 'Reference:C:\Program Files\dotnet\packs\Microsoft.AspNetCore.App.Ref\8.0.6\ref\net8.0\Microsoft.Extensions.Options.dll'. Choosing 'Reference:C:\Program Files\dotnet\packs\Microsoft.AspNetCore.App.Ref\8.0.6\ref\net8.0\Microsoft.Extensions.Options.dll' because file version '8.0.624.26715' is greater than '8.0.224.6711'.
         Encountered conflict between 'Analyzer:C:\Users\messa\.nuget\packages\microsoft.extensions.logging.abstractions\8.0.2\analyzers\dotnet\roslyn4.4\cs\Microsoft.Extensions.Logging.Generators.dll' and 'Analyzer:C:\Program Files\dotnet\packs\Microsoft.AspNetCore.App.Ref\8.0.6\analyzers/dotnet/roslyn4.4/cs/Microsoft.Extensions.Logging.Generators.dll'. Choosing 'Analyzer:C:\Users\messa\.nuget\packages\microsoft.extensions.logging.abstractions\8.0.2\analyzers\dotnet\roslyn4.4\cs\Microsoft.Extensions.Logging.Generators.dll' because AssemblyVersion '8.0.10.46610' is greater than '8.0.10.26715'.
         Encountered conflict between 'Analyzer:C:\Users\messa\.nuget\packages\microsoft.extensions.options\8.0.2\analyzers\dotnet\roslyn4.4\cs\Microsoft.Extensions.Options.SourceGeneration.dll' and 'Analyzer:C:\Program Files\dotnet\packs\Microsoft.AspNetCore.App.Ref\8.0.6\analyzers/dotnet/roslyn4.4/cs/Microsoft.Extensions.Options.SourceGeneration.dll'. Choosing 'Analyzer:C:\Program Files\dotnet\packs\Microsoft.AspNetCore.App.Ref\8.0.6\analyzers/dotnet/roslyn4.4/cs/Microsoft.Extensions.Options.SourceGeneration.dll' because AssemblyVersion '8.0.10.26715' is greater than '8.0.10.6711'.
         Encountered conflict between 'Platform:Microsoft.AspNetCore.Cryptography.Internal.dll' and 'Runtime:C:\Users\messa\.nuget\packages\microsoft.aspnetcore.cryptography.internal\8.0.11\lib\net8.0\Microsoft.AspNetCore.Cryptography.Internal.dll'. Choosing 'Runtime:C:\Users\messa\.nuget\packages\microsoft.aspnetcore.cryptography.internal\8.0.11\lib\net8.0\Microsoft.AspNetCore.Cryptography.Internal.dll' because file version '8.0.1124.52116' is greater than '8.0.23.53112'.
         Encountered conflict between 'Platform:Microsoft.AspNetCore.Cryptography.KeyDerivation.dll' and 'Runtime:C:\Users\messa\.nuget\packages\microsoft.aspnetcore.cryptography.keyderivation\8.0.11\lib\net8.0\Microsoft.AspNetCore.Cryptography.KeyDerivation.dll'. Choosing 'Runtime:C:\Users\messa\.nuget\packages\microsoft.aspnetcore.cryptography.keyderivation\8.0.11\lib\net8.0\Microsoft.AspNetCore.Cryptography.KeyDerivation.dll' because file version '8.0.1124.52116' is greater than '8.0.23.53112'.
         Encountered conflict between 'Platform:Microsoft.Extensions.DependencyInjection.dll' and 'Runtime:C:\Users\messa\.nuget\packages\microsoft.extensions.dependencyinjection\8.0.1\lib\net8.0\Microsoft.Extensions.DependencyInjection.dll'. Choosing 'Runtime:C:\Users\messa\.nuget\packages\microsoft.extensions.dependencyinjection\8.0.1\lib\net8.0\Microsoft.Extensions.DependencyInjection.dll' because file version '8.0.1024.46610' is greater than '8.0.23.53103'.
         Encountered conflict between 'Platform:Microsoft.Extensions.DependencyInjection.Abstractions.dll' and 'Runtime:C:\Users\messa\.nuget\packages\microsoft.extensions.dependencyinjection.abstractions\8.0.2\lib\net8.0\Microsoft.Extensions.DependencyInjection.Abstractions.dll'. Choosing 'Runtime:C:\Users\messa\.nuget\packages\microsoft.extensions.dependencyinjection.abstractions\8.0.2\lib\net8.0\Microsoft.Extensions.DependencyInjection.Abstractions.dll' because file version '8.0.1024.46610' is greater than '8.0.23.53103'.
         Encountered conflict between 'Platform:Microsoft.Extensions.Identity.Core.dll' and 'Runtime:C:\Users\messa\.nuget\packages\microsoft.extensions.identity.core\8.0.11\lib\net8.0\Microsoft.Extensions.Identity.Core.dll'. Choosing 'Runtime:C:\Users\messa\.nuget\packages\microsoft.extensions.identity.core\8.0.11\lib\net8.0\Microsoft.Extensions.Identity.Core.dll' because file version '8.0.1124.52116' is greater than '8.0.23.53112'.
         Encountered conflict between 'Platform:Microsoft.Extensions.Identity.Stores.dll' and 'Runtime:C:\Users\messa\.nuget\packages\microsoft.extensions.identity.stores\8.0.11\lib\net8.0\Microsoft.Extensions.Identity.Stores.dll'. Choosing 'Runtime:C:\Users\messa\.nuget\packages\microsoft.extensions.identity.stores\8.0.11\lib\net8.0\Microsoft.Extensions.Identity.Stores.dll' because file version '8.0.1124.52116' is greater than '8.0.23.53112'.
         Encountered conflict between 'Platform:Microsoft.Extensions.Logging.dll' and 'Runtime:C:\Users\messa\.nuget\packages\microsoft.extensions.logging\8.0.1\lib\net8.0\Microsoft.Extensions.Logging.dll'. Choosing 'Runtime:C:\Users\messa\.nuget\packages\microsoft.extensions.logging\8.0.1\lib\net8.0\Microsoft.Extensions.Logging.dll' because file version '8.0.1024.46610' is greater than '8.0.23.53103'.
         Encountered conflict between 'Platform:Microsoft.Extensions.Logging.Abstractions.dll' and 'Runtime:C:\Users\messa\.nuget\packages\microsoft.extensions.logging.abstractions\8.0.2\lib\net8.0\Microsoft.Extensions.Logging.Abstractions.dll'. Choosing 'Runtime:C:\Users\messa\.nuget\packages\microsoft.extensions.logging.abstractions\8.0.2\lib\net8.0\Microsoft.Extensions.Logging.Abstractions.dll' because file version '8.0.1024.46610' is greater than '8.0.23.53103'.
         Encountered conflict between 'Platform:Microsoft.Extensions.Options.dll' and 'Runtime:C:\Users\messa\.nuget\packages\microsoft.extensions.options\8.0.2\lib\net8.0\Microsoft.Extensions.Options.dll'. Choosing 'Runtime:C:\Users\messa\.nuget\packages\microsoft.extensions.options\8.0.2\lib\net8.0\Microsoft.Extensions.Options.dll' because file version '8.0.224.6711' is greater than '8.0.23.53103'.
         Encountered conflict between 'Platform:mscorlib.dll' and 'Platform:mscorlib.dll'. Could not determine winner due to equal file and assembly versions.
         Encountered conflict between 'Platform:Microsoft.VisualBasic.dll' and 'Platform:Microsoft.VisualBasic.dll'. Could not determine winner due to equal file and assembly versions.
         Encountered conflict between 'Platform:System.dll' and 'Platform:System.dll'. Could not determine winner due to equal file and assembly versions.
         Encountered conflict between 'Platform:System.ComponentModel.DataAnnotations.dll' and 'Platform:System.ComponentModel.DataAnnotations.dll'. Could not determine winner due to equal file and assembly versions.
         Encountered conflict between 'Platform:System.Configuration.dll' and 'Platform:System.Configuration.dll'. Could not determine winner due to equal file and assembly versions.
         Encountered conflict between 'Platform:System.Core.dll' and 'Platform:System.Core.dll'. Could not determine winner due to equal file and assembly versions.
         Encountered conflict between 'Platform:System.Data.dll' and 'Platform:System.Data.dll'. Could not determine winner due to equal file and assembly versions.
         Encountered conflict between 'Platform:System.Drawing.dll' and 'Platform:System.Drawing.dll'. Could not determine winner due to equal file and assembly versions.
         Encountered conflict between 'Platform:System.IO.Compression.FileSystem.dll' and 'Platform:System.IO.Compression.FileSystem.dll'. Could not determine winner due to equal file and assembly versions.
         Encountered conflict between 'Platform:System.Net.dll' and 'Platform:System.Net.dll'. Could not determine winner due to equal file and assembly versions.
         Encountered conflict between 'Platform:System.Numerics.dll' and 'Platform:System.Numerics.dll'. Could not determine winner due to equal file and assembly versions.
         Encountered conflict between 'Platform:System.Runtime.Serialization.dll' and 'Platform:System.Runtime.Serialization.dll'. Could not determine winner due to equal file and assembly versions.
         Encountered conflict between 'Platform:System.Security.dll' and 'Platform:System.Security.dll'. Could not determine winner due to equal file and assembly versions.
         Encountered conflict between 'Platform:System.ServiceProcess.dll' and 'Platform:System.ServiceProcess.dll'. Could not determine winner due to equal file and assembly versions.
         Encountered conflict between 'Platform:System.ServiceModel.Web.dll' and 'Platform:System.ServiceModel.Web.dll'. Could not determine winner due to equal file and assembly versions.
         Encountered conflict between 'Platform:System.Transactions.dll' and 'Platform:System.Transactions.dll'. Could not determine winner due to equal file and assembly versions.
         Encountered conflict between 'Platform:System.Web.dll' and 'Platform:System.Web.dll'. Could not determine winner due to equal file and assembly versions.
         Encountered conflict between 'Platform:System.Windows.dll' and 'Platform:System.Windows.dll'. Could not determine winner due to equal file and assembly versions.
         Encountered conflict between 'Platform:System.Xml.dll' and 'Platform:System.Xml.dll'. Could not determine winner due to equal file and assembly versions.
         Encountered conflict between 'Platform:System.Xml.Serialization.dll' and 'Platform:System.Xml.Serialization.dll'. Could not determine winner due to equal file and assembly versions.
         Encountered conflict between 'Platform:System.Xml.Linq.dll' and 'Platform:System.Xml.Linq.dll'. Could not determine winner due to equal file and assembly versions.
         Encountered conflict between 'Platform:WindowsBase.dll' and 'Platform:WindowsBase.dll'. Could not determine winner due to equal file and assembly versions.
         Encountered conflict between 'Platform:netstandard.dll' and 'Platform:netstandard.dll'. Could not determine winner due to equal file and assembly versions.
         Encountered conflict between 'Platform:System.Private.CoreLib.dll' and 'Platform:System.Private.CoreLib.dll'. Could not determine winner due to equal file and assembly versions.
         Encountered conflict between 'Platform:System.Private.DataContractSerialization.dll' and 'Platform:System.Private.DataContractSerialization.dll'. Could not determine winner due to equal file and assembly versions.
         Encountered conflict between 'Platform:System.Private.Uri.dll' and 'Platform:System.Private.Uri.dll'. Could not determine winner due to equal file and assembly versions.
         Encountered conflict between 'Platform:System.Private.Xml.dll' and 'Platform:System.Private.Xml.dll'. Could not determine winner due to equal file and assembly versions.
         Encountered conflict between 'Platform:System.Private.Xml.Linq.dll' and 'Platform:System.Private.Xml.Linq.dll'. Could not determine winner due to equal file and assembly versions.
         Encountered conflict between 'Platform:mscordaccore_amd64_amd64_8.0.624.26715.dll' and 'Platform:mscordaccore_amd64_amd64_8.0.624.26715.dll'. Could not determine winner due to equal file and assembly versions.
       Done executing task "ResolvePackageFileConflicts".
   2:8>Done building target "_HandlePackageFileConflicts" in project "TalenHuman.Application.csproj".
       Target "ResolveTargetingPackAssets" skipped. Previously built successfully.
   2:8>Target "ResolveAssemblyReferences" in file "C:\Program Files\dotnet\sdk\8.0.302\Microsoft.Common.CurrentVersion.targets" from project "D:\Tito Pedraza\OneDrive\Proyectos\Codigo Fuente\repos\HumanCore\src\TalenHuman.Application\TalenHuman.Application.csproj" (target "ResolveReferences" depends on it):
       Using "ResolveAssemblyReference" task from assembly "Microsoft.Build.Tasks.Core, Version=15.1.0.0, Culture=neutral, PublicKeyToken=b03f5f7f11d50a3a".
       Task "ResolveAssemblyReference"
         TargetFrameworkMoniker:
             .NETCoreApp,Version=v8.0
         TargetFrameworkMonikerDisplayName:
             .NET 8.0
         TargetedRuntimeVersion:
             
         Assemblies:
             C:\Users\messa\.nuget\packages\closedxml\0.105.0\lib\netstandard2.1\ClosedXML.dll
                 Private = 'false'
                 HintPath = 'C:\Users\messa\.nuget\packages\closedxml\0.105.0\lib\netstandard2.1\ClosedXML.dll'
   5:6>_GetProjectReferenceTargetFrameworkProperties:
       Task "GetReferenceNearestTargetFrameworkTask" skipped, due to false condition; ('@(_ProjectReferenceTargetFrameworkPossibilities)' != '' and '$(ReferringTargetFrameworkForProjectReferences)' != ''
                                                               And '$(GetReferenceNearestTargetFrameworkTaskSupportsTargetPlatformParameter)' != 'true' and '%(_ProjectReferenceTargetFrameworkPossibilities.IsVcxOrNativeProj)' != 'true') was evaluated as ('..\TalenHuman.Application\TalenHuman.Application.csproj;..\TalenHuman.Infrastructure\TalenHuman.Infrastructure.csproj;..\TalenHuman.Domain\TalenHuman.Domain.csproj' != '' and '.NETCoreApp,Version=v8.0' != ''
                                                               And 'true' != 'true' and '' != 'true').
   2:8>ResolveAssemblyReferences:
             C:\Users\messa\.nuget\packages\closedxml.parser\2.0.0\lib\netstandard2.1\ClosedXML.Parser.dll
                 Private = 'false'
                 HintPath = 'C:\Users\messa\.nuget\packages\closedxml.parser\2.0.0\lib\netstandard2.1\ClosedXML.Parser.dll'
             C:\Users\messa\.nuget\packages\documentformat.openxml\3.1.1\lib\net8.0\DocumentFormat.OpenXml.dll
                 Private = 'false'
                 HintPath = 'C:\Users\messa\.nuget\packages\documentformat.openxml\3.1.1\lib\net8.0\DocumentFormat.OpenXml.dll'
             C:\Users\messa\.nuget\packages\documentformat.openxml.framework\3.1.1\lib\net8.0\DocumentFormat.OpenXml.Framework.dll
                 Private = 'false'
                 HintPath = 'C:\Users\messa\.nuget\packages\documentformat.openxml.framework\3.1.1\lib\net8.0\DocumentFormat.OpenXml.Framework.dll'
             C:\Users\messa\.nuget\packages\exceldatareader\3.8.0\lib\net8.0\ExcelDataReader.dll
   5:6>_GetProjectReferenceTargetFrameworkProperties:
       Using "SetRidAgnosticValueForProjects" task from assembly "Microsoft.Build.Tasks.Core, Version=15.1.0.0, Culture=neutral, PublicKeyToken=b03f5f7f11d50a3a".
   2:8>ResolveAssemblyReferences:
                 Private = 'false'
   5:6>Task "SetRidAgnosticValueForProjects"
   2:8>ResolveAssemblyReferences:
                 HintPath = 'C:\Users\messa\.nuget\packages\exceldatareader\3.8.0\lib\net8.0\ExcelDataReader.dll'
             C:\Users\messa\.nuget\packages\exceldatareader.dataset\3.8.0\lib\net8.0\ExcelDataReader.DataSet.dll
                 Private = 'false'
                 HintPath = 'C:\Users\messa\.nuget\packages\exceldatareader.dataset\3.8.0\lib\net8.0\ExcelDataReader.DataSet.dll'
             C:\Users\messa\.nuget\packages\excelnumberformat\1.1.0\lib\netstandard2.0\ExcelNumberFormat.dll
                 Private = 'false'
                 HintPath = 'C:\Users\messa\.nuget\packages\excelnumberformat\1.1.0\lib\netstandard2.0\ExcelNumberFormat.dll'
             C:\Users\messa\.nuget\packages\fluentvalidation\11.11.0\lib\net8.0\FluentValidation.dll
                 Private = 'false'
                 HintPath = 'C:\Users\messa\.nuget\packages\fluentvalidation\11.11.0\lib\net8.0\FluentValidation.dll'
             C:\Users\messa\.nuget\packages\fluentvalidation.aspnetcore\11.3.1\lib\net6.0\FluentValidation.AspNetCore.dll
                 Private = 'false'
                 HintPath = 'C:\Users\messa\.nuget\packages\fluentvalidation.aspnetcore\11.3.1\lib\net6.0\FluentValidation.AspNetCore.dll'
             C:\Users\messa\.nuget\packages\fluentvalidation.dependencyinjectionextensions\11.11.0\lib\netstandard2.1\FluentValidation.DependencyInjectionExtensions.dll
                 Private = 'false'
                 HintPath = 'C:\Users\messa\.nuget\packages\fluentvalidation.dependencyinjectionextensions\11.11.0\lib\netstandard2.1\FluentValidation.DependencyInjectionExtensions.dll'
   5:6>Done executing task "SetRidAgnosticValueForProjects".
   2:8>ResolveAssemblyReferences:
             C:\Users\messa\.nuget\packages\mediatr\12.0.1\lib\net6.0\MediatR.dll
                 Private = 'false'
                 HintPath = 'C:\Users\messa\.nuget\packages\mediatr\12.0.1\lib\net6.0\MediatR.dll'
             C:\Users\messa\.nuget\packages\mediatr.contracts\2.0.1\lib\netstandard2.0\MediatR.Contracts.dll
                 Private = 'false'
                 HintPath = 'C:\Users\messa\.nuget\packages\mediatr.contracts\2.0.1\lib\netstandard2.0\MediatR.Contracts.dll'
             C:\Users\messa\.nuget\packages\microsoft.aspnetcore.cryptography.internal\8.0.11\lib\net8.0\Microsoft.AspNetCore.Cryptography.Internal.dll
                 Private = 'false'
                 HintPath = 'C:\Users\messa\.nuget\packages\microsoft.aspnetcore.cryptography.internal\8.0.11\lib\net8.0\Microsoft.AspNetCore.Cryptography.Internal.dll'
             C:\Users\messa\.nuget\packages\microsoft.aspnetcore.cryptography.keyderivation\8.0.11\lib\net8.0\Microsoft.AspNetCore.Cryptography.KeyDerivation.dll
                 Private = 'false'
                 HintPath = 'C:\Users\messa\.nuget\packages\microsoft.aspnetcore.cryptography.keyderivation\8.0.11\lib\net8.0\Microsoft.AspNetCore.Cryptography.KeyDerivation.dll'
             C:\Users\messa\.nuget\packages\microsoft.entityframeworkcore\8.0.0\lib\net8.0\Microsoft.EntityFrameworkCore.dll
                 Private = 'false'
                 HintPath = 'C:\Users\messa\.nuget\packages\microsoft.entityframeworkcore\8.0.0\lib\net8.0\Microsoft.EntityFrameworkCore.dll'
             C:\Users\messa\.nuget\packages\microsoft.entityframeworkcore.abstractions\8.0.0\lib\net8.0\Microsoft.EntityFrameworkCore.Abstractions.dll
   5:6>Done building target "_GetProjectReferenceTargetFrameworkProperties" in project "TalenHuman.API.csproj".
   2:8>ResolveAssemblyReferences:
                 Private = 'false'
                 HintPath = 'C:\Users\messa\.nuget\packages\microsoft.entityframeworkcore.abstractions\8.0.0\lib\net8.0\Microsoft.EntityFrameworkCore.Abstractions.dll'
             C:\Users\messa\.nuget\packages\microsoft.extensions.dependencyinjection\8.0.1\lib\net8.0\Microsoft.Extensions.DependencyInjection.dll
                 Private = 'false'
                 HintPath = 'C:\Users\messa\.nuget\packages\microsoft.extensions.dependencyinjection\8.0.1\lib\net8.0\Microsoft.Extensions.DependencyInjection.dll'
             C:\Users\messa\.nuget\packages\microsoft.extensions.dependencyinjection.abstractions\8.0.2\lib\net8.0\Microsoft.Extensions.DependencyInjection.Abstractions.dll
                 Private = 'false'
                 HintPath = 'C:\Users\messa\.nuget\packages\microsoft.extensions.dependencyinjection.abstractions\8.0.2\lib\net8.0\Microsoft.Extensions.DependencyInjection.Abstractions.dll'
   5:6>Target "ValidateExecutableReferences" in file "C:\Program Files\dotnet\sdk\8.0.302\Sdks\Microsoft.NET.Sdk\targets\Microsoft.NET.Sdk.targets" from project "D:\Tito Pedraza\OneDrive\Proyectos\Codigo Fuente\repos\HumanCore\src\TalenHuman.API\TalenHuman.API.csproj" (target "PrepareProjectReferences" depends on it):
   5:6>Using "ValidateExecutableReferences" task from assembly "C:\Program Files\dotnet\sdk\8.0.302\Sdks\Microsoft.NET.Sdk\targets\..\tools\net8.0\Microsoft.NET.Build.Tasks.dll".
       Task "ValidateExecutableReferences"
   2:8>ResolveAssemblyReferences:
             C:\Users\messa\.nuget\packages\microsoft.extensions.identity.core\8.0.11\lib\net8.0\Microsoft.Extensions.Identity.Core.dll
                 Private = 'false'
                 HintPath = 'C:\Users\messa\.nuget\packages\microsoft.extensions.identity.core\8.0.11\lib\net8.0\Microsoft.Extensions.Identity.Core.dll'
             C:\Users\messa\.nuget\packages\microsoft.extensions.identity.stores\8.0.11\lib\net8.0\Microsoft.Extensions.Identity.Stores.dll
                 Private = 'false'
                 HintPath = 'C:\Users\messa\.nuget\packages\microsoft.extensions.identity.stores\8.0.11\lib\net8.0\Microsoft.Extensions.Identity.Stores.dll'
             C:\Users\messa\.nuget\packages\microsoft.extensions.logging\8.0.1\lib\net8.0\Microsoft.Extensions.Logging.dll
                 Private = 'false'
                 HintPath = 'C:\Users\messa\.nuget\packages\microsoft.extensions.logging\8.0.1\lib\net8.0\Microsoft.Extensions.Logging.dll'
             C:\Users\messa\.nuget\packages\microsoft.extensions.logging.abstractions\8.0.2\lib\net8.0\Microsoft.Extensions.Logging.Abstractions.dll
                 Private = 'false'
                 HintPath = 'C:\Users\messa\.nuget\packages\microsoft.extensions.logging.abstractions\8.0.2\lib\net8.0\Microsoft.Extensions.Logging.Abstractions.dll'
             C:\Users\messa\.nuget\packages\questpdf\2024.12.1\lib\net8.0\QuestPDF.dll
                 Private = 'false'
                 HintPath = 'C:\Users\messa\.nuget\packages\questpdf\2024.12.1\lib\net8.0\QuestPDF.dll'
             C:\Users\messa\.nuget\packages\rbush.signed\4.0.0\lib\net8.0\RBush.dll
                 Private = 'false'
                 HintPath = 'C:\Users\messa\.nuget\packages\rbush.signed\4.0.0\lib\net8.0\RBush.dll'
             C:\Users\messa\.nuget\packages\sixlabors.fonts\1.0.0\lib\netcoreapp3.1\SixLabors.Fonts.dll
                 Private = 'false'
                 HintPath = 'C:\Users\messa\.nuget\packages\sixlabors.fonts\1.0.0\lib\netcoreapp3.1\SixLabors.Fonts.dll'
             C:\Users\messa\.nuget\packages\system.io.packaging\8.0.1\lib\net8.0\System.IO.Packaging.dll
                 Private = 'false'
                 HintPath = 'C:\Users\messa\.nuget\packages\system.io.packaging\8.0.1\lib\net8.0\System.IO.Packaging.dll'
             C:\Program Files\dotnet\packs\Microsoft.NETCore.App.Ref\8.0.6\ref/net8.0/Microsoft.CSharp.dll
                 Private = 'false'
             C:\Program Files\dotnet\packs\Microsoft.NETCore.App.Ref\8.0.6\ref/net8.0/Microsoft.VisualBasic.Core.dll
                 Private = 'false'
   5:6>Done executing task "ValidateExecutableReferences".
   5:6>Done building target "ValidateExecutableReferences" in project "TalenHuman.API.csproj".
   2:8>ResolveAssemblyReferences:
             C:\Program Files\dotnet\packs\Microsoft.NETCore.App.Ref\8.0.6\ref/net8.0/Microsoft.VisualBasic.dll
                 Private = 'false'
   5:6>Target "_GetProjectReferencePlatformProperties" skipped, due to false condition; ('$(EnableDynamicPlatformResolution)' == 'true'
                     and '@(_MSBuildProjectReferenceExistent)' != '') was evaluated as ('' == 'true'
                     and '..\TalenHuman.Application\TalenHuman.Application.csproj;..\TalenHuman.Infrastructure\TalenHuman.Infrastructure.csproj;..\TalenHuman.Domain\TalenHuman.Domain.csproj' != '').
   2:8>ResolveAssemblyReferences:
             C:\Program Files\dotnet\packs\Microsoft.NETCore.App.Ref\8.0.6\ref/net8.0/Microsoft.Win32.Primitives.dll
   5:6>Target "PrepareProjectReferences" in file "C:\Program Files\dotnet\sdk\8.0.302\Microsoft.Common.CurrentVersion.targets" from project "D:\Tito Pedraza\OneDrive\Proyectos\Codigo Fuente\repos\HumanCore\src\TalenHuman.API\TalenHuman.API.csproj" (target "ResolveProjectReferences" depends on it):
   5:6>Done building target "PrepareProjectReferences" in project "TalenHuman.API.csproj".
   2:8>ResolveAssemblyReferences:
                 Private = 'false'
             C:\Program Files\dotnet\packs\Microsoft.NETCore.App.Ref\8.0.6\ref/net8.0/Microsoft.Win32.Registry.dll
                 Private = 'false'
             C:\Program Files\dotnet\packs\Microsoft.NETCore.App.Ref\8.0.6\ref/net8.0/System.AppContext.dll
   5:6>Target "ResolveProjectReferences" in file "C:\Program Files\dotnet\sdk\8.0.302\Microsoft.Common.CurrentVersion.targets" from project "D:\Tito Pedraza\OneDrive\Proyectos\Codigo Fuente\repos\HumanCore\src\TalenHuman.API\TalenHuman.API.csproj" (target "ResolveReferences" depends on it):
   5:6>Task "MSBuild" skipped, due to false condition; ('%(_MSBuildProjectReferenceExistent.BuildReference)' == 'true' and '@(ProjectReferenceWithConfiguration)' != '' and ('$(BuildingInsideVisualStudio)' == 'true' or '$(BuildProjectReferences)' != 'true') and '$(VisualStudioVersion)' != '10.0' and '@(_MSBuildProjectReferenceExistent)' != '') was evaluated as ('true' == 'true' and '..\TalenHuman.Application\TalenHuman.Application.csproj;..\TalenHuman.Infrastructure\TalenHuman.Infrastructure.csproj;..\TalenHuman.Domain\TalenHuman.Domain.csproj' != '' and ('' == 'true' or 'true' != 'true') and '17.0' != '10.0' and '..\TalenHuman.Application\TalenHuman.Application.csproj;..\TalenHuman.Infrastructure\TalenHuman.Infrastructure.csproj;..\TalenHuman.Domain\TalenHuman.Domain.csproj' != '').
   2:8>ResolveAssemblyReferences:
                 Private = 'false'
             C:\Program Files\dotnet\packs\Microsoft.NETCore.App.Ref\8.0.6\ref/net8.0/System.Buffers.dll
   5:6>Task "MSBuild"
   2:8>ResolveAssemblyReferences:
                 Private = 'false'
             C:\Program Files\dotnet\packs\Microsoft.NETCore.App.Ref\8.0.6\ref/net8.0/System.Collections.Concurrent.dll
                 Private = 'false'
             C:\Program Files\dotnet\packs\Microsoft.NETCore.App.Ref\8.0.6\ref/net8.0/System.Collections.Immutable.dll
                 Private = 'false'
             C:\Program Files\dotnet\packs\Microsoft.NETCore.App.Ref\8.0.6\ref/net8.0/System.Collections.NonGeneric.dll
                 Private = 'false'
   5:6>ResolveProjectReferences:
         Global Properties:
           Configuration=Debug
           Platform=AnyCPU
         Removing Properties:
           WebPublishProfileFile
   2:8>ResolveAssemblyReferences:
             C:\Program Files\dotnet\packs\Microsoft.NETCore.App.Ref\8.0.6\ref/net8.0/System.Collections.Specialized.dll
                 Private = 'false'
             C:\Program Files\dotnet\packs\Microsoft.NETCore.App.Ref\8.0.6\ref/net8.0/System.Collections.dll
                 Private = 'false'
             C:\Program Files\dotnet\packs\Microsoft.NETCore.App.Ref\8.0.6\ref/net8.0/System.ComponentModel.Annotations.dll
   5:6>ResolveProjectReferences:
         Removing Properties for project "..\TalenHuman.Application\TalenHuman.Application.csproj":
           TargetFramework
           RuntimeIdentifier
           SelfContained
         Removing Properties for project "..\TalenHuman.Infrastructure\TalenHuman.Infrastructure.csproj":
           TargetFramework
           RuntimeIdentifier
           SelfContained
         Removing Properties for project "..\TalenHuman.Domain\TalenHuman.Domain.csproj":
           TargetFramework
           RuntimeIdentifier
           SelfContained
   2:8>ResolveAssemblyReferences:
                 Private = 'false'
             C:\Program Files\dotnet\packs\Microsoft.NETCore.App.Ref\8.0.6\ref/net8.0/System.ComponentModel.DataAnnotations.dll
                 Private = 'false'
   5:6>Project "D:\Tito Pedraza\OneDrive\Proyectos\Codigo Fuente\repos\HumanCore\src\TalenHuman.API\TalenHuman.API.csproj" (5:6) is building "D:\Tito Pedraza\OneDrive\Proyectos\Codigo Fuente\repos\HumanCore\src\TalenHuman.Domain\TalenHuman.Domain.csproj" (3:14) on node 1 (default targets).
  3:14>Target "Build" skipped. Previously built successfully.
  3:14>Done Building Project "D:\Tito Pedraza\OneDrive\Proyectos\Codigo Fuente\repos\HumanCore\src\TalenHuman.Domain\TalenHuman.Domain.csproj" (default targets).
   2:8>ResolveAssemblyReferences:
             C:\Program Files\dotnet\packs\Microsoft.NETCore.App.Ref\8.0.6\ref/net8.0/System.ComponentModel.EventBasedAsync.dll
                 Private = 'false'
             C:\Program Files\dotnet\packs\Microsoft.NETCore.App.Ref\8.0.6\ref/net8.0/System.ComponentModel.Primitives.dll
                 Private = 'false'
             C:\Program Files\dotnet\packs\Microsoft.NETCore.App.Ref\8.0.6\ref/net8.0/System.ComponentModel.TypeConverter.dll
                 Private = 'false'
             C:\Program Files\dotnet\packs\Microsoft.NETCore.App.Ref\8.0.6\ref/net8.0/System.ComponentModel.dll
                 Private = 'false'
             C:\Program Files\dotnet\packs\Microsoft.NETCore.App.Ref\8.0.6\ref/net8.0/System.Configuration.dll
                 Private = 'false'
             C:\Program Files\dotnet\packs\Microsoft.NETCore.App.Ref\8.0.6\ref/net8.0/System.Console.dll
                 Private = 'false'
             C:\Program Files\dotnet\packs\Microsoft.NETCore.App.Ref\8.0.6\ref/net8.0/System.Core.dll
                 Private = 'false'
             C:\Program Files\dotnet\packs\Microsoft.NETCore.App.Ref\8.0.6\ref/net8.0/System.Data.Common.dll
                 Private = 'false'
             C:\Program Files\dotnet\packs\Microsoft.NETCore.App.Ref\8.0.6\ref/net8.0/System.Data.DataSetExtensions.dll
                 Private = 'false'
             C:\Program Files\dotnet\packs\Microsoft.NETCore.App.Ref\8.0.6\ref/net8.0/System.Data.dll
                 Private = 'false'
             C:\Program Files\dotnet\packs\Microsoft.NETCore.App.Ref\8.0.6\ref/net8.0/System.Diagnostics.Contracts.dll
                 Private = 'false'
             C:\Program Files\dotnet\packs\Microsoft.NETCore.App.Ref\8.0.6\ref/net8.0/System.Diagnostics.Debug.dll
                 Private = 'false'
             C:\Program Files\dotnet\packs\Microsoft.NETCore.App.Ref\8.0.6\ref/net8.0/System.Diagnostics.DiagnosticSource.dll
                 Private = 'false'
             C:\Program Files\dotnet\packs\Microsoft.NETCore.App.Ref\8.0.6\ref/net8.0/System.Diagnostics.FileVersionInfo.dll
                 Private = 'false'
             C:\Program Files\dotnet\packs\Microsoft.NETCore.App.Ref\8.0.6\ref/net8.0/System.Diagnostics.Process.dll
                 Private = 'false'
             C:\Program Files\dotnet\packs\Microsoft.NETCore.App.Ref\8.0.6\ref/net8.0/System.Diagnostics.StackTrace.dll
                 Private = 'false'
             C:\Program Files\dotnet\packs\Microsoft.NETCore.App.Ref\8.0.6\ref/net8.0/System.Diagnostics.TextWriterTraceListener.dll
                 Private = 'false'
             C:\Program Files\dotnet\packs\Microsoft.NETCore.App.Ref\8.0.6\ref/net8.0/System.Diagnostics.Tools.dll
                 Private = 'false'
             C:\Program Files\dotnet\packs\Microsoft.NETCore.App.Ref\8.0.6\ref/net8.0/System.Diagnostics.TraceSource.dll
                 Private = 'false'
             C:\Program Files\dotnet\packs\Microsoft.NETCore.App.Ref\8.0.6\ref/net8.0/System.Diagnostics.Tracing.dll
                 Private = 'false'
             C:\Program Files\dotnet\packs\Microsoft.NETCore.App.Ref\8.0.6\ref/net8.0/System.Drawing.Primitives.dll
                 Private = 'false'
             C:\Program Files\dotnet\packs\Microsoft.NETCore.App.Ref\8.0.6\ref/net8.0/System.Drawing.dll
                 Private = 'false'
             C:\Program Files\dotnet\packs\Microsoft.NETCore.App.Ref\8.0.6\ref/net8.0/System.Dynamic.Runtime.dll
                 Private = 'false'
             C:\Program Files\dotnet\packs\Microsoft.NETCore.App.Ref\8.0.6\ref/net8.0/System.Formats.Asn1.dll
                 Private = 'false'
             C:\Program Files\dotnet\packs\Microsoft.NETCore.App.Ref\8.0.6\ref/net8.0/System.Formats.Tar.dll
                 Private = 'false'
             C:\Program Files\dotnet\packs\Microsoft.NETCore.App.Ref\8.0.6\ref/net8.0/System.Globalization.Calendars.dll
                 Private = 'false'
             C:\Program Files\dotnet\packs\Microsoft.NETCore.App.Ref\8.0.6\ref/net8.0/System.Globalization.Extensions.dll
                 Private = 'false'
             C:\Program Files\dotnet\packs\Microsoft.NETCore.App.Ref\8.0.6\ref/net8.0/System.Globalization.dll
                 Private = 'false'
             C:\Program Files\dotnet\packs\Microsoft.NETCore.App.Ref\8.0.6\ref/net8.0/System.IO.Compression.Brotli.dll
                 Private = 'false'
             C:\Program Files\dotnet\packs\Microsoft.NETCore.App.Ref\8.0.6\ref/net8.0/System.IO.Compression.FileSystem.dll
                 Private = 'false'
             C:\Program Files\dotnet\packs\Microsoft.NETCore.App.Ref\8.0.6\ref/net8.0/System.IO.Compression.ZipFile.dll
                 Private = 'false'
             C:\Program Files\dotnet\packs\Microsoft.NETCore.App.Ref\8.0.6\ref/net8.0/System.IO.Compression.dll
                 Private = 'false'
             C:\Program Files\dotnet\packs\Microsoft.NETCore.App.Ref\8.0.6\ref/net8.0/System.IO.FileSystem.AccessControl.dll
                 Private = 'false'
             C:\Program Files\dotnet\packs\Microsoft.NETCore.App.Ref\8.0.6\ref/net8.0/System.IO.FileSystem.DriveInfo.dll
                 Private = 'false'
             C:\Program Files\dotnet\packs\Microsoft.NETCore.App.Ref\8.0.6\ref/net8.0/System.IO.FileSystem.Primitives.dll
                 Private = 'false'
             C:\Program Files\dotnet\packs\Microsoft.NETCore.App.Ref\8.0.6\ref/net8.0/System.IO.FileSystem.Watcher.dll
                 Private = 'false'
             C:\Program Files\dotnet\packs\Microsoft.NETCore.App.Ref\8.0.6\ref/net8.0/System.IO.FileSystem.dll
                 Private = 'false'
             C:\Program Files\dotnet\packs\Microsoft.NETCore.App.Ref\8.0.6\ref/net8.0/System.IO.IsolatedStorage.dll
                 Private = 'false'
             C:\Program Files\dotnet\packs\Microsoft.NETCore.App.Ref\8.0.6\ref/net8.0/System.IO.MemoryMappedFiles.dll
                 Private = 'false'
             C:\Program Files\dotnet\packs\Microsoft.NETCore.App.Ref\8.0.6\ref/net8.0/System.IO.Pipes.AccessControl.dll
                 Private = 'false'
             C:\Program Files\dotnet\packs\Microsoft.NETCore.App.Ref\8.0.6\ref/net8.0/System.IO.Pipes.dll
                 Private = 'false'
             C:\Program Files\dotnet\packs\Microsoft.NETCore.App.Ref\8.0.6\ref/net8.0/System.IO.UnmanagedMemoryStream.dll
                 Private = 'false'
             C:\Program Files\dotnet\packs\Microsoft.NETCore.App.Ref\8.0.6\ref/net8.0/System.IO.dll
                 Private = 'false'
             C:\Program Files\dotnet\packs\Microsoft.NETCore.App.Ref\8.0.6\ref/net8.0/System.Linq.Expressions.dll
                 Private = 'false'
             C:\Program Files\dotnet\packs\Microsoft.NETCore.App.Ref\8.0.6\ref/net8.0/System.Linq.Parallel.dll
                 Private = 'false'
             C:\Program Files\dotnet\packs\Microsoft.NETCore.App.Ref\8.0.6\ref/net8.0/System.Linq.Queryable.dll
                 Private = 'false'
             C:\Program Files\dotnet\packs\Microsoft.NETCore.App.Ref\8.0.6\ref/net8.0/System.Linq.dll
                 Private = 'false'
             C:\Program Files\dotnet\packs\Microsoft.NETCore.App.Ref\8.0.6\ref/net8.0/System.Memory.dll
                 Private = 'false'
             C:\Program Files\dotnet\packs\Microsoft.NETCore.App.Ref\8.0.6\ref/net8.0/System.Net.Http.Json.dll
                 Private = 'false'
             C:\Program Files\dotnet\packs\Microsoft.NETCore.App.Ref\8.0.6\ref/net8.0/System.Net.Http.dll
                 Private = 'false'
             C:\Program Files\dotnet\packs\Microsoft.NETCore.App.Ref\8.0.6\ref/net8.0/System.Net.HttpListener.dll
                 Private = 'false'
             C:\Program Files\dotnet\packs\Microsoft.NETCore.App.Ref\8.0.6\ref/net8.0/System.Net.Mail.dll
                 Private = 'false'
             C:\Program Files\dotnet\packs\Microsoft.NETCore.App.Ref\8.0.6\ref/net8.0/System.Net.NameResolution.dll
                 Private = 'false'
             C:\Program Files\dotnet\packs\Microsoft.NETCore.App.Ref\8.0.6\ref/net8.0/System.Net.NetworkInformation.dll
                 Private = 'false'
             C:\Program Files\dotnet\packs\Microsoft.NETCore.App.Ref\8.0.6\ref/net8.0/System.Net.Ping.dll
                 Private = 'false'
             C:\Program Files\dotnet\packs\Microsoft.NETCore.App.Ref\8.0.6\ref/net8.0/System.Net.Primitives.dll
                 Private = 'false'
             C:\Program Files\dotnet\packs\Microsoft.NETCore.App.Ref\8.0.6\ref/net8.0/System.Net.Quic.dll
                 Private = 'false'
             C:\Program Files\dotnet\packs\Microsoft.NETCore.App.Ref\8.0.6\ref/net8.0/System.Net.Requests.dll
                 Private = 'false'
             C:\Program Files\dotnet\packs\Microsoft.NETCore.App.Ref\8.0.6\ref/net8.0/System.Net.Security.dll
                 Private = 'false'
             C:\Program Files\dotnet\packs\Microsoft.NETCore.App.Ref\8.0.6\ref/net8.0/System.Net.ServicePoint.dll
                 Private = 'false'
             C:\Program Files\dotnet\packs\Microsoft.NETCore.App.Ref\8.0.6\ref/net8.0/System.Net.Sockets.dll
                 Private = 'false'
             C:\Program Files\dotnet\packs\Microsoft.NETCore.App.Ref\8.0.6\ref/net8.0/System.Net.WebClient.dll
                 Private = 'false'
             C:\Program Files\dotnet\packs\Microsoft.NETCore.App.Ref\8.0.6\ref/net8.0/System.Net.WebHeaderCollection.dll
                 Private = 'false'
             C:\Program Files\dotnet\packs\Microsoft.NETCore.App.Ref\8.0.6\ref/net8.0/System.Net.WebProxy.dll
                 Private = 'false'
             C:\Program Files\dotnet\packs\Microsoft.NETCore.App.Ref\8.0.6\ref/net8.0/System.Net.WebSockets.Client.dll
                 Private = 'false'
             C:\Program Files\dotnet\packs\Microsoft.NETCore.App.Ref\8.0.6\ref/net8.0/System.Net.WebSockets.dll
                 Private = 'false'
             C:\Program Files\dotnet\packs\Microsoft.NETCore.App.Ref\8.0.6\ref/net8.0/System.Net.dll
                 Private = 'false'
             C:\Program Files\dotnet\packs\Microsoft.NETCore.App.Ref\8.0.6\ref/net8.0/System.Numerics.Vectors.dll
                 Private = 'false'
             C:\Program Files\dotnet\packs\Microsoft.NETCore.App.Ref\8.0.6\ref/net8.0/System.Numerics.dll
                 Private = 'false'
             C:\Program Files\dotnet\packs\Microsoft.NETCore.App.Ref\8.0.6\ref/net8.0/System.ObjectModel.dll
                 Private = 'false'
             C:\Program Files\dotnet\packs\Microsoft.NETCore.App.Ref\8.0.6\ref/net8.0/System.Reflection.DispatchProxy.dll
                 Private = 'false'
             C:\Program Files\dotnet\packs\Microsoft.NETCore.App.Ref\8.0.6\ref/net8.0/System.Reflection.Emit.ILGeneration.dll
                 Private = 'false'
             C:\Program Files\dotnet\packs\Microsoft.NETCore.App.Ref\8.0.6\ref/net8.0/System.Reflection.Emit.Lightweight.dll
                 Private = 'false'
             C:\Program Files\dotnet\packs\Microsoft.NETCore.App.Ref\8.0.6\ref/net8.0/System.Reflection.Emit.dll
                 Private = 'false'
             C:\Program Files\dotnet\packs\Microsoft.NETCore.App.Ref\8.0.6\ref/net8.0/System.Reflection.Extensions.dll
                 Private = 'false'
             C:\Program Files\dotnet\packs\Microsoft.NETCore.App.Ref\8.0.6\ref/net8.0/System.Reflection.Metadata.dll
                 Private = 'false'
             C:\Program Files\dotnet\packs\Microsoft.NETCore.App.Ref\8.0.6\ref/net8.0/System.Reflection.Primitives.dll
                 Private = 'false'
             C:\Program Files\dotnet\packs\Microsoft.NETCore.App.Ref\8.0.6\ref/net8.0/System.Reflection.TypeExtensions.dll
                 Private = 'false'
             C:\Program Files\dotnet\packs\Microsoft.NETCore.App.Ref\8.0.6\ref/net8.0/System.Reflection.dll
                 Private = 'false'
             C:\Program Files\dotnet\packs\Microsoft.NETCore.App.Ref\8.0.6\ref/net8.0/System.Resources.Reader.dll
                 Private = 'false'
             C:\Program Files\dotnet\packs\Microsoft.NETCore.App.Ref\8.0.6\ref/net8.0/System.Resources.ResourceManager.dll
                 Private = 'false'
             C:\Program Files\dotnet\packs\Microsoft.NETCore.App.Ref\8.0.6\ref/net8.0/System.Resources.Writer.dll
                 Private = 'false'
             C:\Program Files\dotnet\packs\Microsoft.NETCore.App.Ref\8.0.6\ref/net8.0/System.Runtime.CompilerServices.Unsafe.dll
                 Private = 'false'
             C:\Program Files\dotnet\packs\Microsoft.NETCore.App.Ref\8.0.6\ref/net8.0/System.Runtime.CompilerServices.VisualC.dll
                 Private = 'false'
             C:\Program Files\dotnet\packs\Microsoft.NETCore.App.Ref\8.0.6\ref/net8.0/System.Runtime.Extensions.dll
                 Private = 'false'
             C:\Program Files\dotnet\packs\Microsoft.NETCore.App.Ref\8.0.6\ref/net8.0/System.Runtime.Handles.dll
                 Private = 'false'
             C:\Program Files\dotnet\packs\Microsoft.NETCore.App.Ref\8.0.6\ref/net8.0/System.Runtime.InteropServices.JavaScript.dll
                 Private = 'false'
             C:\Program Files\dotnet\packs\Microsoft.NETCore.App.Ref\8.0.6\ref/net8.0/System.Runtime.InteropServices.RuntimeInformation.dll
                 Private = 'false'
             C:\Program Files\dotnet\packs\Microsoft.NETCore.App.Ref\8.0.6\ref/net8.0/System.Runtime.InteropServices.dll
                 Private = 'false'
             C:\Program Files\dotnet\packs\Microsoft.NETCore.App.Ref\8.0.6\ref/net8.0/System.Runtime.Intrinsics.dll
                 Private = 'false'
             C:\Program Files\dotnet\packs\Microsoft.NETCore.App.Ref\8.0.6\ref/net8.0/System.Runtime.Loader.dll
                 Private = 'false'
             C:\Program Files\dotnet\packs\Microsoft.NETCore.App.Ref\8.0.6\ref/net8.0/System.Runtime.Numerics.dll
                 Private = 'false'
             C:\Program Files\dotnet\packs\Microsoft.NETCore.App.Ref\8.0.6\ref/net8.0/System.Runtime.Serialization.Formatters.dll
                 Private = 'false'
             C:\Program Files\dotnet\packs\Microsoft.NETCore.App.Ref\8.0.6\ref/net8.0/System.Runtime.Serialization.Json.dll
                 Private = 'false'
             C:\Program Files\dotnet\packs\Microsoft.NETCore.App.Ref\8.0.6\ref/net8.0/System.Runtime.Serialization.Primitives.dll
                 Private = 'false'
             C:\Program Files\dotnet\packs\Microsoft.NETCore.App.Ref\8.0.6\ref/net8.0/System.Runtime.Serialization.Xml.dll
                 Private = 'false'
             C:\Program Files\dotnet\packs\Microsoft.NETCore.App.Ref\8.0.6\ref/net8.0/System.Runtime.Serialization.dll
                 Private = 'false'
             C:\Program Files\dotnet\packs\Microsoft.NETCore.App.Ref\8.0.6\ref/net8.0/System.Runtime.dll
                 Private = 'false'
             C:\Program Files\dotnet\packs\Microsoft.NETCore.App.Ref\8.0.6\ref/net8.0/System.Security.AccessControl.dll
                 Private = 'false'
             C:\Program Files\dotnet\packs\Microsoft.NETCore.App.Ref\8.0.6\ref/net8.0/System.Security.Claims.dll
                 Private = 'false'
             C:\Program Files\dotnet\packs\Microsoft.NETCore.App.Ref\8.0.6\ref/net8.0/System.Security.Cryptography.Algorithms.dll
                 Private = 'false'
             C:\Program Files\dotnet\packs\Microsoft.NETCore.App.Ref\8.0.6\ref/net8.0/System.Security.Cryptography.Cng.dll
                 Private = 'false'
             C:\Program Files\dotnet\packs\Microsoft.NETCore.App.Ref\8.0.6\ref/net8.0/System.Security.Cryptography.Csp.dll
                 Private = 'false'
             C:\Program Files\dotnet\packs\Microsoft.NETCore.App.Ref\8.0.6\ref/net8.0/System.Security.Cryptography.Encoding.dll
                 Private = 'false'
             C:\Program Files\dotnet\packs\Microsoft.NETCore.App.Ref\8.0.6\ref/net8.0/System.Security.Cryptography.OpenSsl.dll
                 Private = 'false'
             C:\Program Files\dotnet\packs\Microsoft.NETCore.App.Ref\8.0.6\ref/net8.0/System.Security.Cryptography.Primitives.dll
                 Private = 'false'
             C:\Program Files\dotnet\packs\Microsoft.NETCore.App.Ref\8.0.6\ref/net8.0/System.Security.Cryptography.X509Certificates.dll
                 Private = 'false'
             C:\Program Files\dotnet\packs\Microsoft.NETCore.App.Ref\8.0.6\ref/net8.0/System.Security.Cryptography.dll
                 Private = 'false'
             C:\Program Files\dotnet\packs\Microsoft.NETCore.App.Ref\8.0.6\ref/net8.0/System.Security.Principal.Windows.dll
                 Private = 'false'
             C:\Program Files\dotnet\packs\Microsoft.NETCore.App.Ref\8.0.6\ref/net8.0/System.Security.Principal.dll
                 Private = 'false'
             C:\Program Files\dotnet\packs\Microsoft.NETCore.App.Ref\8.0.6\ref/net8.0/System.Security.SecureString.dll
                 Private = 'false'
             C:\Program Files\dotnet\packs\Microsoft.NETCore.App.Ref\8.0.6\ref/net8.0/System.Security.dll
                 Private = 'false'
             C:\Program Files\dotnet\packs\Microsoft.NETCore.App.Ref\8.0.6\ref/net8.0/System.ServiceModel.Web.dll
                 Private = 'false'
             C:\Program Files\dotnet\packs\Microsoft.NETCore.App.Ref\8.0.6\ref/net8.0/System.ServiceProcess.dll
                 Private = 'false'
             C:\Program Files\dotnet\packs\Microsoft.NETCore.App.Ref\8.0.6\ref/net8.0/System.Text.Encoding.CodePages.dll
                 Private = 'false'
             C:\Program Files\dotnet\packs\Microsoft.NETCore.App.Ref\8.0.6\ref/net8.0/System.Text.Encoding.Extensions.dll
                 Private = 'false'
             C:\Program Files\dotnet\packs\Microsoft.NETCore.App.Ref\8.0.6\ref/net8.0/System.Text.Encoding.dll
                 Private = 'false'
             C:\Program Files\dotnet\packs\Microsoft.NETCore.App.Ref\8.0.6\ref/net8.0/System.Text.Encodings.Web.dll
                 Private = 'false'
             C:\Program Files\dotnet\packs\Microsoft.NETCore.App.Ref\8.0.6\ref/net8.0/System.Text.Json.dll
                 Private = 'false'
             C:\Program Files\dotnet\packs\Microsoft.NETCore.App.Ref\8.0.6\ref/net8.0/System.Text.RegularExpressions.dll
                 Private = 'false'
             C:\Program Files\dotnet\packs\Microsoft.NETCore.App.Ref\8.0.6\ref/net8.0/System.Threading.Channels.dll
                 Private = 'false'
             C:\Program Files\dotnet\packs\Microsoft.NETCore.App.Ref\8.0.6\ref/net8.0/System.Threading.Overlapped.dll
                 Private = 'false'
             C:\Program Files\dotnet\packs\Microsoft.NETCore.App.Ref\8.0.6\ref/net8.0/System.Threading.Tasks.Dataflow.dll
                 Private = 'false'
             C:\Program Files\dotnet\packs\Microsoft.NETCore.App.Ref\8.0.6\ref/net8.0/System.Threading.Tasks.Extensions.dll
                 Private = 'false'
             C:\Program Files\dotnet\packs\Microsoft.NETCore.App.Ref\8.0.6\ref/net8.0/System.Threading.Tasks.Parallel.dll
                 Private = 'false'
             C:\Program Files\dotnet\packs\Microsoft.NETCore.App.Ref\8.0.6\ref/net8.0/System.Threading.Tasks.dll
                 Private = 'false'
             C:\Program Files\dotnet\packs\Microsoft.NETCore.App.Ref\8.0.6\ref/net8.0/System.Threading.Thread.dll
                 Private = 'false'
             C:\Program Files\dotnet\packs\Microsoft.NETCore.App.Ref\8.0.6\ref/net8.0/System.Threading.ThreadPool.dll
                 Private = 'false'
             C:\Program Files\dotnet\packs\Microsoft.NETCore.App.Ref\8.0.6\ref/net8.0/System.Threading.Timer.dll
                 Private = 'false'
             C:\Program Files\dotnet\packs\Microsoft.NETCore.App.Ref\8.0.6\ref/net8.0/System.Threading.dll
                 Private = 'false'
             C:\Program Files\dotnet\packs\Microsoft.NETCore.App.Ref\8.0.6\ref/net8.0/System.Transactions.Local.dll
                 Private = 'false'
             C:\Program Files\dotnet\packs\Microsoft.NETCore.App.Ref\8.0.6\ref/net8.0/System.Transactions.dll
                 Private = 'false'
             C:\Program Files\dotnet\packs\Microsoft.NETCore.App.Ref\8.0.6\ref/net8.0/System.ValueTuple.dll
                 Private = 'false'
             C:\Program Files\dotnet\packs\Microsoft.NETCore.App.Ref\8.0.6\ref/net8.0/System.Web.HttpUtility.dll
                 Private = 'false'
             C:\Program Files\dotnet\packs\Microsoft.NETCore.App.Ref\8.0.6\ref/net8.0/System.Web.dll
                 Private = 'false'
             C:\Program Files\dotnet\packs\Microsoft.NETCore.App.Ref\8.0.6\ref/net8.0/System.Windows.dll
                 Private = 'false'
             C:\Program Files\dotnet\packs\Microsoft.NETCore.App.Ref\8.0.6\ref/net8.0/System.Xml.Linq.dll
                 Private = 'false'
             C:\Program Files\dotnet\packs\Microsoft.NETCore.App.Ref\8.0.6\ref/net8.0/System.Xml.ReaderWriter.dll
                 Private = 'false'
             C:\Program Files\dotnet\packs\Microsoft.NETCore.App.Ref\8.0.6\ref/net8.0/System.Xml.Serialization.dll
                 Private = 'false'
             C:\Program Files\dotnet\packs\Microsoft.NETCore.App.Ref\8.0.6\ref/net8.0/System.Xml.XDocument.dll
                 Private = 'false'
             C:\Program Files\dotnet\packs\Microsoft.NETCore.App.Ref\8.0.6\ref/net8.0/System.Xml.XPath.XDocument.dll
                 Private = 'false'
             C:\Program Files\dotnet\packs\Microsoft.NETCore.App.Ref\8.0.6\ref/net8.0/System.Xml.XPath.dll
                 Private = 'false'
             C:\Program Files\dotnet\packs\Microsoft.NETCore.App.Ref\8.0.6\ref/net8.0/System.Xml.XmlDocument.dll
                 Private = 'false'
             C:\Program Files\dotnet\packs\Microsoft.NETCore.App.Ref\8.0.6\ref/net8.0/System.Xml.XmlSerializer.dll
                 Private = 'false'
             C:\Program Files\dotnet\packs\Microsoft.NETCore.App.Ref\8.0.6\ref/net8.0/System.Xml.dll
                 Private = 'false'
             C:\Program Files\dotnet\packs\Microsoft.NETCore.App.Ref\8.0.6\ref/net8.0/System.dll
                 Private = 'false'
             C:\Program Files\dotnet\packs\Microsoft.NETCore.App.Ref\8.0.6\ref/net8.0/WindowsBase.dll
                 Private = 'false'
             C:\Program Files\dotnet\packs\Microsoft.NETCore.App.Ref\8.0.6\ref/net8.0/mscorlib.dll
                 Private = 'false'
             C:\Program Files\dotnet\packs\Microsoft.NETCore.App.Ref\8.0.6\ref/net8.0/netstandard.dll
                 Private = 'false'
             C:\Program Files\dotnet\packs\Microsoft.AspNetCore.App.Ref\8.0.6\ref\net8.0\Microsoft.AspNetCore.Antiforgery.dll
                 Private = 'false'
             C:\Program Files\dotnet\packs\Microsoft.AspNetCore.App.Ref\8.0.6\ref\net8.0\Microsoft.AspNetCore.Authentication.Abstractions.dll
                 Private = 'false'
             C:\Program Files\dotnet\packs\Microsoft.AspNetCore.App.Ref\8.0.6\ref\net8.0\Microsoft.AspNetCore.Authentication.BearerToken.dll
                 Private = 'false'
             C:\Program Files\dotnet\packs\Microsoft.AspNetCore.App.Ref\8.0.6\ref\net8.0\Microsoft.AspNetCore.Authentication.Cookies.dll
                 Private = 'false'
             C:\Program Files\dotnet\packs\Microsoft.AspNetCore.App.Ref\8.0.6\ref\net8.0\Microsoft.AspNetCore.Authentication.Core.dll
                 Private = 'false'
             C:\Program Files\dotnet\packs\Microsoft.AspNetCore.App.Ref\8.0.6\ref\net8.0\Microsoft.AspNetCore.Authentication.OAuth.dll
                 Private = 'false'
             C:\Program Files\dotnet\packs\Microsoft.AspNetCore.App.Ref\8.0.6\ref\net8.0\Microsoft.AspNetCore.Authentication.dll
                 Private = 'false'
             C:\Program Files\dotnet\packs\Microsoft.AspNetCore.App.Ref\8.0.6\ref\net8.0\Microsoft.AspNetCore.Authorization.Policy.dll
                 Private = 'false'
             C:\Program Files\dotnet\packs\Microsoft.AspNetCore.App.Ref\8.0.6\ref\net8.0\Microsoft.AspNetCore.Authorization.dll
                 Private = 'false'
             C:\Program Files\dotnet\packs\Microsoft.AspNetCore.App.Ref\8.0.6\ref\net8.0\Microsoft.AspNetCore.Components.Authorization.dll
                 Private = 'false'
             C:\Program Files\dotnet\packs\Microsoft.AspNetCore.App.Ref\8.0.6\ref\net8.0\Microsoft.AspNetCore.Components.Endpoints.dll
                 Private = 'false'
             C:\Program Files\dotnet\packs\Microsoft.AspNetCore.App.Ref\8.0.6\ref\net8.0\Microsoft.AspNetCore.Components.Forms.dll
                 Private = 'false'
             C:\Program Files\dotnet\packs\Microsoft.AspNetCore.App.Ref\8.0.6\ref\net8.0\Microsoft.AspNetCore.Components.Server.dll
                 Private = 'false'
             C:\Program Files\dotnet\packs\Microsoft.AspNetCore.App.Ref\8.0.6\ref\net8.0\Microsoft.AspNetCore.Components.Web.dll
                 Private = 'false'
             C:\Program Files\dotnet\packs\Microsoft.AspNetCore.App.Ref\8.0.6\ref\net8.0\Microsoft.AspNetCore.Components.dll
                 Private = 'false'
             C:\Program Files\dotnet\packs\Microsoft.AspNetCore.App.Ref\8.0.6\ref\net8.0\Microsoft.AspNetCore.Connections.Abstractions.dll
                 Private = 'false'
             C:\Program Files\dotnet\packs\Microsoft.AspNetCore.App.Ref\8.0.6\ref\net8.0\Microsoft.AspNetCore.CookiePolicy.dll
                 Private = 'false'
             C:\Program Files\dotnet\packs\Microsoft.AspNetCore.App.Ref\8.0.6\ref\net8.0\Microsoft.AspNetCore.Cors.dll
                 Private = 'false'
             C:\Program Files\dotnet\packs\Microsoft.AspNetCore.App.Ref\8.0.6\ref\net8.0\Microsoft.AspNetCore.DataProtection.Abstractions.dll
                 Private = 'false'
             C:\Program Files\dotnet\packs\Microsoft.AspNetCore.App.Ref\8.0.6\ref\net8.0\Microsoft.AspNetCore.DataProtection.Extensions.dll
                 Private = 'false'
             C:\Program Files\dotnet\packs\Microsoft.AspNetCore.App.Ref\8.0.6\ref\net8.0\Microsoft.AspNetCore.DataProtection.dll
                 Private = 'false'
             C:\Program Files\dotnet\packs\Microsoft.AspNetCore.App.Ref\8.0.6\ref\net8.0\Microsoft.AspNetCore.Diagnostics.Abstractions.dll
                 Private = 'false'
             C:\Program Files\dotnet\packs\Microsoft.AspNetCore.App.Ref\8.0.6\ref\net8.0\Microsoft.AspNetCore.Diagnostics.HealthChecks.dll
                 Private = 'false'
             C:\Program Files\dotnet\packs\Microsoft.AspNetCore.App.Ref\8.0.6\ref\net8.0\Microsoft.AspNetCore.Diagnostics.dll
                 Private = 'false'
             C:\Program Files\dotnet\packs\Microsoft.AspNetCore.App.Ref\8.0.6\ref\net8.0\Microsoft.AspNetCore.HostFiltering.dll
                 Private = 'false'
             C:\Program Files\dotnet\packs\Microsoft.AspNetCore.App.Ref\8.0.6\ref\net8.0\Microsoft.AspNetCore.Hosting.Abstractions.dll
                 Private = 'false'
             C:\Program Files\dotnet\packs\Microsoft.AspNetCore.App.Ref\8.0.6\ref\net8.0\Microsoft.AspNetCore.Hosting.Server.Abstractions.dll
                 Private = 'false'
             C:\Program Files\dotnet\packs\Microsoft.AspNetCore.App.Ref\8.0.6\ref\net8.0\Microsoft.AspNetCore.Hosting.dll
                 Private = 'false'
             C:\Program Files\dotnet\packs\Microsoft.AspNetCore.App.Ref\8.0.6\ref\net8.0\Microsoft.AspNetCore.Html.Abstractions.dll
                 Private = 'false'
             C:\Program Files\dotnet\packs\Microsoft.AspNetCore.App.Ref\8.0.6\ref\net8.0\Microsoft.AspNetCore.Http.Abstractions.dll
                 Private = 'false'
             C:\Program Files\dotnet\packs\Microsoft.AspNetCore.App.Ref\8.0.6\ref\net8.0\Microsoft.AspNetCore.Http.Connections.Common.dll
                 Private = 'false'
             C:\Program Files\dotnet\packs\Microsoft.AspNetCore.App.Ref\8.0.6\ref\net8.0\Microsoft.AspNetCore.Http.Connections.dll
                 Private = 'false'
             C:\Program Files\dotnet\packs\Microsoft.AspNetCore.App.Ref\8.0.6\ref\net8.0\Microsoft.AspNetCore.Http.Extensions.dll
                 Private = 'false'
             C:\Program Files\dotnet\packs\Microsoft.AspNetCore.App.Ref\8.0.6\ref\net8.0\Microsoft.AspNetCore.Http.Features.dll
                 Private = 'false'
             C:\Program Files\dotnet\packs\Microsoft.AspNetCore.App.Ref\8.0.6\ref\net8.0\Microsoft.AspNetCore.Http.Results.dll
                 Private = 'false'
             C:\Program Files\dotnet\packs\Microsoft.AspNetCore.App.Ref\8.0.6\ref\net8.0\Microsoft.AspNetCore.Http.dll
                 Private = 'false'
             C:\Program Files\dotnet\packs\Microsoft.AspNetCore.App.Ref\8.0.6\ref\net8.0\Microsoft.AspNetCore.HttpLogging.dll
                 Private = 'false'
             C:\Program Files\dotnet\packs\Microsoft.AspNetCore.App.Ref\8.0.6\ref\net8.0\Microsoft.AspNetCore.HttpOverrides.dll
                 Private = 'false'
             C:\Program Files\dotnet\packs\Microsoft.AspNetCore.App.Ref\8.0.6\ref\net8.0\Microsoft.AspNetCore.HttpsPolicy.dll
                 Private = 'false'
             C:\Program Files\dotnet\packs\Microsoft.AspNetCore.App.Ref\8.0.6\ref\net8.0\Microsoft.AspNetCore.Identity.dll
                 Private = 'false'
             C:\Program Files\dotnet\packs\Microsoft.AspNetCore.App.Ref\8.0.6\ref\net8.0\Microsoft.AspNetCore.Localization.Routing.dll
                 Private = 'false'
             C:\Program Files\dotnet\packs\Microsoft.AspNetCore.App.Ref\8.0.6\ref\net8.0\Microsoft.AspNetCore.Localization.dll
                 Private = 'false'
             C:\Program Files\dotnet\packs\Microsoft.AspNetCore.App.Ref\8.0.6\ref\net8.0\Microsoft.AspNetCore.Metadata.dll
                 Private = 'false'
             C:\Program Files\dotnet\packs\Microsoft.AspNetCore.App.Ref\8.0.6\ref\net8.0\Microsoft.AspNetCore.Mvc.Abstractions.dll
                 Private = 'false'
             C:\Program Files\dotnet\packs\Microsoft.AspNetCore.App.Ref\8.0.6\ref\net8.0\Microsoft.AspNetCore.Mvc.ApiExplorer.dll
                 Private = 'false'
             C:\Program Files\dotnet\packs\Microsoft.AspNetCore.App.Ref\8.0.6\ref\net8.0\Microsoft.AspNetCore.Mvc.Core.dll
                 Private = 'false'
             C:\Program Files\dotnet\packs\Microsoft.AspNetCore.App.Ref\8.0.6\ref\net8.0\Microsoft.AspNetCore.Mvc.Cors.dll
                 Private = 'false'
             C:\Program Files\dotnet\packs\Microsoft.AspNetCore.App.Ref\8.0.6\ref\net8.0\Microsoft.AspNetCore.Mvc.DataAnnotations.dll
                 Private = 'false'
             C:\Program Files\dotnet\packs\Microsoft.AspNetCore.App.Ref\8.0.6\ref\net8.0\Microsoft.AspNetCore.Mvc.Formatters.Json.dll
                 Private = 'false'
             C:\Program Files\dotnet\packs\Microsoft.AspNetCore.App.Ref\8.0.6\ref\net8.0\Microsoft.AspNetCore.Mvc.Formatters.Xml.dll
                 Private = 'false'
             C:\Program Files\dotnet\packs\Microsoft.AspNetCore.App.Ref\8.0.6\ref\net8.0\Microsoft.AspNetCore.Mvc.Localization.dll
                 Private = 'false'
             C:\Program Files\dotnet\packs\Microsoft.AspNetCore.App.Ref\8.0.6\ref\net8.0\Microsoft.AspNetCore.Mvc.Razor.dll
                 Private = 'false'
             C:\Program Files\dotnet\packs\Microsoft.AspNetCore.App.Ref\8.0.6\ref\net8.0\Microsoft.AspNetCore.Mvc.RazorPages.dll
                 Private = 'false'
             C:\Program Files\dotnet\packs\Microsoft.AspNetCore.App.Ref\8.0.6\ref\net8.0\Microsoft.AspNetCore.Mvc.TagHelpers.dll
                 Private = 'false'
             C:\Program Files\dotnet\packs\Microsoft.AspNetCore.App.Ref\8.0.6\ref\net8.0\Microsoft.AspNetCore.Mvc.ViewFeatures.dll
                 Private = 'false'
             C:\Program Files\dotnet\packs\Microsoft.AspNetCore.App.Ref\8.0.6\ref\net8.0\Microsoft.AspNetCore.Mvc.dll
                 Private = 'false'
             C:\Program Files\dotnet\packs\Microsoft.AspNetCore.App.Ref\8.0.6\ref\net8.0\Microsoft.AspNetCore.OutputCaching.dll
                 Private = 'false'
             C:\Program Files\dotnet\packs\Microsoft.AspNetCore.App.Ref\8.0.6\ref\net8.0\Microsoft.AspNetCore.RateLimiting.dll
                 Private = 'false'
             C:\Program Files\dotnet\packs\Microsoft.AspNetCore.App.Ref\8.0.6\ref\net8.0\Microsoft.AspNetCore.Razor.Runtime.dll
                 Private = 'false'
             C:\Program Files\dotnet\packs\Microsoft.AspNetCore.App.Ref\8.0.6\ref\net8.0\Microsoft.AspNetCore.Razor.dll
                 Private = 'false'
             C:\Program Files\dotnet\packs\Microsoft.AspNetCore.App.Ref\8.0.6\ref\net8.0\Microsoft.AspNetCore.RequestDecompression.dll
                 Private = 'false'
             C:\Program Files\dotnet\packs\Microsoft.AspNetCore.App.Ref\8.0.6\ref\net8.0\Microsoft.AspNetCore.ResponseCaching.Abstractions.dll
                 Private = 'false'
             C:\Program Files\dotnet\packs\Microsoft.AspNetCore.App.Ref\8.0.6\ref\net8.0\Microsoft.AspNetCore.ResponseCaching.dll
                 Private = 'false'
             C:\Program Files\dotnet\packs\Microsoft.AspNetCore.App.Ref\8.0.6\ref\net8.0\Microsoft.AspNetCore.ResponseCompression.dll
                 Private = 'false'
             C:\Program Files\dotnet\packs\Microsoft.AspNetCore.App.Ref\8.0.6\ref\net8.0\Microsoft.AspNetCore.Rewrite.dll
                 Private = 'false'
             C:\Program Files\dotnet\packs\Microsoft.AspNetCore.App.Ref\8.0.6\ref\net8.0\Microsoft.AspNetCore.Routing.Abstractions.dll
                 Private = 'false'
             C:\Program Files\dotnet\packs\Microsoft.AspNetCore.App.Ref\8.0.6\ref\net8.0\Microsoft.AspNetCore.Routing.dll
                 Private = 'false'
             C:\Program Files\dotnet\packs\Microsoft.AspNetCore.App.Ref\8.0.6\ref\net8.0\Microsoft.AspNetCore.Server.HttpSys.dll
                 Private = 'false'
             C:\Program Files\dotnet\packs\Microsoft.AspNetCore.App.Ref\8.0.6\ref\net8.0\Microsoft.AspNetCore.Server.IIS.dll
                 Private = 'false'
             C:\Program Files\dotnet\packs\Microsoft.AspNetCore.App.Ref\8.0.6\ref\net8.0\Microsoft.AspNetCore.Server.IISIntegration.dll
                 Private = 'false'
             C:\Program Files\dotnet\packs\Microsoft.AspNetCore.App.Ref\8.0.6\ref\net8.0\Microsoft.AspNetCore.Server.Kestrel.Core.dll
                 Private = 'false'
             C:\Program Files\dotnet\packs\Microsoft.AspNetCore.App.Ref\8.0.6\ref\net8.0\Microsoft.AspNetCore.Server.Kestrel.Transport.NamedPipes.dll
                 Private = 'false'
             C:\Program Files\dotnet\packs\Microsoft.AspNetCore.App.Ref\8.0.6\ref\net8.0\Microsoft.AspNetCore.Server.Kestrel.Transport.Quic.dll
                 Private = 'false'
             C:\Program Files\dotnet\packs\Microsoft.AspNetCore.App.Ref\8.0.6\ref\net8.0\Microsoft.AspNetCore.Server.Kestrel.Transport.Sockets.dll
                 Private = 'false'
             C:\Program Files\dotnet\packs\Microsoft.AspNetCore.App.Ref\8.0.6\ref\net8.0\Microsoft.AspNetCore.Server.Kestrel.dll
                 Private = 'false'
             C:\Program Files\dotnet\packs\Microsoft.AspNetCore.App.Ref\8.0.6\ref\net8.0\Microsoft.AspNetCore.Session.dll
                 Private = 'false'
             C:\Program Files\dotnet\packs\Microsoft.AspNetCore.App.Ref\8.0.6\ref\net8.0\Microsoft.AspNetCore.SignalR.Common.dll
                 Private = 'false'
             C:\Program Files\dotnet\packs\Microsoft.AspNetCore.App.Ref\8.0.6\ref\net8.0\Microsoft.AspNetCore.SignalR.Core.dll
                 Private = 'false'
             C:\Program Files\dotnet\packs\Microsoft.AspNetCore.App.Ref\8.0.6\ref\net8.0\Microsoft.AspNetCore.SignalR.Protocols.Json.dll
                 Private = 'false'
             C:\Program Files\dotnet\packs\Microsoft.AspNetCore.App.Ref\8.0.6\ref\net8.0\Microsoft.AspNetCore.SignalR.dll
                 Private = 'false'
             C:\Program Files\dotnet\packs\Microsoft.AspNetCore.App.Ref\8.0.6\ref\net8.0\Microsoft.AspNetCore.StaticFiles.dll
                 Private = 'false'
             C:\Program Files\dotnet\packs\Microsoft.AspNetCore.App.Ref\8.0.6\ref\net8.0\Microsoft.AspNetCore.WebSockets.dll
                 Private = 'false'
             C:\Program Files\dotnet\packs\Microsoft.AspNetCore.App.Ref\8.0.6\ref\net8.0\Microsoft.AspNetCore.WebUtilities.dll
                 Private = 'false'
             C:\Program Files\dotnet\packs\Microsoft.AspNetCore.App.Ref\8.0.6\ref\net8.0\Microsoft.AspNetCore.dll
                 Private = 'false'
             C:\Program Files\dotnet\packs\Microsoft.AspNetCore.App.Ref\8.0.6\ref\net8.0\Microsoft.Extensions.Caching.Abstractions.dll
                 Private = 'false'
             C:\Program Files\dotnet\packs\Microsoft.AspNetCore.App.Ref\8.0.6\ref\net8.0\Microsoft.Extensions.Caching.Memory.dll
                 Private = 'false'
             C:\Program Files\dotnet\packs\Microsoft.AspNetCore.App.Ref\8.0.6\ref\net8.0\Microsoft.Extensions.Configuration.Abstractions.dll
                 Private = 'false'
             C:\Program Files\dotnet\packs\Microsoft.AspNetCore.App.Ref\8.0.6\ref\net8.0\Microsoft.Extensions.Configuration.Binder.dll
                 Private = 'false'
             C:\Program Files\dotnet\packs\Microsoft.AspNetCore.App.Ref\8.0.6\ref\net8.0\Microsoft.Extensions.Configuration.CommandLine.dll
                 Private = 'false'
             C:\Program Files\dotnet\packs\Microsoft.AspNetCore.App.Ref\8.0.6\ref\net8.0\Microsoft.Extensions.Configuration.EnvironmentVariables.dll
                 Private = 'false'
             C:\Program Files\dotnet\packs\Microsoft.AspNetCore.App.Ref\8.0.6\ref\net8.0\Microsoft.Extensions.Configuration.FileExtensions.dll
                 Private = 'false'
             C:\Program Files\dotnet\packs\Microsoft.AspNetCore.App.Ref\8.0.6\ref\net8.0\Microsoft.Extensions.Configuration.Ini.dll
                 Private = 'false'
             C:\Program Files\dotnet\packs\Microsoft.AspNetCore.App.Ref\8.0.6\ref\net8.0\Microsoft.Extensions.Configuration.Json.dll
                 Private = 'false'
             C:\Program Files\dotnet\packs\Microsoft.AspNetCore.App.Ref\8.0.6\ref\net8.0\Microsoft.Extensions.Configuration.KeyPerFile.dll
                 Private = 'false'
             C:\Program Files\dotnet\packs\Microsoft.AspNetCore.App.Ref\8.0.6\ref\net8.0\Microsoft.Extensions.Configuration.UserSecrets.dll
                 Private = 'false'
             C:\Program Files\dotnet\packs\Microsoft.AspNetCore.App.Ref\8.0.6\ref\net8.0\Microsoft.Extensions.Configuration.Xml.dll
                 Private = 'false'
             C:\Program Files\dotnet\packs\Microsoft.AspNetCore.App.Ref\8.0.6\ref\net8.0\Microsoft.Extensions.Configuration.dll
                 Private = 'false'
             C:\Program Files\dotnet\packs\Microsoft.AspNetCore.App.Ref\8.0.6\ref\net8.0\Microsoft.Extensions.Diagnostics.Abstractions.dll
                 Private = 'false'
             C:\Program Files\dotnet\packs\Microsoft.AspNetCore.App.Ref\8.0.6\ref\net8.0\Microsoft.Extensions.Diagnostics.HealthChecks.Abstractions.dll
                 Private = 'false'
             C:\Program Files\dotnet\packs\Microsoft.AspNetCore.App.Ref\8.0.6\ref\net8.0\Microsoft.Extensions.Diagnostics.HealthChecks.dll
                 Private = 'false'
             C:\Program Files\dotnet\packs\Microsoft.AspNetCore.App.Ref\8.0.6\ref\net8.0\Microsoft.Extensions.Diagnostics.dll
                 Private = 'false'
             C:\Program Files\dotnet\packs\Microsoft.AspNetCore.App.Ref\8.0.6\ref\net8.0\Microsoft.Extensions.Features.dll
                 Private = 'false'
             C:\Program Files\dotnet\packs\Microsoft.AspNetCore.App.Ref\8.0.6\ref\net8.0\Microsoft.Extensions.FileProviders.Abstractions.dll
                 Private = 'false'
             C:\Program Files\dotnet\packs\Microsoft.AspNetCore.App.Ref\8.0.6\ref\net8.0\Microsoft.Extensions.FileProviders.Composite.dll
                 Private = 'false'
             C:\Program Files\dotnet\packs\Microsoft.AspNetCore.App.Ref\8.0.6\ref\net8.0\Microsoft.Extensions.FileProviders.Embedded.dll
                 Private = 'false'
             C:\Program Files\dotnet\packs\Microsoft.AspNetCore.App.Ref\8.0.6\ref\net8.0\Microsoft.Extensions.FileProviders.Physical.dll
                 Private = 'false'
             C:\Program Files\dotnet\packs\Microsoft.AspNetCore.App.Ref\8.0.6\ref\net8.0\Microsoft.Extensions.FileSystemGlobbing.dll
                 Private = 'false'
             C:\Program Files\dotnet\packs\Microsoft.AspNetCore.App.Ref\8.0.6\ref\net8.0\Microsoft.Extensions.Hosting.Abstractions.dll
                 Private = 'false'
             C:\Program Files\dotnet\packs\Microsoft.AspNetCore.App.Ref\8.0.6\ref\net8.0\Microsoft.Extensions.Hosting.dll
                 Private = 'false'
             C:\Program Files\dotnet\packs\Microsoft.AspNetCore.App.Ref\8.0.6\ref\net8.0\Microsoft.Extensions.Http.dll
                 Private = 'false'
             C:\Program Files\dotnet\packs\Microsoft.AspNetCore.App.Ref\8.0.6\ref\net8.0\Microsoft.Extensions.Localization.Abstractions.dll
                 Private = 'false'
             C:\Program Files\dotnet\packs\Microsoft.AspNetCore.App.Ref\8.0.6\ref\net8.0\Microsoft.Extensions.Localization.dll
                 Private = 'false'
             C:\Program Files\dotnet\packs\Microsoft.AspNetCore.App.Ref\8.0.6\ref\net8.0\Microsoft.Extensions.Logging.Configuration.dll
                 Private = 'false'
             C:\Program Files\dotnet\packs\Microsoft.AspNetCore.App.Ref\8.0.6\ref\net8.0\Microsoft.Extensions.Logging.Console.dll
                 Private = 'false'
             C:\Program Files\dotnet\packs\Microsoft.AspNetCore.App.Ref\8.0.6\ref\net8.0\Microsoft.Extensions.Logging.Debug.dll
                 Private = 'false'
             C:\Program Files\dotnet\packs\Microsoft.AspNetCore.App.Ref\8.0.6\ref\net8.0\Microsoft.Extensions.Logging.EventLog.dll
                 Private = 'false'
             C:\Program Files\dotnet\packs\Microsoft.AspNetCore.App.Ref\8.0.6\ref\net8.0\Microsoft.Extensions.Logging.EventSource.dll
                 Private = 'false'
             C:\Program Files\dotnet\packs\Microsoft.AspNetCore.App.Ref\8.0.6\ref\net8.0\Microsoft.Extensions.Logging.TraceSource.dll
                 Private = 'false'
             C:\Program Files\dotnet\packs\Microsoft.AspNetCore.App.Ref\8.0.6\ref\net8.0\Microsoft.Extensions.ObjectPool.dll
                 Private = 'false'
             C:\Program Files\dotnet\packs\Microsoft.AspNetCore.App.Ref\8.0.6\ref\net8.0\Microsoft.Extensions.Options.ConfigurationExtensions.dll
                 Private = 'false'
             C:\Program Files\dotnet\packs\Microsoft.AspNetCore.App.Ref\8.0.6\ref\net8.0\Microsoft.Extensions.Options.DataAnnotations.dll
                 Private = 'false'
             C:\Program Files\dotnet\packs\Microsoft.AspNetCore.App.Ref\8.0.6\ref\net8.0\Microsoft.Extensions.Options.dll
                 Private = 'false'
             C:\Program Files\dotnet\packs\Microsoft.AspNetCore.App.Ref\8.0.6\ref\net8.0\Microsoft.Extensions.Primitives.dll
                 Private = 'false'
             C:\Program Files\dotnet\packs\Microsoft.AspNetCore.App.Ref\8.0.6\ref\net8.0\Microsoft.Extensions.WebEncoders.dll
                 Private = 'false'
             C:\Program Files\dotnet\packs\Microsoft.AspNetCore.App.Ref\8.0.6\ref\net8.0\Microsoft.JSInterop.dll
                 Private = 'false'
             C:\Program Files\dotnet\packs\Microsoft.AspNetCore.App.Ref\8.0.6\ref\net8.0\Microsoft.Net.Http.Headers.dll
                 Private = 'false'
             C:\Program Files\dotnet\packs\Microsoft.AspNetCore.App.Ref\8.0.6\ref\net8.0\System.Diagnostics.EventLog.dll
                 Private = 'false'
             C:\Program Files\dotnet\packs\Microsoft.AspNetCore.App.Ref\8.0.6\ref\net8.0\System.IO.Pipelines.dll
                 Private = 'false'
             C:\Program Files\dotnet\packs\Microsoft.AspNetCore.App.Ref\8.0.6\ref\net8.0\System.Security.Cryptography.Xml.dll
                 Private = 'false'
             C:\Program Files\dotnet\packs\Microsoft.AspNetCore.App.Ref\8.0.6\ref\net8.0\System.Threading.RateLimiting.dll
                 Private = 'false'
         AssemblyFiles:
             D:\Tito Pedraza\OneDrive\Proyectos\Codigo Fuente\repos\HumanCore\src\TalenHuman.Domain\bin\Debug\net8.0\TalenHuman.Domain.dll
         CandidateAssemblyFiles:
         TargetFrameworkDirectories:
             
         InstalledAssemblyTables:
         IgnoreInstalledAssemblyTable:
             False
         SearchPaths:
             {CandidateAssemblyFiles}
             {HintPathFromItem}
             {TargetFrameworkDirectory}
             {RawFileName}
         AllowedAssemblyExtensions:
             .winmd
             .dll
             .exe
         AllowedRelatedFileExtensions:
             .pdb
             .xml
             .pri
             .dll.config
             .exe.config
         AppConfigFile:
             
         AutoUnify:
             True
         CopyLocalDependenciesWhenParentReferenceInGac:
             True
         FindDependencies:
             True
         TargetProcessorArchitecture:
             msil
         StateFile:
             obj\Debug\net8.0\TalenHuman.Application.csproj.AssemblyReference.cache
         InstalledAssemblySubsetTables:
         IgnoreInstalledAssemblySubsetTable:
             False
         TargetFrameworkSubsets:
         FullTargetFrameworkSubsetNames:
             Full
         ProfileName:
             
         FullFrameworkFolders:
         LatestTargetFrameworkDirectories:
         ProfileTablesLocation:
         Primary reference "TalenHuman.Domain, Version=1.0.0.0, Culture=neutral, PublicKeyToken=null".
             Resolved file path is "D:\Tito Pedraza\OneDrive\Proyectos\Codigo Fuente\repos\HumanCore\src\TalenHuman.Domain\bin\Debug\net8.0\TalenHuman.Domain.dll".
             Reference found at search path location "D:\Tito Pedraza\OneDrive\Proyectos\Codigo Fuente\repos\HumanCore\src\TalenHuman.Domain\bin\Debug\net8.0\TalenHuman.Domain.dll".
             Found related file "D:\Tito Pedraza\OneDrive\Proyectos\Codigo Fuente\repos\HumanCore\src\TalenHuman.Domain\bin\Debug\net8.0\TalenHuman.Domain.pdb".
         Primary reference "ClosedXML, Version=0.105.0.0, Culture=neutral, PublicKeyToken=fd1eb21b62ae805b".
             Resolved file path is "C:\Users\messa\.nuget\packages\closedxml\0.105.0\lib\netstandard2.1\ClosedXML.dll".
             Reference found at search path location "{HintPathFromItem}".
             This reference is not "CopyLocal" because at least one source item had "Private" set to "false" and no source items had "Private" set to "true".
         Primary reference "ClosedXML.Parser, Version=1.0.0.0, Culture=neutral, PublicKeyToken=1d5f7376574c51ec".
             Resolved file path is "C:\Users\messa\.nuget\packages\closedxml.parser\2.0.0\lib\netstandard2.1\ClosedXML.Parser.dll".
             Reference found at search path location "{HintPathFromItem}".
             This reference is not "CopyLocal" because at least one source item had "Private" set to "false" and no source items had "Private" set to "true".
         Primary reference "DocumentFormat.OpenXml, Version=3.1.1.0, Culture=neutral, PublicKeyToken=8fb06cb64d019a17".
             Resolved file path is "C:\Users\messa\.nuget\packages\documentformat.openxml\3.1.1\lib\net8.0\DocumentFormat.OpenXml.dll".
             Reference found at search path location "{HintPathFromItem}".
             This reference is not "CopyLocal" because at least one source item had "Private" set to "false" and no source items had "Private" set to "true".
         Primary reference "DocumentFormat.OpenXml.Framework, Version=3.1.1.0, Culture=neutral, PublicKeyToken=8fb06cb64d019a17".
             Resolved file path is "C:\Users\messa\.nuget\packages\documentformat.openxml.framework\3.1.1\lib\net8.0\DocumentFormat.OpenXml.Framework.dll".
             Reference found at search path location "{HintPathFromItem}".
             This reference is not "CopyLocal" because at least one source item had "Private" set to "false" and no source items had "Private" set to "true".
         Primary reference "ExcelDataReader, Version=3.8.0.0, Culture=neutral, PublicKeyToken=93517dbe6a4012fa".
             Resolved file path is "C:\Users\messa\.nuget\packages\exceldatareader\3.8.0\lib\net8.0\ExcelDataReader.dll".
             Reference found at search path location "{HintPathFromItem}".
             This reference is not "CopyLocal" because at least one source item had "Private" set to "false" and no source items had "Private" set to "true".
         Primary reference "ExcelDataReader.DataSet, Version=3.8.0.0, Culture=neutral, PublicKeyToken=93517dbe6a4012fa".
             Resolved file path is "C:\Users\messa\.nuget\packages\exceldatareader.dataset\3.8.0\lib\net8.0\ExcelDataReader.DataSet.dll".
             Reference found at search path location "{HintPathFromItem}".
             This reference is not "CopyLocal" because at least one source item had "Private" set to "false" and no source items had "Private" set to "true".
         Primary reference "ExcelNumberFormat, Version=1.1.0.0, Culture=neutral, PublicKeyToken=23c6f5d73be07eca".
             Resolved file path is "C:\Users\messa\.nuget\packages\excelnumberformat\1.1.0\lib\netstandard2.0\ExcelNumberFormat.dll".
             Reference found at search path location "{HintPathFromItem}".
             This reference is not "CopyLocal" because at least one source item had "Private" set to "false" and no source items had "Private" set to "true".
         Primary reference "FluentValidation, Version=11.0.0.0, Culture=neutral, PublicKeyToken=7de548da2fbae0f0".
             Resolved file path is "C:\Users\messa\.nuget\packages\fluentvalidation\11.11.0\lib\net8.0\FluentValidation.dll".
             Reference found at search path location "{HintPathFromItem}".
             This reference is not "CopyLocal" because at least one source item had "Private" set to "false" and no source items had "Private" set to "true".
         Primary reference "FluentValidation.AspNetCore, Version=11.0.0.0, Culture=neutral, PublicKeyToken=7de548da2fbae0f0".
             Resolved file path is "C:\Users\messa\.nuget\packages\fluentvalidation.aspnetcore\11.3.1\lib\net6.0\FluentValidation.AspNetCore.dll".
             Reference found at search path location "{HintPathFromItem}".
             This reference is not "CopyLocal" because at least one source item had "Private" set to "false" and no source items had "Private" set to "true".
         Primary reference "FluentValidation.DependencyInjectionExtensions, Version=11.0.0.0, Culture=neutral, PublicKeyToken=7de548da2fbae0f0".
             Resolved file path is "C:\Users\messa\.nuget\packages\fluentvalidation.dependencyinjectionextensions\11.11.0\lib\netstandard2.1\FluentValidation.DependencyInjectionExtensions.dll".
             Reference found at search path location "{HintPathFromItem}".
             This reference is not "CopyLocal" because at least one source item had "Private" set to "false" and no source items had "Private" set to "true".
         Primary reference "MediatR, Version=12.0.0.0, Culture=neutral, PublicKeyToken=bb9a41a5e8aaa7e2".
             Resolved file path is "C:\Users\messa\.nuget\packages\mediatr\12.0.1\lib\net6.0\MediatR.dll".
             Reference found at search path location "{HintPathFromItem}".
             This reference is not "CopyLocal" because at least one source item had "Private" set to "false" and no source items had "Private" set to "true".
         Primary reference "MediatR.Contracts, Version=2.0.1.0, Culture=neutral, PublicKeyToken=bb9a41a5e8aaa7e2".
             Resolved file path is "C:\Users\messa\.nuget\packages\mediatr.contracts\2.0.1\lib\netstandard2.0\MediatR.Contracts.dll".
             Reference found at search path location "{HintPathFromItem}".
             This reference is not "CopyLocal" because at least one source item had "Private" set to "false" and no source items had "Private" set to "true".
         Primary reference "Microsoft.AspNetCore.Cryptography.Internal, Version=8.0.0.0, Culture=neutral, PublicKeyToken=adb9793829ddae60".
             Resolved file path is "C:\Users\messa\.nuget\packages\microsoft.aspnetcore.cryptography.internal\8.0.11\lib\net8.0\Microsoft.AspNetCore.Cryptography.Internal.dll".
             Reference found at search path location "{HintPathFromItem}".
             This reference is not "CopyLocal" because at least one source item had "Private" set to "false" and no source items had "Private" set to "true".
         Primary reference "Microsoft.AspNetCore.Cryptography.KeyDerivation, Version=8.0.0.0, Culture=neutral, PublicKeyToken=adb9793829ddae60".
             Resolved file path is "C:\Users\messa\.nuget\packages\microsoft.aspnetcore.cryptography.keyderivation\8.0.11\lib\net8.0\Microsoft.AspNetCore.Cryptography.KeyDerivation.dll".
             Reference found at search path location "{HintPathFromItem}".
             This reference is not "CopyLocal" because at least one source item had "Private" set to "false" and no source items had "Private" set to "true".
         Primary reference "Microsoft.EntityFrameworkCore, Version=8.0.0.0, Culture=neutral, PublicKeyToken=adb9793829ddae60".
             Resolved file path is "C:\Users\messa\.nuget\packages\microsoft.entityframeworkcore\8.0.0\lib\net8.0\Microsoft.EntityFrameworkCore.dll".
             Reference found at search path location "{HintPathFromItem}".
             This reference is not "CopyLocal" because at least one source item had "Private" set to "false" and no source items had "Private" set to "true".
         Primary reference "Microsoft.EntityFrameworkCore.Abstractions, Version=8.0.0.0, Culture=neutral, PublicKeyToken=adb9793829ddae60".
             Resolved file path is "C:\Users\messa\.nuget\packages\microsoft.entityframeworkcore.abstractions\8.0.0\lib\net8.0\Microsoft.EntityFrameworkCore.Abstractions.dll".
             Reference found at search path location "{HintPathFromItem}".
             This reference is not "CopyLocal" because at least one source item had "Private" set to "false" and no source items had "Private" set to "true".
         Primary reference "Microsoft.Extensions.DependencyInjection, Version=8.0.0.0, Culture=neutral, PublicKeyToken=adb9793829ddae60".
             Resolved file path is "C:\Users\messa\.nuget\packages\microsoft.extensions.dependencyinjection\8.0.1\lib\net8.0\Microsoft.Extensions.DependencyInjection.dll".
             Reference found at search path location "{HintPathFromItem}".
             This reference is not "CopyLocal" because at least one source item had "Private" set to "false" and no source items had "Private" set to "true".
         Primary reference "Microsoft.Extensions.DependencyInjection.Abstractions, Version=8.0.0.0, Culture=neutral, PublicKeyToken=adb9793829ddae60".
             Resolved file path is "C:\Users\messa\.nuget\packages\microsoft.extensions.dependencyinjection.abstractions\8.0.2\lib\net8.0\Microsoft.Extensions.DependencyInjection.Abstractions.dll".
             Reference found at search path location "{HintPathFromItem}".
             This reference is not "CopyLocal" because at least one source item had "Private" set to "false" and no source items had "Private" set to "true".
         Primary reference "Microsoft.Extensions.Identity.Core, Version=8.0.0.0, Culture=neutral, PublicKeyToken=adb9793829ddae60".
             Resolved file path is "C:\Users\messa\.nuget\packages\microsoft.extensions.identity.core\8.0.11\lib\net8.0\Microsoft.Extensions.Identity.Core.dll".
             Reference found at search path location "{HintPathFromItem}".
             This reference is not "CopyLocal" because at least one source item had "Private" set to "false" and no source items had "Private" set to "true".
         Primary reference "Microsoft.Extensions.Identity.Stores, Version=8.0.0.0, Culture=neutral, PublicKeyToken=adb9793829ddae60".
             Resolved file path is "C:\Users\messa\.nuget\packages\microsoft.extensions.identity.stores\8.0.11\lib\net8.0\Microsoft.Extensions.Identity.Stores.dll".
             Reference found at search path location "{HintPathFromItem}".
             This reference is not "CopyLocal" because at least one source item had "Private" set to "false" and no source items had "Private" set to "true".
         Primary reference "Microsoft.Extensions.Logging, Version=8.0.0.0, Culture=neutral, PublicKeyToken=adb9793829ddae60".
             Resolved file path is "C:\Users\messa\.nuget\packages\microsoft.extensions.logging\8.0.1\lib\net8.0\Microsoft.Extensions.Logging.dll".
             Reference found at search path location "{HintPathFromItem}".
             This reference is not "CopyLocal" because at least one source item had "Private" set to "false" and no source items had "Private" set to "true".
         Primary reference "Microsoft.Extensions.Logging.Abstractions, Version=8.0.0.0, Culture=neutral, PublicKeyToken=adb9793829ddae60".
             Resolved file path is "C:\Users\messa\.nuget\packages\microsoft.extensions.logging.abstractions\8.0.2\lib\net8.0\Microsoft.Extensions.Logging.Abstractions.dll".
             Reference found at search path location "{HintPathFromItem}".
             This reference is not "CopyLocal" because at least one source item had "Private" set to "false" and no source items had "Private" set to "true".
         Primary reference "QuestPDF, Version=2024.12.1.0, Culture=neutral, PublicKeyToken=0f3c2b2315ff52c8".
             Resolved file path is "C:\Users\messa\.nuget\packages\questpdf\2024.12.1\lib\net8.0\QuestPDF.dll".
             Reference found at search path location "{HintPathFromItem}".
             This reference is not "CopyLocal" because at least one source item had "Private" set to "false" and no source items had "Private" set to "true".
         Primary reference "RBush, Version=4.0.0.0, Culture=neutral, PublicKeyToken=c77e27b81f4d0187".
             Resolved file path is "C:\Users\messa\.nuget\packages\rbush.signed\4.0.0\lib\net8.0\RBush.dll".
             Reference found at search path location "{HintPathFromItem}".
             This reference is not "CopyLocal" because at least one source item had "Private" set to "false" and no source items had "Private" set to "true".
         Primary reference "SixLabors.Fonts, Version=1.0.0.0, Culture=neutral, PublicKeyToken=d998eea7b14cab13".
             Resolved file path is "C:\Users\messa\.nuget\packages\sixlabors.fonts\1.0.0\lib\netcoreapp3.1\SixLabors.Fonts.dll".
             Reference found at search path location "{HintPathFromItem}".
             This reference is not "CopyLocal" because at least one source item had "Private" set to "false" and no source items had "Private" set to "true".
         Primary reference "System.IO.Packaging, Version=8.0.0.0, Culture=neutral, PublicKeyToken=b03f5f7f11d50a3a".
             Resolved file path is "C:\Users\messa\.nuget\packages\system.io.packaging\8.0.1\lib\net8.0\System.IO.Packaging.dll".
             Reference found at search path location "{HintPathFromItem}".
             This reference is not "CopyLocal" because at least one source item had "Private" set to "false" and no source items had "Private" set to "true".
         Primary reference "Microsoft.CSharp, Version=8.0.0.0, Culture=neutral, PublicKeyToken=b03f5f7f11d50a3a".
             Resolved file path is "C:\Program Files\dotnet\packs\Microsoft.NETCore.App.Ref\8.0.6\ref\net8.0\Microsoft.CSharp.dll".
             Reference found at search path location "{RawFileName}".
             This reference is not "CopyLocal" because at least one source item had "Private" set to "false" and no source items had "Private" set to "true".
         Primary reference "Microsoft.VisualBasic.Core, Version=13.0.0.0, Culture=neutral, PublicKeyToken=b03f5f7f11d50a3a".
             Resolved file path is "C:\Program Files\dotnet\packs\Microsoft.NETCore.App.Ref\8.0.6\ref\net8.0\Microsoft.VisualBasic.Core.dll".
             Reference found at search path location "{RawFileName}".
             This reference is not "CopyLocal" because at least one source item had "Private" set to "false" and no source items had "Private" set to "true".
         Primary reference "Microsoft.VisualBasic, Version=10.0.0.0, Culture=neutral, PublicKeyToken=b03f5f7f11d50a3a".
             Resolved file path is "C:\Program Files\dotnet\packs\Microsoft.NETCore.App.Ref\8.0.6\ref\net8.0\Microsoft.VisualBasic.dll".
             Reference found at search path location "{RawFileName}".
             This reference is not "CopyLocal" because at least one source item had "Private" set to "false" and no source items had "Private" set to "true".
         Primary reference "Microsoft.Win32.Primitives, Version=8.0.0.0, Culture=neutral, PublicKeyToken=b03f5f7f11d50a3a".
             Resolved file path is "C:\Program Files\dotnet\packs\Microsoft.NETCore.App.Ref\8.0.6\ref\net8.0\Microsoft.Win32.Primitives.dll".
             Reference found at search path location "{RawFileName}".
             This reference is not "CopyLocal" because at least one source item had "Private" set to "false" and no source items had "Private" set to "true".
         Primary reference "Microsoft.Win32.Registry, Version=8.0.0.0, Culture=neutral, PublicKeyToken=b03f5f7f11d50a3a".
             Resolved file path is "C:\Program Files\dotnet\packs\Microsoft.NETCore.App.Ref\8.0.6\ref\net8.0\Microsoft.Win32.Registry.dll".
             Reference found at search path location "{RawFileName}".
             This reference is not "CopyLocal" because at least one source item had "Private" set to "false" and no source items had "Private" set to "true".
         Primary reference "System.AppContext, Version=8.0.0.0, Culture=neutral, PublicKeyToken=b03f5f7f11d50a3a".
             Resolved file path is "C:\Program Files\dotnet\packs\Microsoft.NETCore.App.Ref\8.0.6\ref\net8.0\System.AppContext.dll".
             Reference found at search path location "{RawFileName}".
             This reference is not "CopyLocal" because at least one source item had "Private" set to "false" and no source items had "Private" set to "true".
         Primary reference "System.Buffers, Version=8.0.0.0, Culture=neutral, PublicKeyToken=cc7b13ffcd2ddd51".
             Resolved file path is "C:\Program Files\dotnet\packs\Microsoft.NETCore.App.Ref\8.0.6\ref\net8.0\System.Buffers.dll".
             Reference found at search path location "{RawFileName}".
             This reference is not "CopyLocal" because at least one source item had "Private" set to "false" and no source items had "Private" set to "true".
         Primary reference "System.Collections.Concurrent, Version=8.0.0.0, Culture=neutral, PublicKeyToken=b03f5f7f11d50a3a".
             Resolved file path is "C:\Program Files\dotnet\packs\Microsoft.NETCore.App.Ref\8.0.6\ref\net8.0\System.Collections.Concurrent.dll".
             Reference found at search path location "{RawFileName}".
             This reference is not "CopyLocal" because at least one source item had "Private" set to "false" and no source items had "Private" set to "true".
         Primary reference "System.Collections.Immutable, Version=8.0.0.0, Culture=neutral, PublicKeyToken=b03f5f7f11d50a3a".
             Resolved file path is "C:\Program Files\dotnet\packs\Microsoft.NETCore.App.Ref\8.0.6\ref\net8.0\System.Collections.Immutable.dll".
             Reference found at search path location "{RawFileName}".
             This reference is not "CopyLocal" because at least one source item had "Private" set to "false" and no source items had "Private" set to "true".
         Primary reference "System.Collections.NonGeneric, Version=8.0.0.0, Culture=neutral, PublicKeyToken=b03f5f7f11d50a3a".
             Resolved file path is "C:\Program Files\dotnet\packs\Microsoft.NETCore.App.Ref\8.0.6\ref\net8.0\System.Collections.NonGeneric.dll".
             Reference found at search path location "{RawFileName}".
             This reference is not "CopyLocal" because at least one source item had "Private" set to "false" and no source items had "Private" set to "true".
         Primary reference "System.Collections.Specialized, Version=8.0.0.0, Culture=neutral, PublicKeyToken=b03f5f7f11d50a3a".
             Resolved file path is "C:\Program Files\dotnet\packs\Microsoft.NETCore.App.Ref\8.0.6\ref\net8.0\System.Collections.Specialized.dll".
             Reference found at search path location "{RawFileName}".
             This reference is not "CopyLocal" because at least one source item had "Private" set to "false" and no source items had "Private" set to "true".
         Primary reference "System.Collections, Version=8.0.0.0, Culture=neutral, PublicKeyToken=b03f5f7f11d50a3a".
             Resolved file path is "C:\Program Files\dotnet\packs\Microsoft.NETCore.App.Ref\8.0.6\ref\net8.0\System.Collections.dll".
             Reference found at search path location "{RawFileName}".
             This reference is not "CopyLocal" because at least one source item had "Private" set to "false" and no source items had "Private" set to "true".
         Primary reference "System.ComponentModel.Annotations, Version=8.0.0.0, Culture=neutral, PublicKeyToken=b03f5f7f11d50a3a".
             Resolved file path is "C:\Program Files\dotnet\packs\Microsoft.NETCore.App.Ref\8.0.6\ref\net8.0\System.ComponentModel.Annotations.dll".
             Reference found at search path location "{RawFileName}".
             This reference is not "CopyLocal" because at least one source item had "Private" set to "false" and no source items had "Private" set to "true".
         Primary reference "System.ComponentModel.DataAnnotations, Version=4.0.0.0, Culture=neutral, PublicKeyToken=31bf3856ad364e35".
             Resolved file path is "C:\Program Files\dotnet\packs\Microsoft.NETCore.App.Ref\8.0.6\ref\net8.0\System.ComponentModel.DataAnnotations.dll".
             Reference found at search path location "{RawFileName}".
             This reference is not "CopyLocal" because at least one source item had "Private" set to "false" and no source items had "Private" set to "true".
         Primary reference "System.ComponentModel.EventBasedAsync, Version=8.0.0.0, Culture=neutral, PublicKeyToken=b03f5f7f11d50a3a".
             Resolved file path is "C:\Program Files\dotnet\packs\Microsoft.NETCore.App.Ref\8.0.6\ref\net8.0\System.ComponentModel.EventBasedAsync.dll".
             Reference found at search path location "{RawFileName}".
             This reference is not "CopyLocal" because at least one source item had "Private" set to "false" and no source items had "Private" set to "true".
         Primary reference "System.ComponentModel.Primitives, Version=8.0.0.0, Culture=neutral, PublicKeyToken=b03f5f7f11d50a3a".
             Resolved file path is "C:\Program Files\dotnet\packs\Microsoft.NETCore.App.Ref\8.0.6\ref\net8.0\System.ComponentModel.Primitives.dll".
             Reference found at search path location "{RawFileName}".
             This reference is not "CopyLocal" because at least one source item had "Private" set to "false" and no source items had "Private" set to "true".
         Primary reference "System.ComponentModel.TypeConverter, Version=8.0.0.0, Culture=neutral, PublicKeyToken=b03f5f7f11d50a3a".
             Resolved file path is "C:\Program Files\dotnet\packs\Microsoft.NETCore.App.Ref\8.0.6\ref\net8.0\System.ComponentModel.TypeConverter.dll".
             Reference found at search path location "{RawFileName}".
             This reference is not "CopyLocal" because at least one source item had "Private" set to "false" and no source items had "Private" set to "true".
         Primary reference "System.ComponentModel, Version=8.0.0.0, Culture=neutral, PublicKeyToken=b03f5f7f11d50a3a".
             Resolved file path is "C:\Program Files\dotnet\packs\Microsoft.NETCore.App.Ref\8.0.6\ref\net8.0\System.ComponentModel.dll".
             Reference found at search path location "{RawFileName}".
             This reference is not "CopyLocal" because at least one source item had "Private" set to "false" and no source items had "Private" set to "true".
         Primary reference "System.Configuration, Version=4.0.0.0, Culture=neutral, PublicKeyToken=b03f5f7f11d50a3a".
             Resolved file path is "C:\Program Files\dotnet\packs\Microsoft.NETCore.App.Ref\8.0.6\ref\net8.0\System.Configuration.dll".
             Reference found at search path location "{RawFileName}".
             This reference is not "CopyLocal" because at least one source item had "Private" set to "false" and no source items had "Private" set to "true".
         Primary reference "System.Console, Version=8.0.0.0, Culture=neutral, PublicKeyToken=b03f5f7f11d50a3a".
             Resolved file path is "C:\Program Files\dotnet\packs\Microsoft.NETCore.App.Ref\8.0.6\ref\net8.0\System.Console.dll".
             Reference found at search path location "{RawFileName}".
             This reference is not "CopyLocal" because at least one source item had "Private" set to "false" and no source items had "Private" set to "true".
         Primary reference "System.Core, Version=4.0.0.0, Culture=neutral, PublicKeyToken=b77a5c561934e089".
             Resolved file path is "C:\Program Files\dotnet\packs\Microsoft.NETCore.App.Ref\8.0.6\ref\net8.0\System.Core.dll".
             Reference found at search path location "{RawFileName}".
             This reference is not "CopyLocal" because at least one source item had "Private" set to "false" and no source items had "Private" set to "true".
         Primary reference "System.Data.Common, Version=8.0.0.0, Culture=neutral, PublicKeyToken=b03f5f7f11d50a3a".
             Resolved file path is "C:\Program Files\dotnet\packs\Microsoft.NETCore.App.Ref\8.0.6\ref\net8.0\System.Data.Common.dll".
             Reference found at search path location "{RawFileName}".
             This reference is not "CopyLocal" because at least one source item had "Private" set to "false" and no source items had "Private" set to "true".
         Primary reference "System.Data.DataSetExtensions, Version=8.0.0.0, Culture=neutral, PublicKeyToken=b77a5c561934e089".
             Resolved file path is "C:\Program Files\dotnet\packs\Microsoft.NETCore.App.Ref\8.0.6\ref\net8.0\System.Data.DataSetExtensions.dll".
             Reference found at search path location "{RawFileName}".
             This reference is not "CopyLocal" because at least one source item had "Private" set to "false" and no source items had "Private" set to "true".
         Primary reference "System.Data, Version=4.0.0.0, Culture=neutral, PublicKeyToken=b77a5c561934e089".
             Resolved file path is "C:\Program Files\dotnet\packs\Microsoft.NETCore.App.Ref\8.0.6\ref\net8.0\System.Data.dll".
             Reference found at search path location "{RawFileName}".
             This reference is not "CopyLocal" because at least one source item had "Private" set to "false" and no source items had "Private" set to "true".
         Primary reference "System.Diagnostics.Contracts, Version=8.0.0.0, Culture=neutral, PublicKeyToken=b03f5f7f11d50a3a".
             Resolved file path is "C:\Program Files\dotnet\packs\Microsoft.NETCore.App.Ref\8.0.6\ref\net8.0\System.Diagnostics.Contracts.dll".
             Reference found at search path location "{RawFileName}".
             This reference is not "CopyLocal" because at least one source item had "Private" set to "false" and no source items had "Private" set to "true".
         Primary reference "System.Diagnostics.Debug, Version=8.0.0.0, Culture=neutral, PublicKeyToken=b03f5f7f11d50a3a".
             Resolved file path is "C:\Program Files\dotnet\packs\Microsoft.NETCore.App.Ref\8.0.6\ref\net8.0\System.Diagnostics.Debug.dll".
             Reference found at search path location "{RawFileName}".
             This reference is not "CopyLocal" because at least one source item had "Private" set to "false" and no source items had "Private" set to "true".
         Primary reference "System.Diagnostics.DiagnosticSource, Version=8.0.0.0, Culture=neutral, PublicKeyToken=cc7b13ffcd2ddd51".
             Resolved file path is "C:\Program Files\dotnet\packs\Microsoft.NETCore.App.Ref\8.0.6\ref\net8.0\System.Diagnostics.DiagnosticSource.dll".
             Reference found at search path location "{RawFileName}".
             This reference is not "CopyLocal" because at least one source item had "Private" set to "false" and no source items had "Private" set to "true".
         Primary reference "System.Diagnostics.FileVersionInfo, Version=8.0.0.0, Culture=neutral, PublicKeyToken=b03f5f7f11d50a3a".
             Resolved file path is "C:\Program Files\dotnet\packs\Microsoft.NETCore.App.Ref\8.0.6\ref\net8.0\System.Diagnostics.FileVersionInfo.dll".
             Reference found at search path location "{RawFileName}".
             This reference is not "CopyLocal" because at least one source item had "Private" set to "false" and no source items had "Private" set to "true".
         Primary reference "System.Diagnostics.Process, Version=8.0.0.0, Culture=neutral, PublicKeyToken=b03f5f7f11d50a3a".
             Resolved file path is "C:\Program Files\dotnet\packs\Microsoft.NETCore.App.Ref\8.0.6\ref\net8.0\System.Diagnostics.Process.dll".
             Reference found at search path location "{RawFileName}".
             This reference is not "CopyLocal" because at least one source item had "Private" set to "false" and no source items had "Private" set to "true".
         Primary reference "System.Diagnostics.StackTrace, Version=8.0.0.0, Culture=neutral, PublicKeyToken=b03f5f7f11d50a3a".
             Resolved file path is "C:\Program Files\dotnet\packs\Microsoft.NETCore.App.Ref\8.0.6\ref\net8.0\System.Diagnostics.StackTrace.dll".
             Reference found at search path location "{RawFileName}".
             This reference is not "CopyLocal" because at least one source item had "Private" set to "false" and no source items had "Private" set to "true".
         Primary reference "System.Diagnostics.TextWriterTraceListener, Version=8.0.0.0, Culture=neutral, PublicKeyToken=b03f5f7f11d50a3a".
             Resolved file path is "C:\Program Files\dotnet\packs\Microsoft.NETCore.App.Ref\8.0.6\ref\net8.0\System.Diagnostics.TextWriterTraceListener.dll".
             Reference found at search path location "{RawFileName}".
             This reference is not "CopyLocal" because at least one source item had "Private" set to "false" and no source items had "Private" set to "true".
         Primary reference "System.Diagnostics.Tools, Version=8.0.0.0, Culture=neutral, PublicKeyToken=b03f5f7f11d50a3a".
             Resolved file path is "C:\Program Files\dotnet\packs\Microsoft.NETCore.App.Ref\8.0.6\ref\net8.0\System.Diagnostics.Tools.dll".
             Reference found at search path location "{RawFileName}".
             This reference is not "CopyLocal" because at least one source item had "Private" set to "false" and no source items had "Private" set to "true".
         Primary reference "System.Diagnostics.TraceSource, Version=8.0.0.0, Culture=neutral, PublicKeyToken=b03f5f7f11d50a3a".
             Resolved file path is "C:\Program Files\dotnet\packs\Microsoft.NETCore.App.Ref\8.0.6\ref\net8.0\System.Diagnostics.TraceSource.dll".
             Reference found at search path location "{RawFileName}".
             This reference is not "CopyLocal" because at least one source item had "Private" set to "false" and no source items had "Private" set to "true".
         Primary reference "System.Diagnostics.Tracing, Version=8.0.0.0, Culture=neutral, PublicKeyToken=b03f5f7f11d50a3a".
             Resolved file path is "C:\Program Files\dotnet\packs\Microsoft.NETCore.App.Ref\8.0.6\ref\net8.0\System.Diagnostics.Tracing.dll".
             Reference found at search path location "{RawFileName}".
             This reference is not "CopyLocal" because at least one source item had "Private" set to "false" and no source items had "Private" set to "true".
         Primary reference "System.Drawing.Primitives, Version=8.0.0.0, Culture=neutral, PublicKeyToken=b03f5f7f11d50a3a".
             Resolved file path is "C:\Program Files\dotnet\packs\Microsoft.NETCore.App.Ref\8.0.6\ref\net8.0\System.Drawing.Primitives.dll".
             Reference found at search path location "{RawFileName}".
             This reference is not "CopyLocal" because at least one source item had "Private" set to "false" and no source items had "Private" set to "true".
         Primary reference "System.Drawing, Version=4.0.0.0, Culture=neutral, PublicKeyToken=b03f5f7f11d50a3a".
             Resolved file path is "C:\Program Files\dotnet\packs\Microsoft.NETCore.App.Ref\8.0.6\ref\net8.0\System.Drawing.dll".
             Reference found at search path location "{RawFileName}".
             This reference is not "CopyLocal" because at least one source item had "Private" set to "false" and no source items had "Private" set to "true".
         Primary reference "System.Dynamic.Runtime, Version=8.0.0.0, Culture=neutral, PublicKeyToken=b03f5f7f11d50a3a".
             Resolved file path is "C:\Program Files\dotnet\packs\Microsoft.NETCore.App.Ref\8.0.6\ref\net8.0\System.Dynamic.Runtime.dll".
             Reference found at search path location "{RawFileName}".
             This reference is not "CopyLocal" because at least one source item had "Private" set to "false" and no source items had "Private" set to "true".
         Primary reference "System.Formats.Asn1, Version=8.0.0.0, Culture=neutral, PublicKeyToken=cc7b13ffcd2ddd51".
             Resolved file path is "C:\Program Files\dotnet\packs\Microsoft.NETCore.App.Ref\8.0.6\ref\net8.0\System.Formats.Asn1.dll".
             Reference found at search path location "{RawFileName}".
             This reference is not "CopyLocal" because at least one source item had "Private" set to "false" and no source items had "Private" set to "true".
         Primary reference "System.Formats.Tar, Version=8.0.0.0, Culture=neutral, PublicKeyToken=cc7b13ffcd2ddd51".
             Resolved file path is "C:\Program Files\dotnet\packs\Microsoft.NETCore.App.Ref\8.0.6\ref\net8.0\System.Formats.Tar.dll".
             Reference found at search path location "{RawFileName}".
             This reference is not "CopyLocal" because at least one source item had "Private" set to "false" and no source items had "Private" set to "true".
         Primary reference "System.Globalization.Calendars, Version=8.0.0.0, Culture=neutral, PublicKeyToken=b03f5f7f11d50a3a".
             Resolved file path is "C:\Program Files\dotnet\packs\Microsoft.NETCore.App.Ref\8.0.6\ref\net8.0\System.Globalization.Calendars.dll".
             Reference found at search path location "{RawFileName}".
             This reference is not "CopyLocal" because at least one source item had "Private" set to "false" and no source items had "Private" set to "true".
         Primary reference "System.Globalization.Extensions, Version=8.0.0.0, Culture=neutral, PublicKeyToken=b03f5f7f11d50a3a".
             Resolved file path is "C:\Program Files\dotnet\packs\Microsoft.NETCore.App.Ref\8.0.6\ref\net8.0\System.Globalization.Extensions.dll".
             Reference found at search path location "{RawFileName}".
             This reference is not "CopyLocal" because at least one source item had "Private" set to "false" and no source items had "Private" set to "true".
         Primary reference "System.Globalization, Version=8.0.0.0, Culture=neutral, PublicKeyToken=b03f5f7f11d50a3a".
             Resolved file path is "C:\Program Files\dotnet\packs\Microsoft.NETCore.App.Ref\8.0.6\ref\net8.0\System.Globalization.dll".
             Reference found at search path location "{RawFileName}".
             This reference is not "CopyLocal" because at least one source item had "Private" set to "false" and no source items had "Private" set to "true".
         Primary reference "System.IO.Compression.Brotli, Version=8.0.0.0, Culture=neutral, PublicKeyToken=b77a5c561934e089".
             Resolved file path is "C:\Program Files\dotnet\packs\Microsoft.NETCore.App.Ref\8.0.6\ref\net8.0\System.IO.Compression.Brotli.dll".
             Reference found at search path location "{RawFileName}".
             This reference is not "CopyLocal" because at least one source item had "Private" set to "false" and no source items had "Private" set to "true".
         Primary reference "System.IO.Compression.FileSystem, Version=4.0.0.0, Culture=neutral, PublicKeyToken=b77a5c561934e089".
             Resolved file path is "C:\Program Files\dotnet\packs\Microsoft.NETCore.App.Ref\8.0.6\ref\net8.0\System.IO.Compression.FileSystem.dll".
             Reference found at search path location "{RawFileName}".
             This reference is not "CopyLocal" because at least one source item had "Private" set to "false" and no source items had "Private" set to "true".
         Primary reference "System.IO.Compression.ZipFile, Version=8.0.0.0, Culture=neutral, PublicKeyToken=b77a5c561934e089".
             Resolved file path is "C:\Program Files\dotnet\packs\Microsoft.NETCore.App.Ref\8.0.6\ref\net8.0\System.IO.Compression.ZipFile.dll".
             Reference found at search path location "{RawFileName}".
             This reference is not "CopyLocal" because at least one source item had "Private" set to "false" and no source items had "Private" set to "true".
         Primary reference "System.IO.Compression, Version=8.0.0.0, Culture=neutral, PublicKeyToken=b77a5c561934e089".
             Resolved file path is "C:\Program Files\dotnet\packs\Microsoft.NETCore.App.Ref\8.0.6\ref\net8.0\System.IO.Compression.dll".
             Reference found at search path location "{RawFileName}".
             This reference is not "CopyLocal" because at least one source item had "Private" set to "false" and no source items had "Private" set to "true".
         Primary reference "System.IO.FileSystem.AccessControl, Version=8.0.0.0, Culture=neutral, PublicKeyToken=b03f5f7f11d50a3a".
             Resolved file path is "C:\Program Files\dotnet\packs\Microsoft.NETCore.App.Ref\8.0.6\ref\net8.0\System.IO.FileSystem.AccessControl.dll".
             Reference found at search path location "{RawFileName}".
             This reference is not "CopyLocal" because at least one source item had "Private" set to "false" and no source items had "Private" set to "true".
         Primary reference "System.IO.FileSystem.DriveInfo, Version=8.0.0.0, Culture=neutral, PublicKeyToken=b03f5f7f11d50a3a".
             Resolved file path is "C:\Program Files\dotnet\packs\Microsoft.NETCore.App.Ref\8.0.6\ref\net8.0\System.IO.FileSystem.DriveInfo.dll".
             Reference found at search path location "{RawFileName}".
             This reference is not "CopyLocal" because at least one source item had "Private" set to "false" and no source items had "Private" set to "true".
         Primary reference "System.IO.FileSystem.Primitives, Version=8.0.0.0, Culture=neutral, PublicKeyToken=b03f5f7f11d50a3a".
             Resolved file path is "C:\Program Files\dotnet\packs\Microsoft.NETCore.App.Ref\8.0.6\ref\net8.0\System.IO.FileSystem.Primitives.dll".
             Reference found at search path location "{RawFileName}".
             This reference is not "CopyLocal" because at least one source item had "Private" set to "false" and no source items had "Private" set to "true".
         Primary reference "System.IO.FileSystem.Watcher, Version=8.0.0.0, Culture=neutral, PublicKeyToken=b03f5f7f11d50a3a".
             Resolved file path is "C:\Program Files\dotnet\packs\Microsoft.NETCore.App.Ref\8.0.6\ref\net8.0\System.IO.FileSystem.Watcher.dll".
             Reference found at search path location "{RawFileName}".
             This reference is not "CopyLocal" because at least one source item had "Private" set to "false" and no source items had "Private" set to "true".
         Primary reference "System.IO.FileSystem, Version=8.0.0.0, Culture=neutral, PublicKeyToken=b03f5f7f11d50a3a".
             Resolved file path is "C:\Program Files\dotnet\packs\Microsoft.NETCore.App.Ref\8.0.6\ref\net8.0\System.IO.FileSystem.dll".
             Reference found at search path location "{RawFileName}".
             This reference is not "CopyLocal" because at least one source item had "Private" set to "false" and no source items had "Private" set to "true".
         Primary reference "System.IO.IsolatedStorage, Version=8.0.0.0, Culture=neutral, PublicKeyToken=b03f5f7f11d50a3a".
             Resolved file path is "C:\Program Files\dotnet\packs\Microsoft.NETCore.App.Ref\8.0.6\ref\net8.0\System.IO.IsolatedStorage.dll".
             Reference found at search path location "{RawFileName}".
             This reference is not "CopyLocal" because at least one source item had "Private" set to "false" and no source items had "Private" set to "true".
         Primary reference "System.IO.MemoryMappedFiles, Version=8.0.0.0, Culture=neutral, PublicKeyToken=b03f5f7f11d50a3a".
             Resolved file path is "C:\Program Files\dotnet\packs\Microsoft.NETCore.App.Ref\8.0.6\ref\net8.0\System.IO.MemoryMappedFiles.dll".
             Reference found at search path location "{RawFileName}".
             This reference is not "CopyLocal" because at least one source item had "Private" set to "false" and no source items had "Private" set to "true".
         Primary reference "System.IO.Pipes.AccessControl, Version=8.0.0.0, Culture=neutral, PublicKeyToken=b03f5f7f11d50a3a".
             Resolved file path is "C:\Program Files\dotnet\packs\Microsoft.NETCore.App.Ref\8.0.6\ref\net8.0\System.IO.Pipes.AccessControl.dll".
             Reference found at search path location "{RawFileName}".
             This reference is not "CopyLocal" because at least one source item had "Private" set to "false" and no source items had "Private" set to "true".
         Primary reference "System.IO.Pipes, Version=8.0.0.0, Culture=neutral, PublicKeyToken=b03f5f7f11d50a3a".
             Resolved file path is "C:\Program Files\dotnet\packs\Microsoft.NETCore.App.Ref\8.0.6\ref\net8.0\System.IO.Pipes.dll".
             Reference found at search path location "{RawFileName}".
             This reference is not "CopyLocal" because at least one source item had "Private" set to "false" and no source items had "Private" set to "true".
         Primary reference "System.IO.UnmanagedMemoryStream, Version=8.0.0.0, Culture=neutral, PublicKeyToken=b03f5f7f11d50a3a".
             Resolved file path is "C:\Program Files\dotnet\packs\Microsoft.NETCore.App.Ref\8.0.6\ref\net8.0\System.IO.UnmanagedMemoryStream.dll".
             Reference found at search path location "{RawFileName}".
             This reference is not "CopyLocal" because at least one source item had "Private" set to "false" and no source items had "Private" set to "true".
         Primary reference "System.IO, Version=8.0.0.0, Culture=neutral, PublicKeyToken=b03f5f7f11d50a3a".
             Resolved file path is "C:\Program Files\dotnet\packs\Microsoft.NETCore.App.Ref\8.0.6\ref\net8.0\System.IO.dll".
             Reference found at search path location "{RawFileName}".
             This reference is not "CopyLocal" because at least one source item had "Private" set to "false" and no source items had "Private" set to "true".
         Primary reference "System.Linq.Expressions, Version=8.0.0.0, Culture=neutral, PublicKeyToken=b03f5f7f11d50a3a".
             Resolved file path is "C:\Program Files\dotnet\packs\Microsoft.NETCore.App.Ref\8.0.6\ref\net8.0\System.Linq.Expressions.dll".
             Reference found at search path location "{RawFileName}".
             This reference is not "CopyLocal" because at least one source item had "Private" set to "false" and no source items had "Private" set to "true".
         Primary reference "System.Linq.Parallel, Version=8.0.0.0, Culture=neutral, PublicKeyToken=b03f5f7f11d50a3a".
             Resolved file path is "C:\Program Files\dotnet\packs\Microsoft.NETCore.App.Ref\8.0.6\ref\net8.0\System.Linq.Parallel.dll".
             Reference found at search path location "{RawFileName}".
             This reference is not "CopyLocal" because at least one source item had "Private" set to "false" and no source items had "Private" set to "true".
         Primary reference "System.Linq.Queryable, Version=8.0.0.0, Culture=neutral, PublicKeyToken=b03f5f7f11d50a3a".
             Resolved file path is "C:\Program Files\dotnet\packs\Microsoft.NETCore.App.Ref\8.0.6\ref\net8.0\System.Linq.Queryable.dll".
             Reference found at search path location "{RawFileName}".
             This reference is not "CopyLocal" because at least one source item had "Private" set to "false" and no source items had "Private" set to "true".
         Primary reference "System.Linq, Version=8.0.0.0, Culture=neutral, PublicKeyToken=b03f5f7f11d50a3a".
             Resolved file path is "C:\Program Files\dotnet\packs\Microsoft.NETCore.App.Ref\8.0.6\ref\net8.0\System.Linq.dll".
             Reference found at search path location "{RawFileName}".
             This reference is not "CopyLocal" because at least one source item had "Private" set to "false" and no source items had "Private" set to "true".
         Primary reference "System.Memory, Version=8.0.0.0, Culture=neutral, PublicKeyToken=cc7b13ffcd2ddd51".
             Resolved file path is "C:\Program Files\dotnet\packs\Microsoft.NETCore.App.Ref\8.0.6\ref\net8.0\System.Memory.dll".
             Reference found at search path location "{RawFileName}".
             This reference is not "CopyLocal" because at least one source item had "Private" set to "false" and no source items had "Private" set to "true".
         Primary reference "System.Net.Http.Json, Version=8.0.0.0, Culture=neutral, PublicKeyToken=cc7b13ffcd2ddd51".
             Resolved file path is "C:\Program Files\dotnet\packs\Microsoft.NETCore.App.Ref\8.0.6\ref\net8.0\System.Net.Http.Json.dll".
             Reference found at search path location "{RawFileName}".
             This reference is not "CopyLocal" because at least one source item had "Private" set to "false" and no source items had "Private" set to "true".
         Primary reference "System.Net.Http, Version=8.0.0.0, Culture=neutral, PublicKeyToken=b03f5f7f11d50a3a".
             Resolved file path is "C:\Program Files\dotnet\packs\Microsoft.NETCore.App.Ref\8.0.6\ref\net8.0\System.Net.Http.dll".
             Reference found at search path location "{RawFileName}".
             This reference is not "CopyLocal" because at least one source item had "Private" set to "false" and no source items had "Private" set to "true".
         Primary reference "System.Net.HttpListener, Version=8.0.0.0, Culture=neutral, PublicKeyToken=cc7b13ffcd2ddd51".
             Resolved file path is "C:\Program Files\dotnet\packs\Microsoft.NETCore.App.Ref\8.0.6\ref\net8.0\System.Net.HttpListener.dll".
             Reference found at search path location "{RawFileName}".
             This reference is not "CopyLocal" because at least one source item had "Private" set to "false" and no source items had "Private" set to "true".
         Primary reference "System.Net.Mail, Version=8.0.0.0, Culture=neutral, PublicKeyToken=cc7b13ffcd2ddd51".
             Resolved file path is "C:\Program Files\dotnet\packs\Microsoft.NETCore.App.Ref\8.0.6\ref\net8.0\System.Net.Mail.dll".
             Reference found at search path location "{RawFileName}".
             This reference is not "CopyLocal" because at least one source item had "Private" set to "false" and no source items had "Private" set to "true".
         Primary reference "System.Net.NameResolution, Version=8.0.0.0, Culture=neutral, PublicKeyToken=b03f5f7f11d50a3a".
             Resolved file path is "C:\Program Files\dotnet\packs\Microsoft.NETCore.App.Ref\8.0.6\ref\net8.0\System.Net.NameResolution.dll".
             Reference found at search path location "{RawFileName}".
             This reference is not "CopyLocal" because at least one source item had "Private" set to "false" and no source items had "Private" set to "true".
         Primary reference "System.Net.NetworkInformation, Version=8.0.0.0, Culture=neutral, PublicKeyToken=b03f5f7f11d50a3a".
             Resolved file path is "C:\Program Files\dotnet\packs\Microsoft.NETCore.App.Ref\8.0.6\ref\net8.0\System.Net.NetworkInformation.dll".
             Reference found at search path location "{RawFileName}".
             This reference is not "CopyLocal" because at least one source item had "Private" set to "false" and no source items had "Private" set to "true".
         Primary reference "System.Net.Ping, Version=8.0.0.0, Culture=neutral, PublicKeyToken=b03f5f7f11d50a3a".
             Resolved file path is "C:\Program Files\dotnet\packs\Microsoft.NETCore.App.Ref\8.0.6\ref\net8.0\System.Net.Ping.dll".
             Reference found at search path location "{RawFileName}".
             This reference is not "CopyLocal" because at least one source item had "Private" set to "false" and no source items had "Private" set to "true".
         Primary reference "System.Net.Primitives, Version=8.0.0.0, Culture=neutral, PublicKeyToken=b03f5f7f11d50a3a".
             Resolved file path is "C:\Program Files\dotnet\packs\Microsoft.NETCore.App.Ref\8.0.6\ref\net8.0\System.Net.Primitives.dll".
             Reference found at search path location "{RawFileName}".
             This reference is not "CopyLocal" because at least one source item had "Private" set to "false" and no source items had "Private" set to "true".
         Primary reference "System.Net.Quic, Version=8.0.0.0, Culture=neutral, PublicKeyToken=b03f5f7f11d50a3a".
             Resolved file path is "C:\Program Files\dotnet\packs\Microsoft.NETCore.App.Ref\8.0.6\ref\net8.0\System.Net.Quic.dll".
             Reference found at search path location "{RawFileName}".
             This reference is not "CopyLocal" because at least one source item had "Private" set to "false" and no source items had "Private" set to "true".
         Primary reference "System.Net.Requests, Version=8.0.0.0, Culture=neutral, PublicKeyToken=b03f5f7f11d50a3a".
             Resolved file path is "C:\Program Files\dotnet\packs\Microsoft.NETCore.App.Ref\8.0.6\ref\net8.0\System.Net.Requests.dll".
             Reference found at search path location "{RawFileName}".
             This reference is not "CopyLocal" because at least one source item had "Private" set to "false" and no source items had "Private" set to "true".
         Primary reference "System.Net.Security, Version=8.0.0.0, Culture=neutral, PublicKeyToken=b03f5f7f11d50a3a".
             Resolved file path is "C:\Program Files\dotnet\packs\Microsoft.NETCore.App.Ref\8.0.6\ref\net8.0\System.Net.Security.dll".
             Reference found at search path location "{RawFileName}".
             This reference is not "CopyLocal" because at least one source item had "Private" set to "false" and no source items had "Private" set to "true".
         Primary reference "System.Net.ServicePoint, Version=8.0.0.0, Culture=neutral, PublicKeyToken=cc7b13ffcd2ddd51".
             Resolved file path is "C:\Program Files\dotnet\packs\Microsoft.NETCore.App.Ref\8.0.6\ref\net8.0\System.Net.ServicePoint.dll".
             Reference found at search path location "{RawFileName}".
             This reference is not "CopyLocal" because at least one source item had "Private" set to "false" and no source items had "Private" set to "true".
         Primary reference "System.Net.Sockets, Version=8.0.0.0, Culture=neutral, PublicKeyToken=b03f5f7f11d50a3a".
             Resolved file path is "C:\Program Files\dotnet\packs\Microsoft.NETCore.App.Ref\8.0.6\ref\net8.0\System.Net.Sockets.dll".
             Reference found at search path location "{RawFileName}".
             This reference is not "CopyLocal" because at least one source item had "Private" set to "false" and no source items had "Private" set to "true".
         Primary reference "System.Net.WebClient, Version=8.0.0.0, Culture=neutral, PublicKeyToken=cc7b13ffcd2ddd51".
             Resolved file path is "C:\Program Files\dotnet\packs\Microsoft.NETCore.App.Ref\8.0.6\ref\net8.0\System.Net.WebClient.dll".
             Reference found at search path location "{RawFileName}".
             This reference is not "CopyLocal" because at least one source item had "Private" set to "false" and no source items had "Private" set to "true".
         Primary reference "System.Net.WebHeaderCollection, Version=8.0.0.0, Culture=neutral, PublicKeyToken=b03f5f7f11d50a3a".
             Resolved file path is "C:\Program Files\dotnet\packs\Microsoft.NETCore.App.Ref\8.0.6\ref\net8.0\System.Net.WebHeaderCollection.dll".
             Reference found at search path location "{RawFileName}".
             This reference is not "CopyLocal" because at least one source item had "Private" set to "false" and no source items had "Private" set to "true".
         Primary reference "System.Net.WebProxy, Version=8.0.0.0, Culture=neutral, PublicKeyToken=cc7b13ffcd2ddd51".
             Resolved file path is "C:\Program Files\dotnet\packs\Microsoft.NETCore.App.Ref\8.0.6\ref\net8.0\System.Net.WebProxy.dll".
             Reference found at search path location "{RawFileName}".
             This reference is not "CopyLocal" because at least one source item had "Private" set to "false" and no source items had "Private" set to "true".
         Primary reference "System.Net.WebSockets.Client, Version=8.0.0.0, Culture=neutral, PublicKeyToken=b03f5f7f11d50a3a".
             Resolved file path is "C:\Program Files\dotnet\packs\Microsoft.NETCore.App.Ref\8.0.6\ref\net8.0\System.Net.WebSockets.Client.dll".
             Reference found at search path location "{RawFileName}".
             This reference is not "CopyLocal" because at least one source item had "Private" set to "false" and no source items had "Private" set to "true".
         Primary reference "System.Net.WebSockets, Version=8.0.0.0, Culture=neutral, PublicKeyToken=b03f5f7f11d50a3a".
             Resolved file path is "C:\Program Files\dotnet\packs\Microsoft.NETCore.App.Ref\8.0.6\ref\net8.0\System.Net.WebSockets.dll".
             Reference found at search path location "{RawFileName}".
             This reference is not "CopyLocal" because at least one source item had "Private" set to "false" and no source items had "Private" set to "true".
         Primary reference "System.Net, Version=4.0.0.0, Culture=neutral, PublicKeyToken=b03f5f7f11d50a3a".
             Resolved file path is "C:\Program Files\dotnet\packs\Microsoft.NETCore.App.Ref\8.0.6\ref\net8.0\System.Net.dll".
             Reference found at search path location "{RawFileName}".
             This reference is not "CopyLocal" because at least one source item had "Private" set to "false" and no source items had "Private" set to "true".
         Primary reference "System.Numerics.Vectors, Version=8.0.0.0, Culture=neutral, PublicKeyToken=b03f5f7f11d50a3a".
             Resolved file path is "C:\Program Files\dotnet\packs\Microsoft.NETCore.App.Ref\8.0.6\ref\net8.0\System.Numerics.Vectors.dll".
             Reference found at search path location "{RawFileName}".
             This reference is not "CopyLocal" because at least one source item had "Private" set to "false" and no source items had "Private" set to "true".
         Primary reference "System.Numerics, Version=4.0.0.0, Culture=neutral, PublicKeyToken=b77a5c561934e089".
             Resolved file path is "C:\Program Files\dotnet\packs\Microsoft.NETCore.App.Ref\8.0.6\ref\net8.0\System.Numerics.dll".
             Reference found at search path location "{RawFileName}".
             This reference is not "CopyLocal" because at least one source item had "Private" set to "false" and no source items had "Private" set to "true".
         Primary reference "System.ObjectModel, Version=8.0.0.0, Culture=neutral, PublicKeyToken=b03f5f7f11d50a3a".
             Resolved file path is "C:\Program Files\dotnet\packs\Microsoft.NETCore.App.Ref\8.0.6\ref\net8.0\System.ObjectModel.dll".
             Reference found at search path location "{RawFileName}".
             This reference is not "CopyLocal" because at least one source item had "Private" set to "false" and no source items had "Private" set to "true".
         Primary reference "System.Reflection.DispatchProxy, Version=8.0.0.0, Culture=neutral, PublicKeyToken=b03f5f7f11d50a3a".
             Resolved file path is "C:\Program Files\dotnet\packs\Microsoft.NETCore.App.Ref\8.0.6\ref\net8.0\System.Reflection.DispatchProxy.dll".
             Reference found at search path location "{RawFileName}".
             This reference is not "CopyLocal" because at least one source item had "Private" set to "false" and no source items had "Private" set to "true".
         Primary reference "System.Reflection.Emit.ILGeneration, Version=8.0.0.0, Culture=neutral, PublicKeyToken=b03f5f7f11d50a3a".
             Resolved file path is "C:\Program Files\dotnet\packs\Microsoft.NETCore.App.Ref\8.0.6\ref\net8.0\System.Reflection.Emit.ILGeneration.dll".
             Reference found at search path location "{RawFileName}".
             This reference is not "CopyLocal" because at least one source item had "Private" set to "false" and no source items had "Private" set to "true".
         Primary reference "System.Reflection.Emit.Lightweight, Version=8.0.0.0, Culture=neutral, PublicKeyToken=b03f5f7f11d50a3a".
             Resolved file path is "C:\Program Files\dotnet\packs\Microsoft.NETCore.App.Ref\8.0.6\ref\net8.0\System.Reflection.Emit.Lightweight.dll".
             Reference found at search path location "{RawFileName}".
             This reference is not "CopyLocal" because at least one source item had "Private" set to "false" and no source items had "Private" set to "true".
         Primary reference "System.Reflection.Emit, Version=8.0.0.0, Culture=neutral, PublicKeyToken=b03f5f7f11d50a3a".
             Resolved file path is "C:\Program Files\dotnet\packs\Microsoft.NETCore.App.Ref\8.0.6\ref\net8.0\System.Reflection.Emit.dll".
             Reference found at search path location "{RawFileName}".
             This reference is not "CopyLocal" because at least one source item had "Private" set to "false" and no source items had "Private" set to "true".
         Primary reference "System.Reflection.Extensions, Version=8.0.0.0, Culture=neutral, PublicKeyToken=b03f5f7f11d50a3a".
             Resolved file path is "C:\Program Files\dotnet\packs\Microsoft.NETCore.App.Ref\8.0.6\ref\net8.0\System.Reflection.Extensions.dll".
             Reference found at search path location "{RawFileName}".
             This reference is not "CopyLocal" because at least one source item had "Private" set to "false" and no source items had "Private" set to "true".
         Primary reference "System.Reflection.Metadata, Version=8.0.0.0, Culture=neutral, PublicKeyToken=b03f5f7f11d50a3a".
             Resolved file path is "C:\Program Files\dotnet\packs\Microsoft.NETCore.App.Ref\8.0.6\ref\net8.0\System.Reflection.Metadata.dll".
             Reference found at search path location "{RawFileName}".
             This reference is not "CopyLocal" because at least one source item had "Private" set to "false" and no source items had "Private" set to "true".
         Primary reference "System.Reflection.Primitives, Version=8.0.0.0, Culture=neutral, PublicKeyToken=b03f5f7f11d50a3a".
             Resolved file path is "C:\Program Files\dotnet\packs\Microsoft.NETCore.App.Ref\8.0.6\ref\net8.0\System.Reflection.Primitives.dll".
             Reference found at search path location "{RawFileName}".
             This reference is not "CopyLocal" because at least one source item had "Private" set to "false" and no source items had "Private" set to "true".
         Primary reference "System.Reflection.TypeExtensions, Version=8.0.0.0, Culture=neutral, PublicKeyToken=b03f5f7f11d50a3a".
             Resolved file path is "C:\Program Files\dotnet\packs\Microsoft.NETCore.App.Ref\8.0.6\ref\net8.0\System.Reflection.TypeExtensions.dll".
             Reference found at search path location "{RawFileName}".
             This reference is not "CopyLocal" because at least one source item had "Private" set to "false" and no source items had "Private" set to "true".
         Primary reference "System.Reflection, Version=8.0.0.0, Culture=neutral, PublicKeyToken=b03f5f7f11d50a3a".
             Resolved file path is "C:\Program Files\dotnet\packs\Microsoft.NETCore.App.Ref\8.0.6\ref\net8.0\System.Reflection.dll".
             Reference found at search path location "{RawFileName}".
             This reference is not "CopyLocal" because at least one source item had "Private" set to "false" and no source items had "Private" set to "true".
         Primary reference "System.Resources.Reader, Version=8.0.0.0, Culture=neutral, PublicKeyToken=b03f5f7f11d50a3a".
             Resolved file path is "C:\Program Files\dotnet\packs\Microsoft.NETCore.App.Ref\8.0.6\ref\net8.0\System.Resources.Reader.dll".
             Reference found at search path location "{RawFileName}".
             This reference is not "CopyLocal" because at least one source item had "Private" set to "false" and no source items had "Private" set to "true".
         Primary reference "System.Resources.ResourceManager, Version=8.0.0.0, Culture=neutral, PublicKeyToken=b03f5f7f11d50a3a".
             Resolved file path is "C:\Program Files\dotnet\packs\Microsoft.NETCore.App.Ref\8.0.6\ref\net8.0\System.Resources.ResourceManager.dll".
             Reference found at search path location "{RawFileName}".
             This reference is not "CopyLocal" because at least one source item had "Private" set to "false" and no source items had "Private" set to "true".
         Primary reference "System.Resources.Writer, Version=8.0.0.0, Culture=neutral, PublicKeyToken=b03f5f7f11d50a3a".
             Resolved file path is "C:\Program Files\dotnet\packs\Microsoft.NETCore.App.Ref\8.0.6\ref\net8.0\System.Resources.Writer.dll".
             Reference found at search path location "{RawFileName}".
             This reference is not "CopyLocal" because at least one source item had "Private" set to "false" and no source items had "Private" set to "true".
         Primary reference "System.Runtime.CompilerServices.Unsafe, Version=8.0.0.0, Culture=neutral, PublicKeyToken=b03f5f7f11d50a3a".
             Resolved file path is "C:\Program Files\dotnet\packs\Microsoft.NETCore.App.Ref\8.0.6\ref\net8.0\System.Runtime.CompilerServices.Unsafe.dll".
             Reference found at search path location "{RawFileName}".
             This reference is not "CopyLocal" because at least one source item had "Private" set to "false" and no source items had "Private" set to "true".
         Primary reference "System.Runtime.CompilerServices.VisualC, Version=8.0.0.0, Culture=neutral, PublicKeyToken=b03f5f7f11d50a3a".
             Resolved file path is "C:\Program Files\dotnet\packs\Microsoft.NETCore.App.Ref\8.0.6\ref\net8.0\System.Runtime.CompilerServices.VisualC.dll".
             Reference found at search path location "{RawFileName}".
             This reference is not "CopyLocal" because at least one source item had "Private" set to "false" and no source items had "Private" set to "true".
         Primary reference "System.Runtime.Extensions, Version=8.0.0.0, Culture=neutral, PublicKeyToken=b03f5f7f11d50a3a".
             Resolved file path is "C:\Program Files\dotnet\packs\Microsoft.NETCore.App.Ref\8.0.6\ref\net8.0\System.Runtime.Extensions.dll".
             Reference found at search path location "{RawFileName}".
             This reference is not "CopyLocal" because at least one source item had "Private" set to "false" and no source items had "Private" set to "true".
         Primary reference "System.Runtime.Handles, Version=8.0.0.0, Culture=neutral, PublicKeyToken=b03f5f7f11d50a3a".
             Resolved file path is "C:\Program Files\dotnet\packs\Microsoft.NETCore.App.Ref\8.0.6\ref\net8.0\System.Runtime.Handles.dll".
             Reference found at search path location "{RawFileName}".
             This reference is not "CopyLocal" because at least one source item had "Private" set to "false" and no source items had "Private" set to "true".
         Primary reference "System.Runtime.InteropServices.JavaScript, Version=8.0.0.0, Culture=neutral, PublicKeyToken=b03f5f7f11d50a3a".
             Resolved file path is "C:\Program Files\dotnet\packs\Microsoft.NETCore.App.Ref\8.0.6\ref\net8.0\System.Runtime.InteropServices.JavaScript.dll".
             Reference found at search path location "{RawFileName}".
             This reference is not "CopyLocal" because at least one source item had "Private" set to "false" and no source items had "Private" set to "true".
         Primary reference "System.Runtime.InteropServices.RuntimeInformation, Version=8.0.0.0, Culture=neutral, PublicKeyToken=b03f5f7f11d50a3a".
             Resolved file path is "C:\Program Files\dotnet\packs\Microsoft.NETCore.App.Ref\8.0.6\ref\net8.0\System.Runtime.InteropServices.RuntimeInformation.dll".
             Reference found at search path location "{RawFileName}".
             This reference is not "CopyLocal" because at least one source item had "Private" set to "false" and no source items had "Private" set to "true".
         Primary reference "System.Runtime.InteropServices, Version=8.0.0.0, Culture=neutral, PublicKeyToken=b03f5f7f11d50a3a".
             Resolved file path is "C:\Program Files\dotnet\packs\Microsoft.NETCore.App.Ref\8.0.6\ref\net8.0\System.Runtime.InteropServices.dll".
             Reference found at search path location "{RawFileName}".
             This reference is not "CopyLocal" because at least one source item had "Private" set to "false" and no source items had "Private" set to "true".
         Primary reference "System.Runtime.Intrinsics, Version=8.0.0.0, Culture=neutral, PublicKeyToken=cc7b13ffcd2ddd51".
             Resolved file path is "C:\Program Files\dotnet\packs\Microsoft.NETCore.App.Ref\8.0.6\ref\net8.0\System.Runtime.Intrinsics.dll".
             Reference found at search path location "{RawFileName}".
             This reference is not "CopyLocal" because at least one source item had "Private" set to "false" and no source items had "Private" set to "true".
         Primary reference "System.Runtime.Loader, Version=8.0.0.0, Culture=neutral, PublicKeyToken=b03f5f7f11d50a3a".
             Resolved file path is "C:\Program Files\dotnet\packs\Microsoft.NETCore.App.Ref\8.0.6\ref\net8.0\System.Runtime.Loader.dll".
             Reference found at search path location "{RawFileName}".
             This reference is not "CopyLocal" because at least one source item had "Private" set to "false" and no source items had "Private" set to "true".
         Primary reference "System.Runtime.Numerics, Version=8.0.0.0, Culture=neutral, PublicKeyToken=b03f5f7f11d50a3a".
             Resolved file path is "C:\Program Files\dotnet\packs\Microsoft.NETCore.App.Ref\8.0.6\ref\net8.0\System.Runtime.Numerics.dll".
             Reference found at search path location "{RawFileName}".
             This reference is not "CopyLocal" because at least one source item had "Private" set to "false" and no source items had "Private" set to "true".
         Primary reference "System.Runtime.Serialization.Formatters, Version=8.0.0.0, Culture=neutral, PublicKeyToken=b03f5f7f11d50a3a".
             Resolved file path is "C:\Program Files\dotnet\packs\Microsoft.NETCore.App.Ref\8.0.6\ref\net8.0\System.Runtime.Serialization.Formatters.dll".
             Reference found at search path location "{RawFileName}".
             This reference is not "CopyLocal" because at least one source item had "Private" set to "false" and no source items had "Private" set to "true".
         Primary reference "System.Runtime.Serialization.Json, Version=8.0.0.0, Culture=neutral, PublicKeyToken=b03f5f7f11d50a3a".
             Resolved file path is "C:\Program Files\dotnet\packs\Microsoft.NETCore.App.Ref\8.0.6\ref\net8.0\System.Runtime.Serialization.Json.dll".
             Reference found at search path location "{RawFileName}".
             This reference is not "CopyLocal" because at least one source item had "Private" set to "false" and no source items had "Private" set to "true".
         Primary reference "System.Runtime.Serialization.Primitives, Version=8.0.0.0, Culture=neutral, PublicKeyToken=b03f5f7f11d50a3a".
             Resolved file path is "C:\Program Files\dotnet\packs\Microsoft.NETCore.App.Ref\8.0.6\ref\net8.0\System.Runtime.Serialization.Primitives.dll".
             Reference found at search path location "{RawFileName}".
             This reference is not "CopyLocal" because at least one source item had "Private" set to "false" and no source items had "Private" set to "true".
         Primary reference "System.Runtime.Serialization.Xml, Version=8.0.0.0, Culture=neutral, PublicKeyToken=b03f5f7f11d50a3a".
             Resolved file path is "C:\Program Files\dotnet\packs\Microsoft.NETCore.App.Ref\8.0.6\ref\net8.0\System.Runtime.Serialization.Xml.dll".
             Reference found at search path location "{RawFileName}".
             This reference is not "CopyLocal" because at least one source item had "Private" set to "false" and no source items had "Private" set to "true".
         Primary reference "System.Runtime.Serialization, Version=4.0.0.0, Culture=neutral, PublicKeyToken=b77a5c561934e089".
             Resolved file path is "C:\Program Files\dotnet\packs\Microsoft.NETCore.App.Ref\8.0.6\ref\net8.0\System.Runtime.Serialization.dll".
             Reference found at search path location "{RawFileName}".
             This reference is not "CopyLocal" because at least one source item had "Private" set to "false" and no source items had "Private" set to "true".
         Primary reference "System.Runtime, Version=8.0.0.0, Culture=neutral, PublicKeyToken=b03f5f7f11d50a3a".
             Resolved file path is "C:\Program Files\dotnet\packs\Microsoft.NETCore.App.Ref\8.0.6\ref\net8.0\System.Runtime.dll".
             Reference found at search path location "{RawFileName}".
             This reference is not "CopyLocal" because at least one source item had "Private" set to "false" and no source items had "Private" set to "true".
         Primary reference "System.Security.AccessControl, Version=8.0.0.0, Culture=neutral, PublicKeyToken=b03f5f7f11d50a3a".
             Resolved file path is "C:\Program Files\dotnet\packs\Microsoft.NETCore.App.Ref\8.0.6\ref\net8.0\System.Security.AccessControl.dll".
             Reference found at search path location "{RawFileName}".
             This reference is not "CopyLocal" because at least one source item had "Private" set to "false" and no source items had "Private" set to "true".
         Primary reference "System.Security.Claims, Version=8.0.0.0, Culture=neutral, PublicKeyToken=b03f5f7f11d50a3a".
             Resolved file path is "C:\Program Files\dotnet\packs\Microsoft.NETCore.App.Ref\8.0.6\ref\net8.0\System.Security.Claims.dll".
             Reference found at search path location "{RawFileName}".
             This reference is not "CopyLocal" because at least one source item had "Private" set to "false" and no source items had "Private" set to "true".
         Primary reference "System.Security.Cryptography.Algorithms, Version=8.0.0.0, Culture=neutral, PublicKeyToken=b03f5f7f11d50a3a".
             Resolved file path is "C:\Program Files\dotnet\packs\Microsoft.NETCore.App.Ref\8.0.6\ref\net8.0\System.Security.Cryptography.Algorithms.dll".
             Reference found at search path location "{RawFileName}".
             This reference is not "CopyLocal" because at least one source item had "Private" set to "false" and no source items had "Private" set to "true".
         Primary reference "System.Security.Cryptography.Cng, Version=8.0.0.0, Culture=neutral, PublicKeyToken=b03f5f7f11d50a3a".
             Resolved file path is "C:\Program Files\dotnet\packs\Microsoft.NETCore.App.Ref\8.0.6\ref\net8.0\System.Security.Cryptography.Cng.dll".
             Reference found at search path location "{RawFileName}".
             This reference is not "CopyLocal" because at least one source item had "Private" set to "false" and no source items had "Private" set to "true".
         Primary reference "System.Security.Cryptography.Csp, Version=8.0.0.0, Culture=neutral, PublicKeyToken=b03f5f7f11d50a3a".
             Resolved file path is "C:\Program Files\dotnet\packs\Microsoft.NETCore.App.Ref\8.0.6\ref\net8.0\System.Security.Cryptography.Csp.dll".
             Reference found at search path location "{RawFileName}".
             This reference is not "CopyLocal" because at least one source item had "Private" set to "false" and no source items had "Private" set to "true".
         Primary reference "System.Security.Cryptography.Encoding, Version=8.0.0.0, Culture=neutral, PublicKeyToken=b03f5f7f11d50a3a".
             Resolved file path is "C:\Program Files\dotnet\packs\Microsoft.NETCore.App.Ref\8.0.6\ref\net8.0\System.Security.Cryptography.Encoding.dll".
             Reference found at search path location "{RawFileName}".
             This reference is not "CopyLocal" because at least one source item had "Private" set to "false" and no source items had "Private" set to "true".
         Primary reference "System.Security.Cryptography.OpenSsl, Version=8.0.0.0, Culture=neutral, PublicKeyToken=b03f5f7f11d50a3a".
             Resolved file path is "C:\Program Files\dotnet\packs\Microsoft.NETCore.App.Ref\8.0.6\ref\net8.0\System.Security.Cryptography.OpenSsl.dll".
             Reference found at search path location "{RawFileName}".
             This reference is not "CopyLocal" because at least one source item had "Private" set to "false" and no source items had "Private" set to "true".
         Primary reference "System.Security.Cryptography.Primitives, Version=8.0.0.0, Culture=neutral, PublicKeyToken=b03f5f7f11d50a3a".
             Resolved file path is "C:\Program Files\dotnet\packs\Microsoft.NETCore.App.Ref\8.0.6\ref\net8.0\System.Security.Cryptography.Primitives.dll".
             Reference found at search path location "{RawFileName}".
             This reference is not "CopyLocal" because at least one source item had "Private" set to "false" and no source items had "Private" set to "true".
         Primary reference "System.Security.Cryptography.X509Certificates, Version=8.0.0.0, Culture=neutral, PublicKeyToken=b03f5f7f11d50a3a".
             Resolved file path is "C:\Program Files\dotnet\packs\Microsoft.NETCore.App.Ref\8.0.6\ref\net8.0\System.Security.Cryptography.X509Certificates.dll".
             Reference found at search path location "{RawFileName}".
             This reference is not "CopyLocal" because at least one source item had "Private" set to "false" and no source items had "Private" set to "true".
         Primary reference "System.Security.Cryptography, Version=8.0.0.0, Culture=neutral, PublicKeyToken=b03f5f7f11d50a3a".
             Resolved file path is "C:\Program Files\dotnet\packs\Microsoft.NETCore.App.Ref\8.0.6\ref\net8.0\System.Security.Cryptography.dll".
             Reference found at search path location "{RawFileName}".
             This reference is not "CopyLocal" because at least one source item had "Private" set to "false" and no source items had "Private" set to "true".
         Primary reference "System.Security.Principal.Windows, Version=8.0.0.0, Culture=neutral, PublicKeyToken=b03f5f7f11d50a3a".
             Resolved file path is "C:\Program Files\dotnet\packs\Microsoft.NETCore.App.Ref\8.0.6\ref\net8.0\System.Security.Principal.Windows.dll".
             Reference found at search path location "{RawFileName}".
             This reference is not "CopyLocal" because at least one source item had "Private" set to "false" and no source items had "Private" set to "true".
         Primary reference "System.Security.Principal, Version=8.0.0.0, Culture=neutral, PublicKeyToken=b03f5f7f11d50a3a".
             Resolved file path is "C:\Program Files\dotnet\packs\Microsoft.NETCore.App.Ref\8.0.6\ref\net8.0\System.Security.Principal.dll".
             Reference found at search path location "{RawFileName}".
             This reference is not "CopyLocal" because at least one source item had "Private" set to "false" and no source items had "Private" set to "true".
         Primary reference "System.Security.SecureString, Version=8.0.0.0, Culture=neutral, PublicKeyToken=b03f5f7f11d50a3a".
             Resolved file path is "C:\Program Files\dotnet\packs\Microsoft.NETCore.App.Ref\8.0.6\ref\net8.0\System.Security.SecureString.dll".
             Reference found at search path location "{RawFileName}".
             This reference is not "CopyLocal" because at least one source item had "Private" set to "false" and no source items had "Private" set to "true".
         Primary reference "System.Security, Version=4.0.0.0, Culture=neutral, PublicKeyToken=b03f5f7f11d50a3a".
             Resolved file path is "C:\Program Files\dotnet\packs\Microsoft.NETCore.App.Ref\8.0.6\ref\net8.0\System.Security.dll".
             Reference found at search path location "{RawFileName}".
             This reference is not "CopyLocal" because at least one source item had "Private" set to "false" and no source items had "Private" set to "true".
         Primary reference "System.ServiceModel.Web, Version=4.0.0.0, Culture=neutral, PublicKeyToken=31bf3856ad364e35".
             Resolved file path is "C:\Program Files\dotnet\packs\Microsoft.NETCore.App.Ref\8.0.6\ref\net8.0\System.ServiceModel.Web.dll".
             Reference found at search path location "{RawFileName}".
             This reference is not "CopyLocal" because at least one source item had "Private" set to "false" and no source items had "Private" set to "true".
         Primary reference "System.ServiceProcess, Version=4.0.0.0, Culture=neutral, PublicKeyToken=b03f5f7f11d50a3a".
             Resolved file path is "C:\Program Files\dotnet\packs\Microsoft.NETCore.App.Ref\8.0.6\ref\net8.0\System.ServiceProcess.dll".
             Reference found at search path location "{RawFileName}".
             This reference is not "CopyLocal" because at least one source item had "Private" set to "false" and no source items had "Private" set to "true".
         Primary reference "System.Text.Encoding.CodePages, Version=8.0.0.0, Culture=neutral, PublicKeyToken=b03f5f7f11d50a3a".
             Resolved file path is "C:\Program Files\dotnet\packs\Microsoft.NETCore.App.Ref\8.0.6\ref\net8.0\System.Text.Encoding.CodePages.dll".
             Reference found at search path location "{RawFileName}".
             This reference is not "CopyLocal" because at least one source item had "Private" set to "false" and no source items had "Private" set to "true".
         Primary reference "System.Text.Encoding.Extensions, Version=8.0.0.0, Culture=neutral, PublicKeyToken=b03f5f7f11d50a3a".
             Resolved file path is "C:\Program Files\dotnet\packs\Microsoft.NETCore.App.Ref\8.0.6\ref\net8.0\System.Text.Encoding.Extensions.dll".
             Reference found at search path location "{RawFileName}".
             This reference is not "CopyLocal" because at least one source item had "Private" set to "false" and no source items had "Private" set to "true".
         Primary reference "System.Text.Encoding, Version=8.0.0.0, Culture=neutral, PublicKeyToken=b03f5f7f11d50a3a".
             Resolved file path is "C:\Program Files\dotnet\packs\Microsoft.NETCore.App.Ref\8.0.6\ref\net8.0\System.Text.Encoding.dll".
             Reference found at search path location "{RawFileName}".
             This reference is not "CopyLocal" because at least one source item had "Private" set to "false" and no source items had "Private" set to "true".
         Primary reference "System.Text.Encodings.Web, Version=8.0.0.0, Culture=neutral, PublicKeyToken=cc7b13ffcd2ddd51".
             Resolved file path is "C:\Program Files\dotnet\packs\Microsoft.NETCore.App.Ref\8.0.6\ref\net8.0\System.Text.Encodings.Web.dll".
             Reference found at search path location "{RawFileName}".
             This reference is not "CopyLocal" because at least one source item had "Private" set to "false" and no source items had "Private" set to "true".
         Primary reference "System.Text.Json, Version=8.0.0.0, Culture=neutral, PublicKeyToken=cc7b13ffcd2ddd51".
             Resolved file path is "C:\Program Files\dotnet\packs\Microsoft.NETCore.App.Ref\8.0.6\ref\net8.0\System.Text.Json.dll".
             Reference found at search path location "{RawFileName}".
             This reference is not "CopyLocal" because at least one source item had "Private" set to "false" and no source items had "Private" set to "true".
         Primary reference "System.Text.RegularExpressions, Version=8.0.0.0, Culture=neutral, PublicKeyToken=b03f5f7f11d50a3a".
             Resolved file path is "C:\Program Files\dotnet\packs\Microsoft.NETCore.App.Ref\8.0.6\ref\net8.0\System.Text.RegularExpressions.dll".
             Reference found at search path location "{RawFileName}".
             This reference is not "CopyLocal" because at least one source item had "Private" set to "false" and no source items had "Private" set to "true".
         Primary reference "System.Threading.Channels, Version=8.0.0.0, Culture=neutral, PublicKeyToken=cc7b13ffcd2ddd51".
             Resolved file path is "C:\Program Files\dotnet\packs\Microsoft.NETCore.App.Ref\8.0.6\ref\net8.0\System.Threading.Channels.dll".
             Reference found at search path location "{RawFileName}".
             This reference is not "CopyLocal" because at least one source item had "Private" set to "false" and no source items had "Private" set to "true".
         Primary reference "System.Threading.Overlapped, Version=8.0.0.0, Culture=neutral, PublicKeyToken=b03f5f7f11d50a3a".
             Resolved file path is "C:\Program Files\dotnet\packs\Microsoft.NETCore.App.Ref\8.0.6\ref\net8.0\System.Threading.Overlapped.dll".
             Reference found at search path location "{RawFileName}".
             This reference is not "CopyLocal" because at least one source item had "Private" set to "false" and no source items had "Private" set to "true".
         Primary reference "System.Threading.Tasks.Dataflow, Version=8.0.0.0, Culture=neutral, PublicKeyToken=b03f5f7f11d50a3a".
             Resolved file path is "C:\Program Files\dotnet\packs\Microsoft.NETCore.App.Ref\8.0.6\ref\net8.0\System.Threading.Tasks.Dataflow.dll".
             Reference found at search path location "{RawFileName}".
             This reference is not "CopyLocal" because at least one source item had "Private" set to "false" and no source items had "Private" set to "true".
         Primary reference "System.Threading.Tasks.Extensions, Version=8.0.0.0, Culture=neutral, PublicKeyToken=cc7b13ffcd2ddd51".
             Resolved file path is "C:\Program Files\dotnet\packs\Microsoft.NETCore.App.Ref\8.0.6\ref\net8.0\System.Threading.Tasks.Extensions.dll".
             Reference found at search path location "{RawFileName}".
             This reference is not "CopyLocal" because at least one source item had "Private" set to "false" and no source items had "Private" set to "true".
         Primary reference "System.Threading.Tasks.Parallel, Version=8.0.0.0, Culture=neutral, PublicKeyToken=b03f5f7f11d50a3a".
             Resolved file path is "C:\Program Files\dotnet\packs\Microsoft.NETCore.App.Ref\8.0.6\ref\net8.0\System.Threading.Tasks.Parallel.dll".
             Reference found at search path location "{RawFileName}".
             This reference is not "CopyLocal" because at least one source item had "Private" set to "false" and no source items had "Private" set to "true".
         Primary reference "System.Threading.Tasks, Version=8.0.0.0, Culture=neutral, PublicKeyToken=b03f5f7f11d50a3a".
             Resolved file path is "C:\Program Files\dotnet\packs\Microsoft.NETCore.App.Ref\8.0.6\ref\net8.0\System.Threading.Tasks.dll".
             Reference found at search path location "{RawFileName}".
             This reference is not "CopyLocal" because at least one source item had "Private" set to "false" and no source items had "Private" set to "true".
         Primary reference "System.Threading.Thread, Version=8.0.0.0, Culture=neutral, PublicKeyToken=b03f5f7f11d50a3a".
             Resolved file path is "C:\Program Files\dotnet\packs\Microsoft.NETCore.App.Ref\8.0.6\ref\net8.0\System.Threading.Thread.dll".
             Reference found at search path location "{RawFileName}".
             This reference is not "CopyLocal" because at least one source item had "Private" set to "false" and no source items had "Private" set to "true".
         Primary reference "System.Threading.ThreadPool, Version=8.0.0.0, Culture=neutral, PublicKeyToken=b03f5f7f11d50a3a".
             Resolved file path is "C:\Program Files\dotnet\packs\Microsoft.NETCore.App.Ref\8.0.6\ref\net8.0\System.Threading.ThreadPool.dll".
             Reference found at search path location "{RawFileName}".
             This reference is not "CopyLocal" because at least one source item had "Private" set to "false" and no source items had "Private" set to "true".
         Primary reference "System.Threading.Timer, Version=8.0.0.0, Culture=neutral, PublicKeyToken=b03f5f7f11d50a3a".
             Resolved file path is "C:\Program Files\dotnet\packs\Microsoft.NETCore.App.Ref\8.0.6\ref\net8.0\System.Threading.Timer.dll".
             Reference found at search path location "{RawFileName}".
             This reference is not "CopyLocal" because at least one source item had "Private" set to "false" and no source items had "Private" set to "true".
         Primary reference "System.Threading, Version=8.0.0.0, Culture=neutral, PublicKeyToken=b03f5f7f11d50a3a".
             Resolved file path is "C:\Program Files\dotnet\packs\Microsoft.NETCore.App.Ref\8.0.6\ref\net8.0\System.Threading.dll".
             Reference found at search path location "{RawFileName}".
             This reference is not "CopyLocal" because at least one source item had "Private" set to "false" and no source items had "Private" set to "true".
         Primary reference "System.Transactions.Local, Version=8.0.0.0, Culture=neutral, PublicKeyToken=cc7b13ffcd2ddd51".
             Resolved file path is "C:\Program Files\dotnet\packs\Microsoft.NETCore.App.Ref\8.0.6\ref\net8.0\System.Transactions.Local.dll".
             Reference found at search path location "{RawFileName}".
             This reference is not "CopyLocal" because at least one source item had "Private" set to "false" and no source items had "Private" set to "true".
         Primary reference "System.Transactions, Version=4.0.0.0, Culture=neutral, PublicKeyToken=b77a5c561934e089".
             Resolved file path is "C:\Program Files\dotnet\packs\Microsoft.NETCore.App.Ref\8.0.6\ref\net8.0\System.Transactions.dll".
             Reference found at search path location "{RawFileName}".
             This reference is not "CopyLocal" because at least one source item had "Private" set to "false" and no source items had "Private" set to "true".
         Primary reference "System.ValueTuple, Version=8.0.0.0, Culture=neutral, PublicKeyToken=cc7b13ffcd2ddd51".
             Resolved file path is "C:\Program Files\dotnet\packs\Microsoft.NETCore.App.Ref\8.0.6\ref\net8.0\System.ValueTuple.dll".
             Reference found at search path location "{RawFileName}".
             This reference is not "CopyLocal" because at least one source item had "Private" set to "false" and no source items had "Private" set to "true".
         Primary reference "System.Web.HttpUtility, Version=8.0.0.0, Culture=neutral, PublicKeyToken=cc7b13ffcd2ddd51".
             Resolved file path is "C:\Program Files\dotnet\packs\Microsoft.NETCore.App.Ref\8.0.6\ref\net8.0\System.Web.HttpUtility.dll".
             Reference found at search path location "{RawFileName}".
             This reference is not "CopyLocal" because at least one source item had "Private" set to "false" and no source items had "Private" set to "true".
         Primary reference "System.Web, Version=4.0.0.0, Culture=neutral, PublicKeyToken=b03f5f7f11d50a3a".
             Resolved file path is "C:\Program Files\dotnet\packs\Microsoft.NETCore.App.Ref\8.0.6\ref\net8.0\System.Web.dll".
             Reference found at search path location "{RawFileName}".
             This reference is not "CopyLocal" because at least one source item had "Private" set to "false" and no source items had "Private" set to "true".
         Primary reference "System.Windows, Version=4.0.0.0, Culture=neutral, PublicKeyToken=b03f5f7f11d50a3a".
             Resolved file path is "C:\Program Files\dotnet\packs\Microsoft.NETCore.App.Ref\8.0.6\ref\net8.0\System.Windows.dll".
             Reference found at search path location "{RawFileName}".
             This reference is not "CopyLocal" because at least one source item had "Private" set to "false" and no source items had "Private" set to "true".
         Primary reference "System.Xml.Linq, Version=4.0.0.0, Culture=neutral, PublicKeyToken=b77a5c561934e089".
             Resolved file path is "C:\Program Files\dotnet\packs\Microsoft.NETCore.App.Ref\8.0.6\ref\net8.0\System.Xml.Linq.dll".
             Reference found at search path location "{RawFileName}".
             This reference is not "CopyLocal" because at least one source item had "Private" set to "false" and no source items had "Private" set to "true".
         Primary reference "System.Xml.ReaderWriter, Version=8.0.0.0, Culture=neutral, PublicKeyToken=b03f5f7f11d50a3a".
             Resolved file path is "C:\Program Files\dotnet\packs\Microsoft.NETCore.App.Ref\8.0.6\ref\net8.0\System.Xml.ReaderWriter.dll".
             Reference found at search path location "{RawFileName}".
             This reference is not "CopyLocal" because at least one source item had "Private" set to "false" and no source items had "Private" set to "true".
         Primary reference "System.Xml.Serialization, Version=4.0.0.0, Culture=neutral, PublicKeyToken=b77a5c561934e089".
             Resolved file path is "C:\Program Files\dotnet\packs\Microsoft.NETCore.App.Ref\8.0.6\ref\net8.0\System.Xml.Serialization.dll".
             Reference found at search path location "{RawFileName}".
             This reference is not "CopyLocal" because at least one source item had "Private" set to "false" and no source items had "Private" set to "true".
         Primary reference "System.Xml.XDocument, Version=8.0.0.0, Culture=neutral, PublicKeyToken=b03f5f7f11d50a3a".
             Resolved file path is "C:\Program Files\dotnet\packs\Microsoft.NETCore.App.Ref\8.0.6\ref\net8.0\System.Xml.XDocument.dll".
             Reference found at search path location "{RawFileName}".
             This reference is not "CopyLocal" because at least one source item had "Private" set to "false" and no source items had "Private" set to "true".
         Primary reference "System.Xml.XPath.XDocument, Version=8.0.0.0, Culture=neutral, PublicKeyToken=b03f5f7f11d50a3a".
             Resolved file path is "C:\Program Files\dotnet\packs\Microsoft.NETCore.App.Ref\8.0.6\ref\net8.0\System.Xml.XPath.XDocument.dll".
             Reference found at search path location "{RawFileName}".
             This reference is not "CopyLocal" because at least one source item had "Private" set to "false" and no source items had "Private" set to "true".
         Primary reference "System.Xml.XPath, Version=8.0.0.0, Culture=neutral, PublicKeyToken=b03f5f7f11d50a3a".
             Resolved file path is "C:\Program Files\dotnet\packs\Microsoft.NETCore.App.Ref\8.0.6\ref\net8.0\System.Xml.XPath.dll".
             Reference found at search path location "{RawFileName}".
             This reference is not "CopyLocal" because at least one source item had "Private" set to "false" and no source items had "Private" set to "true".
         Primary reference "System.Xml.XmlDocument, Version=8.0.0.0, Culture=neutral, PublicKeyToken=b03f5f7f11d50a3a".
             Resolved file path is "C:\Program Files\dotnet\packs\Microsoft.NETCore.App.Ref\8.0.6\ref\net8.0\System.Xml.XmlDocument.dll".
             Reference found at search path location "{RawFileName}".
             This reference is not "CopyLocal" because at least one source item had "Private" set to "false" and no source items had "Private" set to "true".
         Primary reference "System.Xml.XmlSerializer, Version=8.0.0.0, Culture=neutral, PublicKeyToken=b03f5f7f11d50a3a".
             Resolved file path is "C:\Program Files\dotnet\packs\Microsoft.NETCore.App.Ref\8.0.6\ref\net8.0\System.Xml.XmlSerializer.dll".
             Reference found at search path location "{RawFileName}".
             This reference is not "CopyLocal" because at least one source item had "Private" set to "false" and no source items had "Private" set to "true".
         Primary reference "System.Xml, Version=4.0.0.0, Culture=neutral, PublicKeyToken=b77a5c561934e089".
             Resolved file path is "C:\Program Files\dotnet\packs\Microsoft.NETCore.App.Ref\8.0.6\ref\net8.0\System.Xml.dll".
             Reference found at search path location "{RawFileName}".
             This reference is not "CopyLocal" because at least one source item had "Private" set to "false" and no source items had "Private" set to "true".
         Primary reference "System, Version=4.0.0.0, Culture=neutral, PublicKeyToken=b77a5c561934e089".
             Resolved file path is "C:\Program Files\dotnet\packs\Microsoft.NETCore.App.Ref\8.0.6\ref\net8.0\System.dll".
             Reference found at search path location "{RawFileName}".
             This reference is not "CopyLocal" because at least one source item had "Private" set to "false" and no source items had "Private" set to "true".
         Primary reference "WindowsBase, Version=4.0.0.0, Culture=neutral, PublicKeyToken=31bf3856ad364e35".
             Resolved file path is "C:\Program Files\dotnet\packs\Microsoft.NETCore.App.Ref\8.0.6\ref\net8.0\WindowsBase.dll".
             Reference found at search path location "{RawFileName}".
             This reference is not "CopyLocal" because at least one source item had "Private" set to "false" and no source items had "Private" set to "true".
         Primary reference "mscorlib, Version=4.0.0.0, Culture=neutral, PublicKeyToken=b77a5c561934e089".
             Resolved file path is "C:\Program Files\dotnet\packs\Microsoft.NETCore.App.Ref\8.0.6\ref\net8.0\mscorlib.dll".
             Reference found at search path location "{RawFileName}".
             This reference is not "CopyLocal" because at least one source item had "Private" set to "false" and no source items had "Private" set to "true".
         Primary reference "netstandard, Version=2.1.0.0, Culture=neutral, PublicKeyToken=cc7b13ffcd2ddd51".
             Resolved file path is "C:\Program Files\dotnet\packs\Microsoft.NETCore.App.Ref\8.0.6\ref\net8.0\netstandard.dll".
             Reference found at search path location "{RawFileName}".
             This reference is not "CopyLocal" because at least one source item had "Private" set to "false" and no source items had "Private" set to "true".
         Primary reference "Microsoft.AspNetCore.Antiforgery, Version=8.0.0.0, Culture=neutral, PublicKeyToken=adb9793829ddae60".
             Resolved file path is "C:\Program Files\dotnet\packs\Microsoft.AspNetCore.App.Ref\8.0.6\ref\net8.0\Microsoft.AspNetCore.Antiforgery.dll".
             Reference found at search path location "{RawFileName}".
             This reference is not "CopyLocal" because at least one source item had "Private" set to "false" and no source items had "Private" set to "true".
         Primary reference "Microsoft.AspNetCore.Authentication.Abstractions, Version=8.0.0.0, Culture=neutral, PublicKeyToken=adb9793829ddae60".
             Resolved file path is "C:\Program Files\dotnet\packs\Microsoft.AspNetCore.App.Ref\8.0.6\ref\net8.0\Microsoft.AspNetCore.Authentication.Abstractions.dll".
             Reference found at search path location "{RawFileName}".
             This reference is not "CopyLocal" because at least one source item had "Private" set to "false" and no source items had "Private" set to "true".
         Primary reference "Microsoft.AspNetCore.Authentication.BearerToken, Version=8.0.0.0, Culture=neutral, PublicKeyToken=adb9793829ddae60".
             Resolved file path is "C:\Program Files\dotnet\packs\Microsoft.AspNetCore.App.Ref\8.0.6\ref\net8.0\Microsoft.AspNetCore.Authentication.BearerToken.dll".
             Reference found at search path location "{RawFileName}".
             This reference is not "CopyLocal" because at least one source item had "Private" set to "false" and no source items had "Private" set to "true".
         Primary reference "Microsoft.AspNetCore.Authentication.Cookies, Version=8.0.0.0, Culture=neutral, PublicKeyToken=adb9793829ddae60".
             Resolved file path is "C:\Program Files\dotnet\packs\Microsoft.AspNetCore.App.Ref\8.0.6\ref\net8.0\Microsoft.AspNetCore.Authentication.Cookies.dll".
             Reference found at search path location "{RawFileName}".
             This reference is not "CopyLocal" because at least one source item had "Private" set to "false" and no source items had "Private" set to "true".
         Primary reference "Microsoft.AspNetCore.Authentication.Core, Version=8.0.0.0, Culture=neutral, PublicKeyToken=adb9793829ddae60".
             Resolved file path is "C:\Program Files\dotnet\packs\Microsoft.AspNetCore.App.Ref\8.0.6\ref\net8.0\Microsoft.AspNetCore.Authentication.Core.dll".
             Reference found at search path location "{RawFileName}".
             This reference is not "CopyLocal" because at least one source item had "Private" set to "false" and no source items had "Private" set to "true".
         Primary reference "Microsoft.AspNetCore.Authentication.OAuth, Version=8.0.0.0, Culture=neutral, PublicKeyToken=adb9793829ddae60".
             Resolved file path is "C:\Program Files\dotnet\packs\Microsoft.AspNetCore.App.Ref\8.0.6\ref\net8.0\Microsoft.AspNetCore.Authentication.OAuth.dll".
             Reference found at search path location "{RawFileName}".
             This reference is not "CopyLocal" because at least one source item had "Private" set to "false" and no source items had "Private" set to "true".
         Primary reference "Microsoft.AspNetCore.Authentication, Version=8.0.0.0, Culture=neutral, PublicKeyToken=adb9793829ddae60".
             Resolved file path is "C:\Program Files\dotnet\packs\Microsoft.AspNetCore.App.Ref\8.0.6\ref\net8.0\Microsoft.AspNetCore.Authentication.dll".
             Reference found at search path location "{RawFileName}".
             This reference is not "CopyLocal" because at least one source item had "Private" set to "false" and no source items had "Private" set to "true".
         Primary reference "Microsoft.AspNetCore.Authorization.Policy, Version=8.0.0.0, Culture=neutral, PublicKeyToken=adb9793829ddae60".
             Resolved file path is "C:\Program Files\dotnet\packs\Microsoft.AspNetCore.App.Ref\8.0.6\ref\net8.0\Microsoft.AspNetCore.Authorization.Policy.dll".
             Reference found at search path location "{RawFileName}".
             This reference is not "CopyLocal" because at least one source item had "Private" set to "false" and no source items had "Private" set to "true".
         Primary reference "Microsoft.AspNetCore.Authorization, Version=8.0.0.0, Culture=neutral, PublicKeyToken=adb9793829ddae60".
             Resolved file path is "C:\Program Files\dotnet\packs\Microsoft.AspNetCore.App.Ref\8.0.6\ref\net8.0\Microsoft.AspNetCore.Authorization.dll".
             Reference found at search path location "{RawFileName}".
             This reference is not "CopyLocal" because at least one source item had "Private" set to "false" and no source items had "Private" set to "true".
         Primary reference "Microsoft.AspNetCore.Components.Authorization, Version=8.0.0.0, Culture=neutral, PublicKeyToken=adb9793829ddae60".
             Resolved file path is "C:\Program Files\dotnet\packs\Microsoft.AspNetCore.App.Ref\8.0.6\ref\net8.0\Microsoft.AspNetCore.Components.Authorization.dll".
             Reference found at search path location "{RawFileName}".
             This reference is not "CopyLocal" because at least one source item had "Private" set to "false" and no source items had "Private" set to "true".
         Primary reference "Microsoft.AspNetCore.Components.Endpoints, Version=8.0.0.0, Culture=neutral, PublicKeyToken=adb9793829ddae60".
             Resolved file path is "C:\Program Files\dotnet\packs\Microsoft.AspNetCore.App.Ref\8.0.6\ref\net8.0\Microsoft.AspNetCore.Components.Endpoints.dll".
             Reference found at search path location "{RawFileName}".
             This reference is not "CopyLocal" because at least one source item had "Private" set to "false" and no source items had "Private" set to "true".
         Primary reference "Microsoft.AspNetCore.Components.Forms, Version=8.0.0.0, Culture=neutral, PublicKeyToken=adb9793829ddae60".
             Resolved file path is "C:\Program Files\dotnet\packs\Microsoft.AspNetCore.App.Ref\8.0.6\ref\net8.0\Microsoft.AspNetCore.Components.Forms.dll".
             Reference found at search path location "{RawFileName}".
             This reference is not "CopyLocal" because at least one source item had "Private" set to "false" and no source items had "Private" set to "true".
         Primary reference "Microsoft.AspNetCore.Components.Server, Version=8.0.0.0, Culture=neutral, PublicKeyToken=adb9793829ddae60".
             Resolved file path is "C:\Program Files\dotnet\packs\Microsoft.AspNetCore.App.Ref\8.0.6\ref\net8.0\Microsoft.AspNetCore.Components.Server.dll".
             Reference found at search path location "{RawFileName}".
             This reference is not "CopyLocal" because at least one source item had "Private" set to "false" and no source items had "Private" set to "true".
         Primary reference "Microsoft.AspNetCore.Components.Web, Version=8.0.0.0, Culture=neutral, PublicKeyToken=adb9793829ddae60".
             Resolved file path is "C:\Program Files\dotnet\packs\Microsoft.AspNetCore.App.Ref\8.0.6\ref\net8.0\Microsoft.AspNetCore.Components.Web.dll".
             Reference found at search path location "{RawFileName}".
             This reference is not "CopyLocal" because at least one source item had "Private" set to "false" and no source items had "Private" set to "true".
         Primary reference "Microsoft.AspNetCore.Components, Version=8.0.0.0, Culture=neutral, PublicKeyToken=adb9793829ddae60".
             Resolved file path is "C:\Program Files\dotnet\packs\Microsoft.AspNetCore.App.Ref\8.0.6\ref\net8.0\Microsoft.AspNetCore.Components.dll".
             Reference found at search path location "{RawFileName}".
             This reference is not "CopyLocal" because at least one source item had "Private" set to "false" and no source items had "Private" set to "true".
         Primary reference "Microsoft.AspNetCore.Connections.Abstractions, Version=8.0.0.0, Culture=neutral, PublicKeyToken=adb9793829ddae60".
             Resolved file path is "C:\Program Files\dotnet\packs\Microsoft.AspNetCore.App.Ref\8.0.6\ref\net8.0\Microsoft.AspNetCore.Connections.Abstractions.dll".
             Reference found at search path location "{RawFileName}".
             This reference is not "CopyLocal" because at least one source item had "Private" set to "false" and no source items had "Private" set to "true".
         Primary reference "Microsoft.AspNetCore.CookiePolicy, Version=8.0.0.0, Culture=neutral, PublicKeyToken=adb9793829ddae60".
             Resolved file path is "C:\Program Files\dotnet\packs\Microsoft.AspNetCore.App.Ref\8.0.6\ref\net8.0\Microsoft.AspNetCore.CookiePolicy.dll".
             Reference found at search path location "{RawFileName}".
             This reference is not "CopyLocal" because at least one source item had "Private" set to "false" and no source items had "Private" set to "true".
         Primary reference "Microsoft.AspNetCore.Cors, Version=8.0.0.0, Culture=neutral, PublicKeyToken=adb9793829ddae60".
             Resolved file path is "C:\Program Files\dotnet\packs\Microsoft.AspNetCore.App.Ref\8.0.6\ref\net8.0\Microsoft.AspNetCore.Cors.dll".
             Reference found at search path location "{RawFileName}".
             This reference is not "CopyLocal" because at least one source item had "Private" set to "false" and no source items had "Private" set to "true".
         Primary reference "Microsoft.AspNetCore.DataProtection.Abstractions, Version=8.0.0.0, Culture=neutral, PublicKeyToken=adb9793829ddae60".
             Resolved file path is "C:\Program Files\dotnet\packs\Microsoft.AspNetCore.App.Ref\8.0.6\ref\net8.0\Microsoft.AspNetCore.DataProtection.Abstractions.dll".
             Reference found at search path location "{RawFileName}".
             This reference is not "CopyLocal" because at least one source item had "Private" set to "false" and no source items had "Private" set to "true".
         Primary reference "Microsoft.AspNetCore.DataProtection.Extensions, Version=8.0.0.0, Culture=neutral, PublicKeyToken=adb9793829ddae60".
             Resolved file path is "C:\Program Files\dotnet\packs\Microsoft.AspNetCore.App.Ref\8.0.6\ref\net8.0\Microsoft.AspNetCore.DataProtection.Extensions.dll".
             Reference found at search path location "{RawFileName}".
             This reference is not "CopyLocal" because at least one source item had "Private" set to "false" and no source items had "Private" set to "true".
         Primary reference "Microsoft.AspNetCore.DataProtection, Version=8.0.0.0, Culture=neutral, PublicKeyToken=adb9793829ddae60".
             Resolved file path is "C:\Program Files\dotnet\packs\Microsoft.AspNetCore.App.Ref\8.0.6\ref\net8.0\Microsoft.AspNetCore.DataProtection.dll".
             Reference found at search path location "{RawFileName}".
             This reference is not "CopyLocal" because at least one source item had "Private" set to "false" and no source items had "Private" set to "true".
         Primary reference "Microsoft.AspNetCore.Diagnostics.Abstractions, Version=8.0.0.0, Culture=neutral, PublicKeyToken=adb9793829ddae60".
             Resolved file path is "C:\Program Files\dotnet\packs\Microsoft.AspNetCore.App.Ref\8.0.6\ref\net8.0\Microsoft.AspNetCore.Diagnostics.Abstractions.dll".
             Reference found at search path location "{RawFileName}".
             This reference is not "CopyLocal" because at least one source item had "Private" set to "false" and no source items had "Private" set to "true".
         Primary reference "Microsoft.AspNetCore.Diagnostics.HealthChecks, Version=8.0.0.0, Culture=neutral, PublicKeyToken=adb9793829ddae60".
             Resolved file path is "C:\Program Files\dotnet\packs\Microsoft.AspNetCore.App.Ref\8.0.6\ref\net8.0\Microsoft.AspNetCore.Diagnostics.HealthChecks.dll".
             Reference found at search path location "{RawFileName}".
             This reference is not "CopyLocal" because at least one source item had "Private" set to "false" and no source items had "Private" set to "true".
         Primary reference "Microsoft.AspNetCore.Diagnostics, Version=8.0.0.0, Culture=neutral, PublicKeyToken=adb9793829ddae60".
             Resolved file path is "C:\Program Files\dotnet\packs\Microsoft.AspNetCore.App.Ref\8.0.6\ref\net8.0\Microsoft.AspNetCore.Diagnostics.dll".
             Reference found at search path location "{RawFileName}".
             This reference is not "CopyLocal" because at least one source item had "Private" set to "false" and no source items had "Private" set to "true".
         Primary reference "Microsoft.AspNetCore.HostFiltering, Version=8.0.0.0, Culture=neutral, PublicKeyToken=adb9793829ddae60".
             Resolved file path is "C:\Program Files\dotnet\packs\Microsoft.AspNetCore.App.Ref\8.0.6\ref\net8.0\Microsoft.AspNetCore.HostFiltering.dll".
             Reference found at search path location "{RawFileName}".
             This reference is not "CopyLocal" because at least one source item had "Private" set to "false" and no source items had "Private" set to "true".
         Primary reference "Microsoft.AspNetCore.Hosting.Abstractions, Version=8.0.0.0, Culture=neutral, PublicKeyToken=adb9793829ddae60".
             Resolved file path is "C:\Program Files\dotnet\packs\Microsoft.AspNetCore.App.Ref\8.0.6\ref\net8.0\Microsoft.AspNetCore.Hosting.Abstractions.dll".
             Reference found at search path location "{RawFileName}".
             This reference is not "CopyLocal" because at least one source item had "Private" set to "false" and no source items had "Private" set to "true".
         Primary reference "Microsoft.AspNetCore.Hosting.Server.Abstractions, Version=8.0.0.0, Culture=neutral, PublicKeyToken=adb9793829ddae60".
             Resolved file path is "C:\Program Files\dotnet\packs\Microsoft.AspNetCore.App.Ref\8.0.6\ref\net8.0\Microsoft.AspNetCore.Hosting.Server.Abstractions.dll".
             Reference found at search path location "{RawFileName}".
             This reference is not "CopyLocal" because at least one source item had "Private" set to "false" and no source items had "Private" set to "true".
         Primary reference "Microsoft.AspNetCore.Hosting, Version=8.0.0.0, Culture=neutral, PublicKeyToken=adb9793829ddae60".
             Resolved file path is "C:\Program Files\dotnet\packs\Microsoft.AspNetCore.App.Ref\8.0.6\ref\net8.0\Microsoft.AspNetCore.Hosting.dll".
             Reference found at search path location "{RawFileName}".
             This reference is not "CopyLocal" because at least one source item had "Private" set to "false" and no source items had "Private" set to "true".
         Primary reference "Microsoft.AspNetCore.Html.Abstractions, Version=8.0.0.0, Culture=neutral, PublicKeyToken=adb9793829ddae60".
             Resolved file path is "C:\Program Files\dotnet\packs\Microsoft.AspNetCore.App.Ref\8.0.6\ref\net8.0\Microsoft.AspNetCore.Html.Abstractions.dll".
             Reference found at search path location "{RawFileName}".
             This reference is not "CopyLocal" because at least one source item had "Private" set to "false" and no source items had "Private" set to "true".
         Primary reference "Microsoft.AspNetCore.Http.Abstractions, Version=8.0.0.0, Culture=neutral, PublicKeyToken=adb9793829ddae60".
             Resolved file path is "C:\Program Files\dotnet\packs\Microsoft.AspNetCore.App.Ref\8.0.6\ref\net8.0\Microsoft.AspNetCore.Http.Abstractions.dll".
             Reference found at search path location "{RawFileName}".
             This reference is not "CopyLocal" because at least one source item had "Private" set to "false" and no source items had "Private" set to "true".
         Primary reference "Microsoft.AspNetCore.Http.Connections.Common, Version=8.0.0.0, Culture=neutral, PublicKeyToken=adb9793829ddae60".
             Resolved file path is "C:\Program Files\dotnet\packs\Microsoft.AspNetCore.App.Ref\8.0.6\ref\net8.0\Microsoft.AspNetCore.Http.Connections.Common.dll".
             Reference found at search path location "{RawFileName}".
             This reference is not "CopyLocal" because at least one source item had "Private" set to "false" and no source items had "Private" set to "true".
         Primary reference "Microsoft.AspNetCore.Http.Connections, Version=8.0.0.0, Culture=neutral, PublicKeyToken=adb9793829ddae60".
             Resolved file path is "C:\Program Files\dotnet\packs\Microsoft.AspNetCore.App.Ref\8.0.6\ref\net8.0\Microsoft.AspNetCore.Http.Connections.dll".
             Reference found at search path location "{RawFileName}".
             This reference is not "CopyLocal" because at least one source item had "Private" set to "false" and no source items had "Private" set to "true".
         Primary reference "Microsoft.AspNetCore.Http.Extensions, Version=8.0.0.0, Culture=neutral, PublicKeyToken=adb9793829ddae60".
             Resolved file path is "C:\Program Files\dotnet\packs\Microsoft.AspNetCore.App.Ref\8.0.6\ref\net8.0\Microsoft.AspNetCore.Http.Extensions.dll".
             Reference found at search path location "{RawFileName}".
             This reference is not "CopyLocal" because at least one source item had "Private" set to "false" and no source items had "Private" set to "true".
         Primary reference "Microsoft.AspNetCore.Http.Features, Version=8.0.0.0, Culture=neutral, PublicKeyToken=adb9793829ddae60".
             Resolved file path is "C:\Program Files\dotnet\packs\Microsoft.AspNetCore.App.Ref\8.0.6\ref\net8.0\Microsoft.AspNetCore.Http.Features.dll".
             Reference found at search path location "{RawFileName}".
             This reference is not "CopyLocal" because at least one source item had "Private" set to "false" and no source items had "Private" set to "true".
         Primary reference "Microsoft.AspNetCore.Http.Results, Version=8.0.0.0, Culture=neutral, PublicKeyToken=adb9793829ddae60".
             Resolved file path is "C:\Program Files\dotnet\packs\Microsoft.AspNetCore.App.Ref\8.0.6\ref\net8.0\Microsoft.AspNetCore.Http.Results.dll".
             Reference found at search path location "{RawFileName}".
             This reference is not "CopyLocal" because at least one source item had "Private" set to "false" and no source items had "Private" set to "true".
         Primary reference "Microsoft.AspNetCore.Http, Version=8.0.0.0, Culture=neutral, PublicKeyToken=adb9793829ddae60".
             Resolved file path is "C:\Program Files\dotnet\packs\Microsoft.AspNetCore.App.Ref\8.0.6\ref\net8.0\Microsoft.AspNetCore.Http.dll".
             Reference found at search path location "{RawFileName}".
             This reference is not "CopyLocal" because at least one source item had "Private" set to "false" and no source items had "Private" set to "true".
         Primary reference "Microsoft.AspNetCore.HttpLogging, Version=8.0.0.0, Culture=neutral, PublicKeyToken=adb9793829ddae60".
             Resolved file path is "C:\Program Files\dotnet\packs\Microsoft.AspNetCore.App.Ref\8.0.6\ref\net8.0\Microsoft.AspNetCore.HttpLogging.dll".
             Reference found at search path location "{RawFileName}".
             This reference is not "CopyLocal" because at least one source item had "Private" set to "false" and no source items had "Private" set to "true".
         Primary reference "Microsoft.AspNetCore.HttpOverrides, Version=8.0.0.0, Culture=neutral, PublicKeyToken=adb9793829ddae60".
             Resolved file path is "C:\Program Files\dotnet\packs\Microsoft.AspNetCore.App.Ref\8.0.6\ref\net8.0\Microsoft.AspNetCore.HttpOverrides.dll".
             Reference found at search path location "{RawFileName}".
             This reference is not "CopyLocal" because at least one source item had "Private" set to "false" and no source items had "Private" set to "true".
         Primary reference "Microsoft.AspNetCore.HttpsPolicy, Version=8.0.0.0, Culture=neutral, PublicKeyToken=adb9793829ddae60".
             Resolved file path is "C:\Program Files\dotnet\packs\Microsoft.AspNetCore.App.Ref\8.0.6\ref\net8.0\Microsoft.AspNetCore.HttpsPolicy.dll".
             Reference found at search path location "{RawFileName}".
             This reference is not "CopyLocal" because at least one source item had "Private" set to "false" and no source items had "Private" set to "true".
         Primary reference "Microsoft.AspNetCore.Identity, Version=8.0.0.0, Culture=neutral, PublicKeyToken=adb9793829ddae60".
             Resolved file path is "C:\Program Files\dotnet\packs\Microsoft.AspNetCore.App.Ref\8.0.6\ref\net8.0\Microsoft.AspNetCore.Identity.dll".
             Reference found at search path location "{RawFileName}".
             This reference is not "CopyLocal" because at least one source item had "Private" set to "false" and no source items had "Private" set to "true".
         Primary reference "Microsoft.AspNetCore.Localization.Routing, Version=8.0.0.0, Culture=neutral, PublicKeyToken=adb9793829ddae60".
             Resolved file path is "C:\Program Files\dotnet\packs\Microsoft.AspNetCore.App.Ref\8.0.6\ref\net8.0\Microsoft.AspNetCore.Localization.Routing.dll".
             Reference found at search path location "{RawFileName}".
             This reference is not "CopyLocal" because at least one source item had "Private" set to "false" and no source items had "Private" set to "true".
         Primary reference "Microsoft.AspNetCore.Localization, Version=8.0.0.0, Culture=neutral, PublicKeyToken=adb9793829ddae60".
             Resolved file path is "C:\Program Files\dotnet\packs\Microsoft.AspNetCore.App.Ref\8.0.6\ref\net8.0\Microsoft.AspNetCore.Localization.dll".
             Reference found at search path location "{RawFileName}".
             This reference is not "CopyLocal" because at least one source item had "Private" set to "false" and no source items had "Private" set to "true".
         Primary reference "Microsoft.AspNetCore.Metadata, Version=8.0.0.0, Culture=neutral, PublicKeyToken=adb9793829ddae60".
             Resolved file path is "C:\Program Files\dotnet\packs\Microsoft.AspNetCore.App.Ref\8.0.6\ref\net8.0\Microsoft.AspNetCore.Metadata.dll".
             Reference found at search path location "{RawFileName}".
             This reference is not "CopyLocal" because at least one source item had "Private" set to "false" and no source items had "Private" set to "true".
         Primary reference "Microsoft.AspNetCore.Mvc.Abstractions, Version=8.0.0.0, Culture=neutral, PublicKeyToken=adb9793829ddae60".
             Resolved file path is "C:\Program Files\dotnet\packs\Microsoft.AspNetCore.App.Ref\8.0.6\ref\net8.0\Microsoft.AspNetCore.Mvc.Abstractions.dll".
             Reference found at search path location "{RawFileName}".
             This reference is not "CopyLocal" because at least one source item had "Private" set to "false" and no source items had "Private" set to "true".
         Primary reference "Microsoft.AspNetCore.Mvc.ApiExplorer, Version=8.0.0.0, Culture=neutral, PublicKeyToken=adb9793829ddae60".
             Resolved file path is "C:\Program Files\dotnet\packs\Microsoft.AspNetCore.App.Ref\8.0.6\ref\net8.0\Microsoft.AspNetCore.Mvc.ApiExplorer.dll".
             Reference found at search path location "{RawFileName}".
             This reference is not "CopyLocal" because at least one source item had "Private" set to "false" and no source items had "Private" set to "true".
         Primary reference "Microsoft.AspNetCore.Mvc.Core, Version=8.0.0.0, Culture=neutral, PublicKeyToken=adb9793829ddae60".
             Resolved file path is "C:\Program Files\dotnet\packs\Microsoft.AspNetCore.App.Ref\8.0.6\ref\net8.0\Microsoft.AspNetCore.Mvc.Core.dll".
             Reference found at search path location "{RawFileName}".
             This reference is not "CopyLocal" because at least one source item had "Private" set to "false" and no source items had "Private" set to "true".
         Primary reference "Microsoft.AspNetCore.Mvc.Cors, Version=8.0.0.0, Culture=neutral, PublicKeyToken=adb9793829ddae60".
             Resolved file path is "C:\Program Files\dotnet\packs\Microsoft.AspNetCore.App.Ref\8.0.6\ref\net8.0\Microsoft.AspNetCore.Mvc.Cors.dll".
             Reference found at search path location "{RawFileName}".
             This reference is not "CopyLocal" because at least one source item had "Private" set to "false" and no source items had "Private" set to "true".
         Primary reference "Microsoft.AspNetCore.Mvc.DataAnnotations, Version=8.0.0.0, Culture=neutral, PublicKeyToken=adb9793829ddae60".
             Resolved file path is "C:\Program Files\dotnet\packs\Microsoft.AspNetCore.App.Ref\8.0.6\ref\net8.0\Microsoft.AspNetCore.Mvc.DataAnnotations.dll".
             Reference found at search path location "{RawFileName}".
             This reference is not "CopyLocal" because at least one source item had "Private" set to "false" and no source items had "Private" set to "true".
         Primary reference "Microsoft.AspNetCore.Mvc.Formatters.Json, Version=8.0.0.0, Culture=neutral, PublicKeyToken=adb9793829ddae60".
             Resolved file path is "C:\Program Files\dotnet\packs\Microsoft.AspNetCore.App.Ref\8.0.6\ref\net8.0\Microsoft.AspNetCore.Mvc.Formatters.Json.dll".
             Reference found at search path location "{RawFileName}".
             This reference is not "CopyLocal" because at least one source item had "Private" set to "false" and no source items had "Private" set to "true".
         Primary reference "Microsoft.AspNetCore.Mvc.Formatters.Xml, Version=8.0.0.0, Culture=neutral, PublicKeyToken=adb9793829ddae60".
             Resolved file path is "C:\Program Files\dotnet\packs\Microsoft.AspNetCore.App.Ref\8.0.6\ref\net8.0\Microsoft.AspNetCore.Mvc.Formatters.Xml.dll".
             Reference found at search path location "{RawFileName}".
             This reference is not "CopyLocal" because at least one source item had "Private" set to "false" and no source items had "Private" set to "true".
         Primary reference "Microsoft.AspNetCore.Mvc.Localization, Version=8.0.0.0, Culture=neutral, PublicKeyToken=adb9793829ddae60".
             Resolved file path is "C:\Program Files\dotnet\packs\Microsoft.AspNetCore.App.Ref\8.0.6\ref\net8.0\Microsoft.AspNetCore.Mvc.Localization.dll".
             Reference found at search path location "{RawFileName}".
             This reference is not "CopyLocal" because at least one source item had "Private" set to "false" and no source items had "Private" set to "true".
         Primary reference "Microsoft.AspNetCore.Mvc.Razor, Version=8.0.0.0, Culture=neutral, PublicKeyToken=adb9793829ddae60".
             Resolved file path is "C:\Program Files\dotnet\packs\Microsoft.AspNetCore.App.Ref\8.0.6\ref\net8.0\Microsoft.AspNetCore.Mvc.Razor.dll".
             Reference found at search path location "{RawFileName}".
             This reference is not "CopyLocal" because at least one source item had "Private" set to "false" and no source items had "Private" set to "true".
         Primary reference "Microsoft.AspNetCore.Mvc.RazorPages, Version=8.0.0.0, Culture=neutral, PublicKeyToken=adb9793829ddae60".
             Resolved file path is "C:\Program Files\dotnet\packs\Microsoft.AspNetCore.App.Ref\8.0.6\ref\net8.0\Microsoft.AspNetCore.Mvc.RazorPages.dll".
             Reference found at search path location "{RawFileName}".
             This reference is not "CopyLocal" because at least one source item had "Private" set to "false" and no source items had "Private" set to "true".
         Primary reference "Microsoft.AspNetCore.Mvc.TagHelpers, Version=8.0.0.0, Culture=neutral, PublicKeyToken=adb9793829ddae60".
             Resolved file path is "C:\Program Files\dotnet\packs\Microsoft.AspNetCore.App.Ref\8.0.6\ref\net8.0\Microsoft.AspNetCore.Mvc.TagHelpers.dll".
             Reference found at search path location "{RawFileName}".
             This reference is not "CopyLocal" because at least one source item had "Private" set to "false" and no source items had "Private" set to "true".
         Primary reference "Microsoft.AspNetCore.Mvc.ViewFeatures, Version=8.0.0.0, Culture=neutral, PublicKeyToken=adb9793829ddae60".
             Resolved file path is "C:\Program Files\dotnet\packs\Microsoft.AspNetCore.App.Ref\8.0.6\ref\net8.0\Microsoft.AspNetCore.Mvc.ViewFeatures.dll".
             Reference found at search path location "{RawFileName}".
             This reference is not "CopyLocal" because at least one source item had "Private" set to "false" and no source items had "Private" set to "true".
         Primary reference "Microsoft.AspNetCore.Mvc, Version=8.0.0.0, Culture=neutral, PublicKeyToken=adb9793829ddae60".
             Resolved file path is "C:\Program Files\dotnet\packs\Microsoft.AspNetCore.App.Ref\8.0.6\ref\net8.0\Microsoft.AspNetCore.Mvc.dll".
             Reference found at search path location "{RawFileName}".
             This reference is not "CopyLocal" because at least one source item had "Private" set to "false" and no source items had "Private" set to "true".
         Primary reference "Microsoft.AspNetCore.OutputCaching, Version=8.0.0.0, Culture=neutral, PublicKeyToken=adb9793829ddae60".
             Resolved file path is "C:\Program Files\dotnet\packs\Microsoft.AspNetCore.App.Ref\8.0.6\ref\net8.0\Microsoft.AspNetCore.OutputCaching.dll".
             Reference found at search path location "{RawFileName}".
             This reference is not "CopyLocal" because at least one source item had "Private" set to "false" and no source items had "Private" set to "true".
         Primary reference "Microsoft.AspNetCore.RateLimiting, Version=8.0.0.0, Culture=neutral, PublicKeyToken=adb9793829ddae60".
             Resolved file path is "C:\Program Files\dotnet\packs\Microsoft.AspNetCore.App.Ref\8.0.6\ref\net8.0\Microsoft.AspNetCore.RateLimiting.dll".
             Reference found at search path location "{RawFileName}".
             This reference is not "CopyLocal" because at least one source item had "Private" set to "false" and no source items had "Private" set to "true".
         Primary reference "Microsoft.AspNetCore.Razor.Runtime, Version=8.0.0.0, Culture=neutral, PublicKeyToken=adb9793829ddae60".
             Resolved file path is "C:\Program Files\dotnet\packs\Microsoft.AspNetCore.App.Ref\8.0.6\ref\net8.0\Microsoft.AspNetCore.Razor.Runtime.dll".
             Reference found at search path location "{RawFileName}".
             This reference is not "CopyLocal" because at least one source item had "Private" set to "false" and no source items had "Private" set to "true".
         Primary reference "Microsoft.AspNetCore.Razor, Version=8.0.0.0, Culture=neutral, PublicKeyToken=adb9793829ddae60".
             Resolved file path is "C:\Program Files\dotnet\packs\Microsoft.AspNetCore.App.Ref\8.0.6\ref\net8.0\Microsoft.AspNetCore.Razor.dll".
             Reference found at search path location "{RawFileName}".
             This reference is not "CopyLocal" because at least one source item had "Private" set to "false" and no source items had "Private" set to "true".
         Primary reference "Microsoft.AspNetCore.RequestDecompression, Version=8.0.0.0, Culture=neutral, PublicKeyToken=adb9793829ddae60".
             Resolved file path is "C:\Program Files\dotnet\packs\Microsoft.AspNetCore.App.Ref\8.0.6\ref\net8.0\Microsoft.AspNetCore.RequestDecompression.dll".
             Reference found at search path location "{RawFileName}".
             This reference is not "CopyLocal" because at least one source item had "Private" set to "false" and no source items had "Private" set to "true".
         Primary reference "Microsoft.AspNetCore.ResponseCaching.Abstractions, Version=8.0.0.0, Culture=neutral, PublicKeyToken=adb9793829ddae60".
             Resolved file path is "C:\Program Files\dotnet\packs\Microsoft.AspNetCore.App.Ref\8.0.6\ref\net8.0\Microsoft.AspNetCore.ResponseCaching.Abstractions.dll".
             Reference found at search path location "{RawFileName}".
             This reference is not "CopyLocal" because at least one source item had "Private" set to "false" and no source items had "Private" set to "true".
         Primary reference "Microsoft.AspNetCore.ResponseCaching, Version=8.0.0.0, Culture=neutral, PublicKeyToken=adb9793829ddae60".
             Resolved file path is "C:\Program Files\dotnet\packs\Microsoft.AspNetCore.App.Ref\8.0.6\ref\net8.0\Microsoft.AspNetCore.ResponseCaching.dll".
             Reference found at search path location "{RawFileName}".
             This reference is not "CopyLocal" because at least one source item had "Private" set to "false" and no source items had "Private" set to "true".
         Primary reference "Microsoft.AspNetCore.ResponseCompression, Version=8.0.0.0, Culture=neutral, PublicKeyToken=adb9793829ddae60".
             Resolved file path is "C:\Program Files\dotnet\packs\Microsoft.AspNetCore.App.Ref\8.0.6\ref\net8.0\Microsoft.AspNetCore.ResponseCompression.dll".
             Reference found at search path location "{RawFileName}".
             This reference is not "CopyLocal" because at least one source item had "Private" set to "false" and no source items had "Private" set to "true".
         Primary reference "Microsoft.AspNetCore.Rewrite, Version=8.0.0.0, Culture=neutral, PublicKeyToken=adb9793829ddae60".
             Resolved file path is "C:\Program Files\dotnet\packs\Microsoft.AspNetCore.App.Ref\8.0.6\ref\net8.0\Microsoft.AspNetCore.Rewrite.dll".
             Reference found at search path location "{RawFileName}".
             This reference is not "CopyLocal" because at least one source item had "Private" set to "false" and no source items had "Private" set to "true".
         Primary reference "Microsoft.AspNetCore.Routing.Abstractions, Version=8.0.0.0, Culture=neutral, PublicKeyToken=adb9793829ddae60".
             Resolved file path is "C:\Program Files\dotnet\packs\Microsoft.AspNetCore.App.Ref\8.0.6\ref\net8.0\Microsoft.AspNetCore.Routing.Abstractions.dll".
             Reference found at search path location "{RawFileName}".
             This reference is not "CopyLocal" because at least one source item had "Private" set to "false" and no source items had "Private" set to "true".
         Primary reference "Microsoft.AspNetCore.Routing, Version=8.0.0.0, Culture=neutral, PublicKeyToken=adb9793829ddae60".
             Resolved file path is "C:\Program Files\dotnet\packs\Microsoft.AspNetCore.App.Ref\8.0.6\ref\net8.0\Microsoft.AspNetCore.Routing.dll".
             Reference found at search path location "{RawFileName}".
             This reference is not "CopyLocal" because at least one source item had "Private" set to "false" and no source items had "Private" set to "true".
         Primary reference "Microsoft.AspNetCore.Server.HttpSys, Version=8.0.0.0, Culture=neutral, PublicKeyToken=adb9793829ddae60".
             Resolved file path is "C:\Program Files\dotnet\packs\Microsoft.AspNetCore.App.Ref\8.0.6\ref\net8.0\Microsoft.AspNetCore.Server.HttpSys.dll".
             Reference found at search path location "{RawFileName}".
             This reference is not "CopyLocal" because at least one source item had "Private" set to "false" and no source items had "Private" set to "true".
         Primary reference "Microsoft.AspNetCore.Server.IIS, Version=8.0.0.0, Culture=neutral, PublicKeyToken=adb9793829ddae60".
             Resolved file path is "C:\Program Files\dotnet\packs\Microsoft.AspNetCore.App.Ref\8.0.6\ref\net8.0\Microsoft.AspNetCore.Server.IIS.dll".
             Reference found at search path location "{RawFileName}".
             This reference is not "CopyLocal" because at least one source item had "Private" set to "false" and no source items had "Private" set to "true".
         Primary reference "Microsoft.AspNetCore.Server.IISIntegration, Version=8.0.0.0, Culture=neutral, PublicKeyToken=adb9793829ddae60".
             Resolved file path is "C:\Program Files\dotnet\packs\Microsoft.AspNetCore.App.Ref\8.0.6\ref\net8.0\Microsoft.AspNetCore.Server.IISIntegration.dll".
             Reference found at search path location "{RawFileName}".
             This reference is not "CopyLocal" because at least one source item had "Private" set to "false" and no source items had "Private" set to "true".
         Primary reference "Microsoft.AspNetCore.Server.Kestrel.Core, Version=8.0.0.0, Culture=neutral, PublicKeyToken=adb9793829ddae60".
             Resolved file path is "C:\Program Files\dotnet\packs\Microsoft.AspNetCore.App.Ref\8.0.6\ref\net8.0\Microsoft.AspNetCore.Server.Kestrel.Core.dll".
             Reference found at search path location "{RawFileName}".
             This reference is not "CopyLocal" because at least one source item had "Private" set to "false" and no source items had "Private" set to "true".
         Primary reference "Microsoft.AspNetCore.Server.Kestrel.Transport.NamedPipes, Version=8.0.0.0, Culture=neutral, PublicKeyToken=adb9793829ddae60".
             Resolved file path is "C:\Program Files\dotnet\packs\Microsoft.AspNetCore.App.Ref\8.0.6\ref\net8.0\Microsoft.AspNetCore.Server.Kestrel.Transport.NamedPipes.dll".
             Reference found at search path location "{RawFileName}".
             This reference is not "CopyLocal" because at least one source item had "Private" set to "false" and no source items had "Private" set to "true".
         Primary reference "Microsoft.AspNetCore.Server.Kestrel.Transport.Quic, Version=8.0.0.0, Culture=neutral, PublicKeyToken=adb9793829ddae60".
             Resolved file path is "C:\Program Files\dotnet\packs\Microsoft.AspNetCore.App.Ref\8.0.6\ref\net8.0\Microsoft.AspNetCore.Server.Kestrel.Transport.Quic.dll".
             Reference found at search path location "{RawFileName}".
             This reference is not "CopyLocal" because at least one source item had "Private" set to "false" and no source items had "Private" set to "true".
         Primary reference "Microsoft.AspNetCore.Server.Kestrel.Transport.Sockets, Version=8.0.0.0, Culture=neutral, PublicKeyToken=adb9793829ddae60".
             Resolved file path is "C:\Program Files\dotnet\packs\Microsoft.AspNetCore.App.Ref\8.0.6\ref\net8.0\Microsoft.AspNetCore.Server.Kestrel.Transport.Sockets.dll".
             Reference found at search path location "{RawFileName}".
             This reference is not "CopyLocal" because at least one source item had "Private" set to "false" and no source items had "Private" set to "true".
         Primary reference "Microsoft.AspNetCore.Server.Kestrel, Version=8.0.0.0, Culture=neutral, PublicKeyToken=adb9793829ddae60".
             Resolved file path is "C:\Program Files\dotnet\packs\Microsoft.AspNetCore.App.Ref\8.0.6\ref\net8.0\Microsoft.AspNetCore.Server.Kestrel.dll".
             Reference found at search path location "{RawFileName}".
             This reference is not "CopyLocal" because at least one source item had "Private" set to "false" and no source items had "Private" set to "true".
         Primary reference "Microsoft.AspNetCore.Session, Version=8.0.0.0, Culture=neutral, PublicKeyToken=adb9793829ddae60".
             Resolved file path is "C:\Program Files\dotnet\packs\Microsoft.AspNetCore.App.Ref\8.0.6\ref\net8.0\Microsoft.AspNetCore.Session.dll".
             Reference found at search path location "{RawFileName}".
             This reference is not "CopyLocal" because at least one source item had "Private" set to "false" and no source items had "Private" set to "true".
         Primary reference "Microsoft.AspNetCore.SignalR.Common, Version=8.0.0.0, Culture=neutral, PublicKeyToken=adb9793829ddae60".
             Resolved file path is "C:\Program Files\dotnet\packs\Microsoft.AspNetCore.App.Ref\8.0.6\ref\net8.0\Microsoft.AspNetCore.SignalR.Common.dll".
             Reference found at search path location "{RawFileName}".
             This reference is not "CopyLocal" because at least one source item had "Private" set to "false" and no source items had "Private" set to "true".
         Primary reference "Microsoft.AspNetCore.SignalR.Core, Version=8.0.0.0, Culture=neutral, PublicKeyToken=adb9793829ddae60".
             Resolved file path is "C:\Program Files\dotnet\packs\Microsoft.AspNetCore.App.Ref\8.0.6\ref\net8.0\Microsoft.AspNetCore.SignalR.Core.dll".
             Reference found at search path location "{RawFileName}".
             This reference is not "CopyLocal" because at least one source item had "Private" set to "false" and no source items had "Private" set to "true".
         Primary reference "Microsoft.AspNetCore.SignalR.Protocols.Json, Version=8.0.0.0, Culture=neutral, PublicKeyToken=adb9793829ddae60".
             Resolved file path is "C:\Program Files\dotnet\packs\Microsoft.AspNetCore.App.Ref\8.0.6\ref\net8.0\Microsoft.AspNetCore.SignalR.Protocols.Json.dll".
             Reference found at search path location "{RawFileName}".
             This reference is not "CopyLocal" because at least one source item had "Private" set to "false" and no source items had "Private" set to "true".
         Primary reference "Microsoft.AspNetCore.SignalR, Version=8.0.0.0, Culture=neutral, PublicKeyToken=adb9793829ddae60".
             Resolved file path is "C:\Program Files\dotnet\packs\Microsoft.AspNetCore.App.Ref\8.0.6\ref\net8.0\Microsoft.AspNetCore.SignalR.dll".
             Reference found at search path location "{RawFileName}".
             This reference is not "CopyLocal" because at least one source item had "Private" set to "false" and no source items had "Private" set to "true".
         Primary reference "Microsoft.AspNetCore.StaticFiles, Version=8.0.0.0, Culture=neutral, PublicKeyToken=adb9793829ddae60".
             Resolved file path is "C:\Program Files\dotnet\packs\Microsoft.AspNetCore.App.Ref\8.0.6\ref\net8.0\Microsoft.AspNetCore.StaticFiles.dll".
             Reference found at search path location "{RawFileName}".
             This reference is not "CopyLocal" because at least one source item had "Private" set to "false" and no source items had "Private" set to "true".
         Primary reference "Microsoft.AspNetCore.WebSockets, Version=8.0.0.0, Culture=neutral, PublicKeyToken=adb9793829ddae60".
             Resolved file path is "C:\Program Files\dotnet\packs\Microsoft.AspNetCore.App.Ref\8.0.6\ref\net8.0\Microsoft.AspNetCore.WebSockets.dll".
             Reference found at search path location "{RawFileName}".
             This reference is not "CopyLocal" because at least one source item had "Private" set to "false" and no source items had "Private" set to "true".
         Primary reference "Microsoft.AspNetCore.WebUtilities, Version=8.0.0.0, Culture=neutral, PublicKeyToken=adb9793829ddae60".
             Resolved file path is "C:\Program Files\dotnet\packs\Microsoft.AspNetCore.App.Ref\8.0.6\ref\net8.0\Microsoft.AspNetCore.WebUtilities.dll".
             Reference found at search path location "{RawFileName}".
             This reference is not "CopyLocal" because at least one source item had "Private" set to "false" and no source items had "Private" set to "true".
         Primary reference "Microsoft.AspNetCore, Version=8.0.0.0, Culture=neutral, PublicKeyToken=adb9793829ddae60".
             Resolved file path is "C:\Program Files\dotnet\packs\Microsoft.AspNetCore.App.Ref\8.0.6\ref\net8.0\Microsoft.AspNetCore.dll".
             Reference found at search path location "{RawFileName}".
             This reference is not "CopyLocal" because at least one source item had "Private" set to "false" and no source items had "Private" set to "true".
         Primary reference "Microsoft.Extensions.Caching.Abstractions, Version=8.0.0.0, Culture=neutral, PublicKeyToken=adb9793829ddae60".
             Resolved file path is "C:\Program Files\dotnet\packs\Microsoft.AspNetCore.App.Ref\8.0.6\ref\net8.0\Microsoft.Extensions.Caching.Abstractions.dll".
             Reference found at search path location "{RawFileName}".
             This reference is not "CopyLocal" because at least one source item had "Private" set to "false" and no source items had "Private" set to "true".
         Primary reference "Microsoft.Extensions.Caching.Memory, Version=8.0.0.0, Culture=neutral, PublicKeyToken=adb9793829ddae60".
             Resolved file path is "C:\Program Files\dotnet\packs\Microsoft.AspNetCore.App.Ref\8.0.6\ref\net8.0\Microsoft.Extensions.Caching.Memory.dll".
             Reference found at search path location "{RawFileName}".
             This reference is not "CopyLocal" because at least one source item had "Private" set to "false" and no source items had "Private" set to "true".
         Primary reference "Microsoft.Extensions.Configuration.Abstractions, Version=8.0.0.0, Culture=neutral, PublicKeyToken=adb9793829ddae60".
             Resolved file path is "C:\Program Files\dotnet\packs\Microsoft.AspNetCore.App.Ref\8.0.6\ref\net8.0\Microsoft.Extensions.Configuration.Abstractions.dll".
             Reference found at search path location "{RawFileName}".
             This reference is not "CopyLocal" because at least one source item had "Private" set to "false" and no source items had "Private" set to "true".
         Primary reference "Microsoft.Extensions.Configuration.Binder, Version=8.0.0.0, Culture=neutral, PublicKeyToken=adb9793829ddae60".
             Resolved file path is "C:\Program Files\dotnet\packs\Microsoft.AspNetCore.App.Ref\8.0.6\ref\net8.0\Microsoft.Extensions.Configuration.Binder.dll".
             Reference found at search path location "{RawFileName}".
             This reference is not "CopyLocal" because at least one source item had "Private" set to "false" and no source items had "Private" set to "true".
         Primary reference "Microsoft.Extensions.Configuration.CommandLine, Version=8.0.0.0, Culture=neutral, PublicKeyToken=adb9793829ddae60".
             Resolved file path is "C:\Program Files\dotnet\packs\Microsoft.AspNetCore.App.Ref\8.0.6\ref\net8.0\Microsoft.Extensions.Configuration.CommandLine.dll".
             Reference found at search path location "{RawFileName}".
             This reference is not "CopyLocal" because at least one source item had "Private" set to "false" and no source items had "Private" set to "true".
         Primary reference "Microsoft.Extensions.Configuration.EnvironmentVariables, Version=8.0.0.0, Culture=neutral, PublicKeyToken=adb9793829ddae60".
             Resolved file path is "C:\Program Files\dotnet\packs\Microsoft.AspNetCore.App.Ref\8.0.6\ref\net8.0\Microsoft.Extensions.Configuration.EnvironmentVariables.dll".
             Reference found at search path location "{RawFileName}".
             This reference is not "CopyLocal" because at least one source item had "Private" set to "false" and no source items had "Private" set to "true".
         Primary reference "Microsoft.Extensions.Configuration.FileExtensions, Version=8.0.0.0, Culture=neutral, PublicKeyToken=adb9793829ddae60".
             Resolved file path is "C:\Program Files\dotnet\packs\Microsoft.AspNetCore.App.Ref\8.0.6\ref\net8.0\Microsoft.Extensions.Configuration.FileExtensions.dll".
             Reference found at search path location "{RawFileName}".
             This reference is not "CopyLocal" because at least one source item had "Private" set to "false" and no source items had "Private" set to "true".
         Primary reference "Microsoft.Extensions.Configuration.Ini, Version=8.0.0.0, Culture=neutral, PublicKeyToken=adb9793829ddae60".
             Resolved file path is "C:\Program Files\dotnet\packs\Microsoft.AspNetCore.App.Ref\8.0.6\ref\net8.0\Microsoft.Extensions.Configuration.Ini.dll".
             Reference found at search path location "{RawFileName}".
             This reference is not "CopyLocal" because at least one source item had "Private" set to "false" and no source items had "Private" set to "true".
         Primary reference "Microsoft.Extensions.Configuration.Json, Version=8.0.0.0, Culture=neutral, PublicKeyToken=adb9793829ddae60".
             Resolved file path is "C:\Program Files\dotnet\packs\Microsoft.AspNetCore.App.Ref\8.0.6\ref\net8.0\Microsoft.Extensions.Configuration.Json.dll".
             Reference found at search path location "{RawFileName}".
             This reference is not "CopyLocal" because at least one source item had "Private" set to "false" and no source items had "Private" set to "true".
         Primary reference "Microsoft.Extensions.Configuration.KeyPerFile, Version=8.0.0.0, Culture=neutral, PublicKeyToken=adb9793829ddae60".
             Resolved file path is "C:\Program Files\dotnet\packs\Microsoft.AspNetCore.App.Ref\8.0.6\ref\net8.0\Microsoft.Extensions.Configuration.KeyPerFile.dll".
             Reference found at search path location "{RawFileName}".
             This reference is not "CopyLocal" because at least one source item had "Private" set to "false" and no source items had "Private" set to "true".
         Primary reference "Microsoft.Extensions.Configuration.UserSecrets, Version=8.0.0.0, Culture=neutral, PublicKeyToken=adb9793829ddae60".
             Resolved file path is "C:\Program Files\dotnet\packs\Microsoft.AspNetCore.App.Ref\8.0.6\ref\net8.0\Microsoft.Extensions.Configuration.UserSecrets.dll".
             Reference found at search path location "{RawFileName}".
             This reference is not "CopyLocal" because at least one source item had "Private" set to "false" and no source items had "Private" set to "true".
         Primary reference "Microsoft.Extensions.Configuration.Xml, Version=8.0.0.0, Culture=neutral, PublicKeyToken=adb9793829ddae60".
             Resolved file path is "C:\Program Files\dotnet\packs\Microsoft.AspNetCore.App.Ref\8.0.6\ref\net8.0\Microsoft.Extensions.Configuration.Xml.dll".
             Reference found at search path location "{RawFileName}".
             This reference is not "CopyLocal" because at least one source item had "Private" set to "false" and no source items had "Private" set to "true".
         Primary reference "Microsoft.Extensions.Configuration, Version=8.0.0.0, Culture=neutral, PublicKeyToken=adb9793829ddae60".
             Resolved file path is "C:\Program Files\dotnet\packs\Microsoft.AspNetCore.App.Ref\8.0.6\ref\net8.0\Microsoft.Extensions.Configuration.dll".
             Reference found at search path location "{RawFileName}".
             This reference is not "CopyLocal" because at least one source item had "Private" set to "false" and no source items had "Private" set to "true".
         Primary reference "Microsoft.Extensions.Diagnostics.Abstractions, Version=8.0.0.0, Culture=neutral, PublicKeyToken=adb9793829ddae60".
             Resolved file path is "C:\Program Files\dotnet\packs\Microsoft.AspNetCore.App.Ref\8.0.6\ref\net8.0\Microsoft.Extensions.Diagnostics.Abstractions.dll".
             Reference found at search path location "{RawFileName}".
             This reference is not "CopyLocal" because at least one source item had "Private" set to "false" and no source items had "Private" set to "true".
         Primary reference "Microsoft.Extensions.Diagnostics.HealthChecks.Abstractions, Version=8.0.0.0, Culture=neutral, PublicKeyToken=adb9793829ddae60".
             Resolved file path is "C:\Program Files\dotnet\packs\Microsoft.AspNetCore.App.Ref\8.0.6\ref\net8.0\Microsoft.Extensions.Diagnostics.HealthChecks.Abstractions.dll".
             Reference found at search path location "{RawFileName}".
             This reference is not "CopyLocal" because at least one source item had "Private" set to "false" and no source items had "Private" set to "true".
         Primary reference "Microsoft.Extensions.Diagnostics.HealthChecks, Version=8.0.0.0, Culture=neutral, PublicKeyToken=adb9793829ddae60".
             Resolved file path is "C:\Program Files\dotnet\packs\Microsoft.AspNetCore.App.Ref\8.0.6\ref\net8.0\Microsoft.Extensions.Diagnostics.HealthChecks.dll".
             Reference found at search path location "{RawFileName}".
             This reference is not "CopyLocal" because at least one source item had "Private" set to "false" and no source items had "Private" set to "true".
         Primary reference "Microsoft.Extensions.Diagnostics, Version=8.0.0.0, Culture=neutral, PublicKeyToken=adb9793829ddae60".
             Resolved file path is "C:\Program Files\dotnet\packs\Microsoft.AspNetCore.App.Ref\8.0.6\ref\net8.0\Microsoft.Extensions.Diagnostics.dll".
             Reference found at search path location "{RawFileName}".
             This reference is not "CopyLocal" because at least one source item had "Private" set to "false" and no source items had "Private" set to "true".
         Primary reference "Microsoft.Extensions.Features, Version=8.0.0.0, Culture=neutral, PublicKeyToken=adb9793829ddae60".
             Resolved file path is "C:\Program Files\dotnet\packs\Microsoft.AspNetCore.App.Ref\8.0.6\ref\net8.0\Microsoft.Extensions.Features.dll".
             Reference found at search path location "{RawFileName}".
             This reference is not "CopyLocal" because at least one source item had "Private" set to "false" and no source items had "Private" set to "true".
         Primary reference "Microsoft.Extensions.FileProviders.Abstractions, Version=8.0.0.0, Culture=neutral, PublicKeyToken=adb9793829ddae60".
             Resolved file path is "C:\Program Files\dotnet\packs\Microsoft.AspNetCore.App.Ref\8.0.6\ref\net8.0\Microsoft.Extensions.FileProviders.Abstractions.dll".
             Reference found at search path location "{RawFileName}".
             This reference is not "CopyLocal" because at least one source item had "Private" set to "false" and no source items had "Private" set to "true".
         Primary reference "Microsoft.Extensions.FileProviders.Composite, Version=8.0.0.0, Culture=neutral, PublicKeyToken=adb9793829ddae60".
             Resolved file path is "C:\Program Files\dotnet\packs\Microsoft.AspNetCore.App.Ref\8.0.6\ref\net8.0\Microsoft.Extensions.FileProviders.Composite.dll".
             Reference found at search path location "{RawFileName}".
             This reference is not "CopyLocal" because at least one source item had "Private" set to "false" and no source items had "Private" set to "true".
         Primary reference "Microsoft.Extensions.FileProviders.Embedded, Version=8.0.0.0, Culture=neutral, PublicKeyToken=adb9793829ddae60".
             Resolved file path is "C:\Program Files\dotnet\packs\Microsoft.AspNetCore.App.Ref\8.0.6\ref\net8.0\Microsoft.Extensions.FileProviders.Embedded.dll".
             Reference found at search path location "{RawFileName}".
             This reference is not "CopyLocal" because at least one source item had "Private" set to "false" and no source items had "Private" set to "true".
         Primary reference "Microsoft.Extensions.FileProviders.Physical, Version=8.0.0.0, Culture=neutral, PublicKeyToken=adb9793829ddae60".
             Resolved file path is "C:\Program Files\dotnet\packs\Microsoft.AspNetCore.App.Ref\8.0.6\ref\net8.0\Microsoft.Extensions.FileProviders.Physical.dll".
             Reference found at search path location "{RawFileName}".
             This reference is not "CopyLocal" because at least one source item had "Private" set to "false" and no source items had "Private" set to "true".
         Primary reference "Microsoft.Extensions.FileSystemGlobbing, Version=8.0.0.0, Culture=neutral, PublicKeyToken=adb9793829ddae60".
             Resolved file path is "C:\Program Files\dotnet\packs\Microsoft.AspNetCore.App.Ref\8.0.6\ref\net8.0\Microsoft.Extensions.FileSystemGlobbing.dll".
             Reference found at search path location "{RawFileName}".
             This reference is not "CopyLocal" because at least one source item had "Private" set to "false" and no source items had "Private" set to "true".
         Primary reference "Microsoft.Extensions.Hosting.Abstractions, Version=8.0.0.0, Culture=neutral, PublicKeyToken=adb9793829ddae60".
             Resolved file path is "C:\Program Files\dotnet\packs\Microsoft.AspNetCore.App.Ref\8.0.6\ref\net8.0\Microsoft.Extensions.Hosting.Abstractions.dll".
             Reference found at search path location "{RawFileName}".
             This reference is not "CopyLocal" because at least one source item had "Private" set to "false" and no source items had "Private" set to "true".
         Primary reference "Microsoft.Extensions.Hosting, Version=8.0.0.0, Culture=neutral, PublicKeyToken=adb9793829ddae60".
             Resolved file path is "C:\Program Files\dotnet\packs\Microsoft.AspNetCore.App.Ref\8.0.6\ref\net8.0\Microsoft.Extensions.Hosting.dll".
             Reference found at search path location "{RawFileName}".
             This reference is not "CopyLocal" because at least one source item had "Private" set to "false" and no source items had "Private" set to "true".
         Primary reference "Microsoft.Extensions.Http, Version=8.0.0.0, Culture=neutral, PublicKeyToken=adb9793829ddae60".
             Resolved file path is "C:\Program Files\dotnet\packs\Microsoft.AspNetCore.App.Ref\8.0.6\ref\net8.0\Microsoft.Extensions.Http.dll".
             Reference found at search path location "{RawFileName}".
             This reference is not "CopyLocal" because at least one source item had "Private" set to "false" and no source items had "Private" set to "true".
         Primary reference "Microsoft.Extensions.Localization.Abstractions, Version=8.0.0.0, Culture=neutral, PublicKeyToken=adb9793829ddae60".
             Resolved file path is "C:\Program Files\dotnet\packs\Microsoft.AspNetCore.App.Ref\8.0.6\ref\net8.0\Microsoft.Extensions.Localization.Abstractions.dll".
             Reference found at search path location "{RawFileName}".
             This reference is not "CopyLocal" because at least one source item had "Private" set to "false" and no source items had "Private" set to "true".
         Primary reference "Microsoft.Extensions.Localization, Version=8.0.0.0, Culture=neutral, PublicKeyToken=adb9793829ddae60".
             Resolved file path is "C:\Program Files\dotnet\packs\Microsoft.AspNetCore.App.Ref\8.0.6\ref\net8.0\Microsoft.Extensions.Localization.dll".
             Reference found at search path location "{RawFileName}".
             This reference is not "CopyLocal" because at least one source item had "Private" set to "false" and no source items had "Private" set to "true".
         Primary reference "Microsoft.Extensions.Logging.Configuration, Version=8.0.0.0, Culture=neutral, PublicKeyToken=adb9793829ddae60".
             Resolved file path is "C:\Program Files\dotnet\packs\Microsoft.AspNetCore.App.Ref\8.0.6\ref\net8.0\Microsoft.Extensions.Logging.Configuration.dll".
             Reference found at search path location "{RawFileName}".
             This reference is not "CopyLocal" because at least one source item had "Private" set to "false" and no source items had "Private" set to "true".
         Primary reference "Microsoft.Extensions.Logging.Console, Version=8.0.0.0, Culture=neutral, PublicKeyToken=adb9793829ddae60".
             Resolved file path is "C:\Program Files\dotnet\packs\Microsoft.AspNetCore.App.Ref\8.0.6\ref\net8.0\Microsoft.Extensions.Logging.Console.dll".
             Reference found at search path location "{RawFileName}".
             This reference is not "CopyLocal" because at least one source item had "Private" set to "false" and no source items had "Private" set to "true".
         Primary reference "Microsoft.Extensions.Logging.Debug, Version=8.0.0.0, Culture=neutral, PublicKeyToken=adb9793829ddae60".
             Resolved file path is "C:\Program Files\dotnet\packs\Microsoft.AspNetCore.App.Ref\8.0.6\ref\net8.0\Microsoft.Extensions.Logging.Debug.dll".
             Reference found at search path location "{RawFileName}".
             This reference is not "CopyLocal" because at least one source item had "Private" set to "false" and no source items had "Private" set to "true".
         Primary reference "Microsoft.Extensions.Logging.EventLog, Version=8.0.0.0, Culture=neutral, PublicKeyToken=adb9793829ddae60".
             Resolved file path is "C:\Program Files\dotnet\packs\Microsoft.AspNetCore.App.Ref\8.0.6\ref\net8.0\Microsoft.Extensions.Logging.EventLog.dll".
             Reference found at search path location "{RawFileName}".
             This reference is not "CopyLocal" because at least one source item had "Private" set to "false" and no source items had "Private" set to "true".
         Primary reference "Microsoft.Extensions.Logging.EventSource, Version=8.0.0.0, Culture=neutral, PublicKeyToken=adb9793829ddae60".
             Resolved file path is "C:\Program Files\dotnet\packs\Microsoft.AspNetCore.App.Ref\8.0.6\ref\net8.0\Microsoft.Extensions.Logging.EventSource.dll".
             Reference found at search path location "{RawFileName}".
             This reference is not "CopyLocal" because at least one source item had "Private" set to "false" and no source items had "Private" set to "true".
         Primary reference "Microsoft.Extensions.Logging.TraceSource, Version=8.0.0.0, Culture=neutral, PublicKeyToken=adb9793829ddae60".
             Resolved file path is "C:\Program Files\dotnet\packs\Microsoft.AspNetCore.App.Ref\8.0.6\ref\net8.0\Microsoft.Extensions.Logging.TraceSource.dll".
             Reference found at search path location "{RawFileName}".
             This reference is not "CopyLocal" because at least one source item had "Private" set to "false" and no source items had "Private" set to "true".
         Primary reference "Microsoft.Extensions.ObjectPool, Version=8.0.0.0, Culture=neutral, PublicKeyToken=adb9793829ddae60".
             Resolved file path is "C:\Program Files\dotnet\packs\Microsoft.AspNetCore.App.Ref\8.0.6\ref\net8.0\Microsoft.Extensions.ObjectPool.dll".
             Reference found at search path location "{RawFileName}".
             This reference is not "CopyLocal" because at least one source item had "Private" set to "false" and no source items had "Private" set to "true".
         Primary reference "Microsoft.Extensions.Options.ConfigurationExtensions, Version=8.0.0.0, Culture=neutral, PublicKeyToken=adb9793829ddae60".
             Resolved file path is "C:\Program Files\dotnet\packs\Microsoft.AspNetCore.App.Ref\8.0.6\ref\net8.0\Microsoft.Extensions.Options.ConfigurationExtensions.dll".
             Reference found at search path location "{RawFileName}".
             This reference is not "CopyLocal" because at least one source item had "Private" set to "false" and no source items had "Private" set to "true".
         Primary reference "Microsoft.Extensions.Options.DataAnnotations, Version=8.0.0.0, Culture=neutral, PublicKeyToken=adb9793829ddae60".
             Resolved file path is "C:\Program Files\dotnet\packs\Microsoft.AspNetCore.App.Ref\8.0.6\ref\net8.0\Microsoft.Extensions.Options.DataAnnotations.dll".
             Reference found at search path location "{RawFileName}".
             This reference is not "CopyLocal" because at least one source item had "Private" set to "false" and no source items had "Private" set to "true".
         Primary reference "Microsoft.Extensions.Options, Version=8.0.0.0, Culture=neutral, PublicKeyToken=adb9793829ddae60".
             Resolved file path is "C:\Program Files\dotnet\packs\Microsoft.AspNetCore.App.Ref\8.0.6\ref\net8.0\Microsoft.Extensions.Options.dll".
             Reference found at search path location "{RawFileName}".
             This reference is not "CopyLocal" because at least one source item had "Private" set to "false" and no source items had "Private" set to "true".
         Primary reference "Microsoft.Extensions.Primitives, Version=8.0.0.0, Culture=neutral, PublicKeyToken=adb9793829ddae60".
             Resolved file path is "C:\Program Files\dotnet\packs\Microsoft.AspNetCore.App.Ref\8.0.6\ref\net8.0\Microsoft.Extensions.Primitives.dll".
             Reference found at search path location "{RawFileName}".
             This reference is not "CopyLocal" because at least one source item had "Private" set to "false" and no source items had "Private" set to "true".
         Primary reference "Microsoft.Extensions.WebEncoders, Version=8.0.0.0, Culture=neutral, PublicKeyToken=adb9793829ddae60".
             Resolved file path is "C:\Program Files\dotnet\packs\Microsoft.AspNetCore.App.Ref\8.0.6\ref\net8.0\Microsoft.Extensions.WebEncoders.dll".
             Reference found at search path location "{RawFileName}".
             This reference is not "CopyLocal" because at least one source item had "Private" set to "false" and no source items had "Private" set to "true".
         Primary reference "Microsoft.JSInterop, Version=8.0.0.0, Culture=neutral, PublicKeyToken=adb9793829ddae60".
             Resolved file path is "C:\Program Files\dotnet\packs\Microsoft.AspNetCore.App.Ref\8.0.6\ref\net8.0\Microsoft.JSInterop.dll".
             Reference found at search path location "{RawFileName}".
             This reference is not "CopyLocal" because at least one source item had "Private" set to "false" and no source items had "Private" set to "true".
         Primary reference "Microsoft.Net.Http.Headers, Version=8.0.0.0, Culture=neutral, PublicKeyToken=adb9793829ddae60".
             Resolved file path is "C:\Program Files\dotnet\packs\Microsoft.AspNetCore.App.Ref\8.0.6\ref\net8.0\Microsoft.Net.Http.Headers.dll".
             Reference found at search path location "{RawFileName}".
             This reference is not "CopyLocal" because at least one source item had "Private" set to "false" and no source items had "Private" set to "true".
         Primary reference "System.Diagnostics.EventLog, Version=8.0.0.0, Culture=neutral, PublicKeyToken=cc7b13ffcd2ddd51".
             Resolved file path is "C:\Program Files\dotnet\packs\Microsoft.AspNetCore.App.Ref\8.0.6\ref\net8.0\System.Diagnostics.EventLog.dll".
             Reference found at search path location "{RawFileName}".
             This reference is not "CopyLocal" because at least one source item had "Private" set to "false" and no source items had "Private" set to "true".
         Primary reference "System.IO.Pipelines, Version=8.0.0.0, Culture=neutral, PublicKeyToken=cc7b13ffcd2ddd51".
             Resolved file path is "C:\Program Files\dotnet\packs\Microsoft.AspNetCore.App.Ref\8.0.6\ref\net8.0\System.IO.Pipelines.dll".
             Reference found at search path location "{RawFileName}".
             This reference is not "CopyLocal" because at least one source item had "Private" set to "false" and no source items had "Private" set to "true".
         Primary reference "System.Security.Cryptography.Xml, Version=8.0.0.0, Culture=neutral, PublicKeyToken=cc7b13ffcd2ddd51".
             Resolved file path is "C:\Program Files\dotnet\packs\Microsoft.AspNetCore.App.Ref\8.0.6\ref\net8.0\System.Security.Cryptography.Xml.dll".
             Reference found at search path location "{RawFileName}".
             This reference is not "CopyLocal" because at least one source item had "Private" set to "false" and no source items had "Private" set to "true".
         Primary reference "System.Threading.RateLimiting, Version=8.0.0.0, Culture=neutral, PublicKeyToken=cc7b13ffcd2ddd51".
             Resolved file path is "C:\Program Files\dotnet\packs\Microsoft.AspNetCore.App.Ref\8.0.6\ref\net8.0\System.Threading.RateLimiting.dll".
             Reference found at search path location "{RawFileName}".
             This reference is not "CopyLocal" because at least one source item had "Private" set to "false" and no source items had "Private" set to "true".
       Done executing task "ResolveAssemblyReference".
   2:8>Done building target "ResolveAssemblyReferences" in project "TalenHuman.Application.csproj".
       Target "GenerateBindingRedirects" skipped, due to false condition; ('$(AutoGenerateBindingRedirects)' == 'true' and '$(GenerateBindingRedirectsOutputType)' == 'true' and '@(SuggestedBindingRedirects)' != '' and '$(DesignTimeBuild)' != 'true' and '$(BuildingProject)' == 'true') was evaluated as ('' == 'true' and '' == 'true' and '' != '' and '' != 'true' and 'true' == 'true').
       Target "GenerateSupportedRuntime" skipped, due to false condition; ('$(GenerateSupportedRuntime)' != 'false' and '$(TargetFrameworkIdentifier)' == '.NETFramework' and '$(HasRuntimeOutput)' == 'true') was evaluated as ('' != 'false' and '.NETCoreApp' == '.NETFramework' and '' == 'true').
       Target "GenerateBindingRedirectsUpdateAppConfig" skipped, due to false condition; ('$(AutoGenerateBindingRedirects)' == 'true' and '$(GenerateBindingRedirectsOutputType)' == 'true') was evaluated as ('' == 'true' and '' == 'true').
       Target "ResolveComReferences" skipped, due to false condition; ('@(COMReference)'!='' or '@(COMFileReference)'!='') was evaluated as (''!='' or ''!='').
   2:8>Target "AfterResolveReferences" in file "C:\Program Files\dotnet\sdk\8.0.302\Microsoft.Common.CurrentVersion.targets" from project "D:\Tito Pedraza\OneDrive\Proyectos\Codigo Fuente\repos\HumanCore\src\TalenHuman.Application\TalenHuman.Application.csproj" (target "ResolveReferences" depends on it):
   2:8>Done building target "AfterResolveReferences" in project "TalenHuman.Application.csproj".
   2:8>Target "ResolveReferences" in file "C:\Program Files\dotnet\sdk\8.0.302\Microsoft.Common.CurrentVersion.targets" from project "D:\Tito Pedraza\OneDrive\Proyectos\Codigo Fuente\repos\HumanCore\src\TalenHuman.Application\TalenHuman.Application.csproj" (target "_BlockWinMDsOnUnsupportedTFMs" depends on it):
   2:8>Done building target "ResolveReferences" in project "TalenHuman.Application.csproj".
   2:8>Target "_BlockWinMDsOnUnsupportedTFMs" in file "C:\Program Files\dotnet\sdk\8.0.302\Sdks\Microsoft.NET.Sdk\targets\Microsoft.NET.Sdk.targets" from project "D:\Tito Pedraza\OneDrive\Proyectos\Codigo Fuente\repos\HumanCore\src\TalenHuman.Application\TalenHuman.Application.csproj" (target "CoreBuild" depends on it):
       Using "CheckForUnsupportedWinMDReferences" task from assembly "C:\Program Files\dotnet\sdk\8.0.302\Sdks\Microsoft.NET.Sdk\targets\..\tools\net8.0\Microsoft.NET.Build.Tasks.dll".
       Task "CheckForUnsupportedWinMDReferences"
       Done executing task "CheckForUnsupportedWinMDReferences".
       Task "NETSdkError" skipped, due to false condition; ('$(OutputType)' == 'winmdobj') was evaluated as ('Library' == 'winmdobj').
   2:8>Done building target "_BlockWinMDsOnUnsupportedTFMs" in project "TalenHuman.Application.csproj".
       Target "ResolveReferences" skipped. Previously built successfully.
       Target "ResolvePackageDependenciesForBuild" skipped. Previously built successfully.
       Target "_HandlePackageFileConflicts" skipped. Previously built successfully.
   2:8>Target "CopyAdditionalFiles" in file "C:\Program Files\dotnet\sdk\8.0.302\Roslyn\Microsoft.Managed.Core.targets" from project "D:\Tito Pedraza\OneDrive\Proyectos\Codigo Fuente\repos\HumanCore\src\TalenHuman.Application\TalenHuman.Application.csproj" (target "AssignTargetPaths" depends on it):
   2:8>Done building target "CopyAdditionalFiles" in project "TalenHuman.Application.csproj".
       Target "_ChooseAppHost" skipped, due to false condition; ('$(UseAppHost)' == 'true' and '$(_IsExecutable)' == 'true') was evaluated as ('' == 'true' and '' == 'true').
       Target "_GetComHostPaths" skipped, due to false condition; ('$(EnableComHosting)' == 'true' and '$(_IsExecutable)' != 'true') was evaluated as ('' == 'true' and '' != 'true').
       Target "_GetIjwHostPaths" skipped, due to false condition; ('$(UseIJWHost)' == 'true') was evaluated as ('' == 'true').
   2:8>Target "_ComputeNETCoreBuildOutputFiles" in file "C:\Program Files\dotnet\sdk\8.0.302\Sdks\Microsoft.NET.Sdk\targets\Microsoft.NET.Sdk.targets" from project "D:\Tito Pedraza\OneDrive\Proyectos\Codigo Fuente\repos\HumanCore\src\TalenHuman.Application\TalenHuman.Application.csproj" (target "AssignTargetPaths" depends on it):
   2:8>Done building target "_ComputeNETCoreBuildOutputFiles" in project "TalenHuman.Application.csproj".
   2:8>Target "AssignTargetPaths" in file "C:\Program Files\dotnet\sdk\8.0.302\Microsoft.Common.CurrentVersion.targets" from project "D:\Tito Pedraza\OneDrive\Proyectos\Codigo Fuente\repos\HumanCore\src\TalenHuman.Application\TalenHuman.Application.csproj" (target "PrepareResourceNames" depends on it):
       Using "AssignTargetPath" task from assembly "Microsoft.Build.Tasks.Core, Version=15.1.0.0, Culture=neutral, PublicKeyToken=b03f5f7f11d50a3a".
       Task "AssignTargetPath"
       Done executing task "AssignTargetPath".
       Task "AssignTargetPath"
       Done executing task "AssignTargetPath".
       Task "AssignTargetPath"
       Done executing task "AssignTargetPath".
       Task "AssignTargetPath"
       Done executing task "AssignTargetPath".
       Task "AssignTargetPath" skipped, due to false condition; ('@(_DeploymentBaseManifestWithTargetPath)'=='' and '%(None.Extension)'=='.manifest') was evaluated as (''=='' and '.ttf'=='.manifest').
       Task "AssignTargetPath" skipped, due to false condition; ('@(_DeploymentBaseManifestWithTargetPath)'=='' and '%(None.Extension)'=='.manifest') was evaluated as (''=='' and '.txt'=='.manifest').
   2:8>Done building target "AssignTargetPaths" in project "TalenHuman.Application.csproj".
       Target "AssignTargetPaths" skipped. Previously built successfully.
   2:8>Target "SplitResourcesByCulture" in file "C:\Program Files\dotnet\sdk\8.0.302\Microsoft.Common.CurrentVersion.targets" from project "D:\Tito Pedraza\OneDrive\Proyectos\Codigo Fuente\repos\HumanCore\src\TalenHuman.Application\TalenHuman.Application.csproj" (target "PrepareResourceNames" depends on it):
       Task "Warning" skipped, due to false condition; ('@(ResxWithNoCulture)'!='') was evaluated as (''!='').
       Task "Warning" skipped, due to false condition; ('@(ResxWithCulture)'!='') was evaluated as (''!='').
       Task "Warning" skipped, due to false condition; ('@(NonResxWithCulture)'!='') was evaluated as (''!='').
       Task "Warning" skipped, due to false condition; ('@(NonResxWithNoCulture)'!='') was evaluated as (''!='').
       Using "AssignCulture" task from assembly "Microsoft.Build.Tasks.Core, Version=15.1.0.0, Culture=neutral, PublicKeyToken=b03f5f7f11d50a3a".
       Task "AssignCulture"
       Done executing task "AssignCulture".
   2:8>Done building target "SplitResourcesByCulture" in project "TalenHuman.Application.csproj".
       Target "CreateManifestResourceNames" skipped, due to false condition; ('@(EmbeddedResource)' != '') was evaluated as ('' != '').
   2:8>Target "CreateCustomManifestResourceNames" in file "C:\Program Files\dotnet\sdk\8.0.302\Microsoft.Common.CurrentVersion.targets" from project "D:\Tito Pedraza\OneDrive\Proyectos\Codigo Fuente\repos\HumanCore\src\TalenHuman.Application\TalenHuman.Application.csproj" (target "PrepareResourceNames" depends on it):
   2:8>Done building target "CreateCustomManifestResourceNames" in project "TalenHuman.Application.csproj".
   2:8>Target "PrepareResourceNames" in file "C:\Program Files\dotnet\sdk\8.0.302\Microsoft.Common.CurrentVersion.targets" from project "D:\Tito Pedraza\OneDrive\Proyectos\Codigo Fuente\repos\HumanCore\src\TalenHuman.Application\TalenHuman.Application.csproj" (target "PrepareResources" depends on it):
   2:8>Done building target "PrepareResourceNames" in project "TalenHuman.Application.csproj".
       Target "ResolveAssemblyReferences" skipped. Previously built successfully.
       Target "SplitResourcesByCulture" skipped. Previously built successfully.
   2:8>Target "BeforeResGen" in file "C:\Program Files\dotnet\sdk\8.0.302\Microsoft.Common.CurrentVersion.targets" from project "D:\Tito Pedraza\OneDrive\Proyectos\Codigo Fuente\repos\HumanCore\src\TalenHuman.Application\TalenHuman.Application.csproj" (target "ResGen" depends on it):
   2:8>Done building target "BeforeResGen" in project "TalenHuman.Application.csproj".
       Target "ResolveReferences" skipped. Previously built successfully.
   2:8>Target "FindReferenceAssembliesForReferences" in file "C:\Program Files\dotnet\sdk\8.0.302\Microsoft.Common.CurrentVersion.targets" from project "D:\Tito Pedraza\OneDrive\Proyectos\Codigo Fuente\repos\HumanCore\src\TalenHuman.Application\TalenHuman.Application.csproj" (target "CoreResGen" depends on it):
   2:8>Done building target "FindReferenceAssembliesForReferences" in project "TalenHuman.Application.csproj".
   2:8>Target "CoreResGen" in file "C:\Program Files\dotnet\sdk\8.0.302\Microsoft.Common.CurrentVersion.targets" from project "D:\Tito Pedraza\OneDrive\Proyectos\Codigo Fuente\repos\HumanCore\src\TalenHuman.Application\TalenHuman.Application.csproj" (target "ResGen" depends on it):
       Task "GenerateResource" skipped, due to false condition; ('%(EmbeddedResource.Type)' == 'Resx' and '%(EmbeddedResource.GenerateResource)' != 'false' and '$(GenerateResourceMSBuildRuntime)' != 'CLR2') was evaluated as ('' == 'Resx' and '' != 'false' and 'CurrentRuntime' != 'CLR2').
       Task "GenerateResource" skipped, due to false condition; ('%(EmbeddedResource.Type)' == 'Resx' and '%(EmbeddedResource.GenerateResource)' != 'false' and '$(GenerateResourceMSBuildRuntime)' == 'CLR2') was evaluated as ('' == 'Resx' and '' != 'false' and 'CurrentRuntime' == 'CLR2').
   2:8>Done building target "CoreResGen" in project "TalenHuman.Application.csproj".
   2:8>Target "AfterResGen" in file "C:\Program Files\dotnet\sdk\8.0.302\Microsoft.Common.CurrentVersion.targets" from project "D:\Tito Pedraza\OneDrive\Proyectos\Codigo Fuente\repos\HumanCore\src\TalenHuman.Application\TalenHuman.Application.csproj" (target "ResGen" depends on it):
   2:8>Done building target "AfterResGen" in project "TalenHuman.Application.csproj".
   2:8>Target "ResGen" in file "C:\Program Files\dotnet\sdk\8.0.302\Microsoft.Common.CurrentVersion.targets" from project "D:\Tito Pedraza\OneDrive\Proyectos\Codigo Fuente\repos\HumanCore\src\TalenHuman.Application\TalenHuman.Application.csproj" (target "PrepareResources" depends on it):
   2:8>Done building target "ResGen" in project "TalenHuman.Application.csproj".
       Target "CompileLicxFiles" skipped, due to false condition; ('@(_LicxFile)'!='') was evaluated as (''!='').
   2:8>Target "PrepareResources" in file "C:\Program Files\dotnet\sdk\8.0.302\Microsoft.Common.CurrentVersion.targets" from project "D:\Tito Pedraza\OneDrive\Proyectos\Codigo Fuente\repos\HumanCore\src\TalenHuman.Application\TalenHuman.Application.csproj" (target "CoreBuild" depends on it):
   2:8>Done building target "PrepareResources" in project "TalenHuman.Application.csproj".
       Target "ResolveKeySource" skipped, due to false condition; ($(SignManifests) == 'true' or $(SignAssembly) == 'true') was evaluated as ( == 'true' or false == 'true').
       Target "ResolveReferences" skipped. Previously built successfully.
       Target "ResolveKeySource" skipped, due to false condition; ($(SignManifests) == 'true' or $(SignAssembly) == 'true') was evaluated as ( == 'true' or false == 'true').
       Target "ResolveComReferences" skipped, due to false condition; ('@(COMReference)'!='' or '@(COMFileReference)'!='') was evaluated as (''!='' or ''!='').
       Target "ResolveNativeReferences" skipped, due to false condition; ('@(NativeReference)'!='') was evaluated as (''!='').
       Target "_SetExternalWin32ManifestProperties" skipped, due to false condition; ('$(GenerateClickOnceManifests)'=='true' or '@(NativeReference)'!='' or '@(ResolvedIsolatedComModules)'!='') was evaluated as (''=='true' or ''!='' or ''!='').
   2:8>Target "_SetEmbeddedWin32ManifestProperties" in file "C:\Program Files\dotnet\sdk\8.0.302\Microsoft.Common.CurrentVersion.targets" from project "D:\Tito Pedraza\OneDrive\Proyectos\Codigo Fuente\repos\HumanCore\src\TalenHuman.Application\TalenHuman.Application.csproj" (target "SetWin32ManifestProperties" depends on it):
       Using "GetFrameworkPath" task from assembly "Microsoft.Build.Tasks.Core, Version=15.1.0.0, Culture=neutral, PublicKeyToken=b03f5f7f11d50a3a".
       Task "GetFrameworkPath"
       Done executing task "GetFrameworkPath".
   2:8>Done building target "_SetEmbeddedWin32ManifestProperties" in project "TalenHuman.Application.csproj".
   2:8>Target "SetWin32ManifestProperties" in file "C:\Program Files\dotnet\sdk\8.0.302\Microsoft.Common.CurrentVersion.targets" from project "D:\Tito Pedraza\OneDrive\Proyectos\Codigo Fuente\repos\HumanCore\src\TalenHuman.Application\TalenHuman.Application.csproj" (target "Compile" depends on it):
   2:8>Done building target "SetWin32ManifestProperties" in project "TalenHuman.Application.csproj".
       Target "FindReferenceAssembliesForReferences" skipped. Previously built successfully.
   2:8>Target "_GenerateCompileInputs" in file "C:\Program Files\dotnet\sdk\8.0.302\Microsoft.Common.CurrentVersion.targets" from project "D:\Tito Pedraza\OneDrive\Proyectos\Codigo Fuente\repos\HumanCore\src\TalenHuman.Application\TalenHuman.Application.csproj" (target "Compile" depends on it):
       Task "Warning" skipped, due to false condition; ('@(ManifestResourceWithNoCulture)'!='' and '%(ManifestResourceWithNoCulture.EmittedForCompatibilityOnly)'=='') was evaluated as (''!='' and ''=='').
       Task "Warning" skipped, due to false condition; ('@(ManifestNonResxWithNoCultureOnDisk)'!='' and '%(ManifestNonResxWithNoCultureOnDisk.EmittedForCompatibilityOnly)'=='') was evaluated as (''!='' and ''=='').
   2:8>Done building target "_GenerateCompileInputs" in project "TalenHuman.Application.csproj".
       Target "PrepareForBuild" skipped. Previously built successfully.
   2:8>Target "GenerateMSBuildEditorConfigFileShouldRun" in file "C:\Program Files\dotnet\sdk\8.0.302\Roslyn\Microsoft.Managed.Core.targets" from project "D:\Tito Pedraza\OneDrive\Proyectos\Codigo Fuente\repos\HumanCore\src\TalenHuman.Application\TalenHuman.Application.csproj" (target "GenerateMSBuildEditorConfigFile" depends on it):
   2:8>Done building target "GenerateMSBuildEditorConfigFileShouldRun" in project "TalenHuman.Application.csproj".
   2:8>Target "GenerateMSBuildEditorConfigFileCore" in file "C:\Program Files\dotnet\sdk\8.0.302\Roslyn\Microsoft.Managed.Core.targets" from project "D:\Tito Pedraza\OneDrive\Proyectos\Codigo Fuente\repos\HumanCore\src\TalenHuman.Application\TalenHuman.Application.csproj" (target "GenerateMSBuildEditorConfigFile" depends on it):
       Building target "GenerateMSBuildEditorConfigFileCore" completely.
       No input files were specified.
       Using "GenerateMSBuildEditorConfig" task from assembly "C:\Program Files\dotnet\sdk\8.0.302\Roslyn\Microsoft.Build.Tasks.CodeAnalysis.dll".
       Task "GenerateMSBuildEditorConfig"
       Done executing task "GenerateMSBuildEditorConfig".
   2:8>Done building target "GenerateMSBuildEditorConfigFileCore" in project "TalenHuman.Application.csproj".
   2:8>Target "GenerateMSBuildEditorConfigFile" in file "C:\Program Files\dotnet\sdk\8.0.302\Roslyn\Microsoft.Managed.Core.targets" from project "D:\Tito Pedraza\OneDrive\Proyectos\Codigo Fuente\repos\HumanCore\src\TalenHuman.Application\TalenHuman.Application.csproj" (target "BeforeCompile" depends on it):
   2:8>Done building target "GenerateMSBuildEditorConfigFile" in project "TalenHuman.Application.csproj".
       Target "PrepareForBuild" skipped. Previously built successfully.
       Target "GetReferenceAssemblyPaths" skipped. Previously built successfully.
   2:8>Target "_SetTargetFrameworkMonikerAttribute" in file "C:\Program Files\dotnet\sdk\8.0.302\Microsoft.CSharp.CurrentVersion.targets" from project "D:\Tito Pedraza\OneDrive\Proyectos\Codigo Fuente\repos\HumanCore\src\TalenHuman.Application\TalenHuman.Application.csproj" (target "GenerateTargetFrameworkMonikerAttribute" depends on it):
   2:8>Done building target "_SetTargetFrameworkMonikerAttribute" in project "TalenHuman.Application.csproj".
   2:8>Target "GenerateTargetFrameworkMonikerAttribute" in file "C:\Program Files\dotnet\sdk\8.0.302\Microsoft.Common.CurrentVersion.targets" from project "D:\Tito Pedraza\OneDrive\Proyectos\Codigo Fuente\repos\HumanCore\src\TalenHuman.Application\TalenHuman.Application.csproj" (target "BeforeCompile" depends on it):
       Skipping target "GenerateTargetFrameworkMonikerAttribute" because all output files are up-to-date with respect to the input files.
       Input files: C:\Program Files\dotnet\sdk\8.0.302\Microsoft.Common.targets
       Output files: obj\Debug\net8.0\.NETCoreApp,Version=v8.0.AssemblyAttributes.cs
   2:8>Done building target "GenerateTargetFrameworkMonikerAttribute" in project "TalenHuman.Application.csproj".
       Target "GenerateAdditionalSources" skipped, due to false condition; ('@(AssemblyAttributes)' != '' and '$(GenerateAdditionalSources)' == 'true') was evaluated as ('' != '' and '' == 'true').
       Target "PrepareForBuild" skipped. Previously built successfully.
   2:8>Target "GetAssemblyVersion" in file "C:\Program Files\dotnet\sdk\8.0.302\Sdks\Microsoft.NET.Sdk\targets\Microsoft.NET.GenerateAssemblyInfo.targets" from project "D:\Tito Pedraza\OneDrive\Proyectos\Codigo Fuente\repos\HumanCore\src\TalenHuman.Application\TalenHuman.Application.csproj" (target "GetAssemblyAttributes" depends on it):
       Using "GetAssemblyVersion" task from assembly "C:\Program Files\dotnet\sdk\8.0.302\Sdks\Microsoft.NET.Sdk\targets\..\tools\net8.0\Microsoft.NET.Build.Tasks.dll".
       Task "GetAssemblyVersion"
       Done executing task "GetAssemblyVersion".
   2:8>Done building target "GetAssemblyVersion" in project "TalenHuman.Application.csproj".
       Target "GetAssemblyVersion" skipped. Previously built successfully.
   2:8>Target "InitializeSourceControlInformationFromSourceControlManager" in file "C:\Program Files\dotnet\sdk\8.0.302\Sdks\Microsoft.Build.Tasks.Git\build\Microsoft.Build.Tasks.Git.targets" from project "D:\Tito Pedraza\OneDrive\Proyectos\Codigo Fuente\repos\HumanCore\src\TalenHuman.Application\TalenHuman.Application.csproj" (target "_InitializeSourceControlInformationFromSourceControlManager" depends on it):
       Using "Microsoft.Build.Tasks.Git.LocateRepository" task from assembly "C:\Program Files\dotnet\sdk\8.0.302\Sdks\Microsoft.Build.Tasks.Git\build\..\tools\core\Microsoft.Build.Tasks.Git.dll".
       Task "Microsoft.Build.Tasks.Git.LocateRepository"
         SourceLink: Repository instance not found in cache: '*:D:\Tito Pedraza\OneDrive\Proyectos\Codigo Fuente\repos\HumanCore\.git'
       Done executing task "Microsoft.Build.Tasks.Git.LocateRepository".
   2:8>Done building target "InitializeSourceControlInformationFromSourceControlManager" in project "TalenHuman.Application.csproj".
   2:8>Target "_SourceLinkHasSingleProvider" in file "C:\Program Files\dotnet\sdk\8.0.302\Sdks\Microsoft.SourceLink.Common\build\InitializeSourceControlInformation.targets" from project "D:\Tito Pedraza\OneDrive\Proyectos\Codigo Fuente\repos\HumanCore\src\TalenHuman.Application\TalenHuman.Application.csproj" (target "_InitializeSourceControlInformationFromSourceControlManager" depends on it):
       Using "Microsoft.SourceLink.Common.SourceLinkHasSingleProvider" task from assembly "C:\Program Files\dotnet\sdk\8.0.302\Sdks\Microsoft.SourceLink.Common\build\..\tools\core\Microsoft.SourceLink.Common.dll".
       Task "Microsoft.SourceLink.Common.SourceLinkHasSingleProvider"
       Done executing task "Microsoft.SourceLink.Common.SourceLinkHasSingleProvider".
   2:8>Done building target "_SourceLinkHasSingleProvider" in project "TalenHuman.Application.csproj".
   2:8>Target "TranslateGitHubUrlsInSourceControlInformation" in file "C:\Program Files\dotnet\sdk\8.0.302\Sdks\Microsoft.SourceLink.GitHub\build\Microsoft.SourceLink.GitHub.targets" from project "D:\Tito Pedraza\OneDrive\Proyectos\Codigo Fuente\repos\HumanCore\src\TalenHuman.Application\TalenHuman.Application.csproj" (target "_InitializeSourceControlInformationFromSourceControlManager" depends on it):
       Using "Microsoft.SourceLink.GitHub.TranslateRepositoryUrls" task from assembly "C:\Program Files\dotnet\sdk\8.0.302\Sdks\Microsoft.SourceLink.GitHub\build\..\tools\core\Microsoft.SourceLink.GitHub.dll".
       Task "Microsoft.SourceLink.GitHub.TranslateRepositoryUrls"
       Done executing task "Microsoft.SourceLink.GitHub.TranslateRepositoryUrls".
   2:8>Done building target "TranslateGitHubUrlsInSourceControlInformation" in project "TalenHuman.Application.csproj".
   2:8>Target "TranslateGitLabUrlsInSourceControlInformation" in file "C:\Program Files\dotnet\sdk\8.0.302\Sdks\Microsoft.SourceLink.GitLab\build\Microsoft.SourceLink.GitLab.targets" from project "D:\Tito Pedraza\OneDrive\Proyectos\Codigo Fuente\repos\HumanCore\src\TalenHuman.Application\TalenHuman.Application.csproj" (target "_InitializeSourceControlInformationFromSourceControlManager" depends on it):
       Using "Microsoft.SourceLink.GitLab.TranslateRepositoryUrls" task from assembly "C:\Program Files\dotnet\sdk\8.0.302\Sdks\Microsoft.SourceLink.GitLab\build\..\tools\core\Microsoft.SourceLink.GitLab.dll".
       Task "Microsoft.SourceLink.GitLab.TranslateRepositoryUrls"
       Done executing task "Microsoft.SourceLink.GitLab.TranslateRepositoryUrls".
   2:8>Done building target "TranslateGitLabUrlsInSourceControlInformation" in project "TalenHuman.Application.csproj".
   2:8>Target "TranslateAzureReposGitUrlsInSourceControlInformation" in file "C:\Program Files\dotnet\sdk\8.0.302\Sdks\Microsoft.SourceLink.AzureRepos.Git\build\Microsoft.SourceLink.AzureRepos.Git.targets" from project "D:\Tito Pedraza\OneDrive\Proyectos\Codigo Fuente\repos\HumanCore\src\TalenHuman.Application\TalenHuman.Application.csproj" (target "_InitializeSourceControlInformationFromSourceControlManager" depends on it):
       Using "Microsoft.SourceLink.AzureRepos.Git.TranslateRepositoryUrls" task from assembly "C:\Program Files\dotnet\sdk\8.0.302\Sdks\Microsoft.SourceLink.AzureRepos.Git\build\..\tools\core\Microsoft.SourceLink.AzureRepos.Git.dll".
       Task "Microsoft.SourceLink.AzureRepos.Git.TranslateRepositoryUrls"
       Done executing task "Microsoft.SourceLink.AzureRepos.Git.TranslateRepositoryUrls".
   2:8>Done building target "TranslateAzureReposGitUrlsInSourceControlInformation" in project "TalenHuman.Application.csproj".
   2:8>Target "TranslateBitbucketGitUrlsInSourceControlInformation" in file "C:\Program Files\dotnet\sdk\8.0.302\Sdks\Microsoft.SourceLink.Bitbucket.Git\build\Microsoft.SourceLink.Bitbucket.Git.targets" from project "D:\Tito Pedraza\OneDrive\Proyectos\Codigo Fuente\repos\HumanCore\src\TalenHuman.Application\TalenHuman.Application.csproj" (target "_InitializeSourceControlInformationFromSourceControlManager" depends on it):
       Using "Microsoft.SourceLink.Bitbucket.Git.TranslateRepositoryUrls" task from assembly "C:\Program Files\dotnet\sdk\8.0.302\Sdks\Microsoft.SourceLink.Bitbucket.Git\build\..\tools\core\Microsoft.SourceLink.Bitbucket.Git.dll".
       Task "Microsoft.SourceLink.Bitbucket.Git.TranslateRepositoryUrls"
       Done executing task "Microsoft.SourceLink.Bitbucket.Git.TranslateRepositoryUrls".
   2:8>Done building target "TranslateBitbucketGitUrlsInSourceControlInformation" in project "TalenHuman.Application.csproj".
   2:8>Target "SourceControlManagerPublishTranslatedUrls" in file "C:\Program Files\dotnet\sdk\8.0.302\Sdks\Microsoft.SourceLink.Common\build\InitializeSourceControlInformation.targets" from project "D:\Tito Pedraza\OneDrive\Proyectos\Codigo Fuente\repos\HumanCore\src\TalenHuman.Application\TalenHuman.Application.csproj" (target "_InitializeSourceControlInformationFromSourceControlManager" depends on it):
   2:8>Done building target "SourceControlManagerPublishTranslatedUrls" in project "TalenHuman.Application.csproj".
   2:8>Target "_InitializeSourceControlInformationFromSourceControlManager" in file "C:\Program Files\dotnet\sdk\8.0.302\Sdks\Microsoft.SourceLink.Common\build\InitializeSourceControlInformation.targets" from project "D:\Tito Pedraza\OneDrive\Proyectos\Codigo Fuente\repos\HumanCore\src\TalenHuman.Application\TalenHuman.Application.csproj" (target "InitializeSourceControlInformation" depends on it):
   2:8>Done building target "_InitializeSourceControlInformationFromSourceControlManager" in project "TalenHuman.Application.csproj".
   2:8>Target "InitializeSourceControlInformation" in file "C:\Program Files\dotnet\sdk\8.0.302\Microsoft.Common.CurrentVersion.targets" from project "D:\Tito Pedraza\OneDrive\Proyectos\Codigo Fuente\repos\HumanCore\src\TalenHuman.Application\TalenHuman.Application.csproj" (target "AddSourceRevisionToInformationalVersion" depends on it):
   2:8>Done building target "InitializeSourceControlInformation" in project "TalenHuman.Application.csproj".
   2:8>Target "AddSourceRevisionToInformationalVersion" in file "C:\Program Files\dotnet\sdk\8.0.302\Sdks\Microsoft.NET.Sdk\targets\Microsoft.NET.GenerateAssemblyInfo.targets" from project "D:\Tito Pedraza\OneDrive\Proyectos\Codigo Fuente\repos\HumanCore\src\TalenHuman.Application\TalenHuman.Application.csproj" (target "GetAssemblyAttributes" depends on it):
   2:8>Done building target "AddSourceRevisionToInformationalVersion" in project "TalenHuman.Application.csproj".
       Target "_GetUserSecretsAssemblyAttribute" skipped, due to false condition; ( '$(UserSecretsId)' != '' AND '$(GenerateUserSecretsAttribute)' != 'false' AND '$(GeneratedUserSecretsAttributeFile)' == '' ) was evaluated as ( '' != '' AND '' != 'false' AND '' == '' ).
   2:8>Target "GetAssemblyAttributes" in file "C:\Program Files\dotnet\sdk\8.0.302\Sdks\Microsoft.NET.Sdk\targets\Microsoft.NET.GenerateAssemblyInfo.targets" from project "D:\Tito Pedraza\OneDrive\Proyectos\Codigo Fuente\repos\HumanCore\src\TalenHuman.Application\TalenHuman.Application.csproj" (target "CreateGeneratedAssemblyInfoInputsCacheFile" depends on it):
   2:8>Done building target "GetAssemblyAttributes" in project "TalenHuman.Application.csproj".
   2:8>Target "CreateGeneratedAssemblyInfoInputsCacheFile" in file "C:\Program Files\dotnet\sdk\8.0.302\Sdks\Microsoft.NET.Sdk\targets\Microsoft.NET.GenerateAssemblyInfo.targets" from project "D:\Tito Pedraza\OneDrive\Proyectos\Codigo Fuente\repos\HumanCore\src\TalenHuman.Application\TalenHuman.Application.csproj" (target "CoreGenerateAssemblyInfo" depends on it):
       Using "Hash" task from assembly "Microsoft.Build.Tasks.Core, Version=15.1.0.0, Culture=neutral, PublicKeyToken=b03f5f7f11d50a3a".
       Task "Hash"
       Done executing task "Hash".
       Task "WriteLinesToFile"
         Skipping write to file "obj\Debug\net8.0\TalenHuman.Application.AssemblyInfoInputs.cache" because content would not change.
       Done executing task "WriteLinesToFile".
   2:8>Done building target "CreateGeneratedAssemblyInfoInputsCacheFile" in project "TalenHuman.Application.csproj".
   2:8>Target "CoreGenerateAssemblyInfo" in file "C:\Program Files\dotnet\sdk\8.0.302\Sdks\Microsoft.NET.Sdk\targets\Microsoft.NET.GenerateAssemblyInfo.targets" from project "D:\Tito Pedraza\OneDrive\Proyectos\Codigo Fuente\repos\HumanCore\src\TalenHuman.Application\TalenHuman.Application.csproj" (target "GenerateAssemblyInfo" depends on it):
       Skipping target "CoreGenerateAssemblyInfo" because all output files are up-to-date with respect to the input files.
       Input files: obj\Debug\net8.0\TalenHuman.Application.AssemblyInfoInputs.cache
       Output files: obj\Debug\net8.0\TalenHuman.Application.AssemblyInfo.cs
   2:8>Done building target "CoreGenerateAssemblyInfo" in project "TalenHuman.Application.csproj".
   2:8>Target "GenerateAssemblyInfo" in file "C:\Program Files\dotnet\sdk\8.0.302\Sdks\Microsoft.NET.Sdk\targets\Microsoft.NET.GenerateAssemblyInfo.targets" from project "D:\Tito Pedraza\OneDrive\Proyectos\Codigo Fuente\repos\HumanCore\src\TalenHuman.Application\TalenHuman.Application.csproj" (target "BeforeCompile" depends on it):
   2:8>Done building target "GenerateAssemblyInfo" in project "TalenHuman.Application.csproj".
   2:8>Target "BeforeCompile" in file "C:\Program Files\dotnet\sdk\8.0.302\Microsoft.Common.CurrentVersion.targets" from project "D:\Tito Pedraza\OneDrive\Proyectos\Codigo Fuente\repos\HumanCore\src\TalenHuman.Application\TalenHuman.Application.csproj" (target "Compile" depends on it):
   2:8>Done building target "BeforeCompile" in project "TalenHuman.Application.csproj".
       Target "_TimeStampBeforeCompile" skipped, due to false condition; ('$(RunPostBuildEvent)'=='OnOutputUpdated' or ('$(RegisterForComInterop)'=='true' and '$(OutputType)'=='library')) was evaluated as (''=='OnOutputUpdated' or (''=='true' and 'Library'=='library')).
       Target "ResolveAssemblyReferences" skipped. Previously built successfully.
   2:8>Target "_GenerateCompileDependencyCache" in file "C:\Program Files\dotnet\sdk\8.0.302\Microsoft.Common.CurrentVersion.targets" from project "D:\Tito Pedraza\OneDrive\Proyectos\Codigo Fuente\repos\HumanCore\src\TalenHuman.Application\TalenHuman.Application.csproj" (target "Compile" depends on it):
       Task "Hash"
       Done executing task "Hash".
       Task "WriteLinesToFile"
         Skipping write to file "obj\Debug\net8.0\TalenHuman.Application.csproj.CoreCompileInputs.cache" because content would not change.
       Done executing task "WriteLinesToFile".
   2:8>Done building target "_GenerateCompileDependencyCache" in project "TalenHuman.Application.csproj".
       Target "_ComputeNonExistentFileProperty" skipped, due to false condition; (('$(BuildingInsideVisualStudio)' == 'true') and ('$(BuildingOutOfProcess)' != 'true') and (('$(BuildingProject)' == 'false') or ('$(UseHostCompilerIfAvailable)' == 'true'))) was evaluated as (('' == 'true') and ('' != 'true') and (('true' == 'false') or ('true' == 'true'))).
       Target "ResolveCodeAnalysisRuleSet" skipped, due to false condition; ('$(CodeAnalysisRuleSet)' != '') was evaluated as ('' != '').
       Target "ShimReferencePathsWhenCommonTargetsDoesNotUnderstandReferenceAssemblies" skipped, due to false condition; ('@(ReferencePathWithRefAssemblies)' == '') was evaluated as ('C:\Users\messa\.nuget\packages\closedxml\0.105.0\lib\netstandard2.1\ClosedXML.dll;C:\Users\messa\.nuget\packages\closedxml.parser\2.0.0\lib\netstandard2.1\ClosedXML.Parser.dll;C:\Users\messa\.nuget\packages\documentformat.openxml\3.1.1\lib\net8.0\DocumentFormat.OpenXml.dll;...' == '').
   2:8>Target "_BeforeVBCSCoreCompile" in file "C:\Program Files\dotnet\sdk\8.0.302\Roslyn\Microsoft.Managed.Core.targets" from project "D:\Tito Pedraza\OneDrive\Proyectos\Codigo Fuente\repos\HumanCore\src\TalenHuman.Application\TalenHuman.Application.csproj" (target "CoreCompile" depends on it):
   2:8>Done building target "_BeforeVBCSCoreCompile" in project "TalenHuman.Application.csproj".
       Target "AdjustDefaultPlatformTargetForNetFrameworkExeWithNoNativeCopyLocalItems" skipped, due to false condition; ('$(_UsingDefaultPlatformTarget)' == 'true' and
                            '$(_UsingDefaultRuntimeIdentifier)' == 'true') was evaluated as ('true' == 'true' and
                            '' == 'true').
       Target "_DisableDiagnosticTracing" skipped, due to false condition; ('$(DisableDiagnosticTracing)' == 'true') was evaluated as ('' == 'true').
       Target "GenerateTargetPlatformDefineConstants" skipped, due to false condition; ( '$(DisableImplicitFrameworkDefines)' != 'true' and '$(TargetPlatformIdentifier)' != '' and '$(TargetFrameworkIdentifier)' == '.NETCoreApp' and $([MSBuild]::VersionGreaterThanOrEquals($(TargetFrameworkVersion), 5.0)) ) was evaluated as ( '' != 'true' and '' != '' and '.NETCoreApp' == '.NETCoreApp' and True ).
   2:8>Target "GenerateNETCompatibleDefineConstants" in file "C:\Program Files\dotnet\sdk\8.0.302\Sdks\Microsoft.NET.Sdk\targets\Microsoft.NET.Sdk.BeforeCommon.targets" from project "D:\Tito Pedraza\OneDrive\Proyectos\Codigo Fuente\repos\HumanCore\src\TalenHuman.Application\TalenHuman.Application.csproj" (target "AddImplicitDefineConstants" depends on it):
   2:8>Done building target "GenerateNETCompatibleDefineConstants" in project "TalenHuman.Application.csproj".
       Target "GeneratePlatformCompatibleDefineConstants" skipped, due to false condition; ( '$(DisableImplicitFrameworkDefines)' != 'true' and '$(TargetPlatformIdentifier)' != '' and '$(TargetFrameworkIdentifier)' == '.NETCoreApp' and $([MSBuild]::VersionGreaterThanOrEquals($(TargetFrameworkVersion), 5.0)) ) was evaluated as ( '' != 'true' and '' != '' and '.NETCoreApp' == '.NETCoreApp' and True ).
       Target "_DisableDiagnosticTracing" skipped, due to false condition; ('$(DisableDiagnosticTracing)' == 'true') was evaluated as ('' == 'true').
   2:8>Target "AddImplicitDefineConstants" in file "C:\Program Files\dotnet\sdk\8.0.302\Sdks\Microsoft.NET.Sdk\targets\Microsoft.NET.Sdk.BeforeCommon.targets" from project "D:\Tito Pedraza\OneDrive\Proyectos\Codigo Fuente\repos\HumanCore\src\TalenHuman.Application\TalenHuman.Application.csproj" (target "CoreCompile" depends on it):
   2:8>Done building target "AddImplicitDefineConstants" in project "TalenHuman.Application.csproj".
       Target "ShimReferencePathsWhenCommonTargetsDoesNotUnderstandReferenceAssemblies" skipped, due to false condition; ('@(ReferencePathWithRefAssemblies)' == '') was evaluated as ('C:\Users\messa\.nuget\packages\closedxml\0.105.0\lib\netstandard2.1\ClosedXML.dll;C:\Users\messa\.nuget\packages\closedxml.parser\2.0.0\lib\netstandard2.1\ClosedXML.Parser.dll;C:\Users\messa\.nuget\packages\documentformat.openxml\3.1.1\lib\net8.0\DocumentFormat.OpenXml.dll;...' == '').
   2:8>Target "_ComputeSkipAnalyzers" in file "C:\Program Files\dotnet\sdk\8.0.302\Roslyn\Microsoft.Managed.Core.targets" from project "D:\Tito Pedraza\OneDrive\Proyectos\Codigo Fuente\repos\HumanCore\src\TalenHuman.Application\TalenHuman.Application.csproj" (target "CoreCompile" depends on it):
       Task "ShowMessageForImplicitlySkipAnalyzers" skipped, due to false condition; ('$(_ImplicitlySkipAnalyzers)' == 'true') was evaluated as ('' == 'true').
   2:8>Done building target "_ComputeSkipAnalyzers" in project "TalenHuman.Application.csproj".
       Target "_SetPathMapFromSourceRoots" skipped, due to false condition; ('$(DeterministicSourcePaths)' == 'true') was evaluated as ('' == 'true').
       Target "CreateCompilerGeneratedFilesOutputPath" skipped, due to false condition; ('$(EmitCompilerGeneratedFiles)' == 'true' and !('$(DesignTimeBuild)' == 'true' OR '$(BuildingProject)' != 'true')) was evaluated as ('false' == 'true' and !('' == 'true' OR 'true' != 'true')).
       Target "BeforeCompile" skipped. Previously built successfully.
       Target "InitializeSourceControlInformationFromSourceControlManager" skipped. Previously built successfully.
   2:8>Target "SetEmbeddedFilesFromSourceControlManagerUntrackedFiles" in file "C:\Program Files\dotnet\sdk\8.0.302\Sdks\Microsoft.Build.Tasks.Git\build\Microsoft.Build.Tasks.Git.targets" from project "D:\Tito Pedraza\OneDrive\Proyectos\Codigo Fuente\repos\HumanCore\src\TalenHuman.Application\TalenHuman.Application.csproj" (target "_SetEmbeddedFilesFromSourceControlManagerUntrackedFiles" depends on it):
       Using "Microsoft.Build.Tasks.Git.GetUntrackedFiles" task from assembly "C:\Program Files\dotnet\sdk\8.0.302\Sdks\Microsoft.Build.Tasks.Git\build\..\tools\core\Microsoft.Build.Tasks.Git.dll".
       Task "Microsoft.Build.Tasks.Git.GetUntrackedFiles"
         SourceLink: Reusing cached git repository information.
       Done executing task "Microsoft.Build.Tasks.Git.GetUntrackedFiles".
   2:8>Done building target "SetEmbeddedFilesFromSourceControlManagerUntrackedFiles" in project "TalenHuman.Application.csproj".
   2:8>Target "_SetEmbeddedFilesFromSourceControlManagerUntrackedFiles" in file "C:\Program Files\dotnet\sdk\8.0.302\Sdks\Microsoft.SourceLink.Common\build\Microsoft.SourceLink.Common.targets" from project "D:\Tito Pedraza\OneDrive\Proyectos\Codigo Fuente\repos\HumanCore\src\TalenHuman.Application\TalenHuman.Application.csproj" (target "CoreCompile" depends on it):
   2:8>Done building target "_SetEmbeddedFilesFromSourceControlManagerUntrackedFiles" in project "TalenHuman.Application.csproj".
       Target "InitializeSourceControlInformation" skipped. Previously built successfully.
   2:8>Target "_SetSourceLinkFilePath" in file "C:\Program Files\dotnet\sdk\8.0.302\Sdks\Microsoft.SourceLink.Common\build\Microsoft.SourceLink.Common.targets" from project "D:\Tito Pedraza\OneDrive\Proyectos\Codigo Fuente\repos\HumanCore\src\TalenHuman.Application\TalenHuman.Application.csproj" (target "_GenerateSourceLinkFile" depends on it):
   2:8>Done building target "_SetSourceLinkFilePath" in project "TalenHuman.Application.csproj".
       Target "InitializeSourceControlInformation" skipped. Previously built successfully.
   2:8>Target "_InitializeSourceRootMappedPathsFromSourceControl" in file "C:\Program Files\dotnet\sdk\8.0.302\Roslyn\Microsoft.Managed.Core.targets" from project "D:\Tito Pedraza\OneDrive\Proyectos\Codigo Fuente\repos\HumanCore\src\TalenHuman.Application\TalenHuman.Application.csproj" (target "InitializeSourceRootMappedPaths" depends on it):
   2:8>Done building target "_InitializeSourceRootMappedPathsFromSourceControl" in project "TalenHuman.Application.csproj".
   2:8>Target "InitializeSourceRootMappedPaths" in file "C:\Program Files\dotnet\sdk\8.0.302\Roslyn\Microsoft.Managed.Core.targets" from project "D:\Tito Pedraza\OneDrive\Proyectos\Codigo Fuente\repos\HumanCore\src\TalenHuman.Application\TalenHuman.Application.csproj" (target "_InitializeSourceRootMappedPathsOpt" depends on it):
       Using "Microsoft.CodeAnalysis.BuildTasks.MapSourceRoots" task from assembly "C:\Program Files\dotnet\sdk\8.0.302\Roslyn\Microsoft.Build.Tasks.CodeAnalysis.dll".
       Task "Microsoft.CodeAnalysis.BuildTasks.MapSourceRoots"
       Done executing task "Microsoft.CodeAnalysis.BuildTasks.MapSourceRoots".
   2:8>Done building target "InitializeSourceRootMappedPaths" in project "TalenHuman.Application.csproj".
   2:8>Target "_InitializeSourceRootMappedPathsOpt" in file "C:\Program Files\dotnet\sdk\8.0.302\Sdks\Microsoft.SourceLink.Common\build\Microsoft.SourceLink.Common.targets" from project "D:\Tito Pedraza\OneDrive\Proyectos\Codigo Fuente\repos\HumanCore\src\TalenHuman.Application\TalenHuman.Application.csproj" (target "_GenerateSourceLinkFile" depends on it):
   2:8>Done building target "_InitializeSourceRootMappedPathsOpt" in project "TalenHuman.Application.csproj".
   2:8>Target "_InitializeGitHubSourceLinkUrl" in file "C:\Program Files\dotnet\sdk\8.0.302\Sdks\Microsoft.SourceLink.GitHub\build\Microsoft.SourceLink.GitHub.targets" from project "D:\Tito Pedraza\OneDrive\Proyectos\Codigo Fuente\repos\HumanCore\src\TalenHuman.Application\TalenHuman.Application.csproj" (target "_GenerateSourceLinkFile" depends on it):
       Building target "_InitializeGitHubSourceLinkUrl" completely.
       No input files were specified.
       Using "Microsoft.SourceLink.GitHub.GetSourceLinkUrl" task from assembly "C:\Program Files\dotnet\sdk\8.0.302\Sdks\Microsoft.SourceLink.GitHub\build\..\tools\core\Microsoft.SourceLink.GitHub.dll".
       Task "Microsoft.SourceLink.GitHub.GetSourceLinkUrl"
       Done executing task "Microsoft.SourceLink.GitHub.GetSourceLinkUrl".
   2:8>Done building target "_InitializeGitHubSourceLinkUrl" in project "TalenHuman.Application.csproj".
   2:8>Target "_InitializeGitHubSourceLinkUrl" in file "C:\Program Files\dotnet\sdk\8.0.302\Sdks\Microsoft.SourceLink.GitHub\build\Microsoft.SourceLink.GitHub.targets" from project "D:\Tito Pedraza\OneDrive\Proyectos\Codigo Fuente\repos\HumanCore\src\TalenHuman.Application\TalenHuman.Application.csproj" (target "_GenerateSourceLinkFile" depends on it):
       Building target "_InitializeGitHubSourceLinkUrl" completely.
       No input files were specified.
       Task "Microsoft.SourceLink.GitHub.GetSourceLinkUrl"
       Done executing task "Microsoft.SourceLink.GitHub.GetSourceLinkUrl".
   2:8>Done building target "_InitializeGitHubSourceLinkUrl" in project "TalenHuman.Application.csproj".
   2:8>Target "_InitializeGitHubSourceLinkUrl" in file "C:\Program Files\dotnet\sdk\8.0.302\Sdks\Microsoft.SourceLink.GitHub\build\Microsoft.SourceLink.GitHub.targets" from project "D:\Tito Pedraza\OneDrive\Proyectos\Codigo Fuente\repos\HumanCore\src\TalenHuman.Application\TalenHuman.Application.csproj" (target "_GenerateSourceLinkFile" depends on it):
       Building target "_InitializeGitHubSourceLinkUrl" completely.
       No input files were specified.
       Task "Microsoft.SourceLink.GitHub.GetSourceLinkUrl"
       Done executing task "Microsoft.SourceLink.GitHub.GetSourceLinkUrl".
   2:8>Done building target "_InitializeGitHubSourceLinkUrl" in project "TalenHuman.Application.csproj".
   2:8>Target "_InitializeGitLabSourceLinkUrl" in file "C:\Program Files\dotnet\sdk\8.0.302\Sdks\Microsoft.SourceLink.GitLab\build\Microsoft.SourceLink.GitLab.targets" from project "D:\Tito Pedraza\OneDrive\Proyectos\Codigo Fuente\repos\HumanCore\src\TalenHuman.Application\TalenHuman.Application.csproj" (target "_GenerateSourceLinkFile" depends on it):
       Building target "_InitializeGitLabSourceLinkUrl" completely.
       No input files were specified.
       Using "Microsoft.SourceLink.GitLab.GetSourceLinkUrl" task from assembly "C:\Program Files\dotnet\sdk\8.0.302\Sdks\Microsoft.SourceLink.GitLab\build\..\tools\core\Microsoft.SourceLink.GitLab.dll".
       Task "Microsoft.SourceLink.GitLab.GetSourceLinkUrl"
       Done executing task "Microsoft.SourceLink.GitLab.GetSourceLinkUrl".
   2:8>Done building target "_InitializeGitLabSourceLinkUrl" in project "TalenHuman.Application.csproj".
   2:8>Target "_InitializeGitLabSourceLinkUrl" in file "C:\Program Files\dotnet\sdk\8.0.302\Sdks\Microsoft.SourceLink.GitLab\build\Microsoft.SourceLink.GitLab.targets" from project "D:\Tito Pedraza\OneDrive\Proyectos\Codigo Fuente\repos\HumanCore\src\TalenHuman.Application\TalenHuman.Application.csproj" (target "_GenerateSourceLinkFile" depends on it):
       Building target "_InitializeGitLabSourceLinkUrl" completely.
       No input files were specified.
       Task "Microsoft.SourceLink.GitLab.GetSourceLinkUrl"
       Done executing task "Microsoft.SourceLink.GitLab.GetSourceLinkUrl".
   2:8>Done building target "_InitializeGitLabSourceLinkUrl" in project "TalenHuman.Application.csproj".
   2:8>Target "_InitializeGitLabSourceLinkUrl" in file "C:\Program Files\dotnet\sdk\8.0.302\Sdks\Microsoft.SourceLink.GitLab\build\Microsoft.SourceLink.GitLab.targets" from project "D:\Tito Pedraza\OneDrive\Proyectos\Codigo Fuente\repos\HumanCore\src\TalenHuman.Application\TalenHuman.Application.csproj" (target "_GenerateSourceLinkFile" depends on it):
       Building target "_InitializeGitLabSourceLinkUrl" completely.
       No input files were specified.
       Task "Microsoft.SourceLink.GitLab.GetSourceLinkUrl"
       Done executing task "Microsoft.SourceLink.GitLab.GetSourceLinkUrl".
   2:8>Done building target "_InitializeGitLabSourceLinkUrl" in project "TalenHuman.Application.csproj".
   2:8>Target "_InitializeAzureReposGitSourceLinkUrl" in file "C:\Program Files\dotnet\sdk\8.0.302\Sdks\Microsoft.SourceLink.AzureRepos.Git\build\Microsoft.SourceLink.AzureRepos.Git.targets" from project "D:\Tito Pedraza\OneDrive\Proyectos\Codigo Fuente\repos\HumanCore\src\TalenHuman.Application\TalenHuman.Application.csproj" (target "_GenerateSourceLinkFile" depends on it):
       Building target "_InitializeAzureReposGitSourceLinkUrl" completely.
       No input files were specified.
       Using "Microsoft.SourceLink.AzureRepos.Git.GetSourceLinkUrl" task from assembly "C:\Program Files\dotnet\sdk\8.0.302\Sdks\Microsoft.SourceLink.AzureRepos.Git\build\..\tools\core\Microsoft.SourceLink.AzureRepos.Git.dll".
       Task "Microsoft.SourceLink.AzureRepos.Git.GetSourceLinkUrl"
       Done executing task "Microsoft.SourceLink.AzureRepos.Git.GetSourceLinkUrl".
   2:8>Done building target "_InitializeAzureReposGitSourceLinkUrl" in project "TalenHuman.Application.csproj".
   2:8>Target "_InitializeAzureReposGitSourceLinkUrl" in file "C:\Program Files\dotnet\sdk\8.0.302\Sdks\Microsoft.SourceLink.AzureRepos.Git\build\Microsoft.SourceLink.AzureRepos.Git.targets" from project "D:\Tito Pedraza\OneDrive\Proyectos\Codigo Fuente\repos\HumanCore\src\TalenHuman.Application\TalenHuman.Application.csproj" (target "_GenerateSourceLinkFile" depends on it):
       Building target "_InitializeAzureReposGitSourceLinkUrl" completely.
       No input files were specified.
       Task "Microsoft.SourceLink.AzureRepos.Git.GetSourceLinkUrl"
       Done executing task "Microsoft.SourceLink.AzureRepos.Git.GetSourceLinkUrl".
   2:8>Done building target "_InitializeAzureReposGitSourceLinkUrl" in project "TalenHuman.Application.csproj".
   2:8>Target "_InitializeAzureReposGitSourceLinkUrl" in file "C:\Program Files\dotnet\sdk\8.0.302\Sdks\Microsoft.SourceLink.AzureRepos.Git\build\Microsoft.SourceLink.AzureRepos.Git.targets" from project "D:\Tito Pedraza\OneDrive\Proyectos\Codigo Fuente\repos\HumanCore\src\TalenHuman.Application\TalenHuman.Application.csproj" (target "_GenerateSourceLinkFile" depends on it):
       Building target "_InitializeAzureReposGitSourceLinkUrl" completely.
       No input files were specified.
       Task "Microsoft.SourceLink.AzureRepos.Git.GetSourceLinkUrl"
       Done executing task "Microsoft.SourceLink.AzureRepos.Git.GetSourceLinkUrl".
   2:8>Done building target "_InitializeAzureReposGitSourceLinkUrl" in project "TalenHuman.Application.csproj".
   2:8>Target "_InitializeBitbucketGitSourceLinkUrl" in file "C:\Program Files\dotnet\sdk\8.0.302\Sdks\Microsoft.SourceLink.Bitbucket.Git\build\Microsoft.SourceLink.Bitbucket.Git.targets" from project "D:\Tito Pedraza\OneDrive\Proyectos\Codigo Fuente\repos\HumanCore\src\TalenHuman.Application\TalenHuman.Application.csproj" (target "_GenerateSourceLinkFile" depends on it):
       Building target "_InitializeBitbucketGitSourceLinkUrl" completely.
       No input files were specified.
       Using "Microsoft.SourceLink.Bitbucket.Git.GetSourceLinkUrl" task from assembly "C:\Program Files\dotnet\sdk\8.0.302\Sdks\Microsoft.SourceLink.Bitbucket.Git\build\..\tools\core\Microsoft.SourceLink.Bitbucket.Git.dll".
       Task "Microsoft.SourceLink.Bitbucket.Git.GetSourceLinkUrl"
       Done executing task "Microsoft.SourceLink.Bitbucket.Git.GetSourceLinkUrl".
   2:8>Done building target "_InitializeBitbucketGitSourceLinkUrl" in project "TalenHuman.Application.csproj".
   2:8>Target "_InitializeBitbucketGitSourceLinkUrl" in file "C:\Program Files\dotnet\sdk\8.0.302\Sdks\Microsoft.SourceLink.Bitbucket.Git\build\Microsoft.SourceLink.Bitbucket.Git.targets" from project "D:\Tito Pedraza\OneDrive\Proyectos\Codigo Fuente\repos\HumanCore\src\TalenHuman.Application\TalenHuman.Application.csproj" (target "_GenerateSourceLinkFile" depends on it):
       Building target "_InitializeBitbucketGitSourceLinkUrl" completely.
       No input files were specified.
       Task "Microsoft.SourceLink.Bitbucket.Git.GetSourceLinkUrl"
       Done executing task "Microsoft.SourceLink.Bitbucket.Git.GetSourceLinkUrl".
   2:8>Done building target "_InitializeBitbucketGitSourceLinkUrl" in project "TalenHuman.Application.csproj".
   2:8>Target "_InitializeBitbucketGitSourceLinkUrl" in file "C:\Program Files\dotnet\sdk\8.0.302\Sdks\Microsoft.SourceLink.Bitbucket.Git\build\Microsoft.SourceLink.Bitbucket.Git.targets" from project "D:\Tito Pedraza\OneDrive\Proyectos\Codigo Fuente\repos\HumanCore\src\TalenHuman.Application\TalenHuman.Application.csproj" (target "_GenerateSourceLinkFile" depends on it):
       Building target "_InitializeBitbucketGitSourceLinkUrl" completely.
       No input files were specified.
       Task "Microsoft.SourceLink.Bitbucket.Git.GetSourceLinkUrl"
       Done executing task "Microsoft.SourceLink.Bitbucket.Git.GetSourceLinkUrl".
   2:8>Done building target "_InitializeBitbucketGitSourceLinkUrl" in project "TalenHuman.Application.csproj".
   2:8>Target "_GenerateSourceLinkFile" in file "C:\Program Files\dotnet\sdk\8.0.302\Sdks\Microsoft.SourceLink.Common\build\Microsoft.SourceLink.Common.targets" from project "D:\Tito Pedraza\OneDrive\Proyectos\Codigo Fuente\repos\HumanCore\src\TalenHuman.Application\TalenHuman.Application.csproj" (target "GenerateSourceLinkFile" depends on it):
       Building target "_GenerateSourceLinkFile" completely.
       No input files were specified.
       Using "Microsoft.SourceLink.Common.GenerateSourceLinkFile" task from assembly "C:\Program Files\dotnet\sdk\8.0.302\Sdks\Microsoft.SourceLink.Common\build\..\tools\core\Microsoft.SourceLink.Common.dll".
       Task "Microsoft.SourceLink.Common.GenerateSourceLinkFile"
         Source Link file 'obj\Debug\net8.0\TalenHuman.Application.sourcelink.json' is up-to-date.
       Done executing task "Microsoft.SourceLink.Common.GenerateSourceLinkFile".
   2:8>Done building target "_GenerateSourceLinkFile" in project "TalenHuman.Application.csproj".
   2:8>Target "GenerateSourceLinkFile" in file "C:\Program Files\dotnet\sdk\8.0.302\Sdks\Microsoft.SourceLink.Common\build\Microsoft.SourceLink.Common.targets" from project "D:\Tito Pedraza\OneDrive\Proyectos\Codigo Fuente\repos\HumanCore\src\TalenHuman.Application\TalenHuman.Application.csproj" (target "CoreCompile" depends on it):
   2:8>Done building target "GenerateSourceLinkFile" in project "TalenHuman.Application.csproj".
   2:8>Target "AddGlobalAnalyzerConfigForPackage_MicrosoftCodeAnalysisNetAnalyzers" in file "C:\Program Files\dotnet\sdk\8.0.302\Sdks\Microsoft.NET.Sdk\analyzers\build\Microsoft.CodeAnalysis.NetAnalyzers.targets" from project "D:\Tito Pedraza\OneDrive\Proyectos\Codigo Fuente\repos\HumanCore\src\TalenHuman.Application\TalenHuman.Application.csproj" (target "CoreCompile" depends on it):
   2:8>Done building target "AddGlobalAnalyzerConfigForPackage_MicrosoftCodeAnalysisNetAnalyzers" in project "TalenHuman.Application.csproj".
       Target "AddGlobalAnalyzerConfigForPackage_MicrosoftCodeAnalysisNetAnalyzersDesign" skipped, due to false condition; ('$(SkipGlobalAnalyzerConfigForPackage)' != 'true' and ('$(AnalysisLevelDesign)' != '' or '$(AnalysisModeDesign)' != '')) was evaluated as ('' != 'true' and ('' != '' or '' != '')).
       Target "AddGlobalAnalyzerConfigForPackage_MicrosoftCodeAnalysisNetAnalyzersDocumentation" skipped, due to false condition; ('$(SkipGlobalAnalyzerConfigForPackage)' != 'true' and ('$(AnalysisLevelDocumentation)' != '' or '$(AnalysisModeDocumentation)' != '')) was evaluated as ('' != 'true' and ('' != '' or '' != '')).
       Target "AddGlobalAnalyzerConfigForPackage_MicrosoftCodeAnalysisNetAnalyzersGlobalization" skipped, due to false condition; ('$(SkipGlobalAnalyzerConfigForPackage)' != 'true' and ('$(AnalysisLevelGlobalization)' != '' or '$(AnalysisModeGlobalization)' != '')) was evaluated as ('' != 'true' and ('' != '' or '' != '')).
       Target "AddGlobalAnalyzerConfigForPackage_MicrosoftCodeAnalysisNetAnalyzersInteroperability" skipped, due to false condition; ('$(SkipGlobalAnalyzerConfigForPackage)' != 'true' and ('$(AnalysisLevelInteroperability)' != '' or '$(AnalysisModeInteroperability)' != '')) was evaluated as ('' != 'true' and ('' != '' or '' != '')).
       Target "AddGlobalAnalyzerConfigForPackage_MicrosoftCodeAnalysisNetAnalyzersMaintainability" skipped, due to false condition; ('$(SkipGlobalAnalyzerConfigForPackage)' != 'true' and ('$(AnalysisLevelMaintainability)' != '' or '$(AnalysisModeMaintainability)' != '')) was evaluated as ('' != 'true' and ('' != '' or '' != '')).
       Target "AddGlobalAnalyzerConfigForPackage_MicrosoftCodeAnalysisNetAnalyzersNaming" skipped, due to false condition; ('$(SkipGlobalAnalyzerConfigForPackage)' != 'true' and ('$(AnalysisLevelNaming)' != '' or '$(AnalysisModeNaming)' != '')) was evaluated as ('' != 'true' and ('' != '' or '' != '')).
       Target "AddGlobalAnalyzerConfigForPackage_MicrosoftCodeAnalysisNetAnalyzersPerformance" skipped, due to false condition; ('$(SkipGlobalAnalyzerConfigForPackage)' != 'true' and ('$(AnalysisLevelPerformance)' != '' or '$(AnalysisModePerformance)' != '')) was evaluated as ('' != 'true' and ('' != '' or '' != '')).
       Target "AddGlobalAnalyzerConfigForPackage_MicrosoftCodeAnalysisNetAnalyzersReliability" skipped, due to false condition; ('$(SkipGlobalAnalyzerConfigForPackage)' != 'true' and ('$(AnalysisLevelReliability)' != '' or '$(AnalysisModeReliability)' != '')) was evaluated as ('' != 'true' and ('' != '' or '' != '')).
       Target "AddGlobalAnalyzerConfigForPackage_MicrosoftCodeAnalysisNetAnalyzersSecurity" skipped, due to false condition; ('$(SkipGlobalAnalyzerConfigForPackage)' != 'true' and ('$(AnalysisLevelSecurity)' != '' or '$(AnalysisModeSecurity)' != '')) was evaluated as ('' != 'true' and ('' != '' or '' != '')).
       Target "AddGlobalAnalyzerConfigForPackage_MicrosoftCodeAnalysisNetAnalyzersUsage" skipped, due to false condition; ('$(SkipGlobalAnalyzerConfigForPackage)' != 'true' and ('$(AnalysisLevelUsage)' != '' or '$(AnalysisModeUsage)' != '')) was evaluated as ('' != 'true' and ('' != '' or '' != '')).
       Target "_CodeAnalysisTreatWarningsAsErrors" skipped, due to false condition; ('$(DesignTimeBuild)' == 'true' OR '$(BuildingProject)' != 'true') was evaluated as ('' == 'true' OR 'true' != 'true').
   2:8>Target "_ReportUpgradeNetAnalyzersNuGetWarning" in file "C:\Program Files\dotnet\sdk\8.0.302\Sdks\Microsoft.NET.Sdk\analyzers\build\Microsoft.CodeAnalysis.NetAnalyzers.targets" from project "D:\Tito Pedraza\OneDrive\Proyectos\Codigo Fuente\repos\HumanCore\src\TalenHuman.Application\TalenHuman.Application.csproj" (target "CoreCompile" depends on it):
       Task "Warning" skipped, due to false condition; ('$(_NETAnalyzersNuGetAssemblyVersion)' != '' AND
                                '$(_NETAnalyzersSDKAssemblyVersion)' != '' AND
                                 $(_NETAnalyzersNuGetAssemblyVersion) < $(_NETAnalyzersSDKAssemblyVersion)) was evaluated as ('' != '' AND
                                '8.0.0' != '' AND
                                  < 8.0.0).
   2:8>Done building target "_ReportUpgradeNetAnalyzersNuGetWarning" in project "TalenHuman.Application.csproj".
   2:8>Target "CoreCompile" in file "C:\Program Files\dotnet\sdk\8.0.302\Roslyn\Microsoft.CSharp.Core.targets" from project "D:\Tito Pedraza\OneDrive\Proyectos\Codigo Fuente\repos\HumanCore\src\TalenHuman.Application\TalenHuman.Application.csproj" (target "Compile" depends on it):
       Skipping target "CoreCompile" because all output files are up-to-date with respect to the input files.
       Input files: 
           Class1.cs
           Common\Interfaces\IApplicationDbContext.cs
           Common\Interfaces\IAuditService.cs
           Common\Interfaces\IEmailService.cs
           Common\Interfaces\IFileStorageService.cs
           Common\Interfaces\IIdentityService.cs
           Common\Interfaces\IImportService.cs
           Common\Interfaces\ISystemSettingsService.cs
           Common\Interfaces\ITenantProvider.cs
           Common\Interfaces\ITenantTimeProvider.cs
           Common\Models\ImportModels.cs
           DependencyInjection.cs
           Employees\CreateEmployeeCommand.cs
           Services\AttendanceReportService.cs
           Services\AttendanceService.cs
           Services\ImportService.cs
           Services\NotificationService.cs
           obj\Debug\net8.0\TalenHuman.Application.GlobalUsings.g.cs
           obj\Debug\net8.0\.NETCoreApp,Version=v8.0.AssemblyAttributes.cs
           obj\Debug\net8.0\TalenHuman.Application.AssemblyInfo.cs
           C:\Users\messa\.nuget\packages\closedxml\0.105.0\lib\netstandard2.1\ClosedXML.dll
           C:\Users\messa\.nuget\packages\closedxml.parser\2.0.0\lib\netstandard2.1\ClosedXML.Parser.dll
           C:\Users\messa\.nuget\packages\documentformat.openxml\3.1.1\lib\net8.0\DocumentFormat.OpenXml.dll
           C:\Users\messa\.nuget\packages\documentformat.openxml.framework\3.1.1\lib\net8.0\DocumentFormat.OpenXml.Framework.dll
           C:\Users\messa\.nuget\packages\exceldatareader.dataset\3.8.0\lib\net8.0\ExcelDataReader.DataSet.dll
           C:\Users\messa\.nuget\packages\exceldatareader\3.8.0\lib\net8.0\ExcelDataReader.dll
           C:\Users\messa\.nuget\packages\excelnumberformat\1.1.0\lib\netstandard2.0\ExcelNumberFormat.dll
           C:\Users\messa\.nuget\packages\fluentvalidation.aspnetcore\11.3.1\lib\net6.0\FluentValidation.AspNetCore.dll
           C:\Users\messa\.nuget\packages\fluentvalidation.dependencyinjectionextensions\11.11.0\lib\netstandard2.1\FluentValidation.DependencyInjectionExtensions.dll
           C:\Users\messa\.nuget\packages\fluentvalidation\11.11.0\lib\net8.0\FluentValidation.dll
           C:\Users\messa\.nuget\packages\mediatr.contracts\2.0.1\lib\netstandard2.0\MediatR.Contracts.dll
           C:\Users\messa\.nuget\packages\mediatr\12.0.1\lib\net6.0\MediatR.dll
           C:\Program Files\dotnet\packs\Microsoft.AspNetCore.App.Ref\8.0.6\ref\net8.0\Microsoft.AspNetCore.Antiforgery.dll
           C:\Program Files\dotnet\packs\Microsoft.AspNetCore.App.Ref\8.0.6\ref\net8.0\Microsoft.AspNetCore.Authentication.Abstractions.dll
           C:\Program Files\dotnet\packs\Microsoft.AspNetCore.App.Ref\8.0.6\ref\net8.0\Microsoft.AspNetCore.Authentication.BearerToken.dll
           C:\Program Files\dotnet\packs\Microsoft.AspNetCore.App.Ref\8.0.6\ref\net8.0\Microsoft.AspNetCore.Authentication.Cookies.dll
           C:\Program Files\dotnet\packs\Microsoft.AspNetCore.App.Ref\8.0.6\ref\net8.0\Microsoft.AspNetCore.Authentication.Core.dll
           C:\Program Files\dotnet\packs\Microsoft.AspNetCore.App.Ref\8.0.6\ref\net8.0\Microsoft.AspNetCore.Authentication.dll
           C:\Program Files\dotnet\packs\Microsoft.AspNetCore.App.Ref\8.0.6\ref\net8.0\Microsoft.AspNetCore.Authentication.OAuth.dll
           C:\Program Files\dotnet\packs\Microsoft.AspNetCore.App.Ref\8.0.6\ref\net8.0\Microsoft.AspNetCore.Authorization.dll
           C:\Program Files\dotnet\packs\Microsoft.AspNetCore.App.Ref\8.0.6\ref\net8.0\Microsoft.AspNetCore.Authorization.Policy.dll
           C:\Program Files\dotnet\packs\Microsoft.AspNetCore.App.Ref\8.0.6\ref\net8.0\Microsoft.AspNetCore.Components.Authorization.dll
           C:\Program Files\dotnet\packs\Microsoft.AspNetCore.App.Ref\8.0.6\ref\net8.0\Microsoft.AspNetCore.Components.dll
           C:\Program Files\dotnet\packs\Microsoft.AspNetCore.App.Ref\8.0.6\ref\net8.0\Microsoft.AspNetCore.Components.Endpoints.dll
           C:\Program Files\dotnet\packs\Microsoft.AspNetCore.App.Ref\8.0.6\ref\net8.0\Microsoft.AspNetCore.Components.Forms.dll
           C:\Program Files\dotnet\packs\Microsoft.AspNetCore.App.Ref\8.0.6\ref\net8.0\Microsoft.AspNetCore.Components.Server.dll
           C:\Program Files\dotnet\packs\Microsoft.AspNetCore.App.Ref\8.0.6\ref\net8.0\Microsoft.AspNetCore.Components.Web.dll
           C:\Program Files\dotnet\packs\Microsoft.AspNetCore.App.Ref\8.0.6\ref\net8.0\Microsoft.AspNetCore.Connections.Abstractions.dll
           C:\Program Files\dotnet\packs\Microsoft.AspNetCore.App.Ref\8.0.6\ref\net8.0\Microsoft.AspNetCore.CookiePolicy.dll
           C:\Program Files\dotnet\packs\Microsoft.AspNetCore.App.Ref\8.0.6\ref\net8.0\Microsoft.AspNetCore.Cors.dll
           C:\Users\messa\.nuget\packages\microsoft.aspnetcore.cryptography.internal\8.0.11\lib\net8.0\Microsoft.AspNetCore.Cryptography.Internal.dll
           C:\Users\messa\.nuget\packages\microsoft.aspnetcore.cryptography.keyderivation\8.0.11\lib\net8.0\Microsoft.AspNetCore.Cryptography.KeyDerivation.dll
           C:\Program Files\dotnet\packs\Microsoft.AspNetCore.App.Ref\8.0.6\ref\net8.0\Microsoft.AspNetCore.DataProtection.Abstractions.dll
           C:\Program Files\dotnet\packs\Microsoft.AspNetCore.App.Ref\8.0.6\ref\net8.0\Microsoft.AspNetCore.DataProtection.dll
           C:\Program Files\dotnet\packs\Microsoft.AspNetCore.App.Ref\8.0.6\ref\net8.0\Microsoft.AspNetCore.DataProtection.Extensions.dll
           C:\Program Files\dotnet\packs\Microsoft.AspNetCore.App.Ref\8.0.6\ref\net8.0\Microsoft.AspNetCore.Diagnostics.Abstractions.dll
           C:\Program Files\dotnet\packs\Microsoft.AspNetCore.App.Ref\8.0.6\ref\net8.0\Microsoft.AspNetCore.Diagnostics.dll
           C:\Program Files\dotnet\packs\Microsoft.AspNetCore.App.Ref\8.0.6\ref\net8.0\Microsoft.AspNetCore.Diagnostics.HealthChecks.dll
           C:\Program Files\dotnet\packs\Microsoft.AspNetCore.App.Ref\8.0.6\ref\net8.0\Microsoft.AspNetCore.dll
           C:\Program Files\dotnet\packs\Microsoft.AspNetCore.App.Ref\8.0.6\ref\net8.0\Microsoft.AspNetCore.HostFiltering.dll
           C:\Program Files\dotnet\packs\Microsoft.AspNetCore.App.Ref\8.0.6\ref\net8.0\Microsoft.AspNetCore.Hosting.Abstractions.dll
           C:\Program Files\dotnet\packs\Microsoft.AspNetCore.App.Ref\8.0.6\ref\net8.0\Microsoft.AspNetCore.Hosting.dll
           C:\Program Files\dotnet\packs\Microsoft.AspNetCore.App.Ref\8.0.6\ref\net8.0\Microsoft.AspNetCore.Hosting.Server.Abstractions.dll
           C:\Program Files\dotnet\packs\Microsoft.AspNetCore.App.Ref\8.0.6\ref\net8.0\Microsoft.AspNetCore.Html.Abstractions.dll
           C:\Program Files\dotnet\packs\Microsoft.AspNetCore.App.Ref\8.0.6\ref\net8.0\Microsoft.AspNetCore.Http.Abstractions.dll
           C:\Program Files\dotnet\packs\Microsoft.AspNetCore.App.Ref\8.0.6\ref\net8.0\Microsoft.AspNetCore.Http.Connections.Common.dll
           C:\Program Files\dotnet\packs\Microsoft.AspNetCore.App.Ref\8.0.6\ref\net8.0\Microsoft.AspNetCore.Http.Connections.dll
           C:\Program Files\dotnet\packs\Microsoft.AspNetCore.App.Ref\8.0.6\ref\net8.0\Microsoft.AspNetCore.Http.dll
           C:\Program Files\dotnet\packs\Microsoft.AspNetCore.App.Ref\8.0.6\ref\net8.0\Microsoft.AspNetCore.Http.Extensions.dll
           C:\Program Files\dotnet\packs\Microsoft.AspNetCore.App.Ref\8.0.6\ref\net8.0\Microsoft.AspNetCore.Http.Features.dll
           C:\Program Files\dotnet\packs\Microsoft.AspNetCore.App.Ref\8.0.6\ref\net8.0\Microsoft.AspNetCore.Http.Results.dll
           C:\Program Files\dotnet\packs\Microsoft.AspNetCore.App.Ref\8.0.6\ref\net8.0\Microsoft.AspNetCore.HttpLogging.dll
           C:\Program Files\dotnet\packs\Microsoft.AspNetCore.App.Ref\8.0.6\ref\net8.0\Microsoft.AspNetCore.HttpOverrides.dll
           C:\Program Files\dotnet\packs\Microsoft.AspNetCore.App.Ref\8.0.6\ref\net8.0\Microsoft.AspNetCore.HttpsPolicy.dll
           C:\Program Files\dotnet\packs\Microsoft.AspNetCore.App.Ref\8.0.6\ref\net8.0\Microsoft.AspNetCore.Identity.dll
           C:\Program Files\dotnet\packs\Microsoft.AspNetCore.App.Ref\8.0.6\ref\net8.0\Microsoft.AspNetCore.Localization.dll
           C:\Program Files\dotnet\packs\Microsoft.AspNetCore.App.Ref\8.0.6\ref\net8.0\Microsoft.AspNetCore.Localization.Routing.dll
           C:\Program Files\dotnet\packs\Microsoft.AspNetCore.App.Ref\8.0.6\ref\net8.0\Microsoft.AspNetCore.Metadata.dll
           C:\Program Files\dotnet\packs\Microsoft.AspNetCore.App.Ref\8.0.6\ref\net8.0\Microsoft.AspNetCore.Mvc.Abstractions.dll
           C:\Program Files\dotnet\packs\Microsoft.AspNetCore.App.Ref\8.0.6\ref\net8.0\Microsoft.AspNetCore.Mvc.ApiExplorer.dll
           C:\Program Files\dotnet\packs\Microsoft.AspNetCore.App.Ref\8.0.6\ref\net8.0\Microsoft.AspNetCore.Mvc.Core.dll
           C:\Program Files\dotnet\packs\Microsoft.AspNetCore.App.Ref\8.0.6\ref\net8.0\Microsoft.AspNetCore.Mvc.Cors.dll
           C:\Program Files\dotnet\packs\Microsoft.AspNetCore.App.Ref\8.0.6\ref\net8.0\Microsoft.AspNetCore.Mvc.DataAnnotations.dll
           C:\Program Files\dotnet\packs\Microsoft.AspNetCore.App.Ref\8.0.6\ref\net8.0\Microsoft.AspNetCore.Mvc.dll
           C:\Program Files\dotnet\packs\Microsoft.AspNetCore.App.Ref\8.0.6\ref\net8.0\Microsoft.AspNetCore.Mvc.Formatters.Json.dll
           C:\Program Files\dotnet\packs\Microsoft.AspNetCore.App.Ref\8.0.6\ref\net8.0\Microsoft.AspNetCore.Mvc.Formatters.Xml.dll
           C:\Program Files\dotnet\packs\Microsoft.AspNetCore.App.Ref\8.0.6\ref\net8.0\Microsoft.AspNetCore.Mvc.Localization.dll
           C:\Program Files\dotnet\packs\Microsoft.AspNetCore.App.Ref\8.0.6\ref\net8.0\Microsoft.AspNetCore.Mvc.Razor.dll
           C:\Program Files\dotnet\packs\Microsoft.AspNetCore.App.Ref\8.0.6\ref\net8.0\Microsoft.AspNetCore.Mvc.RazorPages.dll
           C:\Program Files\dotnet\packs\Microsoft.AspNetCore.App.Ref\8.0.6\ref\net8.0\Microsoft.AspNetCore.Mvc.TagHelpers.dll
           C:\Program Files\dotnet\packs\Microsoft.AspNetCore.App.Ref\8.0.6\ref\net8.0\Microsoft.AspNetCore.Mvc.ViewFeatures.dll
           C:\Program Files\dotnet\packs\Microsoft.AspNetCore.App.Ref\8.0.6\ref\net8.0\Microsoft.AspNetCore.OutputCaching.dll
           C:\Program Files\dotnet\packs\Microsoft.AspNetCore.App.Ref\8.0.6\ref\net8.0\Microsoft.AspNetCore.RateLimiting.dll
           C:\Program Files\dotnet\packs\Microsoft.AspNetCore.App.Ref\8.0.6\ref\net8.0\Microsoft.AspNetCore.Razor.dll
           C:\Program Files\dotnet\packs\Microsoft.AspNetCore.App.Ref\8.0.6\ref\net8.0\Microsoft.AspNetCore.Razor.Runtime.dll
           C:\Program Files\dotnet\packs\Microsoft.AspNetCore.App.Ref\8.0.6\ref\net8.0\Microsoft.AspNetCore.RequestDecompression.dll
           C:\Program Files\dotnet\packs\Microsoft.AspNetCore.App.Ref\8.0.6\ref\net8.0\Microsoft.AspNetCore.ResponseCaching.Abstractions.dll
           C:\Program Files\dotnet\packs\Microsoft.AspNetCore.App.Ref\8.0.6\ref\net8.0\Microsoft.AspNetCore.ResponseCaching.dll
           C:\Program Files\dotnet\packs\Microsoft.AspNetCore.App.Ref\8.0.6\ref\net8.0\Microsoft.AspNetCore.ResponseCompression.dll
           C:\Program Files\dotnet\packs\Microsoft.AspNetCore.App.Ref\8.0.6\ref\net8.0\Microsoft.AspNetCore.Rewrite.dll
           C:\Program Files\dotnet\packs\Microsoft.AspNetCore.App.Ref\8.0.6\ref\net8.0\Microsoft.AspNetCore.Routing.Abstractions.dll
           C:\Program Files\dotnet\packs\Microsoft.AspNetCore.App.Ref\8.0.6\ref\net8.0\Microsoft.AspNetCore.Routing.dll
           C:\Program Files\dotnet\packs\Microsoft.AspNetCore.App.Ref\8.0.6\ref\net8.0\Microsoft.AspNetCore.Server.HttpSys.dll
           C:\Program Files\dotnet\packs\Microsoft.AspNetCore.App.Ref\8.0.6\ref\net8.0\Microsoft.AspNetCore.Server.IIS.dll
           C:\Program Files\dotnet\packs\Microsoft.AspNetCore.App.Ref\8.0.6\ref\net8.0\Microsoft.AspNetCore.Server.IISIntegration.dll
           C:\Program Files\dotnet\packs\Microsoft.AspNetCore.App.Ref\8.0.6\ref\net8.0\Microsoft.AspNetCore.Server.Kestrel.Core.dll
           C:\Program Files\dotnet\packs\Microsoft.AspNetCore.App.Ref\8.0.6\ref\net8.0\Microsoft.AspNetCore.Server.Kestrel.dll
           C:\Program Files\dotnet\packs\Microsoft.AspNetCore.App.Ref\8.0.6\ref\net8.0\Microsoft.AspNetCore.Server.Kestrel.Transport.NamedPipes.dll
           C:\Program Files\dotnet\packs\Microsoft.AspNetCore.App.Ref\8.0.6\ref\net8.0\Microsoft.AspNetCore.Server.Kestrel.Transport.Quic.dll
           C:\Program Files\dotnet\packs\Microsoft.AspNetCore.App.Ref\8.0.6\ref\net8.0\Microsoft.AspNetCore.Server.Kestrel.Transport.Sockets.dll
           C:\Program Files\dotnet\packs\Microsoft.AspNetCore.App.Ref\8.0.6\ref\net8.0\Microsoft.AspNetCore.Session.dll
           C:\Program Files\dotnet\packs\Microsoft.AspNetCore.App.Ref\8.0.6\ref\net8.0\Microsoft.AspNetCore.SignalR.Common.dll
           C:\Program Files\dotnet\packs\Microsoft.AspNetCore.App.Ref\8.0.6\ref\net8.0\Microsoft.AspNetCore.SignalR.Core.dll
           C:\Program Files\dotnet\packs\Microsoft.AspNetCore.App.Ref\8.0.6\ref\net8.0\Microsoft.AspNetCore.SignalR.dll
           C:\Program Files\dotnet\packs\Microsoft.AspNetCore.App.Ref\8.0.6\ref\net8.0\Microsoft.AspNetCore.SignalR.Protocols.Json.dll
           C:\Program Files\dotnet\packs\Microsoft.AspNetCore.App.Ref\8.0.6\ref\net8.0\Microsoft.AspNetCore.StaticFiles.dll
           C:\Program Files\dotnet\packs\Microsoft.AspNetCore.App.Ref\8.0.6\ref\net8.0\Microsoft.AspNetCore.WebSockets.dll
           C:\Program Files\dotnet\packs\Microsoft.AspNetCore.App.Ref\8.0.6\ref\net8.0\Microsoft.AspNetCore.WebUtilities.dll
           C:\Program Files\dotnet\packs\Microsoft.NETCore.App.Ref\8.0.6\ref\net8.0\Microsoft.CSharp.dll
           C:\Users\messa\.nuget\packages\microsoft.entityframeworkcore.abstractions\8.0.0\lib\net8.0\Microsoft.EntityFrameworkCore.Abstractions.dll
           C:\Users\messa\.nuget\packages\microsoft.entityframeworkcore\8.0.0\lib\net8.0\Microsoft.EntityFrameworkCore.dll
           C:\Program Files\dotnet\packs\Microsoft.AspNetCore.App.Ref\8.0.6\ref\net8.0\Microsoft.Extensions.Caching.Abstractions.dll
           C:\Program Files\dotnet\packs\Microsoft.AspNetCore.App.Ref\8.0.6\ref\net8.0\Microsoft.Extensions.Caching.Memory.dll
           C:\Program Files\dotnet\packs\Microsoft.AspNetCore.App.Ref\8.0.6\ref\net8.0\Microsoft.Extensions.Configuration.Abstractions.dll
           C:\Program Files\dotnet\packs\Microsoft.AspNetCore.App.Ref\8.0.6\ref\net8.0\Microsoft.Extensions.Configuration.Binder.dll
           C:\Program Files\dotnet\packs\Microsoft.AspNetCore.App.Ref\8.0.6\ref\net8.0\Microsoft.Extensions.Configuration.CommandLine.dll
           C:\Program Files\dotnet\packs\Microsoft.AspNetCore.App.Ref\8.0.6\ref\net8.0\Microsoft.Extensions.Configuration.dll
           C:\Program Files\dotnet\packs\Microsoft.AspNetCore.App.Ref\8.0.6\ref\net8.0\Microsoft.Extensions.Configuration.EnvironmentVariables.dll
           C:\Program Files\dotnet\packs\Microsoft.AspNetCore.App.Ref\8.0.6\ref\net8.0\Microsoft.Extensions.Configuration.FileExtensions.dll
           C:\Program Files\dotnet\packs\Microsoft.AspNetCore.App.Ref\8.0.6\ref\net8.0\Microsoft.Extensions.Configuration.Ini.dll
           C:\Program Files\dotnet\packs\Microsoft.AspNetCore.App.Ref\8.0.6\ref\net8.0\Microsoft.Extensions.Configuration.Json.dll
           C:\Program Files\dotnet\packs\Microsoft.AspNetCore.App.Ref\8.0.6\ref\net8.0\Microsoft.Extensions.Configuration.KeyPerFile.dll
           C:\Program Files\dotnet\packs\Microsoft.AspNetCore.App.Ref\8.0.6\ref\net8.0\Microsoft.Extensions.Configuration.UserSecrets.dll
           C:\Program Files\dotnet\packs\Microsoft.AspNetCore.App.Ref\8.0.6\ref\net8.0\Microsoft.Extensions.Configuration.Xml.dll
           C:\Users\messa\.nuget\packages\microsoft.extensions.dependencyinjection.abstractions\8.0.2\lib\net8.0\Microsoft.Extensions.DependencyInjection.Abstractions.dll
           C:\Users\messa\.nuget\packages\microsoft.extensions.dependencyinjection\8.0.1\lib\net8.0\Microsoft.Extensions.DependencyInjection.dll
           C:\Program Files\dotnet\packs\Microsoft.AspNetCore.App.Ref\8.0.6\ref\net8.0\Microsoft.Extensions.Diagnostics.Abstractions.dll
           C:\Program Files\dotnet\packs\Microsoft.AspNetCore.App.Ref\8.0.6\ref\net8.0\Microsoft.Extensions.Diagnostics.dll
           C:\Program Files\dotnet\packs\Microsoft.AspNetCore.App.Ref\8.0.6\ref\net8.0\Microsoft.Extensions.Diagnostics.HealthChecks.Abstractions.dll
           C:\Program Files\dotnet\packs\Microsoft.AspNetCore.App.Ref\8.0.6\ref\net8.0\Microsoft.Extensions.Diagnostics.HealthChecks.dll
           C:\Program Files\dotnet\packs\Microsoft.AspNetCore.App.Ref\8.0.6\ref\net8.0\Microsoft.Extensions.Features.dll
           C:\Program Files\dotnet\packs\Microsoft.AspNetCore.App.Ref\8.0.6\ref\net8.0\Microsoft.Extensions.FileProviders.Abstractions.dll
           C:\Program Files\dotnet\packs\Microsoft.AspNetCore.App.Ref\8.0.6\ref\net8.0\Microsoft.Extensions.FileProviders.Composite.dll
           C:\Program Files\dotnet\packs\Microsoft.AspNetCore.App.Ref\8.0.6\ref\net8.0\Microsoft.Extensions.FileProviders.Embedded.dll
           C:\Program Files\dotnet\packs\Microsoft.AspNetCore.App.Ref\8.0.6\ref\net8.0\Microsoft.Extensions.FileProviders.Physical.dll
           C:\Program Files\dotnet\packs\Microsoft.AspNetCore.App.Ref\8.0.6\ref\net8.0\Microsoft.Extensions.FileSystemGlobbing.dll
           C:\Program Files\dotnet\packs\Microsoft.AspNetCore.App.Ref\8.0.6\ref\net8.0\Microsoft.Extensions.Hosting.Abstractions.dll
           C:\Program Files\dotnet\packs\Microsoft.AspNetCore.App.Ref\8.0.6\ref\net8.0\Microsoft.Extensions.Hosting.dll
           C:\Program Files\dotnet\packs\Microsoft.AspNetCore.App.Ref\8.0.6\ref\net8.0\Microsoft.Extensions.Http.dll
           C:\Users\messa\.nuget\packages\microsoft.extensions.identity.core\8.0.11\lib\net8.0\Microsoft.Extensions.Identity.Core.dll
           C:\Users\messa\.nuget\packages\microsoft.extensions.identity.stores\8.0.11\lib\net8.0\Microsoft.Extensions.Identity.Stores.dll
           C:\Program Files\dotnet\packs\Microsoft.AspNetCore.App.Ref\8.0.6\ref\net8.0\Microsoft.Extensions.Localization.Abstractions.dll
           C:\Program Files\dotnet\packs\Microsoft.AspNetCore.App.Ref\8.0.6\ref\net8.0\Microsoft.Extensions.Localization.dll
           C:\Users\messa\.nuget\packages\microsoft.extensions.logging.abstractions\8.0.2\lib\net8.0\Microsoft.Extensions.Logging.Abstractions.dll
           C:\Program Files\dotnet\packs\Microsoft.AspNetCore.App.Ref\8.0.6\ref\net8.0\Microsoft.Extensions.Logging.Configuration.dll
           C:\Program Files\dotnet\packs\Microsoft.AspNetCore.App.Ref\8.0.6\ref\net8.0\Microsoft.Extensions.Logging.Console.dll
           C:\Program Files\dotnet\packs\Microsoft.AspNetCore.App.Ref\8.0.6\ref\net8.0\Microsoft.Extensions.Logging.Debug.dll
           C:\Users\messa\.nuget\packages\microsoft.extensions.logging\8.0.1\lib\net8.0\Microsoft.Extensions.Logging.dll
           C:\Program Files\dotnet\packs\Microsoft.AspNetCore.App.Ref\8.0.6\ref\net8.0\Microsoft.Extensions.Logging.EventLog.dll
           C:\Program Files\dotnet\packs\Microsoft.AspNetCore.App.Ref\8.0.6\ref\net8.0\Microsoft.Extensions.Logging.EventSource.dll
           C:\Program Files\dotnet\packs\Microsoft.AspNetCore.App.Ref\8.0.6\ref\net8.0\Microsoft.Extensions.Logging.TraceSource.dll
           C:\Program Files\dotnet\packs\Microsoft.AspNetCore.App.Ref\8.0.6\ref\net8.0\Microsoft.Extensions.ObjectPool.dll
           C:\Program Files\dotnet\packs\Microsoft.AspNetCore.App.Ref\8.0.6\ref\net8.0\Microsoft.Extensions.Options.ConfigurationExtensions.dll
           C:\Program Files\dotnet\packs\Microsoft.AspNetCore.App.Ref\8.0.6\ref\net8.0\Microsoft.Extensions.Options.DataAnnotations.dll
           C:\Program Files\dotnet\packs\Microsoft.AspNetCore.App.Ref\8.0.6\ref\net8.0\Microsoft.Extensions.Options.dll
           C:\Program Files\dotnet\packs\Microsoft.AspNetCore.App.Ref\8.0.6\ref\net8.0\Microsoft.Extensions.Primitives.dll
           C:\Program Files\dotnet\packs\Microsoft.AspNetCore.App.Ref\8.0.6\ref\net8.0\Microsoft.Extensions.WebEncoders.dll
           C:\Program Files\dotnet\packs\Microsoft.AspNetCore.App.Ref\8.0.6\ref\net8.0\Microsoft.JSInterop.dll
           C:\Program Files\dotnet\packs\Microsoft.AspNetCore.App.Ref\8.0.6\ref\net8.0\Microsoft.Net.Http.Headers.dll
           C:\Program Files\dotnet\packs\Microsoft.NETCore.App.Ref\8.0.6\ref\net8.0\Microsoft.VisualBasic.Core.dll
           C:\Program Files\dotnet\packs\Microsoft.NETCore.App.Ref\8.0.6\ref\net8.0\Microsoft.VisualBasic.dll
           C:\Program Files\dotnet\packs\Microsoft.NETCore.App.Ref\8.0.6\ref\net8.0\Microsoft.Win32.Primitives.dll
           C:\Program Files\dotnet\packs\Microsoft.NETCore.App.Ref\8.0.6\ref\net8.0\Microsoft.Win32.Registry.dll
           C:\Program Files\dotnet\packs\Microsoft.NETCore.App.Ref\8.0.6\ref\net8.0\mscorlib.dll
           C:\Program Files\dotnet\packs\Microsoft.NETCore.App.Ref\8.0.6\ref\net8.0\netstandard.dll
           C:\Users\messa\.nuget\packages\questpdf\2024.12.1\lib\net8.0\QuestPDF.dll
           C:\Users\messa\.nuget\packages\rbush.signed\4.0.0\lib\net8.0\RBush.dll
           C:\Users\messa\.nuget\packages\sixlabors.fonts\1.0.0\lib\netcoreapp3.1\SixLabors.Fonts.dll
           C:\Program Files\dotnet\packs\Microsoft.NETCore.App.Ref\8.0.6\ref\net8.0\System.AppContext.dll
           C:\Program Files\dotnet\packs\Microsoft.NETCore.App.Ref\8.0.6\ref\net8.0\System.Buffers.dll
           C:\Program Files\dotnet\packs\Microsoft.NETCore.App.Ref\8.0.6\ref\net8.0\System.Collections.Concurrent.dll
           C:\Program Files\dotnet\packs\Microsoft.NETCore.App.Ref\8.0.6\ref\net8.0\System.Collections.dll
           C:\Program Files\dotnet\packs\Microsoft.NETCore.App.Ref\8.0.6\ref\net8.0\System.Collections.Immutable.dll
           C:\Program Files\dotnet\packs\Microsoft.NETCore.App.Ref\8.0.6\ref\net8.0\System.Collections.NonGeneric.dll
           C:\Program Files\dotnet\packs\Microsoft.NETCore.App.Ref\8.0.6\ref\net8.0\System.Collections.Specialized.dll
           C:\Program Files\dotnet\packs\Microsoft.NETCore.App.Ref\8.0.6\ref\net8.0\System.ComponentModel.Annotations.dll
           C:\Program Files\dotnet\packs\Microsoft.NETCore.App.Ref\8.0.6\ref\net8.0\System.ComponentModel.DataAnnotations.dll
           C:\Program Files\dotnet\packs\Microsoft.NETCore.App.Ref\8.0.6\ref\net8.0\System.ComponentModel.dll
           C:\Program Files\dotnet\packs\Microsoft.NETCore.App.Ref\8.0.6\ref\net8.0\System.ComponentModel.EventBasedAsync.dll
           C:\Program Files\dotnet\packs\Microsoft.NETCore.App.Ref\8.0.6\ref\net8.0\System.ComponentModel.Primitives.dll
           C:\Program Files\dotnet\packs\Microsoft.NETCore.App.Ref\8.0.6\ref\net8.0\System.ComponentModel.TypeConverter.dll
           C:\Program Files\dotnet\packs\Microsoft.NETCore.App.Ref\8.0.6\ref\net8.0\System.Configuration.dll
           C:\Program Files\dotnet\packs\Microsoft.NETCore.App.Ref\8.0.6\ref\net8.0\System.Console.dll
           C:\Program Files\dotnet\packs\Microsoft.NETCore.App.Ref\8.0.6\ref\net8.0\System.Core.dll
           C:\Program Files\dotnet\packs\Microsoft.NETCore.App.Ref\8.0.6\ref\net8.0\System.Data.Common.dll
           C:\Program Files\dotnet\packs\Microsoft.NETCore.App.Ref\8.0.6\ref\net8.0\System.Data.DataSetExtensions.dll
           C:\Program Files\dotnet\packs\Microsoft.NETCore.App.Ref\8.0.6\ref\net8.0\System.Data.dll
           C:\Program Files\dotnet\packs\Microsoft.NETCore.App.Ref\8.0.6\ref\net8.0\System.Diagnostics.Contracts.dll
           C:\Program Files\dotnet\packs\Microsoft.NETCore.App.Ref\8.0.6\ref\net8.0\System.Diagnostics.Debug.dll
           C:\Program Files\dotnet\packs\Microsoft.NETCore.App.Ref\8.0.6\ref\net8.0\System.Diagnostics.DiagnosticSource.dll
           C:\Program Files\dotnet\packs\Microsoft.AspNetCore.App.Ref\8.0.6\ref\net8.0\System.Diagnostics.EventLog.dll
           C:\Program Files\dotnet\packs\Microsoft.NETCore.App.Ref\8.0.6\ref\net8.0\System.Diagnostics.FileVersionInfo.dll
           C:\Program Files\dotnet\packs\Microsoft.NETCore.App.Ref\8.0.6\ref\net8.0\System.Diagnostics.Process.dll
           C:\Program Files\dotnet\packs\Microsoft.NETCore.App.Ref\8.0.6\ref\net8.0\System.Diagnostics.StackTrace.dll
           C:\Program Files\dotnet\packs\Microsoft.NETCore.App.Ref\8.0.6\ref\net8.0\System.Diagnostics.TextWriterTraceListener.dll
           C:\Program Files\dotnet\packs\Microsoft.NETCore.App.Ref\8.0.6\ref\net8.0\System.Diagnostics.Tools.dll
           C:\Program Files\dotnet\packs\Microsoft.NETCore.App.Ref\8.0.6\ref\net8.0\System.Diagnostics.TraceSource.dll
           C:\Program Files\dotnet\packs\Microsoft.NETCore.App.Ref\8.0.6\ref\net8.0\System.Diagnostics.Tracing.dll
           C:\Program Files\dotnet\packs\Microsoft.NETCore.App.Ref\8.0.6\ref\net8.0\System.dll
           C:\Program Files\dotnet\packs\Microsoft.NETCore.App.Ref\8.0.6\ref\net8.0\System.Drawing.dll
           C:\Program Files\dotnet\packs\Microsoft.NETCore.App.Ref\8.0.6\ref\net8.0\System.Drawing.Primitives.dll
           C:\Program Files\dotnet\packs\Microsoft.NETCore.App.Ref\8.0.6\ref\net8.0\System.Dynamic.Runtime.dll
           C:\Program Files\dotnet\packs\Microsoft.NETCore.App.Ref\8.0.6\ref\net8.0\System.Formats.Asn1.dll
           C:\Program Files\dotnet\packs\Microsoft.NETCore.App.Ref\8.0.6\ref\net8.0\System.Formats.Tar.dll
           C:\Program Files\dotnet\packs\Microsoft.NETCore.App.Ref\8.0.6\ref\net8.0\System.Globalization.Calendars.dll
           C:\Program Files\dotnet\packs\Microsoft.NETCore.App.Ref\8.0.6\ref\net8.0\System.Globalization.dll
           C:\Program Files\dotnet\packs\Microsoft.NETCore.App.Ref\8.0.6\ref\net8.0\System.Globalization.Extensions.dll
           C:\Program Files\dotnet\packs\Microsoft.NETCore.App.Ref\8.0.6\ref\net8.0\System.IO.Compression.Brotli.dll
           C:\Program Files\dotnet\packs\Microsoft.NETCore.App.Ref\8.0.6\ref\net8.0\System.IO.Compression.dll
           C:\Program Files\dotnet\packs\Microsoft.NETCore.App.Ref\8.0.6\ref\net8.0\System.IO.Compression.FileSystem.dll
           C:\Program Files\dotnet\packs\Microsoft.NETCore.App.Ref\8.0.6\ref\net8.0\System.IO.Compression.ZipFile.dll
           C:\Program Files\dotnet\packs\Microsoft.NETCore.App.Ref\8.0.6\ref\net8.0\System.IO.dll
           C:\Program Files\dotnet\packs\Microsoft.NETCore.App.Ref\8.0.6\ref\net8.0\System.IO.FileSystem.AccessControl.dll
           C:\Program Files\dotnet\packs\Microsoft.NETCore.App.Ref\8.0.6\ref\net8.0\System.IO.FileSystem.dll
           C:\Program Files\dotnet\packs\Microsoft.NETCore.App.Ref\8.0.6\ref\net8.0\System.IO.FileSystem.DriveInfo.dll
           C:\Program Files\dotnet\packs\Microsoft.NETCore.App.Ref\8.0.6\ref\net8.0\System.IO.FileSystem.Primitives.dll
           C:\Program Files\dotnet\packs\Microsoft.NETCore.App.Ref\8.0.6\ref\net8.0\System.IO.FileSystem.Watcher.dll
           C:\Program Files\dotnet\packs\Microsoft.NETCore.App.Ref\8.0.6\ref\net8.0\System.IO.IsolatedStorage.dll
           C:\Program Files\dotnet\packs\Microsoft.NETCore.App.Ref\8.0.6\ref\net8.0\System.IO.MemoryMappedFiles.dll
           C:\Users\messa\.nuget\packages\system.io.packaging\8.0.1\lib\net8.0\System.IO.Packaging.dll
           C:\Program Files\dotnet\packs\Microsoft.AspNetCore.App.Ref\8.0.6\ref\net8.0\System.IO.Pipelines.dll
           C:\Program Files\dotnet\packs\Microsoft.NETCore.App.Ref\8.0.6\ref\net8.0\System.IO.Pipes.AccessControl.dll
           C:\Program Files\dotnet\packs\Microsoft.NETCore.App.Ref\8.0.6\ref\net8.0\System.IO.Pipes.dll
           C:\Program Files\dotnet\packs\Microsoft.NETCore.App.Ref\8.0.6\ref\net8.0\System.IO.UnmanagedMemoryStream.dll
           C:\Program Files\dotnet\packs\Microsoft.NETCore.App.Ref\8.0.6\ref\net8.0\System.Linq.dll
           C:\Program Files\dotnet\packs\Microsoft.NETCore.App.Ref\8.0.6\ref\net8.0\System.Linq.Expressions.dll
           C:\Program Files\dotnet\packs\Microsoft.NETCore.App.Ref\8.0.6\ref\net8.0\System.Linq.Parallel.dll
           C:\Program Files\dotnet\packs\Microsoft.NETCore.App.Ref\8.0.6\ref\net8.0\System.Linq.Queryable.dll
           C:\Program Files\dotnet\packs\Microsoft.NETCore.App.Ref\8.0.6\ref\net8.0\System.Memory.dll
           C:\Program Files\dotnet\packs\Microsoft.NETCore.App.Ref\8.0.6\ref\net8.0\System.Net.dll
           C:\Program Files\dotnet\packs\Microsoft.NETCore.App.Ref\8.0.6\ref\net8.0\System.Net.Http.dll
           C:\Program Files\dotnet\packs\Microsoft.NETCore.App.Ref\8.0.6\ref\net8.0\System.Net.Http.Json.dll
           C:\Program Files\dotnet\packs\Microsoft.NETCore.App.Ref\8.0.6\ref\net8.0\System.Net.HttpListener.dll
           C:\Program Files\dotnet\packs\Microsoft.NETCore.App.Ref\8.0.6\ref\net8.0\System.Net.Mail.dll
           C:\Program Files\dotnet\packs\Microsoft.NETCore.App.Ref\8.0.6\ref\net8.0\System.Net.NameResolution.dll
           C:\Program Files\dotnet\packs\Microsoft.NETCore.App.Ref\8.0.6\ref\net8.0\System.Net.NetworkInformation.dll
           C:\Program Files\dotnet\packs\Microsoft.NETCore.App.Ref\8.0.6\ref\net8.0\System.Net.Ping.dll
           C:\Program Files\dotnet\packs\Microsoft.NETCore.App.Ref\8.0.6\ref\net8.0\System.Net.Primitives.dll
           C:\Program Files\dotnet\packs\Microsoft.NETCore.App.Ref\8.0.6\ref\net8.0\System.Net.Quic.dll
           C:\Program Files\dotnet\packs\Microsoft.NETCore.App.Ref\8.0.6\ref\net8.0\System.Net.Requests.dll
           C:\Program Files\dotnet\packs\Microsoft.NETCore.App.Ref\8.0.6\ref\net8.0\System.Net.Security.dll
           C:\Program Files\dotnet\packs\Microsoft.NETCore.App.Ref\8.0.6\ref\net8.0\System.Net.ServicePoint.dll
           C:\Program Files\dotnet\packs\Microsoft.NETCore.App.Ref\8.0.6\ref\net8.0\System.Net.Sockets.dll
           C:\Program Files\dotnet\packs\Microsoft.NETCore.App.Ref\8.0.6\ref\net8.0\System.Net.WebClient.dll
           C:\Program Files\dotnet\packs\Microsoft.NETCore.App.Ref\8.0.6\ref\net8.0\System.Net.WebHeaderCollection.dll
           C:\Program Files\dotnet\packs\Microsoft.NETCore.App.Ref\8.0.6\ref\net8.0\System.Net.WebProxy.dll
           C:\Program Files\dotnet\packs\Microsoft.NETCore.App.Ref\8.0.6\ref\net8.0\System.Net.WebSockets.Client.dll
           C:\Program Files\dotnet\packs\Microsoft.NETCore.App.Ref\8.0.6\ref\net8.0\System.Net.WebSockets.dll
           C:\Program Files\dotnet\packs\Microsoft.NETCore.App.Ref\8.0.6\ref\net8.0\System.Numerics.dll
           C:\Program Files\dotnet\packs\Microsoft.NETCore.App.Ref\8.0.6\ref\net8.0\System.Numerics.Vectors.dll
           C:\Program Files\dotnet\packs\Microsoft.NETCore.App.Ref\8.0.6\ref\net8.0\System.ObjectModel.dll
           C:\Program Files\dotnet\packs\Microsoft.NETCore.App.Ref\8.0.6\ref\net8.0\System.Reflection.DispatchProxy.dll
           C:\Program Files\dotnet\packs\Microsoft.NETCore.App.Ref\8.0.6\ref\net8.0\System.Reflection.dll
           C:\Program Files\dotnet\packs\Microsoft.NETCore.App.Ref\8.0.6\ref\net8.0\System.Reflection.Emit.dll
           C:\Program Files\dotnet\packs\Microsoft.NETCore.App.Ref\8.0.6\ref\net8.0\System.Reflection.Emit.ILGeneration.dll
           C:\Program Files\dotnet\packs\Microsoft.NETCore.App.Ref\8.0.6\ref\net8.0\System.Reflection.Emit.Lightweight.dll
           C:\Program Files\dotnet\packs\Microsoft.NETCore.App.Ref\8.0.6\ref\net8.0\System.Reflection.Extensions.dll
           C:\Program Files\dotnet\packs\Microsoft.NETCore.App.Ref\8.0.6\ref\net8.0\System.Reflection.Metadata.dll
           C:\Program Files\dotnet\packs\Microsoft.NETCore.App.Ref\8.0.6\ref\net8.0\System.Reflection.Primitives.dll
           C:\Program Files\dotnet\packs\Microsoft.NETCore.App.Ref\8.0.6\ref\net8.0\System.Reflection.TypeExtensions.dll
           C:\Program Files\dotnet\packs\Microsoft.NETCore.App.Ref\8.0.6\ref\net8.0\System.Resources.Reader.dll
           C:\Program Files\dotnet\packs\Microsoft.NETCore.App.Ref\8.0.6\ref\net8.0\System.Resources.ResourceManager.dll
           C:\Program Files\dotnet\packs\Microsoft.NETCore.App.Ref\8.0.6\ref\net8.0\System.Resources.Writer.dll
           C:\Program Files\dotnet\packs\Microsoft.NETCore.App.Ref\8.0.6\ref\net8.0\System.Runtime.CompilerServices.Unsafe.dll
           C:\Program Files\dotnet\packs\Microsoft.NETCore.App.Ref\8.0.6\ref\net8.0\System.Runtime.CompilerServices.VisualC.dll
           C:\Program Files\dotnet\packs\Microsoft.NETCore.App.Ref\8.0.6\ref\net8.0\System.Runtime.dll
           C:\Program Files\dotnet\packs\Microsoft.NETCore.App.Ref\8.0.6\ref\net8.0\System.Runtime.Extensions.dll
           C:\Program Files\dotnet\packs\Microsoft.NETCore.App.Ref\8.0.6\ref\net8.0\System.Runtime.Handles.dll
           C:\Program Files\dotnet\packs\Microsoft.NETCore.App.Ref\8.0.6\ref\net8.0\System.Runtime.InteropServices.dll
           C:\Program Files\dotnet\packs\Microsoft.NETCore.App.Ref\8.0.6\ref\net8.0\System.Runtime.InteropServices.JavaScript.dll
           C:\Program Files\dotnet\packs\Microsoft.NETCore.App.Ref\8.0.6\ref\net8.0\System.Runtime.InteropServices.RuntimeInformation.dll
           C:\Program Files\dotnet\packs\Microsoft.NETCore.App.Ref\8.0.6\ref\net8.0\System.Runtime.Intrinsics.dll
           C:\Program Files\dotnet\packs\Microsoft.NETCore.App.Ref\8.0.6\ref\net8.0\System.Runtime.Loader.dll
           C:\Program Files\dotnet\packs\Microsoft.NETCore.App.Ref\8.0.6\ref\net8.0\System.Runtime.Numerics.dll
           C:\Program Files\dotnet\packs\Microsoft.NETCore.App.Ref\8.0.6\ref\net8.0\System.Runtime.Serialization.dll
           C:\Program Files\dotnet\packs\Microsoft.NETCore.App.Ref\8.0.6\ref\net8.0\System.Runtime.Serialization.Formatters.dll
           C:\Program Files\dotnet\packs\Microsoft.NETCore.App.Ref\8.0.6\ref\net8.0\System.Runtime.Serialization.Json.dll
           C:\Program Files\dotnet\packs\Microsoft.NETCore.App.Ref\8.0.6\ref\net8.0\System.Runtime.Serialization.Primitives.dll
           C:\Program Files\dotnet\packs\Microsoft.NETCore.App.Ref\8.0.6\ref\net8.0\System.Runtime.Serialization.Xml.dll
           C:\Program Files\dotnet\packs\Microsoft.NETCore.App.Ref\8.0.6\ref\net8.0\System.Security.AccessControl.dll
           C:\Program Files\dotnet\packs\Microsoft.NETCore.App.Ref\8.0.6\ref\net8.0\System.Security.Claims.dll
           C:\Program Files\dotnet\packs\Microsoft.NETCore.App.Ref\8.0.6\ref\net8.0\System.Security.Cryptography.Algorithms.dll
           C:\Program Files\dotnet\packs\Microsoft.NETCore.App.Ref\8.0.6\ref\net8.0\System.Security.Cryptography.Cng.dll
           C:\Program Files\dotnet\packs\Microsoft.NETCore.App.Ref\8.0.6\ref\net8.0\System.Security.Cryptography.Csp.dll
           C:\Program Files\dotnet\packs\Microsoft.NETCore.App.Ref\8.0.6\ref\net8.0\System.Security.Cryptography.dll
           C:\Program Files\dotnet\packs\Microsoft.NETCore.App.Ref\8.0.6\ref\net8.0\System.Security.Cryptography.Encoding.dll
           C:\Program Files\dotnet\packs\Microsoft.NETCore.App.Ref\8.0.6\ref\net8.0\System.Security.Cryptography.OpenSsl.dll
           C:\Program Files\dotnet\packs\Microsoft.NETCore.App.Ref\8.0.6\ref\net8.0\System.Security.Cryptography.Primitives.dll
           C:\Program Files\dotnet\packs\Microsoft.NETCore.App.Ref\8.0.6\ref\net8.0\System.Security.Cryptography.X509Certificates.dll
           C:\Program Files\dotnet\packs\Microsoft.AspNetCore.App.Ref\8.0.6\ref\net8.0\System.Security.Cryptography.Xml.dll
           C:\Program Files\dotnet\packs\Microsoft.NETCore.App.Ref\8.0.6\ref\net8.0\System.Security.dll
           C:\Program Files\dotnet\packs\Microsoft.NETCore.App.Ref\8.0.6\ref\net8.0\System.Security.Principal.dll
           C:\Program Files\dotnet\packs\Microsoft.NETCore.App.Ref\8.0.6\ref\net8.0\System.Security.Principal.Windows.dll
           C:\Program Files\dotnet\packs\Microsoft.NETCore.App.Ref\8.0.6\ref\net8.0\System.Security.SecureString.dll
           C:\Program Files\dotnet\packs\Microsoft.NETCore.App.Ref\8.0.6\ref\net8.0\System.ServiceModel.Web.dll
           C:\Program Files\dotnet\packs\Microsoft.NETCore.App.Ref\8.0.6\ref\net8.0\System.ServiceProcess.dll
           C:\Program Files\dotnet\packs\Microsoft.NETCore.App.Ref\8.0.6\ref\net8.0\System.Text.Encoding.CodePages.dll
           C:\Program Files\dotnet\packs\Microsoft.NETCore.App.Ref\8.0.6\ref\net8.0\System.Text.Encoding.dll
           C:\Program Files\dotnet\packs\Microsoft.NETCore.App.Ref\8.0.6\ref\net8.0\System.Text.Encoding.Extensions.dll
           C:\Program Files\dotnet\packs\Microsoft.NETCore.App.Ref\8.0.6\ref\net8.0\System.Text.Encodings.Web.dll
           C:\Program Files\dotnet\packs\Microsoft.NETCore.App.Ref\8.0.6\ref\net8.0\System.Text.Json.dll
           C:\Program Files\dotnet\packs\Microsoft.NETCore.App.Ref\8.0.6\ref\net8.0\System.Text.RegularExpressions.dll
           C:\Program Files\dotnet\packs\Microsoft.NETCore.App.Ref\8.0.6\ref\net8.0\System.Threading.Channels.dll
           C:\Program Files\dotnet\packs\Microsoft.NETCore.App.Ref\8.0.6\ref\net8.0\System.Threading.dll
           C:\Program Files\dotnet\packs\Microsoft.NETCore.App.Ref\8.0.6\ref\net8.0\System.Threading.Overlapped.dll
           C:\Program Files\dotnet\packs\Microsoft.AspNetCore.App.Ref\8.0.6\ref\net8.0\System.Threading.RateLimiting.dll
           C:\Program Files\dotnet\packs\Microsoft.NETCore.App.Ref\8.0.6\ref\net8.0\System.Threading.Tasks.Dataflow.dll
           C:\Program Files\dotnet\packs\Microsoft.NETCore.App.Ref\8.0.6\ref\net8.0\System.Threading.Tasks.dll
           C:\Program Files\dotnet\packs\Microsoft.NETCore.App.Ref\8.0.6\ref\net8.0\System.Threading.Tasks.Extensions.dll
           C:\Program Files\dotnet\packs\Microsoft.NETCore.App.Ref\8.0.6\ref\net8.0\System.Threading.Tasks.Parallel.dll
           C:\Program Files\dotnet\packs\Microsoft.NETCore.App.Ref\8.0.6\ref\net8.0\System.Threading.Thread.dll
           C:\Program Files\dotnet\packs\Microsoft.NETCore.App.Ref\8.0.6\ref\net8.0\System.Threading.ThreadPool.dll
           C:\Program Files\dotnet\packs\Microsoft.NETCore.App.Ref\8.0.6\ref\net8.0\System.Threading.Timer.dll
           C:\Program Files\dotnet\packs\Microsoft.NETCore.App.Ref\8.0.6\ref\net8.0\System.Transactions.dll
           C:\Program Files\dotnet\packs\Microsoft.NETCore.App.Ref\8.0.6\ref\net8.0\System.Transactions.Local.dll
           C:\Program Files\dotnet\packs\Microsoft.NETCore.App.Ref\8.0.6\ref\net8.0\System.ValueTuple.dll
           C:\Program Files\dotnet\packs\Microsoft.NETCore.App.Ref\8.0.6\ref\net8.0\System.Web.dll
           C:\Program Files\dotnet\packs\Microsoft.NETCore.App.Ref\8.0.6\ref\net8.0\System.Web.HttpUtility.dll
           C:\Program Files\dotnet\packs\Microsoft.NETCore.App.Ref\8.0.6\ref\net8.0\System.Windows.dll
           C:\Program Files\dotnet\packs\Microsoft.NETCore.App.Ref\8.0.6\ref\net8.0\System.Xml.dll
           C:\Program Files\dotnet\packs\Microsoft.NETCore.App.Ref\8.0.6\ref\net8.0\System.Xml.Linq.dll
           C:\Program Files\dotnet\packs\Microsoft.NETCore.App.Ref\8.0.6\ref\net8.0\System.Xml.ReaderWriter.dll
           C:\Program Files\dotnet\packs\Microsoft.NETCore.App.Ref\8.0.6\ref\net8.0\System.Xml.Serialization.dll
           C:\Program Files\dotnet\packs\Microsoft.NETCore.App.Ref\8.0.6\ref\net8.0\System.Xml.XDocument.dll
           C:\Program Files\dotnet\packs\Microsoft.NETCore.App.Ref\8.0.6\ref\net8.0\System.Xml.XmlDocument.dll
           C:\Program Files\dotnet\packs\Microsoft.NETCore.App.Ref\8.0.6\ref\net8.0\System.Xml.XmlSerializer.dll
           C:\Program Files\dotnet\packs\Microsoft.NETCore.App.Ref\8.0.6\ref\net8.0\System.Xml.XPath.dll
           C:\Program Files\dotnet\packs\Microsoft.NETCore.App.Ref\8.0.6\ref\net8.0\System.Xml.XPath.XDocument.dll
           D:\Tito Pedraza\OneDrive\Proyectos\Codigo Fuente\repos\HumanCore\src\TalenHuman.Domain\obj\Debug\net8.0\ref\TalenHuman.Domain.dll
           C:\Program Files\dotnet\packs\Microsoft.NETCore.App.Ref\8.0.6\ref\net8.0\WindowsBase.dll
           obj\Debug\net8.0\TalenHuman.Application.csproj.CoreCompileInputs.cache
           C:\Program Files\dotnet\sdk\8.0.302\Sdks\Microsoft.NET.Sdk\targets\..\analyzers\Microsoft.CodeAnalysis.CSharp.NetAnalyzers.dll
           C:\Program Files\dotnet\sdk\8.0.302\Sdks\Microsoft.NET.Sdk\targets\..\analyzers\Microsoft.CodeAnalysis.NetAnalyzers.dll
           C:\Users\messa\.nuget\packages\microsoft.entityframeworkcore.analyzers\8.0.0\analyzers\dotnet\cs\Microsoft.EntityFrameworkCore.Analyzers.dll
           C:\Users\messa\.nuget\packages\microsoft.extensions.logging.abstractions\8.0.2\analyzers\dotnet\roslyn4.4\cs\Microsoft.Extensions.Logging.Generators.dll
           C:\Program Files\dotnet\packs\Microsoft.NETCore.App.Ref\8.0.6\analyzers/dotnet/cs/Microsoft.Interop.ComInterfaceGenerator.dll
           C:\Program Files\dotnet\packs\Microsoft.NETCore.App.Ref\8.0.6\analyzers/dotnet/cs/Microsoft.Interop.JavaScript.JSImportGenerator.dll
           C:\Program Files\dotnet\packs\Microsoft.NETCore.App.Ref\8.0.6\analyzers/dotnet/cs/Microsoft.Interop.LibraryImportGenerator.dll
           C:\Program Files\dotnet\packs\Microsoft.NETCore.App.Ref\8.0.6\analyzers/dotnet/cs/Microsoft.Interop.SourceGeneration.dll
           C:\Program Files\dotnet\packs\Microsoft.NETCore.App.Ref\8.0.6\analyzers/dotnet/cs/System.Text.Json.SourceGeneration.dll
           C:\Program Files\dotnet\packs\Microsoft.NETCore.App.Ref\8.0.6\analyzers/dotnet/cs/System.Text.RegularExpressions.Generator.dll
           C:\Program Files\dotnet\packs\Microsoft.AspNetCore.App.Ref\8.0.6\analyzers/dotnet/cs/Microsoft.AspNetCore.App.Analyzers.dll
           C:\Program Files\dotnet\packs\Microsoft.AspNetCore.App.Ref\8.0.6\analyzers/dotnet/cs/Microsoft.AspNetCore.App.CodeFixes.dll
           C:\Program Files\dotnet\packs\Microsoft.AspNetCore.App.Ref\8.0.6\analyzers/dotnet/cs/Microsoft.AspNetCore.Components.Analyzers.dll
           C:\Program Files\dotnet\packs\Microsoft.AspNetCore.App.Ref\8.0.6\analyzers/dotnet/roslyn4.4/cs/Microsoft.Extensions.Options.SourceGeneration.dll
           obj\Debug\net8.0\TalenHuman.Application.GeneratedMSBuildEditorConfig.editorconfig
           C:\Program Files\dotnet\sdk\8.0.302\Sdks\Microsoft.NET.Sdk\analyzers\build\config\analysislevel_8_default.globalconfig
           D:\Tito Pedraza\OneDrive\Proyectos\Codigo Fuente\repos\HumanCore\src\TalenHuman.Application\obj\TalenHuman.Application.csproj.nuget.g.targets
           C:\Program Files\dotnet\sdk\8.0.302\Current\Microsoft.Common.targets\ImportAfter\Microsoft.TestPlatform.ImportAfter.targets
           obj\Debug\net8.0\TalenHuman.Application.sourcelink.json
       Output files: 
           obj\Debug\net8.0\TalenHuman.Application.dll
           obj\Debug\net8.0\refint\TalenHuman.Application.dll
           obj\Debug\net8.0\TalenHuman.Application.pdb
   2:8>Done building target "CoreCompile" in project "TalenHuman.Application.csproj".
       Target "_TouchLastBuildWithSkipAnalyzers" skipped, due to false condition; ('$(_SkipAnalyzers)' == 'true') was evaluated as ('' == 'true').
       Target "_TimeStampAfterCompile" skipped, due to false condition; ('$(RunPostBuildEvent)'=='OnOutputUpdated' or ('$(RegisterForComInterop)'=='true' and '$(OutputType)'=='library')) was evaluated as (''=='OnOutputUpdated' or (''=='true' and 'Library'=='library')).
   2:8>Target "AfterCompile" in file "C:\Program Files\dotnet\sdk\8.0.302\Microsoft.Common.CurrentVersion.targets" from project "D:\Tito Pedraza\OneDrive\Proyectos\Codigo Fuente\repos\HumanCore\src\TalenHuman.Application\TalenHuman.Application.csproj" (target "Compile" depends on it):
   2:8>Done building target "AfterCompile" in project "TalenHuman.Application.csproj".
       Target "_CreateAppHost" skipped, due to false condition; ('$(ComputeNETCoreBuildOutputFiles)' == 'true' and
                            '$(AppHostSourcePath)' != '' and
                            Exists('@(IntermediateAssembly)') and
                            Exists('$(AppHostSourcePath)')) was evaluated as ('true' == 'true' and
                            '' != '' and
                            Exists('obj\Debug\net8.0\TalenHuman.Application.dll') and
                            Exists('')).
       Target "_CreateComHost" skipped, due to false condition; ('$(ComputeNETCoreBuildOutputFiles)' == 'true' and
                            '$(ComHostIntermediatePath)' != '' and
                            Exists('@(IntermediateAssembly)') and
                            Exists('$(ComHostSourcePath)')) was evaluated as ('true' == 'true' and
                            '' != '' and
                            Exists('obj\Debug\net8.0\TalenHuman.Application.dll') and
                            Exists('')).
       Target "_GetIjwHostPaths" skipped, due to false condition; ('$(UseIJWHost)' == 'true') was evaluated as ('' == 'true').
   2:8>Target "Compile" in file "C:\Program Files\dotnet\sdk\8.0.302\Microsoft.Common.CurrentVersion.targets" from project "D:\Tito Pedraza\OneDrive\Proyectos\Codigo Fuente\repos\HumanCore\src\TalenHuman.Application\TalenHuman.Application.csproj" (target "CoreBuild" depends on it):
   2:8>Done building target "Compile" in project "TalenHuman.Application.csproj".
       Target "ExportWindowsMDFile" skipped, due to false condition; ('$(ExportWinMDFile)' == 'true') was evaluated as ('' == 'true').
       Target "UnmanagedUnregistration" skipped, due to false condition; ((('$(_AssemblyTimestampBeforeCompile)' != '$(_AssemblyTimestampAfterCompile)' or '$(RegisterForComInterop)' != 'true' or '$(OutputType)' != 'library') or
                           ('$(_AssemblyTimestampBeforeCompile)' == '')) and
                          Exists('@(_UnmanagedRegistrationCache)')) was evaluated as ((('' != '' or '' != 'true' or 'Library' != 'library') or
                           ('' == '')) and
                          Exists('obj\TalenHuman.Application.csproj.UnmanagedRegistration.cache')).
       Target "GenerateSerializationAssemblies" skipped, due to false condition; ('$(_SGenGenerateSerializationAssembliesConfig)' == 'On' or ('@(WebReferenceUrl)'!='' and '$(_SGenGenerateSerializationAssembliesConfig)' == 'Auto')) was evaluated as ('Off' == 'On' or (''!='' and 'Off' == 'Auto')).
   2:8>Target "_GenerateSatelliteAssemblyInputs" in file "C:\Program Files\dotnet\sdk\8.0.302\Microsoft.Common.CurrentVersion.targets" from project "D:\Tito Pedraza\OneDrive\Proyectos\Codigo Fuente\repos\HumanCore\src\TalenHuman.Application\TalenHuman.Application.csproj" (target "CreateSatelliteAssemblies" depends on it):
       Task "Warning" skipped, due to false condition; ('@(ManifestResourceWithCulture)'!='' and '%(ManifestResourceWithCulture.EmittedForCompatibilityOnly)'=='') was evaluated as (''!='' and ''=='').
       Task "Warning" skipped, due to false condition; ('@(ManifestNonResxWithCultureOnDisk)'!='' and '%(ManifestNonResxWithCultureOnDisk.EmittedForCompatibilityOnly)'=='') was evaluated as (''!='' and ''=='').
   2:8>Done building target "_GenerateSatelliteAssemblyInputs" in project "TalenHuman.Application.csproj".
       Target "ComputeIntermediateSatelliteAssemblies" skipped, due to false condition; (@(EmbeddedResource->'%(WithCulture)') != '') was evaluated as ( != '').
       Target "GenerateSatelliteAssemblies" skipped, due to false condition; ('@(_SatelliteAssemblyResourceInputs)' != '' and '$(GenerateSatelliteAssembliesForCore)' != 'true') was evaluated as ('' != '' and 'true' != 'true').
       Target "CoreGenerateSatelliteAssemblies" skipped, due to false condition; ('@(_SatelliteAssemblyResourceInputs)' != ''  and '$(GenerateSatelliteAssembliesForCore)' == 'true' ) was evaluated as ('' != ''  and 'true' == 'true' ).
   2:8>Target "CreateSatelliteAssemblies" in file "C:\Program Files\dotnet\sdk\8.0.302\Microsoft.Common.CurrentVersion.targets" from project "D:\Tito Pedraza\OneDrive\Proyectos\Codigo Fuente\repos\HumanCore\src\TalenHuman.Application\TalenHuman.Application.csproj" (target "CoreBuild" depends on it):
   2:8>Done building target "CreateSatelliteAssemblies" in project "TalenHuman.Application.csproj".
       Target "GenerateManifests" skipped, due to false condition; ('$(GenerateClickOnceManifests)'=='true' or '@(NativeReference)'!='' or '@(ResolvedIsolatedComModules)'!='' or '$(GenerateAppxManifest)' == 'true') was evaluated as (''=='true' or ''!='' or ''!='' or '' == 'true').
   2:8>Target "GetTargetPathWithTargetPlatformMoniker" in file "C:\Program Files\dotnet\sdk\8.0.302\Microsoft.Common.CurrentVersion.targets" from project "D:\Tito Pedraza\OneDrive\Proyectos\Codigo Fuente\repos\HumanCore\src\TalenHuman.Application\TalenHuman.Application.csproj" (target "GetTargetPath" depends on it):
   2:8>Done building target "GetTargetPathWithTargetPlatformMoniker" in project "TalenHuman.Application.csproj".
   2:8>Target "GetTargetPath" in file "C:\Program Files\dotnet\sdk\8.0.302\Microsoft.Common.CurrentVersion.targets" from project "D:\Tito Pedraza\OneDrive\Proyectos\Codigo Fuente\repos\HumanCore\src\TalenHuman.Application\TalenHuman.Application.csproj" (target "CoreBuild" depends on it):
   2:8>Done building target "GetTargetPath" in project "TalenHuman.Application.csproj".
       Target "ComputeIntermediateSatelliteAssemblies" skipped, due to false condition; (@(EmbeddedResource->'%(WithCulture)') != '') was evaluated as ( != '').
   2:8>Target "_CopyFilesMarkedCopyLocal" in file "C:\Program Files\dotnet\sdk\8.0.302\Microsoft.Common.CurrentVersion.targets" from project "D:\Tito Pedraza\OneDrive\Proyectos\Codigo Fuente\repos\HumanCore\src\TalenHuman.Application\TalenHuman.Application.csproj" (target "CopyFilesToOutputDirectory" depends on it):
       Using "Copy" task from assembly "Microsoft.Build.Tasks.Core, Version=15.1.0.0, Culture=neutral, PublicKeyToken=b03f5f7f11d50a3a".
       Task "Copy"
         Did not copy from file "D:\Tito Pedraza\OneDrive\Proyectos\Codigo Fuente\repos\HumanCore\src\TalenHuman.Domain\bin\Debug\net8.0\TalenHuman.Domain.dll" to file "bin\Debug\net8.0\TalenHuman.Domain.dll" because the "SkipUnchangedFiles" parameter was set to "true" in the project and the files' sizes and timestamps match.
         Did not copy from file "D:\Tito Pedraza\OneDrive\Proyectos\Codigo Fuente\repos\HumanCore\src\TalenHuman.Domain\bin\Debug\net8.0\TalenHuman.Domain.pdb" to file "bin\Debug\net8.0\TalenHuman.Domain.pdb" because the "SkipUnchangedFiles" parameter was set to "true" in the project and the files' sizes and timestamps match.
       Done executing task "Copy".
       Task "Touch" skipped, due to false condition; ('@(ReferencesCopiedInThisBuild)' != '' and '$(WroteAtLeastOneFile)' == 'true') was evaluated as ('bin\Debug\net8.0\TalenHuman.Domain.dll;bin\Debug\net8.0\TalenHuman.Domain.pdb' != '' and 'False' == 'true').
   2:8>Done building target "_CopyFilesMarkedCopyLocal" in project "TalenHuman.Application.csproj".
       Target "AssignTargetPaths" skipped. Previously built successfully.
       Target "AssignProjectConfiguration" skipped. Previously built successfully.
       Target "_SplitProjectReferencesByFileExistence" skipped. Previously built successfully.
       Target "_GetProjectReferenceTargetFrameworkProperties" skipped. Previously built successfully.
   2:8>Target "_PopulateCommonStateForGetCopyToOutputDirectoryItems" in file "C:\Program Files\dotnet\sdk\8.0.302\Microsoft.Common.CurrentVersion.targets" from project "D:\Tito Pedraza\OneDrive\Proyectos\Codigo Fuente\repos\HumanCore\src\TalenHuman.Application\TalenHuman.Application.csproj" (target "GetCopyToOutputDirectoryItems" depends on it):
   2:8>Done building target "_PopulateCommonStateForGetCopyToOutputDirectoryItems" in project "TalenHuman.Application.csproj".
       Target "AddDepsJsonAndRuntimeConfigToCopyItemsForReferencingProjects" skipped, due to false condition; ('$(HasRuntimeOutput)' == 'true') was evaluated as ('' == 'true').
   2:8>Target "GetCopyToOutputDirectoryItems" in file "C:\Program Files\dotnet\sdk\8.0.302\Microsoft.Common.CurrentVersion.targets" from project "D:\Tito Pedraza\OneDrive\Proyectos\Codigo Fuente\repos\HumanCore\src\TalenHuman.Application\TalenHuman.Application.csproj" (target "_CopySourceItemsToOutputDirectory" depends on it):
       Using "CallTarget" task from assembly "Microsoft.Build.Tasks.Core, Version=15.1.0.0, Culture=neutral, PublicKeyToken=b03f5f7f11d50a3a".
       Task "CallTarget"
       Target "_PopulateCommonStateForGetCopyToOutputDirectoryItems" skipped. Previously built successfully.
       Target "_AddOutputPathToGlobalPropertiesToRemove" skipped. Previously built successfully.
   2:8>Target "_GetCopyToOutputDirectoryItemsFromTransitiveProjectReferences" in file "C:\Program Files\dotnet\sdk\8.0.302\Microsoft.Common.CurrentVersion.targets" from project "D:\Tito Pedraza\OneDrive\Proyectos\Codigo Fuente\repos\HumanCore\src\TalenHuman.Application\TalenHuman.Application.csproj" (target "GetCopyToOutputDirectoryItems" depends on it):
       Task "MSBuild"
         Global Properties:
           Configuration=Debug
           Platform=AnyCPU
         Removing Properties for project "..\TalenHuman.Domain\TalenHuman.Domain.csproj":
           TargetFramework
           RuntimeIdentifier
           SelfContained
   2:8>Project "D:\Tito Pedraza\OneDrive\Proyectos\Codigo Fuente\repos\HumanCore\src\TalenHuman.Application\TalenHuman.Application.csproj" (2:8) is building "D:\Tito Pedraza\OneDrive\Proyectos\Codigo Fuente\repos\HumanCore\src\TalenHuman.Domain\TalenHuman.Domain.csproj" (3:15) on node 2 (GetCopyToOutputDirectoryItems target(s)).
  3:15>Target "GetCopyToOutputDirectoryItems" skipped. Previously built successfully.
  3:15>Done Building Project "D:\Tito Pedraza\OneDrive\Proyectos\Codigo Fuente\repos\HumanCore\src\TalenHuman.Domain\TalenHuman.Domain.csproj" (GetCopyToOutputDirectoryItems target(s)).
   2:8>Done executing task "MSBuild".
       Task "AssignTargetPath"
       Done executing task "AssignTargetPath".
   2:8>Done building target "_GetCopyToOutputDirectoryItemsFromTransitiveProjectReferences" in project "TalenHuman.Application.csproj".
       Done executing task "CallTarget".
       Task "CallTarget"
       Target "AssignTargetPaths" skipped. Previously built successfully.
       Target "_PopulateCommonStateForGetCopyToOutputDirectoryItems" skipped. Previously built successfully.
       Target "AddDepsJsonAndRuntimeConfigToCopyItemsForReferencingProjects" skipped, due to false condition; ('$(HasRuntimeOutput)' == 'true') was evaluated as ('' == 'true').
   2:8>Target "_GetCopyToOutputDirectoryItemsFromThisProject" in file "C:\Program Files\dotnet\sdk\8.0.302\Microsoft.Common.CurrentVersion.targets" from project "D:\Tito Pedraza\OneDrive\Proyectos\Codigo Fuente\repos\HumanCore\src\TalenHuman.Application\TalenHuman.Application.csproj" (target "GetCopyToOutputDirectoryItems" depends on it):
       Task "AssignTargetPath"
       Done executing task "AssignTargetPath".
   2:8>Done building target "_GetCopyToOutputDirectoryItemsFromThisProject" in project "TalenHuman.Application.csproj".
       Done executing task "CallTarget".
   2:8>Done building target "GetCopyToOutputDirectoryItems" in project "TalenHuman.Application.csproj".
   2:8>Target "_CopyOutOfDateSourceItemsToOutputDirectory" in file "C:\Program Files\dotnet\sdk\8.0.302\Microsoft.Common.CurrentVersion.targets" from project "D:\Tito Pedraza\OneDrive\Proyectos\Codigo Fuente\repos\HumanCore\src\TalenHuman.Application\TalenHuman.Application.csproj" (target "_CopySourceItemsToOutputDirectory" depends on it):
       Skipping target "_CopyOutOfDateSourceItemsToOutputDirectory" because all output files are up-to-date with respect to the input files.
       Input files: 
           C:\Users\messa\.nuget\packages\questpdf\2024.12.1\LatoFont\Lato-Black.ttf
           C:\Users\messa\.nuget\packages\questpdf\2024.12.1\LatoFont\Lato-BlackItalic.ttf
           C:\Users\messa\.nuget\packages\questpdf\2024.12.1\LatoFont\Lato-Bold.ttf
           C:\Users\messa\.nuget\packages\questpdf\2024.12.1\LatoFont\Lato-BoldItalic.ttf
           C:\Users\messa\.nuget\packages\questpdf\2024.12.1\LatoFont\Lato-ExtraBold.ttf
           C:\Users\messa\.nuget\packages\questpdf\2024.12.1\LatoFont\Lato-ExtraBoldItalic.ttf
           C:\Users\messa\.nuget\packages\questpdf\2024.12.1\LatoFont\Lato-ExtraLight.ttf
           C:\Users\messa\.nuget\packages\questpdf\2024.12.1\LatoFont\Lato-ExtraLightItalic.ttf
           C:\Users\messa\.nuget\packages\questpdf\2024.12.1\LatoFont\Lato-Italic.ttf
           C:\Users\messa\.nuget\packages\questpdf\2024.12.1\LatoFont\Lato-Light.ttf
           C:\Users\messa\.nuget\packages\questpdf\2024.12.1\LatoFont\Lato-LightItalic.ttf
           C:\Users\messa\.nuget\packages\questpdf\2024.12.1\LatoFont\Lato-Medium.ttf
           C:\Users\messa\.nuget\packages\questpdf\2024.12.1\LatoFont\Lato-MediumItalic.ttf
           C:\Users\messa\.nuget\packages\questpdf\2024.12.1\LatoFont\Lato-Regular.ttf
           C:\Users\messa\.nuget\packages\questpdf\2024.12.1\LatoFont\Lato-SemiBold.ttf
           C:\Users\messa\.nuget\packages\questpdf\2024.12.1\LatoFont\Lato-SemiBoldItalic.ttf
           C:\Users\messa\.nuget\packages\questpdf\2024.12.1\LatoFont\Lato-Thin.ttf
           C:\Users\messa\.nuget\packages\questpdf\2024.12.1\LatoFont\Lato-ThinItalic.ttf
           C:\Users\messa\.nuget\packages\questpdf\2024.12.1\LatoFont\OFL.txt
       Output files: 
           bin\Debug\net8.0\LatoFont\Lato-Black.ttf
           bin\Debug\net8.0\LatoFont\Lato-BlackItalic.ttf
           bin\Debug\net8.0\LatoFont\Lato-Bold.ttf
           bin\Debug\net8.0\LatoFont\Lato-BoldItalic.ttf
           bin\Debug\net8.0\LatoFont\Lato-ExtraBold.ttf
           bin\Debug\net8.0\LatoFont\Lato-ExtraBoldItalic.ttf
           bin\Debug\net8.0\LatoFont\Lato-ExtraLight.ttf
           bin\Debug\net8.0\LatoFont\Lato-ExtraLightItalic.ttf
           bin\Debug\net8.0\LatoFont\Lato-Italic.ttf
           bin\Debug\net8.0\LatoFont\Lato-Light.ttf
           bin\Debug\net8.0\LatoFont\Lato-LightItalic.ttf
           bin\Debug\net8.0\LatoFont\Lato-Medium.ttf
           bin\Debug\net8.0\LatoFont\Lato-MediumItalic.ttf
           bin\Debug\net8.0\LatoFont\Lato-Regular.ttf
           bin\Debug\net8.0\LatoFont\Lato-SemiBold.ttf
           bin\Debug\net8.0\LatoFont\Lato-SemiBoldItalic.ttf
           bin\Debug\net8.0\LatoFont\Lato-Thin.ttf
           bin\Debug\net8.0\LatoFont\Lato-ThinItalic.ttf
           bin\Debug\net8.0\LatoFont\OFL.txt
   2:8>Done building target "_CopyOutOfDateSourceItemsToOutputDirectory" in project "TalenHuman.Application.csproj".
       Target "_CopyOutOfDateSourceItemsToOutputDirectoryAlways" skipped, due to false condition; ( '@(_SourceItemsToCopyToOutputDirectoryAlways)' != '' ) was evaluated as ( '' != '' ).
   2:8>Target "_CopySourceItemsToOutputDirectory" in file "C:\Program Files\dotnet\sdk\8.0.302\Microsoft.Common.CurrentVersion.targets" from project "D:\Tito Pedraza\OneDrive\Proyectos\Codigo Fuente\repos\HumanCore\src\TalenHuman.Application\TalenHuman.Application.csproj" (target "CopyFilesToOutputDirectory" depends on it):
   2:8>Done building target "_CopySourceItemsToOutputDirectory" in project "TalenHuman.Application.csproj".
       Target "_CopyAppConfigFile" skipped, due to false condition; ( '@(AppConfigWithTargetPath)' != '' ) was evaluated as ( '' != '' ).
       Target "_CopyManifestFiles" skipped, due to false condition; ( '$(_DeploymentCopyApplicationManifest)'=='true' or '$(GenerateClickOnceManifests)'=='true' ) was evaluated as ( ''=='true' or ''=='true' ).
   2:8>Target "_CheckForCompileOutputs" in file "C:\Program Files\dotnet\sdk\8.0.302\Microsoft.Common.CurrentVersion.targets" from project "D:\Tito Pedraza\OneDrive\Proyectos\Codigo Fuente\repos\HumanCore\src\TalenHuman.Application\TalenHuman.Application.csproj" (target "CopyFilesToOutputDirectory" depends on it):
   2:8>Done building target "_CheckForCompileOutputs" in project "TalenHuman.Application.csproj".
       Target "_SGenCheckForOutputs" skipped, due to false condition; ('$(_SGenGenerateSerializationAssembliesConfig)' == 'On' or ('@(WebReferenceUrl)'!='' and '$(_SGenGenerateSerializationAssembliesConfig)' == 'Auto')) was evaluated as ('Off' == 'On' or (''!='' and 'Off' == 'Auto')).
       Target "_DefaultMicrosoftNETPlatformLibrary" skipped. Previously built successfully.
       Target "_HandlePackageFileConflicts" skipped. Previously built successfully.
       Target "ResolveAssemblyReferences" skipped. Previously built successfully.
   2:8>Target "_ComputeReferenceAssemblies" in file "C:\Program Files\dotnet\sdk\8.0.302\Sdks\Microsoft.NET.Sdk\targets\Microsoft.NET.Sdk.targets" from project "D:\Tito Pedraza\OneDrive\Proyectos\Codigo Fuente\repos\HumanCore\src\TalenHuman.Application\TalenHuman.Application.csproj" (target "GenerateBuildDependencyFile" depends on it):
   2:8>Done building target "_ComputeReferenceAssemblies" in project "TalenHuman.Application.csproj".
   2:8>Target "_ComputeUserRuntimeAssemblies" in file "C:\Program Files\dotnet\sdk\8.0.302\Sdks\Microsoft.NET.Sdk\targets\Microsoft.NET.Sdk.targets" from project "D:\Tito Pedraza\OneDrive\Proyectos\Codigo Fuente\repos\HumanCore\src\TalenHuman.Application\TalenHuman.Application.csproj" (target "GenerateBuildDependencyFile" depends on it):
   2:8>Done building target "_ComputeUserRuntimeAssemblies" in project "TalenHuman.Application.csproj".
       Target "ResolveRuntimePackAssets" skipped, due to false condition; ('@(RuntimePack)' != '') was evaluated as ('' != '').
       Target "_ComputePackageReferencePublish" skipped. Previously built successfully.
       Target "ComputeDependencyFileCompilerOptions" skipped, due to false condition; ('$(PreserveCompilationContext)' == 'true') was evaluated as ('' == 'true').
   2:8>Target "GenerateBuildDependencyFile" in file "C:\Program Files\dotnet\sdk\8.0.302\Sdks\Microsoft.NET.Sdk\targets\Microsoft.NET.Sdk.targets" from project "D:\Tito Pedraza\OneDrive\Proyectos\Codigo Fuente\repos\HumanCore\src\TalenHuman.Application\TalenHuman.Application.csproj" (target "CopyFilesToOutputDirectory" depends on it):
       Skipping target "GenerateBuildDependencyFile" because all output files are up-to-date with respect to the input files.
       Input files: 
           D:\Tito Pedraza\OneDrive\Proyectos\Codigo Fuente\repos\HumanCore\src\TalenHuman.Application\obj\project.assets.json
           D:\Tito Pedraza\OneDrive\Proyectos\Codigo Fuente\repos\HumanCore\src\TalenHuman.Application\obj\Debug\net8.0\TalenHuman.Application.assets.cache
           D:\Tito Pedraza\OneDrive\Proyectos\Codigo Fuente\repos\HumanCore\src\TalenHuman.Application\obj\TalenHuman.Application.csproj.nuget.g.targets
           C:\Program Files\dotnet\sdk\8.0.302\Current\Microsoft.Common.targets\ImportAfter\Microsoft.TestPlatform.ImportAfter.targets
       Output files: D:\Tito Pedraza\OneDrive\Proyectos\Codigo Fuente\repos\HumanCore\src\TalenHuman.Application\bin\Debug\net8.0\TalenHuman.Application.deps.json
   2:8>Done building target "GenerateBuildDependencyFile" in project "TalenHuman.Application.csproj".
       Target "GenerateBuildRuntimeConfigurationFiles" skipped, due to false condition; ( '$(GenerateRuntimeConfigurationFiles)' == 'true') was evaluated as ( '' == 'true').
       Target "GenerateShimsAssets" skipped, due to false condition; ('$(PackAsTool)' == 'true' and $(PackAsToolShimRuntimeIdentifiers) != '' ) was evaluated as ('' == 'true' and  != '' ).
   2:8>Target "CopyFilesToOutputDirectory" in file "C:\Program Files\dotnet\sdk\8.0.302\Microsoft.Common.CurrentVersion.targets" from project "D:\Tito Pedraza\OneDrive\Proyectos\Codigo Fuente\repos\HumanCore\src\TalenHuman.Application\TalenHuman.Application.csproj" (target "PrepareForRun" depends on it):
       Task "Copy"
         Did not copy from file "obj\Debug\net8.0\TalenHuman.Application.dll" to file "bin\Debug\net8.0\TalenHuman.Application.dll" because the "SkipUnchangedFiles" parameter was set to "true" in the project and the files' sizes and timestamps match.
       Done executing task "Copy".
       Using "CopyRefAssembly" task from assembly "C:\Program Files\dotnet\sdk\8.0.302\Roslyn\Microsoft.Build.Tasks.CodeAnalysis.dll".
       Task "CopyRefAssembly"
         Reference assembly "D:\Tito Pedraza\OneDrive\Proyectos\Codigo Fuente\repos\HumanCore\src\TalenHuman.Application\obj\Debug\net8.0\ref\TalenHuman.Application.dll" already has latest information. Leaving it untouched.
       Done executing task "CopyRefAssembly".
       Task "Message"
         TalenHuman.Application -> D:\Tito Pedraza\OneDrive\Proyectos\Codigo Fuente\repos\HumanCore\src\TalenHuman.Application\bin\Debug\net8.0\TalenHuman.Application.dll
       Done executing task "Message".
       Task "Copy" skipped, due to false condition; ('@(AddModules)' != '') was evaluated as ('' != '').
       Task "Copy" skipped, due to false condition; ('$(_SGenDllCreated)'=='true') was evaluated as ('false'=='true').
       Task "Copy"
         Did not copy from file "obj\Debug\net8.0\TalenHuman.Application.pdb" to file "bin\Debug\net8.0\TalenHuman.Application.pdb" because the "SkipUnchangedFiles" parameter was set to "true" in the project and the files' sizes and timestamps match.
       Done executing task "Copy".
       Task "Copy" skipped, due to false condition; ('$(_DocumentationFileProduced)'=='true' and '$(CopyDocumentationFileToOutputDirectory)'=='true') was evaluated as ('false'=='true' and 'true'=='true').
       Task "Copy" skipped, due to false condition; ('@(IntermediateSatelliteAssembliesWithTargetPath)' != '') was evaluated as ('' != '').
       Task "Copy" skipped, due to false condition; ('@(ReferenceComWrappersToCopyLocal)' != '' or '@(ResolvedIsolatedComModules)' != '' or '@(_DeploymentLooseManifestFile)' != '' or '@(NativeReferenceFile)' != '' ) was evaluated as ('' != '' or '' != '' or '' != '' or '' != '' ).
       Task "Copy" skipped, due to false condition; ('$(SkipCopyWinMDArtifact)' != 'true' and '@(WinMDExpArtifacts)' != '') was evaluated as ('' != 'true' and '' != '').
       Task "Message" skipped, due to false condition; ('$(SkipCopyWinMDArtifact)' != 'true' and '$(_WindowsMetadataOutputPath)' != '') was evaluated as ('' != 'true' and '' != '').
   2:8>Done building target "CopyFilesToOutputDirectory" in project "TalenHuman.Application.csproj".
       Target "_CopyReferenceOnlyAssembliesForBuild" skipped, due to false condition; ('$(PreserveCompilationReferences)' == 'true') was evaluated as ('' == 'true').
   2:8>Target "PrepareForRun" in file "C:\Program Files\dotnet\sdk\8.0.302\Microsoft.Common.CurrentVersion.targets" from project "D:\Tito Pedraza\OneDrive\Proyectos\Codigo Fuente\repos\HumanCore\src\TalenHuman.Application\TalenHuman.Application.csproj" (target "CoreBuild" depends on it):
   2:8>Done building target "PrepareForRun" in project "TalenHuman.Application.csproj".
       Target "UnmanagedRegistration" skipped, due to false condition; ('$(RegisterForComInterop)'=='true' and '$(OutputType)'=='library') was evaluated as (''=='true' and 'Library'=='library').
       Target "_CheckForCompileOutputs" skipped. Previously built successfully.
       Target "_SGenCheckForOutputs" skipped, due to false condition; ('$(_SGenGenerateSerializationAssembliesConfig)' == 'On' or ('@(WebReferenceUrl)'!='' and '$(_SGenGenerateSerializationAssembliesConfig)' == 'Auto')) was evaluated as ('Off' == 'On' or (''!='' and 'Off' == 'Auto')).
   2:8>Target "_CleanGetCurrentAndPriorFileWrites" in file "C:\Program Files\dotnet\sdk\8.0.302\Microsoft.Common.CurrentVersion.targets" from project "D:\Tito Pedraza\OneDrive\Proyectos\Codigo Fuente\repos\HumanCore\src\TalenHuman.Application\TalenHuman.Application.csproj" (target "IncrementalClean" depends on it):
       Using "ReadLinesFromFile" task from assembly "Microsoft.Build.Tasks.Core, Version=15.1.0.0, Culture=neutral, PublicKeyToken=b03f5f7f11d50a3a".
       Task "ReadLinesFromFile"
       Done executing task "ReadLinesFromFile".
       Task "ConvertToAbsolutePath"
       Done executing task "ConvertToAbsolutePath".
       Using "FindUnderPath" task from assembly "Microsoft.Build.Tasks.Core, Version=15.1.0.0, Culture=neutral, PublicKeyToken=b03f5f7f11d50a3a".
       Task "FindUnderPath"
         Comparison path is "D:\Tito Pedraza\OneDrive\Proyectos\Codigo Fuente\repos\HumanCore\src\TalenHuman.Application".
       Done executing task "FindUnderPath".
       Task "FindUnderPath"
         Comparison path is "bin\Debug\net8.0\".
       Done executing task "FindUnderPath".
       Task "FindUnderPath"
         Comparison path is "obj\Debug\net8.0\".
       Done executing task "FindUnderPath".
       Task "RemoveDuplicates"
       Done executing task "RemoveDuplicates".
   2:8>Done building target "_CleanGetCurrentAndPriorFileWrites" in project "TalenHuman.Application.csproj".
   2:8>Target "IncrementalClean" in file "C:\Program Files\dotnet\sdk\8.0.302\Microsoft.Common.CurrentVersion.targets" from project "D:\Tito Pedraza\OneDrive\Proyectos\Codigo Fuente\repos\HumanCore\src\TalenHuman.Application\TalenHuman.Application.csproj" (target "CoreBuild" depends on it):
       Task "FindUnderPath"
         Comparison path is "bin\Debug\net8.0\".
       Done executing task "FindUnderPath".
       Task "FindUnderPath"
         Comparison path is "obj\Debug\net8.0\".
       Done executing task "FindUnderPath".
       Using "Delete" task from assembly "Microsoft.Build.Tasks.Core, Version=15.1.0.0, Culture=neutral, PublicKeyToken=b03f5f7f11d50a3a".
       Task "Delete"
       Done executing task "Delete".
       Task "RemoveDuplicates"
       Done executing task "RemoveDuplicates".
       Task "WriteLinesToFile" skipped, due to false condition; ('@(_CleanUnfilteredPriorFileWrites)'!='@(_CleanUniqueRemainingFileWritesAfterIncrementalClean)') was evaluated as ('D:\Tito Pedraza\OneDrive\Proyectos\Codigo Fuente\repos\HumanCore\src\TalenHuman.Application\bin\Debug\net8.0\TalenHuman.Application.deps.json;D:\Tito Pedraza\OneDrive\Proyectos\Codigo Fuente\repos\HumanCore\src\TalenHuman.Application\bin\Debug\net8.0\TalenHuman.Application.dll;D:\Tito Pedraza\OneDrive\Proyectos\Codigo Fuente\repos\HumanCore\src\TalenHuman.Application\bin\Debug\net8.0\TalenHuman.Application.pdb;...'!='D:\Tito Pedraza\OneDrive\Proyectos\Codigo Fuente\repos\HumanCore\src\TalenHuman.Application\bin\Debug\net8.0\TalenHuman.Application.deps.json;D:\Tito Pedraza\OneDrive\Proyectos\Codigo Fuente\repos\HumanCore\src\TalenHuman.Application\bin\Debug\net8.0\TalenHuman.Application.dll;D:\Tito Pedraza\OneDrive\Proyectos\Codigo Fuente\repos\HumanCore\src\TalenHuman.Application\bin\Debug\net8.0\TalenHuman.Application.pdb;...').
   2:8>Done building target "IncrementalClean" in project "TalenHuman.Application.csproj".
       Target "PostBuildEvent" skipped, due to false condition; ('$(PostBuildEvent)' != '' and ('$(RunPostBuildEvent)' != 'OnOutputUpdated' or '$(_AssemblyTimestampBeforeCompile)' != '$(_AssemblyTimestampAfterCompile)')) was evaluated as ('' != '' and ('' != 'OnOutputUpdated' or '' != '')).
       Target "GenerateBuildDependencyFile" skipped. Previously built successfully.
       Target "GenerateBuildRuntimeConfigurationFiles" skipped, due to false condition; ( '$(GenerateRuntimeConfigurationFiles)' == 'true') was evaluated as ( '' == 'true').
   2:8>Target "CoreBuild" in file "C:\Program Files\dotnet\sdk\8.0.302\Microsoft.Common.CurrentVersion.targets" from project "D:\Tito Pedraza\OneDrive\Proyectos\Codigo Fuente\repos\HumanCore\src\TalenHuman.Application\TalenHuman.Application.csproj" (target "Build" depends on it):
   2:8>Done building target "CoreBuild" in project "TalenHuman.Application.csproj".
   2:8>Target "AfterBuild" in file "C:\Program Files\dotnet\sdk\8.0.302\Microsoft.Common.CurrentVersion.targets" from project "D:\Tito Pedraza\OneDrive\Proyectos\Codigo Fuente\repos\HumanCore\src\TalenHuman.Application\TalenHuman.Application.csproj" (target "Build" depends on it):
   2:8>Done building target "AfterBuild" in project "TalenHuman.Application.csproj".
       Target "_CheckBrowserWorkloadNeededButNotAvailable" skipped, due to false condition; ('$(RuntimeIdentifier)' == 'browser-wasm' and '$(_BrowserWorkloadDisabled)' != 'true' and '$(WasmNativeWorkloadAvailable)' != 'true') was evaluated as ('' == 'browser-wasm' and '' != 'true' and '' != 'true').
       Target "_ErrorWorkloadDisabledForTFMLessThan6" skipped, due to false condition; ('$(_BrowserWorkloadNotSupportedForTFM)' == 'true') was evaluated as ('' == 'true').
       Target "_ErrorDualWasmThreadPropsOn7" skipped, due to false condition; ('$(TargetsNet7)' == 'true' and '$(RuntimeIdentifier)' == 'browser-wasm' and
           '$(BrowserWorkloadDisabled)' != 'true' and '$(WasmEnableThreads)' == 'true' and '$(WasmEnablePerfTrace)' == 'true') was evaluated as ('' == 'true' and '' == 'browser-wasm' and
           '' != 'true' and '' == 'true' and '' == 'true').
       Target "_CheckForInvalidConfigurationAndPlatform" skipped. Previously built successfully.
       Target "_CheckForInvalidConfigurationAndPlatform" skipped. Previously built successfully.
   2:8>Target "Build" in file "C:\Program Files\dotnet\sdk\8.0.302\Microsoft.Common.CurrentVersion.targets" from project "D:\Tito Pedraza\OneDrive\Proyectos\Codigo Fuente\repos\HumanCore\src\TalenHuman.Application\TalenHuman.Application.csproj" (entry point):
   2:8>Done building target "Build" in project "TalenHuman.Application.csproj".
       Target "_PackAsBuildAfterTarget" skipped, due to false condition; ('$(GeneratePackageOnBuild)' == 'true' AND '$(IsInnerBuild)' != 'true') was evaluated as ('false' == 'true' AND '' != 'true').
   2:8>Target "_CheckContainersPackage" in file "C:\Program Files\dotnet\sdk\8.0.302\Containers\build\Microsoft.NET.Build.Containers.targets" from project "D:\Tito Pedraza\OneDrive\Proyectos\Codigo Fuente\repos\HumanCore\src\TalenHuman.Application\TalenHuman.Application.csproj" (entry point):
       Task "Warning" skipped, due to false condition; ($(_ContainerPackageIsPresent)
               and (
                 ($(_SdkCanPublishWeb) and $(_IsWebProject)) or
                 ($(_SdkCanPublishWorker) and $(_IsWorkerProject)) or
                 ($(_SdkCanPublishConsole) and '$(EnableSdkContainerSupport)' == 'true')
               )) was evaluated as (false
               and (
                 (True and false) or
                 (True and false) or
                 (True and '' == 'true')
               )).
   2:8>Done building target "_CheckContainersPackage" in project "TalenHuman.Application.csproj".
   2:8>Done Building Project "D:\Tito Pedraza\OneDrive\Proyectos\Codigo Fuente\repos\HumanCore\src\TalenHuman.Application\TalenHuman.Application.csproj" (default targets).
   5:6>Project "D:\Tito Pedraza\OneDrive\Proyectos\Codigo Fuente\repos\HumanCore\src\TalenHuman.API\TalenHuman.API.csproj" (5:6) is building "D:\Tito Pedraza\OneDrive\Proyectos\Codigo Fuente\repos\HumanCore\src\TalenHuman.Application\TalenHuman.Application.csproj" (2:11) on node 4 (default targets).
  2:11>Target "Build" skipped. Previously built successfully.
  2:11>Done Building Project "D:\Tito Pedraza\OneDrive\Proyectos\Codigo Fuente\repos\HumanCore\src\TalenHuman.Application\TalenHuman.Application.csproj" (default targets).
   4:7>Project "D:\Tito Pedraza\OneDrive\Proyectos\Codigo Fuente\repos\HumanCore\src\TalenHuman.Infrastructure\TalenHuman.Infrastructure.csproj" (4:7) is building "D:\Tito Pedraza\OneDrive\Proyectos\Codigo Fuente\repos\HumanCore\src\TalenHuman.Application\TalenHuman.Application.csproj" (2:12) on node 4 (default targets).
  2:12>Target "Build" skipped. Previously built successfully.
  2:12>Done Building Project "D:\Tito Pedraza\OneDrive\Proyectos\Codigo Fuente\repos\HumanCore\src\TalenHuman.Application\TalenHuman.Application.csproj" (default targets).
   4:7>Done executing task "MSBuild".
       Task "MSBuild"
         Global Properties:
           Configuration=Debug
           Platform=AnyCPU
         Removing Properties for project "..\TalenHuman.Application\TalenHuman.Application.csproj":
           TargetFramework
           RuntimeIdentifier
           SelfContained
         Removing Properties for project "..\TalenHuman.Domain\TalenHuman.Domain.csproj":
           TargetFramework
           RuntimeIdentifier
           SelfContained
   4:7>Project "D:\Tito Pedraza\OneDrive\Proyectos\Codigo Fuente\repos\HumanCore\src\TalenHuman.Infrastructure\TalenHuman.Infrastructure.csproj" (4:7) is building "D:\Tito Pedraza\OneDrive\Proyectos\Codigo Fuente\repos\HumanCore\src\TalenHuman.Domain\TalenHuman.Domain.csproj" (3:16) on node 2 (GetNativeManifest target(s)).
  3:16>Target "GetNativeManifest" skipped. Previously built successfully.
  3:16>Done Building Project "D:\Tito Pedraza\OneDrive\Proyectos\Codigo Fuente\repos\HumanCore\src\TalenHuman.Domain\TalenHuman.Domain.csproj" (GetNativeManifest target(s)).
   4:7>Project "D:\Tito Pedraza\OneDrive\Proyectos\Codigo Fuente\repos\HumanCore\src\TalenHuman.Infrastructure\TalenHuman.Infrastructure.csproj" (4:7) is building "D:\Tito Pedraza\OneDrive\Proyectos\Codigo Fuente\repos\HumanCore\src\TalenHuman.Application\TalenHuman.Application.csproj" (2:13) on node 4 (GetNativeManifest target(s)).
  2:13>Target "GetNativeManifest" in file "C:\Program Files\dotnet\sdk\8.0.302\Microsoft.Common.CurrentVersion.targets" from project "D:\Tito Pedraza\OneDrive\Proyectos\Codigo Fuente\repos\HumanCore\src\TalenHuman.Application\TalenHuman.Application.csproj" (entry point):
  2:13>Done building target "GetNativeManifest" in project "TalenHuman.Application.csproj".
  2:13>Done Building Project "D:\Tito Pedraza\OneDrive\Proyectos\Codigo Fuente\repos\HumanCore\src\TalenHuman.Application\TalenHuman.Application.csproj" (GetNativeManifest target(s)).
   4:7>Done executing task "MSBuild".
       Task "Warning" skipped, due to false condition; ('@(ProjectReferenceWithConfiguration)' != '' and '@(_MSBuildProjectReferenceNonexistent)' != '') was evaluated as ('..\TalenHuman.Application\TalenHuman.Application.csproj;..\TalenHuman.Domain\TalenHuman.Domain.csproj' != '' and '' != '').
   4:7>Done building target "ResolveProjectReferences" in project "TalenHuman.Infrastructure.csproj".
       Target "FindInvalidProjectReferences" skipped, due to false condition; ('$(FindInvalidProjectReferences)' == 'true') was evaluated as ('' == 'true').
       Target "ResolveNativeReferences" skipped, due to false condition; ('@(NativeReference)'!='') was evaluated as (''!='').
       Target "ResolveProjectReferences" skipped. Previously built successfully.
       Target "FindInvalidProjectReferences" skipped, due to false condition; ('$(FindInvalidProjectReferences)' == 'true') was evaluated as ('' == 'true').
       Target "GetFrameworkPaths" skipped. Previously built successfully.
       Target "GetReferenceAssemblyPaths" skipped. Previously built successfully.
       Target "PrepareForBuild" skipped. Previously built successfully.
       Target "GetInstalledSDKLocations" skipped, due to false condition; ('@(SDKReference)' != '') was evaluated as ('' != '').
   4:7>Target "ResolveSDKReferences" in file "C:\Program Files\dotnet\sdk\8.0.302\Microsoft.Common.CurrentVersion.targets" from project "D:\Tito Pedraza\OneDrive\Proyectos\Codigo Fuente\repos\HumanCore\src\TalenHuman.Infrastructure\TalenHuman.Infrastructure.csproj" (target "ResolveAssemblyReferences" depends on it):
       Task "ResolveSDKReference" skipped, due to false condition; ('@(SDKReference)'!='') was evaluated as (''!='').
   4:7>Done building target "ResolveSDKReferences" in project "TalenHuman.Infrastructure.csproj".
       Target "ResolveSDKReferences" skipped. Previously built successfully.
   4:7>Target "ExpandSDKReferences" in file "C:\Program Files\dotnet\sdk\8.0.302\Microsoft.Common.CurrentVersion.targets" from project "D:\Tito Pedraza\OneDrive\Proyectos\Codigo Fuente\repos\HumanCore\src\TalenHuman.Infrastructure\TalenHuman.Infrastructure.csproj" (target "ResolveAssemblyReferences" depends on it):
       Task "GetSDKReferenceFiles" skipped, due to false condition; ('@(ResolvedSDKReference)'!='') was evaluated as (''!='').
   4:7>Done building target "ExpandSDKReferences" in project "TalenHuman.Infrastructure.csproj".
       Target "ResolvePackageDependenciesForBuild" skipped. Previously built successfully.
       Target "GetFrameworkPaths" skipped. Previously built successfully.
       Target "GetReferenceAssemblyPaths" skipped. Previously built successfully.
       Target "ProcessFrameworkReferences" skipped. Previously built successfully.
       Target "ResolvePackageAssets" skipped. Previously built successfully.
   4:7>Target "ResolveFrameworkReferences" in file "C:\Program Files\dotnet\sdk\8.0.302\Sdks\Microsoft.NET.Sdk\targets\Microsoft.NET.Sdk.FrameworkReferenceResolution.targets" from project "D:\Tito Pedraza\OneDrive\Proyectos\Codigo Fuente\repos\HumanCore\src\TalenHuman.Infrastructure\TalenHuman.Infrastructure.csproj" (target "ResolveTargetingPackAssets" depends on it):
       Using "GetPackageDirectory" task from assembly "C:\Program Files\dotnet\sdk\8.0.302\Sdks\Microsoft.NET.Sdk\targets\..\tools\net8.0\Microsoft.NET.Build.Tasks.dll".
       Task "GetPackageDirectory"
       Done executing task "GetPackageDirectory".
       Task "GetPackageDirectory"
       Done executing task "GetPackageDirectory".
       Task "GetPackageDirectory"
       Done executing task "GetPackageDirectory".
       Task "GetPackageDirectory"
       Done executing task "GetPackageDirectory".
       Task "GetPackageDirectory"
       Done executing task "GetPackageDirectory".
       Task "GetPackageDirectory"
       Done executing task "GetPackageDirectory".
       Task "GetPackageDirectory"
       Done executing task "GetPackageDirectory".
       Task "GetPackageDirectory"
       Done executing task "GetPackageDirectory".
       Task "GetPackageDirectory"
       Done executing task "GetPackageDirectory".
       Task "GetPackageDirectory"
       Done executing task "GetPackageDirectory".
       Using "ResolveFrameworkReferences" task from assembly "C:\Program Files\dotnet\sdk\8.0.302\Sdks\Microsoft.NET.Sdk\targets\..\tools\net8.0\Microsoft.NET.Build.Tasks.dll".
       Task "ResolveFrameworkReferences"
       Done executing task "ResolveFrameworkReferences".
   4:7>Done building target "ResolveFrameworkReferences" in project "TalenHuman.Infrastructure.csproj".
   4:7>Target "ResolveTargetingPackAssets" in file "C:\Program Files\dotnet\sdk\8.0.302\Sdks\Microsoft.NET.Sdk\targets\Microsoft.NET.Sdk.FrameworkReferenceResolution.targets" from project "D:\Tito Pedraza\OneDrive\Proyectos\Codigo Fuente\repos\HumanCore\src\TalenHuman.Infrastructure\TalenHuman.Infrastructure.csproj" (target "_HandlePackageFileConflicts" depends on it):
       Using "ResolveTargetingPackAssets" task from assembly "C:\Program Files\dotnet\sdk\8.0.302\Sdks\Microsoft.NET.Sdk\targets\..\tools\net8.0\Microsoft.NET.Build.Tasks.dll".
       Task "ResolveTargetingPackAssets"
       Done executing task "ResolveTargetingPackAssets".
   4:7>Done building target "ResolveTargetingPackAssets" in project "TalenHuman.Infrastructure.csproj".
   4:7>Target "ResolveOffByDefaultAnalyzers" in file "C:\Program Files\dotnet\sdk\8.0.302\Sdks\Microsoft.NET.Sdk\targets\Microsoft.NET.Sdk.FrameworkReferenceResolution.targets" from project "D:\Tito Pedraza\OneDrive\Proyectos\Codigo Fuente\repos\HumanCore\src\TalenHuman.Infrastructure\TalenHuman.Infrastructure.csproj" (target "_HandlePackageFileConflicts" depends on it):
   4:7>Done building target "ResolveOffByDefaultAnalyzers" in project "TalenHuman.Infrastructure.csproj".
   4:7>Target "_HandlePackageFileConflicts" in file "C:\Program Files\dotnet\sdk\8.0.302\Sdks\Microsoft.NET.Sdk\targets\Microsoft.NET.ConflictResolution.targets" from project "D:\Tito Pedraza\OneDrive\Proyectos\Codigo Fuente\repos\HumanCore\src\TalenHuman.Infrastructure\TalenHuman.Infrastructure.csproj" (target "ResolveAssemblyReferences" depends on it):
       Using "ResolvePackageFileConflicts" task from assembly "C:\Program Files\dotnet\sdk\8.0.302\Sdks\Microsoft.NET.Sdk\targets\..\tools\net8.0\Microsoft.NET.Build.Tasks.dll".
       Task "ResolvePackageFileConflicts"
         Encountered conflict between 'Reference:C:\Users\messa\.nuget\packages\system.collections.immutable\8.0.0\lib\net8.0\System.Collections.Immutable.dll' and 'Reference:C:\Program Files\dotnet\packs\Microsoft.NETCore.App.Ref\8.0.6\ref/net8.0/System.Collections.Immutable.dll'. Choosing 'Reference:C:\Program Files\dotnet\packs\Microsoft.NETCore.App.Ref\8.0.6\ref/net8.0/System.Collections.Immutable.dll' because file version '8.0.624.26715' is greater than '8.0.23.53103'.
         Encountered conflict between 'Reference:C:\Users\messa\.nuget\packages\system.diagnostics.diagnosticsource\8.0.0\lib\net8.0\System.Diagnostics.DiagnosticSource.dll' and 'Reference:C:\Program Files\dotnet\packs\Microsoft.NETCore.App.Ref\8.0.6\ref/net8.0/System.Diagnostics.DiagnosticSource.dll'. Choosing 'Reference:C:\Program Files\dotnet\packs\Microsoft.NETCore.App.Ref\8.0.6\ref/net8.0/System.Diagnostics.DiagnosticSource.dll' because file version '8.0.624.26715' is greater than '8.0.23.53103'.
         Encountered conflict between 'Reference:C:\Users\messa\.nuget\packages\system.security.cryptography.cng\4.5.0\ref\netcoreapp2.1\System.Security.Cryptography.Cng.dll' and 'Reference:C:\Program Files\dotnet\packs\Microsoft.NETCore.App.Ref\8.0.6\ref/net8.0/System.Security.Cryptography.Cng.dll'. Choosing 'Reference:C:\Program Files\dotnet\packs\Microsoft.NETCore.App.Ref\8.0.6\ref/net8.0/System.Security.Cryptography.Cng.dll' because AssemblyVersion '8.0.0.0' is greater than '4.3.1.0'.
         Encountered conflict between 'Reference:C:\Users\messa\.nuget\packages\system.text.encodings.web\4.5.0\lib\netstandard2.0\System.Text.Encodings.Web.dll' and 'Reference:C:\Program Files\dotnet\packs\Microsoft.NETCore.App.Ref\8.0.6\ref/net8.0/System.Text.Encodings.Web.dll'. Choosing 'Reference:C:\Program Files\dotnet\packs\Microsoft.NETCore.App.Ref\8.0.6\ref/net8.0/System.Text.Encodings.Web.dll' because AssemblyVersion '8.0.0.0' is greater than '4.0.3.0'.
         Encountered conflict between 'Reference:C:\Users\messa\.nuget\packages\microsoft.aspnetcore.cryptography.internal\8.0.11\lib\net8.0\Microsoft.AspNetCore.Cryptography.Internal.dll' and 'Reference:C:\Program Files\dotnet\packs\Microsoft.AspNetCore.App.Ref\8.0.6\ref\net8.0\Microsoft.AspNetCore.Cryptography.Internal.dll'. Choosing 'Reference:C:\Users\messa\.nuget\packages\microsoft.aspnetcore.cryptography.internal\8.0.11\lib\net8.0\Microsoft.AspNetCore.Cryptography.Internal.dll' because file version '8.0.1124.52116' is greater than '8.0.624.26909'.
         Encountered conflict between 'Reference:C:\Users\messa\.nuget\packages\microsoft.aspnetcore.cryptography.keyderivation\8.0.11\lib\net8.0\Microsoft.AspNetCore.Cryptography.KeyDerivation.dll' and 'Reference:C:\Program Files\dotnet\packs\Microsoft.AspNetCore.App.Ref\8.0.6\ref\net8.0\Microsoft.AspNetCore.Cryptography.KeyDerivation.dll'. Choosing 'Reference:C:\Users\messa\.nuget\packages\microsoft.aspnetcore.cryptography.keyderivation\8.0.11\lib\net8.0\Microsoft.AspNetCore.Cryptography.KeyDerivation.dll' because file version '8.0.1124.52116' is greater than '8.0.624.26909'.
         Encountered conflict between 'Reference:C:\Users\messa\.nuget\packages\microsoft.extensions.caching.memory\8.0.1\lib\net8.0\Microsoft.Extensions.Caching.Memory.dll' and 'Reference:C:\Program Files\dotnet\packs\Microsoft.AspNetCore.App.Ref\8.0.6\ref\net8.0\Microsoft.Extensions.Caching.Memory.dll'. Choosing 'Reference:C:\Users\messa\.nuget\packages\microsoft.extensions.caching.memory\8.0.1\lib\net8.0\Microsoft.Extensions.Caching.Memory.dll' because file version '8.0.1024.46610' is greater than '8.0.624.26715'.
         Encountered conflict between 'Reference:C:\Users\messa\.nuget\packages\microsoft.extensions.dependencyinjection\8.0.1\lib\net8.0\Microsoft.Extensions.DependencyInjection.dll' and 'Reference:C:\Program Files\dotnet\packs\Microsoft.AspNetCore.App.Ref\8.0.6\ref\net8.0\Microsoft.Extensions.DependencyInjection.dll'. Choosing 'Reference:C:\Users\messa\.nuget\packages\microsoft.extensions.dependencyinjection\8.0.1\lib\net8.0\Microsoft.Extensions.DependencyInjection.dll' because file version '8.0.1024.46610' is greater than '8.0.624.26715'.
         Encountered conflict between 'Reference:C:\Users\messa\.nuget\packages\microsoft.extensions.identity.core\8.0.11\lib\net8.0\Microsoft.Extensions.Identity.Core.dll' and 'Reference:C:\Program Files\dotnet\packs\Microsoft.AspNetCore.App.Ref\8.0.6\ref\net8.0\Microsoft.Extensions.Identity.Core.dll'. Choosing 'Reference:C:\Users\messa\.nuget\packages\microsoft.extensions.identity.core\8.0.11\lib\net8.0\Microsoft.Extensions.Identity.Core.dll' because file version '8.0.1124.52116' is greater than '8.0.624.26909'.
         Encountered conflict between 'Reference:C:\Users\messa\.nuget\packages\microsoft.extensions.identity.stores\8.0.11\lib\net8.0\Microsoft.Extensions.Identity.Stores.dll' and 'Reference:C:\Program Files\dotnet\packs\Microsoft.AspNetCore.App.Ref\8.0.6\ref\net8.0\Microsoft.Extensions.Identity.Stores.dll'. Choosing 'Reference:C:\Users\messa\.nuget\packages\microsoft.extensions.identity.stores\8.0.11\lib\net8.0\Microsoft.Extensions.Identity.Stores.dll' because file version '8.0.1124.52116' is greater than '8.0.624.26909'.
         Encountered conflict between 'Reference:C:\Users\messa\.nuget\packages\microsoft.extensions.logging.abstractions\8.0.2\lib\net8.0\Microsoft.Extensions.Logging.Abstractions.dll' and 'Reference:C:\Program Files\dotnet\packs\Microsoft.AspNetCore.App.Ref\8.0.6\ref\net8.0\Microsoft.Extensions.Logging.Abstractions.dll'. Choosing 'Reference:C:\Users\messa\.nuget\packages\microsoft.extensions.logging.abstractions\8.0.2\lib\net8.0\Microsoft.Extensions.Logging.Abstractions.dll' because file version '8.0.1024.46610' is greater than '8.0.624.26715'.
         Encountered conflict between 'Reference:C:\Users\messa\.nuget\packages\microsoft.extensions.logging\8.0.1\lib\net8.0\Microsoft.Extensions.Logging.dll' and 'Reference:C:\Program Files\dotnet\packs\Microsoft.AspNetCore.App.Ref\8.0.6\ref\net8.0\Microsoft.Extensions.Logging.dll'. Choosing 'Reference:C:\Users\messa\.nuget\packages\microsoft.extensions.logging\8.0.1\lib\net8.0\Microsoft.Extensions.Logging.dll' because file version '8.0.1024.46610' is greater than '8.0.624.26715'.
         Encountered conflict between 'Reference:C:\Users\messa\.nuget\packages\microsoft.extensions.options\8.0.2\lib\net8.0\Microsoft.Extensions.Options.dll' and 'Reference:C:\Program Files\dotnet\packs\Microsoft.AspNetCore.App.Ref\8.0.6\ref\net8.0\Microsoft.Extensions.Options.dll'. Choosing 'Reference:C:\Program Files\dotnet\packs\Microsoft.AspNetCore.App.Ref\8.0.6\ref\net8.0\Microsoft.Extensions.Options.dll' because file version '8.0.624.26715' is greater than '8.0.224.6711'.
         Encountered conflict between 'Analyzer:C:\Users\messa\.nuget\packages\microsoft.extensions.logging.abstractions\8.0.2\analyzers\dotnet\roslyn4.4\cs\Microsoft.Extensions.Logging.Generators.dll' and 'Analyzer:C:\Program Files\dotnet\packs\Microsoft.AspNetCore.App.Ref\8.0.6\analyzers/dotnet/roslyn4.4/cs/Microsoft.Extensions.Logging.Generators.dll'. Choosing 'Analyzer:C:\Users\messa\.nuget\packages\microsoft.extensions.logging.abstractions\8.0.2\analyzers\dotnet\roslyn4.4\cs\Microsoft.Extensions.Logging.Generators.dll' because AssemblyVersion '8.0.10.46610' is greater than '8.0.10.26715'.
         Encountered conflict between 'Analyzer:C:\Users\messa\.nuget\packages\microsoft.extensions.options\8.0.2\analyzers\dotnet\roslyn4.4\cs\Microsoft.Extensions.Options.SourceGeneration.dll' and 'Analyzer:C:\Program Files\dotnet\packs\Microsoft.AspNetCore.App.Ref\8.0.6\analyzers/dotnet/roslyn4.4/cs/Microsoft.Extensions.Options.SourceGeneration.dll'. Choosing 'Analyzer:C:\Program Files\dotnet\packs\Microsoft.AspNetCore.App.Ref\8.0.6\analyzers/dotnet/roslyn4.4/cs/Microsoft.Extensions.Options.SourceGeneration.dll' because AssemblyVersion '8.0.10.26715' is greater than '8.0.10.6711'.
         Encountered conflict between 'Platform:Microsoft.AspNetCore.Cryptography.Internal.dll' and 'Runtime:C:\Users\messa\.nuget\packages\microsoft.aspnetcore.cryptography.internal\8.0.11\lib\net8.0\Microsoft.AspNetCore.Cryptography.Internal.dll'. Choosing 'Runtime:C:\Users\messa\.nuget\packages\microsoft.aspnetcore.cryptography.internal\8.0.11\lib\net8.0\Microsoft.AspNetCore.Cryptography.Internal.dll' because file version '8.0.1124.52116' is greater than '8.0.23.53112'.
         Encountered conflict between 'Platform:Microsoft.AspNetCore.Cryptography.KeyDerivation.dll' and 'Runtime:C:\Users\messa\.nuget\packages\microsoft.aspnetcore.cryptography.keyderivation\8.0.11\lib\net8.0\Microsoft.AspNetCore.Cryptography.KeyDerivation.dll'. Choosing 'Runtime:C:\Users\messa\.nuget\packages\microsoft.aspnetcore.cryptography.keyderivation\8.0.11\lib\net8.0\Microsoft.AspNetCore.Cryptography.KeyDerivation.dll' because file version '8.0.1124.52116' is greater than '8.0.23.53112'.
         Encountered conflict between 'Platform:Microsoft.Extensions.Caching.Memory.dll' and 'Runtime:C:\Users\messa\.nuget\packages\microsoft.extensions.caching.memory\8.0.1\lib\net8.0\Microsoft.Extensions.Caching.Memory.dll'. Choosing 'Runtime:C:\Users\messa\.nuget\packages\microsoft.extensions.caching.memory\8.0.1\lib\net8.0\Microsoft.Extensions.Caching.Memory.dll' because file version '8.0.1024.46610' is greater than '8.0.23.53103'.
         Encountered conflict between 'Platform:Microsoft.Extensions.DependencyInjection.dll' and 'Runtime:C:\Users\messa\.nuget\packages\microsoft.extensions.dependencyinjection\8.0.1\lib\net8.0\Microsoft.Extensions.DependencyInjection.dll'. Choosing 'Runtime:C:\Users\messa\.nuget\packages\microsoft.extensions.dependencyinjection\8.0.1\lib\net8.0\Microsoft.Extensions.DependencyInjection.dll' because file version '8.0.1024.46610' is greater than '8.0.23.53103'.
         Encountered conflict between 'Platform:Microsoft.Extensions.Identity.Core.dll' and 'Runtime:C:\Users\messa\.nuget\packages\microsoft.extensions.identity.core\8.0.11\lib\net8.0\Microsoft.Extensions.Identity.Core.dll'. Choosing 'Runtime:C:\Users\messa\.nuget\packages\microsoft.extensions.identity.core\8.0.11\lib\net8.0\Microsoft.Extensions.Identity.Core.dll' because file version '8.0.1124.52116' is greater than '8.0.23.53112'.
         Encountered conflict between 'Platform:Microsoft.Extensions.Identity.Stores.dll' and 'Runtime:C:\Users\messa\.nuget\packages\microsoft.extensions.identity.stores\8.0.11\lib\net8.0\Microsoft.Extensions.Identity.Stores.dll'. Choosing 'Runtime:C:\Users\messa\.nuget\packages\microsoft.extensions.identity.stores\8.0.11\lib\net8.0\Microsoft.Extensions.Identity.Stores.dll' because file version '8.0.1124.52116' is greater than '8.0.23.53112'.
         Encountered conflict between 'Platform:Microsoft.Extensions.Logging.dll' and 'Runtime:C:\Users\messa\.nuget\packages\microsoft.extensions.logging\8.0.1\lib\net8.0\Microsoft.Extensions.Logging.dll'. Choosing 'Runtime:C:\Users\messa\.nuget\packages\microsoft.extensions.logging\8.0.1\lib\net8.0\Microsoft.Extensions.Logging.dll' because file version '8.0.1024.46610' is greater than '8.0.23.53103'.
         Encountered conflict between 'Platform:Microsoft.Extensions.Logging.Abstractions.dll' and 'Runtime:C:\Users\messa\.nuget\packages\microsoft.extensions.logging.abstractions\8.0.2\lib\net8.0\Microsoft.Extensions.Logging.Abstractions.dll'. Choosing 'Runtime:C:\Users\messa\.nuget\packages\microsoft.extensions.logging.abstractions\8.0.2\lib\net8.0\Microsoft.Extensions.Logging.Abstractions.dll' because file version '8.0.1024.46610' is greater than '8.0.23.53103'.
         Encountered conflict between 'Platform:Microsoft.Extensions.Options.dll' and 'Runtime:C:\Users\messa\.nuget\packages\microsoft.extensions.options\8.0.2\lib\net8.0\Microsoft.Extensions.Options.dll'. Choosing 'Runtime:C:\Users\messa\.nuget\packages\microsoft.extensions.options\8.0.2\lib\net8.0\Microsoft.Extensions.Options.dll' because file version '8.0.224.6711' is greater than '8.0.23.53103'.
         Encountered conflict between 'Platform:System.Collections.Immutable.dll' and 'Runtime:C:\Users\messa\.nuget\packages\system.collections.immutable\8.0.0\lib\net8.0\System.Collections.Immutable.dll'. Choosing 'Platform:System.Collections.Immutable.dll' because file version '8.0.624.26715' is greater than '8.0.23.53103'.
         Encountered conflict between 'Platform:System.Diagnostics.DiagnosticSource.dll' and 'Runtime:C:\Users\messa\.nuget\packages\system.diagnostics.diagnosticsource\8.0.0\lib\net8.0\System.Diagnostics.DiagnosticSource.dll'. Choosing 'Platform:System.Diagnostics.DiagnosticSource.dll' because file version '8.0.624.26715' is greater than '8.0.23.53103'.
         Encountered conflict between 'Platform:System.Security.Cryptography.Cng.dll' and 'Runtime:C:\Users\messa\.nuget\packages\system.security.cryptography.cng\4.5.0\lib\netcoreapp2.1\System.Security.Cryptography.Cng.dll'. Choosing 'Platform:System.Security.Cryptography.Cng.dll' because AssemblyVersion '8.0.0.0' is greater than '4.3.1.0'.
         Encountered conflict between 'Platform:System.Text.Encodings.Web.dll' and 'Runtime:C:\Users\messa\.nuget\packages\system.text.encodings.web\4.5.0\lib\netstandard2.0\System.Text.Encodings.Web.dll'. Choosing 'Platform:System.Text.Encodings.Web.dll' because AssemblyVersion '8.0.0.0' is greater than '4.0.3.0'.
         Encountered conflict between 'Platform:System.Security.Cryptography.Cng.dll' and 'Runtime:C:\Users\messa\.nuget\packages\system.security.cryptography.cng\4.5.0\runtimes\win\lib\netcoreapp2.1\System.Security.Cryptography.Cng.dll'. Choosing 'Platform:System.Security.Cryptography.Cng.dll' because AssemblyVersion '8.0.0.0' is greater than '4.3.1.0'.
         Encountered conflict between 'Platform:mscorlib.dll' and 'Platform:mscorlib.dll'. Could not determine winner due to equal file and assembly versions.
         Encountered conflict between 'Platform:Microsoft.VisualBasic.dll' and 'Platform:Microsoft.VisualBasic.dll'. Could not determine winner due to equal file and assembly versions.
         Encountered conflict between 'Platform:System.dll' and 'Platform:System.dll'. Could not determine winner due to equal file and assembly versions.
         Encountered conflict between 'Platform:System.ComponentModel.DataAnnotations.dll' and 'Platform:System.ComponentModel.DataAnnotations.dll'. Could not determine winner due to equal file and assembly versions.
         Encountered conflict between 'Platform:System.Configuration.dll' and 'Platform:System.Configuration.dll'. Could not determine winner due to equal file and assembly versions.
         Encountered conflict between 'Platform:System.Core.dll' and 'Platform:System.Core.dll'. Could not determine winner due to equal file and assembly versions.
         Encountered conflict between 'Platform:System.Data.dll' and 'Platform:System.Data.dll'. Could not determine winner due to equal file and assembly versions.
         Encountered conflict between 'Platform:System.Drawing.dll' and 'Platform:System.Drawing.dll'. Could not determine winner due to equal file and assembly versions.
         Encountered conflict between 'Platform:System.IO.Compression.FileSystem.dll' and 'Platform:System.IO.Compression.FileSystem.dll'. Could not determine winner due to equal file and assembly versions.
         Encountered conflict between 'Platform:System.Net.dll' and 'Platform:System.Net.dll'. Could not determine winner due to equal file and assembly versions.
         Encountered conflict between 'Platform:System.Numerics.dll' and 'Platform:System.Numerics.dll'. Could not determine winner due to equal file and assembly versions.
         Encountered conflict between 'Platform:System.Runtime.Serialization.dll' and 'Platform:System.Runtime.Serialization.dll'. Could not determine winner due to equal file and assembly versions.
         Encountered conflict between 'Platform:System.Security.dll' and 'Platform:System.Security.dll'. Could not determine winner due to equal file and assembly versions.
         Encountered conflict between 'Platform:System.ServiceProcess.dll' and 'Platform:System.ServiceProcess.dll'. Could not determine winner due to equal file and assembly versions.
         Encountered conflict between 'Platform:System.ServiceModel.Web.dll' and 'Platform:System.ServiceModel.Web.dll'. Could not determine winner due to equal file and assembly versions.
         Encountered conflict between 'Platform:System.Transactions.dll' and 'Platform:System.Transactions.dll'. Could not determine winner due to equal file and assembly versions.
         Encountered conflict between 'Platform:System.Web.dll' and 'Platform:System.Web.dll'. Could not determine winner due to equal file and assembly versions.
         Encountered conflict between 'Platform:System.Windows.dll' and 'Platform:System.Windows.dll'. Could not determine winner due to equal file and assembly versions.
         Encountered conflict between 'Platform:System.Xml.dll' and 'Platform:System.Xml.dll'. Could not determine winner due to equal file and assembly versions.
         Encountered conflict between 'Platform:System.Xml.Serialization.dll' and 'Platform:System.Xml.Serialization.dll'. Could not determine winner due to equal file and assembly versions.
         Encountered conflict between 'Platform:System.Xml.Linq.dll' and 'Platform:System.Xml.Linq.dll'. Could not determine winner due to equal file and assembly versions.
         Encountered conflict between 'Platform:WindowsBase.dll' and 'Platform:WindowsBase.dll'. Could not determine winner due to equal file and assembly versions.
         Encountered conflict between 'Platform:netstandard.dll' and 'Platform:netstandard.dll'. Could not determine winner due to equal file and assembly versions.
         Encountered conflict between 'Platform:System.Private.CoreLib.dll' and 'Platform:System.Private.CoreLib.dll'. Could not determine winner due to equal file and assembly versions.
         Encountered conflict between 'Platform:System.Private.DataContractSerialization.dll' and 'Platform:System.Private.DataContractSerialization.dll'. Could not determine winner due to equal file and assembly versions.
         Encountered conflict between 'Platform:System.Private.Uri.dll' and 'Platform:System.Private.Uri.dll'. Could not determine winner due to equal file and assembly versions.
         Encountered conflict between 'Platform:System.Private.Xml.dll' and 'Platform:System.Private.Xml.dll'. Could not determine winner due to equal file and assembly versions.
         Encountered conflict between 'Platform:System.Private.Xml.Linq.dll' and 'Platform:System.Private.Xml.Linq.dll'. Could not determine winner due to equal file and assembly versions.
         Encountered conflict between 'Platform:mscordaccore_amd64_amd64_8.0.624.26715.dll' and 'Platform:mscordaccore_amd64_amd64_8.0.624.26715.dll'. Could not determine winner due to equal file and assembly versions.
       Done executing task "ResolvePackageFileConflicts".
   4:7>Done building target "_HandlePackageFileConflicts" in project "TalenHuman.Infrastructure.csproj".
       Target "ResolveTargetingPackAssets" skipped. Previously built successfully.
   4:7>Target "ResolveAssemblyReferences" in file "C:\Program Files\dotnet\sdk\8.0.302\Microsoft.Common.CurrentVersion.targets" from project "D:\Tito Pedraza\OneDrive\Proyectos\Codigo Fuente\repos\HumanCore\src\TalenHuman.Infrastructure\TalenHuman.Infrastructure.csproj" (target "ResolveReferences" depends on it):
       Using "ResolveAssemblyReference" task from assembly "Microsoft.Build.Tasks.Core, Version=15.1.0.0, Culture=neutral, PublicKeyToken=b03f5f7f11d50a3a".
       Task "ResolveAssemblyReference"
         TargetFrameworkMoniker:
             .NETCoreApp,Version=v8.0
         TargetFrameworkMonikerDisplayName:
             .NET 8.0
         TargetedRuntimeVersion:
             
         Assemblies:
             C:\Users\messa\.nuget\packages\awssdk.core\4.0.3.23\lib\net8.0\AWSSDK.Core.dll
                 Private = 'false'
                 HintPath = 'C:\Users\messa\.nuget\packages\awssdk.core\4.0.3.23\lib\net8.0\AWSSDK.Core.dll'
             C:\Users\messa\.nuget\packages\awssdk.s3\4.0.19.3\lib\net8.0\AWSSDK.S3.dll
                 Private = 'false'
                 HintPath = 'C:\Users\messa\.nuget\packages\awssdk.s3\4.0.19.3\lib\net8.0\AWSSDK.S3.dll'
             C:\Users\messa\.nuget\packages\closedxml\0.105.0\lib\netstandard2.1\ClosedXML.dll
                 Private = 'false'
                 HintPath = 'C:\Users\messa\.nuget\packages\closedxml\0.105.0\lib\netstandard2.1\ClosedXML.dll'
             C:\Users\messa\.nuget\packages\closedxml.parser\2.0.0\lib\netstandard2.1\ClosedXML.Parser.dll
                 Private = 'false'
                 HintPath = 'C:\Users\messa\.nuget\packages\closedxml.parser\2.0.0\lib\netstandard2.1\ClosedXML.Parser.dll'
             C:\Users\messa\.nuget\packages\documentformat.openxml\3.1.1\lib\net8.0\DocumentFormat.OpenXml.dll
                 Private = 'false'
                 HintPath = 'C:\Users\messa\.nuget\packages\documentformat.openxml\3.1.1\lib\net8.0\DocumentFormat.OpenXml.dll'
             C:\Users\messa\.nuget\packages\documentformat.openxml.framework\3.1.1\lib\net8.0\DocumentFormat.OpenXml.Framework.dll
                 Private = 'false'
                 HintPath = 'C:\Users\messa\.nuget\packages\documentformat.openxml.framework\3.1.1\lib\net8.0\DocumentFormat.OpenXml.Framework.dll'
             C:\Users\messa\.nuget\packages\exceldatareader\3.8.0\lib\net8.0\ExcelDataReader.dll
                 Private = 'false'
                 HintPath = 'C:\Users\messa\.nuget\packages\exceldatareader\3.8.0\lib\net8.0\ExcelDataReader.dll'
             C:\Users\messa\.nuget\packages\exceldatareader.dataset\3.8.0\lib\net8.0\ExcelDataReader.DataSet.dll
                 Private = 'false'
                 HintPath = 'C:\Users\messa\.nuget\packages\exceldatareader.dataset\3.8.0\lib\net8.0\ExcelDataReader.DataSet.dll'
             C:\Users\messa\.nuget\packages\excelnumberformat\1.1.0\lib\netstandard2.0\ExcelNumberFormat.dll
                 Private = 'false'
                 HintPath = 'C:\Users\messa\.nuget\packages\excelnumberformat\1.1.0\lib\netstandard2.0\ExcelNumberFormat.dll'
             C:\Users\messa\.nuget\packages\fido2\3.0.1\lib\net6.0\Fido2.dll
                 Private = 'false'
                 HintPath = 'C:\Users\messa\.nuget\packages\fido2\3.0.1\lib\net6.0\Fido2.dll'
             C:\Users\messa\.nuget\packages\fido2.models\3.0.1\lib\net6.0\Fido2.Models.dll
                 Private = 'false'
                 HintPath = 'C:\Users\messa\.nuget\packages\fido2.models\3.0.1\lib\net6.0\Fido2.Models.dll'
             C:\Users\messa\.nuget\packages\firebaseadmin\3.5.0\lib\net6.0\FirebaseAdmin.dll
                 Private = 'false'
                 HintPath = 'C:\Users\messa\.nuget\packages\firebaseadmin\3.5.0\lib\net6.0\FirebaseAdmin.dll'
             C:\Users\messa\.nuget\packages\fluentvalidation\11.11.0\lib\net8.0\FluentValidation.dll
                 Private = 'false'
                 HintPath = 'C:\Users\messa\.nuget\packages\fluentvalidation\11.11.0\lib\net8.0\FluentValidation.dll'
             C:\Users\messa\.nuget\packages\fluentvalidation.aspnetcore\11.3.1\lib\net6.0\FluentValidation.AspNetCore.dll
                 Private = 'false'
                 HintPath = 'C:\Users\messa\.nuget\packages\fluentvalidation.aspnetcore\11.3.1\lib\net6.0\FluentValidation.AspNetCore.dll'
             C:\Users\messa\.nuget\packages\fluentvalidation.dependencyinjectionextensions\11.11.0\lib\netstandard2.1\FluentValidation.DependencyInjectionExtensions.dll
                 Private = 'false'
                 HintPath = 'C:\Users\messa\.nuget\packages\fluentvalidation.dependencyinjectionextensions\11.11.0\lib\netstandard2.1\FluentValidation.DependencyInjectionExtensions.dll'
             C:\Users\messa\.nuget\packages\google.api.gax\4.13.1\lib\netstandard2.0\Google.Api.Gax.dll
                 Private = 'false'
                 HintPath = 'C:\Users\messa\.nuget\packages\google.api.gax\4.13.1\lib\netstandard2.0\Google.Api.Gax.dll'
             C:\Users\messa\.nuget\packages\google.api.gax.rest\4.13.1\lib\netstandard2.0\Google.Api.Gax.Rest.dll
                 Private = 'false'
                 HintPath = 'C:\Users\messa\.nuget\packages\google.api.gax.rest\4.13.1\lib\netstandard2.0\Google.Api.Gax.Rest.dll'
             C:\Users\messa\.nuget\packages\google.apis\1.73.0\lib\net6.0\Google.Apis.dll
                 Private = 'false'
                 HintPath = 'C:\Users\messa\.nuget\packages\google.apis\1.73.0\lib\net6.0\Google.Apis.dll'
             C:\Users\messa\.nuget\packages\google.apis.auth\1.73.0\lib\net6.0\Google.Apis.Auth.dll
                 Private = 'false'
                 HintPath = 'C:\Users\messa\.nuget\packages\google.apis.auth\1.73.0\lib\net6.0\Google.Apis.Auth.dll'
             C:\Users\messa\.nuget\packages\google.apis.core\1.73.0\lib\net6.0\Google.Apis.Core.dll
                 Private = 'false'
                 HintPath = 'C:\Users\messa\.nuget\packages\google.apis.core\1.73.0\lib\net6.0\Google.Apis.Core.dll'
             C:\Users\messa\.nuget\packages\mediatr\12.0.1\lib\net6.0\MediatR.dll
                 Private = 'false'
                 HintPath = 'C:\Users\messa\.nuget\packages\mediatr\12.0.1\lib\net6.0\MediatR.dll'
             C:\Users\messa\.nuget\packages\mediatr.contracts\2.0.1\lib\netstandard2.0\MediatR.Contracts.dll
                 Private = 'false'
                 HintPath = 'C:\Users\messa\.nuget\packages\mediatr.contracts\2.0.1\lib\netstandard2.0\MediatR.Contracts.dll'
             C:\Users\messa\.nuget\packages\microsoft.aspnetcore.cryptography.internal\8.0.11\lib\net8.0\Microsoft.AspNetCore.Cryptography.Internal.dll
                 Private = 'false'
                 HintPath = 'C:\Users\messa\.nuget\packages\microsoft.aspnetcore.cryptography.internal\8.0.11\lib\net8.0\Microsoft.AspNetCore.Cryptography.Internal.dll'
             C:\Users\messa\.nuget\packages\microsoft.aspnetcore.cryptography.keyderivation\8.0.11\lib\net8.0\Microsoft.AspNetCore.Cryptography.KeyDerivation.dll
                 Private = 'false'
                 HintPath = 'C:\Users\messa\.nuget\packages\microsoft.aspnetcore.cryptography.keyderivation\8.0.11\lib\net8.0\Microsoft.AspNetCore.Cryptography.KeyDerivation.dll'
             C:\Users\messa\.nuget\packages\microsoft.aspnetcore.identity.entityframeworkcore\8.0.11\lib\net8.0\Microsoft.AspNetCore.Identity.EntityFrameworkCore.dll
                 Private = 'false'
                 HintPath = 'C:\Users\messa\.nuget\packages\microsoft.aspnetcore.identity.entityframeworkcore\8.0.11\lib\net8.0\Microsoft.AspNetCore.Identity.EntityFrameworkCore.dll'
             C:\Users\messa\.nuget\packages\microsoft.bcl.asyncinterfaces\6.0.0\lib\netstandard2.1\Microsoft.Bcl.AsyncInterfaces.dll
                 Private = 'false'
                 HintPath = 'C:\Users\messa\.nuget\packages\microsoft.bcl.asyncinterfaces\6.0.0\lib\netstandard2.1\Microsoft.Bcl.AsyncInterfaces.dll'
             C:\Users\messa\.nuget\packages\microsoft.entityframeworkcore\8.0.11\lib\net8.0\Microsoft.EntityFrameworkCore.dll
                 Private = 'false'
                 HintPath = 'C:\Users\messa\.nuget\packages\microsoft.entityframeworkcore\8.0.11\lib\net8.0\Microsoft.EntityFrameworkCore.dll'
             C:\Users\messa\.nuget\packages\microsoft.entityframeworkcore.abstractions\8.0.11\lib\net8.0\Microsoft.EntityFrameworkCore.Abstractions.dll
                 Private = 'false'
                 HintPath = 'C:\Users\messa\.nuget\packages\microsoft.entityframeworkcore.abstractions\8.0.11\lib\net8.0\Microsoft.EntityFrameworkCore.Abstractions.dll'
             C:\Users\messa\.nuget\packages\microsoft.entityframeworkcore.relational\8.0.11\lib\net8.0\Microsoft.EntityFrameworkCore.Relational.dll
                 Private = 'false'
                 HintPath = 'C:\Users\messa\.nuget\packages\microsoft.entityframeworkcore.relational\8.0.11\lib\net8.0\Microsoft.EntityFrameworkCore.Relational.dll'
             C:\Users\messa\.nuget\packages\microsoft.extensions.caching.memory\8.0.1\lib\net8.0\Microsoft.Extensions.Caching.Memory.dll
                 Private = 'false'
                 HintPath = 'C:\Users\messa\.nuget\packages\microsoft.extensions.caching.memory\8.0.1\lib\net8.0\Microsoft.Extensions.Caching.Memory.dll'
             C:\Users\messa\.nuget\packages\microsoft.extensions.dependencyinjection\8.0.1\lib\net8.0\Microsoft.Extensions.DependencyInjection.dll
                 Private = 'false'
                 HintPath = 'C:\Users\messa\.nuget\packages\microsoft.extensions.dependencyinjection\8.0.1\lib\net8.0\Microsoft.Extensions.DependencyInjection.dll'
             C:\Users\messa\.nuget\packages\microsoft.extensions.identity.core\8.0.11\lib\net8.0\Microsoft.Extensions.Identity.Core.dll
                 Private = 'false'
                 HintPath = 'C:\Users\messa\.nuget\packages\microsoft.extensions.identity.core\8.0.11\lib\net8.0\Microsoft.Extensions.Identity.Core.dll'
             C:\Users\messa\.nuget\packages\microsoft.extensions.identity.stores\8.0.11\lib\net8.0\Microsoft.Extensions.Identity.Stores.dll
                 Private = 'false'
                 HintPath = 'C:\Users\messa\.nuget\packages\microsoft.extensions.identity.stores\8.0.11\lib\net8.0\Microsoft.Extensions.Identity.Stores.dll'
             C:\Users\messa\.nuget\packages\microsoft.extensions.logging\8.0.1\lib\net8.0\Microsoft.Extensions.Logging.dll
                 Private = 'false'
                 HintPath = 'C:\Users\messa\.nuget\packages\microsoft.extensions.logging\8.0.1\lib\net8.0\Microsoft.Extensions.Logging.dll'
             C:\Users\messa\.nuget\packages\microsoft.extensions.logging.abstractions\8.0.2\lib\net8.0\Microsoft.Extensions.Logging.Abstractions.dll
                 Private = 'false'
                 HintPath = 'C:\Users\messa\.nuget\packages\microsoft.extensions.logging.abstractions\8.0.2\lib\net8.0\Microsoft.Extensions.Logging.Abstractions.dll'
             C:\Users\messa\.nuget\packages\microsoft.identitymodel.jsonwebtokens\6.17.0\lib\netstandard2.0\Microsoft.IdentityModel.JsonWebTokens.dll
                 Private = 'false'
                 HintPath = 'C:\Users\messa\.nuget\packages\microsoft.identitymodel.jsonwebtokens\6.17.0\lib\netstandard2.0\Microsoft.IdentityModel.JsonWebTokens.dll'
             C:\Users\messa\.nuget\packages\microsoft.identitymodel.logging\6.17.0\lib\netstandard2.0\Microsoft.IdentityModel.Logging.dll
                 Private = 'false'
                 HintPath = 'C:\Users\messa\.nuget\packages\microsoft.identitymodel.logging\6.17.0\lib\netstandard2.0\Microsoft.IdentityModel.Logging.dll'
             C:\Users\messa\.nuget\packages\microsoft.identitymodel.tokens\6.17.0\lib\netstandard2.0\Microsoft.IdentityModel.Tokens.dll
                 Private = 'false'
                 HintPath = 'C:\Users\messa\.nuget\packages\microsoft.identitymodel.tokens\6.17.0\lib\netstandard2.0\Microsoft.IdentityModel.Tokens.dll'
             C:\Users\messa\.nuget\packages\newtonsoft.json\13.0.4\lib\net6.0\Newtonsoft.Json.dll
                 Private = 'false'
                 HintPath = 'C:\Users\messa\.nuget\packages\newtonsoft.json\13.0.4\lib\net6.0\Newtonsoft.Json.dll'
             C:\Users\messa\.nuget\packages\npgsql\8.0.6\lib\net8.0\Npgsql.dll
                 Private = 'false'
                 HintPath = 'C:\Users\messa\.nuget\packages\npgsql\8.0.6\lib\net8.0\Npgsql.dll'
             C:\Users\messa\.nuget\packages\npgsql.entityframeworkcore.postgresql\8.0.11\lib\net8.0\Npgsql.EntityFrameworkCore.PostgreSQL.dll
                 Private = 'false'
                 HintPath = 'C:\Users\messa\.nuget\packages\npgsql.entityframeworkcore.postgresql\8.0.11\lib\net8.0\Npgsql.EntityFrameworkCore.PostgreSQL.dll'
             C:\Users\messa\.nuget\packages\nsec.cryptography\22.4.0\lib\net5.0\NSec.Cryptography.dll
                 Private = 'false'
                 HintPath = 'C:\Users\messa\.nuget\packages\nsec.cryptography\22.4.0\lib\net5.0\NSec.Cryptography.dll'
             C:\Users\messa\.nuget\packages\questpdf\2024.12.1\lib\net8.0\QuestPDF.dll
                 Private = 'false'
                 HintPath = 'C:\Users\messa\.nuget\packages\questpdf\2024.12.1\lib\net8.0\QuestPDF.dll'
             C:\Users\messa\.nuget\packages\rbush.signed\4.0.0\lib\net8.0\RBush.dll
                 Private = 'false'
                 HintPath = 'C:\Users\messa\.nuget\packages\rbush.signed\4.0.0\lib\net8.0\RBush.dll'
             C:\Users\messa\.nuget\packages\sixlabors.fonts\1.0.0\lib\netcoreapp3.1\SixLabors.Fonts.dll
                 Private = 'false'
                 HintPath = 'C:\Users\messa\.nuget\packages\sixlabors.fonts\1.0.0\lib\netcoreapp3.1\SixLabors.Fonts.dll'
             C:\Users\messa\.nuget\packages\sixlabors.imagesharp\3.1.2\lib\net6.0\SixLabors.ImageSharp.dll
                 Private = 'false'
                 HintPath = 'C:\Users\messa\.nuget\packages\sixlabors.imagesharp\3.1.2\lib\net6.0\SixLabors.ImageSharp.dll'
             C:\Users\messa\.nuget\packages\system.codedom\7.0.0\lib\net7.0\System.CodeDom.dll
                 Private = 'false'
                 HintPath = 'C:\Users\messa\.nuget\packages\system.codedom\7.0.0\lib\net7.0\System.CodeDom.dll'
             C:\Users\messa\.nuget\packages\system.formats.cbor\6.0.0\lib\net6.0\System.Formats.Cbor.dll
                 Private = 'false'
                 HintPath = 'C:\Users\messa\.nuget\packages\system.formats.cbor\6.0.0\lib\net6.0\System.Formats.Cbor.dll'
             C:\Users\messa\.nuget\packages\system.identitymodel.tokens.jwt\6.17.0\lib\netstandard2.0\System.IdentityModel.Tokens.Jwt.dll
                 Private = 'false'
                 HintPath = 'C:\Users\messa\.nuget\packages\system.identitymodel.tokens.jwt\6.17.0\lib\netstandard2.0\System.IdentityModel.Tokens.Jwt.dll'
             C:\Users\messa\.nuget\packages\system.io.packaging\8.0.1\lib\net8.0\System.IO.Packaging.dll
                 Private = 'false'
                 HintPath = 'C:\Users\messa\.nuget\packages\system.io.packaging\8.0.1\lib\net8.0\System.IO.Packaging.dll'
             C:\Users\messa\.nuget\packages\system.management\7.0.2\lib\net7.0\System.Management.dll
                 Private = 'false'
                 HintPath = 'C:\Users\messa\.nuget\packages\system.management\7.0.2\lib\net7.0\System.Management.dll'
             C:\Program Files\dotnet\packs\Microsoft.NETCore.App.Ref\8.0.6\ref/net8.0/Microsoft.CSharp.dll
                 Private = 'false'
             C:\Program Files\dotnet\packs\Microsoft.NETCore.App.Ref\8.0.6\ref/net8.0/Microsoft.VisualBasic.Core.dll
                 Private = 'false'
             C:\Program Files\dotnet\packs\Microsoft.NETCore.App.Ref\8.0.6\ref/net8.0/Microsoft.VisualBasic.dll
                 Private = 'false'
             C:\Program Files\dotnet\packs\Microsoft.NETCore.App.Ref\8.0.6\ref/net8.0/Microsoft.Win32.Primitives.dll
                 Private = 'false'
             C:\Program Files\dotnet\packs\Microsoft.NETCore.App.Ref\8.0.6\ref/net8.0/Microsoft.Win32.Registry.dll
                 Private = 'false'
             C:\Program Files\dotnet\packs\Microsoft.NETCore.App.Ref\8.0.6\ref/net8.0/System.AppContext.dll
                 Private = 'false'
             C:\Program Files\dotnet\packs\Microsoft.NETCore.App.Ref\8.0.6\ref/net8.0/System.Buffers.dll
                 Private = 'false'
             C:\Program Files\dotnet\packs\Microsoft.NETCore.App.Ref\8.0.6\ref/net8.0/System.Collections.Concurrent.dll
                 Private = 'false'
             C:\Program Files\dotnet\packs\Microsoft.NETCore.App.Ref\8.0.6\ref/net8.0/System.Collections.Immutable.dll
                 Private = 'false'
             C:\Program Files\dotnet\packs\Microsoft.NETCore.App.Ref\8.0.6\ref/net8.0/System.Collections.NonGeneric.dll
                 Private = 'false'
             C:\Program Files\dotnet\packs\Microsoft.NETCore.App.Ref\8.0.6\ref/net8.0/System.Collections.Specialized.dll
                 Private = 'false'
             C:\Program Files\dotnet\packs\Microsoft.NETCore.App.Ref\8.0.6\ref/net8.0/System.Collections.dll
                 Private = 'false'
             C:\Program Files\dotnet\packs\Microsoft.NETCore.App.Ref\8.0.6\ref/net8.0/System.ComponentModel.Annotations.dll
                 Private = 'false'
             C:\Program Files\dotnet\packs\Microsoft.NETCore.App.Ref\8.0.6\ref/net8.0/System.ComponentModel.DataAnnotations.dll
                 Private = 'false'
             C:\Program Files\dotnet\packs\Microsoft.NETCore.App.Ref\8.0.6\ref/net8.0/System.ComponentModel.EventBasedAsync.dll
                 Private = 'false'
             C:\Program Files\dotnet\packs\Microsoft.NETCore.App.Ref\8.0.6\ref/net8.0/System.ComponentModel.Primitives.dll
                 Private = 'false'
             C:\Program Files\dotnet\packs\Microsoft.NETCore.App.Ref\8.0.6\ref/net8.0/System.ComponentModel.TypeConverter.dll
                 Private = 'false'
             C:\Program Files\dotnet\packs\Microsoft.NETCore.App.Ref\8.0.6\ref/net8.0/System.ComponentModel.dll
                 Private = 'false'
             C:\Program Files\dotnet\packs\Microsoft.NETCore.App.Ref\8.0.6\ref/net8.0/System.Configuration.dll
                 Private = 'false'
             C:\Program Files\dotnet\packs\Microsoft.NETCore.App.Ref\8.0.6\ref/net8.0/System.Console.dll
                 Private = 'false'
             C:\Program Files\dotnet\packs\Microsoft.NETCore.App.Ref\8.0.6\ref/net8.0/System.Core.dll
                 Private = 'false'
             C:\Program Files\dotnet\packs\Microsoft.NETCore.App.Ref\8.0.6\ref/net8.0/System.Data.Common.dll
                 Private = 'false'
             C:\Program Files\dotnet\packs\Microsoft.NETCore.App.Ref\8.0.6\ref/net8.0/System.Data.DataSetExtensions.dll
                 Private = 'false'
             C:\Program Files\dotnet\packs\Microsoft.NETCore.App.Ref\8.0.6\ref/net8.0/System.Data.dll
                 Private = 'false'
             C:\Program Files\dotnet\packs\Microsoft.NETCore.App.Ref\8.0.6\ref/net8.0/System.Diagnostics.Contracts.dll
                 Private = 'false'
             C:\Program Files\dotnet\packs\Microsoft.NETCore.App.Ref\8.0.6\ref/net8.0/System.Diagnostics.Debug.dll
                 Private = 'false'
             C:\Program Files\dotnet\packs\Microsoft.NETCore.App.Ref\8.0.6\ref/net8.0/System.Diagnostics.DiagnosticSource.dll
                 Private = 'false'
             C:\Program Files\dotnet\packs\Microsoft.NETCore.App.Ref\8.0.6\ref/net8.0/System.Diagnostics.FileVersionInfo.dll
                 Private = 'false'
             C:\Program Files\dotnet\packs\Microsoft.NETCore.App.Ref\8.0.6\ref/net8.0/System.Diagnostics.Process.dll
                 Private = 'false'
             C:\Program Files\dotnet\packs\Microsoft.NETCore.App.Ref\8.0.6\ref/net8.0/System.Diagnostics.StackTrace.dll
                 Private = 'false'
             C:\Program Files\dotnet\packs\Microsoft.NETCore.App.Ref\8.0.6\ref/net8.0/System.Diagnostics.TextWriterTraceListener.dll
                 Private = 'false'
             C:\Program Files\dotnet\packs\Microsoft.NETCore.App.Ref\8.0.6\ref/net8.0/System.Diagnostics.Tools.dll
                 Private = 'false'
             C:\Program Files\dotnet\packs\Microsoft.NETCore.App.Ref\8.0.6\ref/net8.0/System.Diagnostics.TraceSource.dll
                 Private = 'false'
             C:\Program Files\dotnet\packs\Microsoft.NETCore.App.Ref\8.0.6\ref/net8.0/System.Diagnostics.Tracing.dll
                 Private = 'false'
             C:\Program Files\dotnet\packs\Microsoft.NETCore.App.Ref\8.0.6\ref/net8.0/System.Drawing.Primitives.dll
                 Private = 'false'
             C:\Program Files\dotnet\packs\Microsoft.NETCore.App.Ref\8.0.6\ref/net8.0/System.Drawing.dll
                 Private = 'false'
             C:\Program Files\dotnet\packs\Microsoft.NETCore.App.Ref\8.0.6\ref/net8.0/System.Dynamic.Runtime.dll
                 Private = 'false'
             C:\Program Files\dotnet\packs\Microsoft.NETCore.App.Ref\8.0.6\ref/net8.0/System.Formats.Asn1.dll
                 Private = 'false'
             C:\Program Files\dotnet\packs\Microsoft.NETCore.App.Ref\8.0.6\ref/net8.0/System.Formats.Tar.dll
                 Private = 'false'
             C:\Program Files\dotnet\packs\Microsoft.NETCore.App.Ref\8.0.6\ref/net8.0/System.Globalization.Calendars.dll
                 Private = 'false'
             C:\Program Files\dotnet\packs\Microsoft.NETCore.App.Ref\8.0.6\ref/net8.0/System.Globalization.Extensions.dll
                 Private = 'false'
             C:\Program Files\dotnet\packs\Microsoft.NETCore.App.Ref\8.0.6\ref/net8.0/System.Globalization.dll
                 Private = 'false'
             C:\Program Files\dotnet\packs\Microsoft.NETCore.App.Ref\8.0.6\ref/net8.0/System.IO.Compression.Brotli.dll
                 Private = 'false'
             C:\Program Files\dotnet\packs\Microsoft.NETCore.App.Ref\8.0.6\ref/net8.0/System.IO.Compression.FileSystem.dll
                 Private = 'false'
             C:\Program Files\dotnet\packs\Microsoft.NETCore.App.Ref\8.0.6\ref/net8.0/System.IO.Compression.ZipFile.dll
                 Private = 'false'
             C:\Program Files\dotnet\packs\Microsoft.NETCore.App.Ref\8.0.6\ref/net8.0/System.IO.Compression.dll
                 Private = 'false'
             C:\Program Files\dotnet\packs\Microsoft.NETCore.App.Ref\8.0.6\ref/net8.0/System.IO.FileSystem.AccessControl.dll
                 Private = 'false'
             C:\Program Files\dotnet\packs\Microsoft.NETCore.App.Ref\8.0.6\ref/net8.0/System.IO.FileSystem.DriveInfo.dll
                 Private = 'false'
             C:\Program Files\dotnet\packs\Microsoft.NETCore.App.Ref\8.0.6\ref/net8.0/System.IO.FileSystem.Primitives.dll
                 Private = 'false'
             C:\Program Files\dotnet\packs\Microsoft.NETCore.App.Ref\8.0.6\ref/net8.0/System.IO.FileSystem.Watcher.dll
                 Private = 'false'
             C:\Program Files\dotnet\packs\Microsoft.NETCore.App.Ref\8.0.6\ref/net8.0/System.IO.FileSystem.dll
                 Private = 'false'
             C:\Program Files\dotnet\packs\Microsoft.NETCore.App.Ref\8.0.6\ref/net8.0/System.IO.IsolatedStorage.dll
                 Private = 'false'
             C:\Program Files\dotnet\packs\Microsoft.NETCore.App.Ref\8.0.6\ref/net8.0/System.IO.MemoryMappedFiles.dll
                 Private = 'false'
             C:\Program Files\dotnet\packs\Microsoft.NETCore.App.Ref\8.0.6\ref/net8.0/System.IO.Pipes.AccessControl.dll
                 Private = 'false'
             C:\Program Files\dotnet\packs\Microsoft.NETCore.App.Ref\8.0.6\ref/net8.0/System.IO.Pipes.dll
                 Private = 'false'
             C:\Program Files\dotnet\packs\Microsoft.NETCore.App.Ref\8.0.6\ref/net8.0/System.IO.UnmanagedMemoryStream.dll
                 Private = 'false'
             C:\Program Files\dotnet\packs\Microsoft.NETCore.App.Ref\8.0.6\ref/net8.0/System.IO.dll
                 Private = 'false'
             C:\Program Files\dotnet\packs\Microsoft.NETCore.App.Ref\8.0.6\ref/net8.0/System.Linq.Expressions.dll
                 Private = 'false'
             C:\Program Files\dotnet\packs\Microsoft.NETCore.App.Ref\8.0.6\ref/net8.0/System.Linq.Parallel.dll
                 Private = 'false'
             C:\Program Files\dotnet\packs\Microsoft.NETCore.App.Ref\8.0.6\ref/net8.0/System.Linq.Queryable.dll
                 Private = 'false'
             C:\Program Files\dotnet\packs\Microsoft.NETCore.App.Ref\8.0.6\ref/net8.0/System.Linq.dll
                 Private = 'false'
             C:\Program Files\dotnet\packs\Microsoft.NETCore.App.Ref\8.0.6\ref/net8.0/System.Memory.dll
                 Private = 'false'
             C:\Program Files\dotnet\packs\Microsoft.NETCore.App.Ref\8.0.6\ref/net8.0/System.Net.Http.Json.dll
                 Private = 'false'
             C:\Program Files\dotnet\packs\Microsoft.NETCore.App.Ref\8.0.6\ref/net8.0/System.Net.Http.dll
                 Private = 'false'
             C:\Program Files\dotnet\packs\Microsoft.NETCore.App.Ref\8.0.6\ref/net8.0/System.Net.HttpListener.dll
                 Private = 'false'
             C:\Program Files\dotnet\packs\Microsoft.NETCore.App.Ref\8.0.6\ref/net8.0/System.Net.Mail.dll
                 Private = 'false'
             C:\Program Files\dotnet\packs\Microsoft.NETCore.App.Ref\8.0.6\ref/net8.0/System.Net.NameResolution.dll
                 Private = 'false'
             C:\Program Files\dotnet\packs\Microsoft.NETCore.App.Ref\8.0.6\ref/net8.0/System.Net.NetworkInformation.dll
                 Private = 'false'
             C:\Program Files\dotnet\packs\Microsoft.NETCore.App.Ref\8.0.6\ref/net8.0/System.Net.Ping.dll
                 Private = 'false'
             C:\Program Files\dotnet\packs\Microsoft.NETCore.App.Ref\8.0.6\ref/net8.0/System.Net.Primitives.dll
                 Private = 'false'
             C:\Program Files\dotnet\packs\Microsoft.NETCore.App.Ref\8.0.6\ref/net8.0/System.Net.Quic.dll
                 Private = 'false'
             C:\Program Files\dotnet\packs\Microsoft.NETCore.App.Ref\8.0.6\ref/net8.0/System.Net.Requests.dll
                 Private = 'false'
             C:\Program Files\dotnet\packs\Microsoft.NETCore.App.Ref\8.0.6\ref/net8.0/System.Net.Security.dll
                 Private = 'false'
             C:\Program Files\dotnet\packs\Microsoft.NETCore.App.Ref\8.0.6\ref/net8.0/System.Net.ServicePoint.dll
                 Private = 'false'
             C:\Program Files\dotnet\packs\Microsoft.NETCore.App.Ref\8.0.6\ref/net8.0/System.Net.Sockets.dll
                 Private = 'false'
             C:\Program Files\dotnet\packs\Microsoft.NETCore.App.Ref\8.0.6\ref/net8.0/System.Net.WebClient.dll
                 Private = 'false'
             C:\Program Files\dotnet\packs\Microsoft.NETCore.App.Ref\8.0.6\ref/net8.0/System.Net.WebHeaderCollection.dll
                 Private = 'false'
             C:\Program Files\dotnet\packs\Microsoft.NETCore.App.Ref\8.0.6\ref/net8.0/System.Net.WebProxy.dll
                 Private = 'false'
             C:\Program Files\dotnet\packs\Microsoft.NETCore.App.Ref\8.0.6\ref/net8.0/System.Net.WebSockets.Client.dll
                 Private = 'false'
             C:\Program Files\dotnet\packs\Microsoft.NETCore.App.Ref\8.0.6\ref/net8.0/System.Net.WebSockets.dll
                 Private = 'false'
             C:\Program Files\dotnet\packs\Microsoft.NETCore.App.Ref\8.0.6\ref/net8.0/System.Net.dll
                 Private = 'false'
             C:\Program Files\dotnet\packs\Microsoft.NETCore.App.Ref\8.0.6\ref/net8.0/System.Numerics.Vectors.dll
                 Private = 'false'
             C:\Program Files\dotnet\packs\Microsoft.NETCore.App.Ref\8.0.6\ref/net8.0/System.Numerics.dll
                 Private = 'false'
             C:\Program Files\dotnet\packs\Microsoft.NETCore.App.Ref\8.0.6\ref/net8.0/System.ObjectModel.dll
                 Private = 'false'
             C:\Program Files\dotnet\packs\Microsoft.NETCore.App.Ref\8.0.6\ref/net8.0/System.Reflection.DispatchProxy.dll
                 Private = 'false'
             C:\Program Files\dotnet\packs\Microsoft.NETCore.App.Ref\8.0.6\ref/net8.0/System.Reflection.Emit.ILGeneration.dll
                 Private = 'false'
             C:\Program Files\dotnet\packs\Microsoft.NETCore.App.Ref\8.0.6\ref/net8.0/System.Reflection.Emit.Lightweight.dll
                 Private = 'false'
             C:\Program Files\dotnet\packs\Microsoft.NETCore.App.Ref\8.0.6\ref/net8.0/System.Reflection.Emit.dll
                 Private = 'false'
             C:\Program Files\dotnet\packs\Microsoft.NETCore.App.Ref\8.0.6\ref/net8.0/System.Reflection.Extensions.dll
                 Private = 'false'
             C:\Program Files\dotnet\packs\Microsoft.NETCore.App.Ref\8.0.6\ref/net8.0/System.Reflection.Metadata.dll
                 Private = 'false'
             C:\Program Files\dotnet\packs\Microsoft.NETCore.App.Ref\8.0.6\ref/net8.0/System.Reflection.Primitives.dll
                 Private = 'false'
             C:\Program Files\dotnet\packs\Microsoft.NETCore.App.Ref\8.0.6\ref/net8.0/System.Reflection.TypeExtensions.dll
                 Private = 'false'
             C:\Program Files\dotnet\packs\Microsoft.NETCore.App.Ref\8.0.6\ref/net8.0/System.Reflection.dll
                 Private = 'false'
             C:\Program Files\dotnet\packs\Microsoft.NETCore.App.Ref\8.0.6\ref/net8.0/System.Resources.Reader.dll
                 Private = 'false'
             C:\Program Files\dotnet\packs\Microsoft.NETCore.App.Ref\8.0.6\ref/net8.0/System.Resources.ResourceManager.dll
                 Private = 'false'
             C:\Program Files\dotnet\packs\Microsoft.NETCore.App.Ref\8.0.6\ref/net8.0/System.Resources.Writer.dll
                 Private = 'false'
             C:\Program Files\dotnet\packs\Microsoft.NETCore.App.Ref\8.0.6\ref/net8.0/System.Runtime.CompilerServices.Unsafe.dll
                 Private = 'false'
             C:\Program Files\dotnet\packs\Microsoft.NETCore.App.Ref\8.0.6\ref/net8.0/System.Runtime.CompilerServices.VisualC.dll
                 Private = 'false'
             C:\Program Files\dotnet\packs\Microsoft.NETCore.App.Ref\8.0.6\ref/net8.0/System.Runtime.Extensions.dll
                 Private = 'false'
             C:\Program Files\dotnet\packs\Microsoft.NETCore.App.Ref\8.0.6\ref/net8.0/System.Runtime.Handles.dll
                 Private = 'false'
             C:\Program Files\dotnet\packs\Microsoft.NETCore.App.Ref\8.0.6\ref/net8.0/System.Runtime.InteropServices.JavaScript.dll
                 Private = 'false'
             C:\Program Files\dotnet\packs\Microsoft.NETCore.App.Ref\8.0.6\ref/net8.0/System.Runtime.InteropServices.RuntimeInformation.dll
                 Private = 'false'
             C:\Program Files\dotnet\packs\Microsoft.NETCore.App.Ref\8.0.6\ref/net8.0/System.Runtime.InteropServices.dll
                 Private = 'false'
             C:\Program Files\dotnet\packs\Microsoft.NETCore.App.Ref\8.0.6\ref/net8.0/System.Runtime.Intrinsics.dll
                 Private = 'false'
             C:\Program Files\dotnet\packs\Microsoft.NETCore.App.Ref\8.0.6\ref/net8.0/System.Runtime.Loader.dll
                 Private = 'false'
             C:\Program Files\dotnet\packs\Microsoft.NETCore.App.Ref\8.0.6\ref/net8.0/System.Runtime.Numerics.dll
                 Private = 'false'
             C:\Program Files\dotnet\packs\Microsoft.NETCore.App.Ref\8.0.6\ref/net8.0/System.Runtime.Serialization.Formatters.dll
                 Private = 'false'
             C:\Program Files\dotnet\packs\Microsoft.NETCore.App.Ref\8.0.6\ref/net8.0/System.Runtime.Serialization.Json.dll
                 Private = 'false'
             C:\Program Files\dotnet\packs\Microsoft.NETCore.App.Ref\8.0.6\ref/net8.0/System.Runtime.Serialization.Primitives.dll
                 Private = 'false'
             C:\Program Files\dotnet\packs\Microsoft.NETCore.App.Ref\8.0.6\ref/net8.0/System.Runtime.Serialization.Xml.dll
                 Private = 'false'
             C:\Program Files\dotnet\packs\Microsoft.NETCore.App.Ref\8.0.6\ref/net8.0/System.Runtime.Serialization.dll
                 Private = 'false'
             C:\Program Files\dotnet\packs\Microsoft.NETCore.App.Ref\8.0.6\ref/net8.0/System.Runtime.dll
                 Private = 'false'
             C:\Program Files\dotnet\packs\Microsoft.NETCore.App.Ref\8.0.6\ref/net8.0/System.Security.AccessControl.dll
                 Private = 'false'
             C:\Program Files\dotnet\packs\Microsoft.NETCore.App.Ref\8.0.6\ref/net8.0/System.Security.Claims.dll
                 Private = 'false'
             C:\Program Files\dotnet\packs\Microsoft.NETCore.App.Ref\8.0.6\ref/net8.0/System.Security.Cryptography.Algorithms.dll
                 Private = 'false'
             C:\Program Files\dotnet\packs\Microsoft.NETCore.App.Ref\8.0.6\ref/net8.0/System.Security.Cryptography.Cng.dll
                 Private = 'false'
             C:\Program Files\dotnet\packs\Microsoft.NETCore.App.Ref\8.0.6\ref/net8.0/System.Security.Cryptography.Csp.dll
                 Private = 'false'
             C:\Program Files\dotnet\packs\Microsoft.NETCore.App.Ref\8.0.6\ref/net8.0/System.Security.Cryptography.Encoding.dll
                 Private = 'false'
             C:\Program Files\dotnet\packs\Microsoft.NETCore.App.Ref\8.0.6\ref/net8.0/System.Security.Cryptography.OpenSsl.dll
                 Private = 'false'
             C:\Program Files\dotnet\packs\Microsoft.NETCore.App.Ref\8.0.6\ref/net8.0/System.Security.Cryptography.Primitives.dll
                 Private = 'false'
             C:\Program Files\dotnet\packs\Microsoft.NETCore.App.Ref\8.0.6\ref/net8.0/System.Security.Cryptography.X509Certificates.dll
                 Private = 'false'
             C:\Program Files\dotnet\packs\Microsoft.NETCore.App.Ref\8.0.6\ref/net8.0/System.Security.Cryptography.dll
                 Private = 'false'
             C:\Program Files\dotnet\packs\Microsoft.NETCore.App.Ref\8.0.6\ref/net8.0/System.Security.Principal.Windows.dll
                 Private = 'false'
             C:\Program Files\dotnet\packs\Microsoft.NETCore.App.Ref\8.0.6\ref/net8.0/System.Security.Principal.dll
                 Private = 'false'
             C:\Program Files\dotnet\packs\Microsoft.NETCore.App.Ref\8.0.6\ref/net8.0/System.Security.SecureString.dll
                 Private = 'false'
             C:\Program Files\dotnet\packs\Microsoft.NETCore.App.Ref\8.0.6\ref/net8.0/System.Security.dll
                 Private = 'false'
             C:\Program Files\dotnet\packs\Microsoft.NETCore.App.Ref\8.0.6\ref/net8.0/System.ServiceModel.Web.dll
                 Private = 'false'
             C:\Program Files\dotnet\packs\Microsoft.NETCore.App.Ref\8.0.6\ref/net8.0/System.ServiceProcess.dll
                 Private = 'false'
             C:\Program Files\dotnet\packs\Microsoft.NETCore.App.Ref\8.0.6\ref/net8.0/System.Text.Encoding.CodePages.dll
                 Private = 'false'
             C:\Program Files\dotnet\packs\Microsoft.NETCore.App.Ref\8.0.6\ref/net8.0/System.Text.Encoding.Extensions.dll
                 Private = 'false'
             C:\Program Files\dotnet\packs\Microsoft.NETCore.App.Ref\8.0.6\ref/net8.0/System.Text.Encoding.dll
                 Private = 'false'
             C:\Program Files\dotnet\packs\Microsoft.NETCore.App.Ref\8.0.6\ref/net8.0/System.Text.Encodings.Web.dll
                 Private = 'false'
             C:\Program Files\dotnet\packs\Microsoft.NETCore.App.Ref\8.0.6\ref/net8.0/System.Text.Json.dll
                 Private = 'false'
             C:\Program Files\dotnet\packs\Microsoft.NETCore.App.Ref\8.0.6\ref/net8.0/System.Text.RegularExpressions.dll
                 Private = 'false'
             C:\Program Files\dotnet\packs\Microsoft.NETCore.App.Ref\8.0.6\ref/net8.0/System.Threading.Channels.dll
                 Private = 'false'
             C:\Program Files\dotnet\packs\Microsoft.NETCore.App.Ref\8.0.6\ref/net8.0/System.Threading.Overlapped.dll
                 Private = 'false'
             C:\Program Files\dotnet\packs\Microsoft.NETCore.App.Ref\8.0.6\ref/net8.0/System.Threading.Tasks.Dataflow.dll
                 Private = 'false'
             C:\Program Files\dotnet\packs\Microsoft.NETCore.App.Ref\8.0.6\ref/net8.0/System.Threading.Tasks.Extensions.dll
                 Private = 'false'
             C:\Program Files\dotnet\packs\Microsoft.NETCore.App.Ref\8.0.6\ref/net8.0/System.Threading.Tasks.Parallel.dll
                 Private = 'false'
             C:\Program Files\dotnet\packs\Microsoft.NETCore.App.Ref\8.0.6\ref/net8.0/System.Threading.Tasks.dll
                 Private = 'false'
             C:\Program Files\dotnet\packs\Microsoft.NETCore.App.Ref\8.0.6\ref/net8.0/System.Threading.Thread.dll
                 Private = 'false'
             C:\Program Files\dotnet\packs\Microsoft.NETCore.App.Ref\8.0.6\ref/net8.0/System.Threading.ThreadPool.dll
                 Private = 'false'
             C:\Program Files\dotnet\packs\Microsoft.NETCore.App.Ref\8.0.6\ref/net8.0/System.Threading.Timer.dll
                 Private = 'false'
             C:\Program Files\dotnet\packs\Microsoft.NETCore.App.Ref\8.0.6\ref/net8.0/System.Threading.dll
                 Private = 'false'
             C:\Program Files\dotnet\packs\Microsoft.NETCore.App.Ref\8.0.6\ref/net8.0/System.Transactions.Local.dll
                 Private = 'false'
             C:\Program Files\dotnet\packs\Microsoft.NETCore.App.Ref\8.0.6\ref/net8.0/System.Transactions.dll
                 Private = 'false'
             C:\Program Files\dotnet\packs\Microsoft.NETCore.App.Ref\8.0.6\ref/net8.0/System.ValueTuple.dll
                 Private = 'false'
             C:\Program Files\dotnet\packs\Microsoft.NETCore.App.Ref\8.0.6\ref/net8.0/System.Web.HttpUtility.dll
                 Private = 'false'
             C:\Program Files\dotnet\packs\Microsoft.NETCore.App.Ref\8.0.6\ref/net8.0/System.Web.dll
                 Private = 'false'
             C:\Program Files\dotnet\packs\Microsoft.NETCore.App.Ref\8.0.6\ref/net8.0/System.Windows.dll
                 Private = 'false'
             C:\Program Files\dotnet\packs\Microsoft.NETCore.App.Ref\8.0.6\ref/net8.0/System.Xml.Linq.dll
                 Private = 'false'
             C:\Program Files\dotnet\packs\Microsoft.NETCore.App.Ref\8.0.6\ref/net8.0/System.Xml.ReaderWriter.dll
                 Private = 'false'
             C:\Program Files\dotnet\packs\Microsoft.NETCore.App.Ref\8.0.6\ref/net8.0/System.Xml.Serialization.dll
                 Private = 'false'
             C:\Program Files\dotnet\packs\Microsoft.NETCore.App.Ref\8.0.6\ref/net8.0/System.Xml.XDocument.dll
                 Private = 'false'
             C:\Program Files\dotnet\packs\Microsoft.NETCore.App.Ref\8.0.6\ref/net8.0/System.Xml.XPath.XDocument.dll
                 Private = 'false'
             C:\Program Files\dotnet\packs\Microsoft.NETCore.App.Ref\8.0.6\ref/net8.0/System.Xml.XPath.dll
                 Private = 'false'
             C:\Program Files\dotnet\packs\Microsoft.NETCore.App.Ref\8.0.6\ref/net8.0/System.Xml.XmlDocument.dll
                 Private = 'false'
             C:\Program Files\dotnet\packs\Microsoft.NETCore.App.Ref\8.0.6\ref/net8.0/System.Xml.XmlSerializer.dll
                 Private = 'false'
             C:\Program Files\dotnet\packs\Microsoft.NETCore.App.Ref\8.0.6\ref/net8.0/System.Xml.dll
                 Private = 'false'
             C:\Program Files\dotnet\packs\Microsoft.NETCore.App.Ref\8.0.6\ref/net8.0/System.dll
                 Private = 'false'
             C:\Program Files\dotnet\packs\Microsoft.NETCore.App.Ref\8.0.6\ref/net8.0/WindowsBase.dll
                 Private = 'false'
             C:\Program Files\dotnet\packs\Microsoft.NETCore.App.Ref\8.0.6\ref/net8.0/mscorlib.dll
                 Private = 'false'
             C:\Program Files\dotnet\packs\Microsoft.NETCore.App.Ref\8.0.6\ref/net8.0/netstandard.dll
                 Private = 'false'
             C:\Program Files\dotnet\packs\Microsoft.AspNetCore.App.Ref\8.0.6\ref\net8.0\Microsoft.AspNetCore.Antiforgery.dll
                 Private = 'false'
             C:\Program Files\dotnet\packs\Microsoft.AspNetCore.App.Ref\8.0.6\ref\net8.0\Microsoft.AspNetCore.Authentication.Abstractions.dll
                 Private = 'false'
             C:\Program Files\dotnet\packs\Microsoft.AspNetCore.App.Ref\8.0.6\ref\net8.0\Microsoft.AspNetCore.Authentication.BearerToken.dll
                 Private = 'false'
             C:\Program Files\dotnet\packs\Microsoft.AspNetCore.App.Ref\8.0.6\ref\net8.0\Microsoft.AspNetCore.Authentication.Cookies.dll
                 Private = 'false'
             C:\Program Files\dotnet\packs\Microsoft.AspNetCore.App.Ref\8.0.6\ref\net8.0\Microsoft.AspNetCore.Authentication.Core.dll
                 Private = 'false'
             C:\Program Files\dotnet\packs\Microsoft.AspNetCore.App.Ref\8.0.6\ref\net8.0\Microsoft.AspNetCore.Authentication.OAuth.dll
                 Private = 'false'
             C:\Program Files\dotnet\packs\Microsoft.AspNetCore.App.Ref\8.0.6\ref\net8.0\Microsoft.AspNetCore.Authentication.dll
                 Private = 'false'
             C:\Program Files\dotnet\packs\Microsoft.AspNetCore.App.Ref\8.0.6\ref\net8.0\Microsoft.AspNetCore.Authorization.Policy.dll
                 Private = 'false'
             C:\Program Files\dotnet\packs\Microsoft.AspNetCore.App.Ref\8.0.6\ref\net8.0\Microsoft.AspNetCore.Authorization.dll
                 Private = 'false'
             C:\Program Files\dotnet\packs\Microsoft.AspNetCore.App.Ref\8.0.6\ref\net8.0\Microsoft.AspNetCore.Components.Authorization.dll
                 Private = 'false'
             C:\Program Files\dotnet\packs\Microsoft.AspNetCore.App.Ref\8.0.6\ref\net8.0\Microsoft.AspNetCore.Components.Endpoints.dll
                 Private = 'false'
             C:\Program Files\dotnet\packs\Microsoft.AspNetCore.App.Ref\8.0.6\ref\net8.0\Microsoft.AspNetCore.Components.Forms.dll
                 Private = 'false'
             C:\Program Files\dotnet\packs\Microsoft.AspNetCore.App.Ref\8.0.6\ref\net8.0\Microsoft.AspNetCore.Components.Server.dll
                 Private = 'false'
             C:\Program Files\dotnet\packs\Microsoft.AspNetCore.App.Ref\8.0.6\ref\net8.0\Microsoft.AspNetCore.Components.Web.dll
                 Private = 'false'
             C:\Program Files\dotnet\packs\Microsoft.AspNetCore.App.Ref\8.0.6\ref\net8.0\Microsoft.AspNetCore.Components.dll
                 Private = 'false'
             C:\Program Files\dotnet\packs\Microsoft.AspNetCore.App.Ref\8.0.6\ref\net8.0\Microsoft.AspNetCore.Connections.Abstractions.dll
                 Private = 'false'
             C:\Program Files\dotnet\packs\Microsoft.AspNetCore.App.Ref\8.0.6\ref\net8.0\Microsoft.AspNetCore.CookiePolicy.dll
                 Private = 'false'
             C:\Program Files\dotnet\packs\Microsoft.AspNetCore.App.Ref\8.0.6\ref\net8.0\Microsoft.AspNetCore.Cors.dll
                 Private = 'false'
             C:\Program Files\dotnet\packs\Microsoft.AspNetCore.App.Ref\8.0.6\ref\net8.0\Microsoft.AspNetCore.DataProtection.Abstractions.dll
                 Private = 'false'
             C:\Program Files\dotnet\packs\Microsoft.AspNetCore.App.Ref\8.0.6\ref\net8.0\Microsoft.AspNetCore.DataProtection.Extensions.dll
                 Private = 'false'
             C:\Program Files\dotnet\packs\Microsoft.AspNetCore.App.Ref\8.0.6\ref\net8.0\Microsoft.AspNetCore.DataProtection.dll
                 Private = 'false'
             C:\Program Files\dotnet\packs\Microsoft.AspNetCore.App.Ref\8.0.6\ref\net8.0\Microsoft.AspNetCore.Diagnostics.Abstractions.dll
                 Private = 'false'
             C:\Program Files\dotnet\packs\Microsoft.AspNetCore.App.Ref\8.0.6\ref\net8.0\Microsoft.AspNetCore.Diagnostics.HealthChecks.dll
                 Private = 'false'
             C:\Program Files\dotnet\packs\Microsoft.AspNetCore.App.Ref\8.0.6\ref\net8.0\Microsoft.AspNetCore.Diagnostics.dll
                 Private = 'false'
             C:\Program Files\dotnet\packs\Microsoft.AspNetCore.App.Ref\8.0.6\ref\net8.0\Microsoft.AspNetCore.HostFiltering.dll
                 Private = 'false'
             C:\Program Files\dotnet\packs\Microsoft.AspNetCore.App.Ref\8.0.6\ref\net8.0\Microsoft.AspNetCore.Hosting.Abstractions.dll
                 Private = 'false'
             C:\Program Files\dotnet\packs\Microsoft.AspNetCore.App.Ref\8.0.6\ref\net8.0\Microsoft.AspNetCore.Hosting.Server.Abstractions.dll
                 Private = 'false'
             C:\Program Files\dotnet\packs\Microsoft.AspNetCore.App.Ref\8.0.6\ref\net8.0\Microsoft.AspNetCore.Hosting.dll
                 Private = 'false'
             C:\Program Files\dotnet\packs\Microsoft.AspNetCore.App.Ref\8.0.6\ref\net8.0\Microsoft.AspNetCore.Html.Abstractions.dll
                 Private = 'false'
             C:\Program Files\dotnet\packs\Microsoft.AspNetCore.App.Ref\8.0.6\ref\net8.0\Microsoft.AspNetCore.Http.Abstractions.dll
                 Private = 'false'
             C:\Program Files\dotnet\packs\Microsoft.AspNetCore.App.Ref\8.0.6\ref\net8.0\Microsoft.AspNetCore.Http.Connections.Common.dll
                 Private = 'false'
             C:\Program Files\dotnet\packs\Microsoft.AspNetCore.App.Ref\8.0.6\ref\net8.0\Microsoft.AspNetCore.Http.Connections.dll
                 Private = 'false'
             C:\Program Files\dotnet\packs\Microsoft.AspNetCore.App.Ref\8.0.6\ref\net8.0\Microsoft.AspNetCore.Http.Extensions.dll
                 Private = 'false'
             C:\Program Files\dotnet\packs\Microsoft.AspNetCore.App.Ref\8.0.6\ref\net8.0\Microsoft.AspNetCore.Http.Features.dll
                 Private = 'false'
             C:\Program Files\dotnet\packs\Microsoft.AspNetCore.App.Ref\8.0.6\ref\net8.0\Microsoft.AspNetCore.Http.Results.dll
                 Private = 'false'
             C:\Program Files\dotnet\packs\Microsoft.AspNetCore.App.Ref\8.0.6\ref\net8.0\Microsoft.AspNetCore.Http.dll
                 Private = 'false'
             C:\Program Files\dotnet\packs\Microsoft.AspNetCore.App.Ref\8.0.6\ref\net8.0\Microsoft.AspNetCore.HttpLogging.dll
                 Private = 'false'
             C:\Program Files\dotnet\packs\Microsoft.AspNetCore.App.Ref\8.0.6\ref\net8.0\Microsoft.AspNetCore.HttpOverrides.dll
                 Private = 'false'
             C:\Program Files\dotnet\packs\Microsoft.AspNetCore.App.Ref\8.0.6\ref\net8.0\Microsoft.AspNetCore.HttpsPolicy.dll
                 Private = 'false'
             C:\Program Files\dotnet\packs\Microsoft.AspNetCore.App.Ref\8.0.6\ref\net8.0\Microsoft.AspNetCore.Identity.dll
                 Private = 'false'
             C:\Program Files\dotnet\packs\Microsoft.AspNetCore.App.Ref\8.0.6\ref\net8.0\Microsoft.AspNetCore.Localization.Routing.dll
                 Private = 'false'
             C:\Program Files\dotnet\packs\Microsoft.AspNetCore.App.Ref\8.0.6\ref\net8.0\Microsoft.AspNetCore.Localization.dll
                 Private = 'false'
             C:\Program Files\dotnet\packs\Microsoft.AspNetCore.App.Ref\8.0.6\ref\net8.0\Microsoft.AspNetCore.Metadata.dll
                 Private = 'false'
             C:\Program Files\dotnet\packs\Microsoft.AspNetCore.App.Ref\8.0.6\ref\net8.0\Microsoft.AspNetCore.Mvc.Abstractions.dll
                 Private = 'false'
             C:\Program Files\dotnet\packs\Microsoft.AspNetCore.App.Ref\8.0.6\ref\net8.0\Microsoft.AspNetCore.Mvc.ApiExplorer.dll
                 Private = 'false'
             C:\Program Files\dotnet\packs\Microsoft.AspNetCore.App.Ref\8.0.6\ref\net8.0\Microsoft.AspNetCore.Mvc.Core.dll
                 Private = 'false'
             C:\Program Files\dotnet\packs\Microsoft.AspNetCore.App.Ref\8.0.6\ref\net8.0\Microsoft.AspNetCore.Mvc.Cors.dll
                 Private = 'false'
             C:\Program Files\dotnet\packs\Microsoft.AspNetCore.App.Ref\8.0.6\ref\net8.0\Microsoft.AspNetCore.Mvc.DataAnnotations.dll
                 Private = 'false'
             C:\Program Files\dotnet\packs\Microsoft.AspNetCore.App.Ref\8.0.6\ref\net8.0\Microsoft.AspNetCore.Mvc.Formatters.Json.dll
                 Private = 'false'
             C:\Program Files\dotnet\packs\Microsoft.AspNetCore.App.Ref\8.0.6\ref\net8.0\Microsoft.AspNetCore.Mvc.Formatters.Xml.dll
                 Private = 'false'
             C:\Program Files\dotnet\packs\Microsoft.AspNetCore.App.Ref\8.0.6\ref\net8.0\Microsoft.AspNetCore.Mvc.Localization.dll
                 Private = 'false'
             C:\Program Files\dotnet\packs\Microsoft.AspNetCore.App.Ref\8.0.6\ref\net8.0\Microsoft.AspNetCore.Mvc.Razor.dll
                 Private = 'false'
             C:\Program Files\dotnet\packs\Microsoft.AspNetCore.App.Ref\8.0.6\ref\net8.0\Microsoft.AspNetCore.Mvc.RazorPages.dll
                 Private = 'false'
             C:\Program Files\dotnet\packs\Microsoft.AspNetCore.App.Ref\8.0.6\ref\net8.0\Microsoft.AspNetCore.Mvc.TagHelpers.dll
                 Private = 'false'
             C:\Program Files\dotnet\packs\Microsoft.AspNetCore.App.Ref\8.0.6\ref\net8.0\Microsoft.AspNetCore.Mvc.ViewFeatures.dll
                 Private = 'false'
             C:\Program Files\dotnet\packs\Microsoft.AspNetCore.App.Ref\8.0.6\ref\net8.0\Microsoft.AspNetCore.Mvc.dll
                 Private = 'false'
             C:\Program Files\dotnet\packs\Microsoft.AspNetCore.App.Ref\8.0.6\ref\net8.0\Microsoft.AspNetCore.OutputCaching.dll
                 Private = 'false'
             C:\Program Files\dotnet\packs\Microsoft.AspNetCore.App.Ref\8.0.6\ref\net8.0\Microsoft.AspNetCore.RateLimiting.dll
                 Private = 'false'
             C:\Program Files\dotnet\packs\Microsoft.AspNetCore.App.Ref\8.0.6\ref\net8.0\Microsoft.AspNetCore.Razor.Runtime.dll
                 Private = 'false'
             C:\Program Files\dotnet\packs\Microsoft.AspNetCore.App.Ref\8.0.6\ref\net8.0\Microsoft.AspNetCore.Razor.dll
                 Private = 'false'
             C:\Program Files\dotnet\packs\Microsoft.AspNetCore.App.Ref\8.0.6\ref\net8.0\Microsoft.AspNetCore.RequestDecompression.dll
                 Private = 'false'
             C:\Program Files\dotnet\packs\Microsoft.AspNetCore.App.Ref\8.0.6\ref\net8.0\Microsoft.AspNetCore.ResponseCaching.Abstractions.dll
                 Private = 'false'
             C:\Program Files\dotnet\packs\Microsoft.AspNetCore.App.Ref\8.0.6\ref\net8.0\Microsoft.AspNetCore.ResponseCaching.dll
                 Private = 'false'
             C:\Program Files\dotnet\packs\Microsoft.AspNetCore.App.Ref\8.0.6\ref\net8.0\Microsoft.AspNetCore.ResponseCompression.dll
                 Private = 'false'
             C:\Program Files\dotnet\packs\Microsoft.AspNetCore.App.Ref\8.0.6\ref\net8.0\Microsoft.AspNetCore.Rewrite.dll
                 Private = 'false'
             C:\Program Files\dotnet\packs\Microsoft.AspNetCore.App.Ref\8.0.6\ref\net8.0\Microsoft.AspNetCore.Routing.Abstractions.dll
                 Private = 'false'
             C:\Program Files\dotnet\packs\Microsoft.AspNetCore.App.Ref\8.0.6\ref\net8.0\Microsoft.AspNetCore.Routing.dll
                 Private = 'false'
             C:\Program Files\dotnet\packs\Microsoft.AspNetCore.App.Ref\8.0.6\ref\net8.0\Microsoft.AspNetCore.Server.HttpSys.dll
                 Private = 'false'
             C:\Program Files\dotnet\packs\Microsoft.AspNetCore.App.Ref\8.0.6\ref\net8.0\Microsoft.AspNetCore.Server.IIS.dll
                 Private = 'false'
             C:\Program Files\dotnet\packs\Microsoft.AspNetCore.App.Ref\8.0.6\ref\net8.0\Microsoft.AspNetCore.Server.IISIntegration.dll
                 Private = 'false'
             C:\Program Files\dotnet\packs\Microsoft.AspNetCore.App.Ref\8.0.6\ref\net8.0\Microsoft.AspNetCore.Server.Kestrel.Core.dll
                 Private = 'false'
             C:\Program Files\dotnet\packs\Microsoft.AspNetCore.App.Ref\8.0.6\ref\net8.0\Microsoft.AspNetCore.Server.Kestrel.Transport.NamedPipes.dll
                 Private = 'false'
             C:\Program Files\dotnet\packs\Microsoft.AspNetCore.App.Ref\8.0.6\ref\net8.0\Microsoft.AspNetCore.Server.Kestrel.Transport.Quic.dll
                 Private = 'false'
             C:\Program Files\dotnet\packs\Microsoft.AspNetCore.App.Ref\8.0.6\ref\net8.0\Microsoft.AspNetCore.Server.Kestrel.Transport.Sockets.dll
                 Private = 'false'
             C:\Program Files\dotnet\packs\Microsoft.AspNetCore.App.Ref\8.0.6\ref\net8.0\Microsoft.AspNetCore.Server.Kestrel.dll
                 Private = 'false'
             C:\Program Files\dotnet\packs\Microsoft.AspNetCore.App.Ref\8.0.6\ref\net8.0\Microsoft.AspNetCore.Session.dll
                 Private = 'false'
             C:\Program Files\dotnet\packs\Microsoft.AspNetCore.App.Ref\8.0.6\ref\net8.0\Microsoft.AspNetCore.SignalR.Common.dll
                 Private = 'false'
             C:\Program Files\dotnet\packs\Microsoft.AspNetCore.App.Ref\8.0.6\ref\net8.0\Microsoft.AspNetCore.SignalR.Core.dll
                 Private = 'false'
             C:\Program Files\dotnet\packs\Microsoft.AspNetCore.App.Ref\8.0.6\ref\net8.0\Microsoft.AspNetCore.SignalR.Protocols.Json.dll
                 Private = 'false'
             C:\Program Files\dotnet\packs\Microsoft.AspNetCore.App.Ref\8.0.6\ref\net8.0\Microsoft.AspNetCore.SignalR.dll
                 Private = 'false'
             C:\Program Files\dotnet\packs\Microsoft.AspNetCore.App.Ref\8.0.6\ref\net8.0\Microsoft.AspNetCore.StaticFiles.dll
                 Private = 'false'
             C:\Program Files\dotnet\packs\Microsoft.AspNetCore.App.Ref\8.0.6\ref\net8.0\Microsoft.AspNetCore.WebSockets.dll
                 Private = 'false'
             C:\Program Files\dotnet\packs\Microsoft.AspNetCore.App.Ref\8.0.6\ref\net8.0\Microsoft.AspNetCore.WebUtilities.dll
                 Private = 'false'
             C:\Program Files\dotnet\packs\Microsoft.AspNetCore.App.Ref\8.0.6\ref\net8.0\Microsoft.AspNetCore.dll
                 Private = 'false'
             C:\Program Files\dotnet\packs\Microsoft.AspNetCore.App.Ref\8.0.6\ref\net8.0\Microsoft.Extensions.Caching.Abstractions.dll
                 Private = 'false'
             C:\Program Files\dotnet\packs\Microsoft.AspNetCore.App.Ref\8.0.6\ref\net8.0\Microsoft.Extensions.Configuration.Abstractions.dll
                 Private = 'false'
             C:\Program Files\dotnet\packs\Microsoft.AspNetCore.App.Ref\8.0.6\ref\net8.0\Microsoft.Extensions.Configuration.Binder.dll
                 Private = 'false'
             C:\Program Files\dotnet\packs\Microsoft.AspNetCore.App.Ref\8.0.6\ref\net8.0\Microsoft.Extensions.Configuration.CommandLine.dll
                 Private = 'false'
             C:\Program Files\dotnet\packs\Microsoft.AspNetCore.App.Ref\8.0.6\ref\net8.0\Microsoft.Extensions.Configuration.EnvironmentVariables.dll
                 Private = 'false'
             C:\Program Files\dotnet\packs\Microsoft.AspNetCore.App.Ref\8.0.6\ref\net8.0\Microsoft.Extensions.Configuration.FileExtensions.dll
                 Private = 'false'
             C:\Program Files\dotnet\packs\Microsoft.AspNetCore.App.Ref\8.0.6\ref\net8.0\Microsoft.Extensions.Configuration.Ini.dll
                 Private = 'false'
             C:\Program Files\dotnet\packs\Microsoft.AspNetCore.App.Ref\8.0.6\ref\net8.0\Microsoft.Extensions.Configuration.Json.dll
                 Private = 'false'
             C:\Program Files\dotnet\packs\Microsoft.AspNetCore.App.Ref\8.0.6\ref\net8.0\Microsoft.Extensions.Configuration.KeyPerFile.dll
                 Private = 'false'
             C:\Program Files\dotnet\packs\Microsoft.AspNetCore.App.Ref\8.0.6\ref\net8.0\Microsoft.Extensions.Configuration.UserSecrets.dll
                 Private = 'false'
             C:\Program Files\dotnet\packs\Microsoft.AspNetCore.App.Ref\8.0.6\ref\net8.0\Microsoft.Extensions.Configuration.Xml.dll
                 Private = 'false'
             C:\Program Files\dotnet\packs\Microsoft.AspNetCore.App.Ref\8.0.6\ref\net8.0\Microsoft.Extensions.Configuration.dll
                 Private = 'false'
             C:\Program Files\dotnet\packs\Microsoft.AspNetCore.App.Ref\8.0.6\ref\net8.0\Microsoft.Extensions.DependencyInjection.Abstractions.dll
                 Private = 'false'
             C:\Program Files\dotnet\packs\Microsoft.AspNetCore.App.Ref\8.0.6\ref\net8.0\Microsoft.Extensions.Diagnostics.Abstractions.dll
                 Private = 'false'
             C:\Program Files\dotnet\packs\Microsoft.AspNetCore.App.Ref\8.0.6\ref\net8.0\Microsoft.Extensions.Diagnostics.HealthChecks.Abstractions.dll
                 Private = 'false'
             C:\Program Files\dotnet\packs\Microsoft.AspNetCore.App.Ref\8.0.6\ref\net8.0\Microsoft.Extensions.Diagnostics.HealthChecks.dll
                 Private = 'false'
             C:\Program Files\dotnet\packs\Microsoft.AspNetCore.App.Ref\8.0.6\ref\net8.0\Microsoft.Extensions.Diagnostics.dll
                 Private = 'false'
             C:\Program Files\dotnet\packs\Microsoft.AspNetCore.App.Ref\8.0.6\ref\net8.0\Microsoft.Extensions.Features.dll
                 Private = 'false'
             C:\Program Files\dotnet\packs\Microsoft.AspNetCore.App.Ref\8.0.6\ref\net8.0\Microsoft.Extensions.FileProviders.Abstractions.dll
                 Private = 'false'
             C:\Program Files\dotnet\packs\Microsoft.AspNetCore.App.Ref\8.0.6\ref\net8.0\Microsoft.Extensions.FileProviders.Composite.dll
                 Private = 'false'
             C:\Program Files\dotnet\packs\Microsoft.AspNetCore.App.Ref\8.0.6\ref\net8.0\Microsoft.Extensions.FileProviders.Embedded.dll
                 Private = 'false'
             C:\Program Files\dotnet\packs\Microsoft.AspNetCore.App.Ref\8.0.6\ref\net8.0\Microsoft.Extensions.FileProviders.Physical.dll
                 Private = 'false'
             C:\Program Files\dotnet\packs\Microsoft.AspNetCore.App.Ref\8.0.6\ref\net8.0\Microsoft.Extensions.FileSystemGlobbing.dll
                 Private = 'false'
             C:\Program Files\dotnet\packs\Microsoft.AspNetCore.App.Ref\8.0.6\ref\net8.0\Microsoft.Extensions.Hosting.Abstractions.dll
                 Private = 'false'
             C:\Program Files\dotnet\packs\Microsoft.AspNetCore.App.Ref\8.0.6\ref\net8.0\Microsoft.Extensions.Hosting.dll
                 Private = 'false'
             C:\Program Files\dotnet\packs\Microsoft.AspNetCore.App.Ref\8.0.6\ref\net8.0\Microsoft.Extensions.Http.dll
                 Private = 'false'
             C:\Program Files\dotnet\packs\Microsoft.AspNetCore.App.Ref\8.0.6\ref\net8.0\Microsoft.Extensions.Localization.Abstractions.dll
                 Private = 'false'
             C:\Program Files\dotnet\packs\Microsoft.AspNetCore.App.Ref\8.0.6\ref\net8.0\Microsoft.Extensions.Localization.dll
                 Private = 'false'
             C:\Program Files\dotnet\packs\Microsoft.AspNetCore.App.Ref\8.0.6\ref\net8.0\Microsoft.Extensions.Logging.Configuration.dll
                 Private = 'false'
             C:\Program Files\dotnet\packs\Microsoft.AspNetCore.App.Ref\8.0.6\ref\net8.0\Microsoft.Extensions.Logging.Console.dll
                 Private = 'false'
             C:\Program Files\dotnet\packs\Microsoft.AspNetCore.App.Ref\8.0.6\ref\net8.0\Microsoft.Extensions.Logging.Debug.dll
                 Private = 'false'
             C:\Program Files\dotnet\packs\Microsoft.AspNetCore.App.Ref\8.0.6\ref\net8.0\Microsoft.Extensions.Logging.EventLog.dll
                 Private = 'false'
             C:\Program Files\dotnet\packs\Microsoft.AspNetCore.App.Ref\8.0.6\ref\net8.0\Microsoft.Extensions.Logging.EventSource.dll
                 Private = 'false'
             C:\Program Files\dotnet\packs\Microsoft.AspNetCore.App.Ref\8.0.6\ref\net8.0\Microsoft.Extensions.Logging.TraceSource.dll
                 Private = 'false'
             C:\Program Files\dotnet\packs\Microsoft.AspNetCore.App.Ref\8.0.6\ref\net8.0\Microsoft.Extensions.ObjectPool.dll
                 Private = 'false'
             C:\Program Files\dotnet\packs\Microsoft.AspNetCore.App.Ref\8.0.6\ref\net8.0\Microsoft.Extensions.Options.ConfigurationExtensions.dll
                 Private = 'false'
             C:\Program Files\dotnet\packs\Microsoft.AspNetCore.App.Ref\8.0.6\ref\net8.0\Microsoft.Extensions.Options.DataAnnotations.dll
                 Private = 'false'
             C:\Program Files\dotnet\packs\Microsoft.AspNetCore.App.Ref\8.0.6\ref\net8.0\Microsoft.Extensions.Options.dll
                 Private = 'false'
             C:\Program Files\dotnet\packs\Microsoft.AspNetCore.App.Ref\8.0.6\ref\net8.0\Microsoft.Extensions.Primitives.dll
                 Private = 'false'
             C:\Program Files\dotnet\packs\Microsoft.AspNetCore.App.Ref\8.0.6\ref\net8.0\Microsoft.Extensions.WebEncoders.dll
                 Private = 'false'
             C:\Program Files\dotnet\packs\Microsoft.AspNetCore.App.Ref\8.0.6\ref\net8.0\Microsoft.JSInterop.dll
                 Private = 'false'
             C:\Program Files\dotnet\packs\Microsoft.AspNetCore.App.Ref\8.0.6\ref\net8.0\Microsoft.Net.Http.Headers.dll
                 Private = 'false'
             C:\Program Files\dotnet\packs\Microsoft.AspNetCore.App.Ref\8.0.6\ref\net8.0\System.Diagnostics.EventLog.dll
                 Private = 'false'
             C:\Program Files\dotnet\packs\Microsoft.AspNetCore.App.Ref\8.0.6\ref\net8.0\System.IO.Pipelines.dll
                 Private = 'false'
             C:\Program Files\dotnet\packs\Microsoft.AspNetCore.App.Ref\8.0.6\ref\net8.0\System.Security.Cryptography.Xml.dll
                 Private = 'false'
             C:\Program Files\dotnet\packs\Microsoft.AspNetCore.App.Ref\8.0.6\ref\net8.0\System.Threading.RateLimiting.dll
                 Private = 'false'
         AssemblyFiles:
             D:\Tito Pedraza\OneDrive\Proyectos\Codigo Fuente\repos\HumanCore\src\TalenHuman.Application\bin\Debug\net8.0\TalenHuman.Application.dll
             D:\Tito Pedraza\OneDrive\Proyectos\Codigo Fuente\repos\HumanCore\src\TalenHuman.Domain\bin\Debug\net8.0\TalenHuman.Domain.dll
         CandidateAssemblyFiles:
         TargetFrameworkDirectories:
             
         InstalledAssemblyTables:
         IgnoreInstalledAssemblyTable:
             False
         SearchPaths:
             {CandidateAssemblyFiles}
             {HintPathFromItem}
             {TargetFrameworkDirectory}
             {RawFileName}
         AllowedAssemblyExtensions:
             .winmd
             .dll
             .exe
         AllowedRelatedFileExtensions:
             .pdb
             .xml
             .pri
             .dll.config
             .exe.config
         AppConfigFile:
             
         AutoUnify:
             True
         CopyLocalDependenciesWhenParentReferenceInGac:
             True
         FindDependencies:
             True
         TargetProcessorArchitecture:
             msil
         StateFile:
             obj\Debug\net8.0\TalenHuman.Infrastructure.csproj.AssemblyReference.cache
         InstalledAssemblySubsetTables:
         IgnoreInstalledAssemblySubsetTable:
             False
         TargetFrameworkSubsets:
         FullTargetFrameworkSubsetNames:
             Full
         ProfileName:
             
         FullFrameworkFolders:
         LatestTargetFrameworkDirectories:
         ProfileTablesLocation:
         Primary reference "TalenHuman.Application, Version=1.0.0.0, Culture=neutral, PublicKeyToken=null".
             Resolved file path is "D:\Tito Pedraza\OneDrive\Proyectos\Codigo Fuente\repos\HumanCore\src\TalenHuman.Application\bin\Debug\net8.0\TalenHuman.Application.dll".
             Reference found at search path location "D:\Tito Pedraza\OneDrive\Proyectos\Codigo Fuente\repos\HumanCore\src\TalenHuman.Application\bin\Debug\net8.0\TalenHuman.Application.dll".
             Found related file "D:\Tito Pedraza\OneDrive\Proyectos\Codigo Fuente\repos\HumanCore\src\TalenHuman.Application\bin\Debug\net8.0\TalenHuman.Application.pdb".
         Primary reference "TalenHuman.Domain, Version=1.0.0.0, Culture=neutral, PublicKeyToken=null".
             Resolved file path is "D:\Tito Pedraza\OneDrive\Proyectos\Codigo Fuente\repos\HumanCore\src\TalenHuman.Domain\bin\Debug\net8.0\TalenHuman.Domain.dll".
             Reference found at search path location "D:\Tito Pedraza\OneDrive\Proyectos\Codigo Fuente\repos\HumanCore\src\TalenHuman.Domain\bin\Debug\net8.0\TalenHuman.Domain.dll".
             Found related file "D:\Tito Pedraza\OneDrive\Proyectos\Codigo Fuente\repos\HumanCore\src\TalenHuman.Domain\bin\Debug\net8.0\TalenHuman.Domain.pdb".
         Primary reference "AWSSDK.Core, Version=4.0.0.0, Culture=neutral, PublicKeyToken=885c28607f98e604".
             Resolved file path is "C:\Users\messa\.nuget\packages\awssdk.core\4.0.3.23\lib\net8.0\AWSSDK.Core.dll".
             Reference found at search path location "{HintPathFromItem}".
             This reference is not "CopyLocal" because at least one source item had "Private" set to "false" and no source items had "Private" set to "true".
         Primary reference "AWSSDK.S3, Version=4.0.0.0, Culture=neutral, PublicKeyToken=885c28607f98e604".
             Resolved file path is "C:\Users\messa\.nuget\packages\awssdk.s3\4.0.19.3\lib\net8.0\AWSSDK.S3.dll".
             Reference found at search path location "{HintPathFromItem}".
             This reference is not "CopyLocal" because at least one source item had "Private" set to "false" and no source items had "Private" set to "true".
         Primary reference "ClosedXML, Version=0.105.0.0, Culture=neutral, PublicKeyToken=fd1eb21b62ae805b".
             Resolved file path is "C:\Users\messa\.nuget\packages\closedxml\0.105.0\lib\netstandard2.1\ClosedXML.dll".
             Reference found at search path location "{HintPathFromItem}".
             This reference is not "CopyLocal" because at least one source item had "Private" set to "false" and no source items had "Private" set to "true".
         Primary reference "ClosedXML.Parser, Version=1.0.0.0, Culture=neutral, PublicKeyToken=1d5f7376574c51ec".
             Resolved file path is "C:\Users\messa\.nuget\packages\closedxml.parser\2.0.0\lib\netstandard2.1\ClosedXML.Parser.dll".
             Reference found at search path location "{HintPathFromItem}".
             This reference is not "CopyLocal" because at least one source item had "Private" set to "false" and no source items had "Private" set to "true".
         Primary reference "DocumentFormat.OpenXml, Version=3.1.1.0, Culture=neutral, PublicKeyToken=8fb06cb64d019a17".
             Resolved file path is "C:\Users\messa\.nuget\packages\documentformat.openxml\3.1.1\lib\net8.0\DocumentFormat.OpenXml.dll".
             Reference found at search path location "{HintPathFromItem}".
             This reference is not "CopyLocal" because at least one source item had "Private" set to "false" and no source items had "Private" set to "true".
         Primary reference "DocumentFormat.OpenXml.Framework, Version=3.1.1.0, Culture=neutral, PublicKeyToken=8fb06cb64d019a17".
             Resolved file path is "C:\Users\messa\.nuget\packages\documentformat.openxml.framework\3.1.1\lib\net8.0\DocumentFormat.OpenXml.Framework.dll".
             Reference found at search path location "{HintPathFromItem}".
             This reference is not "CopyLocal" because at least one source item had "Private" set to "false" and no source items had "Private" set to "true".
         Primary reference "ExcelDataReader, Version=3.8.0.0, Culture=neutral, PublicKeyToken=93517dbe6a4012fa".
             Resolved file path is "C:\Users\messa\.nuget\packages\exceldatareader\3.8.0\lib\net8.0\ExcelDataReader.dll".
             Reference found at search path location "{HintPathFromItem}".
             This reference is not "CopyLocal" because at least one source item had "Private" set to "false" and no source items had "Private" set to "true".
         Primary reference "ExcelDataReader.DataSet, Version=3.8.0.0, Culture=neutral, PublicKeyToken=93517dbe6a4012fa".
             Resolved file path is "C:\Users\messa\.nuget\packages\exceldatareader.dataset\3.8.0\lib\net8.0\ExcelDataReader.DataSet.dll".
             Reference found at search path location "{HintPathFromItem}".
             This reference is not "CopyLocal" because at least one source item had "Private" set to "false" and no source items had "Private" set to "true".
         Primary reference "ExcelNumberFormat, Version=1.1.0.0, Culture=neutral, PublicKeyToken=23c6f5d73be07eca".
             Resolved file path is "C:\Users\messa\.nuget\packages\excelnumberformat\1.1.0\lib\netstandard2.0\ExcelNumberFormat.dll".
             Reference found at search path location "{HintPathFromItem}".
             This reference is not "CopyLocal" because at least one source item had "Private" set to "false" and no source items had "Private" set to "true".
         Primary reference "Fido2, Version=3.0.1.0, Culture=neutral, PublicKeyToken=null".
             Resolved file path is "C:\Users\messa\.nuget\packages\fido2\3.0.1\lib\net6.0\Fido2.dll".
             Reference found at search path location "{HintPathFromItem}".
             This reference is not "CopyLocal" because at least one source item had "Private" set to "false" and no source items had "Private" set to "true".
         Primary reference "Fido2.Models, Version=3.0.1.0, Culture=neutral, PublicKeyToken=null".
             Resolved file path is "C:\Users\messa\.nuget\packages\fido2.models\3.0.1\lib\net6.0\Fido2.Models.dll".
             Reference found at search path location "{HintPathFromItem}".
             This reference is not "CopyLocal" because at least one source item had "Private" set to "false" and no source items had "Private" set to "true".
         Primary reference "FirebaseAdmin, Version=3.5.0.0, Culture=neutral, PublicKeyToken=97c8d00c348326ed".
             Resolved file path is "C:\Users\messa\.nuget\packages\firebaseadmin\3.5.0\lib\net6.0\FirebaseAdmin.dll".
             Reference found at search path location "{HintPathFromItem}".
             This reference is not "CopyLocal" because at least one source item had "Private" set to "false" and no source items had "Private" set to "true".
         Primary reference "FluentValidation, Version=11.0.0.0, Culture=neutral, PublicKeyToken=7de548da2fbae0f0".
             Resolved file path is "C:\Users\messa\.nuget\packages\fluentvalidation\11.11.0\lib\net8.0\FluentValidation.dll".
             Reference found at search path location "{HintPathFromItem}".
             This reference is not "CopyLocal" because at least one source item had "Private" set to "false" and no source items had "Private" set to "true".
         Primary reference "FluentValidation.AspNetCore, Version=11.0.0.0, Culture=neutral, PublicKeyToken=7de548da2fbae0f0".
             Resolved file path is "C:\Users\messa\.nuget\packages\fluentvalidation.aspnetcore\11.3.1\lib\net6.0\FluentValidation.AspNetCore.dll".
             Reference found at search path location "{HintPathFromItem}".
             This reference is not "CopyLocal" because at least one source item had "Private" set to "false" and no source items had "Private" set to "true".
         Primary reference "FluentValidation.DependencyInjectionExtensions, Version=11.0.0.0, Culture=neutral, PublicKeyToken=7de548da2fbae0f0".
             Resolved file path is "C:\Users\messa\.nuget\packages\fluentvalidation.dependencyinjectionextensions\11.11.0\lib\netstandard2.1\FluentValidation.DependencyInjectionExtensions.dll".
             Reference found at search path location "{HintPathFromItem}".
             This reference is not "CopyLocal" because at least one source item had "Private" set to "false" and no source items had "Private" set to "true".
         Primary reference "Google.Api.Gax, Version=4.13.1.0, Culture=neutral, PublicKeyToken=3ec5ea7f18953e47".
             Resolved file path is "C:\Users\messa\.nuget\packages\google.api.gax\4.13.1\lib\netstandard2.0\Google.Api.Gax.dll".
             Reference found at search path location "{HintPathFromItem}".
             This reference is not "CopyLocal" because at least one source item had "Private" set to "false" and no source items had "Private" set to "true".
         Primary reference "Google.Api.Gax.Rest, Version=4.13.1.0, Culture=neutral, PublicKeyToken=3ec5ea7f18953e47".
             Resolved file path is "C:\Users\messa\.nuget\packages\google.api.gax.rest\4.13.1\lib\netstandard2.0\Google.Api.Gax.Rest.dll".
             Reference found at search path location "{HintPathFromItem}".
             This reference is not "CopyLocal" because at least one source item had "Private" set to "false" and no source items had "Private" set to "true".
         Primary reference "Google.Apis, Version=1.73.0.0, Culture=neutral, PublicKeyToken=4b01fa6e34db77ab".
             Resolved file path is "C:\Users\messa\.nuget\packages\google.apis\1.73.0\lib\net6.0\Google.Apis.dll".
             Reference found at search path location "{HintPathFromItem}".
             This reference is not "CopyLocal" because at least one source item had "Private" set to "false" and no source items had "Private" set to "true".
         Primary reference "Google.Apis.Auth, Version=1.73.0.0, Culture=neutral, PublicKeyToken=4b01fa6e34db77ab".
             Resolved file path is "C:\Users\messa\.nuget\packages\google.apis.auth\1.73.0\lib\net6.0\Google.Apis.Auth.dll".
             Reference found at search path location "{HintPathFromItem}".
             This reference is not "CopyLocal" because at least one source item had "Private" set to "false" and no source items had "Private" set to "true".
         Primary reference "Google.Apis.Core, Version=1.73.0.0, Culture=neutral, PublicKeyToken=4b01fa6e34db77ab".
             Resolved file path is "C:\Users\messa\.nuget\packages\google.apis.core\1.73.0\lib\net6.0\Google.Apis.Core.dll".
             Reference found at search path location "{HintPathFromItem}".
             This reference is not "CopyLocal" because at least one source item had "Private" set to "false" and no source items had "Private" set to "true".
         Primary reference "MediatR, Version=12.0.0.0, Culture=neutral, PublicKeyToken=bb9a41a5e8aaa7e2".
             Resolved file path is "C:\Users\messa\.nuget\packages\mediatr\12.0.1\lib\net6.0\MediatR.dll".
             Reference found at search path location "{HintPathFromItem}".
             This reference is not "CopyLocal" because at least one source item had "Private" set to "false" and no source items had "Private" set to "true".
         Primary reference "MediatR.Contracts, Version=2.0.1.0, Culture=neutral, PublicKeyToken=bb9a41a5e8aaa7e2".
             Resolved file path is "C:\Users\messa\.nuget\packages\mediatr.contracts\2.0.1\lib\netstandard2.0\MediatR.Contracts.dll".
             Reference found at search path location "{HintPathFromItem}".
             This reference is not "CopyLocal" because at least one source item had "Private" set to "false" and no source items had "Private" set to "true".
         Primary reference "Microsoft.AspNetCore.Cryptography.Internal, Version=8.0.0.0, Culture=neutral, PublicKeyToken=adb9793829ddae60".
             Resolved file path is "C:\Users\messa\.nuget\packages\microsoft.aspnetcore.cryptography.internal\8.0.11\lib\net8.0\Microsoft.AspNetCore.Cryptography.Internal.dll".
             Reference found at search path location "{HintPathFromItem}".
             This reference is not "CopyLocal" because at least one source item had "Private" set to "false" and no source items had "Private" set to "true".
         Primary reference "Microsoft.AspNetCore.Cryptography.KeyDerivation, Version=8.0.0.0, Culture=neutral, PublicKeyToken=adb9793829ddae60".
             Resolved file path is "C:\Users\messa\.nuget\packages\microsoft.aspnetcore.cryptography.keyderivation\8.0.11\lib\net8.0\Microsoft.AspNetCore.Cryptography.KeyDerivation.dll".
             Reference found at search path location "{HintPathFromItem}".
             This reference is not "CopyLocal" because at least one source item had "Private" set to "false" and no source items had "Private" set to "true".
         Primary reference "Microsoft.AspNetCore.Identity.EntityFrameworkCore, Version=8.0.11.0, Culture=neutral, PublicKeyToken=adb9793829ddae60".
             Resolved file path is "C:\Users\messa\.nuget\packages\microsoft.aspnetcore.identity.entityframeworkcore\8.0.11\lib\net8.0\Microsoft.AspNetCore.Identity.EntityFrameworkCore.dll".
             Reference found at search path location "{HintPathFromItem}".
             This reference is not "CopyLocal" because at least one source item had "Private" set to "false" and no source items had "Private" set to "true".
         Primary reference "Microsoft.Bcl.AsyncInterfaces, Version=6.0.0.0, Culture=neutral, PublicKeyToken=cc7b13ffcd2ddd51".
             Resolved file path is "C:\Users\messa\.nuget\packages\microsoft.bcl.asyncinterfaces\6.0.0\lib\netstandard2.1\Microsoft.Bcl.AsyncInterfaces.dll".
             Reference found at search path location "{HintPathFromItem}".
             This reference is not "CopyLocal" because at least one source item had "Private" set to "false" and no source items had "Private" set to "true".
         Unified primary reference "Microsoft.EntityFrameworkCore, Version=8.0.11.0, Culture=neutral, PublicKeyToken=adb9793829ddae60".
             Using this version instead of original version "8.0.0.0" in "D:\Tito Pedraza\OneDrive\Proyectos\Codigo Fuente\repos\HumanCore\src\TalenHuman.Application\bin\Debug\net8.0\TalenHuman.Application.dll" because AutoUnify is 'true'.
             Resolved file path is "C:\Users\messa\.nuget\packages\microsoft.entityframeworkcore\8.0.11\lib\net8.0\Microsoft.EntityFrameworkCore.dll".
             Reference found at search path location "{HintPathFromItem}".
             This reference is not "CopyLocal" because at least one source item had "Private" set to "false" and no source items had "Private" set to "true".
         Primary reference "Microsoft.EntityFrameworkCore.Abstractions, Version=8.0.11.0, Culture=neutral, PublicKeyToken=adb9793829ddae60".
             Resolved file path is "C:\Users\messa\.nuget\packages\microsoft.entityframeworkcore.abstractions\8.0.11\lib\net8.0\Microsoft.EntityFrameworkCore.Abstractions.dll".
             Reference found at search path location "{HintPathFromItem}".
             This reference is not "CopyLocal" because at least one source item had "Private" set to "false" and no source items had "Private" set to "true".
         Primary reference "Microsoft.EntityFrameworkCore.Relational, Version=8.0.11.0, Culture=neutral, PublicKeyToken=adb9793829ddae60".
             Resolved file path is "C:\Users\messa\.nuget\packages\microsoft.entityframeworkcore.relational\8.0.11\lib\net8.0\Microsoft.EntityFrameworkCore.Relational.dll".
             Reference found at search path location "{HintPathFromItem}".
             This reference is not "CopyLocal" because at least one source item had "Private" set to "false" and no source items had "Private" set to "true".
         Primary reference "Microsoft.Extensions.Caching.Memory, Version=8.0.0.0, Culture=neutral, PublicKeyToken=adb9793829ddae60".
             Resolved file path is "C:\Users\messa\.nuget\packages\microsoft.extensions.caching.memory\8.0.1\lib\net8.0\Microsoft.Extensions.Caching.Memory.dll".
             Reference found at search path location "{HintPathFromItem}".
             This reference is not "CopyLocal" because at least one source item had "Private" set to "false" and no source items had "Private" set to "true".
         Primary reference "Microsoft.Extensions.DependencyInjection, Version=8.0.0.0, Culture=neutral, PublicKeyToken=adb9793829ddae60".
             Resolved file path is "C:\Users\messa\.nuget\packages\microsoft.extensions.dependencyinjection\8.0.1\lib\net8.0\Microsoft.Extensions.DependencyInjection.dll".
             Reference found at search path location "{HintPathFromItem}".
             This reference is not "CopyLocal" because at least one source item had "Private" set to "false" and no source items had "Private" set to "true".
         Primary reference "Microsoft.Extensions.Identity.Core, Version=8.0.0.0, Culture=neutral, PublicKeyToken=adb9793829ddae60".
             Resolved file path is "C:\Users\messa\.nuget\packages\microsoft.extensions.identity.core\8.0.11\lib\net8.0\Microsoft.Extensions.Identity.Core.dll".
             Reference found at search path location "{HintPathFromItem}".
             This reference is not "CopyLocal" because at least one source item had "Private" set to "false" and no source items had "Private" set to "true".
         Primary reference "Microsoft.Extensions.Identity.Stores, Version=8.0.0.0, Culture=neutral, PublicKeyToken=adb9793829ddae60".
             Resolved file path is "C:\Users\messa\.nuget\packages\microsoft.extensions.identity.stores\8.0.11\lib\net8.0\Microsoft.Extensions.Identity.Stores.dll".
             Reference found at search path location "{HintPathFromItem}".
             This reference is not "CopyLocal" because at least one source item had "Private" set to "false" and no source items had "Private" set to "true".
         Primary reference "Microsoft.Extensions.Logging, Version=8.0.0.0, Culture=neutral, PublicKeyToken=adb9793829ddae60".
             Resolved file path is "C:\Users\messa\.nuget\packages\microsoft.extensions.logging\8.0.1\lib\net8.0\Microsoft.Extensions.Logging.dll".
             Reference found at search path location "{HintPathFromItem}".
             This reference is not "CopyLocal" because at least one source item had "Private" set to "false" and no source items had "Private" set to "true".
         Primary reference "Microsoft.Extensions.Logging.Abstractions, Version=8.0.0.0, Culture=neutral, PublicKeyToken=adb9793829ddae60".
             Resolved file path is "C:\Users\messa\.nuget\packages\microsoft.extensions.logging.abstractions\8.0.2\lib\net8.0\Microsoft.Extensions.Logging.Abstractions.dll".
             Reference found at search path location "{HintPathFromItem}".
             This reference is not "CopyLocal" because at least one source item had "Private" set to "false" and no source items had "Private" set to "true".
         Primary reference "Microsoft.IdentityModel.JsonWebTokens, Version=6.17.0.0, Culture=neutral, PublicKeyToken=31bf3856ad364e35".
             Resolved file path is "C:\Users\messa\.nuget\packages\microsoft.identitymodel.jsonwebtokens\6.17.0\lib\netstandard2.0\Microsoft.IdentityModel.JsonWebTokens.dll".
             Reference found at search path location "{HintPathFromItem}".
             This reference is not "CopyLocal" because at least one source item had "Private" set to "false" and no source items had "Private" set to "true".
         Primary reference "Microsoft.IdentityModel.Logging, Version=6.17.0.0, Culture=neutral, PublicKeyToken=31bf3856ad364e35".
             Resolved file path is "C:\Users\messa\.nuget\packages\microsoft.identitymodel.logging\6.17.0\lib\netstandard2.0\Microsoft.IdentityModel.Logging.dll".
             Reference found at search path location "{HintPathFromItem}".
             This reference is not "CopyLocal" because at least one source item had "Private" set to "false" and no source items had "Private" set to "true".
         Primary reference "Microsoft.IdentityModel.Tokens, Version=6.17.0.0, Culture=neutral, PublicKeyToken=31bf3856ad364e35".
             Resolved file path is "C:\Users\messa\.nuget\packages\microsoft.identitymodel.tokens\6.17.0\lib\netstandard2.0\Microsoft.IdentityModel.Tokens.dll".
             Reference found at search path location "{HintPathFromItem}".
             This reference is not "CopyLocal" because at least one source item had "Private" set to "false" and no source items had "Private" set to "true".
         Primary reference "Newtonsoft.Json, Version=13.0.0.0, Culture=neutral, PublicKeyToken=30ad4fe6b2a6aeed".
             Resolved file path is "C:\Users\messa\.nuget\packages\newtonsoft.json\13.0.4\lib\net6.0\Newtonsoft.Json.dll".
             Reference found at search path location "{HintPathFromItem}".
             This reference is not "CopyLocal" because at least one source item had "Private" set to "false" and no source items had "Private" set to "true".
         Primary reference "Npgsql, Version=8.0.6.0, Culture=neutral, PublicKeyToken=5d8b90d52f46fda7".
             Resolved file path is "C:\Users\messa\.nuget\packages\npgsql\8.0.6\lib\net8.0\Npgsql.dll".
             Reference found at search path location "{HintPathFromItem}".
             This reference is not "CopyLocal" because at least one source item had "Private" set to "false" and no source items had "Private" set to "true".
         Primary reference "Npgsql.EntityFrameworkCore.PostgreSQL, Version=8.0.11.0, Culture=neutral, PublicKeyToken=5d8b90d52f46fda7".
             Resolved file path is "C:\Users\messa\.nuget\packages\npgsql.entityframeworkcore.postgresql\8.0.11\lib\net8.0\Npgsql.EntityFrameworkCore.PostgreSQL.dll".
             Reference found at search path location "{HintPathFromItem}".
             This reference is not "CopyLocal" because at least one source item had "Private" set to "false" and no source items had "Private" set to "true".
         Primary reference "NSec.Cryptography, Version=22.4.0.0, Culture=neutral, PublicKeyToken=531c072d5efee047".
             Resolved file path is "C:\Users\messa\.nuget\packages\nsec.cryptography\22.4.0\lib\net5.0\NSec.Cryptography.dll".
             Reference found at search path location "{HintPathFromItem}".
             This reference is not "CopyLocal" because at least one source item had "Private" set to "false" and no source items had "Private" set to "true".
         Primary reference "QuestPDF, Version=2024.12.1.0, Culture=neutral, PublicKeyToken=0f3c2b2315ff52c8".
             Resolved file path is "C:\Users\messa\.nuget\packages\questpdf\2024.12.1\lib\net8.0\QuestPDF.dll".
             Reference found at search path location "{HintPathFromItem}".
             This reference is not "CopyLocal" because at least one source item had "Private" set to "false" and no source items had "Private" set to "true".
         Primary reference "RBush, Version=4.0.0.0, Culture=neutral, PublicKeyToken=c77e27b81f4d0187".
             Resolved file path is "C:\Users\messa\.nuget\packages\rbush.signed\4.0.0\lib\net8.0\RBush.dll".
             Reference found at search path location "{HintPathFromItem}".
             This reference is not "CopyLocal" because at least one source item had "Private" set to "false" and no source items had "Private" set to "true".
         Primary reference "SixLabors.Fonts, Version=1.0.0.0, Culture=neutral, PublicKeyToken=d998eea7b14cab13".
             Resolved file path is "C:\Users\messa\.nuget\packages\sixlabors.fonts\1.0.0\lib\netcoreapp3.1\SixLabors.Fonts.dll".
             Reference found at search path location "{HintPathFromItem}".
             This reference is not "CopyLocal" because at least one source item had "Private" set to "false" and no source items had "Private" set to "true".
         Primary reference "SixLabors.ImageSharp, Version=3.0.0.0, Culture=neutral, PublicKeyToken=d998eea7b14cab13".
             Resolved file path is "C:\Users\messa\.nuget\packages\sixlabors.imagesharp\3.1.2\lib\net6.0\SixLabors.ImageSharp.dll".
             Reference found at search path location "{HintPathFromItem}".
             This reference is not "CopyLocal" because at least one source item had "Private" set to "false" and no source items had "Private" set to "true".
         Primary reference "System.CodeDom, Version=7.0.0.0, Culture=neutral, PublicKeyToken=cc7b13ffcd2ddd51".
             Resolved file path is "C:\Users\messa\.nuget\packages\system.codedom\7.0.0\lib\net7.0\System.CodeDom.dll".
             Reference found at search path location "{HintPathFromItem}".
             This reference is not "CopyLocal" because at least one source item had "Private" set to "false" and no source items had "Private" set to "true".
         Primary reference "System.Formats.Cbor, Version=6.0.0.0, Culture=neutral, PublicKeyToken=cc7b13ffcd2ddd51".
             Resolved file path is "C:\Users\messa\.nuget\packages\system.formats.cbor\6.0.0\lib\net6.0\System.Formats.Cbor.dll".
             Reference found at search path location "{HintPathFromItem}".
             This reference is not "CopyLocal" because at least one source item had "Private" set to "false" and no source items had "Private" set to "true".
         Primary reference "System.IdentityModel.Tokens.Jwt, Version=6.17.0.0, Culture=neutral, PublicKeyToken=31bf3856ad364e35".
             Resolved file path is "C:\Users\messa\.nuget\packages\system.identitymodel.tokens.jwt\6.17.0\lib\netstandard2.0\System.IdentityModel.Tokens.Jwt.dll".
             Reference found at search path location "{HintPathFromItem}".
             This reference is not "CopyLocal" because at least one source item had "Private" set to "false" and no source items had "Private" set to "true".
         Primary reference "System.IO.Packaging, Version=8.0.0.0, Culture=neutral, PublicKeyToken=b03f5f7f11d50a3a".
             Resolved file path is "C:\Users\messa\.nuget\packages\system.io.packaging\8.0.1\lib\net8.0\System.IO.Packaging.dll".
             Reference found at search path location "{HintPathFromItem}".
             This reference is not "CopyLocal" because at least one source item had "Private" set to "false" and no source items had "Private" set to "true".
         Primary reference "System.Management, Version=7.0.0.2, Culture=neutral, PublicKeyToken=b03f5f7f11d50a3a".
             Resolved file path is "C:\Users\messa\.nuget\packages\system.management\7.0.2\lib\net7.0\System.Management.dll".
             Reference found at search path location "{HintPathFromItem}".
             This reference is not "CopyLocal" because at least one source item had "Private" set to "false" and no source items had "Private" set to "true".
         Primary reference "Microsoft.CSharp, Version=8.0.0.0, Culture=neutral, PublicKeyToken=b03f5f7f11d50a3a".
             Resolved file path is "C:\Program Files\dotnet\packs\Microsoft.NETCore.App.Ref\8.0.6\ref\net8.0\Microsoft.CSharp.dll".
             Reference found at search path location "{RawFileName}".
             This reference is not "CopyLocal" because at least one source item had "Private" set to "false" and no source items had "Private" set to "true".
         Primary reference "Microsoft.VisualBasic.Core, Version=13.0.0.0, Culture=neutral, PublicKeyToken=b03f5f7f11d50a3a".
             Resolved file path is "C:\Program Files\dotnet\packs\Microsoft.NETCore.App.Ref\8.0.6\ref\net8.0\Microsoft.VisualBasic.Core.dll".
             Reference found at search path location "{RawFileName}".
             This reference is not "CopyLocal" because at least one source item had "Private" set to "false" and no source items had "Private" set to "true".
         Primary reference "Microsoft.VisualBasic, Version=10.0.0.0, Culture=neutral, PublicKeyToken=b03f5f7f11d50a3a".
             Resolved file path is "C:\Program Files\dotnet\packs\Microsoft.NETCore.App.Ref\8.0.6\ref\net8.0\Microsoft.VisualBasic.dll".
             Reference found at search path location "{RawFileName}".
             This reference is not "CopyLocal" because at least one source item had "Private" set to "false" and no source items had "Private" set to "true".
         Primary reference "Microsoft.Win32.Primitives, Version=8.0.0.0, Culture=neutral, PublicKeyToken=b03f5f7f11d50a3a".
             Resolved file path is "C:\Program Files\dotnet\packs\Microsoft.NETCore.App.Ref\8.0.6\ref\net8.0\Microsoft.Win32.Primitives.dll".
             Reference found at search path location "{RawFileName}".
             This reference is not "CopyLocal" because at least one source item had "Private" set to "false" and no source items had "Private" set to "true".
         Primary reference "Microsoft.Win32.Registry, Version=8.0.0.0, Culture=neutral, PublicKeyToken=b03f5f7f11d50a3a".
             Resolved file path is "C:\Program Files\dotnet\packs\Microsoft.NETCore.App.Ref\8.0.6\ref\net8.0\Microsoft.Win32.Registry.dll".
             Reference found at search path location "{RawFileName}".
             This reference is not "CopyLocal" because at least one source item had "Private" set to "false" and no source items had "Private" set to "true".
         Primary reference "System.AppContext, Version=8.0.0.0, Culture=neutral, PublicKeyToken=b03f5f7f11d50a3a".
             Resolved file path is "C:\Program Files\dotnet\packs\Microsoft.NETCore.App.Ref\8.0.6\ref\net8.0\System.AppContext.dll".
             Reference found at search path location "{RawFileName}".
             This reference is not "CopyLocal" because at least one source item had "Private" set to "false" and no source items had "Private" set to "true".
         Primary reference "System.Buffers, Version=8.0.0.0, Culture=neutral, PublicKeyToken=cc7b13ffcd2ddd51".
             Resolved file path is "C:\Program Files\dotnet\packs\Microsoft.NETCore.App.Ref\8.0.6\ref\net8.0\System.Buffers.dll".
             Reference found at search path location "{RawFileName}".
             This reference is not "CopyLocal" because at least one source item had "Private" set to "false" and no source items had "Private" set to "true".
         Primary reference "System.Collections.Concurrent, Version=8.0.0.0, Culture=neutral, PublicKeyToken=b03f5f7f11d50a3a".
             Resolved file path is "C:\Program Files\dotnet\packs\Microsoft.NETCore.App.Ref\8.0.6\ref\net8.0\System.Collections.Concurrent.dll".
             Reference found at search path location "{RawFileName}".
             This reference is not "CopyLocal" because at least one source item had "Private" set to "false" and no source items had "Private" set to "true".
         Primary reference "System.Collections.Immutable, Version=8.0.0.0, Culture=neutral, PublicKeyToken=b03f5f7f11d50a3a".
             Resolved file path is "C:\Program Files\dotnet\packs\Microsoft.NETCore.App.Ref\8.0.6\ref\net8.0\System.Collections.Immutable.dll".
             Reference found at search path location "{RawFileName}".
             This reference is not "CopyLocal" because at least one source item had "Private" set to "false" and no source items had "Private" set to "true".
         Primary reference "System.Collections.NonGeneric, Version=8.0.0.0, Culture=neutral, PublicKeyToken=b03f5f7f11d50a3a".
             Resolved file path is "C:\Program Files\dotnet\packs\Microsoft.NETCore.App.Ref\8.0.6\ref\net8.0\System.Collections.NonGeneric.dll".
             Reference found at search path location "{RawFileName}".
             This reference is not "CopyLocal" because at least one source item had "Private" set to "false" and no source items had "Private" set to "true".
         Primary reference "System.Collections.Specialized, Version=8.0.0.0, Culture=neutral, PublicKeyToken=b03f5f7f11d50a3a".
             Resolved file path is "C:\Program Files\dotnet\packs\Microsoft.NETCore.App.Ref\8.0.6\ref\net8.0\System.Collections.Specialized.dll".
             Reference found at search path location "{RawFileName}".
             This reference is not "CopyLocal" because at least one source item had "Private" set to "false" and no source items had "Private" set to "true".
         Primary reference "System.Collections, Version=8.0.0.0, Culture=neutral, PublicKeyToken=b03f5f7f11d50a3a".
             Resolved file path is "C:\Program Files\dotnet\packs\Microsoft.NETCore.App.Ref\8.0.6\ref\net8.0\System.Collections.dll".
             Reference found at search path location "{RawFileName}".
             This reference is not "CopyLocal" because at least one source item had "Private" set to "false" and no source items had "Private" set to "true".
         Primary reference "System.ComponentModel.Annotations, Version=8.0.0.0, Culture=neutral, PublicKeyToken=b03f5f7f11d50a3a".
             Resolved file path is "C:\Program Files\dotnet\packs\Microsoft.NETCore.App.Ref\8.0.6\ref\net8.0\System.ComponentModel.Annotations.dll".
             Reference found at search path location "{RawFileName}".
             This reference is not "CopyLocal" because at least one source item had "Private" set to "false" and no source items had "Private" set to "true".
         Primary reference "System.ComponentModel.DataAnnotations, Version=4.0.0.0, Culture=neutral, PublicKeyToken=31bf3856ad364e35".
             Resolved file path is "C:\Program Files\dotnet\packs\Microsoft.NETCore.App.Ref\8.0.6\ref\net8.0\System.ComponentModel.DataAnnotations.dll".
             Reference found at search path location "{RawFileName}".
             This reference is not "CopyLocal" because at least one source item had "Private" set to "false" and no source items had "Private" set to "true".
         Primary reference "System.ComponentModel.EventBasedAsync, Version=8.0.0.0, Culture=neutral, PublicKeyToken=b03f5f7f11d50a3a".
             Resolved file path is "C:\Program Files\dotnet\packs\Microsoft.NETCore.App.Ref\8.0.6\ref\net8.0\System.ComponentModel.EventBasedAsync.dll".
             Reference found at search path location "{RawFileName}".
             This reference is not "CopyLocal" because at least one source item had "Private" set to "false" and no source items had "Private" set to "true".
         Primary reference "System.ComponentModel.Primitives, Version=8.0.0.0, Culture=neutral, PublicKeyToken=b03f5f7f11d50a3a".
             Resolved file path is "C:\Program Files\dotnet\packs\Microsoft.NETCore.App.Ref\8.0.6\ref\net8.0\System.ComponentModel.Primitives.dll".
             Reference found at search path location "{RawFileName}".
             This reference is not "CopyLocal" because at least one source item had "Private" set to "false" and no source items had "Private" set to "true".
         Primary reference "System.ComponentModel.TypeConverter, Version=8.0.0.0, Culture=neutral, PublicKeyToken=b03f5f7f11d50a3a".
             Resolved file path is "C:\Program Files\dotnet\packs\Microsoft.NETCore.App.Ref\8.0.6\ref\net8.0\System.ComponentModel.TypeConverter.dll".
             Reference found at search path location "{RawFileName}".
             This reference is not "CopyLocal" because at least one source item had "Private" set to "false" and no source items had "Private" set to "true".
         Primary reference "System.ComponentModel, Version=8.0.0.0, Culture=neutral, PublicKeyToken=b03f5f7f11d50a3a".
             Resolved file path is "C:\Program Files\dotnet\packs\Microsoft.NETCore.App.Ref\8.0.6\ref\net8.0\System.ComponentModel.dll".
             Reference found at search path location "{RawFileName}".
             This reference is not "CopyLocal" because at least one source item had "Private" set to "false" and no source items had "Private" set to "true".
         Primary reference "System.Configuration, Version=4.0.0.0, Culture=neutral, PublicKeyToken=b03f5f7f11d50a3a".
             Resolved file path is "C:\Program Files\dotnet\packs\Microsoft.NETCore.App.Ref\8.0.6\ref\net8.0\System.Configuration.dll".
             Reference found at search path location "{RawFileName}".
             This reference is not "CopyLocal" because at least one source item had "Private" set to "false" and no source items had "Private" set to "true".
         Primary reference "System.Console, Version=8.0.0.0, Culture=neutral, PublicKeyToken=b03f5f7f11d50a3a".
             Resolved file path is "C:\Program Files\dotnet\packs\Microsoft.NETCore.App.Ref\8.0.6\ref\net8.0\System.Console.dll".
             Reference found at search path location "{RawFileName}".
             This reference is not "CopyLocal" because at least one source item had "Private" set to "false" and no source items had "Private" set to "true".
         Primary reference "System.Core, Version=4.0.0.0, Culture=neutral, PublicKeyToken=b77a5c561934e089".
             Resolved file path is "C:\Program Files\dotnet\packs\Microsoft.NETCore.App.Ref\8.0.6\ref\net8.0\System.Core.dll".
             Reference found at search path location "{RawFileName}".
             This reference is not "CopyLocal" because at least one source item had "Private" set to "false" and no source items had "Private" set to "true".
         Primary reference "System.Data.Common, Version=8.0.0.0, Culture=neutral, PublicKeyToken=b03f5f7f11d50a3a".
             Resolved file path is "C:\Program Files\dotnet\packs\Microsoft.NETCore.App.Ref\8.0.6\ref\net8.0\System.Data.Common.dll".
             Reference found at search path location "{RawFileName}".
             This reference is not "CopyLocal" because at least one source item had "Private" set to "false" and no source items had "Private" set to "true".
         Primary reference "System.Data.DataSetExtensions, Version=8.0.0.0, Culture=neutral, PublicKeyToken=b77a5c561934e089".
             Resolved file path is "C:\Program Files\dotnet\packs\Microsoft.NETCore.App.Ref\8.0.6\ref\net8.0\System.Data.DataSetExtensions.dll".
             Reference found at search path location "{RawFileName}".
             This reference is not "CopyLocal" because at least one source item had "Private" set to "false" and no source items had "Private" set to "true".
         Primary reference "System.Data, Version=4.0.0.0, Culture=neutral, PublicKeyToken=b77a5c561934e089".
             Resolved file path is "C:\Program Files\dotnet\packs\Microsoft.NETCore.App.Ref\8.0.6\ref\net8.0\System.Data.dll".
             Reference found at search path location "{RawFileName}".
             This reference is not "CopyLocal" because at least one source item had "Private" set to "false" and no source items had "Private" set to "true".
         Primary reference "System.Diagnostics.Contracts, Version=8.0.0.0, Culture=neutral, PublicKeyToken=b03f5f7f11d50a3a".
             Resolved file path is "C:\Program Files\dotnet\packs\Microsoft.NETCore.App.Ref\8.0.6\ref\net8.0\System.Diagnostics.Contracts.dll".
             Reference found at search path location "{RawFileName}".
             This reference is not "CopyLocal" because at least one source item had "Private" set to "false" and no source items had "Private" set to "true".
         Primary reference "System.Diagnostics.Debug, Version=8.0.0.0, Culture=neutral, PublicKeyToken=b03f5f7f11d50a3a".
             Resolved file path is "C:\Program Files\dotnet\packs\Microsoft.NETCore.App.Ref\8.0.6\ref\net8.0\System.Diagnostics.Debug.dll".
             Reference found at search path location "{RawFileName}".
             This reference is not "CopyLocal" because at least one source item had "Private" set to "false" and no source items had "Private" set to "true".
         Primary reference "System.Diagnostics.DiagnosticSource, Version=8.0.0.0, Culture=neutral, PublicKeyToken=cc7b13ffcd2ddd51".
             Resolved file path is "C:\Program Files\dotnet\packs\Microsoft.NETCore.App.Ref\8.0.6\ref\net8.0\System.Diagnostics.DiagnosticSource.dll".
             Reference found at search path location "{RawFileName}".
             This reference is not "CopyLocal" because at least one source item had "Private" set to "false" and no source items had "Private" set to "true".
         Primary reference "System.Diagnostics.FileVersionInfo, Version=8.0.0.0, Culture=neutral, PublicKeyToken=b03f5f7f11d50a3a".
             Resolved file path is "C:\Program Files\dotnet\packs\Microsoft.NETCore.App.Ref\8.0.6\ref\net8.0\System.Diagnostics.FileVersionInfo.dll".
             Reference found at search path location "{RawFileName}".
             This reference is not "CopyLocal" because at least one source item had "Private" set to "false" and no source items had "Private" set to "true".
         Primary reference "System.Diagnostics.Process, Version=8.0.0.0, Culture=neutral, PublicKeyToken=b03f5f7f11d50a3a".
             Resolved file path is "C:\Program Files\dotnet\packs\Microsoft.NETCore.App.Ref\8.0.6\ref\net8.0\System.Diagnostics.Process.dll".
             Reference found at search path location "{RawFileName}".
             This reference is not "CopyLocal" because at least one source item had "Private" set to "false" and no source items had "Private" set to "true".
         Primary reference "System.Diagnostics.StackTrace, Version=8.0.0.0, Culture=neutral, PublicKeyToken=b03f5f7f11d50a3a".
             Resolved file path is "C:\Program Files\dotnet\packs\Microsoft.NETCore.App.Ref\8.0.6\ref\net8.0\System.Diagnostics.StackTrace.dll".
             Reference found at search path location "{RawFileName}".
             This reference is not "CopyLocal" because at least one source item had "Private" set to "false" and no source items had "Private" set to "true".
         Primary reference "System.Diagnostics.TextWriterTraceListener, Version=8.0.0.0, Culture=neutral, PublicKeyToken=b03f5f7f11d50a3a".
             Resolved file path is "C:\Program Files\dotnet\packs\Microsoft.NETCore.App.Ref\8.0.6\ref\net8.0\System.Diagnostics.TextWriterTraceListener.dll".
             Reference found at search path location "{RawFileName}".
             This reference is not "CopyLocal" because at least one source item had "Private" set to "false" and no source items had "Private" set to "true".
         Primary reference "System.Diagnostics.Tools, Version=8.0.0.0, Culture=neutral, PublicKeyToken=b03f5f7f11d50a3a".
             Resolved file path is "C:\Program Files\dotnet\packs\Microsoft.NETCore.App.Ref\8.0.6\ref\net8.0\System.Diagnostics.Tools.dll".
             Reference found at search path location "{RawFileName}".
             This reference is not "CopyLocal" because at least one source item had "Private" set to "false" and no source items had "Private" set to "true".
         Primary reference "System.Diagnostics.TraceSource, Version=8.0.0.0, Culture=neutral, PublicKeyToken=b03f5f7f11d50a3a".
             Resolved file path is "C:\Program Files\dotnet\packs\Microsoft.NETCore.App.Ref\8.0.6\ref\net8.0\System.Diagnostics.TraceSource.dll".
             Reference found at search path location "{RawFileName}".
             This reference is not "CopyLocal" because at least one source item had "Private" set to "false" and no source items had "Private" set to "true".
         Primary reference "System.Diagnostics.Tracing, Version=8.0.0.0, Culture=neutral, PublicKeyToken=b03f5f7f11d50a3a".
             Resolved file path is "C:\Program Files\dotnet\packs\Microsoft.NETCore.App.Ref\8.0.6\ref\net8.0\System.Diagnostics.Tracing.dll".
             Reference found at search path location "{RawFileName}".
             This reference is not "CopyLocal" because at least one source item had "Private" set to "false" and no source items had "Private" set to "true".
         Primary reference "System.Drawing.Primitives, Version=8.0.0.0, Culture=neutral, PublicKeyToken=b03f5f7f11d50a3a".
             Resolved file path is "C:\Program Files\dotnet\packs\Microsoft.NETCore.App.Ref\8.0.6\ref\net8.0\System.Drawing.Primitives.dll".
             Reference found at search path location "{RawFileName}".
             This reference is not "CopyLocal" because at least one source item had "Private" set to "false" and no source items had "Private" set to "true".
         Primary reference "System.Drawing, Version=4.0.0.0, Culture=neutral, PublicKeyToken=b03f5f7f11d50a3a".
             Resolved file path is "C:\Program Files\dotnet\packs\Microsoft.NETCore.App.Ref\8.0.6\ref\net8.0\System.Drawing.dll".
             Reference found at search path location "{RawFileName}".
             This reference is not "CopyLocal" because at least one source item had "Private" set to "false" and no source items had "Private" set to "true".
         Primary reference "System.Dynamic.Runtime, Version=8.0.0.0, Culture=neutral, PublicKeyToken=b03f5f7f11d50a3a".
             Resolved file path is "C:\Program Files\dotnet\packs\Microsoft.NETCore.App.Ref\8.0.6\ref\net8.0\System.Dynamic.Runtime.dll".
             Reference found at search path location "{RawFileName}".
             This reference is not "CopyLocal" because at least one source item had "Private" set to "false" and no source items had "Private" set to "true".
         Primary reference "System.Formats.Asn1, Version=8.0.0.0, Culture=neutral, PublicKeyToken=cc7b13ffcd2ddd51".
             Resolved file path is "C:\Program Files\dotnet\packs\Microsoft.NETCore.App.Ref\8.0.6\ref\net8.0\System.Formats.Asn1.dll".
             Reference found at search path location "{RawFileName}".
             This reference is not "CopyLocal" because at least one source item had "Private" set to "false" and no source items had "Private" set to "true".
         Primary reference "System.Formats.Tar, Version=8.0.0.0, Culture=neutral, PublicKeyToken=cc7b13ffcd2ddd51".
             Resolved file path is "C:\Program Files\dotnet\packs\Microsoft.NETCore.App.Ref\8.0.6\ref\net8.0\System.Formats.Tar.dll".
             Reference found at search path location "{RawFileName}".
             This reference is not "CopyLocal" because at least one source item had "Private" set to "false" and no source items had "Private" set to "true".
         Primary reference "System.Globalization.Calendars, Version=8.0.0.0, Culture=neutral, PublicKeyToken=b03f5f7f11d50a3a".
             Resolved file path is "C:\Program Files\dotnet\packs\Microsoft.NETCore.App.Ref\8.0.6\ref\net8.0\System.Globalization.Calendars.dll".
             Reference found at search path location "{RawFileName}".
             This reference is not "CopyLocal" because at least one source item had "Private" set to "false" and no source items had "Private" set to "true".
         Primary reference "System.Globalization.Extensions, Version=8.0.0.0, Culture=neutral, PublicKeyToken=b03f5f7f11d50a3a".
             Resolved file path is "C:\Program Files\dotnet\packs\Microsoft.NETCore.App.Ref\8.0.6\ref\net8.0\System.Globalization.Extensions.dll".
             Reference found at search path location "{RawFileName}".
             This reference is not "CopyLocal" because at least one source item had "Private" set to "false" and no source items had "Private" set to "true".
         Primary reference "System.Globalization, Version=8.0.0.0, Culture=neutral, PublicKeyToken=b03f5f7f11d50a3a".
             Resolved file path is "C:\Program Files\dotnet\packs\Microsoft.NETCore.App.Ref\8.0.6\ref\net8.0\System.Globalization.dll".
             Reference found at search path location "{RawFileName}".
             This reference is not "CopyLocal" because at least one source item had "Private" set to "false" and no source items had "Private" set to "true".
         Primary reference "System.IO.Compression.Brotli, Version=8.0.0.0, Culture=neutral, PublicKeyToken=b77a5c561934e089".
             Resolved file path is "C:\Program Files\dotnet\packs\Microsoft.NETCore.App.Ref\8.0.6\ref\net8.0\System.IO.Compression.Brotli.dll".
             Reference found at search path location "{RawFileName}".
             This reference is not "CopyLocal" because at least one source item had "Private" set to "false" and no source items had "Private" set to "true".
         Primary reference "System.IO.Compression.FileSystem, Version=4.0.0.0, Culture=neutral, PublicKeyToken=b77a5c561934e089".
             Resolved file path is "C:\Program Files\dotnet\packs\Microsoft.NETCore.App.Ref\8.0.6\ref\net8.0\System.IO.Compression.FileSystem.dll".
             Reference found at search path location "{RawFileName}".
             This reference is not "CopyLocal" because at least one source item had "Private" set to "false" and no source items had "Private" set to "true".
         Primary reference "System.IO.Compression.ZipFile, Version=8.0.0.0, Culture=neutral, PublicKeyToken=b77a5c561934e089".
             Resolved file path is "C:\Program Files\dotnet\packs\Microsoft.NETCore.App.Ref\8.0.6\ref\net8.0\System.IO.Compression.ZipFile.dll".
             Reference found at search path location "{RawFileName}".
             This reference is not "CopyLocal" because at least one source item had "Private" set to "false" and no source items had "Private" set to "true".
         Primary reference "System.IO.Compression, Version=8.0.0.0, Culture=neutral, PublicKeyToken=b77a5c561934e089".
             Resolved file path is "C:\Program Files\dotnet\packs\Microsoft.NETCore.App.Ref\8.0.6\ref\net8.0\System.IO.Compression.dll".
             Reference found at search path location "{RawFileName}".
             This reference is not "CopyLocal" because at least one source item had "Private" set to "false" and no source items had "Private" set to "true".
         Primary reference "System.IO.FileSystem.AccessControl, Version=8.0.0.0, Culture=neutral, PublicKeyToken=b03f5f7f11d50a3a".
             Resolved file path is "C:\Program Files\dotnet\packs\Microsoft.NETCore.App.Ref\8.0.6\ref\net8.0\System.IO.FileSystem.AccessControl.dll".
             Reference found at search path location "{RawFileName}".
             This reference is not "CopyLocal" because at least one source item had "Private" set to "false" and no source items had "Private" set to "true".
         Primary reference "System.IO.FileSystem.DriveInfo, Version=8.0.0.0, Culture=neutral, PublicKeyToken=b03f5f7f11d50a3a".
             Resolved file path is "C:\Program Files\dotnet\packs\Microsoft.NETCore.App.Ref\8.0.6\ref\net8.0\System.IO.FileSystem.DriveInfo.dll".
             Reference found at search path location "{RawFileName}".
             This reference is not "CopyLocal" because at least one source item had "Private" set to "false" and no source items had "Private" set to "true".
         Primary reference "System.IO.FileSystem.Primitives, Version=8.0.0.0, Culture=neutral, PublicKeyToken=b03f5f7f11d50a3a".
             Resolved file path is "C:\Program Files\dotnet\packs\Microsoft.NETCore.App.Ref\8.0.6\ref\net8.0\System.IO.FileSystem.Primitives.dll".
             Reference found at search path location "{RawFileName}".
             This reference is not "CopyLocal" because at least one source item had "Private" set to "false" and no source items had "Private" set to "true".
         Primary reference "System.IO.FileSystem.Watcher, Version=8.0.0.0, Culture=neutral, PublicKeyToken=b03f5f7f11d50a3a".
             Resolved file path is "C:\Program Files\dotnet\packs\Microsoft.NETCore.App.Ref\8.0.6\ref\net8.0\System.IO.FileSystem.Watcher.dll".
             Reference found at search path location "{RawFileName}".
             This reference is not "CopyLocal" because at least one source item had "Private" set to "false" and no source items had "Private" set to "true".
         Primary reference "System.IO.FileSystem, Version=8.0.0.0, Culture=neutral, PublicKeyToken=b03f5f7f11d50a3a".
             Resolved file path is "C:\Program Files\dotnet\packs\Microsoft.NETCore.App.Ref\8.0.6\ref\net8.0\System.IO.FileSystem.dll".
             Reference found at search path location "{RawFileName}".
             This reference is not "CopyLocal" because at least one source item had "Private" set to "false" and no source items had "Private" set to "true".
         Primary reference "System.IO.IsolatedStorage, Version=8.0.0.0, Culture=neutral, PublicKeyToken=b03f5f7f11d50a3a".
             Resolved file path is "C:\Program Files\dotnet\packs\Microsoft.NETCore.App.Ref\8.0.6\ref\net8.0\System.IO.IsolatedStorage.dll".
             Reference found at search path location "{RawFileName}".
             This reference is not "CopyLocal" because at least one source item had "Private" set to "false" and no source items had "Private" set to "true".
         Primary reference "System.IO.MemoryMappedFiles, Version=8.0.0.0, Culture=neutral, PublicKeyToken=b03f5f7f11d50a3a".
             Resolved file path is "C:\Program Files\dotnet\packs\Microsoft.NETCore.App.Ref\8.0.6\ref\net8.0\System.IO.MemoryMappedFiles.dll".
             Reference found at search path location "{RawFileName}".
             This reference is not "CopyLocal" because at least one source item had "Private" set to "false" and no source items had "Private" set to "true".
         Primary reference "System.IO.Pipes.AccessControl, Version=8.0.0.0, Culture=neutral, PublicKeyToken=b03f5f7f11d50a3a".
             Resolved file path is "C:\Program Files\dotnet\packs\Microsoft.NETCore.App.Ref\8.0.6\ref\net8.0\System.IO.Pipes.AccessControl.dll".
             Reference found at search path location "{RawFileName}".
             This reference is not "CopyLocal" because at least one source item had "Private" set to "false" and no source items had "Private" set to "true".
         Primary reference "System.IO.Pipes, Version=8.0.0.0, Culture=neutral, PublicKeyToken=b03f5f7f11d50a3a".
             Resolved file path is "C:\Program Files\dotnet\packs\Microsoft.NETCore.App.Ref\8.0.6\ref\net8.0\System.IO.Pipes.dll".
             Reference found at search path location "{RawFileName}".
             This reference is not "CopyLocal" because at least one source item had "Private" set to "false" and no source items had "Private" set to "true".
         Primary reference "System.IO.UnmanagedMemoryStream, Version=8.0.0.0, Culture=neutral, PublicKeyToken=b03f5f7f11d50a3a".
             Resolved file path is "C:\Program Files\dotnet\packs\Microsoft.NETCore.App.Ref\8.0.6\ref\net8.0\System.IO.UnmanagedMemoryStream.dll".
             Reference found at search path location "{RawFileName}".
             This reference is not "CopyLocal" because at least one source item had "Private" set to "false" and no source items had "Private" set to "true".
         Primary reference "System.IO, Version=8.0.0.0, Culture=neutral, PublicKeyToken=b03f5f7f11d50a3a".
             Resolved file path is "C:\Program Files\dotnet\packs\Microsoft.NETCore.App.Ref\8.0.6\ref\net8.0\System.IO.dll".
             Reference found at search path location "{RawFileName}".
             This reference is not "CopyLocal" because at least one source item had "Private" set to "false" and no source items had "Private" set to "true".
         Primary reference "System.Linq.Expressions, Version=8.0.0.0, Culture=neutral, PublicKeyToken=b03f5f7f11d50a3a".
             Resolved file path is "C:\Program Files\dotnet\packs\Microsoft.NETCore.App.Ref\8.0.6\ref\net8.0\System.Linq.Expressions.dll".
             Reference found at search path location "{RawFileName}".
             This reference is not "CopyLocal" because at least one source item had "Private" set to "false" and no source items had "Private" set to "true".
         Primary reference "System.Linq.Parallel, Version=8.0.0.0, Culture=neutral, PublicKeyToken=b03f5f7f11d50a3a".
             Resolved file path is "C:\Program Files\dotnet\packs\Microsoft.NETCore.App.Ref\8.0.6\ref\net8.0\System.Linq.Parallel.dll".
             Reference found at search path location "{RawFileName}".
             This reference is not "CopyLocal" because at least one source item had "Private" set to "false" and no source items had "Private" set to "true".
         Primary reference "System.Linq.Queryable, Version=8.0.0.0, Culture=neutral, PublicKeyToken=b03f5f7f11d50a3a".
             Resolved file path is "C:\Program Files\dotnet\packs\Microsoft.NETCore.App.Ref\8.0.6\ref\net8.0\System.Linq.Queryable.dll".
             Reference found at search path location "{RawFileName}".
             This reference is not "CopyLocal" because at least one source item had "Private" set to "false" and no source items had "Private" set to "true".
         Primary reference "System.Linq, Version=8.0.0.0, Culture=neutral, PublicKeyToken=b03f5f7f11d50a3a".
             Resolved file path is "C:\Program Files\dotnet\packs\Microsoft.NETCore.App.Ref\8.0.6\ref\net8.0\System.Linq.dll".
             Reference found at search path location "{RawFileName}".
             This reference is not "CopyLocal" because at least one source item had "Private" set to "false" and no source items had "Private" set to "true".
         Primary reference "System.Memory, Version=8.0.0.0, Culture=neutral, PublicKeyToken=cc7b13ffcd2ddd51".
             Resolved file path is "C:\Program Files\dotnet\packs\Microsoft.NETCore.App.Ref\8.0.6\ref\net8.0\System.Memory.dll".
             Reference found at search path location "{RawFileName}".
             This reference is not "CopyLocal" because at least one source item had "Private" set to "false" and no source items had "Private" set to "true".
         Primary reference "System.Net.Http.Json, Version=8.0.0.0, Culture=neutral, PublicKeyToken=cc7b13ffcd2ddd51".
             Resolved file path is "C:\Program Files\dotnet\packs\Microsoft.NETCore.App.Ref\8.0.6\ref\net8.0\System.Net.Http.Json.dll".
             Reference found at search path location "{RawFileName}".
             This reference is not "CopyLocal" because at least one source item had "Private" set to "false" and no source items had "Private" set to "true".
         Primary reference "System.Net.Http, Version=8.0.0.0, Culture=neutral, PublicKeyToken=b03f5f7f11d50a3a".
             Resolved file path is "C:\Program Files\dotnet\packs\Microsoft.NETCore.App.Ref\8.0.6\ref\net8.0\System.Net.Http.dll".
             Reference found at search path location "{RawFileName}".
             This reference is not "CopyLocal" because at least one source item had "Private" set to "false" and no source items had "Private" set to "true".
         Primary reference "System.Net.HttpListener, Version=8.0.0.0, Culture=neutral, PublicKeyToken=cc7b13ffcd2ddd51".
             Resolved file path is "C:\Program Files\dotnet\packs\Microsoft.NETCore.App.Ref\8.0.6\ref\net8.0\System.Net.HttpListener.dll".
             Reference found at search path location "{RawFileName}".
             This reference is not "CopyLocal" because at least one source item had "Private" set to "false" and no source items had "Private" set to "true".
         Primary reference "System.Net.Mail, Version=8.0.0.0, Culture=neutral, PublicKeyToken=cc7b13ffcd2ddd51".
             Resolved file path is "C:\Program Files\dotnet\packs\Microsoft.NETCore.App.Ref\8.0.6\ref\net8.0\System.Net.Mail.dll".
             Reference found at search path location "{RawFileName}".
             This reference is not "CopyLocal" because at least one source item had "Private" set to "false" and no source items had "Private" set to "true".
         Primary reference "System.Net.NameResolution, Version=8.0.0.0, Culture=neutral, PublicKeyToken=b03f5f7f11d50a3a".
             Resolved file path is "C:\Program Files\dotnet\packs\Microsoft.NETCore.App.Ref\8.0.6\ref\net8.0\System.Net.NameResolution.dll".
             Reference found at search path location "{RawFileName}".
             This reference is not "CopyLocal" because at least one source item had "Private" set to "false" and no source items had "Private" set to "true".
         Primary reference "System.Net.NetworkInformation, Version=8.0.0.0, Culture=neutral, PublicKeyToken=b03f5f7f11d50a3a".
             Resolved file path is "C:\Program Files\dotnet\packs\Microsoft.NETCore.App.Ref\8.0.6\ref\net8.0\System.Net.NetworkInformation.dll".
             Reference found at search path location "{RawFileName}".
             This reference is not "CopyLocal" because at least one source item had "Private" set to "false" and no source items had "Private" set to "true".
         Primary reference "System.Net.Ping, Version=8.0.0.0, Culture=neutral, PublicKeyToken=b03f5f7f11d50a3a".
             Resolved file path is "C:\Program Files\dotnet\packs\Microsoft.NETCore.App.Ref\8.0.6\ref\net8.0\System.Net.Ping.dll".
             Reference found at search path location "{RawFileName}".
             This reference is not "CopyLocal" because at least one source item had "Private" set to "false" and no source items had "Private" set to "true".
         Primary reference "System.Net.Primitives, Version=8.0.0.0, Culture=neutral, PublicKeyToken=b03f5f7f11d50a3a".
             Resolved file path is "C:\Program Files\dotnet\packs\Microsoft.NETCore.App.Ref\8.0.6\ref\net8.0\System.Net.Primitives.dll".
             Reference found at search path location "{RawFileName}".
             This reference is not "CopyLocal" because at least one source item had "Private" set to "false" and no source items had "Private" set to "true".
         Primary reference "System.Net.Quic, Version=8.0.0.0, Culture=neutral, PublicKeyToken=b03f5f7f11d50a3a".
             Resolved file path is "C:\Program Files\dotnet\packs\Microsoft.NETCore.App.Ref\8.0.6\ref\net8.0\System.Net.Quic.dll".
             Reference found at search path location "{RawFileName}".
             This reference is not "CopyLocal" because at least one source item had "Private" set to "false" and no source items had "Private" set to "true".
         Primary reference "System.Net.Requests, Version=8.0.0.0, Culture=neutral, PublicKeyToken=b03f5f7f11d50a3a".
             Resolved file path is "C:\Program Files\dotnet\packs\Microsoft.NETCore.App.Ref\8.0.6\ref\net8.0\System.Net.Requests.dll".
             Reference found at search path location "{RawFileName}".
             This reference is not "CopyLocal" because at least one source item had "Private" set to "false" and no source items had "Private" set to "true".
         Primary reference "System.Net.Security, Version=8.0.0.0, Culture=neutral, PublicKeyToken=b03f5f7f11d50a3a".
             Resolved file path is "C:\Program Files\dotnet\packs\Microsoft.NETCore.App.Ref\8.0.6\ref\net8.0\System.Net.Security.dll".
             Reference found at search path location "{RawFileName}".
             This reference is not "CopyLocal" because at least one source item had "Private" set to "false" and no source items had "Private" set to "true".
         Primary reference "System.Net.ServicePoint, Version=8.0.0.0, Culture=neutral, PublicKeyToken=cc7b13ffcd2ddd51".
             Resolved file path is "C:\Program Files\dotnet\packs\Microsoft.NETCore.App.Ref\8.0.6\ref\net8.0\System.Net.ServicePoint.dll".
             Reference found at search path location "{RawFileName}".
             This reference is not "CopyLocal" because at least one source item had "Private" set to "false" and no source items had "Private" set to "true".
         Primary reference "System.Net.Sockets, Version=8.0.0.0, Culture=neutral, PublicKeyToken=b03f5f7f11d50a3a".
             Resolved file path is "C:\Program Files\dotnet\packs\Microsoft.NETCore.App.Ref\8.0.6\ref\net8.0\System.Net.Sockets.dll".
             Reference found at search path location "{RawFileName}".
             This reference is not "CopyLocal" because at least one source item had "Private" set to "false" and no source items had "Private" set to "true".
         Primary reference "System.Net.WebClient, Version=8.0.0.0, Culture=neutral, PublicKeyToken=cc7b13ffcd2ddd51".
             Resolved file path is "C:\Program Files\dotnet\packs\Microsoft.NETCore.App.Ref\8.0.6\ref\net8.0\System.Net.WebClient.dll".
             Reference found at search path location "{RawFileName}".
             This reference is not "CopyLocal" because at least one source item had "Private" set to "false" and no source items had "Private" set to "true".
         Primary reference "System.Net.WebHeaderCollection, Version=8.0.0.0, Culture=neutral, PublicKeyToken=b03f5f7f11d50a3a".
             Resolved file path is "C:\Program Files\dotnet\packs\Microsoft.NETCore.App.Ref\8.0.6\ref\net8.0\System.Net.WebHeaderCollection.dll".
             Reference found at search path location "{RawFileName}".
             This reference is not "CopyLocal" because at least one source item had "Private" set to "false" and no source items had "Private" set to "true".
         Primary reference "System.Net.WebProxy, Version=8.0.0.0, Culture=neutral, PublicKeyToken=cc7b13ffcd2ddd51".
             Resolved file path is "C:\Program Files\dotnet\packs\Microsoft.NETCore.App.Ref\8.0.6\ref\net8.0\System.Net.WebProxy.dll".
             Reference found at search path location "{RawFileName}".
             This reference is not "CopyLocal" because at least one source item had "Private" set to "false" and no source items had "Private" set to "true".
         Primary reference "System.Net.WebSockets.Client, Version=8.0.0.0, Culture=neutral, PublicKeyToken=b03f5f7f11d50a3a".
             Resolved file path is "C:\Program Files\dotnet\packs\Microsoft.NETCore.App.Ref\8.0.6\ref\net8.0\System.Net.WebSockets.Client.dll".
             Reference found at search path location "{RawFileName}".
             This reference is not "CopyLocal" because at least one source item had "Private" set to "false" and no source items had "Private" set to "true".
         Primary reference "System.Net.WebSockets, Version=8.0.0.0, Culture=neutral, PublicKeyToken=b03f5f7f11d50a3a".
             Resolved file path is "C:\Program Files\dotnet\packs\Microsoft.NETCore.App.Ref\8.0.6\ref\net8.0\System.Net.WebSockets.dll".
             Reference found at search path location "{RawFileName}".
             This reference is not "CopyLocal" because at least one source item had "Private" set to "false" and no source items had "Private" set to "true".
         Primary reference "System.Net, Version=4.0.0.0, Culture=neutral, PublicKeyToken=b03f5f7f11d50a3a".
             Resolved file path is "C:\Program Files\dotnet\packs\Microsoft.NETCore.App.Ref\8.0.6\ref\net8.0\System.Net.dll".
             Reference found at search path location "{RawFileName}".
             This reference is not "CopyLocal" because at least one source item had "Private" set to "false" and no source items had "Private" set to "true".
         Primary reference "System.Numerics.Vectors, Version=8.0.0.0, Culture=neutral, PublicKeyToken=b03f5f7f11d50a3a".
             Resolved file path is "C:\Program Files\dotnet\packs\Microsoft.NETCore.App.Ref\8.0.6\ref\net8.0\System.Numerics.Vectors.dll".
             Reference found at search path location "{RawFileName}".
             This reference is not "CopyLocal" because at least one source item had "Private" set to "false" and no source items had "Private" set to "true".
         Primary reference "System.Numerics, Version=4.0.0.0, Culture=neutral, PublicKeyToken=b77a5c561934e089".
             Resolved file path is "C:\Program Files\dotnet\packs\Microsoft.NETCore.App.Ref\8.0.6\ref\net8.0\System.Numerics.dll".
             Reference found at search path location "{RawFileName}".
             This reference is not "CopyLocal" because at least one source item had "Private" set to "false" and no source items had "Private" set to "true".
         Primary reference "System.ObjectModel, Version=8.0.0.0, Culture=neutral, PublicKeyToken=b03f5f7f11d50a3a".
             Resolved file path is "C:\Program Files\dotnet\packs\Microsoft.NETCore.App.Ref\8.0.6\ref\net8.0\System.ObjectModel.dll".
             Reference found at search path location "{RawFileName}".
             This reference is not "CopyLocal" because at least one source item had "Private" set to "false" and no source items had "Private" set to "true".
         Primary reference "System.Reflection.DispatchProxy, Version=8.0.0.0, Culture=neutral, PublicKeyToken=b03f5f7f11d50a3a".
             Resolved file path is "C:\Program Files\dotnet\packs\Microsoft.NETCore.App.Ref\8.0.6\ref\net8.0\System.Reflection.DispatchProxy.dll".
             Reference found at search path location "{RawFileName}".
             This reference is not "CopyLocal" because at least one source item had "Private" set to "false" and no source items had "Private" set to "true".
         Primary reference "System.Reflection.Emit.ILGeneration, Version=8.0.0.0, Culture=neutral, PublicKeyToken=b03f5f7f11d50a3a".
             Resolved file path is "C:\Program Files\dotnet\packs\Microsoft.NETCore.App.Ref\8.0.6\ref\net8.0\System.Reflection.Emit.ILGeneration.dll".
             Reference found at search path location "{RawFileName}".
             This reference is not "CopyLocal" because at least one source item had "Private" set to "false" and no source items had "Private" set to "true".
         Primary reference "System.Reflection.Emit.Lightweight, Version=8.0.0.0, Culture=neutral, PublicKeyToken=b03f5f7f11d50a3a".
             Resolved file path is "C:\Program Files\dotnet\packs\Microsoft.NETCore.App.Ref\8.0.6\ref\net8.0\System.Reflection.Emit.Lightweight.dll".
             Reference found at search path location "{RawFileName}".
             This reference is not "CopyLocal" because at least one source item had "Private" set to "false" and no source items had "Private" set to "true".
         Primary reference "System.Reflection.Emit, Version=8.0.0.0, Culture=neutral, PublicKeyToken=b03f5f7f11d50a3a".
             Resolved file path is "C:\Program Files\dotnet\packs\Microsoft.NETCore.App.Ref\8.0.6\ref\net8.0\System.Reflection.Emit.dll".
             Reference found at search path location "{RawFileName}".
             This reference is not "CopyLocal" because at least one source item had "Private" set to "false" and no source items had "Private" set to "true".
         Primary reference "System.Reflection.Extensions, Version=8.0.0.0, Culture=neutral, PublicKeyToken=b03f5f7f11d50a3a".
             Resolved file path is "C:\Program Files\dotnet\packs\Microsoft.NETCore.App.Ref\8.0.6\ref\net8.0\System.Reflection.Extensions.dll".
             Reference found at search path location "{RawFileName}".
             This reference is not "CopyLocal" because at least one source item had "Private" set to "false" and no source items had "Private" set to "true".
         Primary reference "System.Reflection.Metadata, Version=8.0.0.0, Culture=neutral, PublicKeyToken=b03f5f7f11d50a3a".
             Resolved file path is "C:\Program Files\dotnet\packs\Microsoft.NETCore.App.Ref\8.0.6\ref\net8.0\System.Reflection.Metadata.dll".
             Reference found at search path location "{RawFileName}".
             This reference is not "CopyLocal" because at least one source item had "Private" set to "false" and no source items had "Private" set to "true".
         Primary reference "System.Reflection.Primitives, Version=8.0.0.0, Culture=neutral, PublicKeyToken=b03f5f7f11d50a3a".
             Resolved file path is "C:\Program Files\dotnet\packs\Microsoft.NETCore.App.Ref\8.0.6\ref\net8.0\System.Reflection.Primitives.dll".
             Reference found at search path location "{RawFileName}".
             This reference is not "CopyLocal" because at least one source item had "Private" set to "false" and no source items had "Private" set to "true".
         Primary reference "System.Reflection.TypeExtensions, Version=8.0.0.0, Culture=neutral, PublicKeyToken=b03f5f7f11d50a3a".
             Resolved file path is "C:\Program Files\dotnet\packs\Microsoft.NETCore.App.Ref\8.0.6\ref\net8.0\System.Reflection.TypeExtensions.dll".
             Reference found at search path location "{RawFileName}".
             This reference is not "CopyLocal" because at least one source item had "Private" set to "false" and no source items had "Private" set to "true".
         Primary reference "System.Reflection, Version=8.0.0.0, Culture=neutral, PublicKeyToken=b03f5f7f11d50a3a".
             Resolved file path is "C:\Program Files\dotnet\packs\Microsoft.NETCore.App.Ref\8.0.6\ref\net8.0\System.Reflection.dll".
             Reference found at search path location "{RawFileName}".
             This reference is not "CopyLocal" because at least one source item had "Private" set to "false" and no source items had "Private" set to "true".
         Primary reference "System.Resources.Reader, Version=8.0.0.0, Culture=neutral, PublicKeyToken=b03f5f7f11d50a3a".
             Resolved file path is "C:\Program Files\dotnet\packs\Microsoft.NETCore.App.Ref\8.0.6\ref\net8.0\System.Resources.Reader.dll".
             Reference found at search path location "{RawFileName}".
             This reference is not "CopyLocal" because at least one source item had "Private" set to "false" and no source items had "Private" set to "true".
         Primary reference "System.Resources.ResourceManager, Version=8.0.0.0, Culture=neutral, PublicKeyToken=b03f5f7f11d50a3a".
             Resolved file path is "C:\Program Files\dotnet\packs\Microsoft.NETCore.App.Ref\8.0.6\ref\net8.0\System.Resources.ResourceManager.dll".
             Reference found at search path location "{RawFileName}".
             This reference is not "CopyLocal" because at least one source item had "Private" set to "false" and no source items had "Private" set to "true".
         Primary reference "System.Resources.Writer, Version=8.0.0.0, Culture=neutral, PublicKeyToken=b03f5f7f11d50a3a".
             Resolved file path is "C:\Program Files\dotnet\packs\Microsoft.NETCore.App.Ref\8.0.6\ref\net8.0\System.Resources.Writer.dll".
             Reference found at search path location "{RawFileName}".
             This reference is not "CopyLocal" because at least one source item had "Private" set to "false" and no source items had "Private" set to "true".
         Primary reference "System.Runtime.CompilerServices.Unsafe, Version=8.0.0.0, Culture=neutral, PublicKeyToken=b03f5f7f11d50a3a".
             Resolved file path is "C:\Program Files\dotnet\packs\Microsoft.NETCore.App.Ref\8.0.6\ref\net8.0\System.Runtime.CompilerServices.Unsafe.dll".
             Reference found at search path location "{RawFileName}".
             This reference is not "CopyLocal" because at least one source item had "Private" set to "false" and no source items had "Private" set to "true".
         Primary reference "System.Runtime.CompilerServices.VisualC, Version=8.0.0.0, Culture=neutral, PublicKeyToken=b03f5f7f11d50a3a".
             Resolved file path is "C:\Program Files\dotnet\packs\Microsoft.NETCore.App.Ref\8.0.6\ref\net8.0\System.Runtime.CompilerServices.VisualC.dll".
             Reference found at search path location "{RawFileName}".
             This reference is not "CopyLocal" because at least one source item had "Private" set to "false" and no source items had "Private" set to "true".
         Primary reference "System.Runtime.Extensions, Version=8.0.0.0, Culture=neutral, PublicKeyToken=b03f5f7f11d50a3a".
             Resolved file path is "C:\Program Files\dotnet\packs\Microsoft.NETCore.App.Ref\8.0.6\ref\net8.0\System.Runtime.Extensions.dll".
             Reference found at search path location "{RawFileName}".
             This reference is not "CopyLocal" because at least one source item had "Private" set to "false" and no source items had "Private" set to "true".
         Primary reference "System.Runtime.Handles, Version=8.0.0.0, Culture=neutral, PublicKeyToken=b03f5f7f11d50a3a".
             Resolved file path is "C:\Program Files\dotnet\packs\Microsoft.NETCore.App.Ref\8.0.6\ref\net8.0\System.Runtime.Handles.dll".
             Reference found at search path location "{RawFileName}".
             This reference is not "CopyLocal" because at least one source item had "Private" set to "false" and no source items had "Private" set to "true".
         Primary reference "System.Runtime.InteropServices.JavaScript, Version=8.0.0.0, Culture=neutral, PublicKeyToken=b03f5f7f11d50a3a".
             Resolved file path is "C:\Program Files\dotnet\packs\Microsoft.NETCore.App.Ref\8.0.6\ref\net8.0\System.Runtime.InteropServices.JavaScript.dll".
             Reference found at search path location "{RawFileName}".
             This reference is not "CopyLocal" because at least one source item had "Private" set to "false" and no source items had "Private" set to "true".
         Primary reference "System.Runtime.InteropServices.RuntimeInformation, Version=8.0.0.0, Culture=neutral, PublicKeyToken=b03f5f7f11d50a3a".
             Resolved file path is "C:\Program Files\dotnet\packs\Microsoft.NETCore.App.Ref\8.0.6\ref\net8.0\System.Runtime.InteropServices.RuntimeInformation.dll".
             Reference found at search path location "{RawFileName}".
             This reference is not "CopyLocal" because at least one source item had "Private" set to "false" and no source items had "Private" set to "true".
         Primary reference "System.Runtime.InteropServices, Version=8.0.0.0, Culture=neutral, PublicKeyToken=b03f5f7f11d50a3a".
             Resolved file path is "C:\Program Files\dotnet\packs\Microsoft.NETCore.App.Ref\8.0.6\ref\net8.0\System.Runtime.InteropServices.dll".
             Reference found at search path location "{RawFileName}".
             This reference is not "CopyLocal" because at least one source item had "Private" set to "false" and no source items had "Private" set to "true".
         Primary reference "System.Runtime.Intrinsics, Version=8.0.0.0, Culture=neutral, PublicKeyToken=cc7b13ffcd2ddd51".
             Resolved file path is "C:\Program Files\dotnet\packs\Microsoft.NETCore.App.Ref\8.0.6\ref\net8.0\System.Runtime.Intrinsics.dll".
             Reference found at search path location "{RawFileName}".
             This reference is not "CopyLocal" because at least one source item had "Private" set to "false" and no source items had "Private" set to "true".
         Primary reference "System.Runtime.Loader, Version=8.0.0.0, Culture=neutral, PublicKeyToken=b03f5f7f11d50a3a".
             Resolved file path is "C:\Program Files\dotnet\packs\Microsoft.NETCore.App.Ref\8.0.6\ref\net8.0\System.Runtime.Loader.dll".
             Reference found at search path location "{RawFileName}".
             This reference is not "CopyLocal" because at least one source item had "Private" set to "false" and no source items had "Private" set to "true".
         Primary reference "System.Runtime.Numerics, Version=8.0.0.0, Culture=neutral, PublicKeyToken=b03f5f7f11d50a3a".
             Resolved file path is "C:\Program Files\dotnet\packs\Microsoft.NETCore.App.Ref\8.0.6\ref\net8.0\System.Runtime.Numerics.dll".
             Reference found at search path location "{RawFileName}".
             This reference is not "CopyLocal" because at least one source item had "Private" set to "false" and no source items had "Private" set to "true".
         Primary reference "System.Runtime.Serialization.Formatters, Version=8.0.0.0, Culture=neutral, PublicKeyToken=b03f5f7f11d50a3a".
             Resolved file path is "C:\Program Files\dotnet\packs\Microsoft.NETCore.App.Ref\8.0.6\ref\net8.0\System.Runtime.Serialization.Formatters.dll".
             Reference found at search path location "{RawFileName}".
             This reference is not "CopyLocal" because at least one source item had "Private" set to "false" and no source items had "Private" set to "true".
         Primary reference "System.Runtime.Serialization.Json, Version=8.0.0.0, Culture=neutral, PublicKeyToken=b03f5f7f11d50a3a".
             Resolved file path is "C:\Program Files\dotnet\packs\Microsoft.NETCore.App.Ref\8.0.6\ref\net8.0\System.Runtime.Serialization.Json.dll".
             Reference found at search path location "{RawFileName}".
             This reference is not "CopyLocal" because at least one source item had "Private" set to "false" and no source items had "Private" set to "true".
         Primary reference "System.Runtime.Serialization.Primitives, Version=8.0.0.0, Culture=neutral, PublicKeyToken=b03f5f7f11d50a3a".
             Resolved file path is "C:\Program Files\dotnet\packs\Microsoft.NETCore.App.Ref\8.0.6\ref\net8.0\System.Runtime.Serialization.Primitives.dll".
             Reference found at search path location "{RawFileName}".
             This reference is not "CopyLocal" because at least one source item had "Private" set to "false" and no source items had "Private" set to "true".
         Primary reference "System.Runtime.Serialization.Xml, Version=8.0.0.0, Culture=neutral, PublicKeyToken=b03f5f7f11d50a3a".
             Resolved file path is "C:\Program Files\dotnet\packs\Microsoft.NETCore.App.Ref\8.0.6\ref\net8.0\System.Runtime.Serialization.Xml.dll".
             Reference found at search path location "{RawFileName}".
             This reference is not "CopyLocal" because at least one source item had "Private" set to "false" and no source items had "Private" set to "true".
         Primary reference "System.Runtime.Serialization, Version=4.0.0.0, Culture=neutral, PublicKeyToken=b77a5c561934e089".
             Resolved file path is "C:\Program Files\dotnet\packs\Microsoft.NETCore.App.Ref\8.0.6\ref\net8.0\System.Runtime.Serialization.dll".
             Reference found at search path location "{RawFileName}".
             This reference is not "CopyLocal" because at least one source item had "Private" set to "false" and no source items had "Private" set to "true".
         Primary reference "System.Runtime, Version=8.0.0.0, Culture=neutral, PublicKeyToken=b03f5f7f11d50a3a".
             Resolved file path is "C:\Program Files\dotnet\packs\Microsoft.NETCore.App.Ref\8.0.6\ref\net8.0\System.Runtime.dll".
             Reference found at search path location "{RawFileName}".
             This reference is not "CopyLocal" because at least one source item had "Private" set to "false" and no source items had "Private" set to "true".
         Primary reference "System.Security.AccessControl, Version=8.0.0.0, Culture=neutral, PublicKeyToken=b03f5f7f11d50a3a".
             Resolved file path is "C:\Program Files\dotnet\packs\Microsoft.NETCore.App.Ref\8.0.6\ref\net8.0\System.Security.AccessControl.dll".
             Reference found at search path location "{RawFileName}".
             This reference is not "CopyLocal" because at least one source item had "Private" set to "false" and no source items had "Private" set to "true".
         Primary reference "System.Security.Claims, Version=8.0.0.0, Culture=neutral, PublicKeyToken=b03f5f7f11d50a3a".
             Resolved file path is "C:\Program Files\dotnet\packs\Microsoft.NETCore.App.Ref\8.0.6\ref\net8.0\System.Security.Claims.dll".
             Reference found at search path location "{RawFileName}".
             This reference is not "CopyLocal" because at least one source item had "Private" set to "false" and no source items had "Private" set to "true".
         Primary reference "System.Security.Cryptography.Algorithms, Version=8.0.0.0, Culture=neutral, PublicKeyToken=b03f5f7f11d50a3a".
             Resolved file path is "C:\Program Files\dotnet\packs\Microsoft.NETCore.App.Ref\8.0.6\ref\net8.0\System.Security.Cryptography.Algorithms.dll".
             Reference found at search path location "{RawFileName}".
             This reference is not "CopyLocal" because at least one source item had "Private" set to "false" and no source items had "Private" set to "true".
         Primary reference "System.Security.Cryptography.Cng, Version=8.0.0.0, Culture=neutral, PublicKeyToken=b03f5f7f11d50a3a".
             Resolved file path is "C:\Program Files\dotnet\packs\Microsoft.NETCore.App.Ref\8.0.6\ref\net8.0\System.Security.Cryptography.Cng.dll".
             Reference found at search path location "{RawFileName}".
             This reference is not "CopyLocal" because at least one source item had "Private" set to "false" and no source items had "Private" set to "true".
         Primary reference "System.Security.Cryptography.Csp, Version=8.0.0.0, Culture=neutral, PublicKeyToken=b03f5f7f11d50a3a".
             Resolved file path is "C:\Program Files\dotnet\packs\Microsoft.NETCore.App.Ref\8.0.6\ref\net8.0\System.Security.Cryptography.Csp.dll".
             Reference found at search path location "{RawFileName}".
             This reference is not "CopyLocal" because at least one source item had "Private" set to "false" and no source items had "Private" set to "true".
         Primary reference "System.Security.Cryptography.Encoding, Version=8.0.0.0, Culture=neutral, PublicKeyToken=b03f5f7f11d50a3a".
             Resolved file path is "C:\Program Files\dotnet\packs\Microsoft.NETCore.App.Ref\8.0.6\ref\net8.0\System.Security.Cryptography.Encoding.dll".
             Reference found at search path location "{RawFileName}".
             This reference is not "CopyLocal" because at least one source item had "Private" set to "false" and no source items had "Private" set to "true".
         Primary reference "System.Security.Cryptography.OpenSsl, Version=8.0.0.0, Culture=neutral, PublicKeyToken=b03f5f7f11d50a3a".
             Resolved file path is "C:\Program Files\dotnet\packs\Microsoft.NETCore.App.Ref\8.0.6\ref\net8.0\System.Security.Cryptography.OpenSsl.dll".
             Reference found at search path location "{RawFileName}".
             This reference is not "CopyLocal" because at least one source item had "Private" set to "false" and no source items had "Private" set to "true".
         Primary reference "System.Security.Cryptography.Primitives, Version=8.0.0.0, Culture=neutral, PublicKeyToken=b03f5f7f11d50a3a".
             Resolved file path is "C:\Program Files\dotnet\packs\Microsoft.NETCore.App.Ref\8.0.6\ref\net8.0\System.Security.Cryptography.Primitives.dll".
             Reference found at search path location "{RawFileName}".
             This reference is not "CopyLocal" because at least one source item had "Private" set to "false" and no source items had "Private" set to "true".
         Primary reference "System.Security.Cryptography.X509Certificates, Version=8.0.0.0, Culture=neutral, PublicKeyToken=b03f5f7f11d50a3a".
             Resolved file path is "C:\Program Files\dotnet\packs\Microsoft.NETCore.App.Ref\8.0.6\ref\net8.0\System.Security.Cryptography.X509Certificates.dll".
             Reference found at search path location "{RawFileName}".
             This reference is not "CopyLocal" because at least one source item had "Private" set to "false" and no source items had "Private" set to "true".
         Primary reference "System.Security.Cryptography, Version=8.0.0.0, Culture=neutral, PublicKeyToken=b03f5f7f11d50a3a".
             Resolved file path is "C:\Program Files\dotnet\packs\Microsoft.NETCore.App.Ref\8.0.6\ref\net8.0\System.Security.Cryptography.dll".
             Reference found at search path location "{RawFileName}".
             This reference is not "CopyLocal" because at least one source item had "Private" set to "false" and no source items had "Private" set to "true".
         Primary reference "System.Security.Principal.Windows, Version=8.0.0.0, Culture=neutral, PublicKeyToken=b03f5f7f11d50a3a".
             Resolved file path is "C:\Program Files\dotnet\packs\Microsoft.NETCore.App.Ref\8.0.6\ref\net8.0\System.Security.Principal.Windows.dll".
             Reference found at search path location "{RawFileName}".
             This reference is not "CopyLocal" because at least one source item had "Private" set to "false" and no source items had "Private" set to "true".
         Primary reference "System.Security.Principal, Version=8.0.0.0, Culture=neutral, PublicKeyToken=b03f5f7f11d50a3a".
             Resolved file path is "C:\Program Files\dotnet\packs\Microsoft.NETCore.App.Ref\8.0.6\ref\net8.0\System.Security.Principal.dll".
             Reference found at search path location "{RawFileName}".
             This reference is not "CopyLocal" because at least one source item had "Private" set to "false" and no source items had "Private" set to "true".
         Primary reference "System.Security.SecureString, Version=8.0.0.0, Culture=neutral, PublicKeyToken=b03f5f7f11d50a3a".
             Resolved file path is "C:\Program Files\dotnet\packs\Microsoft.NETCore.App.Ref\8.0.6\ref\net8.0\System.Security.SecureString.dll".
             Reference found at search path location "{RawFileName}".
             This reference is not "CopyLocal" because at least one source item had "Private" set to "false" and no source items had "Private" set to "true".
         Primary reference "System.Security, Version=4.0.0.0, Culture=neutral, PublicKeyToken=b03f5f7f11d50a3a".
             Resolved file path is "C:\Program Files\dotnet\packs\Microsoft.NETCore.App.Ref\8.0.6\ref\net8.0\System.Security.dll".
             Reference found at search path location "{RawFileName}".
             This reference is not "CopyLocal" because at least one source item had "Private" set to "false" and no source items had "Private" set to "true".
         Primary reference "System.ServiceModel.Web, Version=4.0.0.0, Culture=neutral, PublicKeyToken=31bf3856ad364e35".
             Resolved file path is "C:\Program Files\dotnet\packs\Microsoft.NETCore.App.Ref\8.0.6\ref\net8.0\System.ServiceModel.Web.dll".
             Reference found at search path location "{RawFileName}".
             This reference is not "CopyLocal" because at least one source item had "Private" set to "false" and no source items had "Private" set to "true".
         Primary reference "System.ServiceProcess, Version=4.0.0.0, Culture=neutral, PublicKeyToken=b03f5f7f11d50a3a".
             Resolved file path is "C:\Program Files\dotnet\packs\Microsoft.NETCore.App.Ref\8.0.6\ref\net8.0\System.ServiceProcess.dll".
             Reference found at search path location "{RawFileName}".
             This reference is not "CopyLocal" because at least one source item had "Private" set to "false" and no source items had "Private" set to "true".
         Primary reference "System.Text.Encoding.CodePages, Version=8.0.0.0, Culture=neutral, PublicKeyToken=b03f5f7f11d50a3a".
             Resolved file path is "C:\Program Files\dotnet\packs\Microsoft.NETCore.App.Ref\8.0.6\ref\net8.0\System.Text.Encoding.CodePages.dll".
             Reference found at search path location "{RawFileName}".
             This reference is not "CopyLocal" because at least one source item had "Private" set to "false" and no source items had "Private" set to "true".
         Primary reference "System.Text.Encoding.Extensions, Version=8.0.0.0, Culture=neutral, PublicKeyToken=b03f5f7f11d50a3a".
             Resolved file path is "C:\Program Files\dotnet\packs\Microsoft.NETCore.App.Ref\8.0.6\ref\net8.0\System.Text.Encoding.Extensions.dll".
             Reference found at search path location "{RawFileName}".
             This reference is not "CopyLocal" because at least one source item had "Private" set to "false" and no source items had "Private" set to "true".
         Primary reference "System.Text.Encoding, Version=8.0.0.0, Culture=neutral, PublicKeyToken=b03f5f7f11d50a3a".
             Resolved file path is "C:\Program Files\dotnet\packs\Microsoft.NETCore.App.Ref\8.0.6\ref\net8.0\System.Text.Encoding.dll".
             Reference found at search path location "{RawFileName}".
             This reference is not "CopyLocal" because at least one source item had "Private" set to "false" and no source items had "Private" set to "true".
         Primary reference "System.Text.Encodings.Web, Version=8.0.0.0, Culture=neutral, PublicKeyToken=cc7b13ffcd2ddd51".
             Resolved file path is "C:\Program Files\dotnet\packs\Microsoft.NETCore.App.Ref\8.0.6\ref\net8.0\System.Text.Encodings.Web.dll".
             Reference found at search path location "{RawFileName}".
             This reference is not "CopyLocal" because at least one source item had "Private" set to "false" and no source items had "Private" set to "true".
         Primary reference "System.Text.Json, Version=8.0.0.0, Culture=neutral, PublicKeyToken=cc7b13ffcd2ddd51".
             Resolved file path is "C:\Program Files\dotnet\packs\Microsoft.NETCore.App.Ref\8.0.6\ref\net8.0\System.Text.Json.dll".
             Reference found at search path location "{RawFileName}".
             This reference is not "CopyLocal" because at least one source item had "Private" set to "false" and no source items had "Private" set to "true".
         Primary reference "System.Text.RegularExpressions, Version=8.0.0.0, Culture=neutral, PublicKeyToken=b03f5f7f11d50a3a".
             Resolved file path is "C:\Program Files\dotnet\packs\Microsoft.NETCore.App.Ref\8.0.6\ref\net8.0\System.Text.RegularExpressions.dll".
             Reference found at search path location "{RawFileName}".
             This reference is not "CopyLocal" because at least one source item had "Private" set to "false" and no source items had "Private" set to "true".
         Primary reference "System.Threading.Channels, Version=8.0.0.0, Culture=neutral, PublicKeyToken=cc7b13ffcd2ddd51".
             Resolved file path is "C:\Program Files\dotnet\packs\Microsoft.NETCore.App.Ref\8.0.6\ref\net8.0\System.Threading.Channels.dll".
             Reference found at search path location "{RawFileName}".
             This reference is not "CopyLocal" because at least one source item had "Private" set to "false" and no source items had "Private" set to "true".
         Primary reference "System.Threading.Overlapped, Version=8.0.0.0, Culture=neutral, PublicKeyToken=b03f5f7f11d50a3a".
             Resolved file path is "C:\Program Files\dotnet\packs\Microsoft.NETCore.App.Ref\8.0.6\ref\net8.0\System.Threading.Overlapped.dll".
             Reference found at search path location "{RawFileName}".
             This reference is not "CopyLocal" because at least one source item had "Private" set to "false" and no source items had "Private" set to "true".
         Primary reference "System.Threading.Tasks.Dataflow, Version=8.0.0.0, Culture=neutral, PublicKeyToken=b03f5f7f11d50a3a".
             Resolved file path is "C:\Program Files\dotnet\packs\Microsoft.NETCore.App.Ref\8.0.6\ref\net8.0\System.Threading.Tasks.Dataflow.dll".
             Reference found at search path location "{RawFileName}".
             This reference is not "CopyLocal" because at least one source item had "Private" set to "false" and no source items had "Private" set to "true".
         Primary reference "System.Threading.Tasks.Extensions, Version=8.0.0.0, Culture=neutral, PublicKeyToken=cc7b13ffcd2ddd51".
             Resolved file path is "C:\Program Files\dotnet\packs\Microsoft.NETCore.App.Ref\8.0.6\ref\net8.0\System.Threading.Tasks.Extensions.dll".
             Reference found at search path location "{RawFileName}".
             This reference is not "CopyLocal" because at least one source item had "Private" set to "false" and no source items had "Private" set to "true".
         Primary reference "System.Threading.Tasks.Parallel, Version=8.0.0.0, Culture=neutral, PublicKeyToken=b03f5f7f11d50a3a".
             Resolved file path is "C:\Program Files\dotnet\packs\Microsoft.NETCore.App.Ref\8.0.6\ref\net8.0\System.Threading.Tasks.Parallel.dll".
             Reference found at search path location "{RawFileName}".
             This reference is not "CopyLocal" because at least one source item had "Private" set to "false" and no source items had "Private" set to "true".
         Primary reference "System.Threading.Tasks, Version=8.0.0.0, Culture=neutral, PublicKeyToken=b03f5f7f11d50a3a".
             Resolved file path is "C:\Program Files\dotnet\packs\Microsoft.NETCore.App.Ref\8.0.6\ref\net8.0\System.Threading.Tasks.dll".
             Reference found at search path location "{RawFileName}".
             This reference is not "CopyLocal" because at least one source item had "Private" set to "false" and no source items had "Private" set to "true".
         Primary reference "System.Threading.Thread, Version=8.0.0.0, Culture=neutral, PublicKeyToken=b03f5f7f11d50a3a".
             Resolved file path is "C:\Program Files\dotnet\packs\Microsoft.NETCore.App.Ref\8.0.6\ref\net8.0\System.Threading.Thread.dll".
             Reference found at search path location "{RawFileName}".
             This reference is not "CopyLocal" because at least one source item had "Private" set to "false" and no source items had "Private" set to "true".
         Primary reference "System.Threading.ThreadPool, Version=8.0.0.0, Culture=neutral, PublicKeyToken=b03f5f7f11d50a3a".
             Resolved file path is "C:\Program Files\dotnet\packs\Microsoft.NETCore.App.Ref\8.0.6\ref\net8.0\System.Threading.ThreadPool.dll".
             Reference found at search path location "{RawFileName}".
             This reference is not "CopyLocal" because at least one source item had "Private" set to "false" and no source items had "Private" set to "true".
         Primary reference "System.Threading.Timer, Version=8.0.0.0, Culture=neutral, PublicKeyToken=b03f5f7f11d50a3a".
             Resolved file path is "C:\Program Files\dotnet\packs\Microsoft.NETCore.App.Ref\8.0.6\ref\net8.0\System.Threading.Timer.dll".
             Reference found at search path location "{RawFileName}".
             This reference is not "CopyLocal" because at least one source item had "Private" set to "false" and no source items had "Private" set to "true".
         Primary reference "System.Threading, Version=8.0.0.0, Culture=neutral, PublicKeyToken=b03f5f7f11d50a3a".
             Resolved file path is "C:\Program Files\dotnet\packs\Microsoft.NETCore.App.Ref\8.0.6\ref\net8.0\System.Threading.dll".
             Reference found at search path location "{RawFileName}".
             This reference is not "CopyLocal" because at least one source item had "Private" set to "false" and no source items had "Private" set to "true".
         Primary reference "System.Transactions.Local, Version=8.0.0.0, Culture=neutral, PublicKeyToken=cc7b13ffcd2ddd51".
             Resolved file path is "C:\Program Files\dotnet\packs\Microsoft.NETCore.App.Ref\8.0.6\ref\net8.0\System.Transactions.Local.dll".
             Reference found at search path location "{RawFileName}".
             This reference is not "CopyLocal" because at least one source item had "Private" set to "false" and no source items had "Private" set to "true".
         Primary reference "System.Transactions, Version=4.0.0.0, Culture=neutral, PublicKeyToken=b77a5c561934e089".
             Resolved file path is "C:\Program Files\dotnet\packs\Microsoft.NETCore.App.Ref\8.0.6\ref\net8.0\System.Transactions.dll".
             Reference found at search path location "{RawFileName}".
             This reference is not "CopyLocal" because at least one source item had "Private" set to "false" and no source items had "Private" set to "true".
         Primary reference "System.ValueTuple, Version=8.0.0.0, Culture=neutral, PublicKeyToken=cc7b13ffcd2ddd51".
             Resolved file path is "C:\Program Files\dotnet\packs\Microsoft.NETCore.App.Ref\8.0.6\ref\net8.0\System.ValueTuple.dll".
             Reference found at search path location "{RawFileName}".
             This reference is not "CopyLocal" because at least one source item had "Private" set to "false" and no source items had "Private" set to "true".
         Primary reference "System.Web.HttpUtility, Version=8.0.0.0, Culture=neutral, PublicKeyToken=cc7b13ffcd2ddd51".
             Resolved file path is "C:\Program Files\dotnet\packs\Microsoft.NETCore.App.Ref\8.0.6\ref\net8.0\System.Web.HttpUtility.dll".
             Reference found at search path location "{RawFileName}".
             This reference is not "CopyLocal" because at least one source item had "Private" set to "false" and no source items had "Private" set to "true".
         Primary reference "System.Web, Version=4.0.0.0, Culture=neutral, PublicKeyToken=b03f5f7f11d50a3a".
             Resolved file path is "C:\Program Files\dotnet\packs\Microsoft.NETCore.App.Ref\8.0.6\ref\net8.0\System.Web.dll".
             Reference found at search path location "{RawFileName}".
             This reference is not "CopyLocal" because at least one source item had "Private" set to "false" and no source items had "Private" set to "true".
         Primary reference "System.Windows, Version=4.0.0.0, Culture=neutral, PublicKeyToken=b03f5f7f11d50a3a".
             Resolved file path is "C:\Program Files\dotnet\packs\Microsoft.NETCore.App.Ref\8.0.6\ref\net8.0\System.Windows.dll".
             Reference found at search path location "{RawFileName}".
             This reference is not "CopyLocal" because at least one source item had "Private" set to "false" and no source items had "Private" set to "true".
         Primary reference "System.Xml.Linq, Version=4.0.0.0, Culture=neutral, PublicKeyToken=b77a5c561934e089".
             Resolved file path is "C:\Program Files\dotnet\packs\Microsoft.NETCore.App.Ref\8.0.6\ref\net8.0\System.Xml.Linq.dll".
             Reference found at search path location "{RawFileName}".
             This reference is not "CopyLocal" because at least one source item had "Private" set to "false" and no source items had "Private" set to "true".
         Primary reference "System.Xml.ReaderWriter, Version=8.0.0.0, Culture=neutral, PublicKeyToken=b03f5f7f11d50a3a".
             Resolved file path is "C:\Program Files\dotnet\packs\Microsoft.NETCore.App.Ref\8.0.6\ref\net8.0\System.Xml.ReaderWriter.dll".
             Reference found at search path location "{RawFileName}".
             This reference is not "CopyLocal" because at least one source item had "Private" set to "false" and no source items had "Private" set to "true".
         Primary reference "System.Xml.Serialization, Version=4.0.0.0, Culture=neutral, PublicKeyToken=b77a5c561934e089".
             Resolved file path is "C:\Program Files\dotnet\packs\Microsoft.NETCore.App.Ref\8.0.6\ref\net8.0\System.Xml.Serialization.dll".
             Reference found at search path location "{RawFileName}".
             This reference is not "CopyLocal" because at least one source item had "Private" set to "false" and no source items had "Private" set to "true".
         Primary reference "System.Xml.XDocument, Version=8.0.0.0, Culture=neutral, PublicKeyToken=b03f5f7f11d50a3a".
             Resolved file path is "C:\Program Files\dotnet\packs\Microsoft.NETCore.App.Ref\8.0.6\ref\net8.0\System.Xml.XDocument.dll".
             Reference found at search path location "{RawFileName}".
             This reference is not "CopyLocal" because at least one source item had "Private" set to "false" and no source items had "Private" set to "true".
         Primary reference "System.Xml.XPath.XDocument, Version=8.0.0.0, Culture=neutral, PublicKeyToken=b03f5f7f11d50a3a".
             Resolved file path is "C:\Program Files\dotnet\packs\Microsoft.NETCore.App.Ref\8.0.6\ref\net8.0\System.Xml.XPath.XDocument.dll".
             Reference found at search path location "{RawFileName}".
             This reference is not "CopyLocal" because at least one source item had "Private" set to "false" and no source items had "Private" set to "true".
         Primary reference "System.Xml.XPath, Version=8.0.0.0, Culture=neutral, PublicKeyToken=b03f5f7f11d50a3a".
             Resolved file path is "C:\Program Files\dotnet\packs\Microsoft.NETCore.App.Ref\8.0.6\ref\net8.0\System.Xml.XPath.dll".
             Reference found at search path location "{RawFileName}".
             This reference is not "CopyLocal" because at least one source item had "Private" set to "false" and no source items had "Private" set to "true".
         Primary reference "System.Xml.XmlDocument, Version=8.0.0.0, Culture=neutral, PublicKeyToken=b03f5f7f11d50a3a".
             Resolved file path is "C:\Program Files\dotnet\packs\Microsoft.NETCore.App.Ref\8.0.6\ref\net8.0\System.Xml.XmlDocument.dll".
             Reference found at search path location "{RawFileName}".
             This reference is not "CopyLocal" because at least one source item had "Private" set to "false" and no source items had "Private" set to "true".
         Primary reference "System.Xml.XmlSerializer, Version=8.0.0.0, Culture=neutral, PublicKeyToken=b03f5f7f11d50a3a".
             Resolved file path is "C:\Program Files\dotnet\packs\Microsoft.NETCore.App.Ref\8.0.6\ref\net8.0\System.Xml.XmlSerializer.dll".
             Reference found at search path location "{RawFileName}".
             This reference is not "CopyLocal" because at least one source item had "Private" set to "false" and no source items had "Private" set to "true".
         Primary reference "System.Xml, Version=4.0.0.0, Culture=neutral, PublicKeyToken=b77a5c561934e089".
             Resolved file path is "C:\Program Files\dotnet\packs\Microsoft.NETCore.App.Ref\8.0.6\ref\net8.0\System.Xml.dll".
             Reference found at search path location "{RawFileName}".
             This reference is not "CopyLocal" because at least one source item had "Private" set to "false" and no source items had "Private" set to "true".
         Primary reference "System, Version=4.0.0.0, Culture=neutral, PublicKeyToken=b77a5c561934e089".
             Resolved file path is "C:\Program Files\dotnet\packs\Microsoft.NETCore.App.Ref\8.0.6\ref\net8.0\System.dll".
             Reference found at search path location "{RawFileName}".
             This reference is not "CopyLocal" because at least one source item had "Private" set to "false" and no source items had "Private" set to "true".
         Primary reference "WindowsBase, Version=4.0.0.0, Culture=neutral, PublicKeyToken=31bf3856ad364e35".
             Resolved file path is "C:\Program Files\dotnet\packs\Microsoft.NETCore.App.Ref\8.0.6\ref\net8.0\WindowsBase.dll".
             Reference found at search path location "{RawFileName}".
             This reference is not "CopyLocal" because at least one source item had "Private" set to "false" and no source items had "Private" set to "true".
         Primary reference "mscorlib, Version=4.0.0.0, Culture=neutral, PublicKeyToken=b77a5c561934e089".
             Resolved file path is "C:\Program Files\dotnet\packs\Microsoft.NETCore.App.Ref\8.0.6\ref\net8.0\mscorlib.dll".
             Reference found at search path location "{RawFileName}".
             This reference is not "CopyLocal" because at least one source item had "Private" set to "false" and no source items had "Private" set to "true".
         Primary reference "netstandard, Version=2.1.0.0, Culture=neutral, PublicKeyToken=cc7b13ffcd2ddd51".
             Resolved file path is "C:\Program Files\dotnet\packs\Microsoft.NETCore.App.Ref\8.0.6\ref\net8.0\netstandard.dll".
             Reference found at search path location "{RawFileName}".
             This reference is not "CopyLocal" because at least one source item had "Private" set to "false" and no source items had "Private" set to "true".
         Primary reference "Microsoft.AspNetCore.Antiforgery, Version=8.0.0.0, Culture=neutral, PublicKeyToken=adb9793829ddae60".
             Resolved file path is "C:\Program Files\dotnet\packs\Microsoft.AspNetCore.App.Ref\8.0.6\ref\net8.0\Microsoft.AspNetCore.Antiforgery.dll".
             Reference found at search path location "{RawFileName}".
             This reference is not "CopyLocal" because at least one source item had "Private" set to "false" and no source items had "Private" set to "true".
         Primary reference "Microsoft.AspNetCore.Authentication.Abstractions, Version=8.0.0.0, Culture=neutral, PublicKeyToken=adb9793829ddae60".
             Resolved file path is "C:\Program Files\dotnet\packs\Microsoft.AspNetCore.App.Ref\8.0.6\ref\net8.0\Microsoft.AspNetCore.Authentication.Abstractions.dll".
             Reference found at search path location "{RawFileName}".
             This reference is not "CopyLocal" because at least one source item had "Private" set to "false" and no source items had "Private" set to "true".
         Primary reference "Microsoft.AspNetCore.Authentication.BearerToken, Version=8.0.0.0, Culture=neutral, PublicKeyToken=adb9793829ddae60".
             Resolved file path is "C:\Program Files\dotnet\packs\Microsoft.AspNetCore.App.Ref\8.0.6\ref\net8.0\Microsoft.AspNetCore.Authentication.BearerToken.dll".
             Reference found at search path location "{RawFileName}".
             This reference is not "CopyLocal" because at least one source item had "Private" set to "false" and no source items had "Private" set to "true".
         Primary reference "Microsoft.AspNetCore.Authentication.Cookies, Version=8.0.0.0, Culture=neutral, PublicKeyToken=adb9793829ddae60".
             Resolved file path is "C:\Program Files\dotnet\packs\Microsoft.AspNetCore.App.Ref\8.0.6\ref\net8.0\Microsoft.AspNetCore.Authentication.Cookies.dll".
             Reference found at search path location "{RawFileName}".
             This reference is not "CopyLocal" because at least one source item had "Private" set to "false" and no source items had "Private" set to "true".
         Primary reference "Microsoft.AspNetCore.Authentication.Core, Version=8.0.0.0, Culture=neutral, PublicKeyToken=adb9793829ddae60".
             Resolved file path is "C:\Program Files\dotnet\packs\Microsoft.AspNetCore.App.Ref\8.0.6\ref\net8.0\Microsoft.AspNetCore.Authentication.Core.dll".
             Reference found at search path location "{RawFileName}".
             This reference is not "CopyLocal" because at least one source item had "Private" set to "false" and no source items had "Private" set to "true".
         Primary reference "Microsoft.AspNetCore.Authentication.OAuth, Version=8.0.0.0, Culture=neutral, PublicKeyToken=adb9793829ddae60".
             Resolved file path is "C:\Program Files\dotnet\packs\Microsoft.AspNetCore.App.Ref\8.0.6\ref\net8.0\Microsoft.AspNetCore.Authentication.OAuth.dll".
             Reference found at search path location "{RawFileName}".
             This reference is not "CopyLocal" because at least one source item had "Private" set to "false" and no source items had "Private" set to "true".
         Primary reference "Microsoft.AspNetCore.Authentication, Version=8.0.0.0, Culture=neutral, PublicKeyToken=adb9793829ddae60".
             Resolved file path is "C:\Program Files\dotnet\packs\Microsoft.AspNetCore.App.Ref\8.0.6\ref\net8.0\Microsoft.AspNetCore.Authentication.dll".
             Reference found at search path location "{RawFileName}".
             This reference is not "CopyLocal" because at least one source item had "Private" set to "false" and no source items had "Private" set to "true".
         Primary reference "Microsoft.AspNetCore.Authorization.Policy, Version=8.0.0.0, Culture=neutral, PublicKeyToken=adb9793829ddae60".
             Resolved file path is "C:\Program Files\dotnet\packs\Microsoft.AspNetCore.App.Ref\8.0.6\ref\net8.0\Microsoft.AspNetCore.Authorization.Policy.dll".
             Reference found at search path location "{RawFileName}".
             This reference is not "CopyLocal" because at least one source item had "Private" set to "false" and no source items had "Private" set to "true".
         Primary reference "Microsoft.AspNetCore.Authorization, Version=8.0.0.0, Culture=neutral, PublicKeyToken=adb9793829ddae60".
             Resolved file path is "C:\Program Files\dotnet\packs\Microsoft.AspNetCore.App.Ref\8.0.6\ref\net8.0\Microsoft.AspNetCore.Authorization.dll".
             Reference found at search path location "{RawFileName}".
             This reference is not "CopyLocal" because at least one source item had "Private" set to "false" and no source items had "Private" set to "true".
         Primary reference "Microsoft.AspNetCore.Components.Authorization, Version=8.0.0.0, Culture=neutral, PublicKeyToken=adb9793829ddae60".
             Resolved file path is "C:\Program Files\dotnet\packs\Microsoft.AspNetCore.App.Ref\8.0.6\ref\net8.0\Microsoft.AspNetCore.Components.Authorization.dll".
             Reference found at search path location "{RawFileName}".
             This reference is not "CopyLocal" because at least one source item had "Private" set to "false" and no source items had "Private" set to "true".
         Primary reference "Microsoft.AspNetCore.Components.Endpoints, Version=8.0.0.0, Culture=neutral, PublicKeyToken=adb9793829ddae60".
             Resolved file path is "C:\Program Files\dotnet\packs\Microsoft.AspNetCore.App.Ref\8.0.6\ref\net8.0\Microsoft.AspNetCore.Components.Endpoints.dll".
             Reference found at search path location "{RawFileName}".
             This reference is not "CopyLocal" because at least one source item had "Private" set to "false" and no source items had "Private" set to "true".
         Primary reference "Microsoft.AspNetCore.Components.Forms, Version=8.0.0.0, Culture=neutral, PublicKeyToken=adb9793829ddae60".
             Resolved file path is "C:\Program Files\dotnet\packs\Microsoft.AspNetCore.App.Ref\8.0.6\ref\net8.0\Microsoft.AspNetCore.Components.Forms.dll".
             Reference found at search path location "{RawFileName}".
             This reference is not "CopyLocal" because at least one source item had "Private" set to "false" and no source items had "Private" set to "true".
         Primary reference "Microsoft.AspNetCore.Components.Server, Version=8.0.0.0, Culture=neutral, PublicKeyToken=adb9793829ddae60".
             Resolved file path is "C:\Program Files\dotnet\packs\Microsoft.AspNetCore.App.Ref\8.0.6\ref\net8.0\Microsoft.AspNetCore.Components.Server.dll".
             Reference found at search path location "{RawFileName}".
             This reference is not "CopyLocal" because at least one source item had "Private" set to "false" and no source items had "Private" set to "true".
         Primary reference "Microsoft.AspNetCore.Components.Web, Version=8.0.0.0, Culture=neutral, PublicKeyToken=adb9793829ddae60".
             Resolved file path is "C:\Program Files\dotnet\packs\Microsoft.AspNetCore.App.Ref\8.0.6\ref\net8.0\Microsoft.AspNetCore.Components.Web.dll".
             Reference found at search path location "{RawFileName}".
             This reference is not "CopyLocal" because at least one source item had "Private" set to "false" and no source items had "Private" set to "true".
         Primary reference "Microsoft.AspNetCore.Components, Version=8.0.0.0, Culture=neutral, PublicKeyToken=adb9793829ddae60".
             Resolved file path is "C:\Program Files\dotnet\packs\Microsoft.AspNetCore.App.Ref\8.0.6\ref\net8.0\Microsoft.AspNetCore.Components.dll".
             Reference found at search path location "{RawFileName}".
             This reference is not "CopyLocal" because at least one source item had "Private" set to "false" and no source items had "Private" set to "true".
         Primary reference "Microsoft.AspNetCore.Connections.Abstractions, Version=8.0.0.0, Culture=neutral, PublicKeyToken=adb9793829ddae60".
             Resolved file path is "C:\Program Files\dotnet\packs\Microsoft.AspNetCore.App.Ref\8.0.6\ref\net8.0\Microsoft.AspNetCore.Connections.Abstractions.dll".
             Reference found at search path location "{RawFileName}".
             This reference is not "CopyLocal" because at least one source item had "Private" set to "false" and no source items had "Private" set to "true".
         Primary reference "Microsoft.AspNetCore.CookiePolicy, Version=8.0.0.0, Culture=neutral, PublicKeyToken=adb9793829ddae60".
             Resolved file path is "C:\Program Files\dotnet\packs\Microsoft.AspNetCore.App.Ref\8.0.6\ref\net8.0\Microsoft.AspNetCore.CookiePolicy.dll".
             Reference found at search path location "{RawFileName}".
             This reference is not "CopyLocal" because at least one source item had "Private" set to "false" and no source items had "Private" set to "true".
         Primary reference "Microsoft.AspNetCore.Cors, Version=8.0.0.0, Culture=neutral, PublicKeyToken=adb9793829ddae60".
             Resolved file path is "C:\Program Files\dotnet\packs\Microsoft.AspNetCore.App.Ref\8.0.6\ref\net8.0\Microsoft.AspNetCore.Cors.dll".
             Reference found at search path location "{RawFileName}".
             This reference is not "CopyLocal" because at least one source item had "Private" set to "false" and no source items had "Private" set to "true".
         Primary reference "Microsoft.AspNetCore.DataProtection.Abstractions, Version=8.0.0.0, Culture=neutral, PublicKeyToken=adb9793829ddae60".
             Resolved file path is "C:\Program Files\dotnet\packs\Microsoft.AspNetCore.App.Ref\8.0.6\ref\net8.0\Microsoft.AspNetCore.DataProtection.Abstractions.dll".
             Reference found at search path location "{RawFileName}".
             This reference is not "CopyLocal" because at least one source item had "Private" set to "false" and no source items had "Private" set to "true".
         Primary reference "Microsoft.AspNetCore.DataProtection.Extensions, Version=8.0.0.0, Culture=neutral, PublicKeyToken=adb9793829ddae60".
             Resolved file path is "C:\Program Files\dotnet\packs\Microsoft.AspNetCore.App.Ref\8.0.6\ref\net8.0\Microsoft.AspNetCore.DataProtection.Extensions.dll".
             Reference found at search path location "{RawFileName}".
             This reference is not "CopyLocal" because at least one source item had "Private" set to "false" and no source items had "Private" set to "true".
         Primary reference "Microsoft.AspNetCore.DataProtection, Version=8.0.0.0, Culture=neutral, PublicKeyToken=adb9793829ddae60".
             Resolved file path is "C:\Program Files\dotnet\packs\Microsoft.AspNetCore.App.Ref\8.0.6\ref\net8.0\Microsoft.AspNetCore.DataProtection.dll".
             Reference found at search path location "{RawFileName}".
             This reference is not "CopyLocal" because at least one source item had "Private" set to "false" and no source items had "Private" set to "true".
         Primary reference "Microsoft.AspNetCore.Diagnostics.Abstractions, Version=8.0.0.0, Culture=neutral, PublicKeyToken=adb9793829ddae60".
             Resolved file path is "C:\Program Files\dotnet\packs\Microsoft.AspNetCore.App.Ref\8.0.6\ref\net8.0\Microsoft.AspNetCore.Diagnostics.Abstractions.dll".
             Reference found at search path location "{RawFileName}".
             This reference is not "CopyLocal" because at least one source item had "Private" set to "false" and no source items had "Private" set to "true".
         Primary reference "Microsoft.AspNetCore.Diagnostics.HealthChecks, Version=8.0.0.0, Culture=neutral, PublicKeyToken=adb9793829ddae60".
             Resolved file path is "C:\Program Files\dotnet\packs\Microsoft.AspNetCore.App.Ref\8.0.6\ref\net8.0\Microsoft.AspNetCore.Diagnostics.HealthChecks.dll".
             Reference found at search path location "{RawFileName}".
             This reference is not "CopyLocal" because at least one source item had "Private" set to "false" and no source items had "Private" set to "true".
         Primary reference "Microsoft.AspNetCore.Diagnostics, Version=8.0.0.0, Culture=neutral, PublicKeyToken=adb9793829ddae60".
             Resolved file path is "C:\Program Files\dotnet\packs\Microsoft.AspNetCore.App.Ref\8.0.6\ref\net8.0\Microsoft.AspNetCore.Diagnostics.dll".
             Reference found at search path location "{RawFileName}".
             This reference is not "CopyLocal" because at least one source item had "Private" set to "false" and no source items had "Private" set to "true".
         Primary reference "Microsoft.AspNetCore.HostFiltering, Version=8.0.0.0, Culture=neutral, PublicKeyToken=adb9793829ddae60".
             Resolved file path is "C:\Program Files\dotnet\packs\Microsoft.AspNetCore.App.Ref\8.0.6\ref\net8.0\Microsoft.AspNetCore.HostFiltering.dll".
             Reference found at search path location "{RawFileName}".
             This reference is not "CopyLocal" because at least one source item had "Private" set to "false" and no source items had "Private" set to "true".
         Primary reference "Microsoft.AspNetCore.Hosting.Abstractions, Version=8.0.0.0, Culture=neutral, PublicKeyToken=adb9793829ddae60".
             Resolved file path is "C:\Program Files\dotnet\packs\Microsoft.AspNetCore.App.Ref\8.0.6\ref\net8.0\Microsoft.AspNetCore.Hosting.Abstractions.dll".
             Reference found at search path location "{RawFileName}".
             This reference is not "CopyLocal" because at least one source item had "Private" set to "false" and no source items had "Private" set to "true".
         Primary reference "Microsoft.AspNetCore.Hosting.Server.Abstractions, Version=8.0.0.0, Culture=neutral, PublicKeyToken=adb9793829ddae60".
             Resolved file path is "C:\Program Files\dotnet\packs\Microsoft.AspNetCore.App.Ref\8.0.6\ref\net8.0\Microsoft.AspNetCore.Hosting.Server.Abstractions.dll".
             Reference found at search path location "{RawFileName}".
             This reference is not "CopyLocal" because at least one source item had "Private" set to "false" and no source items had "Private" set to "true".
         Primary reference "Microsoft.AspNetCore.Hosting, Version=8.0.0.0, Culture=neutral, PublicKeyToken=adb9793829ddae60".
             Resolved file path is "C:\Program Files\dotnet\packs\Microsoft.AspNetCore.App.Ref\8.0.6\ref\net8.0\Microsoft.AspNetCore.Hosting.dll".
             Reference found at search path location "{RawFileName}".
             This reference is not "CopyLocal" because at least one source item had "Private" set to "false" and no source items had "Private" set to "true".
         Primary reference "Microsoft.AspNetCore.Html.Abstractions, Version=8.0.0.0, Culture=neutral, PublicKeyToken=adb9793829ddae60".
             Resolved file path is "C:\Program Files\dotnet\packs\Microsoft.AspNetCore.App.Ref\8.0.6\ref\net8.0\Microsoft.AspNetCore.Html.Abstractions.dll".
             Reference found at search path location "{RawFileName}".
             This reference is not "CopyLocal" because at least one source item had "Private" set to "false" and no source items had "Private" set to "true".
         Primary reference "Microsoft.AspNetCore.Http.Abstractions, Version=8.0.0.0, Culture=neutral, PublicKeyToken=adb9793829ddae60".
             Resolved file path is "C:\Program Files\dotnet\packs\Microsoft.AspNetCore.App.Ref\8.0.6\ref\net8.0\Microsoft.AspNetCore.Http.Abstractions.dll".
             Reference found at search path location "{RawFileName}".
             This reference is not "CopyLocal" because at least one source item had "Private" set to "false" and no source items had "Private" set to "true".
         Primary reference "Microsoft.AspNetCore.Http.Connections.Common, Version=8.0.0.0, Culture=neutral, PublicKeyToken=adb9793829ddae60".
             Resolved file path is "C:\Program Files\dotnet\packs\Microsoft.AspNetCore.App.Ref\8.0.6\ref\net8.0\Microsoft.AspNetCore.Http.Connections.Common.dll".
             Reference found at search path location "{RawFileName}".
             This reference is not "CopyLocal" because at least one source item had "Private" set to "false" and no source items had "Private" set to "true".
         Primary reference "Microsoft.AspNetCore.Http.Connections, Version=8.0.0.0, Culture=neutral, PublicKeyToken=adb9793829ddae60".
             Resolved file path is "C:\Program Files\dotnet\packs\Microsoft.AspNetCore.App.Ref\8.0.6\ref\net8.0\Microsoft.AspNetCore.Http.Connections.dll".
             Reference found at search path location "{RawFileName}".
             This reference is not "CopyLocal" because at least one source item had "Private" set to "false" and no source items had "Private" set to "true".
         Primary reference "Microsoft.AspNetCore.Http.Extensions, Version=8.0.0.0, Culture=neutral, PublicKeyToken=adb9793829ddae60".
             Resolved file path is "C:\Program Files\dotnet\packs\Microsoft.AspNetCore.App.Ref\8.0.6\ref\net8.0\Microsoft.AspNetCore.Http.Extensions.dll".
             Reference found at search path location "{RawFileName}".
             This reference is not "CopyLocal" because at least one source item had "Private" set to "false" and no source items had "Private" set to "true".
         Primary reference "Microsoft.AspNetCore.Http.Features, Version=8.0.0.0, Culture=neutral, PublicKeyToken=adb9793829ddae60".
             Resolved file path is "C:\Program Files\dotnet\packs\Microsoft.AspNetCore.App.Ref\8.0.6\ref\net8.0\Microsoft.AspNetCore.Http.Features.dll".
             Reference found at search path location "{RawFileName}".
             This reference is not "CopyLocal" because at least one source item had "Private" set to "false" and no source items had "Private" set to "true".
         Primary reference "Microsoft.AspNetCore.Http.Results, Version=8.0.0.0, Culture=neutral, PublicKeyToken=adb9793829ddae60".
             Resolved file path is "C:\Program Files\dotnet\packs\Microsoft.AspNetCore.App.Ref\8.0.6\ref\net8.0\Microsoft.AspNetCore.Http.Results.dll".
             Reference found at search path location "{RawFileName}".
             This reference is not "CopyLocal" because at least one source item had "Private" set to "false" and no source items had "Private" set to "true".
         Primary reference "Microsoft.AspNetCore.Http, Version=8.0.0.0, Culture=neutral, PublicKeyToken=adb9793829ddae60".
             Resolved file path is "C:\Program Files\dotnet\packs\Microsoft.AspNetCore.App.Ref\8.0.6\ref\net8.0\Microsoft.AspNetCore.Http.dll".
             Reference found at search path location "{RawFileName}".
             This reference is not "CopyLocal" because at least one source item had "Private" set to "false" and no source items had "Private" set to "true".
         Primary reference "Microsoft.AspNetCore.HttpLogging, Version=8.0.0.0, Culture=neutral, PublicKeyToken=adb9793829ddae60".
             Resolved file path is "C:\Program Files\dotnet\packs\Microsoft.AspNetCore.App.Ref\8.0.6\ref\net8.0\Microsoft.AspNetCore.HttpLogging.dll".
             Reference found at search path location "{RawFileName}".
             This reference is not "CopyLocal" because at least one source item had "Private" set to "false" and no source items had "Private" set to "true".
         Primary reference "Microsoft.AspNetCore.HttpOverrides, Version=8.0.0.0, Culture=neutral, PublicKeyToken=adb9793829ddae60".
             Resolved file path is "C:\Program Files\dotnet\packs\Microsoft.AspNetCore.App.Ref\8.0.6\ref\net8.0\Microsoft.AspNetCore.HttpOverrides.dll".
             Reference found at search path location "{RawFileName}".
             This reference is not "CopyLocal" because at least one source item had "Private" set to "false" and no source items had "Private" set to "true".
         Primary reference "Microsoft.AspNetCore.HttpsPolicy, Version=8.0.0.0, Culture=neutral, PublicKeyToken=adb9793829ddae60".
             Resolved file path is "C:\Program Files\dotnet\packs\Microsoft.AspNetCore.App.Ref\8.0.6\ref\net8.0\Microsoft.AspNetCore.HttpsPolicy.dll".
             Reference found at search path location "{RawFileName}".
             This reference is not "CopyLocal" because at least one source item had "Private" set to "false" and no source items had "Private" set to "true".
         Primary reference "Microsoft.AspNetCore.Identity, Version=8.0.0.0, Culture=neutral, PublicKeyToken=adb9793829ddae60".
             Resolved file path is "C:\Program Files\dotnet\packs\Microsoft.AspNetCore.App.Ref\8.0.6\ref\net8.0\Microsoft.AspNetCore.Identity.dll".
             Reference found at search path location "{RawFileName}".
             This reference is not "CopyLocal" because at least one source item had "Private" set to "false" and no source items had "Private" set to "true".
         Primary reference "Microsoft.AspNetCore.Localization.Routing, Version=8.0.0.0, Culture=neutral, PublicKeyToken=adb9793829ddae60".
             Resolved file path is "C:\Program Files\dotnet\packs\Microsoft.AspNetCore.App.Ref\8.0.6\ref\net8.0\Microsoft.AspNetCore.Localization.Routing.dll".
             Reference found at search path location "{RawFileName}".
             This reference is not "CopyLocal" because at least one source item had "Private" set to "false" and no source items had "Private" set to "true".
         Primary reference "Microsoft.AspNetCore.Localization, Version=8.0.0.0, Culture=neutral, PublicKeyToken=adb9793829ddae60".
             Resolved file path is "C:\Program Files\dotnet\packs\Microsoft.AspNetCore.App.Ref\8.0.6\ref\net8.0\Microsoft.AspNetCore.Localization.dll".
             Reference found at search path location "{RawFileName}".
             This reference is not "CopyLocal" because at least one source item had "Private" set to "false" and no source items had "Private" set to "true".
         Primary reference "Microsoft.AspNetCore.Metadata, Version=8.0.0.0, Culture=neutral, PublicKeyToken=adb9793829ddae60".
             Resolved file path is "C:\Program Files\dotnet\packs\Microsoft.AspNetCore.App.Ref\8.0.6\ref\net8.0\Microsoft.AspNetCore.Metadata.dll".
             Reference found at search path location "{RawFileName}".
             This reference is not "CopyLocal" because at least one source item had "Private" set to "false" and no source items had "Private" set to "true".
         Primary reference "Microsoft.AspNetCore.Mvc.Abstractions, Version=8.0.0.0, Culture=neutral, PublicKeyToken=adb9793829ddae60".
             Resolved file path is "C:\Program Files\dotnet\packs\Microsoft.AspNetCore.App.Ref\8.0.6\ref\net8.0\Microsoft.AspNetCore.Mvc.Abstractions.dll".
             Reference found at search path location "{RawFileName}".
             This reference is not "CopyLocal" because at least one source item had "Private" set to "false" and no source items had "Private" set to "true".
         Primary reference "Microsoft.AspNetCore.Mvc.ApiExplorer, Version=8.0.0.0, Culture=neutral, PublicKeyToken=adb9793829ddae60".
             Resolved file path is "C:\Program Files\dotnet\packs\Microsoft.AspNetCore.App.Ref\8.0.6\ref\net8.0\Microsoft.AspNetCore.Mvc.ApiExplorer.dll".
             Reference found at search path location "{RawFileName}".
             This reference is not "CopyLocal" because at least one source item had "Private" set to "false" and no source items had "Private" set to "true".
         Primary reference "Microsoft.AspNetCore.Mvc.Core, Version=8.0.0.0, Culture=neutral, PublicKeyToken=adb9793829ddae60".
             Resolved file path is "C:\Program Files\dotnet\packs\Microsoft.AspNetCore.App.Ref\8.0.6\ref\net8.0\Microsoft.AspNetCore.Mvc.Core.dll".
             Reference found at search path location "{RawFileName}".
             This reference is not "CopyLocal" because at least one source item had "Private" set to "false" and no source items had "Private" set to "true".
         Primary reference "Microsoft.AspNetCore.Mvc.Cors, Version=8.0.0.0, Culture=neutral, PublicKeyToken=adb9793829ddae60".
             Resolved file path is "C:\Program Files\dotnet\packs\Microsoft.AspNetCore.App.Ref\8.0.6\ref\net8.0\Microsoft.AspNetCore.Mvc.Cors.dll".
             Reference found at search path location "{RawFileName}".
             This reference is not "CopyLocal" because at least one source item had "Private" set to "false" and no source items had "Private" set to "true".
         Primary reference "Microsoft.AspNetCore.Mvc.DataAnnotations, Version=8.0.0.0, Culture=neutral, PublicKeyToken=adb9793829ddae60".
             Resolved file path is "C:\Program Files\dotnet\packs\Microsoft.AspNetCore.App.Ref\8.0.6\ref\net8.0\Microsoft.AspNetCore.Mvc.DataAnnotations.dll".
             Reference found at search path location "{RawFileName}".
             This reference is not "CopyLocal" because at least one source item had "Private" set to "false" and no source items had "Private" set to "true".
         Primary reference "Microsoft.AspNetCore.Mvc.Formatters.Json, Version=8.0.0.0, Culture=neutral, PublicKeyToken=adb9793829ddae60".
             Resolved file path is "C:\Program Files\dotnet\packs\Microsoft.AspNetCore.App.Ref\8.0.6\ref\net8.0\Microsoft.AspNetCore.Mvc.Formatters.Json.dll".
             Reference found at search path location "{RawFileName}".
             This reference is not "CopyLocal" because at least one source item had "Private" set to "false" and no source items had "Private" set to "true".
         Primary reference "Microsoft.AspNetCore.Mvc.Formatters.Xml, Version=8.0.0.0, Culture=neutral, PublicKeyToken=adb9793829ddae60".
             Resolved file path is "C:\Program Files\dotnet\packs\Microsoft.AspNetCore.App.Ref\8.0.6\ref\net8.0\Microsoft.AspNetCore.Mvc.Formatters.Xml.dll".
             Reference found at search path location "{RawFileName}".
             This reference is not "CopyLocal" because at least one source item had "Private" set to "false" and no source items had "Private" set to "true".
         Primary reference "Microsoft.AspNetCore.Mvc.Localization, Version=8.0.0.0, Culture=neutral, PublicKeyToken=adb9793829ddae60".
             Resolved file path is "C:\Program Files\dotnet\packs\Microsoft.AspNetCore.App.Ref\8.0.6\ref\net8.0\Microsoft.AspNetCore.Mvc.Localization.dll".
             Reference found at search path location "{RawFileName}".
             This reference is not "CopyLocal" because at least one source item had "Private" set to "false" and no source items had "Private" set to "true".
         Primary reference "Microsoft.AspNetCore.Mvc.Razor, Version=8.0.0.0, Culture=neutral, PublicKeyToken=adb9793829ddae60".
             Resolved file path is "C:\Program Files\dotnet\packs\Microsoft.AspNetCore.App.Ref\8.0.6\ref\net8.0\Microsoft.AspNetCore.Mvc.Razor.dll".
             Reference found at search path location "{RawFileName}".
             This reference is not "CopyLocal" because at least one source item had "Private" set to "false" and no source items had "Private" set to "true".
         Primary reference "Microsoft.AspNetCore.Mvc.RazorPages, Version=8.0.0.0, Culture=neutral, PublicKeyToken=adb9793829ddae60".
             Resolved file path is "C:\Program Files\dotnet\packs\Microsoft.AspNetCore.App.Ref\8.0.6\ref\net8.0\Microsoft.AspNetCore.Mvc.RazorPages.dll".
             Reference found at search path location "{RawFileName}".
             This reference is not "CopyLocal" because at least one source item had "Private" set to "false" and no source items had "Private" set to "true".
         Primary reference "Microsoft.AspNetCore.Mvc.TagHelpers, Version=8.0.0.0, Culture=neutral, PublicKeyToken=adb9793829ddae60".
             Resolved file path is "C:\Program Files\dotnet\packs\Microsoft.AspNetCore.App.Ref\8.0.6\ref\net8.0\Microsoft.AspNetCore.Mvc.TagHelpers.dll".
             Reference found at search path location "{RawFileName}".
             This reference is not "CopyLocal" because at least one source item had "Private" set to "false" and no source items had "Private" set to "true".
         Primary reference "Microsoft.AspNetCore.Mvc.ViewFeatures, Version=8.0.0.0, Culture=neutral, PublicKeyToken=adb9793829ddae60".
             Resolved file path is "C:\Program Files\dotnet\packs\Microsoft.AspNetCore.App.Ref\8.0.6\ref\net8.0\Microsoft.AspNetCore.Mvc.ViewFeatures.dll".
             Reference found at search path location "{RawFileName}".
             This reference is not "CopyLocal" because at least one source item had "Private" set to "false" and no source items had "Private" set to "true".
         Primary reference "Microsoft.AspNetCore.Mvc, Version=8.0.0.0, Culture=neutral, PublicKeyToken=adb9793829ddae60".
             Resolved file path is "C:\Program Files\dotnet\packs\Microsoft.AspNetCore.App.Ref\8.0.6\ref\net8.0\Microsoft.AspNetCore.Mvc.dll".
             Reference found at search path location "{RawFileName}".
             This reference is not "CopyLocal" because at least one source item had "Private" set to "false" and no source items had "Private" set to "true".
         Primary reference "Microsoft.AspNetCore.OutputCaching, Version=8.0.0.0, Culture=neutral, PublicKeyToken=adb9793829ddae60".
             Resolved file path is "C:\Program Files\dotnet\packs\Microsoft.AspNetCore.App.Ref\8.0.6\ref\net8.0\Microsoft.AspNetCore.OutputCaching.dll".
             Reference found at search path location "{RawFileName}".
             This reference is not "CopyLocal" because at least one source item had "Private" set to "false" and no source items had "Private" set to "true".
         Primary reference "Microsoft.AspNetCore.RateLimiting, Version=8.0.0.0, Culture=neutral, PublicKeyToken=adb9793829ddae60".
             Resolved file path is "C:\Program Files\dotnet\packs\Microsoft.AspNetCore.App.Ref\8.0.6\ref\net8.0\Microsoft.AspNetCore.RateLimiting.dll".
             Reference found at search path location "{RawFileName}".
             This reference is not "CopyLocal" because at least one source item had "Private" set to "false" and no source items had "Private" set to "true".
         Primary reference "Microsoft.AspNetCore.Razor.Runtime, Version=8.0.0.0, Culture=neutral, PublicKeyToken=adb9793829ddae60".
             Resolved file path is "C:\Program Files\dotnet\packs\Microsoft.AspNetCore.App.Ref\8.0.6\ref\net8.0\Microsoft.AspNetCore.Razor.Runtime.dll".
             Reference found at search path location "{RawFileName}".
             This reference is not "CopyLocal" because at least one source item had "Private" set to "false" and no source items had "Private" set to "true".
         Primary reference "Microsoft.AspNetCore.Razor, Version=8.0.0.0, Culture=neutral, PublicKeyToken=adb9793829ddae60".
             Resolved file path is "C:\Program Files\dotnet\packs\Microsoft.AspNetCore.App.Ref\8.0.6\ref\net8.0\Microsoft.AspNetCore.Razor.dll".
             Reference found at search path location "{RawFileName}".
             This reference is not "CopyLocal" because at least one source item had "Private" set to "false" and no source items had "Private" set to "true".
         Primary reference "Microsoft.AspNetCore.RequestDecompression, Version=8.0.0.0, Culture=neutral, PublicKeyToken=adb9793829ddae60".
             Resolved file path is "C:\Program Files\dotnet\packs\Microsoft.AspNetCore.App.Ref\8.0.6\ref\net8.0\Microsoft.AspNetCore.RequestDecompression.dll".
             Reference found at search path location "{RawFileName}".
             This reference is not "CopyLocal" because at least one source item had "Private" set to "false" and no source items had "Private" set to "true".
         Primary reference "Microsoft.AspNetCore.ResponseCaching.Abstractions, Version=8.0.0.0, Culture=neutral, PublicKeyToken=adb9793829ddae60".
             Resolved file path is "C:\Program Files\dotnet\packs\Microsoft.AspNetCore.App.Ref\8.0.6\ref\net8.0\Microsoft.AspNetCore.ResponseCaching.Abstractions.dll".
             Reference found at search path location "{RawFileName}".
             This reference is not "CopyLocal" because at least one source item had "Private" set to "false" and no source items had "Private" set to "true".
         Primary reference "Microsoft.AspNetCore.ResponseCaching, Version=8.0.0.0, Culture=neutral, PublicKeyToken=adb9793829ddae60".
             Resolved file path is "C:\Program Files\dotnet\packs\Microsoft.AspNetCore.App.Ref\8.0.6\ref\net8.0\Microsoft.AspNetCore.ResponseCaching.dll".
             Reference found at search path location "{RawFileName}".
             This reference is not "CopyLocal" because at least one source item had "Private" set to "false" and no source items had "Private" set to "true".
         Primary reference "Microsoft.AspNetCore.ResponseCompression, Version=8.0.0.0, Culture=neutral, PublicKeyToken=adb9793829ddae60".
             Resolved file path is "C:\Program Files\dotnet\packs\Microsoft.AspNetCore.App.Ref\8.0.6\ref\net8.0\Microsoft.AspNetCore.ResponseCompression.dll".
             Reference found at search path location "{RawFileName}".
             This reference is not "CopyLocal" because at least one source item had "Private" set to "false" and no source items had "Private" set to "true".
         Primary reference "Microsoft.AspNetCore.Rewrite, Version=8.0.0.0, Culture=neutral, PublicKeyToken=adb9793829ddae60".
             Resolved file path is "C:\Program Files\dotnet\packs\Microsoft.AspNetCore.App.Ref\8.0.6\ref\net8.0\Microsoft.AspNetCore.Rewrite.dll".
             Reference found at search path location "{RawFileName}".
             This reference is not "CopyLocal" because at least one source item had "Private" set to "false" and no source items had "Private" set to "true".
         Primary reference "Microsoft.AspNetCore.Routing.Abstractions, Version=8.0.0.0, Culture=neutral, PublicKeyToken=adb9793829ddae60".
             Resolved file path is "C:\Program Files\dotnet\packs\Microsoft.AspNetCore.App.Ref\8.0.6\ref\net8.0\Microsoft.AspNetCore.Routing.Abstractions.dll".
             Reference found at search path location "{RawFileName}".
             This reference is not "CopyLocal" because at least one source item had "Private" set to "false" and no source items had "Private" set to "true".
         Primary reference "Microsoft.AspNetCore.Routing, Version=8.0.0.0, Culture=neutral, PublicKeyToken=adb9793829ddae60".
             Resolved file path is "C:\Program Files\dotnet\packs\Microsoft.AspNetCore.App.Ref\8.0.6\ref\net8.0\Microsoft.AspNetCore.Routing.dll".
             Reference found at search path location "{RawFileName}".
             This reference is not "CopyLocal" because at least one source item had "Private" set to "false" and no source items had "Private" set to "true".
         Primary reference "Microsoft.AspNetCore.Server.HttpSys, Version=8.0.0.0, Culture=neutral, PublicKeyToken=adb9793829ddae60".
             Resolved file path is "C:\Program Files\dotnet\packs\Microsoft.AspNetCore.App.Ref\8.0.6\ref\net8.0\Microsoft.AspNetCore.Server.HttpSys.dll".
             Reference found at search path location "{RawFileName}".
             This reference is not "CopyLocal" because at least one source item had "Private" set to "false" and no source items had "Private" set to "true".
         Primary reference "Microsoft.AspNetCore.Server.IIS, Version=8.0.0.0, Culture=neutral, PublicKeyToken=adb9793829ddae60".
             Resolved file path is "C:\Program Files\dotnet\packs\Microsoft.AspNetCore.App.Ref\8.0.6\ref\net8.0\Microsoft.AspNetCore.Server.IIS.dll".
             Reference found at search path location "{RawFileName}".
             This reference is not "CopyLocal" because at least one source item had "Private" set to "false" and no source items had "Private" set to "true".
         Primary reference "Microsoft.AspNetCore.Server.IISIntegration, Version=8.0.0.0, Culture=neutral, PublicKeyToken=adb9793829ddae60".
             Resolved file path is "C:\Program Files\dotnet\packs\Microsoft.AspNetCore.App.Ref\8.0.6\ref\net8.0\Microsoft.AspNetCore.Server.IISIntegration.dll".
             Reference found at search path location "{RawFileName}".
             This reference is not "CopyLocal" because at least one source item had "Private" set to "false" and no source items had "Private" set to "true".
         Primary reference "Microsoft.AspNetCore.Server.Kestrel.Core, Version=8.0.0.0, Culture=neutral, PublicKeyToken=adb9793829ddae60".
             Resolved file path is "C:\Program Files\dotnet\packs\Microsoft.AspNetCore.App.Ref\8.0.6\ref\net8.0\Microsoft.AspNetCore.Server.Kestrel.Core.dll".
             Reference found at search path location "{RawFileName}".
             This reference is not "CopyLocal" because at least one source item had "Private" set to "false" and no source items had "Private" set to "true".
         Primary reference "Microsoft.AspNetCore.Server.Kestrel.Transport.NamedPipes, Version=8.0.0.0, Culture=neutral, PublicKeyToken=adb9793829ddae60".
             Resolved file path is "C:\Program Files\dotnet\packs\Microsoft.AspNetCore.App.Ref\8.0.6\ref\net8.0\Microsoft.AspNetCore.Server.Kestrel.Transport.NamedPipes.dll".
             Reference found at search path location "{RawFileName}".
             This reference is not "CopyLocal" because at least one source item had "Private" set to "false" and no source items had "Private" set to "true".
         Primary reference "Microsoft.AspNetCore.Server.Kestrel.Transport.Quic, Version=8.0.0.0, Culture=neutral, PublicKeyToken=adb9793829ddae60".
             Resolved file path is "C:\Program Files\dotnet\packs\Microsoft.AspNetCore.App.Ref\8.0.6\ref\net8.0\Microsoft.AspNetCore.Server.Kestrel.Transport.Quic.dll".
             Reference found at search path location "{RawFileName}".
             This reference is not "CopyLocal" because at least one source item had "Private" set to "false" and no source items had "Private" set to "true".
         Primary reference "Microsoft.AspNetCore.Server.Kestrel.Transport.Sockets, Version=8.0.0.0, Culture=neutral, PublicKeyToken=adb9793829ddae60".
             Resolved file path is "C:\Program Files\dotnet\packs\Microsoft.AspNetCore.App.Ref\8.0.6\ref\net8.0\Microsoft.AspNetCore.Server.Kestrel.Transport.Sockets.dll".
             Reference found at search path location "{RawFileName}".
             This reference is not "CopyLocal" because at least one source item had "Private" set to "false" and no source items had "Private" set to "true".
         Primary reference "Microsoft.AspNetCore.Server.Kestrel, Version=8.0.0.0, Culture=neutral, PublicKeyToken=adb9793829ddae60".
             Resolved file path is "C:\Program Files\dotnet\packs\Microsoft.AspNetCore.App.Ref\8.0.6\ref\net8.0\Microsoft.AspNetCore.Server.Kestrel.dll".
             Reference found at search path location "{RawFileName}".
             This reference is not "CopyLocal" because at least one source item had "Private" set to "false" and no source items had "Private" set to "true".
         Primary reference "Microsoft.AspNetCore.Session, Version=8.0.0.0, Culture=neutral, PublicKeyToken=adb9793829ddae60".
             Resolved file path is "C:\Program Files\dotnet\packs\Microsoft.AspNetCore.App.Ref\8.0.6\ref\net8.0\Microsoft.AspNetCore.Session.dll".
             Reference found at search path location "{RawFileName}".
             This reference is not "CopyLocal" because at least one source item had "Private" set to "false" and no source items had "Private" set to "true".
         Primary reference "Microsoft.AspNetCore.SignalR.Common, Version=8.0.0.0, Culture=neutral, PublicKeyToken=adb9793829ddae60".
             Resolved file path is "C:\Program Files\dotnet\packs\Microsoft.AspNetCore.App.Ref\8.0.6\ref\net8.0\Microsoft.AspNetCore.SignalR.Common.dll".
             Reference found at search path location "{RawFileName}".
             This reference is not "CopyLocal" because at least one source item had "Private" set to "false" and no source items had "Private" set to "true".
         Primary reference "Microsoft.AspNetCore.SignalR.Core, Version=8.0.0.0, Culture=neutral, PublicKeyToken=adb9793829ddae60".
             Resolved file path is "C:\Program Files\dotnet\packs\Microsoft.AspNetCore.App.Ref\8.0.6\ref\net8.0\Microsoft.AspNetCore.SignalR.Core.dll".
             Reference found at search path location "{RawFileName}".
             This reference is not "CopyLocal" because at least one source item had "Private" set to "false" and no source items had "Private" set to "true".
         Primary reference "Microsoft.AspNetCore.SignalR.Protocols.Json, Version=8.0.0.0, Culture=neutral, PublicKeyToken=adb9793829ddae60".
             Resolved file path is "C:\Program Files\dotnet\packs\Microsoft.AspNetCore.App.Ref\8.0.6\ref\net8.0\Microsoft.AspNetCore.SignalR.Protocols.Json.dll".
             Reference found at search path location "{RawFileName}".
             This reference is not "CopyLocal" because at least one source item had "Private" set to "false" and no source items had "Private" set to "true".
         Primary reference "Microsoft.AspNetCore.SignalR, Version=8.0.0.0, Culture=neutral, PublicKeyToken=adb9793829ddae60".
             Resolved file path is "C:\Program Files\dotnet\packs\Microsoft.AspNetCore.App.Ref\8.0.6\ref\net8.0\Microsoft.AspNetCore.SignalR.dll".
             Reference found at search path location "{RawFileName}".
             This reference is not "CopyLocal" because at least one source item had "Private" set to "false" and no source items had "Private" set to "true".
         Primary reference "Microsoft.AspNetCore.StaticFiles, Version=8.0.0.0, Culture=neutral, PublicKeyToken=adb9793829ddae60".
             Resolved file path is "C:\Program Files\dotnet\packs\Microsoft.AspNetCore.App.Ref\8.0.6\ref\net8.0\Microsoft.AspNetCore.StaticFiles.dll".
             Reference found at search path location "{RawFileName}".
             This reference is not "CopyLocal" because at least one source item had "Private" set to "false" and no source items had "Private" set to "true".
         Primary reference "Microsoft.AspNetCore.WebSockets, Version=8.0.0.0, Culture=neutral, PublicKeyToken=adb9793829ddae60".
             Resolved file path is "C:\Program Files\dotnet\packs\Microsoft.AspNetCore.App.Ref\8.0.6\ref\net8.0\Microsoft.AspNetCore.WebSockets.dll".
             Reference found at search path location "{RawFileName}".
             This reference is not "CopyLocal" because at least one source item had "Private" set to "false" and no source items had "Private" set to "true".
         Primary reference "Microsoft.AspNetCore.WebUtilities, Version=8.0.0.0, Culture=neutral, PublicKeyToken=adb9793829ddae60".
             Resolved file path is "C:\Program Files\dotnet\packs\Microsoft.AspNetCore.App.Ref\8.0.6\ref\net8.0\Microsoft.AspNetCore.WebUtilities.dll".
             Reference found at search path location "{RawFileName}".
             This reference is not "CopyLocal" because at least one source item had "Private" set to "false" and no source items had "Private" set to "true".
         Primary reference "Microsoft.AspNetCore, Version=8.0.0.0, Culture=neutral, PublicKeyToken=adb9793829ddae60".
             Resolved file path is "C:\Program Files\dotnet\packs\Microsoft.AspNetCore.App.Ref\8.0.6\ref\net8.0\Microsoft.AspNetCore.dll".
             Reference found at search path location "{RawFileName}".
             This reference is not "CopyLocal" because at least one source item had "Private" set to "false" and no source items had "Private" set to "true".
         Primary reference "Microsoft.Extensions.Caching.Abstractions, Version=8.0.0.0, Culture=neutral, PublicKeyToken=adb9793829ddae60".
             Resolved file path is "C:\Program Files\dotnet\packs\Microsoft.AspNetCore.App.Ref\8.0.6\ref\net8.0\Microsoft.Extensions.Caching.Abstractions.dll".
             Reference found at search path location "{RawFileName}".
             This reference is not "CopyLocal" because at least one source item had "Private" set to "false" and no source items had "Private" set to "true".
         Primary reference "Microsoft.Extensions.Configuration.Abstractions, Version=8.0.0.0, Culture=neutral, PublicKeyToken=adb9793829ddae60".
             Resolved file path is "C:\Program Files\dotnet\packs\Microsoft.AspNetCore.App.Ref\8.0.6\ref\net8.0\Microsoft.Extensions.Configuration.Abstractions.dll".
             Reference found at search path location "{RawFileName}".
             This reference is not "CopyLocal" because at least one source item had "Private" set to "false" and no source items had "Private" set to "true".
         Primary reference "Microsoft.Extensions.Configuration.Binder, Version=8.0.0.0, Culture=neutral, PublicKeyToken=adb9793829ddae60".
             Resolved file path is "C:\Program Files\dotnet\packs\Microsoft.AspNetCore.App.Ref\8.0.6\ref\net8.0\Microsoft.Extensions.Configuration.Binder.dll".
             Reference found at search path location "{RawFileName}".
             This reference is not "CopyLocal" because at least one source item had "Private" set to "false" and no source items had "Private" set to "true".
         Primary reference "Microsoft.Extensions.Configuration.CommandLine, Version=8.0.0.0, Culture=neutral, PublicKeyToken=adb9793829ddae60".
             Resolved file path is "C:\Program Files\dotnet\packs\Microsoft.AspNetCore.App.Ref\8.0.6\ref\net8.0\Microsoft.Extensions.Configuration.CommandLine.dll".
             Reference found at search path location "{RawFileName}".
             This reference is not "CopyLocal" because at least one source item had "Private" set to "false" and no source items had "Private" set to "true".
         Primary reference "Microsoft.Extensions.Configuration.EnvironmentVariables, Version=8.0.0.0, Culture=neutral, PublicKeyToken=adb9793829ddae60".
             Resolved file path is "C:\Program Files\dotnet\packs\Microsoft.AspNetCore.App.Ref\8.0.6\ref\net8.0\Microsoft.Extensions.Configuration.EnvironmentVariables.dll".
             Reference found at search path location "{RawFileName}".
             This reference is not "CopyLocal" because at least one source item had "Private" set to "false" and no source items had "Private" set to "true".
         Primary reference "Microsoft.Extensions.Configuration.FileExtensions, Version=8.0.0.0, Culture=neutral, PublicKeyToken=adb9793829ddae60".
             Resolved file path is "C:\Program Files\dotnet\packs\Microsoft.AspNetCore.App.Ref\8.0.6\ref\net8.0\Microsoft.Extensions.Configuration.FileExtensions.dll".
             Reference found at search path location "{RawFileName}".
             This reference is not "CopyLocal" because at least one source item had "Private" set to "false" and no source items had "Private" set to "true".
         Primary reference "Microsoft.Extensions.Configuration.Ini, Version=8.0.0.0, Culture=neutral, PublicKeyToken=adb9793829ddae60".
             Resolved file path is "C:\Program Files\dotnet\packs\Microsoft.AspNetCore.App.Ref\8.0.6\ref\net8.0\Microsoft.Extensions.Configuration.Ini.dll".
             Reference found at search path location "{RawFileName}".
             This reference is not "CopyLocal" because at least one source item had "Private" set to "false" and no source items had "Private" set to "true".
         Primary reference "Microsoft.Extensions.Configuration.Json, Version=8.0.0.0, Culture=neutral, PublicKeyToken=adb9793829ddae60".
             Resolved file path is "C:\Program Files\dotnet\packs\Microsoft.AspNetCore.App.Ref\8.0.6\ref\net8.0\Microsoft.Extensions.Configuration.Json.dll".
             Reference found at search path location "{RawFileName}".
             This reference is not "CopyLocal" because at least one source item had "Private" set to "false" and no source items had "Private" set to "true".
         Primary reference "Microsoft.Extensions.Configuration.KeyPerFile, Version=8.0.0.0, Culture=neutral, PublicKeyToken=adb9793829ddae60".
             Resolved file path is "C:\Program Files\dotnet\packs\Microsoft.AspNetCore.App.Ref\8.0.6\ref\net8.0\Microsoft.Extensions.Configuration.KeyPerFile.dll".
             Reference found at search path location "{RawFileName}".
             This reference is not "CopyLocal" because at least one source item had "Private" set to "false" and no source items had "Private" set to "true".
         Primary reference "Microsoft.Extensions.Configuration.UserSecrets, Version=8.0.0.0, Culture=neutral, PublicKeyToken=adb9793829ddae60".
             Resolved file path is "C:\Program Files\dotnet\packs\Microsoft.AspNetCore.App.Ref\8.0.6\ref\net8.0\Microsoft.Extensions.Configuration.UserSecrets.dll".
             Reference found at search path location "{RawFileName}".
             This reference is not "CopyLocal" because at least one source item had "Private" set to "false" and no source items had "Private" set to "true".
         Primary reference "Microsoft.Extensions.Configuration.Xml, Version=8.0.0.0, Culture=neutral, PublicKeyToken=adb9793829ddae60".
             Resolved file path is "C:\Program Files\dotnet\packs\Microsoft.AspNetCore.App.Ref\8.0.6\ref\net8.0\Microsoft.Extensions.Configuration.Xml.dll".
             Reference found at search path location "{RawFileName}".
             This reference is not "CopyLocal" because at least one source item had "Private" set to "false" and no source items had "Private" set to "true".
         Primary reference "Microsoft.Extensions.Configuration, Version=8.0.0.0, Culture=neutral, PublicKeyToken=adb9793829ddae60".
             Resolved file path is "C:\Program Files\dotnet\packs\Microsoft.AspNetCore.App.Ref\8.0.6\ref\net8.0\Microsoft.Extensions.Configuration.dll".
             Reference found at search path location "{RawFileName}".
             This reference is not "CopyLocal" because at least one source item had "Private" set to "false" and no source items had "Private" set to "true".
         Primary reference "Microsoft.Extensions.DependencyInjection.Abstractions, Version=8.0.0.0, Culture=neutral, PublicKeyToken=adb9793829ddae60".
             Resolved file path is "C:\Program Files\dotnet\packs\Microsoft.AspNetCore.App.Ref\8.0.6\ref\net8.0\Microsoft.Extensions.DependencyInjection.Abstractions.dll".
             Reference found at search path location "{RawFileName}".
             This reference is not "CopyLocal" because at least one source item had "Private" set to "false" and no source items had "Private" set to "true".
         Primary reference "Microsoft.Extensions.Diagnostics.Abstractions, Version=8.0.0.0, Culture=neutral, PublicKeyToken=adb9793829ddae60".
             Resolved file path is "C:\Program Files\dotnet\packs\Microsoft.AspNetCore.App.Ref\8.0.6\ref\net8.0\Microsoft.Extensions.Diagnostics.Abstractions.dll".
             Reference found at search path location "{RawFileName}".
             This reference is not "CopyLocal" because at least one source item had "Private" set to "false" and no source items had "Private" set to "true".
         Primary reference "Microsoft.Extensions.Diagnostics.HealthChecks.Abstractions, Version=8.0.0.0, Culture=neutral, PublicKeyToken=adb9793829ddae60".
             Resolved file path is "C:\Program Files\dotnet\packs\Microsoft.AspNetCore.App.Ref\8.0.6\ref\net8.0\Microsoft.Extensions.Diagnostics.HealthChecks.Abstractions.dll".
             Reference found at search path location "{RawFileName}".
             This reference is not "CopyLocal" because at least one source item had "Private" set to "false" and no source items had "Private" set to "true".
         Primary reference "Microsoft.Extensions.Diagnostics.HealthChecks, Version=8.0.0.0, Culture=neutral, PublicKeyToken=adb9793829ddae60".
             Resolved file path is "C:\Program Files\dotnet\packs\Microsoft.AspNetCore.App.Ref\8.0.6\ref\net8.0\Microsoft.Extensions.Diagnostics.HealthChecks.dll".
             Reference found at search path location "{RawFileName}".
             This reference is not "CopyLocal" because at least one source item had "Private" set to "false" and no source items had "Private" set to "true".
         Primary reference "Microsoft.Extensions.Diagnostics, Version=8.0.0.0, Culture=neutral, PublicKeyToken=adb9793829ddae60".
             Resolved file path is "C:\Program Files\dotnet\packs\Microsoft.AspNetCore.App.Ref\8.0.6\ref\net8.0\Microsoft.Extensions.Diagnostics.dll".
             Reference found at search path location "{RawFileName}".
             This reference is not "CopyLocal" because at least one source item had "Private" set to "false" and no source items had "Private" set to "true".
         Primary reference "Microsoft.Extensions.Features, Version=8.0.0.0, Culture=neutral, PublicKeyToken=adb9793829ddae60".
             Resolved file path is "C:\Program Files\dotnet\packs\Microsoft.AspNetCore.App.Ref\8.0.6\ref\net8.0\Microsoft.Extensions.Features.dll".
             Reference found at search path location "{RawFileName}".
             This reference is not "CopyLocal" because at least one source item had "Private" set to "false" and no source items had "Private" set to "true".
         Primary reference "Microsoft.Extensions.FileProviders.Abstractions, Version=8.0.0.0, Culture=neutral, PublicKeyToken=adb9793829ddae60".
             Resolved file path is "C:\Program Files\dotnet\packs\Microsoft.AspNetCore.App.Ref\8.0.6\ref\net8.0\Microsoft.Extensions.FileProviders.Abstractions.dll".
             Reference found at search path location "{RawFileName}".
             This reference is not "CopyLocal" because at least one source item had "Private" set to "false" and no source items had "Private" set to "true".
         Primary reference "Microsoft.Extensions.FileProviders.Composite, Version=8.0.0.0, Culture=neutral, PublicKeyToken=adb9793829ddae60".
             Resolved file path is "C:\Program Files\dotnet\packs\Microsoft.AspNetCore.App.Ref\8.0.6\ref\net8.0\Microsoft.Extensions.FileProviders.Composite.dll".
             Reference found at search path location "{RawFileName}".
             This reference is not "CopyLocal" because at least one source item had "Private" set to "false" and no source items had "Private" set to "true".
         Primary reference "Microsoft.Extensions.FileProviders.Embedded, Version=8.0.0.0, Culture=neutral, PublicKeyToken=adb9793829ddae60".
             Resolved file path is "C:\Program Files\dotnet\packs\Microsoft.AspNetCore.App.Ref\8.0.6\ref\net8.0\Microsoft.Extensions.FileProviders.Embedded.dll".
             Reference found at search path location "{RawFileName}".
             This reference is not "CopyLocal" because at least one source item had "Private" set to "false" and no source items had "Private" set to "true".
         Primary reference "Microsoft.Extensions.FileProviders.Physical, Version=8.0.0.0, Culture=neutral, PublicKeyToken=adb9793829ddae60".
             Resolved file path is "C:\Program Files\dotnet\packs\Microsoft.AspNetCore.App.Ref\8.0.6\ref\net8.0\Microsoft.Extensions.FileProviders.Physical.dll".
             Reference found at search path location "{RawFileName}".
             This reference is not "CopyLocal" because at least one source item had "Private" set to "false" and no source items had "Private" set to "true".
         Primary reference "Microsoft.Extensions.FileSystemGlobbing, Version=8.0.0.0, Culture=neutral, PublicKeyToken=adb9793829ddae60".
             Resolved file path is "C:\Program Files\dotnet\packs\Microsoft.AspNetCore.App.Ref\8.0.6\ref\net8.0\Microsoft.Extensions.FileSystemGlobbing.dll".
             Reference found at search path location "{RawFileName}".
             This reference is not "CopyLocal" because at least one source item had "Private" set to "false" and no source items had "Private" set to "true".
         Primary reference "Microsoft.Extensions.Hosting.Abstractions, Version=8.0.0.0, Culture=neutral, PublicKeyToken=adb9793829ddae60".
             Resolved file path is "C:\Program Files\dotnet\packs\Microsoft.AspNetCore.App.Ref\8.0.6\ref\net8.0\Microsoft.Extensions.Hosting.Abstractions.dll".
             Reference found at search path location "{RawFileName}".
             This reference is not "CopyLocal" because at least one source item had "Private" set to "false" and no source items had "Private" set to "true".
         Primary reference "Microsoft.Extensions.Hosting, Version=8.0.0.0, Culture=neutral, PublicKeyToken=adb9793829ddae60".
             Resolved file path is "C:\Program Files\dotnet\packs\Microsoft.AspNetCore.App.Ref\8.0.6\ref\net8.0\Microsoft.Extensions.Hosting.dll".
             Reference found at search path location "{RawFileName}".
             This reference is not "CopyLocal" because at least one source item had "Private" set to "false" and no source items had "Private" set to "true".
         Primary reference "Microsoft.Extensions.Http, Version=8.0.0.0, Culture=neutral, PublicKeyToken=adb9793829ddae60".
             Resolved file path is "C:\Program Files\dotnet\packs\Microsoft.AspNetCore.App.Ref\8.0.6\ref\net8.0\Microsoft.Extensions.Http.dll".
             Reference found at search path location "{RawFileName}".
             This reference is not "CopyLocal" because at least one source item had "Private" set to "false" and no source items had "Private" set to "true".
         Primary reference "Microsoft.Extensions.Localization.Abstractions, Version=8.0.0.0, Culture=neutral, PublicKeyToken=adb9793829ddae60".
             Resolved file path is "C:\Program Files\dotnet\packs\Microsoft.AspNetCore.App.Ref\8.0.6\ref\net8.0\Microsoft.Extensions.Localization.Abstractions.dll".
             Reference found at search path location "{RawFileName}".
             This reference is not "CopyLocal" because at least one source item had "Private" set to "false" and no source items had "Private" set to "true".
         Primary reference "Microsoft.Extensions.Localization, Version=8.0.0.0, Culture=neutral, PublicKeyToken=adb9793829ddae60".
             Resolved file path is "C:\Program Files\dotnet\packs\Microsoft.AspNetCore.App.Ref\8.0.6\ref\net8.0\Microsoft.Extensions.Localization.dll".
             Reference found at search path location "{RawFileName}".
             This reference is not "CopyLocal" because at least one source item had "Private" set to "false" and no source items had "Private" set to "true".
         Primary reference "Microsoft.Extensions.Logging.Configuration, Version=8.0.0.0, Culture=neutral, PublicKeyToken=adb9793829ddae60".
             Resolved file path is "C:\Program Files\dotnet\packs\Microsoft.AspNetCore.App.Ref\8.0.6\ref\net8.0\Microsoft.Extensions.Logging.Configuration.dll".
             Reference found at search path location "{RawFileName}".
             This reference is not "CopyLocal" because at least one source item had "Private" set to "false" and no source items had "Private" set to "true".
         Primary reference "Microsoft.Extensions.Logging.Console, Version=8.0.0.0, Culture=neutral, PublicKeyToken=adb9793829ddae60".
             Resolved file path is "C:\Program Files\dotnet\packs\Microsoft.AspNetCore.App.Ref\8.0.6\ref\net8.0\Microsoft.Extensions.Logging.Console.dll".
             Reference found at search path location "{RawFileName}".
             This reference is not "CopyLocal" because at least one source item had "Private" set to "false" and no source items had "Private" set to "true".
         Primary reference "Microsoft.Extensions.Logging.Debug, Version=8.0.0.0, Culture=neutral, PublicKeyToken=adb9793829ddae60".
             Resolved file path is "C:\Program Files\dotnet\packs\Microsoft.AspNetCore.App.Ref\8.0.6\ref\net8.0\Microsoft.Extensions.Logging.Debug.dll".
             Reference found at search path location "{RawFileName}".
             This reference is not "CopyLocal" because at least one source item had "Private" set to "false" and no source items had "Private" set to "true".
         Primary reference "Microsoft.Extensions.Logging.EventLog, Version=8.0.0.0, Culture=neutral, PublicKeyToken=adb9793829ddae60".
             Resolved file path is "C:\Program Files\dotnet\packs\Microsoft.AspNetCore.App.Ref\8.0.6\ref\net8.0\Microsoft.Extensions.Logging.EventLog.dll".
             Reference found at search path location "{RawFileName}".
             This reference is not "CopyLocal" because at least one source item had "Private" set to "false" and no source items had "Private" set to "true".
         Primary reference "Microsoft.Extensions.Logging.EventSource, Version=8.0.0.0, Culture=neutral, PublicKeyToken=adb9793829ddae60".
             Resolved file path is "C:\Program Files\dotnet\packs\Microsoft.AspNetCore.App.Ref\8.0.6\ref\net8.0\Microsoft.Extensions.Logging.EventSource.dll".
             Reference found at search path location "{RawFileName}".
             This reference is not "CopyLocal" because at least one source item had "Private" set to "false" and no source items had "Private" set to "true".
         Primary reference "Microsoft.Extensions.Logging.TraceSource, Version=8.0.0.0, Culture=neutral, PublicKeyToken=adb9793829ddae60".
             Resolved file path is "C:\Program Files\dotnet\packs\Microsoft.AspNetCore.App.Ref\8.0.6\ref\net8.0\Microsoft.Extensions.Logging.TraceSource.dll".
             Reference found at search path location "{RawFileName}".
             This reference is not "CopyLocal" because at least one source item had "Private" set to "false" and no source items had "Private" set to "true".
         Primary reference "Microsoft.Extensions.ObjectPool, Version=8.0.0.0, Culture=neutral, PublicKeyToken=adb9793829ddae60".
             Resolved file path is "C:\Program Files\dotnet\packs\Microsoft.AspNetCore.App.Ref\8.0.6\ref\net8.0\Microsoft.Extensions.ObjectPool.dll".
             Reference found at search path location "{RawFileName}".
             This reference is not "CopyLocal" because at least one source item had "Private" set to "false" and no source items had "Private" set to "true".
         Primary reference "Microsoft.Extensions.Options.ConfigurationExtensions, Version=8.0.0.0, Culture=neutral, PublicKeyToken=adb9793829ddae60".
             Resolved file path is "C:\Program Files\dotnet\packs\Microsoft.AspNetCore.App.Ref\8.0.6\ref\net8.0\Microsoft.Extensions.Options.ConfigurationExtensions.dll".
             Reference found at search path location "{RawFileName}".
             This reference is not "CopyLocal" because at least one source item had "Private" set to "false" and no source items had "Private" set to "true".
         Primary reference "Microsoft.Extensions.Options.DataAnnotations, Version=8.0.0.0, Culture=neutral, PublicKeyToken=adb9793829ddae60".
             Resolved file path is "C:\Program Files\dotnet\packs\Microsoft.AspNetCore.App.Ref\8.0.6\ref\net8.0\Microsoft.Extensions.Options.DataAnnotations.dll".
             Reference found at search path location "{RawFileName}".
             This reference is not "CopyLocal" because at least one source item had "Private" set to "false" and no source items had "Private" set to "true".
         Primary reference "Microsoft.Extensions.Options, Version=8.0.0.0, Culture=neutral, PublicKeyToken=adb9793829ddae60".
             Resolved file path is "C:\Program Files\dotnet\packs\Microsoft.AspNetCore.App.Ref\8.0.6\ref\net8.0\Microsoft.Extensions.Options.dll".
             Reference found at search path location "{RawFileName}".
             This reference is not "CopyLocal" because at least one source item had "Private" set to "false" and no source items had "Private" set to "true".
         Primary reference "Microsoft.Extensions.Primitives, Version=8.0.0.0, Culture=neutral, PublicKeyToken=adb9793829ddae60".
             Resolved file path is "C:\Program Files\dotnet\packs\Microsoft.AspNetCore.App.Ref\8.0.6\ref\net8.0\Microsoft.Extensions.Primitives.dll".
             Reference found at search path location "{RawFileName}".
             This reference is not "CopyLocal" because at least one source item had "Private" set to "false" and no source items had "Private" set to "true".
         Primary reference "Microsoft.Extensions.WebEncoders, Version=8.0.0.0, Culture=neutral, PublicKeyToken=adb9793829ddae60".
             Resolved file path is "C:\Program Files\dotnet\packs\Microsoft.AspNetCore.App.Ref\8.0.6\ref\net8.0\Microsoft.Extensions.WebEncoders.dll".
             Reference found at search path location "{RawFileName}".
             This reference is not "CopyLocal" because at least one source item had "Private" set to "false" and no source items had "Private" set to "true".
         Primary reference "Microsoft.JSInterop, Version=8.0.0.0, Culture=neutral, PublicKeyToken=adb9793829ddae60".
             Resolved file path is "C:\Program Files\dotnet\packs\Microsoft.AspNetCore.App.Ref\8.0.6\ref\net8.0\Microsoft.JSInterop.dll".
             Reference found at search path location "{RawFileName}".
             This reference is not "CopyLocal" because at least one source item had "Private" set to "false" and no source items had "Private" set to "true".
         Primary reference "Microsoft.Net.Http.Headers, Version=8.0.0.0, Culture=neutral, PublicKeyToken=adb9793829ddae60".
             Resolved file path is "C:\Program Files\dotnet\packs\Microsoft.AspNetCore.App.Ref\8.0.6\ref\net8.0\Microsoft.Net.Http.Headers.dll".
             Reference found at search path location "{RawFileName}".
             This reference is not "CopyLocal" because at least one source item had "Private" set to "false" and no source items had "Private" set to "true".
         Primary reference "System.Diagnostics.EventLog, Version=8.0.0.0, Culture=neutral, PublicKeyToken=cc7b13ffcd2ddd51".
             Resolved file path is "C:\Program Files\dotnet\packs\Microsoft.AspNetCore.App.Ref\8.0.6\ref\net8.0\System.Diagnostics.EventLog.dll".
             Reference found at search path location "{RawFileName}".
             This reference is not "CopyLocal" because at least one source item had "Private" set to "false" and no source items had "Private" set to "true".
         Primary reference "System.IO.Pipelines, Version=8.0.0.0, Culture=neutral, PublicKeyToken=cc7b13ffcd2ddd51".
             Resolved file path is "C:\Program Files\dotnet\packs\Microsoft.AspNetCore.App.Ref\8.0.6\ref\net8.0\System.IO.Pipelines.dll".
             Reference found at search path location "{RawFileName}".
             This reference is not "CopyLocal" because at least one source item had "Private" set to "false" and no source items had "Private" set to "true".
         Primary reference "System.Security.Cryptography.Xml, Version=8.0.0.0, Culture=neutral, PublicKeyToken=cc7b13ffcd2ddd51".
             Resolved file path is "C:\Program Files\dotnet\packs\Microsoft.AspNetCore.App.Ref\8.0.6\ref\net8.0\System.Security.Cryptography.Xml.dll".
             Reference found at search path location "{RawFileName}".
             This reference is not "CopyLocal" because at least one source item had "Private" set to "false" and no source items had "Private" set to "true".
         Primary reference "System.Threading.RateLimiting, Version=8.0.0.0, Culture=neutral, PublicKeyToken=cc7b13ffcd2ddd51".
             Resolved file path is "C:\Program Files\dotnet\packs\Microsoft.AspNetCore.App.Ref\8.0.6\ref\net8.0\System.Threading.RateLimiting.dll".
             Reference found at search path location "{RawFileName}".
             This reference is not "CopyLocal" because at least one source item had "Private" set to "false" and no source items had "Private" set to "true".
       Done executing task "ResolveAssemblyReference".
   4:7>Done building target "ResolveAssemblyReferences" in project "TalenHuman.Infrastructure.csproj".
       Target "GenerateBindingRedirects" skipped, due to false condition; ('$(AutoGenerateBindingRedirects)' == 'true' and '$(GenerateBindingRedirectsOutputType)' == 'true' and '@(SuggestedBindingRedirects)' != '' and '$(DesignTimeBuild)' != 'true' and '$(BuildingProject)' == 'true') was evaluated as ('' == 'true' and '' == 'true' and 'Microsoft.EntityFrameworkCore, Culture=neutral, PublicKeyToken=adb9793829ddae60' != '' and '' != 'true' and 'true' == 'true').
       Target "GenerateSupportedRuntime" skipped, due to false condition; ('$(GenerateSupportedRuntime)' != 'false' and '$(TargetFrameworkIdentifier)' == '.NETFramework' and '$(HasRuntimeOutput)' == 'true') was evaluated as ('' != 'false' and '.NETCoreApp' == '.NETFramework' and '' == 'true').
       Target "GenerateBindingRedirectsUpdateAppConfig" skipped, due to false condition; ('$(AutoGenerateBindingRedirects)' == 'true' and '$(GenerateBindingRedirectsOutputType)' == 'true') was evaluated as ('' == 'true' and '' == 'true').
       Target "ResolveComReferences" skipped, due to false condition; ('@(COMReference)'!='' or '@(COMFileReference)'!='') was evaluated as (''!='' or ''!='').
   4:7>Target "AfterResolveReferences" in file "C:\Program Files\dotnet\sdk\8.0.302\Microsoft.Common.CurrentVersion.targets" from project "D:\Tito Pedraza\OneDrive\Proyectos\Codigo Fuente\repos\HumanCore\src\TalenHuman.Infrastructure\TalenHuman.Infrastructure.csproj" (target "ResolveReferences" depends on it):
   4:7>Done building target "AfterResolveReferences" in project "TalenHuman.Infrastructure.csproj".
   4:7>Target "ResolveReferences" in file "C:\Program Files\dotnet\sdk\8.0.302\Microsoft.Common.CurrentVersion.targets" from project "D:\Tito Pedraza\OneDrive\Proyectos\Codigo Fuente\repos\HumanCore\src\TalenHuman.Infrastructure\TalenHuman.Infrastructure.csproj" (target "_BlockWinMDsOnUnsupportedTFMs" depends on it):
   4:7>Done building target "ResolveReferences" in project "TalenHuman.Infrastructure.csproj".
   4:7>Target "_BlockWinMDsOnUnsupportedTFMs" in file "C:\Program Files\dotnet\sdk\8.0.302\Sdks\Microsoft.NET.Sdk\targets\Microsoft.NET.Sdk.targets" from project "D:\Tito Pedraza\OneDrive\Proyectos\Codigo Fuente\repos\HumanCore\src\TalenHuman.Infrastructure\TalenHuman.Infrastructure.csproj" (target "CoreBuild" depends on it):
       Using "CheckForUnsupportedWinMDReferences" task from assembly "C:\Program Files\dotnet\sdk\8.0.302\Sdks\Microsoft.NET.Sdk\targets\..\tools\net8.0\Microsoft.NET.Build.Tasks.dll".
       Task "CheckForUnsupportedWinMDReferences"
       Done executing task "CheckForUnsupportedWinMDReferences".
       Task "NETSdkError" skipped, due to false condition; ('$(OutputType)' == 'winmdobj') was evaluated as ('Library' == 'winmdobj').
   4:7>Done building target "_BlockWinMDsOnUnsupportedTFMs" in project "TalenHuman.Infrastructure.csproj".
       Target "ResolveReferences" skipped. Previously built successfully.
       Target "ResolvePackageDependenciesForBuild" skipped. Previously built successfully.
       Target "_HandlePackageFileConflicts" skipped. Previously built successfully.
   4:7>Target "CopyAdditionalFiles" in file "C:\Program Files\dotnet\sdk\8.0.302\Roslyn\Microsoft.Managed.Core.targets" from project "D:\Tito Pedraza\OneDrive\Proyectos\Codigo Fuente\repos\HumanCore\src\TalenHuman.Infrastructure\TalenHuman.Infrastructure.csproj" (target "AssignTargetPaths" depends on it):
   4:7>Done building target "CopyAdditionalFiles" in project "TalenHuman.Infrastructure.csproj".
       Target "_ChooseAppHost" skipped, due to false condition; ('$(UseAppHost)' == 'true' and '$(_IsExecutable)' == 'true') was evaluated as ('' == 'true' and '' == 'true').
       Target "_GetComHostPaths" skipped, due to false condition; ('$(EnableComHosting)' == 'true' and '$(_IsExecutable)' != 'true') was evaluated as ('' == 'true' and '' != 'true').
       Target "_GetIjwHostPaths" skipped, due to false condition; ('$(UseIJWHost)' == 'true') was evaluated as ('' == 'true').
   4:7>Target "_ComputeNETCoreBuildOutputFiles" in file "C:\Program Files\dotnet\sdk\8.0.302\Sdks\Microsoft.NET.Sdk\targets\Microsoft.NET.Sdk.targets" from project "D:\Tito Pedraza\OneDrive\Proyectos\Codigo Fuente\repos\HumanCore\src\TalenHuman.Infrastructure\TalenHuman.Infrastructure.csproj" (target "AssignTargetPaths" depends on it):
   4:7>Done building target "_ComputeNETCoreBuildOutputFiles" in project "TalenHuman.Infrastructure.csproj".
   4:7>Target "AssignTargetPaths" in file "C:\Program Files\dotnet\sdk\8.0.302\Microsoft.Common.CurrentVersion.targets" from project "D:\Tito Pedraza\OneDrive\Proyectos\Codigo Fuente\repos\HumanCore\src\TalenHuman.Infrastructure\TalenHuman.Infrastructure.csproj" (target "PrepareResourceNames" depends on it):
       Using "AssignTargetPath" task from assembly "Microsoft.Build.Tasks.Core, Version=15.1.0.0, Culture=neutral, PublicKeyToken=b03f5f7f11d50a3a".
       Task "AssignTargetPath"
       Done executing task "AssignTargetPath".
       Task "AssignTargetPath"
       Done executing task "AssignTargetPath".
       Task "AssignTargetPath"
       Done executing task "AssignTargetPath".
       Task "AssignTargetPath"
       Done executing task "AssignTargetPath".
       Task "AssignTargetPath" skipped, due to false condition; ('@(_DeploymentBaseManifestWithTargetPath)'=='' and '%(None.Extension)'=='.manifest') was evaluated as (''=='' and '.ttf'=='.manifest').
       Task "AssignTargetPath" skipped, due to false condition; ('@(_DeploymentBaseManifestWithTargetPath)'=='' and '%(None.Extension)'=='.manifest') was evaluated as (''=='' and '.txt'=='.manifest').
   4:7>Done building target "AssignTargetPaths" in project "TalenHuman.Infrastructure.csproj".
       Target "AssignTargetPaths" skipped. Previously built successfully.
   4:7>Target "SplitResourcesByCulture" in file "C:\Program Files\dotnet\sdk\8.0.302\Microsoft.Common.CurrentVersion.targets" from project "D:\Tito Pedraza\OneDrive\Proyectos\Codigo Fuente\repos\HumanCore\src\TalenHuman.Infrastructure\TalenHuman.Infrastructure.csproj" (target "PrepareResourceNames" depends on it):
       Task "Warning" skipped, due to false condition; ('@(ResxWithNoCulture)'!='') was evaluated as (''!='').
       Task "Warning" skipped, due to false condition; ('@(ResxWithCulture)'!='') was evaluated as (''!='').
       Task "Warning" skipped, due to false condition; ('@(NonResxWithCulture)'!='') was evaluated as (''!='').
       Task "Warning" skipped, due to false condition; ('@(NonResxWithNoCulture)'!='') was evaluated as (''!='').
       Using "AssignCulture" task from assembly "Microsoft.Build.Tasks.Core, Version=15.1.0.0, Culture=neutral, PublicKeyToken=b03f5f7f11d50a3a".
       Task "AssignCulture"
       Done executing task "AssignCulture".
   4:7>Done building target "SplitResourcesByCulture" in project "TalenHuman.Infrastructure.csproj".
       Target "CreateManifestResourceNames" skipped, due to false condition; ('@(EmbeddedResource)' != '') was evaluated as ('' != '').
   4:7>Target "CreateCustomManifestResourceNames" in file "C:\Program Files\dotnet\sdk\8.0.302\Microsoft.Common.CurrentVersion.targets" from project "D:\Tito Pedraza\OneDrive\Proyectos\Codigo Fuente\repos\HumanCore\src\TalenHuman.Infrastructure\TalenHuman.Infrastructure.csproj" (target "PrepareResourceNames" depends on it):
   4:7>Done building target "CreateCustomManifestResourceNames" in project "TalenHuman.Infrastructure.csproj".
   4:7>Target "PrepareResourceNames" in file "C:\Program Files\dotnet\sdk\8.0.302\Microsoft.Common.CurrentVersion.targets" from project "D:\Tito Pedraza\OneDrive\Proyectos\Codigo Fuente\repos\HumanCore\src\TalenHuman.Infrastructure\TalenHuman.Infrastructure.csproj" (target "PrepareResources" depends on it):
   4:7>Done building target "PrepareResourceNames" in project "TalenHuman.Infrastructure.csproj".
       Target "ResolveAssemblyReferences" skipped. Previously built successfully.
       Target "SplitResourcesByCulture" skipped. Previously built successfully.
   4:7>Target "BeforeResGen" in file "C:\Program Files\dotnet\sdk\8.0.302\Microsoft.Common.CurrentVersion.targets" from project "D:\Tito Pedraza\OneDrive\Proyectos\Codigo Fuente\repos\HumanCore\src\TalenHuman.Infrastructure\TalenHuman.Infrastructure.csproj" (target "ResGen" depends on it):
   4:7>Done building target "BeforeResGen" in project "TalenHuman.Infrastructure.csproj".
       Target "ResolveReferences" skipped. Previously built successfully.
   4:7>Target "FindReferenceAssembliesForReferences" in file "C:\Program Files\dotnet\sdk\8.0.302\Microsoft.Common.CurrentVersion.targets" from project "D:\Tito Pedraza\OneDrive\Proyectos\Codigo Fuente\repos\HumanCore\src\TalenHuman.Infrastructure\TalenHuman.Infrastructure.csproj" (target "CoreResGen" depends on it):
   4:7>Done building target "FindReferenceAssembliesForReferences" in project "TalenHuman.Infrastructure.csproj".
   4:7>Target "CoreResGen" in file "C:\Program Files\dotnet\sdk\8.0.302\Microsoft.Common.CurrentVersion.targets" from project "D:\Tito Pedraza\OneDrive\Proyectos\Codigo Fuente\repos\HumanCore\src\TalenHuman.Infrastructure\TalenHuman.Infrastructure.csproj" (target "ResGen" depends on it):
       Task "GenerateResource" skipped, due to false condition; ('%(EmbeddedResource.Type)' == 'Resx' and '%(EmbeddedResource.GenerateResource)' != 'false' and '$(GenerateResourceMSBuildRuntime)' != 'CLR2') was evaluated as ('' == 'Resx' and '' != 'false' and 'CurrentRuntime' != 'CLR2').
       Task "GenerateResource" skipped, due to false condition; ('%(EmbeddedResource.Type)' == 'Resx' and '%(EmbeddedResource.GenerateResource)' != 'false' and '$(GenerateResourceMSBuildRuntime)' == 'CLR2') was evaluated as ('' == 'Resx' and '' != 'false' and 'CurrentRuntime' == 'CLR2').
   4:7>Done building target "CoreResGen" in project "TalenHuman.Infrastructure.csproj".
   4:7>Target "AfterResGen" in file "C:\Program Files\dotnet\sdk\8.0.302\Microsoft.Common.CurrentVersion.targets" from project "D:\Tito Pedraza\OneDrive\Proyectos\Codigo Fuente\repos\HumanCore\src\TalenHuman.Infrastructure\TalenHuman.Infrastructure.csproj" (target "ResGen" depends on it):
   4:7>Done building target "AfterResGen" in project "TalenHuman.Infrastructure.csproj".
   4:7>Target "ResGen" in file "C:\Program Files\dotnet\sdk\8.0.302\Microsoft.Common.CurrentVersion.targets" from project "D:\Tito Pedraza\OneDrive\Proyectos\Codigo Fuente\repos\HumanCore\src\TalenHuman.Infrastructure\TalenHuman.Infrastructure.csproj" (target "PrepareResources" depends on it):
   4:7>Done building target "ResGen" in project "TalenHuman.Infrastructure.csproj".
       Target "CompileLicxFiles" skipped, due to false condition; ('@(_LicxFile)'!='') was evaluated as (''!='').
   4:7>Target "PrepareResources" in file "C:\Program Files\dotnet\sdk\8.0.302\Microsoft.Common.CurrentVersion.targets" from project "D:\Tito Pedraza\OneDrive\Proyectos\Codigo Fuente\repos\HumanCore\src\TalenHuman.Infrastructure\TalenHuman.Infrastructure.csproj" (target "CoreBuild" depends on it):
   4:7>Done building target "PrepareResources" in project "TalenHuman.Infrastructure.csproj".
       Target "ResolveKeySource" skipped, due to false condition; ($(SignManifests) == 'true' or $(SignAssembly) == 'true') was evaluated as ( == 'true' or false == 'true').
       Target "ResolveReferences" skipped. Previously built successfully.
       Target "ResolveKeySource" skipped, due to false condition; ($(SignManifests) == 'true' or $(SignAssembly) == 'true') was evaluated as ( == 'true' or false == 'true').
       Target "ResolveComReferences" skipped, due to false condition; ('@(COMReference)'!='' or '@(COMFileReference)'!='') was evaluated as (''!='' or ''!='').
       Target "ResolveNativeReferences" skipped, due to false condition; ('@(NativeReference)'!='') was evaluated as (''!='').
       Target "_SetExternalWin32ManifestProperties" skipped, due to false condition; ('$(GenerateClickOnceManifests)'=='true' or '@(NativeReference)'!='' or '@(ResolvedIsolatedComModules)'!='') was evaluated as (''=='true' or ''!='' or ''!='').
   4:7>Target "_SetEmbeddedWin32ManifestProperties" in file "C:\Program Files\dotnet\sdk\8.0.302\Microsoft.Common.CurrentVersion.targets" from project "D:\Tito Pedraza\OneDrive\Proyectos\Codigo Fuente\repos\HumanCore\src\TalenHuman.Infrastructure\TalenHuman.Infrastructure.csproj" (target "SetWin32ManifestProperties" depends on it):
       Using "GetFrameworkPath" task from assembly "Microsoft.Build.Tasks.Core, Version=15.1.0.0, Culture=neutral, PublicKeyToken=b03f5f7f11d50a3a".
       Task "GetFrameworkPath"
       Done executing task "GetFrameworkPath".
   4:7>Done building target "_SetEmbeddedWin32ManifestProperties" in project "TalenHuman.Infrastructure.csproj".
   4:7>Target "SetWin32ManifestProperties" in file "C:\Program Files\dotnet\sdk\8.0.302\Microsoft.Common.CurrentVersion.targets" from project "D:\Tito Pedraza\OneDrive\Proyectos\Codigo Fuente\repos\HumanCore\src\TalenHuman.Infrastructure\TalenHuman.Infrastructure.csproj" (target "Compile" depends on it):
   4:7>Done building target "SetWin32ManifestProperties" in project "TalenHuman.Infrastructure.csproj".
       Target "FindReferenceAssembliesForReferences" skipped. Previously built successfully.
   4:7>Target "_GenerateCompileInputs" in file "C:\Program Files\dotnet\sdk\8.0.302\Microsoft.Common.CurrentVersion.targets" from project "D:\Tito Pedraza\OneDrive\Proyectos\Codigo Fuente\repos\HumanCore\src\TalenHuman.Infrastructure\TalenHuman.Infrastructure.csproj" (target "Compile" depends on it):
       Task "Warning" skipped, due to false condition; ('@(ManifestResourceWithNoCulture)'!='' and '%(ManifestResourceWithNoCulture.EmittedForCompatibilityOnly)'=='') was evaluated as (''!='' and ''=='').
       Task "Warning" skipped, due to false condition; ('@(ManifestNonResxWithNoCultureOnDisk)'!='' and '%(ManifestNonResxWithNoCultureOnDisk.EmittedForCompatibilityOnly)'=='') was evaluated as (''!='' and ''=='').
   4:7>Done building target "_GenerateCompileInputs" in project "TalenHuman.Infrastructure.csproj".
       Target "PrepareForBuild" skipped. Previously built successfully.
   4:7>Target "GenerateMSBuildEditorConfigFileShouldRun" in file "C:\Program Files\dotnet\sdk\8.0.302\Roslyn\Microsoft.Managed.Core.targets" from project "D:\Tito Pedraza\OneDrive\Proyectos\Codigo Fuente\repos\HumanCore\src\TalenHuman.Infrastructure\TalenHuman.Infrastructure.csproj" (target "GenerateMSBuildEditorConfigFile" depends on it):
   4:7>Done building target "GenerateMSBuildEditorConfigFileShouldRun" in project "TalenHuman.Infrastructure.csproj".
   4:7>Target "GenerateMSBuildEditorConfigFileCore" in file "C:\Program Files\dotnet\sdk\8.0.302\Roslyn\Microsoft.Managed.Core.targets" from project "D:\Tito Pedraza\OneDrive\Proyectos\Codigo Fuente\repos\HumanCore\src\TalenHuman.Infrastructure\TalenHuman.Infrastructure.csproj" (target "GenerateMSBuildEditorConfigFile" depends on it):
       Building target "GenerateMSBuildEditorConfigFileCore" completely.
       No input files were specified.
       Using "GenerateMSBuildEditorConfig" task from assembly "C:\Program Files\dotnet\sdk\8.0.302\Roslyn\Microsoft.Build.Tasks.CodeAnalysis.dll".
       Task "GenerateMSBuildEditorConfig"
       Done executing task "GenerateMSBuildEditorConfig".
   4:7>Done building target "GenerateMSBuildEditorConfigFileCore" in project "TalenHuman.Infrastructure.csproj".
   4:7>Target "GenerateMSBuildEditorConfigFile" in file "C:\Program Files\dotnet\sdk\8.0.302\Roslyn\Microsoft.Managed.Core.targets" from project "D:\Tito Pedraza\OneDrive\Proyectos\Codigo Fuente\repos\HumanCore\src\TalenHuman.Infrastructure\TalenHuman.Infrastructure.csproj" (target "BeforeCompile" depends on it):
   4:7>Done building target "GenerateMSBuildEditorConfigFile" in project "TalenHuman.Infrastructure.csproj".
       Target "PrepareForBuild" skipped. Previously built successfully.
       Target "GetReferenceAssemblyPaths" skipped. Previously built successfully.
   4:7>Target "_SetTargetFrameworkMonikerAttribute" in file "C:\Program Files\dotnet\sdk\8.0.302\Microsoft.CSharp.CurrentVersion.targets" from project "D:\Tito Pedraza\OneDrive\Proyectos\Codigo Fuente\repos\HumanCore\src\TalenHuman.Infrastructure\TalenHuman.Infrastructure.csproj" (target "GenerateTargetFrameworkMonikerAttribute" depends on it):
   4:7>Done building target "_SetTargetFrameworkMonikerAttribute" in project "TalenHuman.Infrastructure.csproj".
   4:7>Target "GenerateTargetFrameworkMonikerAttribute" in file "C:\Program Files\dotnet\sdk\8.0.302\Microsoft.Common.CurrentVersion.targets" from project "D:\Tito Pedraza\OneDrive\Proyectos\Codigo Fuente\repos\HumanCore\src\TalenHuman.Infrastructure\TalenHuman.Infrastructure.csproj" (target "BeforeCompile" depends on it):
       Skipping target "GenerateTargetFrameworkMonikerAttribute" because all output files are up-to-date with respect to the input files.
       Input files: C:\Program Files\dotnet\sdk\8.0.302\Microsoft.Common.targets
       Output files: obj\Debug\net8.0\.NETCoreApp,Version=v8.0.AssemblyAttributes.cs
   4:7>Done building target "GenerateTargetFrameworkMonikerAttribute" in project "TalenHuman.Infrastructure.csproj".
       Target "GenerateAdditionalSources" skipped, due to false condition; ('@(AssemblyAttributes)' != '' and '$(GenerateAdditionalSources)' == 'true') was evaluated as ('' != '' and '' == 'true').
       Target "ErrorForFrameworksMissingNETStandardAPIs" skipped, due to false condition; ('$(TargetFramework)' == 'net461' Or '$(TargetFramework)' == 'net462') was evaluated as ('net8.0' == 'net461' Or 'net8.0' == 'net462').
       Target "PrepareForBuild" skipped. Previously built successfully.
   4:7>Target "GetAssemblyVersion" in file "C:\Program Files\dotnet\sdk\8.0.302\Sdks\Microsoft.NET.Sdk\targets\Microsoft.NET.GenerateAssemblyInfo.targets" from project "D:\Tito Pedraza\OneDrive\Proyectos\Codigo Fuente\repos\HumanCore\src\TalenHuman.Infrastructure\TalenHuman.Infrastructure.csproj" (target "GetAssemblyAttributes" depends on it):
       Using "GetAssemblyVersion" task from assembly "C:\Program Files\dotnet\sdk\8.0.302\Sdks\Microsoft.NET.Sdk\targets\..\tools\net8.0\Microsoft.NET.Build.Tasks.dll".
       Task "GetAssemblyVersion"
       Done executing task "GetAssemblyVersion".
   4:7>Done building target "GetAssemblyVersion" in project "TalenHuman.Infrastructure.csproj".
       Target "GetAssemblyVersion" skipped. Previously built successfully.
   4:7>Target "InitializeSourceControlInformationFromSourceControlManager" in file "C:\Program Files\dotnet\sdk\8.0.302\Sdks\Microsoft.Build.Tasks.Git\build\Microsoft.Build.Tasks.Git.targets" from project "D:\Tito Pedraza\OneDrive\Proyectos\Codigo Fuente\repos\HumanCore\src\TalenHuman.Infrastructure\TalenHuman.Infrastructure.csproj" (target "_InitializeSourceControlInformationFromSourceControlManager" depends on it):
       Using "Microsoft.Build.Tasks.Git.LocateRepository" task from assembly "C:\Program Files\dotnet\sdk\8.0.302\Sdks\Microsoft.Build.Tasks.Git\build\..\tools\core\Microsoft.Build.Tasks.Git.dll".
       Task "Microsoft.Build.Tasks.Git.LocateRepository"
         SourceLink: Repository instance not found in cache: '*:D:\Tito Pedraza\OneDrive\Proyectos\Codigo Fuente\repos\HumanCore\.git'
       Done executing task "Microsoft.Build.Tasks.Git.LocateRepository".
   4:7>Done building target "InitializeSourceControlInformationFromSourceControlManager" in project "TalenHuman.Infrastructure.csproj".
   4:7>Target "_SourceLinkHasSingleProvider" in file "C:\Program Files\dotnet\sdk\8.0.302\Sdks\Microsoft.SourceLink.Common\build\InitializeSourceControlInformation.targets" from project "D:\Tito Pedraza\OneDrive\Proyectos\Codigo Fuente\repos\HumanCore\src\TalenHuman.Infrastructure\TalenHuman.Infrastructure.csproj" (target "_InitializeSourceControlInformationFromSourceControlManager" depends on it):
       Using "Microsoft.SourceLink.Common.SourceLinkHasSingleProvider" task from assembly "C:\Program Files\dotnet\sdk\8.0.302\Sdks\Microsoft.SourceLink.Common\build\..\tools\core\Microsoft.SourceLink.Common.dll".
       Task "Microsoft.SourceLink.Common.SourceLinkHasSingleProvider"
       Done executing task "Microsoft.SourceLink.Common.SourceLinkHasSingleProvider".
   4:7>Done building target "_SourceLinkHasSingleProvider" in project "TalenHuman.Infrastructure.csproj".
   4:7>Target "TranslateGitHubUrlsInSourceControlInformation" in file "C:\Program Files\dotnet\sdk\8.0.302\Sdks\Microsoft.SourceLink.GitHub\build\Microsoft.SourceLink.GitHub.targets" from project "D:\Tito Pedraza\OneDrive\Proyectos\Codigo Fuente\repos\HumanCore\src\TalenHuman.Infrastructure\TalenHuman.Infrastructure.csproj" (target "_InitializeSourceControlInformationFromSourceControlManager" depends on it):
       Using "Microsoft.SourceLink.GitHub.TranslateRepositoryUrls" task from assembly "C:\Program Files\dotnet\sdk\8.0.302\Sdks\Microsoft.SourceLink.GitHub\build\..\tools\core\Microsoft.SourceLink.GitHub.dll".
       Task "Microsoft.SourceLink.GitHub.TranslateRepositoryUrls"
       Done executing task "Microsoft.SourceLink.GitHub.TranslateRepositoryUrls".
   4:7>Done building target "TranslateGitHubUrlsInSourceControlInformation" in project "TalenHuman.Infrastructure.csproj".
   4:7>Target "TranslateGitLabUrlsInSourceControlInformation" in file "C:\Program Files\dotnet\sdk\8.0.302\Sdks\Microsoft.SourceLink.GitLab\build\Microsoft.SourceLink.GitLab.targets" from project "D:\Tito Pedraza\OneDrive\Proyectos\Codigo Fuente\repos\HumanCore\src\TalenHuman.Infrastructure\TalenHuman.Infrastructure.csproj" (target "_InitializeSourceControlInformationFromSourceControlManager" depends on it):
       Using "Microsoft.SourceLink.GitLab.TranslateRepositoryUrls" task from assembly "C:\Program Files\dotnet\sdk\8.0.302\Sdks\Microsoft.SourceLink.GitLab\build\..\tools\core\Microsoft.SourceLink.GitLab.dll".
       Task "Microsoft.SourceLink.GitLab.TranslateRepositoryUrls"
       Done executing task "Microsoft.SourceLink.GitLab.TranslateRepositoryUrls".
   4:7>Done building target "TranslateGitLabUrlsInSourceControlInformation" in project "TalenHuman.Infrastructure.csproj".
   4:7>Target "TranslateAzureReposGitUrlsInSourceControlInformation" in file "C:\Program Files\dotnet\sdk\8.0.302\Sdks\Microsoft.SourceLink.AzureRepos.Git\build\Microsoft.SourceLink.AzureRepos.Git.targets" from project "D:\Tito Pedraza\OneDrive\Proyectos\Codigo Fuente\repos\HumanCore\src\TalenHuman.Infrastructure\TalenHuman.Infrastructure.csproj" (target "_InitializeSourceControlInformationFromSourceControlManager" depends on it):
       Using "Microsoft.SourceLink.AzureRepos.Git.TranslateRepositoryUrls" task from assembly "C:\Program Files\dotnet\sdk\8.0.302\Sdks\Microsoft.SourceLink.AzureRepos.Git\build\..\tools\core\Microsoft.SourceLink.AzureRepos.Git.dll".
       Task "Microsoft.SourceLink.AzureRepos.Git.TranslateRepositoryUrls"
       Done executing task "Microsoft.SourceLink.AzureRepos.Git.TranslateRepositoryUrls".
   4:7>Done building target "TranslateAzureReposGitUrlsInSourceControlInformation" in project "TalenHuman.Infrastructure.csproj".
   4:7>Target "TranslateBitbucketGitUrlsInSourceControlInformation" in file "C:\Program Files\dotnet\sdk\8.0.302\Sdks\Microsoft.SourceLink.Bitbucket.Git\build\Microsoft.SourceLink.Bitbucket.Git.targets" from project "D:\Tito Pedraza\OneDrive\Proyectos\Codigo Fuente\repos\HumanCore\src\TalenHuman.Infrastructure\TalenHuman.Infrastructure.csproj" (target "_InitializeSourceControlInformationFromSourceControlManager" depends on it):
       Using "Microsoft.SourceLink.Bitbucket.Git.TranslateRepositoryUrls" task from assembly "C:\Program Files\dotnet\sdk\8.0.302\Sdks\Microsoft.SourceLink.Bitbucket.Git\build\..\tools\core\Microsoft.SourceLink.Bitbucket.Git.dll".
       Task "Microsoft.SourceLink.Bitbucket.Git.TranslateRepositoryUrls"
       Done executing task "Microsoft.SourceLink.Bitbucket.Git.TranslateRepositoryUrls".
   4:7>Done building target "TranslateBitbucketGitUrlsInSourceControlInformation" in project "TalenHuman.Infrastructure.csproj".
   4:7>Target "SourceControlManagerPublishTranslatedUrls" in file "C:\Program Files\dotnet\sdk\8.0.302\Sdks\Microsoft.SourceLink.Common\build\InitializeSourceControlInformation.targets" from project "D:\Tito Pedraza\OneDrive\Proyectos\Codigo Fuente\repos\HumanCore\src\TalenHuman.Infrastructure\TalenHuman.Infrastructure.csproj" (target "_InitializeSourceControlInformationFromSourceControlManager" depends on it):
   4:7>Done building target "SourceControlManagerPublishTranslatedUrls" in project "TalenHuman.Infrastructure.csproj".
   4:7>Target "_InitializeSourceControlInformationFromSourceControlManager" in file "C:\Program Files\dotnet\sdk\8.0.302\Sdks\Microsoft.SourceLink.Common\build\InitializeSourceControlInformation.targets" from project "D:\Tito Pedraza\OneDrive\Proyectos\Codigo Fuente\repos\HumanCore\src\TalenHuman.Infrastructure\TalenHuman.Infrastructure.csproj" (target "InitializeSourceControlInformation" depends on it):
   4:7>Done building target "_InitializeSourceControlInformationFromSourceControlManager" in project "TalenHuman.Infrastructure.csproj".
   4:7>Target "InitializeSourceControlInformation" in file "C:\Program Files\dotnet\sdk\8.0.302\Microsoft.Common.CurrentVersion.targets" from project "D:\Tito Pedraza\OneDrive\Proyectos\Codigo Fuente\repos\HumanCore\src\TalenHuman.Infrastructure\TalenHuman.Infrastructure.csproj" (target "AddSourceRevisionToInformationalVersion" depends on it):
   4:7>Done building target "InitializeSourceControlInformation" in project "TalenHuman.Infrastructure.csproj".
   4:7>Target "AddSourceRevisionToInformationalVersion" in file "C:\Program Files\dotnet\sdk\8.0.302\Sdks\Microsoft.NET.Sdk\targets\Microsoft.NET.GenerateAssemblyInfo.targets" from project "D:\Tito Pedraza\OneDrive\Proyectos\Codigo Fuente\repos\HumanCore\src\TalenHuman.Infrastructure\TalenHuman.Infrastructure.csproj" (target "GetAssemblyAttributes" depends on it):
   4:7>Done building target "AddSourceRevisionToInformationalVersion" in project "TalenHuman.Infrastructure.csproj".
       Target "_GetUserSecretsAssemblyAttribute" skipped, due to false condition; ( '$(UserSecretsId)' != '' AND '$(GenerateUserSecretsAttribute)' != 'false' AND '$(GeneratedUserSecretsAttributeFile)' == '' ) was evaluated as ( '' != '' AND '' != 'false' AND '' == '' ).
   4:7>Target "GetAssemblyAttributes" in file "C:\Program Files\dotnet\sdk\8.0.302\Sdks\Microsoft.NET.Sdk\targets\Microsoft.NET.GenerateAssemblyInfo.targets" from project "D:\Tito Pedraza\OneDrive\Proyectos\Codigo Fuente\repos\HumanCore\src\TalenHuman.Infrastructure\TalenHuman.Infrastructure.csproj" (target "CreateGeneratedAssemblyInfoInputsCacheFile" depends on it):
   4:7>Done building target "GetAssemblyAttributes" in project "TalenHuman.Infrastructure.csproj".
   4:7>Target "CreateGeneratedAssemblyInfoInputsCacheFile" in file "C:\Program Files\dotnet\sdk\8.0.302\Sdks\Microsoft.NET.Sdk\targets\Microsoft.NET.GenerateAssemblyInfo.targets" from project "D:\Tito Pedraza\OneDrive\Proyectos\Codigo Fuente\repos\HumanCore\src\TalenHuman.Infrastructure\TalenHuman.Infrastructure.csproj" (target "CoreGenerateAssemblyInfo" depends on it):
       Using "Hash" task from assembly "Microsoft.Build.Tasks.Core, Version=15.1.0.0, Culture=neutral, PublicKeyToken=b03f5f7f11d50a3a".
       Task "Hash"
       Done executing task "Hash".
       Task "WriteLinesToFile"
         Skipping write to file "obj\Debug\net8.0\TalenHuman.Infrastructure.AssemblyInfoInputs.cache" because content would not change.
       Done executing task "WriteLinesToFile".
   4:7>Done building target "CreateGeneratedAssemblyInfoInputsCacheFile" in project "TalenHuman.Infrastructure.csproj".
   4:7>Target "CoreGenerateAssemblyInfo" in file "C:\Program Files\dotnet\sdk\8.0.302\Sdks\Microsoft.NET.Sdk\targets\Microsoft.NET.GenerateAssemblyInfo.targets" from project "D:\Tito Pedraza\OneDrive\Proyectos\Codigo Fuente\repos\HumanCore\src\TalenHuman.Infrastructure\TalenHuman.Infrastructure.csproj" (target "GenerateAssemblyInfo" depends on it):
       Skipping target "CoreGenerateAssemblyInfo" because all output files are up-to-date with respect to the input files.
       Input files: obj\Debug\net8.0\TalenHuman.Infrastructure.AssemblyInfoInputs.cache
       Output files: obj\Debug\net8.0\TalenHuman.Infrastructure.AssemblyInfo.cs
   4:7>Done building target "CoreGenerateAssemblyInfo" in project "TalenHuman.Infrastructure.csproj".
   4:7>Target "GenerateAssemblyInfo" in file "C:\Program Files\dotnet\sdk\8.0.302\Sdks\Microsoft.NET.Sdk\targets\Microsoft.NET.GenerateAssemblyInfo.targets" from project "D:\Tito Pedraza\OneDrive\Proyectos\Codigo Fuente\repos\HumanCore\src\TalenHuman.Infrastructure\TalenHuman.Infrastructure.csproj" (target "BeforeCompile" depends on it):
   4:7>Done building target "GenerateAssemblyInfo" in project "TalenHuman.Infrastructure.csproj".
   4:7>Target "BeforeCompile" in file "C:\Program Files\dotnet\sdk\8.0.302\Microsoft.Common.CurrentVersion.targets" from project "D:\Tito Pedraza\OneDrive\Proyectos\Codigo Fuente\repos\HumanCore\src\TalenHuman.Infrastructure\TalenHuman.Infrastructure.csproj" (target "Compile" depends on it):
   4:7>Done building target "BeforeCompile" in project "TalenHuman.Infrastructure.csproj".
       Target "_TimeStampBeforeCompile" skipped, due to false condition; ('$(RunPostBuildEvent)'=='OnOutputUpdated' or ('$(RegisterForComInterop)'=='true' and '$(OutputType)'=='library')) was evaluated as (''=='OnOutputUpdated' or (''=='true' and 'Library'=='library')).
       Target "ResolveAssemblyReferences" skipped. Previously built successfully.
   4:7>Target "_GenerateCompileDependencyCache" in file "C:\Program Files\dotnet\sdk\8.0.302\Microsoft.Common.CurrentVersion.targets" from project "D:\Tito Pedraza\OneDrive\Proyectos\Codigo Fuente\repos\HumanCore\src\TalenHuman.Infrastructure\TalenHuman.Infrastructure.csproj" (target "Compile" depends on it):
       Task "Hash"
       Done executing task "Hash".
       Task "WriteLinesToFile"
         Skipping write to file "obj\Debug\net8.0\TalenHuman.Infrastructure.csproj.CoreCompileInputs.cache" because content would not change.
       Done executing task "WriteLinesToFile".
   4:7>Done building target "_GenerateCompileDependencyCache" in project "TalenHuman.Infrastructure.csproj".
       Target "_ComputeNonExistentFileProperty" skipped, due to false condition; (('$(BuildingInsideVisualStudio)' == 'true') and ('$(BuildingOutOfProcess)' != 'true') and (('$(BuildingProject)' == 'false') or ('$(UseHostCompilerIfAvailable)' == 'true'))) was evaluated as (('' == 'true') and ('' != 'true') and (('true' == 'false') or ('true' == 'true'))).
       Target "ResolveCodeAnalysisRuleSet" skipped, due to false condition; ('$(CodeAnalysisRuleSet)' != '') was evaluated as ('' != '').
       Target "ShimReferencePathsWhenCommonTargetsDoesNotUnderstandReferenceAssemblies" skipped, due to false condition; ('@(ReferencePathWithRefAssemblies)' == '') was evaluated as ('C:\Users\messa\.nuget\packages\awssdk.core\4.0.3.23\lib\net8.0\AWSSDK.Core.dll;C:\Users\messa\.nuget\packages\awssdk.s3\4.0.19.3\lib\net8.0\AWSSDK.S3.dll;C:\Users\messa\.nuget\packages\closedxml\0.105.0\lib\netstandard2.1\ClosedXML.dll;...' == '').
   4:7>Target "_BeforeVBCSCoreCompile" in file "C:\Program Files\dotnet\sdk\8.0.302\Roslyn\Microsoft.Managed.Core.targets" from project "D:\Tito Pedraza\OneDrive\Proyectos\Codigo Fuente\repos\HumanCore\src\TalenHuman.Infrastructure\TalenHuman.Infrastructure.csproj" (target "CoreCompile" depends on it):
   4:7>Done building target "_BeforeVBCSCoreCompile" in project "TalenHuman.Infrastructure.csproj".
       Target "AdjustDefaultPlatformTargetForNetFrameworkExeWithNoNativeCopyLocalItems" skipped, due to false condition; ('$(_UsingDefaultPlatformTarget)' == 'true' and
                            '$(_UsingDefaultRuntimeIdentifier)' == 'true') was evaluated as ('true' == 'true' and
                            '' == 'true').
       Target "_DisableDiagnosticTracing" skipped, due to false condition; ('$(DisableDiagnosticTracing)' == 'true') was evaluated as ('' == 'true').
       Target "GenerateTargetPlatformDefineConstants" skipped, due to false condition; ( '$(DisableImplicitFrameworkDefines)' != 'true' and '$(TargetPlatformIdentifier)' != '' and '$(TargetFrameworkIdentifier)' == '.NETCoreApp' and $([MSBuild]::VersionGreaterThanOrEquals($(TargetFrameworkVersion), 5.0)) ) was evaluated as ( '' != 'true' and '' != '' and '.NETCoreApp' == '.NETCoreApp' and True ).
   4:7>Target "GenerateNETCompatibleDefineConstants" in file "C:\Program Files\dotnet\sdk\8.0.302\Sdks\Microsoft.NET.Sdk\targets\Microsoft.NET.Sdk.BeforeCommon.targets" from project "D:\Tito Pedraza\OneDrive\Proyectos\Codigo Fuente\repos\HumanCore\src\TalenHuman.Infrastructure\TalenHuman.Infrastructure.csproj" (target "AddImplicitDefineConstants" depends on it):
   4:7>Done building target "GenerateNETCompatibleDefineConstants" in project "TalenHuman.Infrastructure.csproj".
       Target "GeneratePlatformCompatibleDefineConstants" skipped, due to false condition; ( '$(DisableImplicitFrameworkDefines)' != 'true' and '$(TargetPlatformIdentifier)' != '' and '$(TargetFrameworkIdentifier)' == '.NETCoreApp' and $([MSBuild]::VersionGreaterThanOrEquals($(TargetFrameworkVersion), 5.0)) ) was evaluated as ( '' != 'true' and '' != '' and '.NETCoreApp' == '.NETCoreApp' and True ).
       Target "_DisableDiagnosticTracing" skipped, due to false condition; ('$(DisableDiagnosticTracing)' == 'true') was evaluated as ('' == 'true').
   4:7>Target "AddImplicitDefineConstants" in file "C:\Program Files\dotnet\sdk\8.0.302\Sdks\Microsoft.NET.Sdk\targets\Microsoft.NET.Sdk.BeforeCommon.targets" from project "D:\Tito Pedraza\OneDrive\Proyectos\Codigo Fuente\repos\HumanCore\src\TalenHuman.Infrastructure\TalenHuman.Infrastructure.csproj" (target "CoreCompile" depends on it):
   4:7>Done building target "AddImplicitDefineConstants" in project "TalenHuman.Infrastructure.csproj".
       Target "ShimReferencePathsWhenCommonTargetsDoesNotUnderstandReferenceAssemblies" skipped, due to false condition; ('@(ReferencePathWithRefAssemblies)' == '') was evaluated as ('C:\Users\messa\.nuget\packages\awssdk.core\4.0.3.23\lib\net8.0\AWSSDK.Core.dll;C:\Users\messa\.nuget\packages\awssdk.s3\4.0.19.3\lib\net8.0\AWSSDK.S3.dll;C:\Users\messa\.nuget\packages\closedxml\0.105.0\lib\netstandard2.1\ClosedXML.dll;...' == '').
   4:7>Target "_ComputeSkipAnalyzers" in file "C:\Program Files\dotnet\sdk\8.0.302\Roslyn\Microsoft.Managed.Core.targets" from project "D:\Tito Pedraza\OneDrive\Proyectos\Codigo Fuente\repos\HumanCore\src\TalenHuman.Infrastructure\TalenHuman.Infrastructure.csproj" (target "CoreCompile" depends on it):
       Task "ShowMessageForImplicitlySkipAnalyzers" skipped, due to false condition; ('$(_ImplicitlySkipAnalyzers)' == 'true') was evaluated as ('' == 'true').
   4:7>Done building target "_ComputeSkipAnalyzers" in project "TalenHuman.Infrastructure.csproj".
       Target "_SetPathMapFromSourceRoots" skipped, due to false condition; ('$(DeterministicSourcePaths)' == 'true') was evaluated as ('' == 'true').
       Target "CreateCompilerGeneratedFilesOutputPath" skipped, due to false condition; ('$(EmitCompilerGeneratedFiles)' == 'true' and !('$(DesignTimeBuild)' == 'true' OR '$(BuildingProject)' != 'true')) was evaluated as ('false' == 'true' and !('' == 'true' OR 'true' != 'true')).
       Target "BeforeCompile" skipped. Previously built successfully.
       Target "InitializeSourceControlInformationFromSourceControlManager" skipped. Previously built successfully.
   4:7>Target "SetEmbeddedFilesFromSourceControlManagerUntrackedFiles" in file "C:\Program Files\dotnet\sdk\8.0.302\Sdks\Microsoft.Build.Tasks.Git\build\Microsoft.Build.Tasks.Git.targets" from project "D:\Tito Pedraza\OneDrive\Proyectos\Codigo Fuente\repos\HumanCore\src\TalenHuman.Infrastructure\TalenHuman.Infrastructure.csproj" (target "_SetEmbeddedFilesFromSourceControlManagerUntrackedFiles" depends on it):
       Using "Microsoft.Build.Tasks.Git.GetUntrackedFiles" task from assembly "C:\Program Files\dotnet\sdk\8.0.302\Sdks\Microsoft.Build.Tasks.Git\build\..\tools\core\Microsoft.Build.Tasks.Git.dll".
       Task "Microsoft.Build.Tasks.Git.GetUntrackedFiles"
         SourceLink: Reusing cached git repository information.
       Done executing task "Microsoft.Build.Tasks.Git.GetUntrackedFiles".
   4:7>Done building target "SetEmbeddedFilesFromSourceControlManagerUntrackedFiles" in project "TalenHuman.Infrastructure.csproj".
   4:7>Target "_SetEmbeddedFilesFromSourceControlManagerUntrackedFiles" in file "C:\Program Files\dotnet\sdk\8.0.302\Sdks\Microsoft.SourceLink.Common\build\Microsoft.SourceLink.Common.targets" from project "D:\Tito Pedraza\OneDrive\Proyectos\Codigo Fuente\repos\HumanCore\src\TalenHuman.Infrastructure\TalenHuman.Infrastructure.csproj" (target "CoreCompile" depends on it):
   4:7>Done building target "_SetEmbeddedFilesFromSourceControlManagerUntrackedFiles" in project "TalenHuman.Infrastructure.csproj".
       Target "InitializeSourceControlInformation" skipped. Previously built successfully.
   4:7>Target "_SetSourceLinkFilePath" in file "C:\Program Files\dotnet\sdk\8.0.302\Sdks\Microsoft.SourceLink.Common\build\Microsoft.SourceLink.Common.targets" from project "D:\Tito Pedraza\OneDrive\Proyectos\Codigo Fuente\repos\HumanCore\src\TalenHuman.Infrastructure\TalenHuman.Infrastructure.csproj" (target "_GenerateSourceLinkFile" depends on it):
   4:7>Done building target "_SetSourceLinkFilePath" in project "TalenHuman.Infrastructure.csproj".
       Target "InitializeSourceControlInformation" skipped. Previously built successfully.
   4:7>Target "_InitializeSourceRootMappedPathsFromSourceControl" in file "C:\Program Files\dotnet\sdk\8.0.302\Roslyn\Microsoft.Managed.Core.targets" from project "D:\Tito Pedraza\OneDrive\Proyectos\Codigo Fuente\repos\HumanCore\src\TalenHuman.Infrastructure\TalenHuman.Infrastructure.csproj" (target "InitializeSourceRootMappedPaths" depends on it):
   4:7>Done building target "_InitializeSourceRootMappedPathsFromSourceControl" in project "TalenHuman.Infrastructure.csproj".
   4:7>Target "InitializeSourceRootMappedPaths" in file "C:\Program Files\dotnet\sdk\8.0.302\Roslyn\Microsoft.Managed.Core.targets" from project "D:\Tito Pedraza\OneDrive\Proyectos\Codigo Fuente\repos\HumanCore\src\TalenHuman.Infrastructure\TalenHuman.Infrastructure.csproj" (target "_InitializeSourceRootMappedPathsOpt" depends on it):
       Using "Microsoft.CodeAnalysis.BuildTasks.MapSourceRoots" task from assembly "C:\Program Files\dotnet\sdk\8.0.302\Roslyn\Microsoft.Build.Tasks.CodeAnalysis.dll".
       Task "Microsoft.CodeAnalysis.BuildTasks.MapSourceRoots"
       Done executing task "Microsoft.CodeAnalysis.BuildTasks.MapSourceRoots".
   4:7>Done building target "InitializeSourceRootMappedPaths" in project "TalenHuman.Infrastructure.csproj".
   4:7>Target "_InitializeSourceRootMappedPathsOpt" in file "C:\Program Files\dotnet\sdk\8.0.302\Sdks\Microsoft.SourceLink.Common\build\Microsoft.SourceLink.Common.targets" from project "D:\Tito Pedraza\OneDrive\Proyectos\Codigo Fuente\repos\HumanCore\src\TalenHuman.Infrastructure\TalenHuman.Infrastructure.csproj" (target "_GenerateSourceLinkFile" depends on it):
   4:7>Done building target "_InitializeSourceRootMappedPathsOpt" in project "TalenHuman.Infrastructure.csproj".
   4:7>Target "_InitializeGitHubSourceLinkUrl" in file "C:\Program Files\dotnet\sdk\8.0.302\Sdks\Microsoft.SourceLink.GitHub\build\Microsoft.SourceLink.GitHub.targets" from project "D:\Tito Pedraza\OneDrive\Proyectos\Codigo Fuente\repos\HumanCore\src\TalenHuman.Infrastructure\TalenHuman.Infrastructure.csproj" (target "_GenerateSourceLinkFile" depends on it):
       Building target "_InitializeGitHubSourceLinkUrl" completely.
       No input files were specified.
       Using "Microsoft.SourceLink.GitHub.GetSourceLinkUrl" task from assembly "C:\Program Files\dotnet\sdk\8.0.302\Sdks\Microsoft.SourceLink.GitHub\build\..\tools\core\Microsoft.SourceLink.GitHub.dll".
       Task "Microsoft.SourceLink.GitHub.GetSourceLinkUrl"
       Done executing task "Microsoft.SourceLink.GitHub.GetSourceLinkUrl".
   4:7>Done building target "_InitializeGitHubSourceLinkUrl" in project "TalenHuman.Infrastructure.csproj".
   4:7>Target "_InitializeGitHubSourceLinkUrl" in file "C:\Program Files\dotnet\sdk\8.0.302\Sdks\Microsoft.SourceLink.GitHub\build\Microsoft.SourceLink.GitHub.targets" from project "D:\Tito Pedraza\OneDrive\Proyectos\Codigo Fuente\repos\HumanCore\src\TalenHuman.Infrastructure\TalenHuman.Infrastructure.csproj" (target "_GenerateSourceLinkFile" depends on it):
       Building target "_InitializeGitHubSourceLinkUrl" completely.
       No input files were specified.
       Task "Microsoft.SourceLink.GitHub.GetSourceLinkUrl"
       Done executing task "Microsoft.SourceLink.GitHub.GetSourceLinkUrl".
   4:7>Done building target "_InitializeGitHubSourceLinkUrl" in project "TalenHuman.Infrastructure.csproj".
   4:7>Target "_InitializeGitHubSourceLinkUrl" in file "C:\Program Files\dotnet\sdk\8.0.302\Sdks\Microsoft.SourceLink.GitHub\build\Microsoft.SourceLink.GitHub.targets" from project "D:\Tito Pedraza\OneDrive\Proyectos\Codigo Fuente\repos\HumanCore\src\TalenHuman.Infrastructure\TalenHuman.Infrastructure.csproj" (target "_GenerateSourceLinkFile" depends on it):
       Building target "_InitializeGitHubSourceLinkUrl" completely.
       No input files were specified.
       Task "Microsoft.SourceLink.GitHub.GetSourceLinkUrl"
       Done executing task "Microsoft.SourceLink.GitHub.GetSourceLinkUrl".
   4:7>Done building target "_InitializeGitHubSourceLinkUrl" in project "TalenHuman.Infrastructure.csproj".
   4:7>Target "_InitializeGitLabSourceLinkUrl" in file "C:\Program Files\dotnet\sdk\8.0.302\Sdks\Microsoft.SourceLink.GitLab\build\Microsoft.SourceLink.GitLab.targets" from project "D:\Tito Pedraza\OneDrive\Proyectos\Codigo Fuente\repos\HumanCore\src\TalenHuman.Infrastructure\TalenHuman.Infrastructure.csproj" (target "_GenerateSourceLinkFile" depends on it):
       Building target "_InitializeGitLabSourceLinkUrl" completely.
       No input files were specified.
       Using "Microsoft.SourceLink.GitLab.GetSourceLinkUrl" task from assembly "C:\Program Files\dotnet\sdk\8.0.302\Sdks\Microsoft.SourceLink.GitLab\build\..\tools\core\Microsoft.SourceLink.GitLab.dll".
       Task "Microsoft.SourceLink.GitLab.GetSourceLinkUrl"
       Done executing task "Microsoft.SourceLink.GitLab.GetSourceLinkUrl".
   4:7>Done building target "_InitializeGitLabSourceLinkUrl" in project "TalenHuman.Infrastructure.csproj".
   4:7>Target "_InitializeGitLabSourceLinkUrl" in file "C:\Program Files\dotnet\sdk\8.0.302\Sdks\Microsoft.SourceLink.GitLab\build\Microsoft.SourceLink.GitLab.targets" from project "D:\Tito Pedraza\OneDrive\Proyectos\Codigo Fuente\repos\HumanCore\src\TalenHuman.Infrastructure\TalenHuman.Infrastructure.csproj" (target "_GenerateSourceLinkFile" depends on it):
       Building target "_InitializeGitLabSourceLinkUrl" completely.
       No input files were specified.
       Task "Microsoft.SourceLink.GitLab.GetSourceLinkUrl"
       Done executing task "Microsoft.SourceLink.GitLab.GetSourceLinkUrl".
   4:7>Done building target "_InitializeGitLabSourceLinkUrl" in project "TalenHuman.Infrastructure.csproj".
   4:7>Target "_InitializeGitLabSourceLinkUrl" in file "C:\Program Files\dotnet\sdk\8.0.302\Sdks\Microsoft.SourceLink.GitLab\build\Microsoft.SourceLink.GitLab.targets" from project "D:\Tito Pedraza\OneDrive\Proyectos\Codigo Fuente\repos\HumanCore\src\TalenHuman.Infrastructure\TalenHuman.Infrastructure.csproj" (target "_GenerateSourceLinkFile" depends on it):
       Building target "_InitializeGitLabSourceLinkUrl" completely.
       No input files were specified.
       Task "Microsoft.SourceLink.GitLab.GetSourceLinkUrl"
       Done executing task "Microsoft.SourceLink.GitLab.GetSourceLinkUrl".
   4:7>Done building target "_InitializeGitLabSourceLinkUrl" in project "TalenHuman.Infrastructure.csproj".
   4:7>Target "_InitializeAzureReposGitSourceLinkUrl" in file "C:\Program Files\dotnet\sdk\8.0.302\Sdks\Microsoft.SourceLink.AzureRepos.Git\build\Microsoft.SourceLink.AzureRepos.Git.targets" from project "D:\Tito Pedraza\OneDrive\Proyectos\Codigo Fuente\repos\HumanCore\src\TalenHuman.Infrastructure\TalenHuman.Infrastructure.csproj" (target "_GenerateSourceLinkFile" depends on it):
       Building target "_InitializeAzureReposGitSourceLinkUrl" completely.
       No input files were specified.
       Using "Microsoft.SourceLink.AzureRepos.Git.GetSourceLinkUrl" task from assembly "C:\Program Files\dotnet\sdk\8.0.302\Sdks\Microsoft.SourceLink.AzureRepos.Git\build\..\tools\core\Microsoft.SourceLink.AzureRepos.Git.dll".
       Task "Microsoft.SourceLink.AzureRepos.Git.GetSourceLinkUrl"
       Done executing task "Microsoft.SourceLink.AzureRepos.Git.GetSourceLinkUrl".
   4:7>Done building target "_InitializeAzureReposGitSourceLinkUrl" in project "TalenHuman.Infrastructure.csproj".
   4:7>Target "_InitializeAzureReposGitSourceLinkUrl" in file "C:\Program Files\dotnet\sdk\8.0.302\Sdks\Microsoft.SourceLink.AzureRepos.Git\build\Microsoft.SourceLink.AzureRepos.Git.targets" from project "D:\Tito Pedraza\OneDrive\Proyectos\Codigo Fuente\repos\HumanCore\src\TalenHuman.Infrastructure\TalenHuman.Infrastructure.csproj" (target "_GenerateSourceLinkFile" depends on it):
       Building target "_InitializeAzureReposGitSourceLinkUrl" completely.
       No input files were specified.
       Task "Microsoft.SourceLink.AzureRepos.Git.GetSourceLinkUrl"
       Done executing task "Microsoft.SourceLink.AzureRepos.Git.GetSourceLinkUrl".
   4:7>Done building target "_InitializeAzureReposGitSourceLinkUrl" in project "TalenHuman.Infrastructure.csproj".
   4:7>Target "_InitializeAzureReposGitSourceLinkUrl" in file "C:\Program Files\dotnet\sdk\8.0.302\Sdks\Microsoft.SourceLink.AzureRepos.Git\build\Microsoft.SourceLink.AzureRepos.Git.targets" from project "D:\Tito Pedraza\OneDrive\Proyectos\Codigo Fuente\repos\HumanCore\src\TalenHuman.Infrastructure\TalenHuman.Infrastructure.csproj" (target "_GenerateSourceLinkFile" depends on it):
       Building target "_InitializeAzureReposGitSourceLinkUrl" completely.
       No input files were specified.
       Task "Microsoft.SourceLink.AzureRepos.Git.GetSourceLinkUrl"
       Done executing task "Microsoft.SourceLink.AzureRepos.Git.GetSourceLinkUrl".
   4:7>Done building target "_InitializeAzureReposGitSourceLinkUrl" in project "TalenHuman.Infrastructure.csproj".
   4:7>Target "_InitializeBitbucketGitSourceLinkUrl" in file "C:\Program Files\dotnet\sdk\8.0.302\Sdks\Microsoft.SourceLink.Bitbucket.Git\build\Microsoft.SourceLink.Bitbucket.Git.targets" from project "D:\Tito Pedraza\OneDrive\Proyectos\Codigo Fuente\repos\HumanCore\src\TalenHuman.Infrastructure\TalenHuman.Infrastructure.csproj" (target "_GenerateSourceLinkFile" depends on it):
       Building target "_InitializeBitbucketGitSourceLinkUrl" completely.
       No input files were specified.
       Using "Microsoft.SourceLink.Bitbucket.Git.GetSourceLinkUrl" task from assembly "C:\Program Files\dotnet\sdk\8.0.302\Sdks\Microsoft.SourceLink.Bitbucket.Git\build\..\tools\core\Microsoft.SourceLink.Bitbucket.Git.dll".
       Task "Microsoft.SourceLink.Bitbucket.Git.GetSourceLinkUrl"
       Done executing task "Microsoft.SourceLink.Bitbucket.Git.GetSourceLinkUrl".
   4:7>Done building target "_InitializeBitbucketGitSourceLinkUrl" in project "TalenHuman.Infrastructure.csproj".
   4:7>Target "_InitializeBitbucketGitSourceLinkUrl" in file "C:\Program Files\dotnet\sdk\8.0.302\Sdks\Microsoft.SourceLink.Bitbucket.Git\build\Microsoft.SourceLink.Bitbucket.Git.targets" from project "D:\Tito Pedraza\OneDrive\Proyectos\Codigo Fuente\repos\HumanCore\src\TalenHuman.Infrastructure\TalenHuman.Infrastructure.csproj" (target "_GenerateSourceLinkFile" depends on it):
       Building target "_InitializeBitbucketGitSourceLinkUrl" completely.
       No input files were specified.
       Task "Microsoft.SourceLink.Bitbucket.Git.GetSourceLinkUrl"
       Done executing task "Microsoft.SourceLink.Bitbucket.Git.GetSourceLinkUrl".
   4:7>Done building target "_InitializeBitbucketGitSourceLinkUrl" in project "TalenHuman.Infrastructure.csproj".
   4:7>Target "_InitializeBitbucketGitSourceLinkUrl" in file "C:\Program Files\dotnet\sdk\8.0.302\Sdks\Microsoft.SourceLink.Bitbucket.Git\build\Microsoft.SourceLink.Bitbucket.Git.targets" from project "D:\Tito Pedraza\OneDrive\Proyectos\Codigo Fuente\repos\HumanCore\src\TalenHuman.Infrastructure\TalenHuman.Infrastructure.csproj" (target "_GenerateSourceLinkFile" depends on it):
       Building target "_InitializeBitbucketGitSourceLinkUrl" completely.
       No input files were specified.
       Task "Microsoft.SourceLink.Bitbucket.Git.GetSourceLinkUrl"
       Done executing task "Microsoft.SourceLink.Bitbucket.Git.GetSourceLinkUrl".
   4:7>Done building target "_InitializeBitbucketGitSourceLinkUrl" in project "TalenHuman.Infrastructure.csproj".
   4:7>Target "_GenerateSourceLinkFile" in file "C:\Program Files\dotnet\sdk\8.0.302\Sdks\Microsoft.SourceLink.Common\build\Microsoft.SourceLink.Common.targets" from project "D:\Tito Pedraza\OneDrive\Proyectos\Codigo Fuente\repos\HumanCore\src\TalenHuman.Infrastructure\TalenHuman.Infrastructure.csproj" (target "GenerateSourceLinkFile" depends on it):
       Building target "_GenerateSourceLinkFile" completely.
       No input files were specified.
       Using "Microsoft.SourceLink.Common.GenerateSourceLinkFile" task from assembly "C:\Program Files\dotnet\sdk\8.0.302\Sdks\Microsoft.SourceLink.Common\build\..\tools\core\Microsoft.SourceLink.Common.dll".
       Task "Microsoft.SourceLink.Common.GenerateSourceLinkFile"
         Source Link file 'obj\Debug\net8.0\TalenHuman.Infrastructure.sourcelink.json' is up-to-date.
       Done executing task "Microsoft.SourceLink.Common.GenerateSourceLinkFile".
   4:7>Done building target "_GenerateSourceLinkFile" in project "TalenHuman.Infrastructure.csproj".
   4:7>Target "GenerateSourceLinkFile" in file "C:\Program Files\dotnet\sdk\8.0.302\Sdks\Microsoft.SourceLink.Common\build\Microsoft.SourceLink.Common.targets" from project "D:\Tito Pedraza\OneDrive\Proyectos\Codigo Fuente\repos\HumanCore\src\TalenHuman.Infrastructure\TalenHuman.Infrastructure.csproj" (target "CoreCompile" depends on it):
   4:7>Done building target "GenerateSourceLinkFile" in project "TalenHuman.Infrastructure.csproj".
   4:7>Target "AddGlobalAnalyzerConfigForPackage_MicrosoftCodeAnalysisNetAnalyzers" in file "C:\Program Files\dotnet\sdk\8.0.302\Sdks\Microsoft.NET.Sdk\analyzers\build\Microsoft.CodeAnalysis.NetAnalyzers.targets" from project "D:\Tito Pedraza\OneDrive\Proyectos\Codigo Fuente\repos\HumanCore\src\TalenHuman.Infrastructure\TalenHuman.Infrastructure.csproj" (target "CoreCompile" depends on it):
   4:7>Done building target "AddGlobalAnalyzerConfigForPackage_MicrosoftCodeAnalysisNetAnalyzers" in project "TalenHuman.Infrastructure.csproj".
       Target "AddGlobalAnalyzerConfigForPackage_MicrosoftCodeAnalysisNetAnalyzersDesign" skipped, due to false condition; ('$(SkipGlobalAnalyzerConfigForPackage)' != 'true' and ('$(AnalysisLevelDesign)' != '' or '$(AnalysisModeDesign)' != '')) was evaluated as ('' != 'true' and ('' != '' or '' != '')).
       Target "AddGlobalAnalyzerConfigForPackage_MicrosoftCodeAnalysisNetAnalyzersDocumentation" skipped, due to false condition; ('$(SkipGlobalAnalyzerConfigForPackage)' != 'true' and ('$(AnalysisLevelDocumentation)' != '' or '$(AnalysisModeDocumentation)' != '')) was evaluated as ('' != 'true' and ('' != '' or '' != '')).
       Target "AddGlobalAnalyzerConfigForPackage_MicrosoftCodeAnalysisNetAnalyzersGlobalization" skipped, due to false condition; ('$(SkipGlobalAnalyzerConfigForPackage)' != 'true' and ('$(AnalysisLevelGlobalization)' != '' or '$(AnalysisModeGlobalization)' != '')) was evaluated as ('' != 'true' and ('' != '' or '' != '')).
       Target "AddGlobalAnalyzerConfigForPackage_MicrosoftCodeAnalysisNetAnalyzersInteroperability" skipped, due to false condition; ('$(SkipGlobalAnalyzerConfigForPackage)' != 'true' and ('$(AnalysisLevelInteroperability)' != '' or '$(AnalysisModeInteroperability)' != '')) was evaluated as ('' != 'true' and ('' != '' or '' != '')).
       Target "AddGlobalAnalyzerConfigForPackage_MicrosoftCodeAnalysisNetAnalyzersMaintainability" skipped, due to false condition; ('$(SkipGlobalAnalyzerConfigForPackage)' != 'true' and ('$(AnalysisLevelMaintainability)' != '' or '$(AnalysisModeMaintainability)' != '')) was evaluated as ('' != 'true' and ('' != '' or '' != '')).
       Target "AddGlobalAnalyzerConfigForPackage_MicrosoftCodeAnalysisNetAnalyzersNaming" skipped, due to false condition; ('$(SkipGlobalAnalyzerConfigForPackage)' != 'true' and ('$(AnalysisLevelNaming)' != '' or '$(AnalysisModeNaming)' != '')) was evaluated as ('' != 'true' and ('' != '' or '' != '')).
       Target "AddGlobalAnalyzerConfigForPackage_MicrosoftCodeAnalysisNetAnalyzersPerformance" skipped, due to false condition; ('$(SkipGlobalAnalyzerConfigForPackage)' != 'true' and ('$(AnalysisLevelPerformance)' != '' or '$(AnalysisModePerformance)' != '')) was evaluated as ('' != 'true' and ('' != '' or '' != '')).
       Target "AddGlobalAnalyzerConfigForPackage_MicrosoftCodeAnalysisNetAnalyzersReliability" skipped, due to false condition; ('$(SkipGlobalAnalyzerConfigForPackage)' != 'true' and ('$(AnalysisLevelReliability)' != '' or '$(AnalysisModeReliability)' != '')) was evaluated as ('' != 'true' and ('' != '' or '' != '')).
       Target "AddGlobalAnalyzerConfigForPackage_MicrosoftCodeAnalysisNetAnalyzersSecurity" skipped, due to false condition; ('$(SkipGlobalAnalyzerConfigForPackage)' != 'true' and ('$(AnalysisLevelSecurity)' != '' or '$(AnalysisModeSecurity)' != '')) was evaluated as ('' != 'true' and ('' != '' or '' != '')).
       Target "AddGlobalAnalyzerConfigForPackage_MicrosoftCodeAnalysisNetAnalyzersUsage" skipped, due to false condition; ('$(SkipGlobalAnalyzerConfigForPackage)' != 'true' and ('$(AnalysisLevelUsage)' != '' or '$(AnalysisModeUsage)' != '')) was evaluated as ('' != 'true' and ('' != '' or '' != '')).
       Target "_CodeAnalysisTreatWarningsAsErrors" skipped, due to false condition; ('$(DesignTimeBuild)' == 'true' OR '$(BuildingProject)' != 'true') was evaluated as ('' == 'true' OR 'true' != 'true').
   4:7>Target "_ReportUpgradeNetAnalyzersNuGetWarning" in file "C:\Program Files\dotnet\sdk\8.0.302\Sdks\Microsoft.NET.Sdk\analyzers\build\Microsoft.CodeAnalysis.NetAnalyzers.targets" from project "D:\Tito Pedraza\OneDrive\Proyectos\Codigo Fuente\repos\HumanCore\src\TalenHuman.Infrastructure\TalenHuman.Infrastructure.csproj" (target "CoreCompile" depends on it):
       Task "Warning" skipped, due to false condition; ('$(_NETAnalyzersNuGetAssemblyVersion)' != '' AND
                                '$(_NETAnalyzersSDKAssemblyVersion)' != '' AND
                                 $(_NETAnalyzersNuGetAssemblyVersion) < $(_NETAnalyzersSDKAssemblyVersion)) was evaluated as ('' != '' AND
                                '8.0.0' != '' AND
                                  < 8.0.0).
   4:7>Done building target "_ReportUpgradeNetAnalyzersNuGetWarning" in project "TalenHuman.Infrastructure.csproj".
   4:7>Target "CoreCompile" in file "C:\Program Files\dotnet\sdk\8.0.302\Roslyn\Microsoft.CSharp.Core.targets" from project "D:\Tito Pedraza\OneDrive\Proyectos\Codigo Fuente\repos\HumanCore\src\TalenHuman.Infrastructure\TalenHuman.Infrastructure.csproj" (target "Compile" depends on it):
       Skipping target "CoreCompile" because all output files are up-to-date with respect to the input files.
       Input files: 
           Class1.cs
           DependencyInjection.cs
           Identity\IdentityService.cs
           Middleware\TenantApiKeyMiddleware.cs
           Migrations\20260322014824_InitialCreate.cs
           Migrations\20260322014824_InitialCreate.Designer.cs
           Migrations\20260323131608_AddPhase2Entities.cs
           Migrations\20260323131608_AddPhase2Entities.Designer.cs
           Migrations\20260323215251_AddBirthDateToEmployee.cs
           Migrations\20260323215251_AddBirthDateToEmployee.Designer.cs
           Persistence\ApplicationDbContext.cs
           Persistence\DbInitializer.cs
           Persistence\Migrations\20260323234031_AddJornadasAndNovedades_v2.cs
           Persistence\Migrations\20260323234031_AddJornadasAndNovedades_v2.Designer.cs
           Persistence\Migrations\20260324005508_AddNovedadMultiEntity.cs
           Persistence\Migrations\20260324005508_AddNovedadMultiEntity.Designer.cs
           Persistence\Migrations\20260324012825_AddIdSolicitudToNovedad.cs
           Persistence\Migrations\20260324012825_AddIdSolicitudToNovedad.Designer.cs
           Persistence\Migrations\20260324025504_AddShiftFlags.cs
           Persistence\Migrations\20260324025504_AddShiftFlags.Designer.cs
           Persistence\Migrations\20260324203000_AddShiftObservation.cs
           Persistence\Migrations\20260324203000_AddShiftObservation.Designer.cs
           Persistence\Migrations\20260325021238_AddCitiesAndStoreExpansion.cs
           Persistence\Migrations\20260325021238_AddCitiesAndStoreExpansion.Designer.cs
           Persistence\Migrations\20260326010000_AddCompanyLocalization.cs
           Persistence\Migrations\20260327105004_AddRegionalSettingsToCompany.cs
           Persistence\Migrations\20260327105004_AddRegionalSettingsToCompany.Designer.cs
           Persistence\Migrations\20260327164541_AddSystemSettings.cs
           Persistence\Migrations\20260327164541_AddSystemSettings.Designer.cs
           Persistence\Migrations\20260328041523_AddIntegrationTables.cs
           Persistence\Migrations\20260328041523_AddIntegrationTables.Designer.cs
           Persistence\Migrations\20260328041855_AddSalesData.cs
           Persistence\Migrations\20260328041855_AddSalesData.Designer.cs
           Persistence\Migrations\20260329002723_AddSalaryAndBiometricId.cs
           Persistence\Migrations\20260329002723_AddSalaryAndBiometricId.Designer.cs
           Persistence\Migrations\20260329011036_AddBiometricRecords.cs
           Persistence\Migrations\20260329011036_AddBiometricRecords.Designer.cs
           Persistence\Migrations\20260329021510_AddDistricts.cs
           Persistence\Migrations\20260329021510_AddDistricts.Designer.cs
           Persistence\Migrations\20260329033228_AddNovedadAttachments.cs
           Persistence\Migrations\20260329033228_AddNovedadAttachments.Designer.cs
           Persistence\Migrations\20260329160350_AddNoveltyTemplateFlag.cs
           Persistence\Migrations\20260329160350_AddNoveltyTemplateFlag.Designer.cs
           Persistence\Migrations\20260329161645_AddEmployeeTerminationDate.cs
           Persistence\Migrations\20260329161645_AddEmployeeTerminationDate.Designer.cs
           Persistence\Migrations\20260329221042_AddEmployeeGender.cs
           Persistence\Migrations\20260329221042_AddEmployeeGender.Designer.cs
           Persistence\Migrations\20260329232412_ConsolidateIdentityAndStructure.cs
           Persistence\Migrations\20260329232412_ConsolidateIdentityAndStructure.Designer.cs
           Persistence\Migrations\20260330154509_AddSyncLogsTable_Final.cs
           Persistence\Migrations\20260330154509_AddSyncLogsTable_Final.Designer.cs
           Persistence\Migrations\20260330194706_AddAuditLogs.cs
           Persistence\Migrations\20260330194706_AddAuditLogs.Designer.cs
           Persistence\Migrations\20260331153447_AddModularFeatures.cs
           Persistence\Migrations\20260331153447_AddModularFeatures.Designer.cs
           Persistence\Migrations\20260331160249_AddTenantToPermissions.cs
           Persistence\Migrations\20260331160249_AddTenantToPermissions.Designer.cs
           Persistence\Migrations\20260331201523_AddSubModuleCode.cs
           Persistence\Migrations\20260331201523_AddSubModuleCode.Designer.cs
           Persistence\Migrations\20260331224910_AddBiometricAndFirebaseSupport.cs
           Persistence\Migrations\20260331224910_AddBiometricAndFirebaseSupport.Designer.cs
           Persistence\Migrations\20260401140336_AddLegalAndPerformanceIndices.cs
           Persistence\Migrations\20260401140336_AddLegalAndPerformanceIndices.Designer.cs
           Persistence\Migrations\20260401142809_AddCompanyPrivacyPolicy.cs
           Persistence\Migrations\20260401142809_AddCompanyPrivacyPolicy.Designer.cs
           Persistence\Migrations\20260402053628_AddPendingFidoOptions.cs
           Persistence\Migrations\20260402053628_AddPendingFidoOptions.Designer.cs
           Persistence\Migrations\ApplicationDbContextModelSnapshot.cs
           Services\AttendanceSchedulerService.cs
           Services\AuditService.cs
           Services\DigitalOceanSpacesService.cs
           Services\ImageProcessor.cs
           Services\ResendEmailService.cs
           Services\SystemSettingsService.cs
           Services\TenantProvider.cs
           Services\TenantTimeProvider.cs
           obj\Debug\net8.0\TalenHuman.Infrastructure.GlobalUsings.g.cs
           obj\Debug\net8.0\.NETCoreApp,Version=v8.0.AssemblyAttributes.cs
           obj\Debug\net8.0\TalenHuman.Infrastructure.AssemblyInfo.cs
           C:\Users\messa\.nuget\packages\awssdk.core\4.0.3.23\lib\net8.0\AWSSDK.Core.dll
           C:\Users\messa\.nuget\packages\awssdk.s3\4.0.19.3\lib\net8.0\AWSSDK.S3.dll
           C:\Users\messa\.nuget\packages\closedxml\0.105.0\lib\netstandard2.1\ClosedXML.dll
           C:\Users\messa\.nuget\packages\closedxml.parser\2.0.0\lib\netstandard2.1\ClosedXML.Parser.dll
           C:\Users\messa\.nuget\packages\documentformat.openxml\3.1.1\lib\net8.0\DocumentFormat.OpenXml.dll
           C:\Users\messa\.nuget\packages\documentformat.openxml.framework\3.1.1\lib\net8.0\DocumentFormat.OpenXml.Framework.dll
           C:\Users\messa\.nuget\packages\exceldatareader.dataset\3.8.0\lib\net8.0\ExcelDataReader.DataSet.dll
           C:\Users\messa\.nuget\packages\exceldatareader\3.8.0\lib\net8.0\ExcelDataReader.dll
           C:\Users\messa\.nuget\packages\excelnumberformat\1.1.0\lib\netstandard2.0\ExcelNumberFormat.dll
           C:\Users\messa\.nuget\packages\fido2\3.0.1\lib\net6.0\Fido2.dll
           C:\Users\messa\.nuget\packages\fido2.models\3.0.1\lib\net6.0\Fido2.Models.dll
           C:\Users\messa\.nuget\packages\firebaseadmin\3.5.0\lib\net6.0\FirebaseAdmin.dll
           C:\Users\messa\.nuget\packages\fluentvalidation.aspnetcore\11.3.1\lib\net6.0\FluentValidation.AspNetCore.dll
           C:\Users\messa\.nuget\packages\fluentvalidation.dependencyinjectionextensions\11.11.0\lib\netstandard2.1\FluentValidation.DependencyInjectionExtensions.dll
           C:\Users\messa\.nuget\packages\fluentvalidation\11.11.0\lib\net8.0\FluentValidation.dll
           C:\Users\messa\.nuget\packages\google.api.gax\4.13.1\lib\netstandard2.0\Google.Api.Gax.dll
           C:\Users\messa\.nuget\packages\google.api.gax.rest\4.13.1\lib\netstandard2.0\Google.Api.Gax.Rest.dll
           C:\Users\messa\.nuget\packages\google.apis.auth\1.73.0\lib\net6.0\Google.Apis.Auth.dll
           C:\Users\messa\.nuget\packages\google.apis.core\1.73.0\lib\net6.0\Google.Apis.Core.dll
           C:\Users\messa\.nuget\packages\google.apis\1.73.0\lib\net6.0\Google.Apis.dll
           C:\Users\messa\.nuget\packages\mediatr.contracts\2.0.1\lib\netstandard2.0\MediatR.Contracts.dll
           C:\Users\messa\.nuget\packages\mediatr\12.0.1\lib\net6.0\MediatR.dll
           C:\Program Files\dotnet\packs\Microsoft.AspNetCore.App.Ref\8.0.6\ref\net8.0\Microsoft.AspNetCore.Antiforgery.dll
           C:\Program Files\dotnet\packs\Microsoft.AspNetCore.App.Ref\8.0.6\ref\net8.0\Microsoft.AspNetCore.Authentication.Abstractions.dll
           C:\Program Files\dotnet\packs\Microsoft.AspNetCore.App.Ref\8.0.6\ref\net8.0\Microsoft.AspNetCore.Authentication.BearerToken.dll
           C:\Program Files\dotnet\packs\Microsoft.AspNetCore.App.Ref\8.0.6\ref\net8.0\Microsoft.AspNetCore.Authentication.Cookies.dll
           C:\Program Files\dotnet\packs\Microsoft.AspNetCore.App.Ref\8.0.6\ref\net8.0\Microsoft.AspNetCore.Authentication.Core.dll
           C:\Program Files\dotnet\packs\Microsoft.AspNetCore.App.Ref\8.0.6\ref\net8.0\Microsoft.AspNetCore.Authentication.dll
           C:\Program Files\dotnet\packs\Microsoft.AspNetCore.App.Ref\8.0.6\ref\net8.0\Microsoft.AspNetCore.Authentication.OAuth.dll
           C:\Program Files\dotnet\packs\Microsoft.AspNetCore.App.Ref\8.0.6\ref\net8.0\Microsoft.AspNetCore.Authorization.dll
           C:\Program Files\dotnet\packs\Microsoft.AspNetCore.App.Ref\8.0.6\ref\net8.0\Microsoft.AspNetCore.Authorization.Policy.dll
           C:\Program Files\dotnet\packs\Microsoft.AspNetCore.App.Ref\8.0.6\ref\net8.0\Microsoft.AspNetCore.Components.Authorization.dll
           C:\Program Files\dotnet\packs\Microsoft.AspNetCore.App.Ref\8.0.6\ref\net8.0\Microsoft.AspNetCore.Components.dll
           C:\Program Files\dotnet\packs\Microsoft.AspNetCore.App.Ref\8.0.6\ref\net8.0\Microsoft.AspNetCore.Components.Endpoints.dll
           C:\Program Files\dotnet\packs\Microsoft.AspNetCore.App.Ref\8.0.6\ref\net8.0\Microsoft.AspNetCore.Components.Forms.dll
           C:\Program Files\dotnet\packs\Microsoft.AspNetCore.App.Ref\8.0.6\ref\net8.0\Microsoft.AspNetCore.Components.Server.dll
           C:\Program Files\dotnet\packs\Microsoft.AspNetCore.App.Ref\8.0.6\ref\net8.0\Microsoft.AspNetCore.Components.Web.dll
           C:\Program Files\dotnet\packs\Microsoft.AspNetCore.App.Ref\8.0.6\ref\net8.0\Microsoft.AspNetCore.Connections.Abstractions.dll
           C:\Program Files\dotnet\packs\Microsoft.AspNetCore.App.Ref\8.0.6\ref\net8.0\Microsoft.AspNetCore.CookiePolicy.dll
           C:\Program Files\dotnet\packs\Microsoft.AspNetCore.App.Ref\8.0.6\ref\net8.0\Microsoft.AspNetCore.Cors.dll
           C:\Users\messa\.nuget\packages\microsoft.aspnetcore.cryptography.internal\8.0.11\lib\net8.0\Microsoft.AspNetCore.Cryptography.Internal.dll
           C:\Users\messa\.nuget\packages\microsoft.aspnetcore.cryptography.keyderivation\8.0.11\lib\net8.0\Microsoft.AspNetCore.Cryptography.KeyDerivation.dll
           C:\Program Files\dotnet\packs\Microsoft.AspNetCore.App.Ref\8.0.6\ref\net8.0\Microsoft.AspNetCore.DataProtection.Abstractions.dll
           C:\Program Files\dotnet\packs\Microsoft.AspNetCore.App.Ref\8.0.6\ref\net8.0\Microsoft.AspNetCore.DataProtection.dll
           C:\Program Files\dotnet\packs\Microsoft.AspNetCore.App.Ref\8.0.6\ref\net8.0\Microsoft.AspNetCore.DataProtection.Extensions.dll
           C:\Program Files\dotnet\packs\Microsoft.AspNetCore.App.Ref\8.0.6\ref\net8.0\Microsoft.AspNetCore.Diagnostics.Abstractions.dll
           C:\Program Files\dotnet\packs\Microsoft.AspNetCore.App.Ref\8.0.6\ref\net8.0\Microsoft.AspNetCore.Diagnostics.dll
           C:\Program Files\dotnet\packs\Microsoft.AspNetCore.App.Ref\8.0.6\ref\net8.0\Microsoft.AspNetCore.Diagnostics.HealthChecks.dll
           C:\Program Files\dotnet\packs\Microsoft.AspNetCore.App.Ref\8.0.6\ref\net8.0\Microsoft.AspNetCore.dll
           C:\Program Files\dotnet\packs\Microsoft.AspNetCore.App.Ref\8.0.6\ref\net8.0\Microsoft.AspNetCore.HostFiltering.dll
           C:\Program Files\dotnet\packs\Microsoft.AspNetCore.App.Ref\8.0.6\ref\net8.0\Microsoft.AspNetCore.Hosting.Abstractions.dll
           C:\Program Files\dotnet\packs\Microsoft.AspNetCore.App.Ref\8.0.6\ref\net8.0\Microsoft.AspNetCore.Hosting.dll
           C:\Program Files\dotnet\packs\Microsoft.AspNetCore.App.Ref\8.0.6\ref\net8.0\Microsoft.AspNetCore.Hosting.Server.Abstractions.dll
           C:\Program Files\dotnet\packs\Microsoft.AspNetCore.App.Ref\8.0.6\ref\net8.0\Microsoft.AspNetCore.Html.Abstractions.dll
           C:\Program Files\dotnet\packs\Microsoft.AspNetCore.App.Ref\8.0.6\ref\net8.0\Microsoft.AspNetCore.Http.Abstractions.dll
           C:\Program Files\dotnet\packs\Microsoft.AspNetCore.App.Ref\8.0.6\ref\net8.0\Microsoft.AspNetCore.Http.Connections.Common.dll
           C:\Program Files\dotnet\packs\Microsoft.AspNetCore.App.Ref\8.0.6\ref\net8.0\Microsoft.AspNetCore.Http.Connections.dll
           C:\Program Files\dotnet\packs\Microsoft.AspNetCore.App.Ref\8.0.6\ref\net8.0\Microsoft.AspNetCore.Http.dll
           C:\Program Files\dotnet\packs\Microsoft.AspNetCore.App.Ref\8.0.6\ref\net8.0\Microsoft.AspNetCore.Http.Extensions.dll
           C:\Program Files\dotnet\packs\Microsoft.AspNetCore.App.Ref\8.0.6\ref\net8.0\Microsoft.AspNetCore.Http.Features.dll
           C:\Program Files\dotnet\packs\Microsoft.AspNetCore.App.Ref\8.0.6\ref\net8.0\Microsoft.AspNetCore.Http.Results.dll
           C:\Program Files\dotnet\packs\Microsoft.AspNetCore.App.Ref\8.0.6\ref\net8.0\Microsoft.AspNetCore.HttpLogging.dll
           C:\Program Files\dotnet\packs\Microsoft.AspNetCore.App.Ref\8.0.6\ref\net8.0\Microsoft.AspNetCore.HttpOverrides.dll
           C:\Program Files\dotnet\packs\Microsoft.AspNetCore.App.Ref\8.0.6\ref\net8.0\Microsoft.AspNetCore.HttpsPolicy.dll
           C:\Program Files\dotnet\packs\Microsoft.AspNetCore.App.Ref\8.0.6\ref\net8.0\Microsoft.AspNetCore.Identity.dll
           C:\Users\messa\.nuget\packages\microsoft.aspnetcore.identity.entityframeworkcore\8.0.11\lib\net8.0\Microsoft.AspNetCore.Identity.EntityFrameworkCore.dll
           C:\Program Files\dotnet\packs\Microsoft.AspNetCore.App.Ref\8.0.6\ref\net8.0\Microsoft.AspNetCore.Localization.dll
           C:\Program Files\dotnet\packs\Microsoft.AspNetCore.App.Ref\8.0.6\ref\net8.0\Microsoft.AspNetCore.Localization.Routing.dll
           C:\Program Files\dotnet\packs\Microsoft.AspNetCore.App.Ref\8.0.6\ref\net8.0\Microsoft.AspNetCore.Metadata.dll
           C:\Program Files\dotnet\packs\Microsoft.AspNetCore.App.Ref\8.0.6\ref\net8.0\Microsoft.AspNetCore.Mvc.Abstractions.dll
           C:\Program Files\dotnet\packs\Microsoft.AspNetCore.App.Ref\8.0.6\ref\net8.0\Microsoft.AspNetCore.Mvc.ApiExplorer.dll
           C:\Program Files\dotnet\packs\Microsoft.AspNetCore.App.Ref\8.0.6\ref\net8.0\Microsoft.AspNetCore.Mvc.Core.dll
           C:\Program Files\dotnet\packs\Microsoft.AspNetCore.App.Ref\8.0.6\ref\net8.0\Microsoft.AspNetCore.Mvc.Cors.dll
           C:\Program Files\dotnet\packs\Microsoft.AspNetCore.App.Ref\8.0.6\ref\net8.0\Microsoft.AspNetCore.Mvc.DataAnnotations.dll
           C:\Program Files\dotnet\packs\Microsoft.AspNetCore.App.Ref\8.0.6\ref\net8.0\Microsoft.AspNetCore.Mvc.dll
           C:\Program Files\dotnet\packs\Microsoft.AspNetCore.App.Ref\8.0.6\ref\net8.0\Microsoft.AspNetCore.Mvc.Formatters.Json.dll
           C:\Program Files\dotnet\packs\Microsoft.AspNetCore.App.Ref\8.0.6\ref\net8.0\Microsoft.AspNetCore.Mvc.Formatters.Xml.dll
           C:\Program Files\dotnet\packs\Microsoft.AspNetCore.App.Ref\8.0.6\ref\net8.0\Microsoft.AspNetCore.Mvc.Localization.dll
           C:\Program Files\dotnet\packs\Microsoft.AspNetCore.App.Ref\8.0.6\ref\net8.0\Microsoft.AspNetCore.Mvc.Razor.dll
           C:\Program Files\dotnet\packs\Microsoft.AspNetCore.App.Ref\8.0.6\ref\net8.0\Microsoft.AspNetCore.Mvc.RazorPages.dll
           C:\Program Files\dotnet\packs\Microsoft.AspNetCore.App.Ref\8.0.6\ref\net8.0\Microsoft.AspNetCore.Mvc.TagHelpers.dll
           C:\Program Files\dotnet\packs\Microsoft.AspNetCore.App.Ref\8.0.6\ref\net8.0\Microsoft.AspNetCore.Mvc.ViewFeatures.dll
           C:\Program Files\dotnet\packs\Microsoft.AspNetCore.App.Ref\8.0.6\ref\net8.0\Microsoft.AspNetCore.OutputCaching.dll
           C:\Program Files\dotnet\packs\Microsoft.AspNetCore.App.Ref\8.0.6\ref\net8.0\Microsoft.AspNetCore.RateLimiting.dll
           C:\Program Files\dotnet\packs\Microsoft.AspNetCore.App.Ref\8.0.6\ref\net8.0\Microsoft.AspNetCore.Razor.dll
           C:\Program Files\dotnet\packs\Microsoft.AspNetCore.App.Ref\8.0.6\ref\net8.0\Microsoft.AspNetCore.Razor.Runtime.dll
           C:\Program Files\dotnet\packs\Microsoft.AspNetCore.App.Ref\8.0.6\ref\net8.0\Microsoft.AspNetCore.RequestDecompression.dll
           C:\Program Files\dotnet\packs\Microsoft.AspNetCore.App.Ref\8.0.6\ref\net8.0\Microsoft.AspNetCore.ResponseCaching.Abstractions.dll
           C:\Program Files\dotnet\packs\Microsoft.AspNetCore.App.Ref\8.0.6\ref\net8.0\Microsoft.AspNetCore.ResponseCaching.dll
           C:\Program Files\dotnet\packs\Microsoft.AspNetCore.App.Ref\8.0.6\ref\net8.0\Microsoft.AspNetCore.ResponseCompression.dll
           C:\Program Files\dotnet\packs\Microsoft.AspNetCore.App.Ref\8.0.6\ref\net8.0\Microsoft.AspNetCore.Rewrite.dll
           C:\Program Files\dotnet\packs\Microsoft.AspNetCore.App.Ref\8.0.6\ref\net8.0\Microsoft.AspNetCore.Routing.Abstractions.dll
           C:\Program Files\dotnet\packs\Microsoft.AspNetCore.App.Ref\8.0.6\ref\net8.0\Microsoft.AspNetCore.Routing.dll
           C:\Program Files\dotnet\packs\Microsoft.AspNetCore.App.Ref\8.0.6\ref\net8.0\Microsoft.AspNetCore.Server.HttpSys.dll
           C:\Program Files\dotnet\packs\Microsoft.AspNetCore.App.Ref\8.0.6\ref\net8.0\Microsoft.AspNetCore.Server.IIS.dll
           C:\Program Files\dotnet\packs\Microsoft.AspNetCore.App.Ref\8.0.6\ref\net8.0\Microsoft.AspNetCore.Server.IISIntegration.dll
           C:\Program Files\dotnet\packs\Microsoft.AspNetCore.App.Ref\8.0.6\ref\net8.0\Microsoft.AspNetCore.Server.Kestrel.Core.dll
           C:\Program Files\dotnet\packs\Microsoft.AspNetCore.App.Ref\8.0.6\ref\net8.0\Microsoft.AspNetCore.Server.Kestrel.dll
           C:\Program Files\dotnet\packs\Microsoft.AspNetCore.App.Ref\8.0.6\ref\net8.0\Microsoft.AspNetCore.Server.Kestrel.Transport.NamedPipes.dll
           C:\Program Files\dotnet\packs\Microsoft.AspNetCore.App.Ref\8.0.6\ref\net8.0\Microsoft.AspNetCore.Server.Kestrel.Transport.Quic.dll
           C:\Program Files\dotnet\packs\Microsoft.AspNetCore.App.Ref\8.0.6\ref\net8.0\Microsoft.AspNetCore.Server.Kestrel.Transport.Sockets.dll
           C:\Program Files\dotnet\packs\Microsoft.AspNetCore.App.Ref\8.0.6\ref\net8.0\Microsoft.AspNetCore.Session.dll
           C:\Program Files\dotnet\packs\Microsoft.AspNetCore.App.Ref\8.0.6\ref\net8.0\Microsoft.AspNetCore.SignalR.Common.dll
           C:\Program Files\dotnet\packs\Microsoft.AspNetCore.App.Ref\8.0.6\ref\net8.0\Microsoft.AspNetCore.SignalR.Core.dll
           C:\Program Files\dotnet\packs\Microsoft.AspNetCore.App.Ref\8.0.6\ref\net8.0\Microsoft.AspNetCore.SignalR.dll
           C:\Program Files\dotnet\packs\Microsoft.AspNetCore.App.Ref\8.0.6\ref\net8.0\Microsoft.AspNetCore.SignalR.Protocols.Json.dll
           C:\Program Files\dotnet\packs\Microsoft.AspNetCore.App.Ref\8.0.6\ref\net8.0\Microsoft.AspNetCore.StaticFiles.dll
           C:\Program Files\dotnet\packs\Microsoft.AspNetCore.App.Ref\8.0.6\ref\net8.0\Microsoft.AspNetCore.WebSockets.dll
           C:\Program Files\dotnet\packs\Microsoft.AspNetCore.App.Ref\8.0.6\ref\net8.0\Microsoft.AspNetCore.WebUtilities.dll
           C:\Users\messa\.nuget\packages\microsoft.bcl.asyncinterfaces\6.0.0\lib\netstandard2.1\Microsoft.Bcl.AsyncInterfaces.dll
           C:\Program Files\dotnet\packs\Microsoft.NETCore.App.Ref\8.0.6\ref\net8.0\Microsoft.CSharp.dll
           C:\Users\messa\.nuget\packages\microsoft.entityframeworkcore.abstractions\8.0.11\lib\net8.0\Microsoft.EntityFrameworkCore.Abstractions.dll
           C:\Users\messa\.nuget\packages\microsoft.entityframeworkcore\8.0.11\lib\net8.0\Microsoft.EntityFrameworkCore.dll
           C:\Users\messa\.nuget\packages\microsoft.entityframeworkcore.relational\8.0.11\lib\net8.0\Microsoft.EntityFrameworkCore.Relational.dll
           C:\Program Files\dotnet\packs\Microsoft.AspNetCore.App.Ref\8.0.6\ref\net8.0\Microsoft.Extensions.Caching.Abstractions.dll
           C:\Users\messa\.nuget\packages\microsoft.extensions.caching.memory\8.0.1\lib\net8.0\Microsoft.Extensions.Caching.Memory.dll
           C:\Program Files\dotnet\packs\Microsoft.AspNetCore.App.Ref\8.0.6\ref\net8.0\Microsoft.Extensions.Configuration.Abstractions.dll
           C:\Program Files\dotnet\packs\Microsoft.AspNetCore.App.Ref\8.0.6\ref\net8.0\Microsoft.Extensions.Configuration.Binder.dll
           C:\Program Files\dotnet\packs\Microsoft.AspNetCore.App.Ref\8.0.6\ref\net8.0\Microsoft.Extensions.Configuration.CommandLine.dll
           C:\Program Files\dotnet\packs\Microsoft.AspNetCore.App.Ref\8.0.6\ref\net8.0\Microsoft.Extensions.Configuration.dll
           C:\Program Files\dotnet\packs\Microsoft.AspNetCore.App.Ref\8.0.6\ref\net8.0\Microsoft.Extensions.Configuration.EnvironmentVariables.dll
           C:\Program Files\dotnet\packs\Microsoft.AspNetCore.App.Ref\8.0.6\ref\net8.0\Microsoft.Extensions.Configuration.FileExtensions.dll
           C:\Program Files\dotnet\packs\Microsoft.AspNetCore.App.Ref\8.0.6\ref\net8.0\Microsoft.Extensions.Configuration.Ini.dll
           C:\Program Files\dotnet\packs\Microsoft.AspNetCore.App.Ref\8.0.6\ref\net8.0\Microsoft.Extensions.Configuration.Json.dll
           C:\Program Files\dotnet\packs\Microsoft.AspNetCore.App.Ref\8.0.6\ref\net8.0\Microsoft.Extensions.Configuration.KeyPerFile.dll
           C:\Program Files\dotnet\packs\Microsoft.AspNetCore.App.Ref\8.0.6\ref\net8.0\Microsoft.Extensions.Configuration.UserSecrets.dll
           C:\Program Files\dotnet\packs\Microsoft.AspNetCore.App.Ref\8.0.6\ref\net8.0\Microsoft.Extensions.Configuration.Xml.dll
           C:\Program Files\dotnet\packs\Microsoft.AspNetCore.App.Ref\8.0.6\ref\net8.0\Microsoft.Extensions.DependencyInjection.Abstractions.dll
           C:\Users\messa\.nuget\packages\microsoft.extensions.dependencyinjection\8.0.1\lib\net8.0\Microsoft.Extensions.DependencyInjection.dll
           C:\Program Files\dotnet\packs\Microsoft.AspNetCore.App.Ref\8.0.6\ref\net8.0\Microsoft.Extensions.Diagnostics.Abstractions.dll
           C:\Program Files\dotnet\packs\Microsoft.AspNetCore.App.Ref\8.0.6\ref\net8.0\Microsoft.Extensions.Diagnostics.dll
           C:\Program Files\dotnet\packs\Microsoft.AspNetCore.App.Ref\8.0.6\ref\net8.0\Microsoft.Extensions.Diagnostics.HealthChecks.Abstractions.dll
           C:\Program Files\dotnet\packs\Microsoft.AspNetCore.App.Ref\8.0.6\ref\net8.0\Microsoft.Extensions.Diagnostics.HealthChecks.dll
           C:\Program Files\dotnet\packs\Microsoft.AspNetCore.App.Ref\8.0.6\ref\net8.0\Microsoft.Extensions.Features.dll
           C:\Program Files\dotnet\packs\Microsoft.AspNetCore.App.Ref\8.0.6\ref\net8.0\Microsoft.Extensions.FileProviders.Abstractions.dll
           C:\Program Files\dotnet\packs\Microsoft.AspNetCore.App.Ref\8.0.6\ref\net8.0\Microsoft.Extensions.FileProviders.Composite.dll
           C:\Program Files\dotnet\packs\Microsoft.AspNetCore.App.Ref\8.0.6\ref\net8.0\Microsoft.Extensions.FileProviders.Embedded.dll
           C:\Program Files\dotnet\packs\Microsoft.AspNetCore.App.Ref\8.0.6\ref\net8.0\Microsoft.Extensions.FileProviders.Physical.dll
           C:\Program Files\dotnet\packs\Microsoft.AspNetCore.App.Ref\8.0.6\ref\net8.0\Microsoft.Extensions.FileSystemGlobbing.dll
           C:\Program Files\dotnet\packs\Microsoft.AspNetCore.App.Ref\8.0.6\ref\net8.0\Microsoft.Extensions.Hosting.Abstractions.dll
           C:\Program Files\dotnet\packs\Microsoft.AspNetCore.App.Ref\8.0.6\ref\net8.0\Microsoft.Extensions.Hosting.dll
           C:\Program Files\dotnet\packs\Microsoft.AspNetCore.App.Ref\8.0.6\ref\net8.0\Microsoft.Extensions.Http.dll
           C:\Users\messa\.nuget\packages\microsoft.extensions.identity.core\8.0.11\lib\net8.0\Microsoft.Extensions.Identity.Core.dll
           C:\Users\messa\.nuget\packages\microsoft.extensions.identity.stores\8.0.11\lib\net8.0\Microsoft.Extensions.Identity.Stores.dll
           C:\Program Files\dotnet\packs\Microsoft.AspNetCore.App.Ref\8.0.6\ref\net8.0\Microsoft.Extensions.Localization.Abstractions.dll
           C:\Program Files\dotnet\packs\Microsoft.AspNetCore.App.Ref\8.0.6\ref\net8.0\Microsoft.Extensions.Localization.dll
           C:\Users\messa\.nuget\packages\microsoft.extensions.logging.abstractions\8.0.2\lib\net8.0\Microsoft.Extensions.Logging.Abstractions.dll
           C:\Program Files\dotnet\packs\Microsoft.AspNetCore.App.Ref\8.0.6\ref\net8.0\Microsoft.Extensions.Logging.Configuration.dll
           C:\Program Files\dotnet\packs\Microsoft.AspNetCore.App.Ref\8.0.6\ref\net8.0\Microsoft.Extensions.Logging.Console.dll
           C:\Program Files\dotnet\packs\Microsoft.AspNetCore.App.Ref\8.0.6\ref\net8.0\Microsoft.Extensions.Logging.Debug.dll
           C:\Users\messa\.nuget\packages\microsoft.extensions.logging\8.0.1\lib\net8.0\Microsoft.Extensions.Logging.dll
           C:\Program Files\dotnet\packs\Microsoft.AspNetCore.App.Ref\8.0.6\ref\net8.0\Microsoft.Extensions.Logging.EventLog.dll
           C:\Program Files\dotnet\packs\Microsoft.AspNetCore.App.Ref\8.0.6\ref\net8.0\Microsoft.Extensions.Logging.EventSource.dll
           C:\Program Files\dotnet\packs\Microsoft.AspNetCore.App.Ref\8.0.6\ref\net8.0\Microsoft.Extensions.Logging.TraceSource.dll
           C:\Program Files\dotnet\packs\Microsoft.AspNetCore.App.Ref\8.0.6\ref\net8.0\Microsoft.Extensions.ObjectPool.dll
           C:\Program Files\dotnet\packs\Microsoft.AspNetCore.App.Ref\8.0.6\ref\net8.0\Microsoft.Extensions.Options.ConfigurationExtensions.dll
           C:\Program Files\dotnet\packs\Microsoft.AspNetCore.App.Ref\8.0.6\ref\net8.0\Microsoft.Extensions.Options.DataAnnotations.dll
           C:\Program Files\dotnet\packs\Microsoft.AspNetCore.App.Ref\8.0.6\ref\net8.0\Microsoft.Extensions.Options.dll
           C:\Program Files\dotnet\packs\Microsoft.AspNetCore.App.Ref\8.0.6\ref\net8.0\Microsoft.Extensions.Primitives.dll
           C:\Program Files\dotnet\packs\Microsoft.AspNetCore.App.Ref\8.0.6\ref\net8.0\Microsoft.Extensions.WebEncoders.dll
           C:\Users\messa\.nuget\packages\microsoft.identitymodel.jsonwebtokens\6.17.0\lib\netstandard2.0\Microsoft.IdentityModel.JsonWebTokens.dll
           C:\Users\messa\.nuget\packages\microsoft.identitymodel.logging\6.17.0\lib\netstandard2.0\Microsoft.IdentityModel.Logging.dll
           C:\Users\messa\.nuget\packages\microsoft.identitymodel.tokens\6.17.0\lib\netstandard2.0\Microsoft.IdentityModel.Tokens.dll
           C:\Program Files\dotnet\packs\Microsoft.AspNetCore.App.Ref\8.0.6\ref\net8.0\Microsoft.JSInterop.dll
           C:\Program Files\dotnet\packs\Microsoft.AspNetCore.App.Ref\8.0.6\ref\net8.0\Microsoft.Net.Http.Headers.dll
           C:\Program Files\dotnet\packs\Microsoft.NETCore.App.Ref\8.0.6\ref\net8.0\Microsoft.VisualBasic.Core.dll
           C:\Program Files\dotnet\packs\Microsoft.NETCore.App.Ref\8.0.6\ref\net8.0\Microsoft.VisualBasic.dll
           C:\Program Files\dotnet\packs\Microsoft.NETCore.App.Ref\8.0.6\ref\net8.0\Microsoft.Win32.Primitives.dll
           C:\Program Files\dotnet\packs\Microsoft.NETCore.App.Ref\8.0.6\ref\net8.0\Microsoft.Win32.Registry.dll
           C:\Program Files\dotnet\packs\Microsoft.NETCore.App.Ref\8.0.6\ref\net8.0\mscorlib.dll
           C:\Program Files\dotnet\packs\Microsoft.NETCore.App.Ref\8.0.6\ref\net8.0\netstandard.dll
           C:\Users\messa\.nuget\packages\newtonsoft.json\13.0.4\lib\net6.0\Newtonsoft.Json.dll
           C:\Users\messa\.nuget\packages\npgsql\8.0.6\lib\net8.0\Npgsql.dll
           C:\Users\messa\.nuget\packages\npgsql.entityframeworkcore.postgresql\8.0.11\lib\net8.0\Npgsql.EntityFrameworkCore.PostgreSQL.dll
           C:\Users\messa\.nuget\packages\nsec.cryptography\22.4.0\lib\net5.0\NSec.Cryptography.dll
           C:\Users\messa\.nuget\packages\questpdf\2024.12.1\lib\net8.0\QuestPDF.dll
           C:\Users\messa\.nuget\packages\rbush.signed\4.0.0\lib\net8.0\RBush.dll
           C:\Users\messa\.nuget\packages\sixlabors.fonts\1.0.0\lib\netcoreapp3.1\SixLabors.Fonts.dll
           C:\Users\messa\.nuget\packages\sixlabors.imagesharp\3.1.2\lib\net6.0\SixLabors.ImageSharp.dll
           C:\Program Files\dotnet\packs\Microsoft.NETCore.App.Ref\8.0.6\ref\net8.0\System.AppContext.dll
           C:\Program Files\dotnet\packs\Microsoft.NETCore.App.Ref\8.0.6\ref\net8.0\System.Buffers.dll
           C:\Users\messa\.nuget\packages\system.codedom\7.0.0\lib\net7.0\System.CodeDom.dll
           C:\Program Files\dotnet\packs\Microsoft.NETCore.App.Ref\8.0.6\ref\net8.0\System.Collections.Concurrent.dll
           C:\Program Files\dotnet\packs\Microsoft.NETCore.App.Ref\8.0.6\ref\net8.0\System.Collections.dll
           C:\Program Files\dotnet\packs\Microsoft.NETCore.App.Ref\8.0.6\ref\net8.0\System.Collections.Immutable.dll
           C:\Program Files\dotnet\packs\Microsoft.NETCore.App.Ref\8.0.6\ref\net8.0\System.Collections.NonGeneric.dll
           C:\Program Files\dotnet\packs\Microsoft.NETCore.App.Ref\8.0.6\ref\net8.0\System.Collections.Specialized.dll
           C:\Program Files\dotnet\packs\Microsoft.NETCore.App.Ref\8.0.6\ref\net8.0\System.ComponentModel.Annotations.dll
           C:\Program Files\dotnet\packs\Microsoft.NETCore.App.Ref\8.0.6\ref\net8.0\System.ComponentModel.DataAnnotations.dll
           C:\Program Files\dotnet\packs\Microsoft.NETCore.App.Ref\8.0.6\ref\net8.0\System.ComponentModel.dll
           C:\Program Files\dotnet\packs\Microsoft.NETCore.App.Ref\8.0.6\ref\net8.0\System.ComponentModel.EventBasedAsync.dll
           C:\Program Files\dotnet\packs\Microsoft.NETCore.App.Ref\8.0.6\ref\net8.0\System.ComponentModel.Primitives.dll
           C:\Program Files\dotnet\packs\Microsoft.NETCore.App.Ref\8.0.6\ref\net8.0\System.ComponentModel.TypeConverter.dll
           C:\Program Files\dotnet\packs\Microsoft.NETCore.App.Ref\8.0.6\ref\net8.0\System.Configuration.dll
           C:\Program Files\dotnet\packs\Microsoft.NETCore.App.Ref\8.0.6\ref\net8.0\System.Console.dll
           C:\Program Files\dotnet\packs\Microsoft.NETCore.App.Ref\8.0.6\ref\net8.0\System.Core.dll
           C:\Program Files\dotnet\packs\Microsoft.NETCore.App.Ref\8.0.6\ref\net8.0\System.Data.Common.dll
           C:\Program Files\dotnet\packs\Microsoft.NETCore.App.Ref\8.0.6\ref\net8.0\System.Data.DataSetExtensions.dll
           C:\Program Files\dotnet\packs\Microsoft.NETCore.App.Ref\8.0.6\ref\net8.0\System.Data.dll
           C:\Program Files\dotnet\packs\Microsoft.NETCore.App.Ref\8.0.6\ref\net8.0\System.Diagnostics.Contracts.dll
           C:\Program Files\dotnet\packs\Microsoft.NETCore.App.Ref\8.0.6\ref\net8.0\System.Diagnostics.Debug.dll
           C:\Program Files\dotnet\packs\Microsoft.NETCore.App.Ref\8.0.6\ref\net8.0\System.Diagnostics.DiagnosticSource.dll
           C:\Program Files\dotnet\packs\Microsoft.AspNetCore.App.Ref\8.0.6\ref\net8.0\System.Diagnostics.EventLog.dll
           C:\Program Files\dotnet\packs\Microsoft.NETCore.App.Ref\8.0.6\ref\net8.0\System.Diagnostics.FileVersionInfo.dll
           C:\Program Files\dotnet\packs\Microsoft.NETCore.App.Ref\8.0.6\ref\net8.0\System.Diagnostics.Process.dll
           C:\Program Files\dotnet\packs\Microsoft.NETCore.App.Ref\8.0.6\ref\net8.0\System.Diagnostics.StackTrace.dll
           C:\Program Files\dotnet\packs\Microsoft.NETCore.App.Ref\8.0.6\ref\net8.0\System.Diagnostics.TextWriterTraceListener.dll
           C:\Program Files\dotnet\packs\Microsoft.NETCore.App.Ref\8.0.6\ref\net8.0\System.Diagnostics.Tools.dll
           C:\Program Files\dotnet\packs\Microsoft.NETCore.App.Ref\8.0.6\ref\net8.0\System.Diagnostics.TraceSource.dll
           C:\Program Files\dotnet\packs\Microsoft.NETCore.App.Ref\8.0.6\ref\net8.0\System.Diagnostics.Tracing.dll
           C:\Program Files\dotnet\packs\Microsoft.NETCore.App.Ref\8.0.6\ref\net8.0\System.dll
           C:\Program Files\dotnet\packs\Microsoft.NETCore.App.Ref\8.0.6\ref\net8.0\System.Drawing.dll
           C:\Program Files\dotnet\packs\Microsoft.NETCore.App.Ref\8.0.6\ref\net8.0\System.Drawing.Primitives.dll
           C:\Program Files\dotnet\packs\Microsoft.NETCore.App.Ref\8.0.6\ref\net8.0\System.Dynamic.Runtime.dll
           C:\Program Files\dotnet\packs\Microsoft.NETCore.App.Ref\8.0.6\ref\net8.0\System.Formats.Asn1.dll
           C:\Users\messa\.nuget\packages\system.formats.cbor\6.0.0\lib\net6.0\System.Formats.Cbor.dll
           C:\Program Files\dotnet\packs\Microsoft.NETCore.App.Ref\8.0.6\ref\net8.0\System.Formats.Tar.dll
           C:\Program Files\dotnet\packs\Microsoft.NETCore.App.Ref\8.0.6\ref\net8.0\System.Globalization.Calendars.dll
           C:\Program Files\dotnet\packs\Microsoft.NETCore.App.Ref\8.0.6\ref\net8.0\System.Globalization.dll
           C:\Program Files\dotnet\packs\Microsoft.NETCore.App.Ref\8.0.6\ref\net8.0\System.Globalization.Extensions.dll
           C:\Users\messa\.nuget\packages\system.identitymodel.tokens.jwt\6.17.0\lib\netstandard2.0\System.IdentityModel.Tokens.Jwt.dll
           C:\Program Files\dotnet\packs\Microsoft.NETCore.App.Ref\8.0.6\ref\net8.0\System.IO.Compression.Brotli.dll
           C:\Program Files\dotnet\packs\Microsoft.NETCore.App.Ref\8.0.6\ref\net8.0\System.IO.Compression.dll
           C:\Program Files\dotnet\packs\Microsoft.NETCore.App.Ref\8.0.6\ref\net8.0\System.IO.Compression.FileSystem.dll
           C:\Program Files\dotnet\packs\Microsoft.NETCore.App.Ref\8.0.6\ref\net8.0\System.IO.Compression.ZipFile.dll
           C:\Program Files\dotnet\packs\Microsoft.NETCore.App.Ref\8.0.6\ref\net8.0\System.IO.dll
           C:\Program Files\dotnet\packs\Microsoft.NETCore.App.Ref\8.0.6\ref\net8.0\System.IO.FileSystem.AccessControl.dll
           C:\Program Files\dotnet\packs\Microsoft.NETCore.App.Ref\8.0.6\ref\net8.0\System.IO.FileSystem.dll
           C:\Program Files\dotnet\packs\Microsoft.NETCore.App.Ref\8.0.6\ref\net8.0\System.IO.FileSystem.DriveInfo.dll
           C:\Program Files\dotnet\packs\Microsoft.NETCore.App.Ref\8.0.6\ref\net8.0\System.IO.FileSystem.Primitives.dll
           C:\Program Files\dotnet\packs\Microsoft.NETCore.App.Ref\8.0.6\ref\net8.0\System.IO.FileSystem.Watcher.dll
           C:\Program Files\dotnet\packs\Microsoft.NETCore.App.Ref\8.0.6\ref\net8.0\System.IO.IsolatedStorage.dll
           C:\Program Files\dotnet\packs\Microsoft.NETCore.App.Ref\8.0.6\ref\net8.0\System.IO.MemoryMappedFiles.dll
           C:\Users\messa\.nuget\packages\system.io.packaging\8.0.1\lib\net8.0\System.IO.Packaging.dll
           C:\Program Files\dotnet\packs\Microsoft.AspNetCore.App.Ref\8.0.6\ref\net8.0\System.IO.Pipelines.dll
           C:\Program Files\dotnet\packs\Microsoft.NETCore.App.Ref\8.0.6\ref\net8.0\System.IO.Pipes.AccessControl.dll
           C:\Program Files\dotnet\packs\Microsoft.NETCore.App.Ref\8.0.6\ref\net8.0\System.IO.Pipes.dll
           C:\Program Files\dotnet\packs\Microsoft.NETCore.App.Ref\8.0.6\ref\net8.0\System.IO.UnmanagedMemoryStream.dll
           C:\Program Files\dotnet\packs\Microsoft.NETCore.App.Ref\8.0.6\ref\net8.0\System.Linq.dll
           C:\Program Files\dotnet\packs\Microsoft.NETCore.App.Ref\8.0.6\ref\net8.0\System.Linq.Expressions.dll
           C:\Program Files\dotnet\packs\Microsoft.NETCore.App.Ref\8.0.6\ref\net8.0\System.Linq.Parallel.dll
           C:\Program Files\dotnet\packs\Microsoft.NETCore.App.Ref\8.0.6\ref\net8.0\System.Linq.Queryable.dll
           C:\Users\messa\.nuget\packages\system.management\7.0.2\lib\net7.0\System.Management.dll
           C:\Program Files\dotnet\packs\Microsoft.NETCore.App.Ref\8.0.6\ref\net8.0\System.Memory.dll
           C:\Program Files\dotnet\packs\Microsoft.NETCore.App.Ref\8.0.6\ref\net8.0\System.Net.dll
           C:\Program Files\dotnet\packs\Microsoft.NETCore.App.Ref\8.0.6\ref\net8.0\System.Net.Http.dll
           C:\Program Files\dotnet\packs\Microsoft.NETCore.App.Ref\8.0.6\ref\net8.0\System.Net.Http.Json.dll
           C:\Program Files\dotnet\packs\Microsoft.NETCore.App.Ref\8.0.6\ref\net8.0\System.Net.HttpListener.dll
           C:\Program Files\dotnet\packs\Microsoft.NETCore.App.Ref\8.0.6\ref\net8.0\System.Net.Mail.dll
           C:\Program Files\dotnet\packs\Microsoft.NETCore.App.Ref\8.0.6\ref\net8.0\System.Net.NameResolution.dll
           C:\Program Files\dotnet\packs\Microsoft.NETCore.App.Ref\8.0.6\ref\net8.0\System.Net.NetworkInformation.dll
           C:\Program Files\dotnet\packs\Microsoft.NETCore.App.Ref\8.0.6\ref\net8.0\System.Net.Ping.dll
           C:\Program Files\dotnet\packs\Microsoft.NETCore.App.Ref\8.0.6\ref\net8.0\System.Net.Primitives.dll
           C:\Program Files\dotnet\packs\Microsoft.NETCore.App.Ref\8.0.6\ref\net8.0\System.Net.Quic.dll
           C:\Program Files\dotnet\packs\Microsoft.NETCore.App.Ref\8.0.6\ref\net8.0\System.Net.Requests.dll
           C:\Program Files\dotnet\packs\Microsoft.NETCore.App.Ref\8.0.6\ref\net8.0\System.Net.Security.dll
           C:\Program Files\dotnet\packs\Microsoft.NETCore.App.Ref\8.0.6\ref\net8.0\System.Net.ServicePoint.dll
           C:\Program Files\dotnet\packs\Microsoft.NETCore.App.Ref\8.0.6\ref\net8.0\System.Net.Sockets.dll
           C:\Program Files\dotnet\packs\Microsoft.NETCore.App.Ref\8.0.6\ref\net8.0\System.Net.WebClient.dll
           C:\Program Files\dotnet\packs\Microsoft.NETCore.App.Ref\8.0.6\ref\net8.0\System.Net.WebHeaderCollection.dll
           C:\Program Files\dotnet\packs\Microsoft.NETCore.App.Ref\8.0.6\ref\net8.0\System.Net.WebProxy.dll
           C:\Program Files\dotnet\packs\Microsoft.NETCore.App.Ref\8.0.6\ref\net8.0\System.Net.WebSockets.Client.dll
           C:\Program Files\dotnet\packs\Microsoft.NETCore.App.Ref\8.0.6\ref\net8.0\System.Net.WebSockets.dll
           C:\Program Files\dotnet\packs\Microsoft.NETCore.App.Ref\8.0.6\ref\net8.0\System.Numerics.dll
           C:\Program Files\dotnet\packs\Microsoft.NETCore.App.Ref\8.0.6\ref\net8.0\System.Numerics.Vectors.dll
           C:\Program Files\dotnet\packs\Microsoft.NETCore.App.Ref\8.0.6\ref\net8.0\System.ObjectModel.dll
           C:\Program Files\dotnet\packs\Microsoft.NETCore.App.Ref\8.0.6\ref\net8.0\System.Reflection.DispatchProxy.dll
           C:\Program Files\dotnet\packs\Microsoft.NETCore.App.Ref\8.0.6\ref\net8.0\System.Reflection.dll
           C:\Program Files\dotnet\packs\Microsoft.NETCore.App.Ref\8.0.6\ref\net8.0\System.Reflection.Emit.dll
           C:\Program Files\dotnet\packs\Microsoft.NETCore.App.Ref\8.0.6\ref\net8.0\System.Reflection.Emit.ILGeneration.dll
           C:\Program Files\dotnet\packs\Microsoft.NETCore.App.Ref\8.0.6\ref\net8.0\System.Reflection.Emit.Lightweight.dll
           C:\Program Files\dotnet\packs\Microsoft.NETCore.App.Ref\8.0.6\ref\net8.0\System.Reflection.Extensions.dll
           C:\Program Files\dotnet\packs\Microsoft.NETCore.App.Ref\8.0.6\ref\net8.0\System.Reflection.Metadata.dll
           C:\Program Files\dotnet\packs\Microsoft.NETCore.App.Ref\8.0.6\ref\net8.0\System.Reflection.Primitives.dll
           C:\Program Files\dotnet\packs\Microsoft.NETCore.App.Ref\8.0.6\ref\net8.0\System.Reflection.TypeExtensions.dll
           C:\Program Files\dotnet\packs\Microsoft.NETCore.App.Ref\8.0.6\ref\net8.0\System.Resources.Reader.dll
           C:\Program Files\dotnet\packs\Microsoft.NETCore.App.Ref\8.0.6\ref\net8.0\System.Resources.ResourceManager.dll
           C:\Program Files\dotnet\packs\Microsoft.NETCore.App.Ref\8.0.6\ref\net8.0\System.Resources.Writer.dll
           C:\Program Files\dotnet\packs\Microsoft.NETCore.App.Ref\8.0.6\ref\net8.0\System.Runtime.CompilerServices.Unsafe.dll
           C:\Program Files\dotnet\packs\Microsoft.NETCore.App.Ref\8.0.6\ref\net8.0\System.Runtime.CompilerServices.VisualC.dll
           C:\Program Files\dotnet\packs\Microsoft.NETCore.App.Ref\8.0.6\ref\net8.0\System.Runtime.dll
           C:\Program Files\dotnet\packs\Microsoft.NETCore.App.Ref\8.0.6\ref\net8.0\System.Runtime.Extensions.dll
           C:\Program Files\dotnet\packs\Microsoft.NETCore.App.Ref\8.0.6\ref\net8.0\System.Runtime.Handles.dll
           C:\Program Files\dotnet\packs\Microsoft.NETCore.App.Ref\8.0.6\ref\net8.0\System.Runtime.InteropServices.dll
           C:\Program Files\dotnet\packs\Microsoft.NETCore.App.Ref\8.0.6\ref\net8.0\System.Runtime.InteropServices.JavaScript.dll
           C:\Program Files\dotnet\packs\Microsoft.NETCore.App.Ref\8.0.6\ref\net8.0\System.Runtime.InteropServices.RuntimeInformation.dll
           C:\Program Files\dotnet\packs\Microsoft.NETCore.App.Ref\8.0.6\ref\net8.0\System.Runtime.Intrinsics.dll
           C:\Program Files\dotnet\packs\Microsoft.NETCore.App.Ref\8.0.6\ref\net8.0\System.Runtime.Loader.dll
           C:\Program Files\dotnet\packs\Microsoft.NETCore.App.Ref\8.0.6\ref\net8.0\System.Runtime.Numerics.dll
           C:\Program Files\dotnet\packs\Microsoft.NETCore.App.Ref\8.0.6\ref\net8.0\System.Runtime.Serialization.dll
           C:\Program Files\dotnet\packs\Microsoft.NETCore.App.Ref\8.0.6\ref\net8.0\System.Runtime.Serialization.Formatters.dll
           C:\Program Files\dotnet\packs\Microsoft.NETCore.App.Ref\8.0.6\ref\net8.0\System.Runtime.Serialization.Json.dll
           C:\Program Files\dotnet\packs\Microsoft.NETCore.App.Ref\8.0.6\ref\net8.0\System.Runtime.Serialization.Primitives.dll
           C:\Program Files\dotnet\packs\Microsoft.NETCore.App.Ref\8.0.6\ref\net8.0\System.Runtime.Serialization.Xml.dll
           C:\Program Files\dotnet\packs\Microsoft.NETCore.App.Ref\8.0.6\ref\net8.0\System.Security.AccessControl.dll
           C:\Program Files\dotnet\packs\Microsoft.NETCore.App.Ref\8.0.6\ref\net8.0\System.Security.Claims.dll
           C:\Program Files\dotnet\packs\Microsoft.NETCore.App.Ref\8.0.6\ref\net8.0\System.Security.Cryptography.Algorithms.dll
           C:\Program Files\dotnet\packs\Microsoft.NETCore.App.Ref\8.0.6\ref\net8.0\System.Security.Cryptography.Cng.dll
           C:\Program Files\dotnet\packs\Microsoft.NETCore.App.Ref\8.0.6\ref\net8.0\System.Security.Cryptography.Csp.dll
           C:\Program Files\dotnet\packs\Microsoft.NETCore.App.Ref\8.0.6\ref\net8.0\System.Security.Cryptography.dll
           C:\Program Files\dotnet\packs\Microsoft.NETCore.App.Ref\8.0.6\ref\net8.0\System.Security.Cryptography.Encoding.dll
           C:\Program Files\dotnet\packs\Microsoft.NETCore.App.Ref\8.0.6\ref\net8.0\System.Security.Cryptography.OpenSsl.dll
           C:\Program Files\dotnet\packs\Microsoft.NETCore.App.Ref\8.0.6\ref\net8.0\System.Security.Cryptography.Primitives.dll
           C:\Program Files\dotnet\packs\Microsoft.NETCore.App.Ref\8.0.6\ref\net8.0\System.Security.Cryptography.X509Certificates.dll
           C:\Program Files\dotnet\packs\Microsoft.AspNetCore.App.Ref\8.0.6\ref\net8.0\System.Security.Cryptography.Xml.dll
           C:\Program Files\dotnet\packs\Microsoft.NETCore.App.Ref\8.0.6\ref\net8.0\System.Security.dll
           C:\Program Files\dotnet\packs\Microsoft.NETCore.App.Ref\8.0.6\ref\net8.0\System.Security.Principal.dll
           C:\Program Files\dotnet\packs\Microsoft.NETCore.App.Ref\8.0.6\ref\net8.0\System.Security.Principal.Windows.dll
           C:\Program Files\dotnet\packs\Microsoft.NETCore.App.Ref\8.0.6\ref\net8.0\System.Security.SecureString.dll
           C:\Program Files\dotnet\packs\Microsoft.NETCore.App.Ref\8.0.6\ref\net8.0\System.ServiceModel.Web.dll
           C:\Program Files\dotnet\packs\Microsoft.NETCore.App.Ref\8.0.6\ref\net8.0\System.ServiceProcess.dll
           C:\Program Files\dotnet\packs\Microsoft.NETCore.App.Ref\8.0.6\ref\net8.0\System.Text.Encoding.CodePages.dll
           C:\Program Files\dotnet\packs\Microsoft.NETCore.App.Ref\8.0.6\ref\net8.0\System.Text.Encoding.dll
           C:\Program Files\dotnet\packs\Microsoft.NETCore.App.Ref\8.0.6\ref\net8.0\System.Text.Encoding.Extensions.dll
           C:\Program Files\dotnet\packs\Microsoft.NETCore.App.Ref\8.0.6\ref\net8.0\System.Text.Encodings.Web.dll
           C:\Program Files\dotnet\packs\Microsoft.NETCore.App.Ref\8.0.6\ref\net8.0\System.Text.Json.dll
           C:\Program Files\dotnet\packs\Microsoft.NETCore.App.Ref\8.0.6\ref\net8.0\System.Text.RegularExpressions.dll
           C:\Program Files\dotnet\packs\Microsoft.NETCore.App.Ref\8.0.6\ref\net8.0\System.Threading.Channels.dll
           C:\Program Files\dotnet\packs\Microsoft.NETCore.App.Ref\8.0.6\ref\net8.0\System.Threading.dll
           C:\Program Files\dotnet\packs\Microsoft.NETCore.App.Ref\8.0.6\ref\net8.0\System.Threading.Overlapped.dll
           C:\Program Files\dotnet\packs\Microsoft.AspNetCore.App.Ref\8.0.6\ref\net8.0\System.Threading.RateLimiting.dll
           C:\Program Files\dotnet\packs\Microsoft.NETCore.App.Ref\8.0.6\ref\net8.0\System.Threading.Tasks.Dataflow.dll
           C:\Program Files\dotnet\packs\Microsoft.NETCore.App.Ref\8.0.6\ref\net8.0\System.Threading.Tasks.dll
           C:\Program Files\dotnet\packs\Microsoft.NETCore.App.Ref\8.0.6\ref\net8.0\System.Threading.Tasks.Extensions.dll
           C:\Program Files\dotnet\packs\Microsoft.NETCore.App.Ref\8.0.6\ref\net8.0\System.Threading.Tasks.Parallel.dll
           C:\Program Files\dotnet\packs\Microsoft.NETCore.App.Ref\8.0.6\ref\net8.0\System.Threading.Thread.dll
           C:\Program Files\dotnet\packs\Microsoft.NETCore.App.Ref\8.0.6\ref\net8.0\System.Threading.ThreadPool.dll
           C:\Program Files\dotnet\packs\Microsoft.NETCore.App.Ref\8.0.6\ref\net8.0\System.Threading.Timer.dll
           C:\Program Files\dotnet\packs\Microsoft.NETCore.App.Ref\8.0.6\ref\net8.0\System.Transactions.dll
           C:\Program Files\dotnet\packs\Microsoft.NETCore.App.Ref\8.0.6\ref\net8.0\System.Transactions.Local.dll
           C:\Program Files\dotnet\packs\Microsoft.NETCore.App.Ref\8.0.6\ref\net8.0\System.ValueTuple.dll
           C:\Program Files\dotnet\packs\Microsoft.NETCore.App.Ref\8.0.6\ref\net8.0\System.Web.dll
           C:\Program Files\dotnet\packs\Microsoft.NETCore.App.Ref\8.0.6\ref\net8.0\System.Web.HttpUtility.dll
           C:\Program Files\dotnet\packs\Microsoft.NETCore.App.Ref\8.0.6\ref\net8.0\System.Windows.dll
           C:\Program Files\dotnet\packs\Microsoft.NETCore.App.Ref\8.0.6\ref\net8.0\System.Xml.dll
           C:\Program Files\dotnet\packs\Microsoft.NETCore.App.Ref\8.0.6\ref\net8.0\System.Xml.Linq.dll
           C:\Program Files\dotnet\packs\Microsoft.NETCore.App.Ref\8.0.6\ref\net8.0\System.Xml.ReaderWriter.dll
           C:\Program Files\dotnet\packs\Microsoft.NETCore.App.Ref\8.0.6\ref\net8.0\System.Xml.Serialization.dll
           C:\Program Files\dotnet\packs\Microsoft.NETCore.App.Ref\8.0.6\ref\net8.0\System.Xml.XDocument.dll
           C:\Program Files\dotnet\packs\Microsoft.NETCore.App.Ref\8.0.6\ref\net8.0\System.Xml.XmlDocument.dll
           C:\Program Files\dotnet\packs\Microsoft.NETCore.App.Ref\8.0.6\ref\net8.0\System.Xml.XmlSerializer.dll
           C:\Program Files\dotnet\packs\Microsoft.NETCore.App.Ref\8.0.6\ref\net8.0\System.Xml.XPath.dll
           C:\Program Files\dotnet\packs\Microsoft.NETCore.App.Ref\8.0.6\ref\net8.0\System.Xml.XPath.XDocument.dll
           D:\Tito Pedraza\OneDrive\Proyectos\Codigo Fuente\repos\HumanCore\src\TalenHuman.Application\obj\Debug\net8.0\ref\TalenHuman.Application.dll
           D:\Tito Pedraza\OneDrive\Proyectos\Codigo Fuente\repos\HumanCore\src\TalenHuman.Domain\obj\Debug\net8.0\ref\TalenHuman.Domain.dll
           C:\Program Files\dotnet\packs\Microsoft.NETCore.App.Ref\8.0.6\ref\net8.0\WindowsBase.dll
           obj\Debug\net8.0\TalenHuman.Infrastructure.csproj.CoreCompileInputs.cache
           C:\Program Files\dotnet\sdk\8.0.302\Sdks\Microsoft.NET.Sdk\targets\..\analyzers\Microsoft.CodeAnalysis.CSharp.NetAnalyzers.dll
           C:\Program Files\dotnet\sdk\8.0.302\Sdks\Microsoft.NET.Sdk\targets\..\analyzers\Microsoft.CodeAnalysis.NetAnalyzers.dll
           C:\Users\messa\.nuget\packages\awssdk.s3\4.0.19.3\analyzers\dotnet\cs\AWSSDK.S3.CodeAnalysis.dll
           C:\Users\messa\.nuget\packages\awssdk.s3\4.0.19.3\analyzers\dotnet\cs\SharedAnalysisCode.dll
           C:\Users\messa\.nuget\packages\microsoft.entityframeworkcore.analyzers\8.0.11\analyzers\dotnet\cs\Microsoft.EntityFrameworkCore.Analyzers.dll
           C:\Users\messa\.nuget\packages\microsoft.extensions.logging.abstractions\8.0.2\analyzers\dotnet\roslyn4.4\cs\Microsoft.Extensions.Logging.Generators.dll
           C:\Program Files\dotnet\packs\Microsoft.NETCore.App.Ref\8.0.6\analyzers/dotnet/cs/Microsoft.Interop.ComInterfaceGenerator.dll
           C:\Program Files\dotnet\packs\Microsoft.NETCore.App.Ref\8.0.6\analyzers/dotnet/cs/Microsoft.Interop.JavaScript.JSImportGenerator.dll
           C:\Program Files\dotnet\packs\Microsoft.NETCore.App.Ref\8.0.6\analyzers/dotnet/cs/Microsoft.Interop.LibraryImportGenerator.dll
           C:\Program Files\dotnet\packs\Microsoft.NETCore.App.Ref\8.0.6\analyzers/dotnet/cs/Microsoft.Interop.SourceGeneration.dll
           C:\Program Files\dotnet\packs\Microsoft.NETCore.App.Ref\8.0.6\analyzers/dotnet/cs/System.Text.Json.SourceGeneration.dll
           C:\Program Files\dotnet\packs\Microsoft.NETCore.App.Ref\8.0.6\analyzers/dotnet/cs/System.Text.RegularExpressions.Generator.dll
           C:\Program Files\dotnet\packs\Microsoft.AspNetCore.App.Ref\8.0.6\analyzers/dotnet/cs/Microsoft.AspNetCore.App.Analyzers.dll
           C:\Program Files\dotnet\packs\Microsoft.AspNetCore.App.Ref\8.0.6\analyzers/dotnet/cs/Microsoft.AspNetCore.App.CodeFixes.dll
           C:\Program Files\dotnet\packs\Microsoft.AspNetCore.App.Ref\8.0.6\analyzers/dotnet/cs/Microsoft.AspNetCore.Components.Analyzers.dll
           C:\Program Files\dotnet\packs\Microsoft.AspNetCore.App.Ref\8.0.6\analyzers/dotnet/roslyn4.4/cs/Microsoft.Extensions.Options.SourceGeneration.dll
           obj\Debug\net8.0\TalenHuman.Infrastructure.GeneratedMSBuildEditorConfig.editorconfig
           C:\Program Files\dotnet\sdk\8.0.302\Sdks\Microsoft.NET.Sdk\analyzers\build\config\analysislevel_8_default.globalconfig
           D:\Tito Pedraza\OneDrive\Proyectos\Codigo Fuente\repos\HumanCore\src\TalenHuman.Infrastructure\obj\TalenHuman.Infrastructure.csproj.nuget.g.targets
           C:\Program Files\dotnet\sdk\8.0.302\Current\Microsoft.Common.targets\ImportAfter\Microsoft.TestPlatform.ImportAfter.targets
           obj\Debug\net8.0\TalenHuman.Infrastructure.sourcelink.json
       Output files: 
           obj\Debug\net8.0\TalenHuman.Infrastructure.dll
           obj\Debug\net8.0\refint\TalenHuman.Infrastructure.dll
           obj\Debug\net8.0\TalenHuman.Infrastructure.pdb
   4:7>Done building target "CoreCompile" in project "TalenHuman.Infrastructure.csproj".
       Target "_TouchLastBuildWithSkipAnalyzers" skipped, due to false condition; ('$(_SkipAnalyzers)' == 'true') was evaluated as ('' == 'true').
       Target "_TimeStampAfterCompile" skipped, due to false condition; ('$(RunPostBuildEvent)'=='OnOutputUpdated' or ('$(RegisterForComInterop)'=='true' and '$(OutputType)'=='library')) was evaluated as (''=='OnOutputUpdated' or (''=='true' and 'Library'=='library')).
   4:7>Target "AfterCompile" in file "C:\Program Files\dotnet\sdk\8.0.302\Microsoft.Common.CurrentVersion.targets" from project "D:\Tito Pedraza\OneDrive\Proyectos\Codigo Fuente\repos\HumanCore\src\TalenHuman.Infrastructure\TalenHuman.Infrastructure.csproj" (target "Compile" depends on it):
   4:7>Done building target "AfterCompile" in project "TalenHuman.Infrastructure.csproj".
       Target "_CreateAppHost" skipped, due to false condition; ('$(ComputeNETCoreBuildOutputFiles)' == 'true' and
                            '$(AppHostSourcePath)' != '' and
                            Exists('@(IntermediateAssembly)') and
                            Exists('$(AppHostSourcePath)')) was evaluated as ('true' == 'true' and
                            '' != '' and
                            Exists('obj\Debug\net8.0\TalenHuman.Infrastructure.dll') and
                            Exists('')).
       Target "_CreateComHost" skipped, due to false condition; ('$(ComputeNETCoreBuildOutputFiles)' == 'true' and
                            '$(ComHostIntermediatePath)' != '' and
                            Exists('@(IntermediateAssembly)') and
                            Exists('$(ComHostSourcePath)')) was evaluated as ('true' == 'true' and
                            '' != '' and
                            Exists('obj\Debug\net8.0\TalenHuman.Infrastructure.dll') and
                            Exists('')).
       Target "_GetIjwHostPaths" skipped, due to false condition; ('$(UseIJWHost)' == 'true') was evaluated as ('' == 'true').
   4:7>Target "Compile" in file "C:\Program Files\dotnet\sdk\8.0.302\Microsoft.Common.CurrentVersion.targets" from project "D:\Tito Pedraza\OneDrive\Proyectos\Codigo Fuente\repos\HumanCore\src\TalenHuman.Infrastructure\TalenHuman.Infrastructure.csproj" (target "CoreBuild" depends on it):
   4:7>Done building target "Compile" in project "TalenHuman.Infrastructure.csproj".
       Target "ExportWindowsMDFile" skipped, due to false condition; ('$(ExportWinMDFile)' == 'true') was evaluated as ('' == 'true').
       Target "UnmanagedUnregistration" skipped, due to false condition; ((('$(_AssemblyTimestampBeforeCompile)' != '$(_AssemblyTimestampAfterCompile)' or '$(RegisterForComInterop)' != 'true' or '$(OutputType)' != 'library') or
                           ('$(_AssemblyTimestampBeforeCompile)' == '')) and
                          Exists('@(_UnmanagedRegistrationCache)')) was evaluated as ((('' != '' or '' != 'true' or 'Library' != 'library') or
                           ('' == '')) and
                          Exists('obj\TalenHuman.Infrastructure.csproj.UnmanagedRegistration.cache')).
       Target "GenerateSerializationAssemblies" skipped, due to false condition; ('$(_SGenGenerateSerializationAssembliesConfig)' == 'On' or ('@(WebReferenceUrl)'!='' and '$(_SGenGenerateSerializationAssembliesConfig)' == 'Auto')) was evaluated as ('Off' == 'On' or (''!='' and 'Off' == 'Auto')).
   4:7>Target "_GenerateSatelliteAssemblyInputs" in file "C:\Program Files\dotnet\sdk\8.0.302\Microsoft.Common.CurrentVersion.targets" from project "D:\Tito Pedraza\OneDrive\Proyectos\Codigo Fuente\repos\HumanCore\src\TalenHuman.Infrastructure\TalenHuman.Infrastructure.csproj" (target "CreateSatelliteAssemblies" depends on it):
       Task "Warning" skipped, due to false condition; ('@(ManifestResourceWithCulture)'!='' and '%(ManifestResourceWithCulture.EmittedForCompatibilityOnly)'=='') was evaluated as (''!='' and ''=='').
       Task "Warning" skipped, due to false condition; ('@(ManifestNonResxWithCultureOnDisk)'!='' and '%(ManifestNonResxWithCultureOnDisk.EmittedForCompatibilityOnly)'=='') was evaluated as (''!='' and ''=='').
   4:7>Done building target "_GenerateSatelliteAssemblyInputs" in project "TalenHuman.Infrastructure.csproj".
       Target "ComputeIntermediateSatelliteAssemblies" skipped, due to false condition; (@(EmbeddedResource->'%(WithCulture)') != '') was evaluated as ( != '').
       Target "GenerateSatelliteAssemblies" skipped, due to false condition; ('@(_SatelliteAssemblyResourceInputs)' != '' and '$(GenerateSatelliteAssembliesForCore)' != 'true') was evaluated as ('' != '' and 'true' != 'true').
       Target "CoreGenerateSatelliteAssemblies" skipped, due to false condition; ('@(_SatelliteAssemblyResourceInputs)' != ''  and '$(GenerateSatelliteAssembliesForCore)' == 'true' ) was evaluated as ('' != ''  and 'true' == 'true' ).
   4:7>Target "CreateSatelliteAssemblies" in file "C:\Program Files\dotnet\sdk\8.0.302\Microsoft.Common.CurrentVersion.targets" from project "D:\Tito Pedraza\OneDrive\Proyectos\Codigo Fuente\repos\HumanCore\src\TalenHuman.Infrastructure\TalenHuman.Infrastructure.csproj" (target "CoreBuild" depends on it):
   4:7>Done building target "CreateSatelliteAssemblies" in project "TalenHuman.Infrastructure.csproj".
       Target "GenerateManifests" skipped, due to false condition; ('$(GenerateClickOnceManifests)'=='true' or '@(NativeReference)'!='' or '@(ResolvedIsolatedComModules)'!='' or '$(GenerateAppxManifest)' == 'true') was evaluated as (''=='true' or ''!='' or ''!='' or '' == 'true').
   4:7>Target "GetTargetPathWithTargetPlatformMoniker" in file "C:\Program Files\dotnet\sdk\8.0.302\Microsoft.Common.CurrentVersion.targets" from project "D:\Tito Pedraza\OneDrive\Proyectos\Codigo Fuente\repos\HumanCore\src\TalenHuman.Infrastructure\TalenHuman.Infrastructure.csproj" (target "GetTargetPath" depends on it):
   4:7>Done building target "GetTargetPathWithTargetPlatformMoniker" in project "TalenHuman.Infrastructure.csproj".
   4:7>Target "GetTargetPath" in file "C:\Program Files\dotnet\sdk\8.0.302\Microsoft.Common.CurrentVersion.targets" from project "D:\Tito Pedraza\OneDrive\Proyectos\Codigo Fuente\repos\HumanCore\src\TalenHuman.Infrastructure\TalenHuman.Infrastructure.csproj" (target "CoreBuild" depends on it):
   4:7>Done building target "GetTargetPath" in project "TalenHuman.Infrastructure.csproj".
       Target "ComputeIntermediateSatelliteAssemblies" skipped, due to false condition; (@(EmbeddedResource->'%(WithCulture)') != '') was evaluated as ( != '').
   4:7>Target "_CopyFilesMarkedCopyLocal" in file "C:\Program Files\dotnet\sdk\8.0.302\Microsoft.Common.CurrentVersion.targets" from project "D:\Tito Pedraza\OneDrive\Proyectos\Codigo Fuente\repos\HumanCore\src\TalenHuman.Infrastructure\TalenHuman.Infrastructure.csproj" (target "CopyFilesToOutputDirectory" depends on it):
       Using "Copy" task from assembly "Microsoft.Build.Tasks.Core, Version=15.1.0.0, Culture=neutral, PublicKeyToken=b03f5f7f11d50a3a".
       Task "Copy"
         Did not copy from file "D:\Tito Pedraza\OneDrive\Proyectos\Codigo Fuente\repos\HumanCore\src\TalenHuman.Domain\bin\Debug\net8.0\TalenHuman.Domain.dll" to file "bin\Debug\net8.0\TalenHuman.Domain.dll" because the "SkipUnchangedFiles" parameter was set to "true" in the project and the files' sizes and timestamps match.
         Did not copy from file "D:\Tito Pedraza\OneDrive\Proyectos\Codigo Fuente\repos\HumanCore\src\TalenHuman.Application\bin\Debug\net8.0\TalenHuman.Application.dll" to file "bin\Debug\net8.0\TalenHuman.Application.dll" because the "SkipUnchangedFiles" parameter was set to "true" in the project and the files' sizes and timestamps match.
         Did not copy from file "D:\Tito Pedraza\OneDrive\Proyectos\Codigo Fuente\repos\HumanCore\src\TalenHuman.Application\bin\Debug\net8.0\TalenHuman.Application.pdb" to file "bin\Debug\net8.0\TalenHuman.Application.pdb" because the "SkipUnchangedFiles" parameter was set to "true" in the project and the files' sizes and timestamps match.
         Did not copy from file "D:\Tito Pedraza\OneDrive\Proyectos\Codigo Fuente\repos\HumanCore\src\TalenHuman.Domain\bin\Debug\net8.0\TalenHuman.Domain.pdb" to file "bin\Debug\net8.0\TalenHuman.Domain.pdb" because the "SkipUnchangedFiles" parameter was set to "true" in the project and the files' sizes and timestamps match.
       Done executing task "Copy".
       Task "Touch" skipped, due to false condition; ('@(ReferencesCopiedInThisBuild)' != '' and '$(WroteAtLeastOneFile)' == 'true') was evaluated as ('bin\Debug\net8.0\TalenHuman.Application.dll;bin\Debug\net8.0\TalenHuman.Domain.dll;bin\Debug\net8.0\TalenHuman.Application.pdb;...' != '' and 'False' == 'true').
   4:7>Done building target "_CopyFilesMarkedCopyLocal" in project "TalenHuman.Infrastructure.csproj".
       Target "AssignTargetPaths" skipped. Previously built successfully.
       Target "AssignProjectConfiguration" skipped. Previously built successfully.
       Target "_SplitProjectReferencesByFileExistence" skipped. Previously built successfully.
       Target "_GetProjectReferenceTargetFrameworkProperties" skipped. Previously built successfully.
   4:7>Target "_PopulateCommonStateForGetCopyToOutputDirectoryItems" in file "C:\Program Files\dotnet\sdk\8.0.302\Microsoft.Common.CurrentVersion.targets" from project "D:\Tito Pedraza\OneDrive\Proyectos\Codigo Fuente\repos\HumanCore\src\TalenHuman.Infrastructure\TalenHuman.Infrastructure.csproj" (target "GetCopyToOutputDirectoryItems" depends on it):
   4:7>Done building target "_PopulateCommonStateForGetCopyToOutputDirectoryItems" in project "TalenHuman.Infrastructure.csproj".
       Target "AddDepsJsonAndRuntimeConfigToCopyItemsForReferencingProjects" skipped, due to false condition; ('$(HasRuntimeOutput)' == 'true') was evaluated as ('' == 'true').
   4:7>Target "GetCopyToOutputDirectoryItems" in file "C:\Program Files\dotnet\sdk\8.0.302\Microsoft.Common.CurrentVersion.targets" from project "D:\Tito Pedraza\OneDrive\Proyectos\Codigo Fuente\repos\HumanCore\src\TalenHuman.Infrastructure\TalenHuman.Infrastructure.csproj" (target "_CopySourceItemsToOutputDirectory" depends on it):
       Using "CallTarget" task from assembly "Microsoft.Build.Tasks.Core, Version=15.1.0.0, Culture=neutral, PublicKeyToken=b03f5f7f11d50a3a".
       Task "CallTarget"
       Target "_PopulateCommonStateForGetCopyToOutputDirectoryItems" skipped. Previously built successfully.
       Target "_AddOutputPathToGlobalPropertiesToRemove" skipped. Previously built successfully.
   4:7>Target "_GetCopyToOutputDirectoryItemsFromTransitiveProjectReferences" in file "C:\Program Files\dotnet\sdk\8.0.302\Microsoft.Common.CurrentVersion.targets" from project "D:\Tito Pedraza\OneDrive\Proyectos\Codigo Fuente\repos\HumanCore\src\TalenHuman.Infrastructure\TalenHuman.Infrastructure.csproj" (target "GetCopyToOutputDirectoryItems" depends on it):
       Task "MSBuild"
         Global Properties:
           Configuration=Debug
           Platform=AnyCPU
         Removing Properties for project "..\TalenHuman.Application\TalenHuman.Application.csproj":
           TargetFramework
           RuntimeIdentifier
           SelfContained
         Removing Properties for project "..\TalenHuman.Domain\TalenHuman.Domain.csproj":
           TargetFramework
           RuntimeIdentifier
           SelfContained
   4:7>Project "D:\Tito Pedraza\OneDrive\Proyectos\Codigo Fuente\repos\HumanCore\src\TalenHuman.Infrastructure\TalenHuman.Infrastructure.csproj" (4:7) is building "D:\Tito Pedraza\OneDrive\Proyectos\Codigo Fuente\repos\HumanCore\src\TalenHuman.Domain\TalenHuman.Domain.csproj" (3:17) on node 2 (GetCopyToOutputDirectoryItems target(s)).
  3:17>Target "GetCopyToOutputDirectoryItems" skipped. Previously built successfully.
  3:17>Done Building Project "D:\Tito Pedraza\OneDrive\Proyectos\Codigo Fuente\repos\HumanCore\src\TalenHuman.Domain\TalenHuman.Domain.csproj" (GetCopyToOutputDirectoryItems target(s)).
   4:7>Project "D:\Tito Pedraza\OneDrive\Proyectos\Codigo Fuente\repos\HumanCore\src\TalenHuman.Infrastructure\TalenHuman.Infrastructure.csproj" (4:7) is building "D:\Tito Pedraza\OneDrive\Proyectos\Codigo Fuente\repos\HumanCore\src\TalenHuman.Application\TalenHuman.Application.csproj" (2:14) on node 4 (GetCopyToOutputDirectoryItems target(s)).
  2:14>Target "GetCopyToOutputDirectoryItems" skipped. Previously built successfully.
  2:14>Done Building Project "D:\Tito Pedraza\OneDrive\Proyectos\Codigo Fuente\repos\HumanCore\src\TalenHuman.Application\TalenHuman.Application.csproj" (GetCopyToOutputDirectoryItems target(s)).
   4:7>Done executing task "MSBuild".
       Task "AssignTargetPath"
       Done executing task "AssignTargetPath".
   4:7>Done building target "_GetCopyToOutputDirectoryItemsFromTransitiveProjectReferences" in project "TalenHuman.Infrastructure.csproj".
       Done executing task "CallTarget".
       Task "CallTarget"
       Target "AssignTargetPaths" skipped. Previously built successfully.
       Target "_PopulateCommonStateForGetCopyToOutputDirectoryItems" skipped. Previously built successfully.
       Target "AddDepsJsonAndRuntimeConfigToCopyItemsForReferencingProjects" skipped, due to false condition; ('$(HasRuntimeOutput)' == 'true') was evaluated as ('' == 'true').
   4:7>Target "_GetCopyToOutputDirectoryItemsFromThisProject" in file "C:\Program Files\dotnet\sdk\8.0.302\Microsoft.Common.CurrentVersion.targets" from project "D:\Tito Pedraza\OneDrive\Proyectos\Codigo Fuente\repos\HumanCore\src\TalenHuman.Infrastructure\TalenHuman.Infrastructure.csproj" (target "GetCopyToOutputDirectoryItems" depends on it):
       Task "AssignTargetPath"
       Done executing task "AssignTargetPath".
   4:7>Done building target "_GetCopyToOutputDirectoryItemsFromThisProject" in project "TalenHuman.Infrastructure.csproj".
       Done executing task "CallTarget".
   4:7>Done building target "GetCopyToOutputDirectoryItems" in project "TalenHuman.Infrastructure.csproj".
   4:7>Target "_CopyOutOfDateSourceItemsToOutputDirectory" in file "C:\Program Files\dotnet\sdk\8.0.302\Microsoft.Common.CurrentVersion.targets" from project "D:\Tito Pedraza\OneDrive\Proyectos\Codigo Fuente\repos\HumanCore\src\TalenHuman.Infrastructure\TalenHuman.Infrastructure.csproj" (target "_CopySourceItemsToOutputDirectory" depends on it):
       Skipping target "_CopyOutOfDateSourceItemsToOutputDirectory" because all output files are up-to-date with respect to the input files.
       Input files: 
           C:\Users\messa\.nuget\packages\questpdf\2024.12.1\LatoFont\Lato-Black.ttf
           C:\Users\messa\.nuget\packages\questpdf\2024.12.1\LatoFont\Lato-BlackItalic.ttf
           C:\Users\messa\.nuget\packages\questpdf\2024.12.1\LatoFont\Lato-Bold.ttf
           C:\Users\messa\.nuget\packages\questpdf\2024.12.1\LatoFont\Lato-BoldItalic.ttf
           C:\Users\messa\.nuget\packages\questpdf\2024.12.1\LatoFont\Lato-ExtraBold.ttf
           C:\Users\messa\.nuget\packages\questpdf\2024.12.1\LatoFont\Lato-ExtraBoldItalic.ttf
           C:\Users\messa\.nuget\packages\questpdf\2024.12.1\LatoFont\Lato-ExtraLight.ttf
           C:\Users\messa\.nuget\packages\questpdf\2024.12.1\LatoFont\Lato-ExtraLightItalic.ttf
           C:\Users\messa\.nuget\packages\questpdf\2024.12.1\LatoFont\Lato-Italic.ttf
           C:\Users\messa\.nuget\packages\questpdf\2024.12.1\LatoFont\Lato-Light.ttf
           C:\Users\messa\.nuget\packages\questpdf\2024.12.1\LatoFont\Lato-LightItalic.ttf
           C:\Users\messa\.nuget\packages\questpdf\2024.12.1\LatoFont\Lato-Medium.ttf
           C:\Users\messa\.nuget\packages\questpdf\2024.12.1\LatoFont\Lato-MediumItalic.ttf
           C:\Users\messa\.nuget\packages\questpdf\2024.12.1\LatoFont\Lato-Regular.ttf
           C:\Users\messa\.nuget\packages\questpdf\2024.12.1\LatoFont\Lato-SemiBold.ttf
           C:\Users\messa\.nuget\packages\questpdf\2024.12.1\LatoFont\Lato-SemiBoldItalic.ttf
           C:\Users\messa\.nuget\packages\questpdf\2024.12.1\LatoFont\Lato-Thin.ttf
           C:\Users\messa\.nuget\packages\questpdf\2024.12.1\LatoFont\Lato-ThinItalic.ttf
           C:\Users\messa\.nuget\packages\questpdf\2024.12.1\LatoFont\OFL.txt
       Output files: 
           bin\Debug\net8.0\LatoFont\Lato-Black.ttf
           bin\Debug\net8.0\LatoFont\Lato-BlackItalic.ttf
           bin\Debug\net8.0\LatoFont\Lato-Bold.ttf
           bin\Debug\net8.0\LatoFont\Lato-BoldItalic.ttf
           bin\Debug\net8.0\LatoFont\Lato-ExtraBold.ttf
           bin\Debug\net8.0\LatoFont\Lato-ExtraBoldItalic.ttf
           bin\Debug\net8.0\LatoFont\Lato-ExtraLight.ttf
           bin\Debug\net8.0\LatoFont\Lato-ExtraLightItalic.ttf
           bin\Debug\net8.0\LatoFont\Lato-Italic.ttf
           bin\Debug\net8.0\LatoFont\Lato-Light.ttf
           bin\Debug\net8.0\LatoFont\Lato-LightItalic.ttf
           bin\Debug\net8.0\LatoFont\Lato-Medium.ttf
           bin\Debug\net8.0\LatoFont\Lato-MediumItalic.ttf
           bin\Debug\net8.0\LatoFont\Lato-Regular.ttf
           bin\Debug\net8.0\LatoFont\Lato-SemiBold.ttf
           bin\Debug\net8.0\LatoFont\Lato-SemiBoldItalic.ttf
           bin\Debug\net8.0\LatoFont\Lato-Thin.ttf
           bin\Debug\net8.0\LatoFont\Lato-ThinItalic.ttf
           bin\Debug\net8.0\LatoFont\OFL.txt
   4:7>Done building target "_CopyOutOfDateSourceItemsToOutputDirectory" in project "TalenHuman.Infrastructure.csproj".
       Target "_CopyOutOfDateSourceItemsToOutputDirectoryAlways" skipped, due to false condition; ( '@(_SourceItemsToCopyToOutputDirectoryAlways)' != '' ) was evaluated as ( '' != '' ).
   4:7>Target "_CopySourceItemsToOutputDirectory" in file "C:\Program Files\dotnet\sdk\8.0.302\Microsoft.Common.CurrentVersion.targets" from project "D:\Tito Pedraza\OneDrive\Proyectos\Codigo Fuente\repos\HumanCore\src\TalenHuman.Infrastructure\TalenHuman.Infrastructure.csproj" (target "CopyFilesToOutputDirectory" depends on it):
   4:7>Done building target "_CopySourceItemsToOutputDirectory" in project "TalenHuman.Infrastructure.csproj".
       Target "_CopyAppConfigFile" skipped, due to false condition; ( '@(AppConfigWithTargetPath)' != '' ) was evaluated as ( '' != '' ).
       Target "_CopyManifestFiles" skipped, due to false condition; ( '$(_DeploymentCopyApplicationManifest)'=='true' or '$(GenerateClickOnceManifests)'=='true' ) was evaluated as ( ''=='true' or ''=='true' ).
   4:7>Target "_CheckForCompileOutputs" in file "C:\Program Files\dotnet\sdk\8.0.302\Microsoft.Common.CurrentVersion.targets" from project "D:\Tito Pedraza\OneDrive\Proyectos\Codigo Fuente\repos\HumanCore\src\TalenHuman.Infrastructure\TalenHuman.Infrastructure.csproj" (target "CopyFilesToOutputDirectory" depends on it):
   4:7>Done building target "_CheckForCompileOutputs" in project "TalenHuman.Infrastructure.csproj".
       Target "_SGenCheckForOutputs" skipped, due to false condition; ('$(_SGenGenerateSerializationAssembliesConfig)' == 'On' or ('@(WebReferenceUrl)'!='' and '$(_SGenGenerateSerializationAssembliesConfig)' == 'Auto')) was evaluated as ('Off' == 'On' or (''!='' and 'Off' == 'Auto')).
       Target "_DefaultMicrosoftNETPlatformLibrary" skipped. Previously built successfully.
       Target "_HandlePackageFileConflicts" skipped. Previously built successfully.
       Target "ResolveAssemblyReferences" skipped. Previously built successfully.
   4:7>Target "_ComputeReferenceAssemblies" in file "C:\Program Files\dotnet\sdk\8.0.302\Sdks\Microsoft.NET.Sdk\targets\Microsoft.NET.Sdk.targets" from project "D:\Tito Pedraza\OneDrive\Proyectos\Codigo Fuente\repos\HumanCore\src\TalenHuman.Infrastructure\TalenHuman.Infrastructure.csproj" (target "GenerateBuildDependencyFile" depends on it):
   4:7>Done building target "_ComputeReferenceAssemblies" in project "TalenHuman.Infrastructure.csproj".
   4:7>Target "_ComputeUserRuntimeAssemblies" in file "C:\Program Files\dotnet\sdk\8.0.302\Sdks\Microsoft.NET.Sdk\targets\Microsoft.NET.Sdk.targets" from project "D:\Tito Pedraza\OneDrive\Proyectos\Codigo Fuente\repos\HumanCore\src\TalenHuman.Infrastructure\TalenHuman.Infrastructure.csproj" (target "GenerateBuildDependencyFile" depends on it):
   4:7>Done building target "_ComputeUserRuntimeAssemblies" in project "TalenHuman.Infrastructure.csproj".
       Target "ResolveRuntimePackAssets" skipped, due to false condition; ('@(RuntimePack)' != '') was evaluated as ('' != '').
       Target "_ComputePackageReferencePublish" skipped. Previously built successfully.
       Target "ComputeDependencyFileCompilerOptions" skipped, due to false condition; ('$(PreserveCompilationContext)' == 'true') was evaluated as ('' == 'true').
   4:7>Target "GenerateBuildDependencyFile" in file "C:\Program Files\dotnet\sdk\8.0.302\Sdks\Microsoft.NET.Sdk\targets\Microsoft.NET.Sdk.targets" from project "D:\Tito Pedraza\OneDrive\Proyectos\Codigo Fuente\repos\HumanCore\src\TalenHuman.Infrastructure\TalenHuman.Infrastructure.csproj" (target "CopyFilesToOutputDirectory" depends on it):
       Skipping target "GenerateBuildDependencyFile" because all output files are up-to-date with respect to the input files.
       Input files: 
           D:\Tito Pedraza\OneDrive\Proyectos\Codigo Fuente\repos\HumanCore\src\TalenHuman.Infrastructure\obj\project.assets.json
           D:\Tito Pedraza\OneDrive\Proyectos\Codigo Fuente\repos\HumanCore\src\TalenHuman.Infrastructure\obj\Debug\net8.0\TalenHuman.Infrastructure.assets.cache
           D:\Tito Pedraza\OneDrive\Proyectos\Codigo Fuente\repos\HumanCore\src\TalenHuman.Infrastructure\obj\TalenHuman.Infrastructure.csproj.nuget.g.targets
           C:\Program Files\dotnet\sdk\8.0.302\Current\Microsoft.Common.targets\ImportAfter\Microsoft.TestPlatform.ImportAfter.targets
       Output files: D:\Tito Pedraza\OneDrive\Proyectos\Codigo Fuente\repos\HumanCore\src\TalenHuman.Infrastructure\bin\Debug\net8.0\TalenHuman.Infrastructure.deps.json
   4:7>Done building target "GenerateBuildDependencyFile" in project "TalenHuman.Infrastructure.csproj".
       Target "GenerateBuildRuntimeConfigurationFiles" skipped, due to false condition; ( '$(GenerateRuntimeConfigurationFiles)' == 'true') was evaluated as ( '' == 'true').
       Target "GenerateShimsAssets" skipped, due to false condition; ('$(PackAsTool)' == 'true' and $(PackAsToolShimRuntimeIdentifiers) != '' ) was evaluated as ('' == 'true' and  != '' ).
   4:7>Target "CopyFilesToOutputDirectory" in file "C:\Program Files\dotnet\sdk\8.0.302\Microsoft.Common.CurrentVersion.targets" from project "D:\Tito Pedraza\OneDrive\Proyectos\Codigo Fuente\repos\HumanCore\src\TalenHuman.Infrastructure\TalenHuman.Infrastructure.csproj" (target "PrepareForRun" depends on it):
       Task "Copy"
         Did not copy from file "obj\Debug\net8.0\TalenHuman.Infrastructure.dll" to file "bin\Debug\net8.0\TalenHuman.Infrastructure.dll" because the "SkipUnchangedFiles" parameter was set to "true" in the project and the files' sizes and timestamps match.
       Done executing task "Copy".
       Using "CopyRefAssembly" task from assembly "C:\Program Files\dotnet\sdk\8.0.302\Roslyn\Microsoft.Build.Tasks.CodeAnalysis.dll".
       Task "CopyRefAssembly"
         Reference assembly "D:\Tito Pedraza\OneDrive\Proyectos\Codigo Fuente\repos\HumanCore\src\TalenHuman.Infrastructure\obj\Debug\net8.0\ref\TalenHuman.Infrastructure.dll" already has latest information. Leaving it untouched.
       Done executing task "CopyRefAssembly".
       Task "Message"
         TalenHuman.Infrastructure -> D:\Tito Pedraza\OneDrive\Proyectos\Codigo Fuente\repos\HumanCore\src\TalenHuman.Infrastructure\bin\Debug\net8.0\TalenHuman.Infrastructure.dll
       Done executing task "Message".
       Task "Copy" skipped, due to false condition; ('@(AddModules)' != '') was evaluated as ('' != '').
       Task "Copy" skipped, due to false condition; ('$(_SGenDllCreated)'=='true') was evaluated as ('false'=='true').
       Task "Copy"
         Did not copy from file "obj\Debug\net8.0\TalenHuman.Infrastructure.pdb" to file "bin\Debug\net8.0\TalenHuman.Infrastructure.pdb" because the "SkipUnchangedFiles" parameter was set to "true" in the project and the files' sizes and timestamps match.
       Done executing task "Copy".
       Task "Copy" skipped, due to false condition; ('$(_DocumentationFileProduced)'=='true' and '$(CopyDocumentationFileToOutputDirectory)'=='true') was evaluated as ('false'=='true' and 'true'=='true').
       Task "Copy" skipped, due to false condition; ('@(IntermediateSatelliteAssembliesWithTargetPath)' != '') was evaluated as ('' != '').
       Task "Copy" skipped, due to false condition; ('@(ReferenceComWrappersToCopyLocal)' != '' or '@(ResolvedIsolatedComModules)' != '' or '@(_DeploymentLooseManifestFile)' != '' or '@(NativeReferenceFile)' != '' ) was evaluated as ('' != '' or '' != '' or '' != '' or '' != '' ).
       Task "Copy" skipped, due to false condition; ('$(SkipCopyWinMDArtifact)' != 'true' and '@(WinMDExpArtifacts)' != '') was evaluated as ('' != 'true' and '' != '').
       Task "Message" skipped, due to false condition; ('$(SkipCopyWinMDArtifact)' != 'true' and '$(_WindowsMetadataOutputPath)' != '') was evaluated as ('' != 'true' and '' != '').
   4:7>Done building target "CopyFilesToOutputDirectory" in project "TalenHuman.Infrastructure.csproj".
       Target "_CopyReferenceOnlyAssembliesForBuild" skipped, due to false condition; ('$(PreserveCompilationReferences)' == 'true') was evaluated as ('' == 'true').
   4:7>Target "PrepareForRun" in file "C:\Program Files\dotnet\sdk\8.0.302\Microsoft.Common.CurrentVersion.targets" from project "D:\Tito Pedraza\OneDrive\Proyectos\Codigo Fuente\repos\HumanCore\src\TalenHuman.Infrastructure\TalenHuman.Infrastructure.csproj" (target "CoreBuild" depends on it):
   4:7>Done building target "PrepareForRun" in project "TalenHuman.Infrastructure.csproj".
       Target "UnmanagedRegistration" skipped, due to false condition; ('$(RegisterForComInterop)'=='true' and '$(OutputType)'=='library') was evaluated as (''=='true' and 'Library'=='library').
       Target "_CheckForCompileOutputs" skipped. Previously built successfully.
       Target "_SGenCheckForOutputs" skipped, due to false condition; ('$(_SGenGenerateSerializationAssembliesConfig)' == 'On' or ('@(WebReferenceUrl)'!='' and '$(_SGenGenerateSerializationAssembliesConfig)' == 'Auto')) was evaluated as ('Off' == 'On' or (''!='' and 'Off' == 'Auto')).
   4:7>Target "_CleanGetCurrentAndPriorFileWrites" in file "C:\Program Files\dotnet\sdk\8.0.302\Microsoft.Common.CurrentVersion.targets" from project "D:\Tito Pedraza\OneDrive\Proyectos\Codigo Fuente\repos\HumanCore\src\TalenHuman.Infrastructure\TalenHuman.Infrastructure.csproj" (target "IncrementalClean" depends on it):
       Using "ReadLinesFromFile" task from assembly "Microsoft.Build.Tasks.Core, Version=15.1.0.0, Culture=neutral, PublicKeyToken=b03f5f7f11d50a3a".
       Task "ReadLinesFromFile"
       Done executing task "ReadLinesFromFile".
       Task "ConvertToAbsolutePath"
       Done executing task "ConvertToAbsolutePath".
       Using "FindUnderPath" task from assembly "Microsoft.Build.Tasks.Core, Version=15.1.0.0, Culture=neutral, PublicKeyToken=b03f5f7f11d50a3a".
       Task "FindUnderPath"
         Comparison path is "D:\Tito Pedraza\OneDrive\Proyectos\Codigo Fuente\repos\HumanCore\src\TalenHuman.Infrastructure".
       Done executing task "FindUnderPath".
       Task "FindUnderPath"
         Comparison path is "bin\Debug\net8.0\".
       Done executing task "FindUnderPath".
       Task "FindUnderPath"
         Comparison path is "obj\Debug\net8.0\".
       Done executing task "FindUnderPath".
       Task "RemoveDuplicates"
       Done executing task "RemoveDuplicates".
   4:7>Done building target "_CleanGetCurrentAndPriorFileWrites" in project "TalenHuman.Infrastructure.csproj".
   4:7>Target "IncrementalClean" in file "C:\Program Files\dotnet\sdk\8.0.302\Microsoft.Common.CurrentVersion.targets" from project "D:\Tito Pedraza\OneDrive\Proyectos\Codigo Fuente\repos\HumanCore\src\TalenHuman.Infrastructure\TalenHuman.Infrastructure.csproj" (target "CoreBuild" depends on it):
       Task "FindUnderPath"
         Comparison path is "bin\Debug\net8.0\".
       Done executing task "FindUnderPath".
       Task "FindUnderPath"
         Comparison path is "obj\Debug\net8.0\".
       Done executing task "FindUnderPath".
       Using "Delete" task from assembly "Microsoft.Build.Tasks.Core, Version=15.1.0.0, Culture=neutral, PublicKeyToken=b03f5f7f11d50a3a".
       Task "Delete"
       Done executing task "Delete".
       Task "RemoveDuplicates"
       Done executing task "RemoveDuplicates".
       Task "WriteLinesToFile" skipped, due to false condition; ('@(_CleanUnfilteredPriorFileWrites)'!='@(_CleanUniqueRemainingFileWritesAfterIncrementalClean)') was evaluated as ('D:\Tito Pedraza\OneDrive\Proyectos\Codigo Fuente\repos\HumanCore\src\TalenHuman.Infrastructure\bin\Debug\net8.0\TalenHuman.Infrastructure.deps.json;D:\Tito Pedraza\OneDrive\Proyectos\Codigo Fuente\repos\HumanCore\src\TalenHuman.Infrastructure\bin\Debug\net8.0\TalenHuman.Infrastructure.dll;D:\Tito Pedraza\OneDrive\Proyectos\Codigo Fuente\repos\HumanCore\src\TalenHuman.Infrastructure\bin\Debug\net8.0\TalenHuman.Infrastructure.pdb;...'!='D:\Tito Pedraza\OneDrive\Proyectos\Codigo Fuente\repos\HumanCore\src\TalenHuman.Infrastructure\bin\Debug\net8.0\TalenHuman.Infrastructure.deps.json;D:\Tito Pedraza\OneDrive\Proyectos\Codigo Fuente\repos\HumanCore\src\TalenHuman.Infrastructure\bin\Debug\net8.0\TalenHuman.Infrastructure.dll;D:\Tito Pedraza\OneDrive\Proyectos\Codigo Fuente\repos\HumanCore\src\TalenHuman.Infrastructure\bin\Debug\net8.0\TalenHuman.Infrastructure.pdb;...').
   4:7>Done building target "IncrementalClean" in project "TalenHuman.Infrastructure.csproj".
       Target "PostBuildEvent" skipped, due to false condition; ('$(PostBuildEvent)' != '' and ('$(RunPostBuildEvent)' != 'OnOutputUpdated' or '$(_AssemblyTimestampBeforeCompile)' != '$(_AssemblyTimestampAfterCompile)')) was evaluated as ('' != '' and ('' != 'OnOutputUpdated' or '' != '')).
       Target "GenerateBuildDependencyFile" skipped. Previously built successfully.
       Target "GenerateBuildRuntimeConfigurationFiles" skipped, due to false condition; ( '$(GenerateRuntimeConfigurationFiles)' == 'true') was evaluated as ( '' == 'true').
   4:7>Target "CoreBuild" in file "C:\Program Files\dotnet\sdk\8.0.302\Microsoft.Common.CurrentVersion.targets" from project "D:\Tito Pedraza\OneDrive\Proyectos\Codigo Fuente\repos\HumanCore\src\TalenHuman.Infrastructure\TalenHuman.Infrastructure.csproj" (target "Build" depends on it):
   4:7>Done building target "CoreBuild" in project "TalenHuman.Infrastructure.csproj".
   4:7>Target "AfterBuild" in file "C:\Program Files\dotnet\sdk\8.0.302\Microsoft.Common.CurrentVersion.targets" from project "D:\Tito Pedraza\OneDrive\Proyectos\Codigo Fuente\repos\HumanCore\src\TalenHuman.Infrastructure\TalenHuman.Infrastructure.csproj" (target "Build" depends on it):
   4:7>Done building target "AfterBuild" in project "TalenHuman.Infrastructure.csproj".
       Target "_CheckBrowserWorkloadNeededButNotAvailable" skipped, due to false condition; ('$(RuntimeIdentifier)' == 'browser-wasm' and '$(_BrowserWorkloadDisabled)' != 'true' and '$(WasmNativeWorkloadAvailable)' != 'true') was evaluated as ('' == 'browser-wasm' and '' != 'true' and '' != 'true').
       Target "_ErrorWorkloadDisabledForTFMLessThan6" skipped, due to false condition; ('$(_BrowserWorkloadNotSupportedForTFM)' == 'true') was evaluated as ('' == 'true').
       Target "_ErrorDualWasmThreadPropsOn7" skipped, due to false condition; ('$(TargetsNet7)' == 'true' and '$(RuntimeIdentifier)' == 'browser-wasm' and
           '$(BrowserWorkloadDisabled)' != 'true' and '$(WasmEnableThreads)' == 'true' and '$(WasmEnablePerfTrace)' == 'true') was evaluated as ('' == 'true' and '' == 'browser-wasm' and
           '' != 'true' and '' == 'true' and '' == 'true').
       Target "_CheckForInvalidConfigurationAndPlatform" skipped. Previously built successfully.
       Target "_CheckForInvalidConfigurationAndPlatform" skipped. Previously built successfully.
   4:7>Target "Build" in file "C:\Program Files\dotnet\sdk\8.0.302\Microsoft.Common.CurrentVersion.targets" from project "D:\Tito Pedraza\OneDrive\Proyectos\Codigo Fuente\repos\HumanCore\src\TalenHuman.Infrastructure\TalenHuman.Infrastructure.csproj" (entry point):
   4:7>Done building target "Build" in project "TalenHuman.Infrastructure.csproj".
       Target "_PackAsBuildAfterTarget" skipped, due to false condition; ('$(GeneratePackageOnBuild)' == 'true' AND '$(IsInnerBuild)' != 'true') was evaluated as ('false' == 'true' AND '' != 'true').
   4:7>Target "_CheckContainersPackage" in file "C:\Program Files\dotnet\sdk\8.0.302\Containers\build\Microsoft.NET.Build.Containers.targets" from project "D:\Tito Pedraza\OneDrive\Proyectos\Codigo Fuente\repos\HumanCore\src\TalenHuman.Infrastructure\TalenHuman.Infrastructure.csproj" (entry point):
       Task "Warning" skipped, due to false condition; ($(_ContainerPackageIsPresent)
               and (
                 ($(_SdkCanPublishWeb) and $(_IsWebProject)) or
                 ($(_SdkCanPublishWorker) and $(_IsWorkerProject)) or
                 ($(_SdkCanPublishConsole) and '$(EnableSdkContainerSupport)' == 'true')
               )) was evaluated as (false
               and (
                 (True and false) or
                 (True and false) or
                 (True and '' == 'true')
               )).
   4:7>Done building target "_CheckContainersPackage" in project "TalenHuman.Infrastructure.csproj".
   4:7>Done Building Project "D:\Tito Pedraza\OneDrive\Proyectos\Codigo Fuente\repos\HumanCore\src\TalenHuman.Infrastructure\TalenHuman.Infrastructure.csproj" (default targets).
   5:6>Project "D:\Tito Pedraza\OneDrive\Proyectos\Codigo Fuente\repos\HumanCore\src\TalenHuman.API\TalenHuman.API.csproj" (5:6) is building "D:\Tito Pedraza\OneDrive\Proyectos\Codigo Fuente\repos\HumanCore\src\TalenHuman.Infrastructure\TalenHuman.Infrastructure.csproj" (4:9) on node 3 (default targets).
   4:9>Target "NETStandardCompatError_Microsoft_Extensions_Configuration_Binder" skipped. Previously built successfully.
       Target "Build" skipped. Previously built successfully.
   4:9>Done Building Project "D:\Tito Pedraza\OneDrive\Proyectos\Codigo Fuente\repos\HumanCore\src\TalenHuman.Infrastructure\TalenHuman.Infrastructure.csproj" (default targets).
   5:6>Done executing task "MSBuild".
       Task "MSBuild"
         Global Properties:
           Configuration=Debug
           Platform=AnyCPU
         Removing Properties:
           WebPublishProfileFile
         Removing Properties for project "..\TalenHuman.Application\TalenHuman.Application.csproj":
           TargetFramework
           RuntimeIdentifier
           SelfContained
         Removing Properties for project "..\TalenHuman.Infrastructure\TalenHuman.Infrastructure.csproj":
           TargetFramework
           RuntimeIdentifier
           SelfContained
         Removing Properties for project "..\TalenHuman.Domain\TalenHuman.Domain.csproj":
           TargetFramework
           RuntimeIdentifier
           SelfContained
   5:6>Project "D:\Tito Pedraza\OneDrive\Proyectos\Codigo Fuente\repos\HumanCore\src\TalenHuman.API\TalenHuman.API.csproj" (5:6) is building "D:\Tito Pedraza\OneDrive\Proyectos\Codigo Fuente\repos\HumanCore\src\TalenHuman.Application\TalenHuman.Application.csproj" (2:15) on node 1 (GetNativeManifest target(s)).
  2:15>Target "GetNativeManifest" skipped. Previously built successfully.
  2:15>Done Building Project "D:\Tito Pedraza\OneDrive\Proyectos\Codigo Fuente\repos\HumanCore\src\TalenHuman.Application\TalenHuman.Application.csproj" (GetNativeManifest target(s)).
   5:6>Project "D:\Tito Pedraza\OneDrive\Proyectos\Codigo Fuente\repos\HumanCore\src\TalenHuman.API\TalenHuman.API.csproj" (5:6) is building "D:\Tito Pedraza\OneDrive\Proyectos\Codigo Fuente\repos\HumanCore\src\TalenHuman.Domain\TalenHuman.Domain.csproj" (3:18) on node 1 (GetNativeManifest target(s)).
  3:18>Target "GetNativeManifest" skipped. Previously built successfully.
  3:18>Done Building Project "D:\Tito Pedraza\OneDrive\Proyectos\Codigo Fuente\repos\HumanCore\src\TalenHuman.Domain\TalenHuman.Domain.csproj" (GetNativeManifest target(s)).
   5:6>Project "D:\Tito Pedraza\OneDrive\Proyectos\Codigo Fuente\repos\HumanCore\src\TalenHuman.API\TalenHuman.API.csproj" (5:6) is building "D:\Tito Pedraza\OneDrive\Proyectos\Codigo Fuente\repos\HumanCore\src\TalenHuman.Infrastructure\TalenHuman.Infrastructure.csproj" (4:10) on node 3 (GetNativeManifest target(s)).
  4:10>Target "NETStandardCompatError_Microsoft_Extensions_Configuration_Binder" skipped. Previously built successfully.
  4:10>Target "GetNativeManifest" in file "C:\Program Files\dotnet\sdk\8.0.302\Microsoft.Common.CurrentVersion.targets" from project "D:\Tito Pedraza\OneDrive\Proyectos\Codigo Fuente\repos\HumanCore\src\TalenHuman.Infrastructure\TalenHuman.Infrastructure.csproj" (entry point):
  4:10>Done building target "GetNativeManifest" in project "TalenHuman.Infrastructure.csproj".
  4:10>Done Building Project "D:\Tito Pedraza\OneDrive\Proyectos\Codigo Fuente\repos\HumanCore\src\TalenHuman.Infrastructure\TalenHuman.Infrastructure.csproj" (GetNativeManifest target(s)).
   5:6>Done executing task "MSBuild".
       Task "Warning" skipped, due to false condition; ('@(ProjectReferenceWithConfiguration)' != '' and '@(_MSBuildProjectReferenceNonexistent)' != '') was evaluated as ('..\TalenHuman.Application\TalenHuman.Application.csproj;..\TalenHuman.Infrastructure\TalenHuman.Infrastructure.csproj;..\TalenHuman.Domain\TalenHuman.Domain.csproj' != '' and '' != '').
   5:6>Done building target "ResolveProjectReferences" in project "TalenHuman.API.csproj".
       Target "FindInvalidProjectReferences" skipped, due to false condition; ('$(FindInvalidProjectReferences)' == 'true') was evaluated as ('' == 'true').
       Target "ResolveNativeReferences" skipped, due to false condition; ('@(NativeReference)'!='') was evaluated as (''!='').
       Target "ResolveProjectReferences" skipped. Previously built successfully.
       Target "FindInvalidProjectReferences" skipped, due to false condition; ('$(FindInvalidProjectReferences)' == 'true') was evaluated as ('' == 'true').
       Target "GetFrameworkPaths" skipped. Previously built successfully.
       Target "GetReferenceAssemblyPaths" skipped. Previously built successfully.
       Target "PrepareForBuild" skipped. Previously built successfully.
       Target "GetInstalledSDKLocations" skipped, due to false condition; ('@(SDKReference)' != '') was evaluated as ('' != '').
   5:6>Target "ResolveSDKReferences" in file "C:\Program Files\dotnet\sdk\8.0.302\Microsoft.Common.CurrentVersion.targets" from project "D:\Tito Pedraza\OneDrive\Proyectos\Codigo Fuente\repos\HumanCore\src\TalenHuman.API\TalenHuman.API.csproj" (target "ResolveAssemblyReferences" depends on it):
       Task "ResolveSDKReference" skipped, due to false condition; ('@(SDKReference)'!='') was evaluated as (''!='').
   5:6>Done building target "ResolveSDKReferences" in project "TalenHuman.API.csproj".
       Target "ResolveSDKReferences" skipped. Previously built successfully.
   5:6>Target "ExpandSDKReferences" in file "C:\Program Files\dotnet\sdk\8.0.302\Microsoft.Common.CurrentVersion.targets" from project "D:\Tito Pedraza\OneDrive\Proyectos\Codigo Fuente\repos\HumanCore\src\TalenHuman.API\TalenHuman.API.csproj" (target "ResolveAssemblyReferences" depends on it):
       Task "GetSDKReferenceFiles" skipped, due to false condition; ('@(ResolvedSDKReference)'!='') was evaluated as (''!='').
   5:6>Done building target "ExpandSDKReferences" in project "TalenHuman.API.csproj".
       Target "ResolvePackageDependenciesForBuild" skipped. Previously built successfully.
       Target "GetFrameworkPaths" skipped. Previously built successfully.
       Target "GetReferenceAssemblyPaths" skipped. Previously built successfully.
       Target "ProcessFrameworkReferences" skipped. Previously built successfully.
       Target "ResolvePackageAssets" skipped. Previously built successfully.
   5:6>Target "ResolveFrameworkReferences" in file "C:\Program Files\dotnet\sdk\8.0.302\Sdks\Microsoft.NET.Sdk\targets\Microsoft.NET.Sdk.FrameworkReferenceResolution.targets" from project "D:\Tito Pedraza\OneDrive\Proyectos\Codigo Fuente\repos\HumanCore\src\TalenHuman.API\TalenHuman.API.csproj" (target "ResolveTargetingPackAssets" depends on it):
       Using "GetPackageDirectory" task from assembly "C:\Program Files\dotnet\sdk\8.0.302\Sdks\Microsoft.NET.Sdk\targets\..\tools\net8.0\Microsoft.NET.Build.Tasks.dll".
       Task "GetPackageDirectory"
       Done executing task "GetPackageDirectory".
       Task "GetPackageDirectory"
       Done executing task "GetPackageDirectory".
       Task "GetPackageDirectory"
       Done executing task "GetPackageDirectory".
       Task "GetPackageDirectory"
       Done executing task "GetPackageDirectory".
       Task "GetPackageDirectory"
       Done executing task "GetPackageDirectory".
       Task "GetPackageDirectory"
       Done executing task "GetPackageDirectory".
       Task "GetPackageDirectory"
       Done executing task "GetPackageDirectory".
       Task "GetPackageDirectory"
       Done executing task "GetPackageDirectory".
       Task "GetPackageDirectory"
       Done executing task "GetPackageDirectory".
       Task "GetPackageDirectory"
       Done executing task "GetPackageDirectory".
       Using "ResolveFrameworkReferences" task from assembly "C:\Program Files\dotnet\sdk\8.0.302\Sdks\Microsoft.NET.Sdk\targets\..\tools\net8.0\Microsoft.NET.Build.Tasks.dll".
       Task "ResolveFrameworkReferences"
       Done executing task "ResolveFrameworkReferences".
   5:6>Done building target "ResolveFrameworkReferences" in project "TalenHuman.API.csproj".
   5:6>Target "ResolveTargetingPackAssets" in file "C:\Program Files\dotnet\sdk\8.0.302\Sdks\Microsoft.NET.Sdk\targets\Microsoft.NET.Sdk.FrameworkReferenceResolution.targets" from project "D:\Tito Pedraza\OneDrive\Proyectos\Codigo Fuente\repos\HumanCore\src\TalenHuman.API\TalenHuman.API.csproj" (target "_HandlePackageFileConflicts" depends on it):
       Using "ResolveTargetingPackAssets" task from assembly "C:\Program Files\dotnet\sdk\8.0.302\Sdks\Microsoft.NET.Sdk\targets\..\tools\net8.0\Microsoft.NET.Build.Tasks.dll".
       Task "ResolveTargetingPackAssets"
       Done executing task "ResolveTargetingPackAssets".
   5:6>Done building target "ResolveTargetingPackAssets" in project "TalenHuman.API.csproj".
   5:6>Target "ResolveOffByDefaultAnalyzers" in file "C:\Program Files\dotnet\sdk\8.0.302\Sdks\Microsoft.NET.Sdk\targets\Microsoft.NET.Sdk.FrameworkReferenceResolution.targets" from project "D:\Tito Pedraza\OneDrive\Proyectos\Codigo Fuente\repos\HumanCore\src\TalenHuman.API\TalenHuman.API.csproj" (target "_HandlePackageFileConflicts" depends on it):
   5:6>Done building target "ResolveOffByDefaultAnalyzers" in project "TalenHuman.API.csproj".
   5:6>Target "_HandlePackageFileConflicts" in file "C:\Program Files\dotnet\sdk\8.0.302\Sdks\Microsoft.NET.Sdk\targets\Microsoft.NET.ConflictResolution.targets" from project "D:\Tito Pedraza\OneDrive\Proyectos\Codigo Fuente\repos\HumanCore\src\TalenHuman.API\TalenHuman.API.csproj" (target "ResolveAssemblyReferences" depends on it):
       Using "ResolvePackageFileConflicts" task from assembly "C:\Program Files\dotnet\sdk\8.0.302\Sdks\Microsoft.NET.Sdk\targets\..\tools\net8.0\Microsoft.NET.Build.Tasks.dll".
       Task "ResolvePackageFileConflicts"
         Encountered conflict between 'Reference:C:\Users\messa\.nuget\packages\system.collections.immutable\8.0.0\lib\net8.0\System.Collections.Immutable.dll' and 'Reference:C:\Program Files\dotnet\packs\Microsoft.NETCore.App.Ref\8.0.6\ref/net8.0/System.Collections.Immutable.dll'. Choosing 'Reference:C:\Program Files\dotnet\packs\Microsoft.NETCore.App.Ref\8.0.6\ref/net8.0/System.Collections.Immutable.dll' because file version '8.0.624.26715' is greater than '8.0.23.53103'.
         Encountered conflict between 'Reference:C:\Users\messa\.nuget\packages\system.diagnostics.diagnosticsource\9.0.0\lib\net8.0\System.Diagnostics.DiagnosticSource.dll' and 'Reference:C:\Program Files\dotnet\packs\Microsoft.NETCore.App.Ref\8.0.6\ref/net8.0/System.Diagnostics.DiagnosticSource.dll'. Choosing 'Reference:C:\Users\messa\.nuget\packages\system.diagnostics.diagnosticsource\9.0.0\lib\net8.0\System.Diagnostics.DiagnosticSource.dll' because AssemblyVersion '9.0.0.0' is greater than '8.0.0.0'.
         Encountered conflict between 'Reference:C:\Users\messa\.nuget\packages\system.text.encodings.web\4.5.0\lib\netstandard2.0\System.Text.Encodings.Web.dll' and 'Reference:C:\Program Files\dotnet\packs\Microsoft.NETCore.App.Ref\8.0.6\ref/net8.0/System.Text.Encodings.Web.dll'. Choosing 'Reference:C:\Program Files\dotnet\packs\Microsoft.NETCore.App.Ref\8.0.6\ref/net8.0/System.Text.Encodings.Web.dll' because AssemblyVersion '8.0.0.0' is greater than '4.0.3.0'.
         Encountered conflict between 'Reference:C:\Users\messa\.nuget\packages\microsoft.aspnetcore.cryptography.internal\8.0.11\lib\net8.0\Microsoft.AspNetCore.Cryptography.Internal.dll' and 'Reference:C:\Program Files\dotnet\packs\Microsoft.AspNetCore.App.Ref\8.0.6\ref\net8.0\Microsoft.AspNetCore.Cryptography.Internal.dll'. Choosing 'Reference:C:\Users\messa\.nuget\packages\microsoft.aspnetcore.cryptography.internal\8.0.11\lib\net8.0\Microsoft.AspNetCore.Cryptography.Internal.dll' because file version '8.0.1124.52116' is greater than '8.0.624.26909'.
         Encountered conflict between 'Reference:C:\Users\messa\.nuget\packages\microsoft.aspnetcore.cryptography.keyderivation\8.0.11\lib\net8.0\Microsoft.AspNetCore.Cryptography.KeyDerivation.dll' and 'Reference:C:\Program Files\dotnet\packs\Microsoft.AspNetCore.App.Ref\8.0.6\ref\net8.0\Microsoft.AspNetCore.Cryptography.KeyDerivation.dll'. Choosing 'Reference:C:\Users\messa\.nuget\packages\microsoft.aspnetcore.cryptography.keyderivation\8.0.11\lib\net8.0\Microsoft.AspNetCore.Cryptography.KeyDerivation.dll' because file version '8.0.1124.52116' is greater than '8.0.624.26909'.
         Encountered conflict between 'Reference:C:\Users\messa\.nuget\packages\microsoft.extensions.caching.memory\8.0.1\lib\net8.0\Microsoft.Extensions.Caching.Memory.dll' and 'Reference:C:\Program Files\dotnet\packs\Microsoft.AspNetCore.App.Ref\8.0.6\ref\net8.0\Microsoft.Extensions.Caching.Memory.dll'. Choosing 'Reference:C:\Users\messa\.nuget\packages\microsoft.extensions.caching.memory\8.0.1\lib\net8.0\Microsoft.Extensions.Caching.Memory.dll' because file version '8.0.1024.46610' is greater than '8.0.624.26715'.
         Encountered conflict between 'Reference:C:\Users\messa\.nuget\packages\microsoft.extensions.configuration.abstractions\9.0.0\lib\net8.0\Microsoft.Extensions.Configuration.Abstractions.dll' and 'Reference:C:\Program Files\dotnet\packs\Microsoft.AspNetCore.App.Ref\8.0.6\ref\net8.0\Microsoft.Extensions.Configuration.Abstractions.dll'. Choosing 'Reference:C:\Users\messa\.nuget\packages\microsoft.extensions.configuration.abstractions\9.0.0\lib\net8.0\Microsoft.Extensions.Configuration.Abstractions.dll' because AssemblyVersion '9.0.0.0' is greater than '8.0.0.0'.
         Encountered conflict between 'Reference:C:\Users\messa\.nuget\packages\microsoft.extensions.configuration.binder\9.0.0\lib\net8.0\Microsoft.Extensions.Configuration.Binder.dll' and 'Reference:C:\Program Files\dotnet\packs\Microsoft.AspNetCore.App.Ref\8.0.6\ref\net8.0\Microsoft.Extensions.Configuration.Binder.dll'. Choosing 'Reference:C:\Users\messa\.nuget\packages\microsoft.extensions.configuration.binder\9.0.0\lib\net8.0\Microsoft.Extensions.Configuration.Binder.dll' because AssemblyVersion '9.0.0.0' is greater than '8.0.0.0'.
         Encountered conflict between 'Reference:C:\Users\messa\.nuget\packages\microsoft.extensions.configuration\9.0.0\lib\net8.0\Microsoft.Extensions.Configuration.dll' and 'Reference:C:\Program Files\dotnet\packs\Microsoft.AspNetCore.App.Ref\8.0.6\ref\net8.0\Microsoft.Extensions.Configuration.dll'. Choosing 'Reference:C:\Users\messa\.nuget\packages\microsoft.extensions.configuration\9.0.0\lib\net8.0\Microsoft.Extensions.Configuration.dll' because AssemblyVersion '9.0.0.0' is greater than '8.0.0.0'.
         Encountered conflict between 'Reference:C:\Users\messa\.nuget\packages\microsoft.extensions.dependencyinjection\9.0.0\lib\net8.0\Microsoft.Extensions.DependencyInjection.dll' and 'Reference:C:\Program Files\dotnet\packs\Microsoft.AspNetCore.App.Ref\8.0.6\ref\net8.0\Microsoft.Extensions.DependencyInjection.dll'. Choosing 'Reference:C:\Users\messa\.nuget\packages\microsoft.extensions.dependencyinjection\9.0.0\lib\net8.0\Microsoft.Extensions.DependencyInjection.dll' because AssemblyVersion '9.0.0.0' is greater than '8.0.0.0'.
         Encountered conflict between 'Reference:C:\Users\messa\.nuget\packages\microsoft.extensions.diagnostics.abstractions\9.0.0\lib\net8.0\Microsoft.Extensions.Diagnostics.Abstractions.dll' and 'Reference:C:\Program Files\dotnet\packs\Microsoft.AspNetCore.App.Ref\8.0.6\ref\net8.0\Microsoft.Extensions.Diagnostics.Abstractions.dll'. Choosing 'Reference:C:\Users\messa\.nuget\packages\microsoft.extensions.diagnostics.abstractions\9.0.0\lib\net8.0\Microsoft.Extensions.Diagnostics.Abstractions.dll' because AssemblyVersion '9.0.0.0' is greater than '8.0.0.0'.
         Encountered conflict between 'Reference:C:\Users\messa\.nuget\packages\microsoft.extensions.diagnostics\9.0.0\lib\net8.0\Microsoft.Extensions.Diagnostics.dll' and 'Reference:C:\Program Files\dotnet\packs\Microsoft.AspNetCore.App.Ref\8.0.6\ref\net8.0\Microsoft.Extensions.Diagnostics.dll'. Choosing 'Reference:C:\Users\messa\.nuget\packages\microsoft.extensions.diagnostics\9.0.0\lib\net8.0\Microsoft.Extensions.Diagnostics.dll' because AssemblyVersion '9.0.0.0' is greater than '8.0.0.0'.
         Encountered conflict between 'Reference:C:\Users\messa\.nuget\packages\microsoft.extensions.http\9.0.0\lib\net8.0\Microsoft.Extensions.Http.dll' and 'Reference:C:\Program Files\dotnet\packs\Microsoft.AspNetCore.App.Ref\8.0.6\ref\net8.0\Microsoft.Extensions.Http.dll'. Choosing 'Reference:C:\Users\messa\.nuget\packages\microsoft.extensions.http\9.0.0\lib\net8.0\Microsoft.Extensions.Http.dll' because AssemblyVersion '9.0.0.0' is greater than '8.0.0.0'.
         Encountered conflict between 'Reference:C:\Users\messa\.nuget\packages\microsoft.extensions.identity.core\8.0.11\lib\net8.0\Microsoft.Extensions.Identity.Core.dll' and 'Reference:C:\Program Files\dotnet\packs\Microsoft.AspNetCore.App.Ref\8.0.6\ref\net8.0\Microsoft.Extensions.Identity.Core.dll'. Choosing 'Reference:C:\Users\messa\.nuget\packages\microsoft.extensions.identity.core\8.0.11\lib\net8.0\Microsoft.Extensions.Identity.Core.dll' because file version '8.0.1124.52116' is greater than '8.0.624.26909'.
         Encountered conflict between 'Reference:C:\Users\messa\.nuget\packages\microsoft.extensions.identity.stores\8.0.11\lib\net8.0\Microsoft.Extensions.Identity.Stores.dll' and 'Reference:C:\Program Files\dotnet\packs\Microsoft.AspNetCore.App.Ref\8.0.6\ref\net8.0\Microsoft.Extensions.Identity.Stores.dll'. Choosing 'Reference:C:\Users\messa\.nuget\packages\microsoft.extensions.identity.stores\8.0.11\lib\net8.0\Microsoft.Extensions.Identity.Stores.dll' because file version '8.0.1124.52116' is greater than '8.0.624.26909'.
         Encountered conflict between 'Reference:C:\Users\messa\.nuget\packages\microsoft.extensions.logging.abstractions\9.0.0\lib\net8.0\Microsoft.Extensions.Logging.Abstractions.dll' and 'Reference:C:\Program Files\dotnet\packs\Microsoft.AspNetCore.App.Ref\8.0.6\ref\net8.0\Microsoft.Extensions.Logging.Abstractions.dll'. Choosing 'Reference:C:\Users\messa\.nuget\packages\microsoft.extensions.logging.abstractions\9.0.0\lib\net8.0\Microsoft.Extensions.Logging.Abstractions.dll' because AssemblyVersion '9.0.0.0' is greater than '8.0.0.0'.
         Encountered conflict between 'Reference:C:\Users\messa\.nuget\packages\microsoft.extensions.logging\9.0.0\lib\net8.0\Microsoft.Extensions.Logging.dll' and 'Reference:C:\Program Files\dotnet\packs\Microsoft.AspNetCore.App.Ref\8.0.6\ref\net8.0\Microsoft.Extensions.Logging.dll'. Choosing 'Reference:C:\Users\messa\.nuget\packages\microsoft.extensions.logging\9.0.0\lib\net8.0\Microsoft.Extensions.Logging.dll' because AssemblyVersion '9.0.0.0' is greater than '8.0.0.0'.
         Encountered conflict between 'Reference:C:\Users\messa\.nuget\packages\microsoft.extensions.options.configurationextensions\9.0.0\lib\net8.0\Microsoft.Extensions.Options.ConfigurationExtensions.dll' and 'Reference:C:\Program Files\dotnet\packs\Microsoft.AspNetCore.App.Ref\8.0.6\ref\net8.0\Microsoft.Extensions.Options.ConfigurationExtensions.dll'. Choosing 'Reference:C:\Users\messa\.nuget\packages\microsoft.extensions.options.configurationextensions\9.0.0\lib\net8.0\Microsoft.Extensions.Options.ConfigurationExtensions.dll' because AssemblyVersion '9.0.0.0' is greater than '8.0.0.0'.
         Encountered conflict between 'Reference:C:\Users\messa\.nuget\packages\microsoft.extensions.options\9.0.0\lib\net8.0\Microsoft.Extensions.Options.dll' and 'Reference:C:\Program Files\dotnet\packs\Microsoft.AspNetCore.App.Ref\8.0.6\ref\net8.0\Microsoft.Extensions.Options.dll'. Choosing 'Reference:C:\Users\messa\.nuget\packages\microsoft.extensions.options\9.0.0\lib\net8.0\Microsoft.Extensions.Options.dll' because AssemblyVersion '9.0.0.0' is greater than '8.0.0.0'.
         Encountered conflict between 'Reference:C:\Users\messa\.nuget\packages\microsoft.extensions.primitives\9.0.0\lib\net8.0\Microsoft.Extensions.Primitives.dll' and 'Reference:C:\Program Files\dotnet\packs\Microsoft.AspNetCore.App.Ref\8.0.6\ref\net8.0\Microsoft.Extensions.Primitives.dll'. Choosing 'Reference:C:\Users\messa\.nuget\packages\microsoft.extensions.primitives\9.0.0\lib\net8.0\Microsoft.Extensions.Primitives.dll' because AssemblyVersion '9.0.0.0' is greater than '8.0.0.0'.
         Encountered conflict between 'Analyzer:C:\Users\messa\.nuget\packages\microsoft.extensions.logging.abstractions\9.0.0\analyzers\dotnet\roslyn4.4\cs\Microsoft.Extensions.Logging.Generators.dll' and 'Analyzer:C:\Program Files\dotnet\packs\Microsoft.AspNetCore.App.Ref\8.0.6\analyzers/dotnet/roslyn4.4/cs/Microsoft.Extensions.Logging.Generators.dll'. Choosing 'Analyzer:C:\Users\messa\.nuget\packages\microsoft.extensions.logging.abstractions\9.0.0\analyzers\dotnet\roslyn4.4\cs\Microsoft.Extensions.Logging.Generators.dll' because AssemblyVersion '9.0.11.2809' is greater than '8.0.10.26715'.
         Encountered conflict between 'Analyzer:C:\Users\messa\.nuget\packages\microsoft.extensions.options\9.0.0\analyzers\dotnet\roslyn4.4\cs\Microsoft.Extensions.Options.SourceGeneration.dll' and 'Analyzer:C:\Program Files\dotnet\packs\Microsoft.AspNetCore.App.Ref\8.0.6\analyzers/dotnet/roslyn4.4/cs/Microsoft.Extensions.Options.SourceGeneration.dll'. Choosing 'Analyzer:C:\Users\messa\.nuget\packages\microsoft.extensions.options\9.0.0\analyzers\dotnet\roslyn4.4\cs\Microsoft.Extensions.Options.SourceGeneration.dll' because AssemblyVersion '9.0.11.2809' is greater than '8.0.10.26715'.
         Encountered conflict between 'Platform:Microsoft.AspNetCore.Cryptography.Internal.dll' and 'CopyLocal:C:\Users\messa\.nuget\packages\microsoft.aspnetcore.cryptography.internal\8.0.11\lib\net8.0\Microsoft.AspNetCore.Cryptography.Internal.dll'. Choosing 'CopyLocal:C:\Users\messa\.nuget\packages\microsoft.aspnetcore.cryptography.internal\8.0.11\lib\net8.0\Microsoft.AspNetCore.Cryptography.Internal.dll' because file version '8.0.1124.52116' is greater than '8.0.23.53112'.
         Encountered conflict between 'Platform:Microsoft.AspNetCore.Cryptography.KeyDerivation.dll' and 'CopyLocal:C:\Users\messa\.nuget\packages\microsoft.aspnetcore.cryptography.keyderivation\8.0.11\lib\net8.0\Microsoft.AspNetCore.Cryptography.KeyDerivation.dll'. Choosing 'CopyLocal:C:\Users\messa\.nuget\packages\microsoft.aspnetcore.cryptography.keyderivation\8.0.11\lib\net8.0\Microsoft.AspNetCore.Cryptography.KeyDerivation.dll' because file version '8.0.1124.52116' is greater than '8.0.23.53112'.
         Encountered conflict between 'Platform:Microsoft.Extensions.Caching.Memory.dll' and 'CopyLocal:C:\Users\messa\.nuget\packages\microsoft.extensions.caching.memory\8.0.1\lib\net8.0\Microsoft.Extensions.Caching.Memory.dll'. Choosing 'CopyLocal:C:\Users\messa\.nuget\packages\microsoft.extensions.caching.memory\8.0.1\lib\net8.0\Microsoft.Extensions.Caching.Memory.dll' because file version '8.0.1024.46610' is greater than '8.0.23.53103'.
         Encountered conflict between 'Platform:Microsoft.Extensions.Configuration.dll' and 'CopyLocal:C:\Users\messa\.nuget\packages\microsoft.extensions.configuration\9.0.0\lib\net8.0\Microsoft.Extensions.Configuration.dll'. Choosing 'CopyLocal:C:\Users\messa\.nuget\packages\microsoft.extensions.configuration\9.0.0\lib\net8.0\Microsoft.Extensions.Configuration.dll' because AssemblyVersion '9.0.0.0' is greater than '8.0.0.0'.
         Encountered conflict between 'Platform:Microsoft.Extensions.Configuration.Abstractions.dll' and 'CopyLocal:C:\Users\messa\.nuget\packages\microsoft.extensions.configuration.abstractions\9.0.0\lib\net8.0\Microsoft.Extensions.Configuration.Abstractions.dll'. Choosing 'CopyLocal:C:\Users\messa\.nuget\packages\microsoft.extensions.configuration.abstractions\9.0.0\lib\net8.0\Microsoft.Extensions.Configuration.Abstractions.dll' because AssemblyVersion '9.0.0.0' is greater than '8.0.0.0'.
         Encountered conflict between 'Platform:Microsoft.Extensions.Configuration.Binder.dll' and 'CopyLocal:C:\Users\messa\.nuget\packages\microsoft.extensions.configuration.binder\9.0.0\lib\net8.0\Microsoft.Extensions.Configuration.Binder.dll'. Choosing 'CopyLocal:C:\Users\messa\.nuget\packages\microsoft.extensions.configuration.binder\9.0.0\lib\net8.0\Microsoft.Extensions.Configuration.Binder.dll' because AssemblyVersion '9.0.0.0' is greater than '8.0.0.0'.
         Encountered conflict between 'Platform:Microsoft.Extensions.DependencyInjection.dll' and 'CopyLocal:C:\Users\messa\.nuget\packages\microsoft.extensions.dependencyinjection\9.0.0\lib\net8.0\Microsoft.Extensions.DependencyInjection.dll'. Choosing 'CopyLocal:C:\Users\messa\.nuget\packages\microsoft.extensions.dependencyinjection\9.0.0\lib\net8.0\Microsoft.Extensions.DependencyInjection.dll' because AssemblyVersion '9.0.0.0' is greater than '8.0.0.0'.
         Encountered conflict between 'Platform:Microsoft.Extensions.Diagnostics.dll' and 'CopyLocal:C:\Users\messa\.nuget\packages\microsoft.extensions.diagnostics\9.0.0\lib\net8.0\Microsoft.Extensions.Diagnostics.dll'. Choosing 'CopyLocal:C:\Users\messa\.nuget\packages\microsoft.extensions.diagnostics\9.0.0\lib\net8.0\Microsoft.Extensions.Diagnostics.dll' because AssemblyVersion '9.0.0.0' is greater than '8.0.0.0'.
         Encountered conflict between 'Platform:Microsoft.Extensions.Diagnostics.Abstractions.dll' and 'CopyLocal:C:\Users\messa\.nuget\packages\microsoft.extensions.diagnostics.abstractions\9.0.0\lib\net8.0\Microsoft.Extensions.Diagnostics.Abstractions.dll'. Choosing 'CopyLocal:C:\Users\messa\.nuget\packages\microsoft.extensions.diagnostics.abstractions\9.0.0\lib\net8.0\Microsoft.Extensions.Diagnostics.Abstractions.dll' because AssemblyVersion '9.0.0.0' is greater than '8.0.0.0'.
         Encountered conflict between 'Platform:Microsoft.Extensions.Http.dll' and 'CopyLocal:C:\Users\messa\.nuget\packages\microsoft.extensions.http\9.0.0\lib\net8.0\Microsoft.Extensions.Http.dll'. Choosing 'CopyLocal:C:\Users\messa\.nuget\packages\microsoft.extensions.http\9.0.0\lib\net8.0\Microsoft.Extensions.Http.dll' because AssemblyVersion '9.0.0.0' is greater than '8.0.0.0'.
         Encountered conflict between 'Platform:Microsoft.Extensions.Identity.Core.dll' and 'CopyLocal:C:\Users\messa\.nuget\packages\microsoft.extensions.identity.core\8.0.11\lib\net8.0\Microsoft.Extensions.Identity.Core.dll'. Choosing 'CopyLocal:C:\Users\messa\.nuget\packages\microsoft.extensions.identity.core\8.0.11\lib\net8.0\Microsoft.Extensions.Identity.Core.dll' because file version '8.0.1124.52116' is greater than '8.0.23.53112'.
         Encountered conflict between 'Platform:Microsoft.Extensions.Identity.Stores.dll' and 'CopyLocal:C:\Users\messa\.nuget\packages\microsoft.extensions.identity.stores\8.0.11\lib\net8.0\Microsoft.Extensions.Identity.Stores.dll'. Choosing 'CopyLocal:C:\Users\messa\.nuget\packages\microsoft.extensions.identity.stores\8.0.11\lib\net8.0\Microsoft.Extensions.Identity.Stores.dll' because file version '8.0.1124.52116' is greater than '8.0.23.53112'.
         Encountered conflict between 'Platform:Microsoft.Extensions.Logging.dll' and 'CopyLocal:C:\Users\messa\.nuget\packages\microsoft.extensions.logging\9.0.0\lib\net8.0\Microsoft.Extensions.Logging.dll'. Choosing 'CopyLocal:C:\Users\messa\.nuget\packages\microsoft.extensions.logging\9.0.0\lib\net8.0\Microsoft.Extensions.Logging.dll' because AssemblyVersion '9.0.0.0' is greater than '8.0.0.0'.
         Encountered conflict between 'Platform:Microsoft.Extensions.Logging.Abstractions.dll' and 'CopyLocal:C:\Users\messa\.nuget\packages\microsoft.extensions.logging.abstractions\9.0.0\lib\net8.0\Microsoft.Extensions.Logging.Abstractions.dll'. Choosing 'CopyLocal:C:\Users\messa\.nuget\packages\microsoft.extensions.logging.abstractions\9.0.0\lib\net8.0\Microsoft.Extensions.Logging.Abstractions.dll' because AssemblyVersion '9.0.0.0' is greater than '8.0.0.0'.
         Encountered conflict between 'Platform:Microsoft.Extensions.Options.dll' and 'CopyLocal:C:\Users\messa\.nuget\packages\microsoft.extensions.options\9.0.0\lib\net8.0\Microsoft.Extensions.Options.dll'. Choosing 'CopyLocal:C:\Users\messa\.nuget\packages\microsoft.extensions.options\9.0.0\lib\net8.0\Microsoft.Extensions.Options.dll' because AssemblyVersion '9.0.0.0' is greater than '8.0.0.0'.
         Encountered conflict between 'Platform:Microsoft.Extensions.Options.ConfigurationExtensions.dll' and 'CopyLocal:C:\Users\messa\.nuget\packages\microsoft.extensions.options.configurationextensions\9.0.0\lib\net8.0\Microsoft.Extensions.Options.ConfigurationExtensions.dll'. Choosing 'CopyLocal:C:\Users\messa\.nuget\packages\microsoft.extensions.options.configurationextensions\9.0.0\lib\net8.0\Microsoft.Extensions.Options.ConfigurationExtensions.dll' because AssemblyVersion '9.0.0.0' is greater than '8.0.0.0'.
         Encountered conflict between 'Platform:Microsoft.Extensions.Primitives.dll' and 'CopyLocal:C:\Users\messa\.nuget\packages\microsoft.extensions.primitives\9.0.0\lib\net8.0\Microsoft.Extensions.Primitives.dll'. Choosing 'CopyLocal:C:\Users\messa\.nuget\packages\microsoft.extensions.primitives\9.0.0\lib\net8.0\Microsoft.Extensions.Primitives.dll' because AssemblyVersion '9.0.0.0' is greater than '8.0.0.0'.
         Encountered conflict between 'Platform:System.Collections.Immutable.dll' and 'CopyLocal:C:\Users\messa\.nuget\packages\system.collections.immutable\8.0.0\lib\net8.0\System.Collections.Immutable.dll'. Choosing 'Platform:System.Collections.Immutable.dll' because file version '8.0.624.26715' is greater than '8.0.23.53103'.
         Encountered conflict between 'Platform:System.Diagnostics.DiagnosticSource.dll' and 'CopyLocal:C:\Users\messa\.nuget\packages\system.diagnostics.diagnosticsource\9.0.0\lib\net8.0\System.Diagnostics.DiagnosticSource.dll'. Choosing 'CopyLocal:C:\Users\messa\.nuget\packages\system.diagnostics.diagnosticsource\9.0.0\lib\net8.0\System.Diagnostics.DiagnosticSource.dll' because AssemblyVersion '9.0.0.0' is greater than '8.0.0.0'.
         Encountered conflict between 'Platform:System.Reflection.Metadata.dll' and 'CopyLocal:C:\Users\messa\.nuget\packages\system.reflection.metadata\6.0.1\lib\net6.0\System.Reflection.Metadata.dll'. Choosing 'Platform:System.Reflection.Metadata.dll' because AssemblyVersion '8.0.0.0' is greater than '6.0.0.0'.
         Encountered conflict between 'Platform:System.Runtime.CompilerServices.Unsafe.dll' and 'CopyLocal:C:\Users\messa\.nuget\packages\system.runtime.compilerservices.unsafe\6.0.0\lib\net6.0\System.Runtime.CompilerServices.Unsafe.dll'. Choosing 'Platform:System.Runtime.CompilerServices.Unsafe.dll' because AssemblyVersion '8.0.0.0' is greater than '6.0.0.0'.
         Encountered conflict between 'Platform:System.Text.Encoding.CodePages.dll' and 'CopyLocal:C:\Users\messa\.nuget\packages\system.text.encoding.codepages\6.0.0\lib\net6.0\System.Text.Encoding.CodePages.dll'. Choosing 'Platform:System.Text.Encoding.CodePages.dll' because AssemblyVersion '8.0.0.0' is greater than '6.0.0.0'.
         Encountered conflict between 'Platform:System.Text.Encodings.Web.dll' and 'CopyLocal:C:\Users\messa\.nuget\packages\system.text.encodings.web\4.5.0\lib\netstandard2.0\System.Text.Encodings.Web.dll'. Choosing 'Platform:System.Text.Encodings.Web.dll' because AssemblyVersion '8.0.0.0' is greater than '4.0.3.0'.
         Encountered conflict between 'Platform:System.Threading.Channels.dll' and 'CopyLocal:C:\Users\messa\.nuget\packages\system.threading.channels\6.0.0\lib\net6.0\System.Threading.Channels.dll'. Choosing 'Platform:System.Threading.Channels.dll' because AssemblyVersion '8.0.0.0' is greater than '6.0.0.0'.
         Encountered conflict between 'Platform:System.Text.Encoding.CodePages.dll' and 'CopyLocal:C:\Users\messa\.nuget\packages\system.text.encoding.codepages\6.0.0\runtimes\win\lib\net6.0\System.Text.Encoding.CodePages.dll'. Choosing 'Platform:System.Text.Encoding.CodePages.dll' because AssemblyVersion '8.0.0.0' is greater than '6.0.0.0'.
         Encountered conflict between 'Platform:mscorlib.dll' and 'Platform:mscorlib.dll'. Could not determine winner due to equal file and assembly versions.
         Encountered conflict between 'Platform:Microsoft.VisualBasic.dll' and 'Platform:Microsoft.VisualBasic.dll'. Could not determine winner due to equal file and assembly versions.
         Encountered conflict between 'Platform:System.dll' and 'Platform:System.dll'. Could not determine winner due to equal file and assembly versions.
         Encountered conflict between 'Platform:System.ComponentModel.DataAnnotations.dll' and 'Platform:System.ComponentModel.DataAnnotations.dll'. Could not determine winner due to equal file and assembly versions.
         Encountered conflict between 'Platform:System.Configuration.dll' and 'Platform:System.Configuration.dll'. Could not determine winner due to equal file and assembly versions.
         Encountered conflict between 'Platform:System.Core.dll' and 'Platform:System.Core.dll'. Could not determine winner due to equal file and assembly versions.
         Encountered conflict between 'Platform:System.Data.dll' and 'Platform:System.Data.dll'. Could not determine winner due to equal file and assembly versions.
         Encountered conflict between 'Platform:System.Drawing.dll' and 'Platform:System.Drawing.dll'. Could not determine winner due to equal file and assembly versions.
         Encountered conflict between 'Platform:System.IO.Compression.FileSystem.dll' and 'Platform:System.IO.Compression.FileSystem.dll'. Could not determine winner due to equal file and assembly versions.
         Encountered conflict between 'Platform:System.Net.dll' and 'Platform:System.Net.dll'. Could not determine winner due to equal file and assembly versions.
         Encountered conflict between 'Platform:System.Numerics.dll' and 'Platform:System.Numerics.dll'. Could not determine winner due to equal file and assembly versions.
         Encountered conflict between 'Platform:System.Runtime.Serialization.dll' and 'Platform:System.Runtime.Serialization.dll'. Could not determine winner due to equal file and assembly versions.
         Encountered conflict between 'Platform:System.Security.dll' and 'Platform:System.Security.dll'. Could not determine winner due to equal file and assembly versions.
         Encountered conflict between 'Platform:System.ServiceProcess.dll' and 'Platform:System.ServiceProcess.dll'. Could not determine winner due to equal file and assembly versions.
         Encountered conflict between 'Platform:System.ServiceModel.Web.dll' and 'Platform:System.ServiceModel.Web.dll'. Could not determine winner due to equal file and assembly versions.
         Encountered conflict between 'Platform:System.Transactions.dll' and 'Platform:System.Transactions.dll'. Could not determine winner due to equal file and assembly versions.
         Encountered conflict between 'Platform:System.Web.dll' and 'Platform:System.Web.dll'. Could not determine winner due to equal file and assembly versions.
         Encountered conflict between 'Platform:System.Windows.dll' and 'Platform:System.Windows.dll'. Could not determine winner due to equal file and assembly versions.
         Encountered conflict between 'Platform:System.Xml.dll' and 'Platform:System.Xml.dll'. Could not determine winner due to equal file and assembly versions.
         Encountered conflict between 'Platform:System.Xml.Serialization.dll' and 'Platform:System.Xml.Serialization.dll'. Could not determine winner due to equal file and assembly versions.
         Encountered conflict between 'Platform:System.Xml.Linq.dll' and 'Platform:System.Xml.Linq.dll'. Could not determine winner due to equal file and assembly versions.
         Encountered conflict between 'Platform:WindowsBase.dll' and 'Platform:WindowsBase.dll'. Could not determine winner due to equal file and assembly versions.
         Encountered conflict between 'Platform:netstandard.dll' and 'Platform:netstandard.dll'. Could not determine winner due to equal file and assembly versions.
         Encountered conflict between 'Platform:System.Private.CoreLib.dll' and 'Platform:System.Private.CoreLib.dll'. Could not determine winner due to equal file and assembly versions.
         Encountered conflict between 'Platform:System.Private.DataContractSerialization.dll' and 'Platform:System.Private.DataContractSerialization.dll'. Could not determine winner due to equal file and assembly versions.
         Encountered conflict between 'Platform:System.Private.Uri.dll' and 'Platform:System.Private.Uri.dll'. Could not determine winner due to equal file and assembly versions.
         Encountered conflict between 'Platform:System.Private.Xml.dll' and 'Platform:System.Private.Xml.dll'. Could not determine winner due to equal file and assembly versions.
         Encountered conflict between 'Platform:System.Private.Xml.Linq.dll' and 'Platform:System.Private.Xml.Linq.dll'. Could not determine winner due to equal file and assembly versions.
         Encountered conflict between 'Platform:mscordaccore_amd64_amd64_8.0.624.26715.dll' and 'Platform:mscordaccore_amd64_amd64_8.0.624.26715.dll'. Could not determine winner due to equal file and assembly versions.
       Done executing task "ResolvePackageFileConflicts".
   5:6>Done building target "_HandlePackageFileConflicts" in project "TalenHuman.API.csproj".
       Target "ResolveTargetingPackAssets" skipped. Previously built successfully.
   5:6>Target "ResolveAssemblyReferences" in file "C:\Program Files\dotnet\sdk\8.0.302\Microsoft.Common.CurrentVersion.targets" from project "D:\Tito Pedraza\OneDrive\Proyectos\Codigo Fuente\repos\HumanCore\src\TalenHuman.API\TalenHuman.API.csproj" (target "ResolveReferences" depends on it):
       Using "ResolveAssemblyReference" task from assembly "Microsoft.Build.Tasks.Core, Version=15.1.0.0, Culture=neutral, PublicKeyToken=b03f5f7f11d50a3a".
       Task "ResolveAssemblyReference"
         TargetFrameworkMoniker:
             .NETCoreApp,Version=v8.0
         TargetFrameworkMonikerDisplayName:
             .NET 8.0
         TargetedRuntimeVersion:
             
         Assemblies:
             C:\Users\messa\.nuget\packages\awssdk.core\4.0.3.23\lib\net8.0\AWSSDK.Core.dll
                 Private = 'false'
                 HintPath = 'C:\Users\messa\.nuget\packages\awssdk.core\4.0.3.23\lib\net8.0\AWSSDK.Core.dll'
             C:\Users\messa\.nuget\packages\awssdk.s3\4.0.19.3\lib\net8.0\AWSSDK.S3.dll
                 Private = 'false'
                 HintPath = 'C:\Users\messa\.nuget\packages\awssdk.s3\4.0.19.3\lib\net8.0\AWSSDK.S3.dll'
             C:\Users\messa\.nuget\packages\closedxml\0.105.0\lib\netstandard2.1\ClosedXML.dll
                 Private = 'false'
                 HintPath = 'C:\Users\messa\.nuget\packages\closedxml\0.105.0\lib\netstandard2.1\ClosedXML.dll'
             C:\Users\messa\.nuget\packages\closedxml.parser\2.0.0\lib\netstandard2.1\ClosedXML.Parser.dll
                 Private = 'false'
                 HintPath = 'C:\Users\messa\.nuget\packages\closedxml.parser\2.0.0\lib\netstandard2.1\ClosedXML.Parser.dll'
             C:\Users\messa\.nuget\packages\documentformat.openxml\3.1.1\lib\net8.0\DocumentFormat.OpenXml.dll
                 Private = 'false'
                 HintPath = 'C:\Users\messa\.nuget\packages\documentformat.openxml\3.1.1\lib\net8.0\DocumentFormat.OpenXml.dll'
             C:\Users\messa\.nuget\packages\documentformat.openxml.framework\3.1.1\lib\net8.0\DocumentFormat.OpenXml.Framework.dll
                 Private = 'false'
                 HintPath = 'C:\Users\messa\.nuget\packages\documentformat.openxml.framework\3.1.1\lib\net8.0\DocumentFormat.OpenXml.Framework.dll'
             C:\Users\messa\.nuget\packages\exceldatareader\3.8.0\lib\net8.0\ExcelDataReader.dll
                 Private = 'false'
                 HintPath = 'C:\Users\messa\.nuget\packages\exceldatareader\3.8.0\lib\net8.0\ExcelDataReader.dll'
             C:\Users\messa\.nuget\packages\exceldatareader.dataset\3.8.0\lib\net8.0\ExcelDataReader.DataSet.dll
                 Private = 'false'
                 HintPath = 'C:\Users\messa\.nuget\packages\exceldatareader.dataset\3.8.0\lib\net8.0\ExcelDataReader.DataSet.dll'
             C:\Users\messa\.nuget\packages\excelnumberformat\1.1.0\lib\netstandard2.0\ExcelNumberFormat.dll
                 Private = 'false'
                 HintPath = 'C:\Users\messa\.nuget\packages\excelnumberformat\1.1.0\lib\netstandard2.0\ExcelNumberFormat.dll'
             C:\Users\messa\.nuget\packages\fido2\4.0.0\lib\net8.0\Fido2.dll
                 Private = 'false'
                 HintPath = 'C:\Users\messa\.nuget\packages\fido2\4.0.0\lib\net8.0\Fido2.dll'
             C:\Users\messa\.nuget\packages\fido2.aspnet\4.0.0\lib\net8.0\Fido2.AspNet.dll
                 Private = 'false'
                 HintPath = 'C:\Users\messa\.nuget\packages\fido2.aspnet\4.0.0\lib\net8.0\Fido2.AspNet.dll'
             C:\Users\messa\.nuget\packages\fido2.models\4.0.0\lib\net8.0\Fido2.Models.dll
                 Private = 'false'
                 HintPath = 'C:\Users\messa\.nuget\packages\fido2.models\4.0.0\lib\net8.0\Fido2.Models.dll'
             C:\Users\messa\.nuget\packages\firebaseadmin\3.5.0\lib\net6.0\FirebaseAdmin.dll
                 Private = 'false'
                 HintPath = 'C:\Users\messa\.nuget\packages\firebaseadmin\3.5.0\lib\net6.0\FirebaseAdmin.dll'
             C:\Users\messa\.nuget\packages\fluentvalidation\11.11.0\lib\net8.0\FluentValidation.dll
                 Private = 'false'
                 HintPath = 'C:\Users\messa\.nuget\packages\fluentvalidation\11.11.0\lib\net8.0\FluentValidation.dll'
             C:\Users\messa\.nuget\packages\fluentvalidation.aspnetcore\11.3.1\lib\net6.0\FluentValidation.AspNetCore.dll
                 Private = 'false'
                 HintPath = 'C:\Users\messa\.nuget\packages\fluentvalidation.aspnetcore\11.3.1\lib\net6.0\FluentValidation.AspNetCore.dll'
             C:\Users\messa\.nuget\packages\fluentvalidation.dependencyinjectionextensions\11.11.0\lib\netstandard2.1\FluentValidation.DependencyInjectionExtensions.dll
                 Private = 'false'
                 HintPath = 'C:\Users\messa\.nuget\packages\fluentvalidation.dependencyinjectionextensions\11.11.0\lib\netstandard2.1\FluentValidation.DependencyInjectionExtensions.dll'
             C:\Users\messa\.nuget\packages\google.api.gax\4.13.1\lib\netstandard2.0\Google.Api.Gax.dll
                 Private = 'false'
                 HintPath = 'C:\Users\messa\.nuget\packages\google.api.gax\4.13.1\lib\netstandard2.0\Google.Api.Gax.dll'
             C:\Users\messa\.nuget\packages\google.api.gax.rest\4.13.1\lib\netstandard2.0\Google.Api.Gax.Rest.dll
                 Private = 'false'
                 HintPath = 'C:\Users\messa\.nuget\packages\google.api.gax.rest\4.13.1\lib\netstandard2.0\Google.Api.Gax.Rest.dll'
             C:\Users\messa\.nuget\packages\google.apis\1.73.0\lib\net6.0\Google.Apis.dll
                 Private = 'false'
                 HintPath = 'C:\Users\messa\.nuget\packages\google.apis\1.73.0\lib\net6.0\Google.Apis.dll'
             C:\Users\messa\.nuget\packages\google.apis.auth\1.73.0\lib\net6.0\Google.Apis.Auth.dll
                 Private = 'false'
                 HintPath = 'C:\Users\messa\.nuget\packages\google.apis.auth\1.73.0\lib\net6.0\Google.Apis.Auth.dll'
             C:\Users\messa\.nuget\packages\google.apis.core\1.73.0\lib\net6.0\Google.Apis.Core.dll
                 Private = 'false'
                 HintPath = 'C:\Users\messa\.nuget\packages\google.apis.core\1.73.0\lib\net6.0\Google.Apis.Core.dll'
             C:\Users\messa\.nuget\packages\mediatr\12.0.1\lib\net6.0\MediatR.dll
                 Private = 'false'
                 HintPath = 'C:\Users\messa\.nuget\packages\mediatr\12.0.1\lib\net6.0\MediatR.dll'
             C:\Users\messa\.nuget\packages\mediatr.contracts\2.0.1\lib\netstandard2.0\MediatR.Contracts.dll
                 Private = 'false'
                 HintPath = 'C:\Users\messa\.nuget\packages\mediatr.contracts\2.0.1\lib\netstandard2.0\MediatR.Contracts.dll'
             C:\Users\messa\.nuget\packages\microsoft.aspnetcore.authentication.jwtbearer\8.0.11\lib\net8.0\Microsoft.AspNetCore.Authentication.JwtBearer.dll
                 Private = 'false'
                 HintPath = 'C:\Users\messa\.nuget\packages\microsoft.aspnetcore.authentication.jwtbearer\8.0.11\lib\net8.0\Microsoft.AspNetCore.Authentication.JwtBearer.dll'
             C:\Users\messa\.nuget\packages\microsoft.aspnetcore.cryptography.internal\8.0.11\lib\net8.0\Microsoft.AspNetCore.Cryptography.Internal.dll
                 Private = 'false'
                 HintPath = 'C:\Users\messa\.nuget\packages\microsoft.aspnetcore.cryptography.internal\8.0.11\lib\net8.0\Microsoft.AspNetCore.Cryptography.Internal.dll'
             C:\Users\messa\.nuget\packages\microsoft.aspnetcore.cryptography.keyderivation\8.0.11\lib\net8.0\Microsoft.AspNetCore.Cryptography.KeyDerivation.dll
                 Private = 'false'
                 HintPath = 'C:\Users\messa\.nuget\packages\microsoft.aspnetcore.cryptography.keyderivation\8.0.11\lib\net8.0\Microsoft.AspNetCore.Cryptography.KeyDerivation.dll'
             C:\Users\messa\.nuget\packages\microsoft.aspnetcore.identity.entityframeworkcore\8.0.11\lib\net8.0\Microsoft.AspNetCore.Identity.EntityFrameworkCore.dll
                 Private = 'false'
                 HintPath = 'C:\Users\messa\.nuget\packages\microsoft.aspnetcore.identity.entityframeworkcore\8.0.11\lib\net8.0\Microsoft.AspNetCore.Identity.EntityFrameworkCore.dll'
             C:\Users\messa\.nuget\packages\microsoft.aspnetcore.openapi\8.0.11\lib\net8.0\Microsoft.AspNetCore.OpenApi.dll
                 Private = 'false'
                 HintPath = 'C:\Users\messa\.nuget\packages\microsoft.aspnetcore.openapi\8.0.11\lib\net8.0\Microsoft.AspNetCore.OpenApi.dll'
             C:\Users\messa\.nuget\packages\microsoft.bcl.asyncinterfaces\6.0.0\lib\netstandard2.1\Microsoft.Bcl.AsyncInterfaces.dll
                 Private = 'false'
                 HintPath = 'C:\Users\messa\.nuget\packages\microsoft.bcl.asyncinterfaces\6.0.0\lib\netstandard2.1\Microsoft.Bcl.AsyncInterfaces.dll'
             C:\Users\messa\.nuget\packages\microsoft.bcl.memory\9.0.0\lib\net8.0\Microsoft.Bcl.Memory.dll
                 Private = 'false'
                 HintPath = 'C:\Users\messa\.nuget\packages\microsoft.bcl.memory\9.0.0\lib\net8.0\Microsoft.Bcl.Memory.dll'
             C:\Users\messa\.nuget\packages\microsoft.bcl.timeprovider\8.0.1\lib\net8.0\Microsoft.Bcl.TimeProvider.dll
                 Private = 'false'
                 HintPath = 'C:\Users\messa\.nuget\packages\microsoft.bcl.timeprovider\8.0.1\lib\net8.0\Microsoft.Bcl.TimeProvider.dll'
             C:\Users\messa\.nuget\packages\microsoft.entityframeworkcore\8.0.11\lib\net8.0\Microsoft.EntityFrameworkCore.dll
                 Private = 'false'
                 HintPath = 'C:\Users\messa\.nuget\packages\microsoft.entityframeworkcore\8.0.11\lib\net8.0\Microsoft.EntityFrameworkCore.dll'
             C:\Users\messa\.nuget\packages\microsoft.entityframeworkcore.abstractions\8.0.11\lib\net8.0\Microsoft.EntityFrameworkCore.Abstractions.dll
                 Private = 'false'
                 HintPath = 'C:\Users\messa\.nuget\packages\microsoft.entityframeworkcore.abstractions\8.0.11\lib\net8.0\Microsoft.EntityFrameworkCore.Abstractions.dll'
             C:\Users\messa\.nuget\packages\microsoft.entityframeworkcore.relational\8.0.11\lib\net8.0\Microsoft.EntityFrameworkCore.Relational.dll
                 Private = 'false'
                 HintPath = 'C:\Users\messa\.nuget\packages\microsoft.entityframeworkcore.relational\8.0.11\lib\net8.0\Microsoft.EntityFrameworkCore.Relational.dll'
             C:\Users\messa\.nuget\packages\microsoft.extensions.caching.memory\8.0.1\lib\net8.0\Microsoft.Extensions.Caching.Memory.dll
                 Private = 'false'
                 HintPath = 'C:\Users\messa\.nuget\packages\microsoft.extensions.caching.memory\8.0.1\lib\net8.0\Microsoft.Extensions.Caching.Memory.dll'
             C:\Users\messa\.nuget\packages\microsoft.extensions.configuration\9.0.0\lib\net8.0\Microsoft.Extensions.Configuration.dll
                 Private = 'false'
                 HintPath = 'C:\Users\messa\.nuget\packages\microsoft.extensions.configuration\9.0.0\lib\net8.0\Microsoft.Extensions.Configuration.dll'
             C:\Users\messa\.nuget\packages\microsoft.extensions.configuration.abstractions\9.0.0\lib\net8.0\Microsoft.Extensions.Configuration.Abstractions.dll
                 Private = 'false'
                 HintPath = 'C:\Users\messa\.nuget\packages\microsoft.extensions.configuration.abstractions\9.0.0\lib\net8.0\Microsoft.Extensions.Configuration.Abstractions.dll'
             C:\Users\messa\.nuget\packages\microsoft.extensions.configuration.binder\9.0.0\lib\net8.0\Microsoft.Extensions.Configuration.Binder.dll
                 Private = 'false'
                 HintPath = 'C:\Users\messa\.nuget\packages\microsoft.extensions.configuration.binder\9.0.0\lib\net8.0\Microsoft.Extensions.Configuration.Binder.dll'
             C:\Users\messa\.nuget\packages\microsoft.extensions.dependencyinjection\9.0.0\lib\net8.0\Microsoft.Extensions.DependencyInjection.dll
                 Private = 'false'
                 HintPath = 'C:\Users\messa\.nuget\packages\microsoft.extensions.dependencyinjection\9.0.0\lib\net8.0\Microsoft.Extensions.DependencyInjection.dll'
             C:\Users\messa\.nuget\packages\microsoft.extensions.diagnostics\9.0.0\lib\net8.0\Microsoft.Extensions.Diagnostics.dll
                 Private = 'false'
                 HintPath = 'C:\Users\messa\.nuget\packages\microsoft.extensions.diagnostics\9.0.0\lib\net8.0\Microsoft.Extensions.Diagnostics.dll'
             C:\Users\messa\.nuget\packages\microsoft.extensions.diagnostics.abstractions\9.0.0\lib\net8.0\Microsoft.Extensions.Diagnostics.Abstractions.dll
                 Private = 'false'
                 HintPath = 'C:\Users\messa\.nuget\packages\microsoft.extensions.diagnostics.abstractions\9.0.0\lib\net8.0\Microsoft.Extensions.Diagnostics.Abstractions.dll'
             C:\Users\messa\.nuget\packages\microsoft.extensions.http\9.0.0\lib\net8.0\Microsoft.Extensions.Http.dll
                 Private = 'false'
                 HintPath = 'C:\Users\messa\.nuget\packages\microsoft.extensions.http\9.0.0\lib\net8.0\Microsoft.Extensions.Http.dll'
             C:\Users\messa\.nuget\packages\microsoft.extensions.identity.core\8.0.11\lib\net8.0\Microsoft.Extensions.Identity.Core.dll
                 Private = 'false'
                 HintPath = 'C:\Users\messa\.nuget\packages\microsoft.extensions.identity.core\8.0.11\lib\net8.0\Microsoft.Extensions.Identity.Core.dll'
             C:\Users\messa\.nuget\packages\microsoft.extensions.identity.stores\8.0.11\lib\net8.0\Microsoft.Extensions.Identity.Stores.dll
                 Private = 'false'
                 HintPath = 'C:\Users\messa\.nuget\packages\microsoft.extensions.identity.stores\8.0.11\lib\net8.0\Microsoft.Extensions.Identity.Stores.dll'
             C:\Users\messa\.nuget\packages\microsoft.extensions.logging\9.0.0\lib\net8.0\Microsoft.Extensions.Logging.dll
                 Private = 'false'
                 HintPath = 'C:\Users\messa\.nuget\packages\microsoft.extensions.logging\9.0.0\lib\net8.0\Microsoft.Extensions.Logging.dll'
             C:\Users\messa\.nuget\packages\microsoft.extensions.logging.abstractions\9.0.0\lib\net8.0\Microsoft.Extensions.Logging.Abstractions.dll
                 Private = 'false'
                 HintPath = 'C:\Users\messa\.nuget\packages\microsoft.extensions.logging.abstractions\9.0.0\lib\net8.0\Microsoft.Extensions.Logging.Abstractions.dll'
             C:\Users\messa\.nuget\packages\microsoft.extensions.options\9.0.0\lib\net8.0\Microsoft.Extensions.Options.dll
                 Private = 'false'
                 HintPath = 'C:\Users\messa\.nuget\packages\microsoft.extensions.options\9.0.0\lib\net8.0\Microsoft.Extensions.Options.dll'
             C:\Users\messa\.nuget\packages\microsoft.extensions.options.configurationextensions\9.0.0\lib\net8.0\Microsoft.Extensions.Options.ConfigurationExtensions.dll
                 Private = 'false'
                 HintPath = 'C:\Users\messa\.nuget\packages\microsoft.extensions.options.configurationextensions\9.0.0\lib\net8.0\Microsoft.Extensions.Options.ConfigurationExtensions.dll'
             C:\Users\messa\.nuget\packages\microsoft.extensions.primitives\9.0.0\lib\net8.0\Microsoft.Extensions.Primitives.dll
                 Private = 'false'
                 HintPath = 'C:\Users\messa\.nuget\packages\microsoft.extensions.primitives\9.0.0\lib\net8.0\Microsoft.Extensions.Primitives.dll'
             C:\Users\messa\.nuget\packages\microsoft.identitymodel.abstractions\8.2.0\lib\net8.0\Microsoft.IdentityModel.Abstractions.dll
                 Private = 'false'
                 HintPath = 'C:\Users\messa\.nuget\packages\microsoft.identitymodel.abstractions\8.2.0\lib\net8.0\Microsoft.IdentityModel.Abstractions.dll'
             C:\Users\messa\.nuget\packages\microsoft.identitymodel.jsonwebtokens\8.2.0\lib\net8.0\Microsoft.IdentityModel.JsonWebTokens.dll
                 Private = 'false'
                 HintPath = 'C:\Users\messa\.nuget\packages\microsoft.identitymodel.jsonwebtokens\8.2.0\lib\net8.0\Microsoft.IdentityModel.JsonWebTokens.dll'
             C:\Users\messa\.nuget\packages\microsoft.identitymodel.logging\8.2.0\lib\net8.0\Microsoft.IdentityModel.Logging.dll
                 Private = 'false'
                 HintPath = 'C:\Users\messa\.nuget\packages\microsoft.identitymodel.logging\8.2.0\lib\net8.0\Microsoft.IdentityModel.Logging.dll'
             C:\Users\messa\.nuget\packages\microsoft.identitymodel.protocols\7.1.2\lib\net8.0\Microsoft.IdentityModel.Protocols.dll
                 Private = 'false'
                 HintPath = 'C:\Users\messa\.nuget\packages\microsoft.identitymodel.protocols\7.1.2\lib\net8.0\Microsoft.IdentityModel.Protocols.dll'
             C:\Users\messa\.nuget\packages\microsoft.identitymodel.protocols.openidconnect\7.1.2\lib\net8.0\Microsoft.IdentityModel.Protocols.OpenIdConnect.dll
                 Private = 'false'
                 HintPath = 'C:\Users\messa\.nuget\packages\microsoft.identitymodel.protocols.openidconnect\7.1.2\lib\net8.0\Microsoft.IdentityModel.Protocols.OpenIdConnect.dll'
             C:\Users\messa\.nuget\packages\microsoft.identitymodel.tokens\8.2.0\lib\net8.0\Microsoft.IdentityModel.Tokens.dll
                 Private = 'false'
                 HintPath = 'C:\Users\messa\.nuget\packages\microsoft.identitymodel.tokens\8.2.0\lib\net8.0\Microsoft.IdentityModel.Tokens.dll'
             C:\Users\messa\.nuget\packages\microsoft.openapi\1.6.14\lib\netstandard2.0\Microsoft.OpenApi.dll
                 Private = 'false'
                 HintPath = 'C:\Users\messa\.nuget\packages\microsoft.openapi\1.6.14\lib\netstandard2.0\Microsoft.OpenApi.dll'
             C:\Users\messa\.nuget\packages\newtonsoft.json\13.0.4\lib\net6.0\Newtonsoft.Json.dll
                 Private = 'false'
                 HintPath = 'C:\Users\messa\.nuget\packages\newtonsoft.json\13.0.4\lib\net6.0\Newtonsoft.Json.dll'
             C:\Users\messa\.nuget\packages\npgsql\8.0.6\lib\net8.0\Npgsql.dll
                 Private = 'false'
                 HintPath = 'C:\Users\messa\.nuget\packages\npgsql\8.0.6\lib\net8.0\Npgsql.dll'
             C:\Users\messa\.nuget\packages\npgsql.entityframeworkcore.postgresql\8.0.11\lib\net8.0\Npgsql.EntityFrameworkCore.PostgreSQL.dll
                 Private = 'false'
                 HintPath = 'C:\Users\messa\.nuget\packages\npgsql.entityframeworkcore.postgresql\8.0.11\lib\net8.0\Npgsql.EntityFrameworkCore.PostgreSQL.dll'
             C:\Users\messa\.nuget\packages\nsec.cryptography\25.4.0\lib\net8.0\NSec.Cryptography.dll
                 Private = 'false'
                 HintPath = 'C:\Users\messa\.nuget\packages\nsec.cryptography\25.4.0\lib\net8.0\NSec.Cryptography.dll'
             C:\Users\messa\.nuget\packages\questpdf\2024.12.1\lib\net8.0\QuestPDF.dll
                 Private = 'false'
                 HintPath = 'C:\Users\messa\.nuget\packages\questpdf\2024.12.1\lib\net8.0\QuestPDF.dll'
             C:\Users\messa\.nuget\packages\rbush.signed\4.0.0\lib\net8.0\RBush.dll
                 Private = 'false'
                 HintPath = 'C:\Users\messa\.nuget\packages\rbush.signed\4.0.0\lib\net8.0\RBush.dll'
             C:\Users\messa\.nuget\packages\sixlabors.fonts\1.0.0\lib\netcoreapp3.1\SixLabors.Fonts.dll
                 Private = 'false'
                 HintPath = 'C:\Users\messa\.nuget\packages\sixlabors.fonts\1.0.0\lib\netcoreapp3.1\SixLabors.Fonts.dll'
             C:\Users\messa\.nuget\packages\sixlabors.imagesharp\3.1.2\lib\net6.0\SixLabors.ImageSharp.dll
                 Private = 'false'
                 HintPath = 'C:\Users\messa\.nuget\packages\sixlabors.imagesharp\3.1.2\lib\net6.0\SixLabors.ImageSharp.dll'
             C:\Users\messa\.nuget\packages\swashbuckle.aspnetcore.swagger\6.6.2\lib\net8.0\Swashbuckle.AspNetCore.Swagger.dll
                 Private = 'false'
                 HintPath = 'C:\Users\messa\.nuget\packages\swashbuckle.aspnetcore.swagger\6.6.2\lib\net8.0\Swashbuckle.AspNetCore.Swagger.dll'
             C:\Users\messa\.nuget\packages\swashbuckle.aspnetcore.swaggergen\6.6.2\lib\net8.0\Swashbuckle.AspNetCore.SwaggerGen.dll
                 Private = 'false'
                 HintPath = 'C:\Users\messa\.nuget\packages\swashbuckle.aspnetcore.swaggergen\6.6.2\lib\net8.0\Swashbuckle.AspNetCore.SwaggerGen.dll'
             C:\Users\messa\.nuget\packages\swashbuckle.aspnetcore.swaggerui\6.6.2\lib\net8.0\Swashbuckle.AspNetCore.SwaggerUI.dll
                 Private = 'false'
                 HintPath = 'C:\Users\messa\.nuget\packages\swashbuckle.aspnetcore.swaggerui\6.6.2\lib\net8.0\Swashbuckle.AspNetCore.SwaggerUI.dll'
             C:\Users\messa\.nuget\packages\system.codedom\7.0.0\lib\net7.0\System.CodeDom.dll
                 Private = 'false'
                 HintPath = 'C:\Users\messa\.nuget\packages\system.codedom\7.0.0\lib\net7.0\System.CodeDom.dll'
             C:\Users\messa\.nuget\packages\system.diagnostics.diagnosticsource\9.0.0\lib\net8.0\System.Diagnostics.DiagnosticSource.dll
                 Private = 'false'
                 HintPath = 'C:\Users\messa\.nuget\packages\system.diagnostics.diagnosticsource\9.0.0\lib\net8.0\System.Diagnostics.DiagnosticSource.dll'
             C:\Users\messa\.nuget\packages\system.formats.cbor\9.0.0\lib\net8.0\System.Formats.Cbor.dll
                 Private = 'false'
                 HintPath = 'C:\Users\messa\.nuget\packages\system.formats.cbor\9.0.0\lib\net8.0\System.Formats.Cbor.dll'
             C:\Users\messa\.nuget\packages\system.identitymodel.tokens.jwt\7.1.2\lib\net8.0\System.IdentityModel.Tokens.Jwt.dll
                 Private = 'false'
                 HintPath = 'C:\Users\messa\.nuget\packages\system.identitymodel.tokens.jwt\7.1.2\lib\net8.0\System.IdentityModel.Tokens.Jwt.dll'
             C:\Users\messa\.nuget\packages\system.io.packaging\8.0.1\lib\net8.0\System.IO.Packaging.dll
                 Private = 'false'
                 HintPath = 'C:\Users\messa\.nuget\packages\system.io.packaging\8.0.1\lib\net8.0\System.IO.Packaging.dll'
             C:\Users\messa\.nuget\packages\system.management\7.0.2\lib\net7.0\System.Management.dll
                 Private = 'false'
                 HintPath = 'C:\Users\messa\.nuget\packages\system.management\7.0.2\lib\net7.0\System.Management.dll'
             C:\Program Files\dotnet\packs\Microsoft.NETCore.App.Ref\8.0.6\ref/net8.0/Microsoft.CSharp.dll
                 Private = 'false'
             C:\Program Files\dotnet\packs\Microsoft.NETCore.App.Ref\8.0.6\ref/net8.0/Microsoft.VisualBasic.Core.dll
                 Private = 'false'
             C:\Program Files\dotnet\packs\Microsoft.NETCore.App.Ref\8.0.6\ref/net8.0/Microsoft.VisualBasic.dll
                 Private = 'false'
             C:\Program Files\dotnet\packs\Microsoft.NETCore.App.Ref\8.0.6\ref/net8.0/Microsoft.Win32.Primitives.dll
                 Private = 'false'
             C:\Program Files\dotnet\packs\Microsoft.NETCore.App.Ref\8.0.6\ref/net8.0/Microsoft.Win32.Registry.dll
                 Private = 'false'
             C:\Program Files\dotnet\packs\Microsoft.NETCore.App.Ref\8.0.6\ref/net8.0/System.AppContext.dll
                 Private = 'false'
             C:\Program Files\dotnet\packs\Microsoft.NETCore.App.Ref\8.0.6\ref/net8.0/System.Buffers.dll
                 Private = 'false'
             C:\Program Files\dotnet\packs\Microsoft.NETCore.App.Ref\8.0.6\ref/net8.0/System.Collections.Concurrent.dll
                 Private = 'false'
             C:\Program Files\dotnet\packs\Microsoft.NETCore.App.Ref\8.0.6\ref/net8.0/System.Collections.Immutable.dll
                 Private = 'false'
             C:\Program Files\dotnet\packs\Microsoft.NETCore.App.Ref\8.0.6\ref/net8.0/System.Collections.NonGeneric.dll
                 Private = 'false'
             C:\Program Files\dotnet\packs\Microsoft.NETCore.App.Ref\8.0.6\ref/net8.0/System.Collections.Specialized.dll
                 Private = 'false'
             C:\Program Files\dotnet\packs\Microsoft.NETCore.App.Ref\8.0.6\ref/net8.0/System.Collections.dll
                 Private = 'false'
             C:\Program Files\dotnet\packs\Microsoft.NETCore.App.Ref\8.0.6\ref/net8.0/System.ComponentModel.Annotations.dll
                 Private = 'false'
             C:\Program Files\dotnet\packs\Microsoft.NETCore.App.Ref\8.0.6\ref/net8.0/System.ComponentModel.DataAnnotations.dll
                 Private = 'false'
             C:\Program Files\dotnet\packs\Microsoft.NETCore.App.Ref\8.0.6\ref/net8.0/System.ComponentModel.EventBasedAsync.dll
                 Private = 'false'
             C:\Program Files\dotnet\packs\Microsoft.NETCore.App.Ref\8.0.6\ref/net8.0/System.ComponentModel.Primitives.dll
                 Private = 'false'
             C:\Program Files\dotnet\packs\Microsoft.NETCore.App.Ref\8.0.6\ref/net8.0/System.ComponentModel.TypeConverter.dll
                 Private = 'false'
             C:\Program Files\dotnet\packs\Microsoft.NETCore.App.Ref\8.0.6\ref/net8.0/System.ComponentModel.dll
                 Private = 'false'
             C:\Program Files\dotnet\packs\Microsoft.NETCore.App.Ref\8.0.6\ref/net8.0/System.Configuration.dll
                 Private = 'false'
             C:\Program Files\dotnet\packs\Microsoft.NETCore.App.Ref\8.0.6\ref/net8.0/System.Console.dll
                 Private = 'false'
             C:\Program Files\dotnet\packs\Microsoft.NETCore.App.Ref\8.0.6\ref/net8.0/System.Core.dll
                 Private = 'false'
             C:\Program Files\dotnet\packs\Microsoft.NETCore.App.Ref\8.0.6\ref/net8.0/System.Data.Common.dll
                 Private = 'false'
             C:\Program Files\dotnet\packs\Microsoft.NETCore.App.Ref\8.0.6\ref/net8.0/System.Data.DataSetExtensions.dll
                 Private = 'false'
             C:\Program Files\dotnet\packs\Microsoft.NETCore.App.Ref\8.0.6\ref/net8.0/System.Data.dll
                 Private = 'false'
             C:\Program Files\dotnet\packs\Microsoft.NETCore.App.Ref\8.0.6\ref/net8.0/System.Diagnostics.Contracts.dll
                 Private = 'false'
             C:\Program Files\dotnet\packs\Microsoft.NETCore.App.Ref\8.0.6\ref/net8.0/System.Diagnostics.Debug.dll
                 Private = 'false'
             C:\Program Files\dotnet\packs\Microsoft.NETCore.App.Ref\8.0.6\ref/net8.0/System.Diagnostics.FileVersionInfo.dll
                 Private = 'false'
             C:\Program Files\dotnet\packs\Microsoft.NETCore.App.Ref\8.0.6\ref/net8.0/System.Diagnostics.Process.dll
                 Private = 'false'
             C:\Program Files\dotnet\packs\Microsoft.NETCore.App.Ref\8.0.6\ref/net8.0/System.Diagnostics.StackTrace.dll
                 Private = 'false'
             C:\Program Files\dotnet\packs\Microsoft.NETCore.App.Ref\8.0.6\ref/net8.0/System.Diagnostics.TextWriterTraceListener.dll
                 Private = 'false'
             C:\Program Files\dotnet\packs\Microsoft.NETCore.App.Ref\8.0.6\ref/net8.0/System.Diagnostics.Tools.dll
                 Private = 'false'
             C:\Program Files\dotnet\packs\Microsoft.NETCore.App.Ref\8.0.6\ref/net8.0/System.Diagnostics.TraceSource.dll
                 Private = 'false'
             C:\Program Files\dotnet\packs\Microsoft.NETCore.App.Ref\8.0.6\ref/net8.0/System.Diagnostics.Tracing.dll
                 Private = 'false'
             C:\Program Files\dotnet\packs\Microsoft.NETCore.App.Ref\8.0.6\ref/net8.0/System.Drawing.Primitives.dll
                 Private = 'false'
             C:\Program Files\dotnet\packs\Microsoft.NETCore.App.Ref\8.0.6\ref/net8.0/System.Drawing.dll
                 Private = 'false'
             C:\Program Files\dotnet\packs\Microsoft.NETCore.App.Ref\8.0.6\ref/net8.0/System.Dynamic.Runtime.dll
                 Private = 'false'
             C:\Program Files\dotnet\packs\Microsoft.NETCore.App.Ref\8.0.6\ref/net8.0/System.Formats.Asn1.dll
                 Private = 'false'
             C:\Program Files\dotnet\packs\Microsoft.NETCore.App.Ref\8.0.6\ref/net8.0/System.Formats.Tar.dll
                 Private = 'false'
             C:\Program Files\dotnet\packs\Microsoft.NETCore.App.Ref\8.0.6\ref/net8.0/System.Globalization.Calendars.dll
                 Private = 'false'
             C:\Program Files\dotnet\packs\Microsoft.NETCore.App.Ref\8.0.6\ref/net8.0/System.Globalization.Extensions.dll
                 Private = 'false'
             C:\Program Files\dotnet\packs\Microsoft.NETCore.App.Ref\8.0.6\ref/net8.0/System.Globalization.dll
                 Private = 'false'
             C:\Program Files\dotnet\packs\Microsoft.NETCore.App.Ref\8.0.6\ref/net8.0/System.IO.Compression.Brotli.dll
                 Private = 'false'
             C:\Program Files\dotnet\packs\Microsoft.NETCore.App.Ref\8.0.6\ref/net8.0/System.IO.Compression.FileSystem.dll
                 Private = 'false'
             C:\Program Files\dotnet\packs\Microsoft.NETCore.App.Ref\8.0.6\ref/net8.0/System.IO.Compression.ZipFile.dll
                 Private = 'false'
             C:\Program Files\dotnet\packs\Microsoft.NETCore.App.Ref\8.0.6\ref/net8.0/System.IO.Compression.dll
                 Private = 'false'
             C:\Program Files\dotnet\packs\Microsoft.NETCore.App.Ref\8.0.6\ref/net8.0/System.IO.FileSystem.AccessControl.dll
                 Private = 'false'
             C:\Program Files\dotnet\packs\Microsoft.NETCore.App.Ref\8.0.6\ref/net8.0/System.IO.FileSystem.DriveInfo.dll
                 Private = 'false'
             C:\Program Files\dotnet\packs\Microsoft.NETCore.App.Ref\8.0.6\ref/net8.0/System.IO.FileSystem.Primitives.dll
                 Private = 'false'
             C:\Program Files\dotnet\packs\Microsoft.NETCore.App.Ref\8.0.6\ref/net8.0/System.IO.FileSystem.Watcher.dll
                 Private = 'false'
             C:\Program Files\dotnet\packs\Microsoft.NETCore.App.Ref\8.0.6\ref/net8.0/System.IO.FileSystem.dll
                 Private = 'false'
             C:\Program Files\dotnet\packs\Microsoft.NETCore.App.Ref\8.0.6\ref/net8.0/System.IO.IsolatedStorage.dll
                 Private = 'false'
             C:\Program Files\dotnet\packs\Microsoft.NETCore.App.Ref\8.0.6\ref/net8.0/System.IO.MemoryMappedFiles.dll
                 Private = 'false'
             C:\Program Files\dotnet\packs\Microsoft.NETCore.App.Ref\8.0.6\ref/net8.0/System.IO.Pipes.AccessControl.dll
                 Private = 'false'
             C:\Program Files\dotnet\packs\Microsoft.NETCore.App.Ref\8.0.6\ref/net8.0/System.IO.Pipes.dll
                 Private = 'false'
             C:\Program Files\dotnet\packs\Microsoft.NETCore.App.Ref\8.0.6\ref/net8.0/System.IO.UnmanagedMemoryStream.dll
                 Private = 'false'
             C:\Program Files\dotnet\packs\Microsoft.NETCore.App.Ref\8.0.6\ref/net8.0/System.IO.dll
                 Private = 'false'
             C:\Program Files\dotnet\packs\Microsoft.NETCore.App.Ref\8.0.6\ref/net8.0/System.Linq.Expressions.dll
                 Private = 'false'
             C:\Program Files\dotnet\packs\Microsoft.NETCore.App.Ref\8.0.6\ref/net8.0/System.Linq.Parallel.dll
                 Private = 'false'
             C:\Program Files\dotnet\packs\Microsoft.NETCore.App.Ref\8.0.6\ref/net8.0/System.Linq.Queryable.dll
                 Private = 'false'
             C:\Program Files\dotnet\packs\Microsoft.NETCore.App.Ref\8.0.6\ref/net8.0/System.Linq.dll
                 Private = 'false'
             C:\Program Files\dotnet\packs\Microsoft.NETCore.App.Ref\8.0.6\ref/net8.0/System.Memory.dll
                 Private = 'false'
             C:\Program Files\dotnet\packs\Microsoft.NETCore.App.Ref\8.0.6\ref/net8.0/System.Net.Http.Json.dll
                 Private = 'false'
             C:\Program Files\dotnet\packs\Microsoft.NETCore.App.Ref\8.0.6\ref/net8.0/System.Net.Http.dll
                 Private = 'false'
             C:\Program Files\dotnet\packs\Microsoft.NETCore.App.Ref\8.0.6\ref/net8.0/System.Net.HttpListener.dll
                 Private = 'false'
             C:\Program Files\dotnet\packs\Microsoft.NETCore.App.Ref\8.0.6\ref/net8.0/System.Net.Mail.dll
                 Private = 'false'
             C:\Program Files\dotnet\packs\Microsoft.NETCore.App.Ref\8.0.6\ref/net8.0/System.Net.NameResolution.dll
                 Private = 'false'
             C:\Program Files\dotnet\packs\Microsoft.NETCore.App.Ref\8.0.6\ref/net8.0/System.Net.NetworkInformation.dll
                 Private = 'false'
             C:\Program Files\dotnet\packs\Microsoft.NETCore.App.Ref\8.0.6\ref/net8.0/System.Net.Ping.dll
                 Private = 'false'
             C:\Program Files\dotnet\packs\Microsoft.NETCore.App.Ref\8.0.6\ref/net8.0/System.Net.Primitives.dll
                 Private = 'false'
             C:\Program Files\dotnet\packs\Microsoft.NETCore.App.Ref\8.0.6\ref/net8.0/System.Net.Quic.dll
                 Private = 'false'
             C:\Program Files\dotnet\packs\Microsoft.NETCore.App.Ref\8.0.6\ref/net8.0/System.Net.Requests.dll
                 Private = 'false'
             C:\Program Files\dotnet\packs\Microsoft.NETCore.App.Ref\8.0.6\ref/net8.0/System.Net.Security.dll
                 Private = 'false'
             C:\Program Files\dotnet\packs\Microsoft.NETCore.App.Ref\8.0.6\ref/net8.0/System.Net.ServicePoint.dll
                 Private = 'false'
             C:\Program Files\dotnet\packs\Microsoft.NETCore.App.Ref\8.0.6\ref/net8.0/System.Net.Sockets.dll
                 Private = 'false'
             C:\Program Files\dotnet\packs\Microsoft.NETCore.App.Ref\8.0.6\ref/net8.0/System.Net.WebClient.dll
                 Private = 'false'
             C:\Program Files\dotnet\packs\Microsoft.NETCore.App.Ref\8.0.6\ref/net8.0/System.Net.WebHeaderCollection.dll
                 Private = 'false'
             C:\Program Files\dotnet\packs\Microsoft.NETCore.App.Ref\8.0.6\ref/net8.0/System.Net.WebProxy.dll
                 Private = 'false'
             C:\Program Files\dotnet\packs\Microsoft.NETCore.App.Ref\8.0.6\ref/net8.0/System.Net.WebSockets.Client.dll
                 Private = 'false'
             C:\Program Files\dotnet\packs\Microsoft.NETCore.App.Ref\8.0.6\ref/net8.0/System.Net.WebSockets.dll
                 Private = 'false'
             C:\Program Files\dotnet\packs\Microsoft.NETCore.App.Ref\8.0.6\ref/net8.0/System.Net.dll
                 Private = 'false'
             C:\Program Files\dotnet\packs\Microsoft.NETCore.App.Ref\8.0.6\ref/net8.0/System.Numerics.Vectors.dll
                 Private = 'false'
             C:\Program Files\dotnet\packs\Microsoft.NETCore.App.Ref\8.0.6\ref/net8.0/System.Numerics.dll
                 Private = 'false'
             C:\Program Files\dotnet\packs\Microsoft.NETCore.App.Ref\8.0.6\ref/net8.0/System.ObjectModel.dll
                 Private = 'false'
             C:\Program Files\dotnet\packs\Microsoft.NETCore.App.Ref\8.0.6\ref/net8.0/System.Reflection.DispatchProxy.dll
                 Private = 'false'
             C:\Program Files\dotnet\packs\Microsoft.NETCore.App.Ref\8.0.6\ref/net8.0/System.Reflection.Emit.ILGeneration.dll
                 Private = 'false'
             C:\Program Files\dotnet\packs\Microsoft.NETCore.App.Ref\8.0.6\ref/net8.0/System.Reflection.Emit.Lightweight.dll
                 Private = 'false'
             C:\Program Files\dotnet\packs\Microsoft.NETCore.App.Ref\8.0.6\ref/net8.0/System.Reflection.Emit.dll
                 Private = 'false'
             C:\Program Files\dotnet\packs\Microsoft.NETCore.App.Ref\8.0.6\ref/net8.0/System.Reflection.Extensions.dll
                 Private = 'false'
             C:\Program Files\dotnet\packs\Microsoft.NETCore.App.Ref\8.0.6\ref/net8.0/System.Reflection.Metadata.dll
                 Private = 'false'
             C:\Program Files\dotnet\packs\Microsoft.NETCore.App.Ref\8.0.6\ref/net8.0/System.Reflection.Primitives.dll
                 Private = 'false'
             C:\Program Files\dotnet\packs\Microsoft.NETCore.App.Ref\8.0.6\ref/net8.0/System.Reflection.TypeExtensions.dll
                 Private = 'false'
             C:\Program Files\dotnet\packs\Microsoft.NETCore.App.Ref\8.0.6\ref/net8.0/System.Reflection.dll
                 Private = 'false'
             C:\Program Files\dotnet\packs\Microsoft.NETCore.App.Ref\8.0.6\ref/net8.0/System.Resources.Reader.dll
                 Private = 'false'
             C:\Program Files\dotnet\packs\Microsoft.NETCore.App.Ref\8.0.6\ref/net8.0/System.Resources.ResourceManager.dll
                 Private = 'false'
             C:\Program Files\dotnet\packs\Microsoft.NETCore.App.Ref\8.0.6\ref/net8.0/System.Resources.Writer.dll
                 Private = 'false'
             C:\Program Files\dotnet\packs\Microsoft.NETCore.App.Ref\8.0.6\ref/net8.0/System.Runtime.CompilerServices.Unsafe.dll
                 Private = 'false'
             C:\Program Files\dotnet\packs\Microsoft.NETCore.App.Ref\8.0.6\ref/net8.0/System.Runtime.CompilerServices.VisualC.dll
                 Private = 'false'
             C:\Program Files\dotnet\packs\Microsoft.NETCore.App.Ref\8.0.6\ref/net8.0/System.Runtime.Extensions.dll
                 Private = 'false'
             C:\Program Files\dotnet\packs\Microsoft.NETCore.App.Ref\8.0.6\ref/net8.0/System.Runtime.Handles.dll
                 Private = 'false'
             C:\Program Files\dotnet\packs\Microsoft.NETCore.App.Ref\8.0.6\ref/net8.0/System.Runtime.InteropServices.JavaScript.dll
                 Private = 'false'
             C:\Program Files\dotnet\packs\Microsoft.NETCore.App.Ref\8.0.6\ref/net8.0/System.Runtime.InteropServices.RuntimeInformation.dll
                 Private = 'false'
             C:\Program Files\dotnet\packs\Microsoft.NETCore.App.Ref\8.0.6\ref/net8.0/System.Runtime.InteropServices.dll
                 Private = 'false'
             C:\Program Files\dotnet\packs\Microsoft.NETCore.App.Ref\8.0.6\ref/net8.0/System.Runtime.Intrinsics.dll
                 Private = 'false'
             C:\Program Files\dotnet\packs\Microsoft.NETCore.App.Ref\8.0.6\ref/net8.0/System.Runtime.Loader.dll
                 Private = 'false'
             C:\Program Files\dotnet\packs\Microsoft.NETCore.App.Ref\8.0.6\ref/net8.0/System.Runtime.Numerics.dll
                 Private = 'false'
             C:\Program Files\dotnet\packs\Microsoft.NETCore.App.Ref\8.0.6\ref/net8.0/System.Runtime.Serialization.Formatters.dll
                 Private = 'false'
             C:\Program Files\dotnet\packs\Microsoft.NETCore.App.Ref\8.0.6\ref/net8.0/System.Runtime.Serialization.Json.dll
                 Private = 'false'
             C:\Program Files\dotnet\packs\Microsoft.NETCore.App.Ref\8.0.6\ref/net8.0/System.Runtime.Serialization.Primitives.dll
                 Private = 'false'
             C:\Program Files\dotnet\packs\Microsoft.NETCore.App.Ref\8.0.6\ref/net8.0/System.Runtime.Serialization.Xml.dll
                 Private = 'false'
             C:\Program Files\dotnet\packs\Microsoft.NETCore.App.Ref\8.0.6\ref/net8.0/System.Runtime.Serialization.dll
                 Private = 'false'
             C:\Program Files\dotnet\packs\Microsoft.NETCore.App.Ref\8.0.6\ref/net8.0/System.Runtime.dll
                 Private = 'false'
             C:\Program Files\dotnet\packs\Microsoft.NETCore.App.Ref\8.0.6\ref/net8.0/System.Security.AccessControl.dll
                 Private = 'false'
             C:\Program Files\dotnet\packs\Microsoft.NETCore.App.Ref\8.0.6\ref/net8.0/System.Security.Claims.dll
                 Private = 'false'
             C:\Program Files\dotnet\packs\Microsoft.NETCore.App.Ref\8.0.6\ref/net8.0/System.Security.Cryptography.Algorithms.dll
                 Private = 'false'
             C:\Program Files\dotnet\packs\Microsoft.NETCore.App.Ref\8.0.6\ref/net8.0/System.Security.Cryptography.Cng.dll
                 Private = 'false'
             C:\Program Files\dotnet\packs\Microsoft.NETCore.App.Ref\8.0.6\ref/net8.0/System.Security.Cryptography.Csp.dll
                 Private = 'false'
             C:\Program Files\dotnet\packs\Microsoft.NETCore.App.Ref\8.0.6\ref/net8.0/System.Security.Cryptography.Encoding.dll
                 Private = 'false'
             C:\Program Files\dotnet\packs\Microsoft.NETCore.App.Ref\8.0.6\ref/net8.0/System.Security.Cryptography.OpenSsl.dll
                 Private = 'false'
             C:\Program Files\dotnet\packs\Microsoft.NETCore.App.Ref\8.0.6\ref/net8.0/System.Security.Cryptography.Primitives.dll
                 Private = 'false'
             C:\Program Files\dotnet\packs\Microsoft.NETCore.App.Ref\8.0.6\ref/net8.0/System.Security.Cryptography.X509Certificates.dll
                 Private = 'false'
             C:\Program Files\dotnet\packs\Microsoft.NETCore.App.Ref\8.0.6\ref/net8.0/System.Security.Cryptography.dll
                 Private = 'false'
             C:\Program Files\dotnet\packs\Microsoft.NETCore.App.Ref\8.0.6\ref/net8.0/System.Security.Principal.Windows.dll
                 Private = 'false'
             C:\Program Files\dotnet\packs\Microsoft.NETCore.App.Ref\8.0.6\ref/net8.0/System.Security.Principal.dll
                 Private = 'false'
             C:\Program Files\dotnet\packs\Microsoft.NETCore.App.Ref\8.0.6\ref/net8.0/System.Security.SecureString.dll
                 Private = 'false'
             C:\Program Files\dotnet\packs\Microsoft.NETCore.App.Ref\8.0.6\ref/net8.0/System.Security.dll
                 Private = 'false'
             C:\Program Files\dotnet\packs\Microsoft.NETCore.App.Ref\8.0.6\ref/net8.0/System.ServiceModel.Web.dll
                 Private = 'false'
             C:\Program Files\dotnet\packs\Microsoft.NETCore.App.Ref\8.0.6\ref/net8.0/System.ServiceProcess.dll
                 Private = 'false'
             C:\Program Files\dotnet\packs\Microsoft.NETCore.App.Ref\8.0.6\ref/net8.0/System.Text.Encoding.CodePages.dll
                 Private = 'false'
             C:\Program Files\dotnet\packs\Microsoft.NETCore.App.Ref\8.0.6\ref/net8.0/System.Text.Encoding.Extensions.dll
                 Private = 'false'
             C:\Program Files\dotnet\packs\Microsoft.NETCore.App.Ref\8.0.6\ref/net8.0/System.Text.Encoding.dll
                 Private = 'false'
             C:\Program Files\dotnet\packs\Microsoft.NETCore.App.Ref\8.0.6\ref/net8.0/System.Text.Encodings.Web.dll
                 Private = 'false'
             C:\Program Files\dotnet\packs\Microsoft.NETCore.App.Ref\8.0.6\ref/net8.0/System.Text.Json.dll
                 Private = 'false'
             C:\Program Files\dotnet\packs\Microsoft.NETCore.App.Ref\8.0.6\ref/net8.0/System.Text.RegularExpressions.dll
                 Private = 'false'
             C:\Program Files\dotnet\packs\Microsoft.NETCore.App.Ref\8.0.6\ref/net8.0/System.Threading.Channels.dll
                 Private = 'false'
             C:\Program Files\dotnet\packs\Microsoft.NETCore.App.Ref\8.0.6\ref/net8.0/System.Threading.Overlapped.dll
                 Private = 'false'
             C:\Program Files\dotnet\packs\Microsoft.NETCore.App.Ref\8.0.6\ref/net8.0/System.Threading.Tasks.Dataflow.dll
                 Private = 'false'
             C:\Program Files\dotnet\packs\Microsoft.NETCore.App.Ref\8.0.6\ref/net8.0/System.Threading.Tasks.Extensions.dll
                 Private = 'false'
             C:\Program Files\dotnet\packs\Microsoft.NETCore.App.Ref\8.0.6\ref/net8.0/System.Threading.Tasks.Parallel.dll
                 Private = 'false'
             C:\Program Files\dotnet\packs\Microsoft.NETCore.App.Ref\8.0.6\ref/net8.0/System.Threading.Tasks.dll
                 Private = 'false'
             C:\Program Files\dotnet\packs\Microsoft.NETCore.App.Ref\8.0.6\ref/net8.0/System.Threading.Thread.dll
                 Private = 'false'
             C:\Program Files\dotnet\packs\Microsoft.NETCore.App.Ref\8.0.6\ref/net8.0/System.Threading.ThreadPool.dll
                 Private = 'false'
             C:\Program Files\dotnet\packs\Microsoft.NETCore.App.Ref\8.0.6\ref/net8.0/System.Threading.Timer.dll
                 Private = 'false'
             C:\Program Files\dotnet\packs\Microsoft.NETCore.App.Ref\8.0.6\ref/net8.0/System.Threading.dll
                 Private = 'false'
             C:\Program Files\dotnet\packs\Microsoft.NETCore.App.Ref\8.0.6\ref/net8.0/System.Transactions.Local.dll
                 Private = 'false'
             C:\Program Files\dotnet\packs\Microsoft.NETCore.App.Ref\8.0.6\ref/net8.0/System.Transactions.dll
                 Private = 'false'
             C:\Program Files\dotnet\packs\Microsoft.NETCore.App.Ref\8.0.6\ref/net8.0/System.ValueTuple.dll
                 Private = 'false'
             C:\Program Files\dotnet\packs\Microsoft.NETCore.App.Ref\8.0.6\ref/net8.0/System.Web.HttpUtility.dll
                 Private = 'false'
             C:\Program Files\dotnet\packs\Microsoft.NETCore.App.Ref\8.0.6\ref/net8.0/System.Web.dll
                 Private = 'false'
             C:\Program Files\dotnet\packs\Microsoft.NETCore.App.Ref\8.0.6\ref/net8.0/System.Windows.dll
                 Private = 'false'
             C:\Program Files\dotnet\packs\Microsoft.NETCore.App.Ref\8.0.6\ref/net8.0/System.Xml.Linq.dll
                 Private = 'false'
             C:\Program Files\dotnet\packs\Microsoft.NETCore.App.Ref\8.0.6\ref/net8.0/System.Xml.ReaderWriter.dll
                 Private = 'false'
             C:\Program Files\dotnet\packs\Microsoft.NETCore.App.Ref\8.0.6\ref/net8.0/System.Xml.Serialization.dll
                 Private = 'false'
             C:\Program Files\dotnet\packs\Microsoft.NETCore.App.Ref\8.0.6\ref/net8.0/System.Xml.XDocument.dll
                 Private = 'false'
             C:\Program Files\dotnet\packs\Microsoft.NETCore.App.Ref\8.0.6\ref/net8.0/System.Xml.XPath.XDocument.dll
                 Private = 'false'
             C:\Program Files\dotnet\packs\Microsoft.NETCore.App.Ref\8.0.6\ref/net8.0/System.Xml.XPath.dll
                 Private = 'false'
             C:\Program Files\dotnet\packs\Microsoft.NETCore.App.Ref\8.0.6\ref/net8.0/System.Xml.XmlDocument.dll
                 Private = 'false'
             C:\Program Files\dotnet\packs\Microsoft.NETCore.App.Ref\8.0.6\ref/net8.0/System.Xml.XmlSerializer.dll
                 Private = 'false'
             C:\Program Files\dotnet\packs\Microsoft.NETCore.App.Ref\8.0.6\ref/net8.0/System.Xml.dll
                 Private = 'false'
             C:\Program Files\dotnet\packs\Microsoft.NETCore.App.Ref\8.0.6\ref/net8.0/System.dll
                 Private = 'false'
             C:\Program Files\dotnet\packs\Microsoft.NETCore.App.Ref\8.0.6\ref/net8.0/WindowsBase.dll
                 Private = 'false'
             C:\Program Files\dotnet\packs\Microsoft.NETCore.App.Ref\8.0.6\ref/net8.0/mscorlib.dll
                 Private = 'false'
             C:\Program Files\dotnet\packs\Microsoft.NETCore.App.Ref\8.0.6\ref/net8.0/netstandard.dll
                 Private = 'false'
             C:\Program Files\dotnet\packs\Microsoft.AspNetCore.App.Ref\8.0.6\ref\net8.0\Microsoft.AspNetCore.Antiforgery.dll
                 Private = 'false'
             C:\Program Files\dotnet\packs\Microsoft.AspNetCore.App.Ref\8.0.6\ref\net8.0\Microsoft.AspNetCore.Authentication.Abstractions.dll
                 Private = 'false'
             C:\Program Files\dotnet\packs\Microsoft.AspNetCore.App.Ref\8.0.6\ref\net8.0\Microsoft.AspNetCore.Authentication.BearerToken.dll
                 Private = 'false'
             C:\Program Files\dotnet\packs\Microsoft.AspNetCore.App.Ref\8.0.6\ref\net8.0\Microsoft.AspNetCore.Authentication.Cookies.dll
                 Private = 'false'
             C:\Program Files\dotnet\packs\Microsoft.AspNetCore.App.Ref\8.0.6\ref\net8.0\Microsoft.AspNetCore.Authentication.Core.dll
                 Private = 'false'
             C:\Program Files\dotnet\packs\Microsoft.AspNetCore.App.Ref\8.0.6\ref\net8.0\Microsoft.AspNetCore.Authentication.OAuth.dll
                 Private = 'false'
             C:\Program Files\dotnet\packs\Microsoft.AspNetCore.App.Ref\8.0.6\ref\net8.0\Microsoft.AspNetCore.Authentication.dll
                 Private = 'false'
             C:\Program Files\dotnet\packs\Microsoft.AspNetCore.App.Ref\8.0.6\ref\net8.0\Microsoft.AspNetCore.Authorization.Policy.dll
                 Private = 'false'
             C:\Program Files\dotnet\packs\Microsoft.AspNetCore.App.Ref\8.0.6\ref\net8.0\Microsoft.AspNetCore.Authorization.dll
                 Private = 'false'
             C:\Program Files\dotnet\packs\Microsoft.AspNetCore.App.Ref\8.0.6\ref\net8.0\Microsoft.AspNetCore.Components.Authorization.dll
                 Private = 'false'
             C:\Program Files\dotnet\packs\Microsoft.AspNetCore.App.Ref\8.0.6\ref\net8.0\Microsoft.AspNetCore.Components.Endpoints.dll
                 Private = 'false'
             C:\Program Files\dotnet\packs\Microsoft.AspNetCore.App.Ref\8.0.6\ref\net8.0\Microsoft.AspNetCore.Components.Forms.dll
                 Private = 'false'
             C:\Program Files\dotnet\packs\Microsoft.AspNetCore.App.Ref\8.0.6\ref\net8.0\Microsoft.AspNetCore.Components.Server.dll
                 Private = 'false'
             C:\Program Files\dotnet\packs\Microsoft.AspNetCore.App.Ref\8.0.6\ref\net8.0\Microsoft.AspNetCore.Components.Web.dll
                 Private = 'false'
             C:\Program Files\dotnet\packs\Microsoft.AspNetCore.App.Ref\8.0.6\ref\net8.0\Microsoft.AspNetCore.Components.dll
                 Private = 'false'
             C:\Program Files\dotnet\packs\Microsoft.AspNetCore.App.Ref\8.0.6\ref\net8.0\Microsoft.AspNetCore.Connections.Abstractions.dll
                 Private = 'false'
             C:\Program Files\dotnet\packs\Microsoft.AspNetCore.App.Ref\8.0.6\ref\net8.0\Microsoft.AspNetCore.CookiePolicy.dll
                 Private = 'false'
             C:\Program Files\dotnet\packs\Microsoft.AspNetCore.App.Ref\8.0.6\ref\net8.0\Microsoft.AspNetCore.Cors.dll
                 Private = 'false'
             C:\Program Files\dotnet\packs\Microsoft.AspNetCore.App.Ref\8.0.6\ref\net8.0\Microsoft.AspNetCore.DataProtection.Abstractions.dll
                 Private = 'false'
             C:\Program Files\dotnet\packs\Microsoft.AspNetCore.App.Ref\8.0.6\ref\net8.0\Microsoft.AspNetCore.DataProtection.Extensions.dll
                 Private = 'false'
             C:\Program Files\dotnet\packs\Microsoft.AspNetCore.App.Ref\8.0.6\ref\net8.0\Microsoft.AspNetCore.DataProtection.dll
                 Private = 'false'
             C:\Program Files\dotnet\packs\Microsoft.AspNetCore.App.Ref\8.0.6\ref\net8.0\Microsoft.AspNetCore.Diagnostics.Abstractions.dll
                 Private = 'false'
             C:\Program Files\dotnet\packs\Microsoft.AspNetCore.App.Ref\8.0.6\ref\net8.0\Microsoft.AspNetCore.Diagnostics.HealthChecks.dll
                 Private = 'false'
             C:\Program Files\dotnet\packs\Microsoft.AspNetCore.App.Ref\8.0.6\ref\net8.0\Microsoft.AspNetCore.Diagnostics.dll
                 Private = 'false'
             C:\Program Files\dotnet\packs\Microsoft.AspNetCore.App.Ref\8.0.6\ref\net8.0\Microsoft.AspNetCore.HostFiltering.dll
                 Private = 'false'
             C:\Program Files\dotnet\packs\Microsoft.AspNetCore.App.Ref\8.0.6\ref\net8.0\Microsoft.AspNetCore.Hosting.Abstractions.dll
                 Private = 'false'
             C:\Program Files\dotnet\packs\Microsoft.AspNetCore.App.Ref\8.0.6\ref\net8.0\Microsoft.AspNetCore.Hosting.Server.Abstractions.dll
                 Private = 'false'
             C:\Program Files\dotnet\packs\Microsoft.AspNetCore.App.Ref\8.0.6\ref\net8.0\Microsoft.AspNetCore.Hosting.dll
                 Private = 'false'
             C:\Program Files\dotnet\packs\Microsoft.AspNetCore.App.Ref\8.0.6\ref\net8.0\Microsoft.AspNetCore.Html.Abstractions.dll
                 Private = 'false'
             C:\Program Files\dotnet\packs\Microsoft.AspNetCore.App.Ref\8.0.6\ref\net8.0\Microsoft.AspNetCore.Http.Abstractions.dll
                 Private = 'false'
             C:\Program Files\dotnet\packs\Microsoft.AspNetCore.App.Ref\8.0.6\ref\net8.0\Microsoft.AspNetCore.Http.Connections.Common.dll
                 Private = 'false'
             C:\Program Files\dotnet\packs\Microsoft.AspNetCore.App.Ref\8.0.6\ref\net8.0\Microsoft.AspNetCore.Http.Connections.dll
                 Private = 'false'
             C:\Program Files\dotnet\packs\Microsoft.AspNetCore.App.Ref\8.0.6\ref\net8.0\Microsoft.AspNetCore.Http.Extensions.dll
                 Private = 'false'
             C:\Program Files\dotnet\packs\Microsoft.AspNetCore.App.Ref\8.0.6\ref\net8.0\Microsoft.AspNetCore.Http.Features.dll
                 Private = 'false'
             C:\Program Files\dotnet\packs\Microsoft.AspNetCore.App.Ref\8.0.6\ref\net8.0\Microsoft.AspNetCore.Http.Results.dll
                 Private = 'false'
             C:\Program Files\dotnet\packs\Microsoft.AspNetCore.App.Ref\8.0.6\ref\net8.0\Microsoft.AspNetCore.Http.dll
                 Private = 'false'
             C:\Program Files\dotnet\packs\Microsoft.AspNetCore.App.Ref\8.0.6\ref\net8.0\Microsoft.AspNetCore.HttpLogging.dll
                 Private = 'false'
             C:\Program Files\dotnet\packs\Microsoft.AspNetCore.App.Ref\8.0.6\ref\net8.0\Microsoft.AspNetCore.HttpOverrides.dll
                 Private = 'false'
             C:\Program Files\dotnet\packs\Microsoft.AspNetCore.App.Ref\8.0.6\ref\net8.0\Microsoft.AspNetCore.HttpsPolicy.dll
                 Private = 'false'
             C:\Program Files\dotnet\packs\Microsoft.AspNetCore.App.Ref\8.0.6\ref\net8.0\Microsoft.AspNetCore.Identity.dll
                 Private = 'false'
             C:\Program Files\dotnet\packs\Microsoft.AspNetCore.App.Ref\8.0.6\ref\net8.0\Microsoft.AspNetCore.Localization.Routing.dll
                 Private = 'false'
             C:\Program Files\dotnet\packs\Microsoft.AspNetCore.App.Ref\8.0.6\ref\net8.0\Microsoft.AspNetCore.Localization.dll
                 Private = 'false'
             C:\Program Files\dotnet\packs\Microsoft.AspNetCore.App.Ref\8.0.6\ref\net8.0\Microsoft.AspNetCore.Metadata.dll
                 Private = 'false'
             C:\Program Files\dotnet\packs\Microsoft.AspNetCore.App.Ref\8.0.6\ref\net8.0\Microsoft.AspNetCore.Mvc.Abstractions.dll
                 Private = 'false'
             C:\Program Files\dotnet\packs\Microsoft.AspNetCore.App.Ref\8.0.6\ref\net8.0\Microsoft.AspNetCore.Mvc.ApiExplorer.dll
                 Private = 'false'
             C:\Program Files\dotnet\packs\Microsoft.AspNetCore.App.Ref\8.0.6\ref\net8.0\Microsoft.AspNetCore.Mvc.Core.dll
                 Private = 'false'
             C:\Program Files\dotnet\packs\Microsoft.AspNetCore.App.Ref\8.0.6\ref\net8.0\Microsoft.AspNetCore.Mvc.Cors.dll
                 Private = 'false'
             C:\Program Files\dotnet\packs\Microsoft.AspNetCore.App.Ref\8.0.6\ref\net8.0\Microsoft.AspNetCore.Mvc.DataAnnotations.dll
                 Private = 'false'
             C:\Program Files\dotnet\packs\Microsoft.AspNetCore.App.Ref\8.0.6\ref\net8.0\Microsoft.AspNetCore.Mvc.Formatters.Json.dll
                 Private = 'false'
             C:\Program Files\dotnet\packs\Microsoft.AspNetCore.App.Ref\8.0.6\ref\net8.0\Microsoft.AspNetCore.Mvc.Formatters.Xml.dll
                 Private = 'false'
             C:\Program Files\dotnet\packs\Microsoft.AspNetCore.App.Ref\8.0.6\ref\net8.0\Microsoft.AspNetCore.Mvc.Localization.dll
                 Private = 'false'
             C:\Program Files\dotnet\packs\Microsoft.AspNetCore.App.Ref\8.0.6\ref\net8.0\Microsoft.AspNetCore.Mvc.Razor.dll
                 Private = 'false'
             C:\Program Files\dotnet\packs\Microsoft.AspNetCore.App.Ref\8.0.6\ref\net8.0\Microsoft.AspNetCore.Mvc.RazorPages.dll
                 Private = 'false'
             C:\Program Files\dotnet\packs\Microsoft.AspNetCore.App.Ref\8.0.6\ref\net8.0\Microsoft.AspNetCore.Mvc.TagHelpers.dll
                 Private = 'false'
             C:\Program Files\dotnet\packs\Microsoft.AspNetCore.App.Ref\8.0.6\ref\net8.0\Microsoft.AspNetCore.Mvc.ViewFeatures.dll
                 Private = 'false'
             C:\Program Files\dotnet\packs\Microsoft.AspNetCore.App.Ref\8.0.6\ref\net8.0\Microsoft.AspNetCore.Mvc.dll
                 Private = 'false'
             C:\Program Files\dotnet\packs\Microsoft.AspNetCore.App.Ref\8.0.6\ref\net8.0\Microsoft.AspNetCore.OutputCaching.dll
                 Private = 'false'
             C:\Program Files\dotnet\packs\Microsoft.AspNetCore.App.Ref\8.0.6\ref\net8.0\Microsoft.AspNetCore.RateLimiting.dll
                 Private = 'false'
             C:\Program Files\dotnet\packs\Microsoft.AspNetCore.App.Ref\8.0.6\ref\net8.0\Microsoft.AspNetCore.Razor.Runtime.dll
                 Private = 'false'
             C:\Program Files\dotnet\packs\Microsoft.AspNetCore.App.Ref\8.0.6\ref\net8.0\Microsoft.AspNetCore.Razor.dll
                 Private = 'false'
             C:\Program Files\dotnet\packs\Microsoft.AspNetCore.App.Ref\8.0.6\ref\net8.0\Microsoft.AspNetCore.RequestDecompression.dll
                 Private = 'false'
             C:\Program Files\dotnet\packs\Microsoft.AspNetCore.App.Ref\8.0.6\ref\net8.0\Microsoft.AspNetCore.ResponseCaching.Abstractions.dll
                 Private = 'false'
             C:\Program Files\dotnet\packs\Microsoft.AspNetCore.App.Ref\8.0.6\ref\net8.0\Microsoft.AspNetCore.ResponseCaching.dll
                 Private = 'false'
             C:\Program Files\dotnet\packs\Microsoft.AspNetCore.App.Ref\8.0.6\ref\net8.0\Microsoft.AspNetCore.ResponseCompression.dll
                 Private = 'false'
             C:\Program Files\dotnet\packs\Microsoft.AspNetCore.App.Ref\8.0.6\ref\net8.0\Microsoft.AspNetCore.Rewrite.dll
                 Private = 'false'
             C:\Program Files\dotnet\packs\Microsoft.AspNetCore.App.Ref\8.0.6\ref\net8.0\Microsoft.AspNetCore.Routing.Abstractions.dll
                 Private = 'false'
             C:\Program Files\dotnet\packs\Microsoft.AspNetCore.App.Ref\8.0.6\ref\net8.0\Microsoft.AspNetCore.Routing.dll
                 Private = 'false'
             C:\Program Files\dotnet\packs\Microsoft.AspNetCore.App.Ref\8.0.6\ref\net8.0\Microsoft.AspNetCore.Server.HttpSys.dll
                 Private = 'false'
             C:\Program Files\dotnet\packs\Microsoft.AspNetCore.App.Ref\8.0.6\ref\net8.0\Microsoft.AspNetCore.Server.IIS.dll
                 Private = 'false'
             C:\Program Files\dotnet\packs\Microsoft.AspNetCore.App.Ref\8.0.6\ref\net8.0\Microsoft.AspNetCore.Server.IISIntegration.dll
                 Private = 'false'
             C:\Program Files\dotnet\packs\Microsoft.AspNetCore.App.Ref\8.0.6\ref\net8.0\Microsoft.AspNetCore.Server.Kestrel.Core.dll
                 Private = 'false'
             C:\Program Files\dotnet\packs\Microsoft.AspNetCore.App.Ref\8.0.6\ref\net8.0\Microsoft.AspNetCore.Server.Kestrel.Transport.NamedPipes.dll
                 Private = 'false'
             C:\Program Files\dotnet\packs\Microsoft.AspNetCore.App.Ref\8.0.6\ref\net8.0\Microsoft.AspNetCore.Server.Kestrel.Transport.Quic.dll
                 Private = 'false'
             C:\Program Files\dotnet\packs\Microsoft.AspNetCore.App.Ref\8.0.6\ref\net8.0\Microsoft.AspNetCore.Server.Kestrel.Transport.Sockets.dll
                 Private = 'false'
             C:\Program Files\dotnet\packs\Microsoft.AspNetCore.App.Ref\8.0.6\ref\net8.0\Microsoft.AspNetCore.Server.Kestrel.dll
                 Private = 'false'
             C:\Program Files\dotnet\packs\Microsoft.AspNetCore.App.Ref\8.0.6\ref\net8.0\Microsoft.AspNetCore.Session.dll
                 Private = 'false'
             C:\Program Files\dotnet\packs\Microsoft.AspNetCore.App.Ref\8.0.6\ref\net8.0\Microsoft.AspNetCore.SignalR.Common.dll
                 Private = 'false'
             C:\Program Files\dotnet\packs\Microsoft.AspNetCore.App.Ref\8.0.6\ref\net8.0\Microsoft.AspNetCore.SignalR.Core.dll
                 Private = 'false'
             C:\Program Files\dotnet\packs\Microsoft.AspNetCore.App.Ref\8.0.6\ref\net8.0\Microsoft.AspNetCore.SignalR.Protocols.Json.dll
                 Private = 'false'
             C:\Program Files\dotnet\packs\Microsoft.AspNetCore.App.Ref\8.0.6\ref\net8.0\Microsoft.AspNetCore.SignalR.dll
                 Private = 'false'
             C:\Program Files\dotnet\packs\Microsoft.AspNetCore.App.Ref\8.0.6\ref\net8.0\Microsoft.AspNetCore.StaticFiles.dll
                 Private = 'false'
             C:\Program Files\dotnet\packs\Microsoft.AspNetCore.App.Ref\8.0.6\ref\net8.0\Microsoft.AspNetCore.WebSockets.dll
                 Private = 'false'
             C:\Program Files\dotnet\packs\Microsoft.AspNetCore.App.Ref\8.0.6\ref\net8.0\Microsoft.AspNetCore.WebUtilities.dll
                 Private = 'false'
             C:\Program Files\dotnet\packs\Microsoft.AspNetCore.App.Ref\8.0.6\ref\net8.0\Microsoft.AspNetCore.dll
                 Private = 'false'
             C:\Program Files\dotnet\packs\Microsoft.AspNetCore.App.Ref\8.0.6\ref\net8.0\Microsoft.Extensions.Caching.Abstractions.dll
                 Private = 'false'
             C:\Program Files\dotnet\packs\Microsoft.AspNetCore.App.Ref\8.0.6\ref\net8.0\Microsoft.Extensions.Configuration.CommandLine.dll
                 Private = 'false'
             C:\Program Files\dotnet\packs\Microsoft.AspNetCore.App.Ref\8.0.6\ref\net8.0\Microsoft.Extensions.Configuration.EnvironmentVariables.dll
                 Private = 'false'
             C:\Program Files\dotnet\packs\Microsoft.AspNetCore.App.Ref\8.0.6\ref\net8.0\Microsoft.Extensions.Configuration.FileExtensions.dll
                 Private = 'false'
             C:\Program Files\dotnet\packs\Microsoft.AspNetCore.App.Ref\8.0.6\ref\net8.0\Microsoft.Extensions.Configuration.Ini.dll
                 Private = 'false'
             C:\Program Files\dotnet\packs\Microsoft.AspNetCore.App.Ref\8.0.6\ref\net8.0\Microsoft.Extensions.Configuration.Json.dll
                 Private = 'false'
             C:\Program Files\dotnet\packs\Microsoft.AspNetCore.App.Ref\8.0.6\ref\net8.0\Microsoft.Extensions.Configuration.KeyPerFile.dll
                 Private = 'false'
             C:\Program Files\dotnet\packs\Microsoft.AspNetCore.App.Ref\8.0.6\ref\net8.0\Microsoft.Extensions.Configuration.UserSecrets.dll
                 Private = 'false'
             C:\Program Files\dotnet\packs\Microsoft.AspNetCore.App.Ref\8.0.6\ref\net8.0\Microsoft.Extensions.Configuration.Xml.dll
                 Private = 'false'
             C:\Program Files\dotnet\packs\Microsoft.AspNetCore.App.Ref\8.0.6\ref\net8.0\Microsoft.Extensions.DependencyInjection.Abstractions.dll
                 Private = 'false'
             C:\Program Files\dotnet\packs\Microsoft.AspNetCore.App.Ref\8.0.6\ref\net8.0\Microsoft.Extensions.Diagnostics.HealthChecks.Abstractions.dll
                 Private = 'false'
             C:\Program Files\dotnet\packs\Microsoft.AspNetCore.App.Ref\8.0.6\ref\net8.0\Microsoft.Extensions.Diagnostics.HealthChecks.dll
                 Private = 'false'
             C:\Program Files\dotnet\packs\Microsoft.AspNetCore.App.Ref\8.0.6\ref\net8.0\Microsoft.Extensions.Features.dll
                 Private = 'false'
             C:\Program Files\dotnet\packs\Microsoft.AspNetCore.App.Ref\8.0.6\ref\net8.0\Microsoft.Extensions.FileProviders.Abstractions.dll
                 Private = 'false'
             C:\Program Files\dotnet\packs\Microsoft.AspNetCore.App.Ref\8.0.6\ref\net8.0\Microsoft.Extensions.FileProviders.Composite.dll
                 Private = 'false'
             C:\Program Files\dotnet\packs\Microsoft.AspNetCore.App.Ref\8.0.6\ref\net8.0\Microsoft.Extensions.FileProviders.Embedded.dll
                 Private = 'false'
             C:\Program Files\dotnet\packs\Microsoft.AspNetCore.App.Ref\8.0.6\ref\net8.0\Microsoft.Extensions.FileProviders.Physical.dll
                 Private = 'false'
             C:\Program Files\dotnet\packs\Microsoft.AspNetCore.App.Ref\8.0.6\ref\net8.0\Microsoft.Extensions.FileSystemGlobbing.dll
                 Private = 'false'
             C:\Program Files\dotnet\packs\Microsoft.AspNetCore.App.Ref\8.0.6\ref\net8.0\Microsoft.Extensions.Hosting.Abstractions.dll
                 Private = 'false'
             C:\Program Files\dotnet\packs\Microsoft.AspNetCore.App.Ref\8.0.6\ref\net8.0\Microsoft.Extensions.Hosting.dll
                 Private = 'false'
             C:\Program Files\dotnet\packs\Microsoft.AspNetCore.App.Ref\8.0.6\ref\net8.0\Microsoft.Extensions.Localization.Abstractions.dll
                 Private = 'false'
             C:\Program Files\dotnet\packs\Microsoft.AspNetCore.App.Ref\8.0.6\ref\net8.0\Microsoft.Extensions.Localization.dll
                 Private = 'false'
             C:\Program Files\dotnet\packs\Microsoft.AspNetCore.App.Ref\8.0.6\ref\net8.0\Microsoft.Extensions.Logging.Configuration.dll
                 Private = 'false'
             C:\Program Files\dotnet\packs\Microsoft.AspNetCore.App.Ref\8.0.6\ref\net8.0\Microsoft.Extensions.Logging.Console.dll
                 Private = 'false'
             C:\Program Files\dotnet\packs\Microsoft.AspNetCore.App.Ref\8.0.6\ref\net8.0\Microsoft.Extensions.Logging.Debug.dll
                 Private = 'false'
             C:\Program Files\dotnet\packs\Microsoft.AspNetCore.App.Ref\8.0.6\ref\net8.0\Microsoft.Extensions.Logging.EventLog.dll
                 Private = 'false'
             C:\Program Files\dotnet\packs\Microsoft.AspNetCore.App.Ref\8.0.6\ref\net8.0\Microsoft.Extensions.Logging.EventSource.dll
                 Private = 'false'
             C:\Program Files\dotnet\packs\Microsoft.AspNetCore.App.Ref\8.0.6\ref\net8.0\Microsoft.Extensions.Logging.TraceSource.dll
                 Private = 'false'
             C:\Program Files\dotnet\packs\Microsoft.AspNetCore.App.Ref\8.0.6\ref\net8.0\Microsoft.Extensions.ObjectPool.dll
                 Private = 'false'
             C:\Program Files\dotnet\packs\Microsoft.AspNetCore.App.Ref\8.0.6\ref\net8.0\Microsoft.Extensions.Options.DataAnnotations.dll
                 Private = 'false'
             C:\Program Files\dotnet\packs\Microsoft.AspNetCore.App.Ref\8.0.6\ref\net8.0\Microsoft.Extensions.WebEncoders.dll
                 Private = 'false'
             C:\Program Files\dotnet\packs\Microsoft.AspNetCore.App.Ref\8.0.6\ref\net8.0\Microsoft.JSInterop.dll
                 Private = 'false'
             C:\Program Files\dotnet\packs\Microsoft.AspNetCore.App.Ref\8.0.6\ref\net8.0\Microsoft.Net.Http.Headers.dll
                 Private = 'false'
             C:\Program Files\dotnet\packs\Microsoft.AspNetCore.App.Ref\8.0.6\ref\net8.0\System.Diagnostics.EventLog.dll
                 Private = 'false'
             C:\Program Files\dotnet\packs\Microsoft.AspNetCore.App.Ref\8.0.6\ref\net8.0\System.IO.Pipelines.dll
                 Private = 'false'
             C:\Program Files\dotnet\packs\Microsoft.AspNetCore.App.Ref\8.0.6\ref\net8.0\System.Security.Cryptography.Xml.dll
                 Private = 'false'
             C:\Program Files\dotnet\packs\Microsoft.AspNetCore.App.Ref\8.0.6\ref\net8.0\System.Threading.RateLimiting.dll
                 Private = 'false'
         AssemblyFiles:
             D:\Tito Pedraza\OneDrive\Proyectos\Codigo Fuente\repos\HumanCore\src\TalenHuman.Application\bin\Debug\net8.0\TalenHuman.Application.dll
             D:\Tito Pedraza\OneDrive\Proyectos\Codigo Fuente\repos\HumanCore\src\TalenHuman.Infrastructure\bin\Debug\net8.0\TalenHuman.Infrastructure.dll
             D:\Tito Pedraza\OneDrive\Proyectos\Codigo Fuente\repos\HumanCore\src\TalenHuman.Domain\bin\Debug\net8.0\TalenHuman.Domain.dll
         CandidateAssemblyFiles:
         TargetFrameworkDirectories:
             
         InstalledAssemblyTables:
         IgnoreInstalledAssemblyTable:
             False
         SearchPaths:
             {CandidateAssemblyFiles}
             {HintPathFromItem}
             {TargetFrameworkDirectory}
             {RawFileName}
         AllowedAssemblyExtensions:
             .winmd
             .dll
             .exe
         AllowedRelatedFileExtensions:
             .pdb
             .xml
             .pri
             .dll.config
             .exe.config
         AppConfigFile:
             
         AutoUnify:
             True
         CopyLocalDependenciesWhenParentReferenceInGac:
             True
         FindDependencies:
             True
         TargetProcessorArchitecture:
             msil
         StateFile:
             obj\Debug\net8.0\TalenHuman.API.csproj.AssemblyReference.cache
         InstalledAssemblySubsetTables:
         IgnoreInstalledAssemblySubsetTable:
             False
         TargetFrameworkSubsets:
         FullTargetFrameworkSubsetNames:
             Full
         ProfileName:
             
         FullFrameworkFolders:
         LatestTargetFrameworkDirectories:
         ProfileTablesLocation:
         Primary reference "TalenHuman.Application, Version=1.0.0.0, Culture=neutral, PublicKeyToken=null".
             Resolved file path is "D:\Tito Pedraza\OneDrive\Proyectos\Codigo Fuente\repos\HumanCore\src\TalenHuman.Application\bin\Debug\net8.0\TalenHuman.Application.dll".
             Reference found at search path location "D:\Tito Pedraza\OneDrive\Proyectos\Codigo Fuente\repos\HumanCore\src\TalenHuman.Application\bin\Debug\net8.0\TalenHuman.Application.dll".
             Found related file "D:\Tito Pedraza\OneDrive\Proyectos\Codigo Fuente\repos\HumanCore\src\TalenHuman.Application\bin\Debug\net8.0\TalenHuman.Application.pdb".
         Primary reference "TalenHuman.Infrastructure, Version=1.0.0.0, Culture=neutral, PublicKeyToken=null".
             Resolved file path is "D:\Tito Pedraza\OneDrive\Proyectos\Codigo Fuente\repos\HumanCore\src\TalenHuman.Infrastructure\bin\Debug\net8.0\TalenHuman.Infrastructure.dll".
             Reference found at search path location "D:\Tito Pedraza\OneDrive\Proyectos\Codigo Fuente\repos\HumanCore\src\TalenHuman.Infrastructure\bin\Debug\net8.0\TalenHuman.Infrastructure.dll".
             Found related file "D:\Tito Pedraza\OneDrive\Proyectos\Codigo Fuente\repos\HumanCore\src\TalenHuman.Infrastructure\bin\Debug\net8.0\TalenHuman.Infrastructure.pdb".
         Primary reference "TalenHuman.Domain, Version=1.0.0.0, Culture=neutral, PublicKeyToken=null".
             Resolved file path is "D:\Tito Pedraza\OneDrive\Proyectos\Codigo Fuente\repos\HumanCore\src\TalenHuman.Domain\bin\Debug\net8.0\TalenHuman.Domain.dll".
             Reference found at search path location "D:\Tito Pedraza\OneDrive\Proyectos\Codigo Fuente\repos\HumanCore\src\TalenHuman.Domain\bin\Debug\net8.0\TalenHuman.Domain.dll".
             Found related file "D:\Tito Pedraza\OneDrive\Proyectos\Codigo Fuente\repos\HumanCore\src\TalenHuman.Domain\bin\Debug\net8.0\TalenHuman.Domain.pdb".
         Primary reference "AWSSDK.Core, Version=4.0.0.0, Culture=neutral, PublicKeyToken=885c28607f98e604".
             Resolved file path is "C:\Users\messa\.nuget\packages\awssdk.core\4.0.3.23\lib\net8.0\AWSSDK.Core.dll".
             Reference found at search path location "{HintPathFromItem}".
             This reference is not "CopyLocal" because at least one source item had "Private" set to "false" and no source items had "Private" set to "true".
         Primary reference "AWSSDK.S3, Version=4.0.0.0, Culture=neutral, PublicKeyToken=885c28607f98e604".
             Resolved file path is "C:\Users\messa\.nuget\packages\awssdk.s3\4.0.19.3\lib\net8.0\AWSSDK.S3.dll".
             Reference found at search path location "{HintPathFromItem}".
             This reference is not "CopyLocal" because at least one source item had "Private" set to "false" and no source items had "Private" set to "true".
         Primary reference "ClosedXML, Version=0.105.0.0, Culture=neutral, PublicKeyToken=fd1eb21b62ae805b".
             Resolved file path is "C:\Users\messa\.nuget\packages\closedxml\0.105.0\lib\netstandard2.1\ClosedXML.dll".
             Reference found at search path location "{HintPathFromItem}".
             This reference is not "CopyLocal" because at least one source item had "Private" set to "false" and no source items had "Private" set to "true".
         Primary reference "ClosedXML.Parser, Version=1.0.0.0, Culture=neutral, PublicKeyToken=1d5f7376574c51ec".
             Resolved file path is "C:\Users\messa\.nuget\packages\closedxml.parser\2.0.0\lib\netstandard2.1\ClosedXML.Parser.dll".
             Reference found at search path location "{HintPathFromItem}".
             This reference is not "CopyLocal" because at least one source item had "Private" set to "false" and no source items had "Private" set to "true".
         Primary reference "DocumentFormat.OpenXml, Version=3.1.1.0, Culture=neutral, PublicKeyToken=8fb06cb64d019a17".
             Resolved file path is "C:\Users\messa\.nuget\packages\documentformat.openxml\3.1.1\lib\net8.0\DocumentFormat.OpenXml.dll".
             Reference found at search path location "{HintPathFromItem}".
             This reference is not "CopyLocal" because at least one source item had "Private" set to "false" and no source items had "Private" set to "true".
         Primary reference "DocumentFormat.OpenXml.Framework, Version=3.1.1.0, Culture=neutral, PublicKeyToken=8fb06cb64d019a17".
             Resolved file path is "C:\Users\messa\.nuget\packages\documentformat.openxml.framework\3.1.1\lib\net8.0\DocumentFormat.OpenXml.Framework.dll".
             Reference found at search path location "{HintPathFromItem}".
             This reference is not "CopyLocal" because at least one source item had "Private" set to "false" and no source items had "Private" set to "true".
         Primary reference "ExcelDataReader, Version=3.8.0.0, Culture=neutral, PublicKeyToken=93517dbe6a4012fa".
             Resolved file path is "C:\Users\messa\.nuget\packages\exceldatareader\3.8.0\lib\net8.0\ExcelDataReader.dll".
             Reference found at search path location "{HintPathFromItem}".
             This reference is not "CopyLocal" because at least one source item had "Private" set to "false" and no source items had "Private" set to "true".
         Primary reference "ExcelDataReader.DataSet, Version=3.8.0.0, Culture=neutral, PublicKeyToken=93517dbe6a4012fa".
             Resolved file path is "C:\Users\messa\.nuget\packages\exceldatareader.dataset\3.8.0\lib\net8.0\ExcelDataReader.DataSet.dll".
             Reference found at search path location "{HintPathFromItem}".
             This reference is not "CopyLocal" because at least one source item had "Private" set to "false" and no source items had "Private" set to "true".
         Primary reference "ExcelNumberFormat, Version=1.1.0.0, Culture=neutral, PublicKeyToken=23c6f5d73be07eca".
             Resolved file path is "C:\Users\messa\.nuget\packages\excelnumberformat\1.1.0\lib\netstandard2.0\ExcelNumberFormat.dll".
             Reference found at search path location "{HintPathFromItem}".
             This reference is not "CopyLocal" because at least one source item had "Private" set to "false" and no source items had "Private" set to "true".
         Primary reference "Fido2, Version=4.0.0.0, Culture=neutral, PublicKeyToken=null".
             Resolved file path is "C:\Users\messa\.nuget\packages\fido2\4.0.0\lib\net8.0\Fido2.dll".
             Reference found at search path location "{HintPathFromItem}".
             This reference is not "CopyLocal" because at least one source item had "Private" set to "false" and no source items had "Private" set to "true".
         Primary reference "Fido2.AspNet, Version=4.0.0.0, Culture=neutral, PublicKeyToken=null".
             Resolved file path is "C:\Users\messa\.nuget\packages\fido2.aspnet\4.0.0\lib\net8.0\Fido2.AspNet.dll".
             Reference found at search path location "{HintPathFromItem}".
             This reference is not "CopyLocal" because at least one source item had "Private" set to "false" and no source items had "Private" set to "true".
         Primary reference "Fido2.Models, Version=4.0.0.0, Culture=neutral, PublicKeyToken=null".
             Resolved file path is "C:\Users\messa\.nuget\packages\fido2.models\4.0.0\lib\net8.0\Fido2.Models.dll".
             Reference found at search path location "{HintPathFromItem}".
             This reference is not "CopyLocal" because at least one source item had "Private" set to "false" and no source items had "Private" set to "true".
         Primary reference "FirebaseAdmin, Version=3.5.0.0, Culture=neutral, PublicKeyToken=97c8d00c348326ed".
             Resolved file path is "C:\Users\messa\.nuget\packages\firebaseadmin\3.5.0\lib\net6.0\FirebaseAdmin.dll".
             Reference found at search path location "{HintPathFromItem}".
             This reference is not "CopyLocal" because at least one source item had "Private" set to "false" and no source items had "Private" set to "true".
         Primary reference "FluentValidation, Version=11.0.0.0, Culture=neutral, PublicKeyToken=7de548da2fbae0f0".
             Resolved file path is "C:\Users\messa\.nuget\packages\fluentvalidation\11.11.0\lib\net8.0\FluentValidation.dll".
             Reference found at search path location "{HintPathFromItem}".
             This reference is not "CopyLocal" because at least one source item had "Private" set to "false" and no source items had "Private" set to "true".
         Primary reference "FluentValidation.AspNetCore, Version=11.0.0.0, Culture=neutral, PublicKeyToken=7de548da2fbae0f0".
             Resolved file path is "C:\Users\messa\.nuget\packages\fluentvalidation.aspnetcore\11.3.1\lib\net6.0\FluentValidation.AspNetCore.dll".
             Reference found at search path location "{HintPathFromItem}".
             This reference is not "CopyLocal" because at least one source item had "Private" set to "false" and no source items had "Private" set to "true".
         Primary reference "FluentValidation.DependencyInjectionExtensions, Version=11.0.0.0, Culture=neutral, PublicKeyToken=7de548da2fbae0f0".
             Resolved file path is "C:\Users\messa\.nuget\packages\fluentvalidation.dependencyinjectionextensions\11.11.0\lib\netstandard2.1\FluentValidation.DependencyInjectionExtensions.dll".
             Reference found at search path location "{HintPathFromItem}".
             This reference is not "CopyLocal" because at least one source item had "Private" set to "false" and no source items had "Private" set to "true".
         Primary reference "Google.Api.Gax, Version=4.13.1.0, Culture=neutral, PublicKeyToken=3ec5ea7f18953e47".
             Resolved file path is "C:\Users\messa\.nuget\packages\google.api.gax\4.13.1\lib\netstandard2.0\Google.Api.Gax.dll".
             Reference found at search path location "{HintPathFromItem}".
             This reference is not "CopyLocal" because at least one source item had "Private" set to "false" and no source items had "Private" set to "true".
         Primary reference "Google.Api.Gax.Rest, Version=4.13.1.0, Culture=neutral, PublicKeyToken=3ec5ea7f18953e47".
             Resolved file path is "C:\Users\messa\.nuget\packages\google.api.gax.rest\4.13.1\lib\netstandard2.0\Google.Api.Gax.Rest.dll".
             Reference found at search path location "{HintPathFromItem}".
             This reference is not "CopyLocal" because at least one source item had "Private" set to "false" and no source items had "Private" set to "true".
         Primary reference "Google.Apis, Version=1.73.0.0, Culture=neutral, PublicKeyToken=4b01fa6e34db77ab".
             Resolved file path is "C:\Users\messa\.nuget\packages\google.apis\1.73.0\lib\net6.0\Google.Apis.dll".
             Reference found at search path location "{HintPathFromItem}".
             This reference is not "CopyLocal" because at least one source item had "Private" set to "false" and no source items had "Private" set to "true".
         Primary reference "Google.Apis.Auth, Version=1.73.0.0, Culture=neutral, PublicKeyToken=4b01fa6e34db77ab".
             Resolved file path is "C:\Users\messa\.nuget\packages\google.apis.auth\1.73.0\lib\net6.0\Google.Apis.Auth.dll".
             Reference found at search path location "{HintPathFromItem}".
             This reference is not "CopyLocal" because at least one source item had "Private" set to "false" and no source items had "Private" set to "true".
         Primary reference "Google.Apis.Core, Version=1.73.0.0, Culture=neutral, PublicKeyToken=4b01fa6e34db77ab".
             Resolved file path is "C:\Users\messa\.nuget\packages\google.apis.core\1.73.0\lib\net6.0\Google.Apis.Core.dll".
             Reference found at search path location "{HintPathFromItem}".
             This reference is not "CopyLocal" because at least one source item had "Private" set to "false" and no source items had "Private" set to "true".
         Primary reference "MediatR, Version=12.0.0.0, Culture=neutral, PublicKeyToken=bb9a41a5e8aaa7e2".
             Resolved file path is "C:\Users\messa\.nuget\packages\mediatr\12.0.1\lib\net6.0\MediatR.dll".
             Reference found at search path location "{HintPathFromItem}".
             This reference is not "CopyLocal" because at least one source item had "Private" set to "false" and no source items had "Private" set to "true".
         Primary reference "MediatR.Contracts, Version=2.0.1.0, Culture=neutral, PublicKeyToken=bb9a41a5e8aaa7e2".
             Resolved file path is "C:\Users\messa\.nuget\packages\mediatr.contracts\2.0.1\lib\netstandard2.0\MediatR.Contracts.dll".
             Reference found at search path location "{HintPathFromItem}".
             This reference is not "CopyLocal" because at least one source item had "Private" set to "false" and no source items had "Private" set to "true".
         Primary reference "Microsoft.AspNetCore.Authentication.JwtBearer, Version=8.0.11.0, Culture=neutral, PublicKeyToken=adb9793829ddae60".
             Resolved file path is "C:\Users\messa\.nuget\packages\microsoft.aspnetcore.authentication.jwtbearer\8.0.11\lib\net8.0\Microsoft.AspNetCore.Authentication.JwtBearer.dll".
             Reference found at search path location "{HintPathFromItem}".
             This reference is not "CopyLocal" because at least one source item had "Private" set to "false" and no source items had "Private" set to "true".
         Primary reference "Microsoft.AspNetCore.Cryptography.Internal, Version=8.0.0.0, Culture=neutral, PublicKeyToken=adb9793829ddae60".
             Resolved file path is "C:\Users\messa\.nuget\packages\microsoft.aspnetcore.cryptography.internal\8.0.11\lib\net8.0\Microsoft.AspNetCore.Cryptography.Internal.dll".
             Reference found at search path location "{HintPathFromItem}".
             This reference is not "CopyLocal" because at least one source item had "Private" set to "false" and no source items had "Private" set to "true".
         Primary reference "Microsoft.AspNetCore.Cryptography.KeyDerivation, Version=8.0.0.0, Culture=neutral, PublicKeyToken=adb9793829ddae60".
             Resolved file path is "C:\Users\messa\.nuget\packages\microsoft.aspnetcore.cryptography.keyderivation\8.0.11\lib\net8.0\Microsoft.AspNetCore.Cryptography.KeyDerivation.dll".
             Reference found at search path location "{HintPathFromItem}".
             This reference is not "CopyLocal" because at least one source item had "Private" set to "false" and no source items had "Private" set to "true".
         Primary reference "Microsoft.AspNetCore.Identity.EntityFrameworkCore, Version=8.0.11.0, Culture=neutral, PublicKeyToken=adb9793829ddae60".
             Resolved file path is "C:\Users\messa\.nuget\packages\microsoft.aspnetcore.identity.entityframeworkcore\8.0.11\lib\net8.0\Microsoft.AspNetCore.Identity.EntityFrameworkCore.dll".
             Reference found at search path location "{HintPathFromItem}".
             This reference is not "CopyLocal" because at least one source item had "Private" set to "false" and no source items had "Private" set to "true".
         Primary reference "Microsoft.AspNetCore.OpenApi, Version=8.0.11.0, Culture=neutral, PublicKeyToken=adb9793829ddae60".
             Resolved file path is "C:\Users\messa\.nuget\packages\microsoft.aspnetcore.openapi\8.0.11\lib\net8.0\Microsoft.AspNetCore.OpenApi.dll".
             Reference found at search path location "{HintPathFromItem}".
             This reference is not "CopyLocal" because at least one source item had "Private" set to "false" and no source items had "Private" set to "true".
         Primary reference "Microsoft.Bcl.AsyncInterfaces, Version=6.0.0.0, Culture=neutral, PublicKeyToken=cc7b13ffcd2ddd51".
             Resolved file path is "C:\Users\messa\.nuget\packages\microsoft.bcl.asyncinterfaces\6.0.0\lib\netstandard2.1\Microsoft.Bcl.AsyncInterfaces.dll".
             Reference found at search path location "{HintPathFromItem}".
             This reference is not "CopyLocal" because at least one source item had "Private" set to "false" and no source items had "Private" set to "true".
         Primary reference "Microsoft.Bcl.Memory, Version=9.0.0.0, Culture=neutral, PublicKeyToken=cc7b13ffcd2ddd51".
             Resolved file path is "C:\Users\messa\.nuget\packages\microsoft.bcl.memory\9.0.0\lib\net8.0\Microsoft.Bcl.Memory.dll".
             Reference found at search path location "{HintPathFromItem}".
             This reference is not "CopyLocal" because at least one source item had "Private" set to "false" and no source items had "Private" set to "true".
         Primary reference "Microsoft.Bcl.TimeProvider, Version=8.0.0.1, Culture=neutral, PublicKeyToken=cc7b13ffcd2ddd51".
             Resolved file path is "C:\Users\messa\.nuget\packages\microsoft.bcl.timeprovider\8.0.1\lib\net8.0\Microsoft.Bcl.TimeProvider.dll".
             Reference found at search path location "{HintPathFromItem}".
             This reference is not "CopyLocal" because at least one source item had "Private" set to "false" and no source items had "Private" set to "true".
         Unified primary reference "Microsoft.EntityFrameworkCore, Version=8.0.11.0, Culture=neutral, PublicKeyToken=adb9793829ddae60".
             Using this version instead of original version "8.0.0.0" in "D:\Tito Pedraza\OneDrive\Proyectos\Codigo Fuente\repos\HumanCore\src\TalenHuman.Application\bin\Debug\net8.0\TalenHuman.Application.dll" because AutoUnify is 'true'.
             Resolved file path is "C:\Users\messa\.nuget\packages\microsoft.entityframeworkcore\8.0.11\lib\net8.0\Microsoft.EntityFrameworkCore.dll".
             Reference found at search path location "{HintPathFromItem}".
             This reference is not "CopyLocal" because at least one source item had "Private" set to "false" and no source items had "Private" set to "true".
         Primary reference "Microsoft.EntityFrameworkCore.Abstractions, Version=8.0.11.0, Culture=neutral, PublicKeyToken=adb9793829ddae60".
             Resolved file path is "C:\Users\messa\.nuget\packages\microsoft.entityframeworkcore.abstractions\8.0.11\lib\net8.0\Microsoft.EntityFrameworkCore.Abstractions.dll".
             Reference found at search path location "{HintPathFromItem}".
             This reference is not "CopyLocal" because at least one source item had "Private" set to "false" and no source items had "Private" set to "true".
         Primary reference "Microsoft.EntityFrameworkCore.Relational, Version=8.0.11.0, Culture=neutral, PublicKeyToken=adb9793829ddae60".
             Resolved file path is "C:\Users\messa\.nuget\packages\microsoft.entityframeworkcore.relational\8.0.11\lib\net8.0\Microsoft.EntityFrameworkCore.Relational.dll".
             Reference found at search path location "{HintPathFromItem}".
             This reference is not "CopyLocal" because at least one source item had "Private" set to "false" and no source items had "Private" set to "true".
         Primary reference "Microsoft.Extensions.Caching.Memory, Version=8.0.0.0, Culture=neutral, PublicKeyToken=adb9793829ddae60".
             Resolved file path is "C:\Users\messa\.nuget\packages\microsoft.extensions.caching.memory\8.0.1\lib\net8.0\Microsoft.Extensions.Caching.Memory.dll".
             Reference found at search path location "{HintPathFromItem}".
             This reference is not "CopyLocal" because at least one source item had "Private" set to "false" and no source items had "Private" set to "true".
         Primary reference "Microsoft.Extensions.Configuration, Version=9.0.0.0, Culture=neutral, PublicKeyToken=adb9793829ddae60".
             Resolved file path is "C:\Users\messa\.nuget\packages\microsoft.extensions.configuration\9.0.0\lib\net8.0\Microsoft.Extensions.Configuration.dll".
             Reference found at search path location "{HintPathFromItem}".
             This reference is not "CopyLocal" because at least one source item had "Private" set to "false" and no source items had "Private" set to "true".
         Unified primary reference "Microsoft.Extensions.Configuration.Abstractions, Version=9.0.0.0, Culture=neutral, PublicKeyToken=adb9793829ddae60".
             Using this version instead of original version "8.0.0.0" in "D:\Tito Pedraza\OneDrive\Proyectos\Codigo Fuente\repos\HumanCore\src\TalenHuman.Infrastructure\bin\Debug\net8.0\TalenHuman.Infrastructure.dll" because AutoUnify is 'true'.
             Resolved file path is "C:\Users\messa\.nuget\packages\microsoft.extensions.configuration.abstractions\9.0.0\lib\net8.0\Microsoft.Extensions.Configuration.Abstractions.dll".
             Reference found at search path location "{HintPathFromItem}".
             This reference is not "CopyLocal" because at least one source item had "Private" set to "false" and no source items had "Private" set to "true".
         Primary reference "Microsoft.Extensions.Configuration.Binder, Version=9.0.0.0, Culture=neutral, PublicKeyToken=adb9793829ddae60".
             Resolved file path is "C:\Users\messa\.nuget\packages\microsoft.extensions.configuration.binder\9.0.0\lib\net8.0\Microsoft.Extensions.Configuration.Binder.dll".
             Reference found at search path location "{HintPathFromItem}".
             This reference is not "CopyLocal" because at least one source item had "Private" set to "false" and no source items had "Private" set to "true".
         Primary reference "Microsoft.Extensions.DependencyInjection, Version=9.0.0.0, Culture=neutral, PublicKeyToken=adb9793829ddae60".
             Resolved file path is "C:\Users\messa\.nuget\packages\microsoft.extensions.dependencyinjection\9.0.0\lib\net8.0\Microsoft.Extensions.DependencyInjection.dll".
             Reference found at search path location "{HintPathFromItem}".
             This reference is not "CopyLocal" because at least one source item had "Private" set to "false" and no source items had "Private" set to "true".
         Primary reference "Microsoft.Extensions.Diagnostics, Version=9.0.0.0, Culture=neutral, PublicKeyToken=adb9793829ddae60".
             Resolved file path is "C:\Users\messa\.nuget\packages\microsoft.extensions.diagnostics\9.0.0\lib\net8.0\Microsoft.Extensions.Diagnostics.dll".
             Reference found at search path location "{HintPathFromItem}".
             This reference is not "CopyLocal" because at least one source item had "Private" set to "false" and no source items had "Private" set to "true".
         Primary reference "Microsoft.Extensions.Diagnostics.Abstractions, Version=9.0.0.0, Culture=neutral, PublicKeyToken=adb9793829ddae60".
             Resolved file path is "C:\Users\messa\.nuget\packages\microsoft.extensions.diagnostics.abstractions\9.0.0\lib\net8.0\Microsoft.Extensions.Diagnostics.Abstractions.dll".
             Reference found at search path location "{HintPathFromItem}".
             This reference is not "CopyLocal" because at least one source item had "Private" set to "false" and no source items had "Private" set to "true".
         Unified primary reference "Microsoft.Extensions.Http, Version=9.0.0.0, Culture=neutral, PublicKeyToken=adb9793829ddae60".
             Using this version instead of original version "8.0.0.0" in "D:\Tito Pedraza\OneDrive\Proyectos\Codigo Fuente\repos\HumanCore\src\TalenHuman.Infrastructure\bin\Debug\net8.0\TalenHuman.Infrastructure.dll" because AutoUnify is 'true'.
             Resolved file path is "C:\Users\messa\.nuget\packages\microsoft.extensions.http\9.0.0\lib\net8.0\Microsoft.Extensions.Http.dll".
             Reference found at search path location "{HintPathFromItem}".
             This reference is not "CopyLocal" because at least one source item had "Private" set to "false" and no source items had "Private" set to "true".
         Primary reference "Microsoft.Extensions.Identity.Core, Version=8.0.0.0, Culture=neutral, PublicKeyToken=adb9793829ddae60".
             Resolved file path is "C:\Users\messa\.nuget\packages\microsoft.extensions.identity.core\8.0.11\lib\net8.0\Microsoft.Extensions.Identity.Core.dll".
             Reference found at search path location "{HintPathFromItem}".
             This reference is not "CopyLocal" because at least one source item had "Private" set to "false" and no source items had "Private" set to "true".
         Primary reference "Microsoft.Extensions.Identity.Stores, Version=8.0.0.0, Culture=neutral, PublicKeyToken=adb9793829ddae60".
             Resolved file path is "C:\Users\messa\.nuget\packages\microsoft.extensions.identity.stores\8.0.11\lib\net8.0\Microsoft.Extensions.Identity.Stores.dll".
             Reference found at search path location "{HintPathFromItem}".
             This reference is not "CopyLocal" because at least one source item had "Private" set to "false" and no source items had "Private" set to "true".
         Primary reference "Microsoft.Extensions.Logging, Version=9.0.0.0, Culture=neutral, PublicKeyToken=adb9793829ddae60".
             Resolved file path is "C:\Users\messa\.nuget\packages\microsoft.extensions.logging\9.0.0\lib\net8.0\Microsoft.Extensions.Logging.dll".
             Reference found at search path location "{HintPathFromItem}".
             This reference is not "CopyLocal" because at least one source item had "Private" set to "false" and no source items had "Private" set to "true".
         Unified primary reference "Microsoft.Extensions.Logging.Abstractions, Version=9.0.0.0, Culture=neutral, PublicKeyToken=adb9793829ddae60".
             Using this version instead of original version "8.0.0.0" in "D:\Tito Pedraza\OneDrive\Proyectos\Codigo Fuente\repos\HumanCore\src\TalenHuman.Infrastructure\bin\Debug\net8.0\TalenHuman.Infrastructure.dll" because AutoUnify is 'true'.
             Resolved file path is "C:\Users\messa\.nuget\packages\microsoft.extensions.logging.abstractions\9.0.0\lib\net8.0\Microsoft.Extensions.Logging.Abstractions.dll".
             Reference found at search path location "{HintPathFromItem}".
             This reference is not "CopyLocal" because at least one source item had "Private" set to "false" and no source items had "Private" set to "true".
         Primary reference "Microsoft.Extensions.Options, Version=9.0.0.0, Culture=neutral, PublicKeyToken=adb9793829ddae60".
             Resolved file path is "C:\Users\messa\.nuget\packages\microsoft.extensions.options\9.0.0\lib\net8.0\Microsoft.Extensions.Options.dll".
             Reference found at search path location "{HintPathFromItem}".
             This reference is not "CopyLocal" because at least one source item had "Private" set to "false" and no source items had "Private" set to "true".
         Primary reference "Microsoft.Extensions.Options.ConfigurationExtensions, Version=9.0.0.0, Culture=neutral, PublicKeyToken=adb9793829ddae60".
             Resolved file path is "C:\Users\messa\.nuget\packages\microsoft.extensions.options.configurationextensions\9.0.0\lib\net8.0\Microsoft.Extensions.Options.ConfigurationExtensions.dll".
             Reference found at search path location "{HintPathFromItem}".
             This reference is not "CopyLocal" because at least one source item had "Private" set to "false" and no source items had "Private" set to "true".
         Unified primary reference "Microsoft.Extensions.Primitives, Version=9.0.0.0, Culture=neutral, PublicKeyToken=adb9793829ddae60".
             Using this version instead of original version "8.0.0.0" in "D:\Tito Pedraza\OneDrive\Proyectos\Codigo Fuente\repos\HumanCore\src\TalenHuman.Infrastructure\bin\Debug\net8.0\TalenHuman.Infrastructure.dll" because AutoUnify is 'true'.
             Resolved file path is "C:\Users\messa\.nuget\packages\microsoft.extensions.primitives\9.0.0\lib\net8.0\Microsoft.Extensions.Primitives.dll".
             Reference found at search path location "{HintPathFromItem}".
             This reference is not "CopyLocal" because at least one source item had "Private" set to "false" and no source items had "Private" set to "true".
         Primary reference "Microsoft.IdentityModel.Abstractions, Version=8.2.0.0, Culture=neutral, PublicKeyToken=31bf3856ad364e35".
             Resolved file path is "C:\Users\messa\.nuget\packages\microsoft.identitymodel.abstractions\8.2.0\lib\net8.0\Microsoft.IdentityModel.Abstractions.dll".
             Reference found at search path location "{HintPathFromItem}".
             This reference is not "CopyLocal" because at least one source item had "Private" set to "false" and no source items had "Private" set to "true".
         Primary reference "Microsoft.IdentityModel.JsonWebTokens, Version=8.2.0.0, Culture=neutral, PublicKeyToken=31bf3856ad364e35".
             Resolved file path is "C:\Users\messa\.nuget\packages\microsoft.identitymodel.jsonwebtokens\8.2.0\lib\net8.0\Microsoft.IdentityModel.JsonWebTokens.dll".
             Reference found at search path location "{HintPathFromItem}".
             This reference is not "CopyLocal" because at least one source item had "Private" set to "false" and no source items had "Private" set to "true".
         Primary reference "Microsoft.IdentityModel.Logging, Version=8.2.0.0, Culture=neutral, PublicKeyToken=31bf3856ad364e35".
             Resolved file path is "C:\Users\messa\.nuget\packages\microsoft.identitymodel.logging\8.2.0\lib\net8.0\Microsoft.IdentityModel.Logging.dll".
             Reference found at search path location "{HintPathFromItem}".
             This reference is not "CopyLocal" because at least one source item had "Private" set to "false" and no source items had "Private" set to "true".
         Primary reference "Microsoft.IdentityModel.Protocols, Version=7.1.2.0, Culture=neutral, PublicKeyToken=31bf3856ad364e35".
             Resolved file path is "C:\Users\messa\.nuget\packages\microsoft.identitymodel.protocols\7.1.2\lib\net8.0\Microsoft.IdentityModel.Protocols.dll".
             Reference found at search path location "{HintPathFromItem}".
             This reference is not "CopyLocal" because at least one source item had "Private" set to "false" and no source items had "Private" set to "true".
         Primary reference "Microsoft.IdentityModel.Protocols.OpenIdConnect, Version=7.1.2.0, Culture=neutral, PublicKeyToken=31bf3856ad364e35".
             Resolved file path is "C:\Users\messa\.nuget\packages\microsoft.identitymodel.protocols.openidconnect\7.1.2\lib\net8.0\Microsoft.IdentityModel.Protocols.OpenIdConnect.dll".
             Reference found at search path location "{HintPathFromItem}".
             This reference is not "CopyLocal" because at least one source item had "Private" set to "false" and no source items had "Private" set to "true".
         Primary reference "Microsoft.IdentityModel.Tokens, Version=8.2.0.0, Culture=neutral, PublicKeyToken=31bf3856ad364e35".
             Resolved file path is "C:\Users\messa\.nuget\packages\microsoft.identitymodel.tokens\8.2.0\lib\net8.0\Microsoft.IdentityModel.Tokens.dll".
             Reference found at search path location "{HintPathFromItem}".
             This reference is not "CopyLocal" because at least one source item had "Private" set to "false" and no source items had "Private" set to "true".
         Primary reference "Microsoft.OpenApi, Version=1.6.14.0, Culture=neutral, PublicKeyToken=3f5743946376f042".
             Resolved file path is "C:\Users\messa\.nuget\packages\microsoft.openapi\1.6.14\lib\netstandard2.0\Microsoft.OpenApi.dll".
             Reference found at search path location "{HintPathFromItem}".
             This reference is not "CopyLocal" because at least one source item had "Private" set to "false" and no source items had "Private" set to "true".
         Primary reference "Newtonsoft.Json, Version=13.0.0.0, Culture=neutral, PublicKeyToken=30ad4fe6b2a6aeed".
             Resolved file path is "C:\Users\messa\.nuget\packages\newtonsoft.json\13.0.4\lib\net6.0\Newtonsoft.Json.dll".
             Reference found at search path location "{HintPathFromItem}".
             This reference is not "CopyLocal" because at least one source item had "Private" set to "false" and no source items had "Private" set to "true".
         Primary reference "Npgsql, Version=8.0.6.0, Culture=neutral, PublicKeyToken=5d8b90d52f46fda7".
             Resolved file path is "C:\Users\messa\.nuget\packages\npgsql\8.0.6\lib\net8.0\Npgsql.dll".
             Reference found at search path location "{HintPathFromItem}".
             This reference is not "CopyLocal" because at least one source item had "Private" set to "false" and no source items had "Private" set to "true".
         Primary reference "Npgsql.EntityFrameworkCore.PostgreSQL, Version=8.0.11.0, Culture=neutral, PublicKeyToken=5d8b90d52f46fda7".
             Resolved file path is "C:\Users\messa\.nuget\packages\npgsql.entityframeworkcore.postgresql\8.0.11\lib\net8.0\Npgsql.EntityFrameworkCore.PostgreSQL.dll".
             Reference found at search path location "{HintPathFromItem}".
             This reference is not "CopyLocal" because at least one source item had "Private" set to "false" and no source items had "Private" set to "true".
         Primary reference "NSec.Cryptography, Version=25.4.0.0, Culture=neutral, PublicKeyToken=531c072d5efee047".
             Resolved file path is "C:\Users\messa\.nuget\packages\nsec.cryptography\25.4.0\lib\net8.0\NSec.Cryptography.dll".
             Reference found at search path location "{HintPathFromItem}".
             This reference is not "CopyLocal" because at least one source item had "Private" set to "false" and no source items had "Private" set to "true".
         Primary reference "QuestPDF, Version=2024.12.1.0, Culture=neutral, PublicKeyToken=0f3c2b2315ff52c8".
             Resolved file path is "C:\Users\messa\.nuget\packages\questpdf\2024.12.1\lib\net8.0\QuestPDF.dll".
             Reference found at search path location "{HintPathFromItem}".
             This reference is not "CopyLocal" because at least one source item had "Private" set to "false" and no source items had "Private" set to "true".
         Primary reference "RBush, Version=4.0.0.0, Culture=neutral, PublicKeyToken=c77e27b81f4d0187".
             Resolved file path is "C:\Users\messa\.nuget\packages\rbush.signed\4.0.0\lib\net8.0\RBush.dll".
             Reference found at search path location "{HintPathFromItem}".
             This reference is not "CopyLocal" because at least one source item had "Private" set to "false" and no source items had "Private" set to "true".
         Primary reference "SixLabors.Fonts, Version=1.0.0.0, Culture=neutral, PublicKeyToken=d998eea7b14cab13".
             Resolved file path is "C:\Users\messa\.nuget\packages\sixlabors.fonts\1.0.0\lib\netcoreapp3.1\SixLabors.Fonts.dll".
             Reference found at search path location "{HintPathFromItem}".
             This reference is not "CopyLocal" because at least one source item had "Private" set to "false" and no source items had "Private" set to "true".
         Primary reference "SixLabors.ImageSharp, Version=3.0.0.0, Culture=neutral, PublicKeyToken=d998eea7b14cab13".
             Resolved file path is "C:\Users\messa\.nuget\packages\sixlabors.imagesharp\3.1.2\lib\net6.0\SixLabors.ImageSharp.dll".
             Reference found at search path location "{HintPathFromItem}".
             This reference is not "CopyLocal" because at least one source item had "Private" set to "false" and no source items had "Private" set to "true".
         Primary reference "Swashbuckle.AspNetCore.Swagger, Version=6.6.2.0, Culture=neutral, PublicKeyToken=62657d7474907593".
             Resolved file path is "C:\Users\messa\.nuget\packages\swashbuckle.aspnetcore.swagger\6.6.2\lib\net8.0\Swashbuckle.AspNetCore.Swagger.dll".
             Reference found at search path location "{HintPathFromItem}".
             This reference is not "CopyLocal" because at least one source item had "Private" set to "false" and no source items had "Private" set to "true".
         Primary reference "Swashbuckle.AspNetCore.SwaggerGen, Version=6.6.2.0, Culture=neutral, PublicKeyToken=d84d99fb0135530a".
             Resolved file path is "C:\Users\messa\.nuget\packages\swashbuckle.aspnetcore.swaggergen\6.6.2\lib\net8.0\Swashbuckle.AspNetCore.SwaggerGen.dll".
             Reference found at search path location "{HintPathFromItem}".
             This reference is not "CopyLocal" because at least one source item had "Private" set to "false" and no source items had "Private" set to "true".
         Primary reference "Swashbuckle.AspNetCore.SwaggerUI, Version=6.6.2.0, Culture=neutral, PublicKeyToken=4232c99127b3c254".
             Resolved file path is "C:\Users\messa\.nuget\packages\swashbuckle.aspnetcore.swaggerui\6.6.2\lib\net8.0\Swashbuckle.AspNetCore.SwaggerUI.dll".
             Reference found at search path location "{HintPathFromItem}".
             This reference is not "CopyLocal" because at least one source item had "Private" set to "false" and no source items had "Private" set to "true".
         Primary reference "System.CodeDom, Version=7.0.0.0, Culture=neutral, PublicKeyToken=cc7b13ffcd2ddd51".
             Resolved file path is "C:\Users\messa\.nuget\packages\system.codedom\7.0.0\lib\net7.0\System.CodeDom.dll".
             Reference found at search path location "{HintPathFromItem}".
             This reference is not "CopyLocal" because at least one source item had "Private" set to "false" and no source items had "Private" set to "true".
         Primary reference "System.Diagnostics.DiagnosticSource, Version=9.0.0.0, Culture=neutral, PublicKeyToken=cc7b13ffcd2ddd51".
             Resolved file path is "C:\Users\messa\.nuget\packages\system.diagnostics.diagnosticsource\9.0.0\lib\net8.0\System.Diagnostics.DiagnosticSource.dll".
             Reference found at search path location "{HintPathFromItem}".
             This reference is not "CopyLocal" because at least one source item had "Private" set to "false" and no source items had "Private" set to "true".
         Primary reference "System.Formats.Cbor, Version=9.0.0.0, Culture=neutral, PublicKeyToken=cc7b13ffcd2ddd51".
             Resolved file path is "C:\Users\messa\.nuget\packages\system.formats.cbor\9.0.0\lib\net8.0\System.Formats.Cbor.dll".
             Reference found at search path location "{HintPathFromItem}".
             This reference is not "CopyLocal" because at least one source item had "Private" set to "false" and no source items had "Private" set to "true".
         Primary reference "System.IdentityModel.Tokens.Jwt, Version=7.1.2.0, Culture=neutral, PublicKeyToken=31bf3856ad364e35".
             Resolved file path is "C:\Users\messa\.nuget\packages\system.identitymodel.tokens.jwt\7.1.2\lib\net8.0\System.IdentityModel.Tokens.Jwt.dll".
             Reference found at search path location "{HintPathFromItem}".
             This reference is not "CopyLocal" because at least one source item had "Private" set to "false" and no source items had "Private" set to "true".
         Primary reference "System.IO.Packaging, Version=8.0.0.0, Culture=neutral, PublicKeyToken=b03f5f7f11d50a3a".
             Resolved file path is "C:\Users\messa\.nuget\packages\system.io.packaging\8.0.1\lib\net8.0\System.IO.Packaging.dll".
             Reference found at search path location "{HintPathFromItem}".
             This reference is not "CopyLocal" because at least one source item had "Private" set to "false" and no source items had "Private" set to "true".
         Primary reference "System.Management, Version=7.0.0.2, Culture=neutral, PublicKeyToken=b03f5f7f11d50a3a".
             Resolved file path is "C:\Users\messa\.nuget\packages\system.management\7.0.2\lib\net7.0\System.Management.dll".
             Reference found at search path location "{HintPathFromItem}".
             This reference is not "CopyLocal" because at least one source item had "Private" set to "false" and no source items had "Private" set to "true".
         Primary reference "Microsoft.CSharp, Version=8.0.0.0, Culture=neutral, PublicKeyToken=b03f5f7f11d50a3a".
             Resolved file path is "C:\Program Files\dotnet\packs\Microsoft.NETCore.App.Ref\8.0.6\ref\net8.0\Microsoft.CSharp.dll".
             Reference found at search path location "{RawFileName}".
             This reference is not "CopyLocal" because at least one source item had "Private" set to "false" and no source items had "Private" set to "true".
         Primary reference "Microsoft.VisualBasic.Core, Version=13.0.0.0, Culture=neutral, PublicKeyToken=b03f5f7f11d50a3a".
             Resolved file path is "C:\Program Files\dotnet\packs\Microsoft.NETCore.App.Ref\8.0.6\ref\net8.0\Microsoft.VisualBasic.Core.dll".
             Reference found at search path location "{RawFileName}".
             This reference is not "CopyLocal" because at least one source item had "Private" set to "false" and no source items had "Private" set to "true".
         Primary reference "Microsoft.VisualBasic, Version=10.0.0.0, Culture=neutral, PublicKeyToken=b03f5f7f11d50a3a".
             Resolved file path is "C:\Program Files\dotnet\packs\Microsoft.NETCore.App.Ref\8.0.6\ref\net8.0\Microsoft.VisualBasic.dll".
             Reference found at search path location "{RawFileName}".
             This reference is not "CopyLocal" because at least one source item had "Private" set to "false" and no source items had "Private" set to "true".
         Primary reference "Microsoft.Win32.Primitives, Version=8.0.0.0, Culture=neutral, PublicKeyToken=b03f5f7f11d50a3a".
             Resolved file path is "C:\Program Files\dotnet\packs\Microsoft.NETCore.App.Ref\8.0.6\ref\net8.0\Microsoft.Win32.Primitives.dll".
             Reference found at search path location "{RawFileName}".
             This reference is not "CopyLocal" because at least one source item had "Private" set to "false" and no source items had "Private" set to "true".
         Primary reference "Microsoft.Win32.Registry, Version=8.0.0.0, Culture=neutral, PublicKeyToken=b03f5f7f11d50a3a".
             Resolved file path is "C:\Program Files\dotnet\packs\Microsoft.NETCore.App.Ref\8.0.6\ref\net8.0\Microsoft.Win32.Registry.dll".
             Reference found at search path location "{RawFileName}".
             This reference is not "CopyLocal" because at least one source item had "Private" set to "false" and no source items had "Private" set to "true".
         Primary reference "System.AppContext, Version=8.0.0.0, Culture=neutral, PublicKeyToken=b03f5f7f11d50a3a".
             Resolved file path is "C:\Program Files\dotnet\packs\Microsoft.NETCore.App.Ref\8.0.6\ref\net8.0\System.AppContext.dll".
             Reference found at search path location "{RawFileName}".
             This reference is not "CopyLocal" because at least one source item had "Private" set to "false" and no source items had "Private" set to "true".
         Primary reference "System.Buffers, Version=8.0.0.0, Culture=neutral, PublicKeyToken=cc7b13ffcd2ddd51".
             Resolved file path is "C:\Program Files\dotnet\packs\Microsoft.NETCore.App.Ref\8.0.6\ref\net8.0\System.Buffers.dll".
             Reference found at search path location "{RawFileName}".
             This reference is not "CopyLocal" because at least one source item had "Private" set to "false" and no source items had "Private" set to "true".
         Primary reference "System.Collections.Concurrent, Version=8.0.0.0, Culture=neutral, PublicKeyToken=b03f5f7f11d50a3a".
             Resolved file path is "C:\Program Files\dotnet\packs\Microsoft.NETCore.App.Ref\8.0.6\ref\net8.0\System.Collections.Concurrent.dll".
             Reference found at search path location "{RawFileName}".
             This reference is not "CopyLocal" because at least one source item had "Private" set to "false" and no source items had "Private" set to "true".
         Primary reference "System.Collections.Immutable, Version=8.0.0.0, Culture=neutral, PublicKeyToken=b03f5f7f11d50a3a".
             Resolved file path is "C:\Program Files\dotnet\packs\Microsoft.NETCore.App.Ref\8.0.6\ref\net8.0\System.Collections.Immutable.dll".
             Reference found at search path location "{RawFileName}".
             This reference is not "CopyLocal" because at least one source item had "Private" set to "false" and no source items had "Private" set to "true".
         Primary reference "System.Collections.NonGeneric, Version=8.0.0.0, Culture=neutral, PublicKeyToken=b03f5f7f11d50a3a".
             Resolved file path is "C:\Program Files\dotnet\packs\Microsoft.NETCore.App.Ref\8.0.6\ref\net8.0\System.Collections.NonGeneric.dll".
             Reference found at search path location "{RawFileName}".
             This reference is not "CopyLocal" because at least one source item had "Private" set to "false" and no source items had "Private" set to "true".
         Primary reference "System.Collections.Specialized, Version=8.0.0.0, Culture=neutral, PublicKeyToken=b03f5f7f11d50a3a".
             Resolved file path is "C:\Program Files\dotnet\packs\Microsoft.NETCore.App.Ref\8.0.6\ref\net8.0\System.Collections.Specialized.dll".
             Reference found at search path location "{RawFileName}".
             This reference is not "CopyLocal" because at least one source item had "Private" set to "false" and no source items had "Private" set to "true".
         Primary reference "System.Collections, Version=8.0.0.0, Culture=neutral, PublicKeyToken=b03f5f7f11d50a3a".
             Resolved file path is "C:\Program Files\dotnet\packs\Microsoft.NETCore.App.Ref\8.0.6\ref\net8.0\System.Collections.dll".
             Reference found at search path location "{RawFileName}".
             This reference is not "CopyLocal" because at least one source item had "Private" set to "false" and no source items had "Private" set to "true".
         Primary reference "System.ComponentModel.Annotations, Version=8.0.0.0, Culture=neutral, PublicKeyToken=b03f5f7f11d50a3a".
             Resolved file path is "C:\Program Files\dotnet\packs\Microsoft.NETCore.App.Ref\8.0.6\ref\net8.0\System.ComponentModel.Annotations.dll".
             Reference found at search path location "{RawFileName}".
             This reference is not "CopyLocal" because at least one source item had "Private" set to "false" and no source items had "Private" set to "true".
         Primary reference "System.ComponentModel.DataAnnotations, Version=4.0.0.0, Culture=neutral, PublicKeyToken=31bf3856ad364e35".
             Resolved file path is "C:\Program Files\dotnet\packs\Microsoft.NETCore.App.Ref\8.0.6\ref\net8.0\System.ComponentModel.DataAnnotations.dll".
             Reference found at search path location "{RawFileName}".
             This reference is not "CopyLocal" because at least one source item had "Private" set to "false" and no source items had "Private" set to "true".
         Primary reference "System.ComponentModel.EventBasedAsync, Version=8.0.0.0, Culture=neutral, PublicKeyToken=b03f5f7f11d50a3a".
             Resolved file path is "C:\Program Files\dotnet\packs\Microsoft.NETCore.App.Ref\8.0.6\ref\net8.0\System.ComponentModel.EventBasedAsync.dll".
             Reference found at search path location "{RawFileName}".
             This reference is not "CopyLocal" because at least one source item had "Private" set to "false" and no source items had "Private" set to "true".
         Primary reference "System.ComponentModel.Primitives, Version=8.0.0.0, Culture=neutral, PublicKeyToken=b03f5f7f11d50a3a".
             Resolved file path is "C:\Program Files\dotnet\packs\Microsoft.NETCore.App.Ref\8.0.6\ref\net8.0\System.ComponentModel.Primitives.dll".
             Reference found at search path location "{RawFileName}".
             This reference is not "CopyLocal" because at least one source item had "Private" set to "false" and no source items had "Private" set to "true".
         Primary reference "System.ComponentModel.TypeConverter, Version=8.0.0.0, Culture=neutral, PublicKeyToken=b03f5f7f11d50a3a".
             Resolved file path is "C:\Program Files\dotnet\packs\Microsoft.NETCore.App.Ref\8.0.6\ref\net8.0\System.ComponentModel.TypeConverter.dll".
             Reference found at search path location "{RawFileName}".
             This reference is not "CopyLocal" because at least one source item had "Private" set to "false" and no source items had "Private" set to "true".
         Primary reference "System.ComponentModel, Version=8.0.0.0, Culture=neutral, PublicKeyToken=b03f5f7f11d50a3a".
             Resolved file path is "C:\Program Files\dotnet\packs\Microsoft.NETCore.App.Ref\8.0.6\ref\net8.0\System.ComponentModel.dll".
             Reference found at search path location "{RawFileName}".
             This reference is not "CopyLocal" because at least one source item had "Private" set to "false" and no source items had "Private" set to "true".
         Primary reference "System.Configuration, Version=4.0.0.0, Culture=neutral, PublicKeyToken=b03f5f7f11d50a3a".
             Resolved file path is "C:\Program Files\dotnet\packs\Microsoft.NETCore.App.Ref\8.0.6\ref\net8.0\System.Configuration.dll".
             Reference found at search path location "{RawFileName}".
             This reference is not "CopyLocal" because at least one source item had "Private" set to "false" and no source items had "Private" set to "true".
         Primary reference "System.Console, Version=8.0.0.0, Culture=neutral, PublicKeyToken=b03f5f7f11d50a3a".
             Resolved file path is "C:\Program Files\dotnet\packs\Microsoft.NETCore.App.Ref\8.0.6\ref\net8.0\System.Console.dll".
             Reference found at search path location "{RawFileName}".
             This reference is not "CopyLocal" because at least one source item had "Private" set to "false" and no source items had "Private" set to "true".
         Primary reference "System.Core, Version=4.0.0.0, Culture=neutral, PublicKeyToken=b77a5c561934e089".
             Resolved file path is "C:\Program Files\dotnet\packs\Microsoft.NETCore.App.Ref\8.0.6\ref\net8.0\System.Core.dll".
             Reference found at search path location "{RawFileName}".
             This reference is not "CopyLocal" because at least one source item had "Private" set to "false" and no source items had "Private" set to "true".
         Primary reference "System.Data.Common, Version=8.0.0.0, Culture=neutral, PublicKeyToken=b03f5f7f11d50a3a".
             Resolved file path is "C:\Program Files\dotnet\packs\Microsoft.NETCore.App.Ref\8.0.6\ref\net8.0\System.Data.Common.dll".
             Reference found at search path location "{RawFileName}".
             This reference is not "CopyLocal" because at least one source item had "Private" set to "false" and no source items had "Private" set to "true".
         Primary reference "System.Data.DataSetExtensions, Version=8.0.0.0, Culture=neutral, PublicKeyToken=b77a5c561934e089".
             Resolved file path is "C:\Program Files\dotnet\packs\Microsoft.NETCore.App.Ref\8.0.6\ref\net8.0\System.Data.DataSetExtensions.dll".
             Reference found at search path location "{RawFileName}".
             This reference is not "CopyLocal" because at least one source item had "Private" set to "false" and no source items had "Private" set to "true".
         Primary reference "System.Data, Version=4.0.0.0, Culture=neutral, PublicKeyToken=b77a5c561934e089".
             Resolved file path is "C:\Program Files\dotnet\packs\Microsoft.NETCore.App.Ref\8.0.6\ref\net8.0\System.Data.dll".
             Reference found at search path location "{RawFileName}".
             This reference is not "CopyLocal" because at least one source item had "Private" set to "false" and no source items had "Private" set to "true".
         Primary reference "System.Diagnostics.Contracts, Version=8.0.0.0, Culture=neutral, PublicKeyToken=b03f5f7f11d50a3a".
             Resolved file path is "C:\Program Files\dotnet\packs\Microsoft.NETCore.App.Ref\8.0.6\ref\net8.0\System.Diagnostics.Contracts.dll".
             Reference found at search path location "{RawFileName}".
             This reference is not "CopyLocal" because at least one source item had "Private" set to "false" and no source items had "Private" set to "true".
         Primary reference "System.Diagnostics.Debug, Version=8.0.0.0, Culture=neutral, PublicKeyToken=b03f5f7f11d50a3a".
             Resolved file path is "C:\Program Files\dotnet\packs\Microsoft.NETCore.App.Ref\8.0.6\ref\net8.0\System.Diagnostics.Debug.dll".
             Reference found at search path location "{RawFileName}".
             This reference is not "CopyLocal" because at least one source item had "Private" set to "false" and no source items had "Private" set to "true".
         Primary reference "System.Diagnostics.FileVersionInfo, Version=8.0.0.0, Culture=neutral, PublicKeyToken=b03f5f7f11d50a3a".
             Resolved file path is "C:\Program Files\dotnet\packs\Microsoft.NETCore.App.Ref\8.0.6\ref\net8.0\System.Diagnostics.FileVersionInfo.dll".
             Reference found at search path location "{RawFileName}".
             This reference is not "CopyLocal" because at least one source item had "Private" set to "false" and no source items had "Private" set to "true".
         Primary reference "System.Diagnostics.Process, Version=8.0.0.0, Culture=neutral, PublicKeyToken=b03f5f7f11d50a3a".
             Resolved file path is "C:\Program Files\dotnet\packs\Microsoft.NETCore.App.Ref\8.0.6\ref\net8.0\System.Diagnostics.Process.dll".
             Reference found at search path location "{RawFileName}".
             This reference is not "CopyLocal" because at least one source item had "Private" set to "false" and no source items had "Private" set to "true".
         Primary reference "System.Diagnostics.StackTrace, Version=8.0.0.0, Culture=neutral, PublicKeyToken=b03f5f7f11d50a3a".
             Resolved file path is "C:\Program Files\dotnet\packs\Microsoft.NETCore.App.Ref\8.0.6\ref\net8.0\System.Diagnostics.StackTrace.dll".
             Reference found at search path location "{RawFileName}".
             This reference is not "CopyLocal" because at least one source item had "Private" set to "false" and no source items had "Private" set to "true".
         Primary reference "System.Diagnostics.TextWriterTraceListener, Version=8.0.0.0, Culture=neutral, PublicKeyToken=b03f5f7f11d50a3a".
             Resolved file path is "C:\Program Files\dotnet\packs\Microsoft.NETCore.App.Ref\8.0.6\ref\net8.0\System.Diagnostics.TextWriterTraceListener.dll".
             Reference found at search path location "{RawFileName}".
             This reference is not "CopyLocal" because at least one source item had "Private" set to "false" and no source items had "Private" set to "true".
         Primary reference "System.Diagnostics.Tools, Version=8.0.0.0, Culture=neutral, PublicKeyToken=b03f5f7f11d50a3a".
             Resolved file path is "C:\Program Files\dotnet\packs\Microsoft.NETCore.App.Ref\8.0.6\ref\net8.0\System.Diagnostics.Tools.dll".
             Reference found at search path location "{RawFileName}".
             This reference is not "CopyLocal" because at least one source item had "Private" set to "false" and no source items had "Private" set to "true".
         Primary reference "System.Diagnostics.TraceSource, Version=8.0.0.0, Culture=neutral, PublicKeyToken=b03f5f7f11d50a3a".
             Resolved file path is "C:\Program Files\dotnet\packs\Microsoft.NETCore.App.Ref\8.0.6\ref\net8.0\System.Diagnostics.TraceSource.dll".
             Reference found at search path location "{RawFileName}".
             This reference is not "CopyLocal" because at least one source item had "Private" set to "false" and no source items had "Private" set to "true".
         Primary reference "System.Diagnostics.Tracing, Version=8.0.0.0, Culture=neutral, PublicKeyToken=b03f5f7f11d50a3a".
             Resolved file path is "C:\Program Files\dotnet\packs\Microsoft.NETCore.App.Ref\8.0.6\ref\net8.0\System.Diagnostics.Tracing.dll".
             Reference found at search path location "{RawFileName}".
             This reference is not "CopyLocal" because at least one source item had "Private" set to "false" and no source items had "Private" set to "true".
         Primary reference "System.Drawing.Primitives, Version=8.0.0.0, Culture=neutral, PublicKeyToken=b03f5f7f11d50a3a".
             Resolved file path is "C:\Program Files\dotnet\packs\Microsoft.NETCore.App.Ref\8.0.6\ref\net8.0\System.Drawing.Primitives.dll".
             Reference found at search path location "{RawFileName}".
             This reference is not "CopyLocal" because at least one source item had "Private" set to "false" and no source items had "Private" set to "true".
         Primary reference "System.Drawing, Version=4.0.0.0, Culture=neutral, PublicKeyToken=b03f5f7f11d50a3a".
             Resolved file path is "C:\Program Files\dotnet\packs\Microsoft.NETCore.App.Ref\8.0.6\ref\net8.0\System.Drawing.dll".
             Reference found at search path location "{RawFileName}".
             This reference is not "CopyLocal" because at least one source item had "Private" set to "false" and no source items had "Private" set to "true".
         Primary reference "System.Dynamic.Runtime, Version=8.0.0.0, Culture=neutral, PublicKeyToken=b03f5f7f11d50a3a".
             Resolved file path is "C:\Program Files\dotnet\packs\Microsoft.NETCore.App.Ref\8.0.6\ref\net8.0\System.Dynamic.Runtime.dll".
             Reference found at search path location "{RawFileName}".
             This reference is not "CopyLocal" because at least one source item had "Private" set to "false" and no source items had "Private" set to "true".
         Primary reference "System.Formats.Asn1, Version=8.0.0.0, Culture=neutral, PublicKeyToken=cc7b13ffcd2ddd51".
             Resolved file path is "C:\Program Files\dotnet\packs\Microsoft.NETCore.App.Ref\8.0.6\ref\net8.0\System.Formats.Asn1.dll".
             Reference found at search path location "{RawFileName}".
             This reference is not "CopyLocal" because at least one source item had "Private" set to "false" and no source items had "Private" set to "true".
         Primary reference "System.Formats.Tar, Version=8.0.0.0, Culture=neutral, PublicKeyToken=cc7b13ffcd2ddd51".
             Resolved file path is "C:\Program Files\dotnet\packs\Microsoft.NETCore.App.Ref\8.0.6\ref\net8.0\System.Formats.Tar.dll".
             Reference found at search path location "{RawFileName}".
             This reference is not "CopyLocal" because at least one source item had "Private" set to "false" and no source items had "Private" set to "true".
         Primary reference "System.Globalization.Calendars, Version=8.0.0.0, Culture=neutral, PublicKeyToken=b03f5f7f11d50a3a".
             Resolved file path is "C:\Program Files\dotnet\packs\Microsoft.NETCore.App.Ref\8.0.6\ref\net8.0\System.Globalization.Calendars.dll".
             Reference found at search path location "{RawFileName}".
             This reference is not "CopyLocal" because at least one source item had "Private" set to "false" and no source items had "Private" set to "true".
         Primary reference "System.Globalization.Extensions, Version=8.0.0.0, Culture=neutral, PublicKeyToken=b03f5f7f11d50a3a".
             Resolved file path is "C:\Program Files\dotnet\packs\Microsoft.NETCore.App.Ref\8.0.6\ref\net8.0\System.Globalization.Extensions.dll".
             Reference found at search path location "{RawFileName}".
             This reference is not "CopyLocal" because at least one source item had "Private" set to "false" and no source items had "Private" set to "true".
         Primary reference "System.Globalization, Version=8.0.0.0, Culture=neutral, PublicKeyToken=b03f5f7f11d50a3a".
             Resolved file path is "C:\Program Files\dotnet\packs\Microsoft.NETCore.App.Ref\8.0.6\ref\net8.0\System.Globalization.dll".
             Reference found at search path location "{RawFileName}".
             This reference is not "CopyLocal" because at least one source item had "Private" set to "false" and no source items had "Private" set to "true".
         Primary reference "System.IO.Compression.Brotli, Version=8.0.0.0, Culture=neutral, PublicKeyToken=b77a5c561934e089".
             Resolved file path is "C:\Program Files\dotnet\packs\Microsoft.NETCore.App.Ref\8.0.6\ref\net8.0\System.IO.Compression.Brotli.dll".
             Reference found at search path location "{RawFileName}".
             This reference is not "CopyLocal" because at least one source item had "Private" set to "false" and no source items had "Private" set to "true".
         Primary reference "System.IO.Compression.FileSystem, Version=4.0.0.0, Culture=neutral, PublicKeyToken=b77a5c561934e089".
             Resolved file path is "C:\Program Files\dotnet\packs\Microsoft.NETCore.App.Ref\8.0.6\ref\net8.0\System.IO.Compression.FileSystem.dll".
             Reference found at search path location "{RawFileName}".
             This reference is not "CopyLocal" because at least one source item had "Private" set to "false" and no source items had "Private" set to "true".
         Primary reference "System.IO.Compression.ZipFile, Version=8.0.0.0, Culture=neutral, PublicKeyToken=b77a5c561934e089".
             Resolved file path is "C:\Program Files\dotnet\packs\Microsoft.NETCore.App.Ref\8.0.6\ref\net8.0\System.IO.Compression.ZipFile.dll".
             Reference found at search path location "{RawFileName}".
             This reference is not "CopyLocal" because at least one source item had "Private" set to "false" and no source items had "Private" set to "true".
         Primary reference "System.IO.Compression, Version=8.0.0.0, Culture=neutral, PublicKeyToken=b77a5c561934e089".
             Resolved file path is "C:\Program Files\dotnet\packs\Microsoft.NETCore.App.Ref\8.0.6\ref\net8.0\System.IO.Compression.dll".
             Reference found at search path location "{RawFileName}".
             This reference is not "CopyLocal" because at least one source item had "Private" set to "false" and no source items had "Private" set to "true".
         Primary reference "System.IO.FileSystem.AccessControl, Version=8.0.0.0, Culture=neutral, PublicKeyToken=b03f5f7f11d50a3a".
             Resolved file path is "C:\Program Files\dotnet\packs\Microsoft.NETCore.App.Ref\8.0.6\ref\net8.0\System.IO.FileSystem.AccessControl.dll".
             Reference found at search path location "{RawFileName}".
             This reference is not "CopyLocal" because at least one source item had "Private" set to "false" and no source items had "Private" set to "true".
         Primary reference "System.IO.FileSystem.DriveInfo, Version=8.0.0.0, Culture=neutral, PublicKeyToken=b03f5f7f11d50a3a".
             Resolved file path is "C:\Program Files\dotnet\packs\Microsoft.NETCore.App.Ref\8.0.6\ref\net8.0\System.IO.FileSystem.DriveInfo.dll".
             Reference found at search path location "{RawFileName}".
             This reference is not "CopyLocal" because at least one source item had "Private" set to "false" and no source items had "Private" set to "true".
         Primary reference "System.IO.FileSystem.Primitives, Version=8.0.0.0, Culture=neutral, PublicKeyToken=b03f5f7f11d50a3a".
             Resolved file path is "C:\Program Files\dotnet\packs\Microsoft.NETCore.App.Ref\8.0.6\ref\net8.0\System.IO.FileSystem.Primitives.dll".
             Reference found at search path location "{RawFileName}".
             This reference is not "CopyLocal" because at least one source item had "Private" set to "false" and no source items had "Private" set to "true".
         Primary reference "System.IO.FileSystem.Watcher, Version=8.0.0.0, Culture=neutral, PublicKeyToken=b03f5f7f11d50a3a".
             Resolved file path is "C:\Program Files\dotnet\packs\Microsoft.NETCore.App.Ref\8.0.6\ref\net8.0\System.IO.FileSystem.Watcher.dll".
             Reference found at search path location "{RawFileName}".
             This reference is not "CopyLocal" because at least one source item had "Private" set to "false" and no source items had "Private" set to "true".
         Primary reference "System.IO.FileSystem, Version=8.0.0.0, Culture=neutral, PublicKeyToken=b03f5f7f11d50a3a".
             Resolved file path is "C:\Program Files\dotnet\packs\Microsoft.NETCore.App.Ref\8.0.6\ref\net8.0\System.IO.FileSystem.dll".
             Reference found at search path location "{RawFileName}".
             This reference is not "CopyLocal" because at least one source item had "Private" set to "false" and no source items had "Private" set to "true".
         Primary reference "System.IO.IsolatedStorage, Version=8.0.0.0, Culture=neutral, PublicKeyToken=b03f5f7f11d50a3a".
             Resolved file path is "C:\Program Files\dotnet\packs\Microsoft.NETCore.App.Ref\8.0.6\ref\net8.0\System.IO.IsolatedStorage.dll".
             Reference found at search path location "{RawFileName}".
             This reference is not "CopyLocal" because at least one source item had "Private" set to "false" and no source items had "Private" set to "true".
         Primary reference "System.IO.MemoryMappedFiles, Version=8.0.0.0, Culture=neutral, PublicKeyToken=b03f5f7f11d50a3a".
             Resolved file path is "C:\Program Files\dotnet\packs\Microsoft.NETCore.App.Ref\8.0.6\ref\net8.0\System.IO.MemoryMappedFiles.dll".
             Reference found at search path location "{RawFileName}".
             This reference is not "CopyLocal" because at least one source item had "Private" set to "false" and no source items had "Private" set to "true".
         Primary reference "System.IO.Pipes.AccessControl, Version=8.0.0.0, Culture=neutral, PublicKeyToken=b03f5f7f11d50a3a".
             Resolved file path is "C:\Program Files\dotnet\packs\Microsoft.NETCore.App.Ref\8.0.6\ref\net8.0\System.IO.Pipes.AccessControl.dll".
             Reference found at search path location "{RawFileName}".
             This reference is not "CopyLocal" because at least one source item had "Private" set to "false" and no source items had "Private" set to "true".
         Primary reference "System.IO.Pipes, Version=8.0.0.0, Culture=neutral, PublicKeyToken=b03f5f7f11d50a3a".
             Resolved file path is "C:\Program Files\dotnet\packs\Microsoft.NETCore.App.Ref\8.0.6\ref\net8.0\System.IO.Pipes.dll".
             Reference found at search path location "{RawFileName}".
             This reference is not "CopyLocal" because at least one source item had "Private" set to "false" and no source items had "Private" set to "true".
         Primary reference "System.IO.UnmanagedMemoryStream, Version=8.0.0.0, Culture=neutral, PublicKeyToken=b03f5f7f11d50a3a".
             Resolved file path is "C:\Program Files\dotnet\packs\Microsoft.NETCore.App.Ref\8.0.6\ref\net8.0\System.IO.UnmanagedMemoryStream.dll".
             Reference found at search path location "{RawFileName}".
             This reference is not "CopyLocal" because at least one source item had "Private" set to "false" and no source items had "Private" set to "true".
         Primary reference "System.IO, Version=8.0.0.0, Culture=neutral, PublicKeyToken=b03f5f7f11d50a3a".
             Resolved file path is "C:\Program Files\dotnet\packs\Microsoft.NETCore.App.Ref\8.0.6\ref\net8.0\System.IO.dll".
             Reference found at search path location "{RawFileName}".
             This reference is not "CopyLocal" because at least one source item had "Private" set to "false" and no source items had "Private" set to "true".
         Primary reference "System.Linq.Expressions, Version=8.0.0.0, Culture=neutral, PublicKeyToken=b03f5f7f11d50a3a".
             Resolved file path is "C:\Program Files\dotnet\packs\Microsoft.NETCore.App.Ref\8.0.6\ref\net8.0\System.Linq.Expressions.dll".
             Reference found at search path location "{RawFileName}".
             This reference is not "CopyLocal" because at least one source item had "Private" set to "false" and no source items had "Private" set to "true".
         Primary reference "System.Linq.Parallel, Version=8.0.0.0, Culture=neutral, PublicKeyToken=b03f5f7f11d50a3a".
             Resolved file path is "C:\Program Files\dotnet\packs\Microsoft.NETCore.App.Ref\8.0.6\ref\net8.0\System.Linq.Parallel.dll".
             Reference found at search path location "{RawFileName}".
             This reference is not "CopyLocal" because at least one source item had "Private" set to "false" and no source items had "Private" set to "true".
         Primary reference "System.Linq.Queryable, Version=8.0.0.0, Culture=neutral, PublicKeyToken=b03f5f7f11d50a3a".
             Resolved file path is "C:\Program Files\dotnet\packs\Microsoft.NETCore.App.Ref\8.0.6\ref\net8.0\System.Linq.Queryable.dll".
             Reference found at search path location "{RawFileName}".
             This reference is not "CopyLocal" because at least one source item had "Private" set to "false" and no source items had "Private" set to "true".
         Primary reference "System.Linq, Version=8.0.0.0, Culture=neutral, PublicKeyToken=b03f5f7f11d50a3a".
             Resolved file path is "C:\Program Files\dotnet\packs\Microsoft.NETCore.App.Ref\8.0.6\ref\net8.0\System.Linq.dll".
             Reference found at search path location "{RawFileName}".
             This reference is not "CopyLocal" because at least one source item had "Private" set to "false" and no source items had "Private" set to "true".
         Primary reference "System.Memory, Version=8.0.0.0, Culture=neutral, PublicKeyToken=cc7b13ffcd2ddd51".
             Resolved file path is "C:\Program Files\dotnet\packs\Microsoft.NETCore.App.Ref\8.0.6\ref\net8.0\System.Memory.dll".
             Reference found at search path location "{RawFileName}".
             This reference is not "CopyLocal" because at least one source item had "Private" set to "false" and no source items had "Private" set to "true".
         Primary reference "System.Net.Http.Json, Version=8.0.0.0, Culture=neutral, PublicKeyToken=cc7b13ffcd2ddd51".
             Resolved file path is "C:\Program Files\dotnet\packs\Microsoft.NETCore.App.Ref\8.0.6\ref\net8.0\System.Net.Http.Json.dll".
             Reference found at search path location "{RawFileName}".
             This reference is not "CopyLocal" because at least one source item had "Private" set to "false" and no source items had "Private" set to "true".
         Primary reference "System.Net.Http, Version=8.0.0.0, Culture=neutral, PublicKeyToken=b03f5f7f11d50a3a".
             Resolved file path is "C:\Program Files\dotnet\packs\Microsoft.NETCore.App.Ref\8.0.6\ref\net8.0\System.Net.Http.dll".
             Reference found at search path location "{RawFileName}".
             This reference is not "CopyLocal" because at least one source item had "Private" set to "false" and no source items had "Private" set to "true".
         Primary reference "System.Net.HttpListener, Version=8.0.0.0, Culture=neutral, PublicKeyToken=cc7b13ffcd2ddd51".
             Resolved file path is "C:\Program Files\dotnet\packs\Microsoft.NETCore.App.Ref\8.0.6\ref\net8.0\System.Net.HttpListener.dll".
             Reference found at search path location "{RawFileName}".
             This reference is not "CopyLocal" because at least one source item had "Private" set to "false" and no source items had "Private" set to "true".
         Primary reference "System.Net.Mail, Version=8.0.0.0, Culture=neutral, PublicKeyToken=cc7b13ffcd2ddd51".
             Resolved file path is "C:\Program Files\dotnet\packs\Microsoft.NETCore.App.Ref\8.0.6\ref\net8.0\System.Net.Mail.dll".
             Reference found at search path location "{RawFileName}".
             This reference is not "CopyLocal" because at least one source item had "Private" set to "false" and no source items had "Private" set to "true".
         Primary reference "System.Net.NameResolution, Version=8.0.0.0, Culture=neutral, PublicKeyToken=b03f5f7f11d50a3a".
             Resolved file path is "C:\Program Files\dotnet\packs\Microsoft.NETCore.App.Ref\8.0.6\ref\net8.0\System.Net.NameResolution.dll".
             Reference found at search path location "{RawFileName}".
             This reference is not "CopyLocal" because at least one source item had "Private" set to "false" and no source items had "Private" set to "true".
         Primary reference "System.Net.NetworkInformation, Version=8.0.0.0, Culture=neutral, PublicKeyToken=b03f5f7f11d50a3a".
             Resolved file path is "C:\Program Files\dotnet\packs\Microsoft.NETCore.App.Ref\8.0.6\ref\net8.0\System.Net.NetworkInformation.dll".
             Reference found at search path location "{RawFileName}".
             This reference is not "CopyLocal" because at least one source item had "Private" set to "false" and no source items had "Private" set to "true".
         Primary reference "System.Net.Ping, Version=8.0.0.0, Culture=neutral, PublicKeyToken=b03f5f7f11d50a3a".
             Resolved file path is "C:\Program Files\dotnet\packs\Microsoft.NETCore.App.Ref\8.0.6\ref\net8.0\System.Net.Ping.dll".
             Reference found at search path location "{RawFileName}".
             This reference is not "CopyLocal" because at least one source item had "Private" set to "false" and no source items had "Private" set to "true".
         Primary reference "System.Net.Primitives, Version=8.0.0.0, Culture=neutral, PublicKeyToken=b03f5f7f11d50a3a".
             Resolved file path is "C:\Program Files\dotnet\packs\Microsoft.NETCore.App.Ref\8.0.6\ref\net8.0\System.Net.Primitives.dll".
             Reference found at search path location "{RawFileName}".
             This reference is not "CopyLocal" because at least one source item had "Private" set to "false" and no source items had "Private" set to "true".
         Primary reference "System.Net.Quic, Version=8.0.0.0, Culture=neutral, PublicKeyToken=b03f5f7f11d50a3a".
             Resolved file path is "C:\Program Files\dotnet\packs\Microsoft.NETCore.App.Ref\8.0.6\ref\net8.0\System.Net.Quic.dll".
             Reference found at search path location "{RawFileName}".
             This reference is not "CopyLocal" because at least one source item had "Private" set to "false" and no source items had "Private" set to "true".
         Primary reference "System.Net.Requests, Version=8.0.0.0, Culture=neutral, PublicKeyToken=b03f5f7f11d50a3a".
             Resolved file path is "C:\Program Files\dotnet\packs\Microsoft.NETCore.App.Ref\8.0.6\ref\net8.0\System.Net.Requests.dll".
             Reference found at search path location "{RawFileName}".
             This reference is not "CopyLocal" because at least one source item had "Private" set to "false" and no source items had "Private" set to "true".
         Primary reference "System.Net.Security, Version=8.0.0.0, Culture=neutral, PublicKeyToken=b03f5f7f11d50a3a".
             Resolved file path is "C:\Program Files\dotnet\packs\Microsoft.NETCore.App.Ref\8.0.6\ref\net8.0\System.Net.Security.dll".
             Reference found at search path location "{RawFileName}".
             This reference is not "CopyLocal" because at least one source item had "Private" set to "false" and no source items had "Private" set to "true".
         Primary reference "System.Net.ServicePoint, Version=8.0.0.0, Culture=neutral, PublicKeyToken=cc7b13ffcd2ddd51".
             Resolved file path is "C:\Program Files\dotnet\packs\Microsoft.NETCore.App.Ref\8.0.6\ref\net8.0\System.Net.ServicePoint.dll".
             Reference found at search path location "{RawFileName}".
             This reference is not "CopyLocal" because at least one source item had "Private" set to "false" and no source items had "Private" set to "true".
         Primary reference "System.Net.Sockets, Version=8.0.0.0, Culture=neutral, PublicKeyToken=b03f5f7f11d50a3a".
             Resolved file path is "C:\Program Files\dotnet\packs\Microsoft.NETCore.App.Ref\8.0.6\ref\net8.0\System.Net.Sockets.dll".
             Reference found at search path location "{RawFileName}".
             This reference is not "CopyLocal" because at least one source item had "Private" set to "false" and no source items had "Private" set to "true".
         Primary reference "System.Net.WebClient, Version=8.0.0.0, Culture=neutral, PublicKeyToken=cc7b13ffcd2ddd51".
             Resolved file path is "C:\Program Files\dotnet\packs\Microsoft.NETCore.App.Ref\8.0.6\ref\net8.0\System.Net.WebClient.dll".
             Reference found at search path location "{RawFileName}".
             This reference is not "CopyLocal" because at least one source item had "Private" set to "false" and no source items had "Private" set to "true".
         Primary reference "System.Net.WebHeaderCollection, Version=8.0.0.0, Culture=neutral, PublicKeyToken=b03f5f7f11d50a3a".
             Resolved file path is "C:\Program Files\dotnet\packs\Microsoft.NETCore.App.Ref\8.0.6\ref\net8.0\System.Net.WebHeaderCollection.dll".
             Reference found at search path location "{RawFileName}".
             This reference is not "CopyLocal" because at least one source item had "Private" set to "false" and no source items had "Private" set to "true".
         Primary reference "System.Net.WebProxy, Version=8.0.0.0, Culture=neutral, PublicKeyToken=cc7b13ffcd2ddd51".
             Resolved file path is "C:\Program Files\dotnet\packs\Microsoft.NETCore.App.Ref\8.0.6\ref\net8.0\System.Net.WebProxy.dll".
             Reference found at search path location "{RawFileName}".
             This reference is not "CopyLocal" because at least one source item had "Private" set to "false" and no source items had "Private" set to "true".
         Primary reference "System.Net.WebSockets.Client, Version=8.0.0.0, Culture=neutral, PublicKeyToken=b03f5f7f11d50a3a".
             Resolved file path is "C:\Program Files\dotnet\packs\Microsoft.NETCore.App.Ref\8.0.6\ref\net8.0\System.Net.WebSockets.Client.dll".
             Reference found at search path location "{RawFileName}".
             This reference is not "CopyLocal" because at least one source item had "Private" set to "false" and no source items had "Private" set to "true".
         Primary reference "System.Net.WebSockets, Version=8.0.0.0, Culture=neutral, PublicKeyToken=b03f5f7f11d50a3a".
             Resolved file path is "C:\Program Files\dotnet\packs\Microsoft.NETCore.App.Ref\8.0.6\ref\net8.0\System.Net.WebSockets.dll".
             Reference found at search path location "{RawFileName}".
             This reference is not "CopyLocal" because at least one source item had "Private" set to "false" and no source items had "Private" set to "true".
         Primary reference "System.Net, Version=4.0.0.0, Culture=neutral, PublicKeyToken=b03f5f7f11d50a3a".
             Resolved file path is "C:\Program Files\dotnet\packs\Microsoft.NETCore.App.Ref\8.0.6\ref\net8.0\System.Net.dll".
             Reference found at search path location "{RawFileName}".
             This reference is not "CopyLocal" because at least one source item had "Private" set to "false" and no source items had "Private" set to "true".
         Primary reference "System.Numerics.Vectors, Version=8.0.0.0, Culture=neutral, PublicKeyToken=b03f5f7f11d50a3a".
             Resolved file path is "C:\Program Files\dotnet\packs\Microsoft.NETCore.App.Ref\8.0.6\ref\net8.0\System.Numerics.Vectors.dll".
             Reference found at search path location "{RawFileName}".
             This reference is not "CopyLocal" because at least one source item had "Private" set to "false" and no source items had "Private" set to "true".
         Primary reference "System.Numerics, Version=4.0.0.0, Culture=neutral, PublicKeyToken=b77a5c561934e089".
             Resolved file path is "C:\Program Files\dotnet\packs\Microsoft.NETCore.App.Ref\8.0.6\ref\net8.0\System.Numerics.dll".
             Reference found at search path location "{RawFileName}".
             This reference is not "CopyLocal" because at least one source item had "Private" set to "false" and no source items had "Private" set to "true".
         Primary reference "System.ObjectModel, Version=8.0.0.0, Culture=neutral, PublicKeyToken=b03f5f7f11d50a3a".
             Resolved file path is "C:\Program Files\dotnet\packs\Microsoft.NETCore.App.Ref\8.0.6\ref\net8.0\System.ObjectModel.dll".
             Reference found at search path location "{RawFileName}".
             This reference is not "CopyLocal" because at least one source item had "Private" set to "false" and no source items had "Private" set to "true".
         Primary reference "System.Reflection.DispatchProxy, Version=8.0.0.0, Culture=neutral, PublicKeyToken=b03f5f7f11d50a3a".
             Resolved file path is "C:\Program Files\dotnet\packs\Microsoft.NETCore.App.Ref\8.0.6\ref\net8.0\System.Reflection.DispatchProxy.dll".
             Reference found at search path location "{RawFileName}".
             This reference is not "CopyLocal" because at least one source item had "Private" set to "false" and no source items had "Private" set to "true".
         Primary reference "System.Reflection.Emit.ILGeneration, Version=8.0.0.0, Culture=neutral, PublicKeyToken=b03f5f7f11d50a3a".
             Resolved file path is "C:\Program Files\dotnet\packs\Microsoft.NETCore.App.Ref\8.0.6\ref\net8.0\System.Reflection.Emit.ILGeneration.dll".
             Reference found at search path location "{RawFileName}".
             This reference is not "CopyLocal" because at least one source item had "Private" set to "false" and no source items had "Private" set to "true".
         Primary reference "System.Reflection.Emit.Lightweight, Version=8.0.0.0, Culture=neutral, PublicKeyToken=b03f5f7f11d50a3a".
             Resolved file path is "C:\Program Files\dotnet\packs\Microsoft.NETCore.App.Ref\8.0.6\ref\net8.0\System.Reflection.Emit.Lightweight.dll".
             Reference found at search path location "{RawFileName}".
             This reference is not "CopyLocal" because at least one source item had "Private" set to "false" and no source items had "Private" set to "true".
         Primary reference "System.Reflection.Emit, Version=8.0.0.0, Culture=neutral, PublicKeyToken=b03f5f7f11d50a3a".
             Resolved file path is "C:\Program Files\dotnet\packs\Microsoft.NETCore.App.Ref\8.0.6\ref\net8.0\System.Reflection.Emit.dll".
             Reference found at search path location "{RawFileName}".
             This reference is not "CopyLocal" because at least one source item had "Private" set to "false" and no source items had "Private" set to "true".
         Primary reference "System.Reflection.Extensions, Version=8.0.0.0, Culture=neutral, PublicKeyToken=b03f5f7f11d50a3a".
             Resolved file path is "C:\Program Files\dotnet\packs\Microsoft.NETCore.App.Ref\8.0.6\ref\net8.0\System.Reflection.Extensions.dll".
             Reference found at search path location "{RawFileName}".
             This reference is not "CopyLocal" because at least one source item had "Private" set to "false" and no source items had "Private" set to "true".
         Primary reference "System.Reflection.Metadata, Version=8.0.0.0, Culture=neutral, PublicKeyToken=b03f5f7f11d50a3a".
             Resolved file path is "C:\Program Files\dotnet\packs\Microsoft.NETCore.App.Ref\8.0.6\ref\net8.0\System.Reflection.Metadata.dll".
             Reference found at search path location "{RawFileName}".
             This reference is not "CopyLocal" because at least one source item had "Private" set to "false" and no source items had "Private" set to "true".
         Primary reference "System.Reflection.Primitives, Version=8.0.0.0, Culture=neutral, PublicKeyToken=b03f5f7f11d50a3a".
             Resolved file path is "C:\Program Files\dotnet\packs\Microsoft.NETCore.App.Ref\8.0.6\ref\net8.0\System.Reflection.Primitives.dll".
             Reference found at search path location "{RawFileName}".
             This reference is not "CopyLocal" because at least one source item had "Private" set to "false" and no source items had "Private" set to "true".
         Primary reference "System.Reflection.TypeExtensions, Version=8.0.0.0, Culture=neutral, PublicKeyToken=b03f5f7f11d50a3a".
             Resolved file path is "C:\Program Files\dotnet\packs\Microsoft.NETCore.App.Ref\8.0.6\ref\net8.0\System.Reflection.TypeExtensions.dll".
             Reference found at search path location "{RawFileName}".
             This reference is not "CopyLocal" because at least one source item had "Private" set to "false" and no source items had "Private" set to "true".
         Primary reference "System.Reflection, Version=8.0.0.0, Culture=neutral, PublicKeyToken=b03f5f7f11d50a3a".
             Resolved file path is "C:\Program Files\dotnet\packs\Microsoft.NETCore.App.Ref\8.0.6\ref\net8.0\System.Reflection.dll".
             Reference found at search path location "{RawFileName}".
             This reference is not "CopyLocal" because at least one source item had "Private" set to "false" and no source items had "Private" set to "true".
         Primary reference "System.Resources.Reader, Version=8.0.0.0, Culture=neutral, PublicKeyToken=b03f5f7f11d50a3a".
             Resolved file path is "C:\Program Files\dotnet\packs\Microsoft.NETCore.App.Ref\8.0.6\ref\net8.0\System.Resources.Reader.dll".
             Reference found at search path location "{RawFileName}".
             This reference is not "CopyLocal" because at least one source item had "Private" set to "false" and no source items had "Private" set to "true".
         Primary reference "System.Resources.ResourceManager, Version=8.0.0.0, Culture=neutral, PublicKeyToken=b03f5f7f11d50a3a".
             Resolved file path is "C:\Program Files\dotnet\packs\Microsoft.NETCore.App.Ref\8.0.6\ref\net8.0\System.Resources.ResourceManager.dll".
             Reference found at search path location "{RawFileName}".
             This reference is not "CopyLocal" because at least one source item had "Private" set to "false" and no source items had "Private" set to "true".
         Primary reference "System.Resources.Writer, Version=8.0.0.0, Culture=neutral, PublicKeyToken=b03f5f7f11d50a3a".
             Resolved file path is "C:\Program Files\dotnet\packs\Microsoft.NETCore.App.Ref\8.0.6\ref\net8.0\System.Resources.Writer.dll".
             Reference found at search path location "{RawFileName}".
             This reference is not "CopyLocal" because at least one source item had "Private" set to "false" and no source items had "Private" set to "true".
         Primary reference "System.Runtime.CompilerServices.Unsafe, Version=8.0.0.0, Culture=neutral, PublicKeyToken=b03f5f7f11d50a3a".
             Resolved file path is "C:\Program Files\dotnet\packs\Microsoft.NETCore.App.Ref\8.0.6\ref\net8.0\System.Runtime.CompilerServices.Unsafe.dll".
             Reference found at search path location "{RawFileName}".
             This reference is not "CopyLocal" because at least one source item had "Private" set to "false" and no source items had "Private" set to "true".
         Primary reference "System.Runtime.CompilerServices.VisualC, Version=8.0.0.0, Culture=neutral, PublicKeyToken=b03f5f7f11d50a3a".
             Resolved file path is "C:\Program Files\dotnet\packs\Microsoft.NETCore.App.Ref\8.0.6\ref\net8.0\System.Runtime.CompilerServices.VisualC.dll".
             Reference found at search path location "{RawFileName}".
             This reference is not "CopyLocal" because at least one source item had "Private" set to "false" and no source items had "Private" set to "true".
         Primary reference "System.Runtime.Extensions, Version=8.0.0.0, Culture=neutral, PublicKeyToken=b03f5f7f11d50a3a".
             Resolved file path is "C:\Program Files\dotnet\packs\Microsoft.NETCore.App.Ref\8.0.6\ref\net8.0\System.Runtime.Extensions.dll".
             Reference found at search path location "{RawFileName}".
             This reference is not "CopyLocal" because at least one source item had "Private" set to "false" and no source items had "Private" set to "true".
         Primary reference "System.Runtime.Handles, Version=8.0.0.0, Culture=neutral, PublicKeyToken=b03f5f7f11d50a3a".
             Resolved file path is "C:\Program Files\dotnet\packs\Microsoft.NETCore.App.Ref\8.0.6\ref\net8.0\System.Runtime.Handles.dll".
             Reference found at search path location "{RawFileName}".
             This reference is not "CopyLocal" because at least one source item had "Private" set to "false" and no source items had "Private" set to "true".
         Primary reference "System.Runtime.InteropServices.JavaScript, Version=8.0.0.0, Culture=neutral, PublicKeyToken=b03f5f7f11d50a3a".
             Resolved file path is "C:\Program Files\dotnet\packs\Microsoft.NETCore.App.Ref\8.0.6\ref\net8.0\System.Runtime.InteropServices.JavaScript.dll".
             Reference found at search path location "{RawFileName}".
             This reference is not "CopyLocal" because at least one source item had "Private" set to "false" and no source items had "Private" set to "true".
         Primary reference "System.Runtime.InteropServices.RuntimeInformation, Version=8.0.0.0, Culture=neutral, PublicKeyToken=b03f5f7f11d50a3a".
             Resolved file path is "C:\Program Files\dotnet\packs\Microsoft.NETCore.App.Ref\8.0.6\ref\net8.0\System.Runtime.InteropServices.RuntimeInformation.dll".
             Reference found at search path location "{RawFileName}".
             This reference is not "CopyLocal" because at least one source item had "Private" set to "false" and no source items had "Private" set to "true".
         Primary reference "System.Runtime.InteropServices, Version=8.0.0.0, Culture=neutral, PublicKeyToken=b03f5f7f11d50a3a".
             Resolved file path is "C:\Program Files\dotnet\packs\Microsoft.NETCore.App.Ref\8.0.6\ref\net8.0\System.Runtime.InteropServices.dll".
             Reference found at search path location "{RawFileName}".
             This reference is not "CopyLocal" because at least one source item had "Private" set to "false" and no source items had "Private" set to "true".
         Primary reference "System.Runtime.Intrinsics, Version=8.0.0.0, Culture=neutral, PublicKeyToken=cc7b13ffcd2ddd51".
             Resolved file path is "C:\Program Files\dotnet\packs\Microsoft.NETCore.App.Ref\8.0.6\ref\net8.0\System.Runtime.Intrinsics.dll".
             Reference found at search path location "{RawFileName}".
             This reference is not "CopyLocal" because at least one source item had "Private" set to "false" and no source items had "Private" set to "true".
         Primary reference "System.Runtime.Loader, Version=8.0.0.0, Culture=neutral, PublicKeyToken=b03f5f7f11d50a3a".
             Resolved file path is "C:\Program Files\dotnet\packs\Microsoft.NETCore.App.Ref\8.0.6\ref\net8.0\System.Runtime.Loader.dll".
             Reference found at search path location "{RawFileName}".
             This reference is not "CopyLocal" because at least one source item had "Private" set to "false" and no source items had "Private" set to "true".
         Primary reference "System.Runtime.Numerics, Version=8.0.0.0, Culture=neutral, PublicKeyToken=b03f5f7f11d50a3a".
             Resolved file path is "C:\Program Files\dotnet\packs\Microsoft.NETCore.App.Ref\8.0.6\ref\net8.0\System.Runtime.Numerics.dll".
             Reference found at search path location "{RawFileName}".
             This reference is not "CopyLocal" because at least one source item had "Private" set to "false" and no source items had "Private" set to "true".
         Primary reference "System.Runtime.Serialization.Formatters, Version=8.0.0.0, Culture=neutral, PublicKeyToken=b03f5f7f11d50a3a".
             Resolved file path is "C:\Program Files\dotnet\packs\Microsoft.NETCore.App.Ref\8.0.6\ref\net8.0\System.Runtime.Serialization.Formatters.dll".
             Reference found at search path location "{RawFileName}".
             This reference is not "CopyLocal" because at least one source item had "Private" set to "false" and no source items had "Private" set to "true".
         Primary reference "System.Runtime.Serialization.Json, Version=8.0.0.0, Culture=neutral, PublicKeyToken=b03f5f7f11d50a3a".
             Resolved file path is "C:\Program Files\dotnet\packs\Microsoft.NETCore.App.Ref\8.0.6\ref\net8.0\System.Runtime.Serialization.Json.dll".
             Reference found at search path location "{RawFileName}".
             This reference is not "CopyLocal" because at least one source item had "Private" set to "false" and no source items had "Private" set to "true".
         Primary reference "System.Runtime.Serialization.Primitives, Version=8.0.0.0, Culture=neutral, PublicKeyToken=b03f5f7f11d50a3a".
             Resolved file path is "C:\Program Files\dotnet\packs\Microsoft.NETCore.App.Ref\8.0.6\ref\net8.0\System.Runtime.Serialization.Primitives.dll".
             Reference found at search path location "{RawFileName}".
             This reference is not "CopyLocal" because at least one source item had "Private" set to "false" and no source items had "Private" set to "true".
         Primary reference "System.Runtime.Serialization.Xml, Version=8.0.0.0, Culture=neutral, PublicKeyToken=b03f5f7f11d50a3a".
             Resolved file path is "C:\Program Files\dotnet\packs\Microsoft.NETCore.App.Ref\8.0.6\ref\net8.0\System.Runtime.Serialization.Xml.dll".
             Reference found at search path location "{RawFileName}".
             This reference is not "CopyLocal" because at least one source item had "Private" set to "false" and no source items had "Private" set to "true".
         Primary reference "System.Runtime.Serialization, Version=4.0.0.0, Culture=neutral, PublicKeyToken=b77a5c561934e089".
             Resolved file path is "C:\Program Files\dotnet\packs\Microsoft.NETCore.App.Ref\8.0.6\ref\net8.0\System.Runtime.Serialization.dll".
             Reference found at search path location "{RawFileName}".
             This reference is not "CopyLocal" because at least one source item had "Private" set to "false" and no source items had "Private" set to "true".
         Primary reference "System.Runtime, Version=8.0.0.0, Culture=neutral, PublicKeyToken=b03f5f7f11d50a3a".
             Resolved file path is "C:\Program Files\dotnet\packs\Microsoft.NETCore.App.Ref\8.0.6\ref\net8.0\System.Runtime.dll".
             Reference found at search path location "{RawFileName}".
             This reference is not "CopyLocal" because at least one source item had "Private" set to "false" and no source items had "Private" set to "true".
         Primary reference "System.Security.AccessControl, Version=8.0.0.0, Culture=neutral, PublicKeyToken=b03f5f7f11d50a3a".
             Resolved file path is "C:\Program Files\dotnet\packs\Microsoft.NETCore.App.Ref\8.0.6\ref\net8.0\System.Security.AccessControl.dll".
             Reference found at search path location "{RawFileName}".
             This reference is not "CopyLocal" because at least one source item had "Private" set to "false" and no source items had "Private" set to "true".
         Primary reference "System.Security.Claims, Version=8.0.0.0, Culture=neutral, PublicKeyToken=b03f5f7f11d50a3a".
             Resolved file path is "C:\Program Files\dotnet\packs\Microsoft.NETCore.App.Ref\8.0.6\ref\net8.0\System.Security.Claims.dll".
             Reference found at search path location "{RawFileName}".
             This reference is not "CopyLocal" because at least one source item had "Private" set to "false" and no source items had "Private" set to "true".
         Primary reference "System.Security.Cryptography.Algorithms, Version=8.0.0.0, Culture=neutral, PublicKeyToken=b03f5f7f11d50a3a".
             Resolved file path is "C:\Program Files\dotnet\packs\Microsoft.NETCore.App.Ref\8.0.6\ref\net8.0\System.Security.Cryptography.Algorithms.dll".
             Reference found at search path location "{RawFileName}".
             This reference is not "CopyLocal" because at least one source item had "Private" set to "false" and no source items had "Private" set to "true".
         Primary reference "System.Security.Cryptography.Cng, Version=8.0.0.0, Culture=neutral, PublicKeyToken=b03f5f7f11d50a3a".
             Resolved file path is "C:\Program Files\dotnet\packs\Microsoft.NETCore.App.Ref\8.0.6\ref\net8.0\System.Security.Cryptography.Cng.dll".
             Reference found at search path location "{RawFileName}".
             This reference is not "CopyLocal" because at least one source item had "Private" set to "false" and no source items had "Private" set to "true".
         Primary reference "System.Security.Cryptography.Csp, Version=8.0.0.0, Culture=neutral, PublicKeyToken=b03f5f7f11d50a3a".
             Resolved file path is "C:\Program Files\dotnet\packs\Microsoft.NETCore.App.Ref\8.0.6\ref\net8.0\System.Security.Cryptography.Csp.dll".
             Reference found at search path location "{RawFileName}".
             This reference is not "CopyLocal" because at least one source item had "Private" set to "false" and no source items had "Private" set to "true".
         Primary reference "System.Security.Cryptography.Encoding, Version=8.0.0.0, Culture=neutral, PublicKeyToken=b03f5f7f11d50a3a".
             Resolved file path is "C:\Program Files\dotnet\packs\Microsoft.NETCore.App.Ref\8.0.6\ref\net8.0\System.Security.Cryptography.Encoding.dll".
             Reference found at search path location "{RawFileName}".
             This reference is not "CopyLocal" because at least one source item had "Private" set to "false" and no source items had "Private" set to "true".
         Primary reference "System.Security.Cryptography.OpenSsl, Version=8.0.0.0, Culture=neutral, PublicKeyToken=b03f5f7f11d50a3a".
             Resolved file path is "C:\Program Files\dotnet\packs\Microsoft.NETCore.App.Ref\8.0.6\ref\net8.0\System.Security.Cryptography.OpenSsl.dll".
             Reference found at search path location "{RawFileName}".
             This reference is not "CopyLocal" because at least one source item had "Private" set to "false" and no source items had "Private" set to "true".
         Primary reference "System.Security.Cryptography.Primitives, Version=8.0.0.0, Culture=neutral, PublicKeyToken=b03f5f7f11d50a3a".
             Resolved file path is "C:\Program Files\dotnet\packs\Microsoft.NETCore.App.Ref\8.0.6\ref\net8.0\System.Security.Cryptography.Primitives.dll".
             Reference found at search path location "{RawFileName}".
             This reference is not "CopyLocal" because at least one source item had "Private" set to "false" and no source items had "Private" set to "true".
         Primary reference "System.Security.Cryptography.X509Certificates, Version=8.0.0.0, Culture=neutral, PublicKeyToken=b03f5f7f11d50a3a".
             Resolved file path is "C:\Program Files\dotnet\packs\Microsoft.NETCore.App.Ref\8.0.6\ref\net8.0\System.Security.Cryptography.X509Certificates.dll".
             Reference found at search path location "{RawFileName}".
             This reference is not "CopyLocal" because at least one source item had "Private" set to "false" and no source items had "Private" set to "true".
         Primary reference "System.Security.Cryptography, Version=8.0.0.0, Culture=neutral, PublicKeyToken=b03f5f7f11d50a3a".
             Resolved file path is "C:\Program Files\dotnet\packs\Microsoft.NETCore.App.Ref\8.0.6\ref\net8.0\System.Security.Cryptography.dll".
             Reference found at search path location "{RawFileName}".
             This reference is not "CopyLocal" because at least one source item had "Private" set to "false" and no source items had "Private" set to "true".
         Primary reference "System.Security.Principal.Windows, Version=8.0.0.0, Culture=neutral, PublicKeyToken=b03f5f7f11d50a3a".
             Resolved file path is "C:\Program Files\dotnet\packs\Microsoft.NETCore.App.Ref\8.0.6\ref\net8.0\System.Security.Principal.Windows.dll".
             Reference found at search path location "{RawFileName}".
             This reference is not "CopyLocal" because at least one source item had "Private" set to "false" and no source items had "Private" set to "true".
         Primary reference "System.Security.Principal, Version=8.0.0.0, Culture=neutral, PublicKeyToken=b03f5f7f11d50a3a".
             Resolved file path is "C:\Program Files\dotnet\packs\Microsoft.NETCore.App.Ref\8.0.6\ref\net8.0\System.Security.Principal.dll".
             Reference found at search path location "{RawFileName}".
             This reference is not "CopyLocal" because at least one source item had "Private" set to "false" and no source items had "Private" set to "true".
         Primary reference "System.Security.SecureString, Version=8.0.0.0, Culture=neutral, PublicKeyToken=b03f5f7f11d50a3a".
             Resolved file path is "C:\Program Files\dotnet\packs\Microsoft.NETCore.App.Ref\8.0.6\ref\net8.0\System.Security.SecureString.dll".
             Reference found at search path location "{RawFileName}".
             This reference is not "CopyLocal" because at least one source item had "Private" set to "false" and no source items had "Private" set to "true".
         Primary reference "System.Security, Version=4.0.0.0, Culture=neutral, PublicKeyToken=b03f5f7f11d50a3a".
             Resolved file path is "C:\Program Files\dotnet\packs\Microsoft.NETCore.App.Ref\8.0.6\ref\net8.0\System.Security.dll".
             Reference found at search path location "{RawFileName}".
             This reference is not "CopyLocal" because at least one source item had "Private" set to "false" and no source items had "Private" set to "true".
         Primary reference "System.ServiceModel.Web, Version=4.0.0.0, Culture=neutral, PublicKeyToken=31bf3856ad364e35".
             Resolved file path is "C:\Program Files\dotnet\packs\Microsoft.NETCore.App.Ref\8.0.6\ref\net8.0\System.ServiceModel.Web.dll".
             Reference found at search path location "{RawFileName}".
             This reference is not "CopyLocal" because at least one source item had "Private" set to "false" and no source items had "Private" set to "true".
         Primary reference "System.ServiceProcess, Version=4.0.0.0, Culture=neutral, PublicKeyToken=b03f5f7f11d50a3a".
             Resolved file path is "C:\Program Files\dotnet\packs\Microsoft.NETCore.App.Ref\8.0.6\ref\net8.0\System.ServiceProcess.dll".
             Reference found at search path location "{RawFileName}".
             This reference is not "CopyLocal" because at least one source item had "Private" set to "false" and no source items had "Private" set to "true".
         Primary reference "System.Text.Encoding.CodePages, Version=8.0.0.0, Culture=neutral, PublicKeyToken=b03f5f7f11d50a3a".
             Resolved file path is "C:\Program Files\dotnet\packs\Microsoft.NETCore.App.Ref\8.0.6\ref\net8.0\System.Text.Encoding.CodePages.dll".
             Reference found at search path location "{RawFileName}".
             This reference is not "CopyLocal" because at least one source item had "Private" set to "false" and no source items had "Private" set to "true".
         Primary reference "System.Text.Encoding.Extensions, Version=8.0.0.0, Culture=neutral, PublicKeyToken=b03f5f7f11d50a3a".
             Resolved file path is "C:\Program Files\dotnet\packs\Microsoft.NETCore.App.Ref\8.0.6\ref\net8.0\System.Text.Encoding.Extensions.dll".
             Reference found at search path location "{RawFileName}".
             This reference is not "CopyLocal" because at least one source item had "Private" set to "false" and no source items had "Private" set to "true".
         Primary reference "System.Text.Encoding, Version=8.0.0.0, Culture=neutral, PublicKeyToken=b03f5f7f11d50a3a".
             Resolved file path is "C:\Program Files\dotnet\packs\Microsoft.NETCore.App.Ref\8.0.6\ref\net8.0\System.Text.Encoding.dll".
             Reference found at search path location "{RawFileName}".
             This reference is not "CopyLocal" because at least one source item had "Private" set to "false" and no source items had "Private" set to "true".
         Primary reference "System.Text.Encodings.Web, Version=8.0.0.0, Culture=neutral, PublicKeyToken=cc7b13ffcd2ddd51".
             Resolved file path is "C:\Program Files\dotnet\packs\Microsoft.NETCore.App.Ref\8.0.6\ref\net8.0\System.Text.Encodings.Web.dll".
             Reference found at search path location "{RawFileName}".
             This reference is not "CopyLocal" because at least one source item had "Private" set to "false" and no source items had "Private" set to "true".
         Primary reference "System.Text.Json, Version=8.0.0.0, Culture=neutral, PublicKeyToken=cc7b13ffcd2ddd51".
             Resolved file path is "C:\Program Files\dotnet\packs\Microsoft.NETCore.App.Ref\8.0.6\ref\net8.0\System.Text.Json.dll".
             Reference found at search path location "{RawFileName}".
             This reference is not "CopyLocal" because at least one source item had "Private" set to "false" and no source items had "Private" set to "true".
         Primary reference "System.Text.RegularExpressions, Version=8.0.0.0, Culture=neutral, PublicKeyToken=b03f5f7f11d50a3a".
             Resolved file path is "C:\Program Files\dotnet\packs\Microsoft.NETCore.App.Ref\8.0.6\ref\net8.0\System.Text.RegularExpressions.dll".
             Reference found at search path location "{RawFileName}".
             This reference is not "CopyLocal" because at least one source item had "Private" set to "false" and no source items had "Private" set to "true".
         Primary reference "System.Threading.Channels, Version=8.0.0.0, Culture=neutral, PublicKeyToken=cc7b13ffcd2ddd51".
             Resolved file path is "C:\Program Files\dotnet\packs\Microsoft.NETCore.App.Ref\8.0.6\ref\net8.0\System.Threading.Channels.dll".
             Reference found at search path location "{RawFileName}".
             This reference is not "CopyLocal" because at least one source item had "Private" set to "false" and no source items had "Private" set to "true".
         Primary reference "System.Threading.Overlapped, Version=8.0.0.0, Culture=neutral, PublicKeyToken=b03f5f7f11d50a3a".
             Resolved file path is "C:\Program Files\dotnet\packs\Microsoft.NETCore.App.Ref\8.0.6\ref\net8.0\System.Threading.Overlapped.dll".
             Reference found at search path location "{RawFileName}".
             This reference is not "CopyLocal" because at least one source item had "Private" set to "false" and no source items had "Private" set to "true".
         Primary reference "System.Threading.Tasks.Dataflow, Version=8.0.0.0, Culture=neutral, PublicKeyToken=b03f5f7f11d50a3a".
             Resolved file path is "C:\Program Files\dotnet\packs\Microsoft.NETCore.App.Ref\8.0.6\ref\net8.0\System.Threading.Tasks.Dataflow.dll".
             Reference found at search path location "{RawFileName}".
             This reference is not "CopyLocal" because at least one source item had "Private" set to "false" and no source items had "Private" set to "true".
         Primary reference "System.Threading.Tasks.Extensions, Version=8.0.0.0, Culture=neutral, PublicKeyToken=cc7b13ffcd2ddd51".
             Resolved file path is "C:\Program Files\dotnet\packs\Microsoft.NETCore.App.Ref\8.0.6\ref\net8.0\System.Threading.Tasks.Extensions.dll".
             Reference found at search path location "{RawFileName}".
             This reference is not "CopyLocal" because at least one source item had "Private" set to "false" and no source items had "Private" set to "true".
         Primary reference "System.Threading.Tasks.Parallel, Version=8.0.0.0, Culture=neutral, PublicKeyToken=b03f5f7f11d50a3a".
             Resolved file path is "C:\Program Files\dotnet\packs\Microsoft.NETCore.App.Ref\8.0.6\ref\net8.0\System.Threading.Tasks.Parallel.dll".
             Reference found at search path location "{RawFileName}".
             This reference is not "CopyLocal" because at least one source item had "Private" set to "false" and no source items had "Private" set to "true".
         Primary reference "System.Threading.Tasks, Version=8.0.0.0, Culture=neutral, PublicKeyToken=b03f5f7f11d50a3a".
             Resolved file path is "C:\Program Files\dotnet\packs\Microsoft.NETCore.App.Ref\8.0.6\ref\net8.0\System.Threading.Tasks.dll".
             Reference found at search path location "{RawFileName}".
             This reference is not "CopyLocal" because at least one source item had "Private" set to "false" and no source items had "Private" set to "true".
         Primary reference "System.Threading.Thread, Version=8.0.0.0, Culture=neutral, PublicKeyToken=b03f5f7f11d50a3a".
             Resolved file path is "C:\Program Files\dotnet\packs\Microsoft.NETCore.App.Ref\8.0.6\ref\net8.0\System.Threading.Thread.dll".
             Reference found at search path location "{RawFileName}".
             This reference is not "CopyLocal" because at least one source item had "Private" set to "false" and no source items had "Private" set to "true".
         Primary reference "System.Threading.ThreadPool, Version=8.0.0.0, Culture=neutral, PublicKeyToken=b03f5f7f11d50a3a".
             Resolved file path is "C:\Program Files\dotnet\packs\Microsoft.NETCore.App.Ref\8.0.6\ref\net8.0\System.Threading.ThreadPool.dll".
             Reference found at search path location "{RawFileName}".
             This reference is not "CopyLocal" because at least one source item had "Private" set to "false" and no source items had "Private" set to "true".
         Primary reference "System.Threading.Timer, Version=8.0.0.0, Culture=neutral, PublicKeyToken=b03f5f7f11d50a3a".
             Resolved file path is "C:\Program Files\dotnet\packs\Microsoft.NETCore.App.Ref\8.0.6\ref\net8.0\System.Threading.Timer.dll".
             Reference found at search path location "{RawFileName}".
             This reference is not "CopyLocal" because at least one source item had "Private" set to "false" and no source items had "Private" set to "true".
         Primary reference "System.Threading, Version=8.0.0.0, Culture=neutral, PublicKeyToken=b03f5f7f11d50a3a".
             Resolved file path is "C:\Program Files\dotnet\packs\Microsoft.NETCore.App.Ref\8.0.6\ref\net8.0\System.Threading.dll".
             Reference found at search path location "{RawFileName}".
             This reference is not "CopyLocal" because at least one source item had "Private" set to "false" and no source items had "Private" set to "true".
         Primary reference "System.Transactions.Local, Version=8.0.0.0, Culture=neutral, PublicKeyToken=cc7b13ffcd2ddd51".
             Resolved file path is "C:\Program Files\dotnet\packs\Microsoft.NETCore.App.Ref\8.0.6\ref\net8.0\System.Transactions.Local.dll".
             Reference found at search path location "{RawFileName}".
             This reference is not "CopyLocal" because at least one source item had "Private" set to "false" and no source items had "Private" set to "true".
         Primary reference "System.Transactions, Version=4.0.0.0, Culture=neutral, PublicKeyToken=b77a5c561934e089".
             Resolved file path is "C:\Program Files\dotnet\packs\Microsoft.NETCore.App.Ref\8.0.6\ref\net8.0\System.Transactions.dll".
             Reference found at search path location "{RawFileName}".
             This reference is not "CopyLocal" because at least one source item had "Private" set to "false" and no source items had "Private" set to "true".
         Primary reference "System.ValueTuple, Version=8.0.0.0, Culture=neutral, PublicKeyToken=cc7b13ffcd2ddd51".
             Resolved file path is "C:\Program Files\dotnet\packs\Microsoft.NETCore.App.Ref\8.0.6\ref\net8.0\System.ValueTuple.dll".
             Reference found at search path location "{RawFileName}".
             This reference is not "CopyLocal" because at least one source item had "Private" set to "false" and no source items had "Private" set to "true".
         Primary reference "System.Web.HttpUtility, Version=8.0.0.0, Culture=neutral, PublicKeyToken=cc7b13ffcd2ddd51".
             Resolved file path is "C:\Program Files\dotnet\packs\Microsoft.NETCore.App.Ref\8.0.6\ref\net8.0\System.Web.HttpUtility.dll".
             Reference found at search path location "{RawFileName}".
             This reference is not "CopyLocal" because at least one source item had "Private" set to "false" and no source items had "Private" set to "true".
         Primary reference "System.Web, Version=4.0.0.0, Culture=neutral, PublicKeyToken=b03f5f7f11d50a3a".
             Resolved file path is "C:\Program Files\dotnet\packs\Microsoft.NETCore.App.Ref\8.0.6\ref\net8.0\System.Web.dll".
             Reference found at search path location "{RawFileName}".
             This reference is not "CopyLocal" because at least one source item had "Private" set to "false" and no source items had "Private" set to "true".
         Primary reference "System.Windows, Version=4.0.0.0, Culture=neutral, PublicKeyToken=b03f5f7f11d50a3a".
             Resolved file path is "C:\Program Files\dotnet\packs\Microsoft.NETCore.App.Ref\8.0.6\ref\net8.0\System.Windows.dll".
             Reference found at search path location "{RawFileName}".
             This reference is not "CopyLocal" because at least one source item had "Private" set to "false" and no source items had "Private" set to "true".
         Primary reference "System.Xml.Linq, Version=4.0.0.0, Culture=neutral, PublicKeyToken=b77a5c561934e089".
             Resolved file path is "C:\Program Files\dotnet\packs\Microsoft.NETCore.App.Ref\8.0.6\ref\net8.0\System.Xml.Linq.dll".
             Reference found at search path location "{RawFileName}".
             This reference is not "CopyLocal" because at least one source item had "Private" set to "false" and no source items had "Private" set to "true".
         Primary reference "System.Xml.ReaderWriter, Version=8.0.0.0, Culture=neutral, PublicKeyToken=b03f5f7f11d50a3a".
             Resolved file path is "C:\Program Files\dotnet\packs\Microsoft.NETCore.App.Ref\8.0.6\ref\net8.0\System.Xml.ReaderWriter.dll".
             Reference found at search path location "{RawFileName}".
             This reference is not "CopyLocal" because at least one source item had "Private" set to "false" and no source items had "Private" set to "true".
         Primary reference "System.Xml.Serialization, Version=4.0.0.0, Culture=neutral, PublicKeyToken=b77a5c561934e089".
             Resolved file path is "C:\Program Files\dotnet\packs\Microsoft.NETCore.App.Ref\8.0.6\ref\net8.0\System.Xml.Serialization.dll".
             Reference found at search path location "{RawFileName}".
             This reference is not "CopyLocal" because at least one source item had "Private" set to "false" and no source items had "Private" set to "true".
         Primary reference "System.Xml.XDocument, Version=8.0.0.0, Culture=neutral, PublicKeyToken=b03f5f7f11d50a3a".
             Resolved file path is "C:\Program Files\dotnet\packs\Microsoft.NETCore.App.Ref\8.0.6\ref\net8.0\System.Xml.XDocument.dll".
             Reference found at search path location "{RawFileName}".
             This reference is not "CopyLocal" because at least one source item had "Private" set to "false" and no source items had "Private" set to "true".
         Primary reference "System.Xml.XPath.XDocument, Version=8.0.0.0, Culture=neutral, PublicKeyToken=b03f5f7f11d50a3a".
             Resolved file path is "C:\Program Files\dotnet\packs\Microsoft.NETCore.App.Ref\8.0.6\ref\net8.0\System.Xml.XPath.XDocument.dll".
             Reference found at search path location "{RawFileName}".
             This reference is not "CopyLocal" because at least one source item had "Private" set to "false" and no source items had "Private" set to "true".
         Primary reference "System.Xml.XPath, Version=8.0.0.0, Culture=neutral, PublicKeyToken=b03f5f7f11d50a3a".
             Resolved file path is "C:\Program Files\dotnet\packs\Microsoft.NETCore.App.Ref\8.0.6\ref\net8.0\System.Xml.XPath.dll".
             Reference found at search path location "{RawFileName}".
             This reference is not "CopyLocal" because at least one source item had "Private" set to "false" and no source items had "Private" set to "true".
         Primary reference "System.Xml.XmlDocument, Version=8.0.0.0, Culture=neutral, PublicKeyToken=b03f5f7f11d50a3a".
             Resolved file path is "C:\Program Files\dotnet\packs\Microsoft.NETCore.App.Ref\8.0.6\ref\net8.0\System.Xml.XmlDocument.dll".
             Reference found at search path location "{RawFileName}".
             This reference is not "CopyLocal" because at least one source item had "Private" set to "false" and no source items had "Private" set to "true".
         Primary reference "System.Xml.XmlSerializer, Version=8.0.0.0, Culture=neutral, PublicKeyToken=b03f5f7f11d50a3a".
             Resolved file path is "C:\Program Files\dotnet\packs\Microsoft.NETCore.App.Ref\8.0.6\ref\net8.0\System.Xml.XmlSerializer.dll".
             Reference found at search path location "{RawFileName}".
             This reference is not "CopyLocal" because at least one source item had "Private" set to "false" and no source items had "Private" set to "true".
         Primary reference "System.Xml, Version=4.0.0.0, Culture=neutral, PublicKeyToken=b77a5c561934e089".
             Resolved file path is "C:\Program Files\dotnet\packs\Microsoft.NETCore.App.Ref\8.0.6\ref\net8.0\System.Xml.dll".
             Reference found at search path location "{RawFileName}".
             This reference is not "CopyLocal" because at least one source item had "Private" set to "false" and no source items had "Private" set to "true".
         Primary reference "System, Version=4.0.0.0, Culture=neutral, PublicKeyToken=b77a5c561934e089".
             Resolved file path is "C:\Program Files\dotnet\packs\Microsoft.NETCore.App.Ref\8.0.6\ref\net8.0\System.dll".
             Reference found at search path location "{RawFileName}".
             This reference is not "CopyLocal" because at least one source item had "Private" set to "false" and no source items had "Private" set to "true".
         Primary reference "WindowsBase, Version=4.0.0.0, Culture=neutral, PublicKeyToken=31bf3856ad364e35".
             Resolved file path is "C:\Program Files\dotnet\packs\Microsoft.NETCore.App.Ref\8.0.6\ref\net8.0\WindowsBase.dll".
             Reference found at search path location "{RawFileName}".
             This reference is not "CopyLocal" because at least one source item had "Private" set to "false" and no source items had "Private" set to "true".
         Primary reference "mscorlib, Version=4.0.0.0, Culture=neutral, PublicKeyToken=b77a5c561934e089".
             Resolved file path is "C:\Program Files\dotnet\packs\Microsoft.NETCore.App.Ref\8.0.6\ref\net8.0\mscorlib.dll".
             Reference found at search path location "{RawFileName}".
             This reference is not "CopyLocal" because at least one source item had "Private" set to "false" and no source items had "Private" set to "true".
         Primary reference "netstandard, Version=2.1.0.0, Culture=neutral, PublicKeyToken=cc7b13ffcd2ddd51".
             Resolved file path is "C:\Program Files\dotnet\packs\Microsoft.NETCore.App.Ref\8.0.6\ref\net8.0\netstandard.dll".
             Reference found at search path location "{RawFileName}".
             This reference is not "CopyLocal" because at least one source item had "Private" set to "false" and no source items had "Private" set to "true".
         Primary reference "Microsoft.AspNetCore.Antiforgery, Version=8.0.0.0, Culture=neutral, PublicKeyToken=adb9793829ddae60".
             Resolved file path is "C:\Program Files\dotnet\packs\Microsoft.AspNetCore.App.Ref\8.0.6\ref\net8.0\Microsoft.AspNetCore.Antiforgery.dll".
             Reference found at search path location "{RawFileName}".
             This reference is not "CopyLocal" because at least one source item had "Private" set to "false" and no source items had "Private" set to "true".
         Primary reference "Microsoft.AspNetCore.Authentication.Abstractions, Version=8.0.0.0, Culture=neutral, PublicKeyToken=adb9793829ddae60".
             Resolved file path is "C:\Program Files\dotnet\packs\Microsoft.AspNetCore.App.Ref\8.0.6\ref\net8.0\Microsoft.AspNetCore.Authentication.Abstractions.dll".
             Reference found at search path location "{RawFileName}".
             This reference is not "CopyLocal" because at least one source item had "Private" set to "false" and no source items had "Private" set to "true".
         Primary reference "Microsoft.AspNetCore.Authentication.BearerToken, Version=8.0.0.0, Culture=neutral, PublicKeyToken=adb9793829ddae60".
             Resolved file path is "C:\Program Files\dotnet\packs\Microsoft.AspNetCore.App.Ref\8.0.6\ref\net8.0\Microsoft.AspNetCore.Authentication.BearerToken.dll".
             Reference found at search path location "{RawFileName}".
             This reference is not "CopyLocal" because at least one source item had "Private" set to "false" and no source items had "Private" set to "true".
         Primary reference "Microsoft.AspNetCore.Authentication.Cookies, Version=8.0.0.0, Culture=neutral, PublicKeyToken=adb9793829ddae60".
             Resolved file path is "C:\Program Files\dotnet\packs\Microsoft.AspNetCore.App.Ref\8.0.6\ref\net8.0\Microsoft.AspNetCore.Authentication.Cookies.dll".
             Reference found at search path location "{RawFileName}".
             This reference is not "CopyLocal" because at least one source item had "Private" set to "false" and no source items had "Private" set to "true".
         Primary reference "Microsoft.AspNetCore.Authentication.Core, Version=8.0.0.0, Culture=neutral, PublicKeyToken=adb9793829ddae60".
             Resolved file path is "C:\Program Files\dotnet\packs\Microsoft.AspNetCore.App.Ref\8.0.6\ref\net8.0\Microsoft.AspNetCore.Authentication.Core.dll".
             Reference found at search path location "{RawFileName}".
             This reference is not "CopyLocal" because at least one source item had "Private" set to "false" and no source items had "Private" set to "true".
         Primary reference "Microsoft.AspNetCore.Authentication.OAuth, Version=8.0.0.0, Culture=neutral, PublicKeyToken=adb9793829ddae60".
             Resolved file path is "C:\Program Files\dotnet\packs\Microsoft.AspNetCore.App.Ref\8.0.6\ref\net8.0\Microsoft.AspNetCore.Authentication.OAuth.dll".
             Reference found at search path location "{RawFileName}".
             This reference is not "CopyLocal" because at least one source item had "Private" set to "false" and no source items had "Private" set to "true".
         Primary reference "Microsoft.AspNetCore.Authentication, Version=8.0.0.0, Culture=neutral, PublicKeyToken=adb9793829ddae60".
             Resolved file path is "C:\Program Files\dotnet\packs\Microsoft.AspNetCore.App.Ref\8.0.6\ref\net8.0\Microsoft.AspNetCore.Authentication.dll".
             Reference found at search path location "{RawFileName}".
             This reference is not "CopyLocal" because at least one source item had "Private" set to "false" and no source items had "Private" set to "true".
         Primary reference "Microsoft.AspNetCore.Authorization.Policy, Version=8.0.0.0, Culture=neutral, PublicKeyToken=adb9793829ddae60".
             Resolved file path is "C:\Program Files\dotnet\packs\Microsoft.AspNetCore.App.Ref\8.0.6\ref\net8.0\Microsoft.AspNetCore.Authorization.Policy.dll".
             Reference found at search path location "{RawFileName}".
             This reference is not "CopyLocal" because at least one source item had "Private" set to "false" and no source items had "Private" set to "true".
         Primary reference "Microsoft.AspNetCore.Authorization, Version=8.0.0.0, Culture=neutral, PublicKeyToken=adb9793829ddae60".
             Resolved file path is "C:\Program Files\dotnet\packs\Microsoft.AspNetCore.App.Ref\8.0.6\ref\net8.0\Microsoft.AspNetCore.Authorization.dll".
             Reference found at search path location "{RawFileName}".
             This reference is not "CopyLocal" because at least one source item had "Private" set to "false" and no source items had "Private" set to "true".
         Primary reference "Microsoft.AspNetCore.Components.Authorization, Version=8.0.0.0, Culture=neutral, PublicKeyToken=adb9793829ddae60".
             Resolved file path is "C:\Program Files\dotnet\packs\Microsoft.AspNetCore.App.Ref\8.0.6\ref\net8.0\Microsoft.AspNetCore.Components.Authorization.dll".
             Reference found at search path location "{RawFileName}".
             This reference is not "CopyLocal" because at least one source item had "Private" set to "false" and no source items had "Private" set to "true".
         Primary reference "Microsoft.AspNetCore.Components.Endpoints, Version=8.0.0.0, Culture=neutral, PublicKeyToken=adb9793829ddae60".
             Resolved file path is "C:\Program Files\dotnet\packs\Microsoft.AspNetCore.App.Ref\8.0.6\ref\net8.0\Microsoft.AspNetCore.Components.Endpoints.dll".
             Reference found at search path location "{RawFileName}".
             This reference is not "CopyLocal" because at least one source item had "Private" set to "false" and no source items had "Private" set to "true".
         Primary reference "Microsoft.AspNetCore.Components.Forms, Version=8.0.0.0, Culture=neutral, PublicKeyToken=adb9793829ddae60".
             Resolved file path is "C:\Program Files\dotnet\packs\Microsoft.AspNetCore.App.Ref\8.0.6\ref\net8.0\Microsoft.AspNetCore.Components.Forms.dll".
             Reference found at search path location "{RawFileName}".
             This reference is not "CopyLocal" because at least one source item had "Private" set to "false" and no source items had "Private" set to "true".
         Primary reference "Microsoft.AspNetCore.Components.Server, Version=8.0.0.0, Culture=neutral, PublicKeyToken=adb9793829ddae60".
             Resolved file path is "C:\Program Files\dotnet\packs\Microsoft.AspNetCore.App.Ref\8.0.6\ref\net8.0\Microsoft.AspNetCore.Components.Server.dll".
             Reference found at search path location "{RawFileName}".
             This reference is not "CopyLocal" because at least one source item had "Private" set to "false" and no source items had "Private" set to "true".
         Primary reference "Microsoft.AspNetCore.Components.Web, Version=8.0.0.0, Culture=neutral, PublicKeyToken=adb9793829ddae60".
             Resolved file path is "C:\Program Files\dotnet\packs\Microsoft.AspNetCore.App.Ref\8.0.6\ref\net8.0\Microsoft.AspNetCore.Components.Web.dll".
             Reference found at search path location "{RawFileName}".
             This reference is not "CopyLocal" because at least one source item had "Private" set to "false" and no source items had "Private" set to "true".
         Primary reference "Microsoft.AspNetCore.Components, Version=8.0.0.0, Culture=neutral, PublicKeyToken=adb9793829ddae60".
             Resolved file path is "C:\Program Files\dotnet\packs\Microsoft.AspNetCore.App.Ref\8.0.6\ref\net8.0\Microsoft.AspNetCore.Components.dll".
             Reference found at search path location "{RawFileName}".
             This reference is not "CopyLocal" because at least one source item had "Private" set to "false" and no source items had "Private" set to "true".
         Primary reference "Microsoft.AspNetCore.Connections.Abstractions, Version=8.0.0.0, Culture=neutral, PublicKeyToken=adb9793829ddae60".
             Resolved file path is "C:\Program Files\dotnet\packs\Microsoft.AspNetCore.App.Ref\8.0.6\ref\net8.0\Microsoft.AspNetCore.Connections.Abstractions.dll".
             Reference found at search path location "{RawFileName}".
             This reference is not "CopyLocal" because at least one source item had "Private" set to "false" and no source items had "Private" set to "true".
         Primary reference "Microsoft.AspNetCore.CookiePolicy, Version=8.0.0.0, Culture=neutral, PublicKeyToken=adb9793829ddae60".
             Resolved file path is "C:\Program Files\dotnet\packs\Microsoft.AspNetCore.App.Ref\8.0.6\ref\net8.0\Microsoft.AspNetCore.CookiePolicy.dll".
             Reference found at search path location "{RawFileName}".
             This reference is not "CopyLocal" because at least one source item had "Private" set to "false" and no source items had "Private" set to "true".
         Primary reference "Microsoft.AspNetCore.Cors, Version=8.0.0.0, Culture=neutral, PublicKeyToken=adb9793829ddae60".
             Resolved file path is "C:\Program Files\dotnet\packs\Microsoft.AspNetCore.App.Ref\8.0.6\ref\net8.0\Microsoft.AspNetCore.Cors.dll".
             Reference found at search path location "{RawFileName}".
             This reference is not "CopyLocal" because at least one source item had "Private" set to "false" and no source items had "Private" set to "true".
         Primary reference "Microsoft.AspNetCore.DataProtection.Abstractions, Version=8.0.0.0, Culture=neutral, PublicKeyToken=adb9793829ddae60".
             Resolved file path is "C:\Program Files\dotnet\packs\Microsoft.AspNetCore.App.Ref\8.0.6\ref\net8.0\Microsoft.AspNetCore.DataProtection.Abstractions.dll".
             Reference found at search path location "{RawFileName}".
             This reference is not "CopyLocal" because at least one source item had "Private" set to "false" and no source items had "Private" set to "true".
         Primary reference "Microsoft.AspNetCore.DataProtection.Extensions, Version=8.0.0.0, Culture=neutral, PublicKeyToken=adb9793829ddae60".
             Resolved file path is "C:\Program Files\dotnet\packs\Microsoft.AspNetCore.App.Ref\8.0.6\ref\net8.0\Microsoft.AspNetCore.DataProtection.Extensions.dll".
             Reference found at search path location "{RawFileName}".
             This reference is not "CopyLocal" because at least one source item had "Private" set to "false" and no source items had "Private" set to "true".
         Primary reference "Microsoft.AspNetCore.DataProtection, Version=8.0.0.0, Culture=neutral, PublicKeyToken=adb9793829ddae60".
             Resolved file path is "C:\Program Files\dotnet\packs\Microsoft.AspNetCore.App.Ref\8.0.6\ref\net8.0\Microsoft.AspNetCore.DataProtection.dll".
             Reference found at search path location "{RawFileName}".
             This reference is not "CopyLocal" because at least one source item had "Private" set to "false" and no source items had "Private" set to "true".
         Primary reference "Microsoft.AspNetCore.Diagnostics.Abstractions, Version=8.0.0.0, Culture=neutral, PublicKeyToken=adb9793829ddae60".
             Resolved file path is "C:\Program Files\dotnet\packs\Microsoft.AspNetCore.App.Ref\8.0.6\ref\net8.0\Microsoft.AspNetCore.Diagnostics.Abstractions.dll".
             Reference found at search path location "{RawFileName}".
             This reference is not "CopyLocal" because at least one source item had "Private" set to "false" and no source items had "Private" set to "true".
         Primary reference "Microsoft.AspNetCore.Diagnostics.HealthChecks, Version=8.0.0.0, Culture=neutral, PublicKeyToken=adb9793829ddae60".
             Resolved file path is "C:\Program Files\dotnet\packs\Microsoft.AspNetCore.App.Ref\8.0.6\ref\net8.0\Microsoft.AspNetCore.Diagnostics.HealthChecks.dll".
             Reference found at search path location "{RawFileName}".
             This reference is not "CopyLocal" because at least one source item had "Private" set to "false" and no source items had "Private" set to "true".
         Primary reference "Microsoft.AspNetCore.Diagnostics, Version=8.0.0.0, Culture=neutral, PublicKeyToken=adb9793829ddae60".
             Resolved file path is "C:\Program Files\dotnet\packs\Microsoft.AspNetCore.App.Ref\8.0.6\ref\net8.0\Microsoft.AspNetCore.Diagnostics.dll".
             Reference found at search path location "{RawFileName}".
             This reference is not "CopyLocal" because at least one source item had "Private" set to "false" and no source items had "Private" set to "true".
         Primary reference "Microsoft.AspNetCore.HostFiltering, Version=8.0.0.0, Culture=neutral, PublicKeyToken=adb9793829ddae60".
             Resolved file path is "C:\Program Files\dotnet\packs\Microsoft.AspNetCore.App.Ref\8.0.6\ref\net8.0\Microsoft.AspNetCore.HostFiltering.dll".
             Reference found at search path location "{RawFileName}".
             This reference is not "CopyLocal" because at least one source item had "Private" set to "false" and no source items had "Private" set to "true".
         Primary reference "Microsoft.AspNetCore.Hosting.Abstractions, Version=8.0.0.0, Culture=neutral, PublicKeyToken=adb9793829ddae60".
             Resolved file path is "C:\Program Files\dotnet\packs\Microsoft.AspNetCore.App.Ref\8.0.6\ref\net8.0\Microsoft.AspNetCore.Hosting.Abstractions.dll".
             Reference found at search path location "{RawFileName}".
             This reference is not "CopyLocal" because at least one source item had "Private" set to "false" and no source items had "Private" set to "true".
         Primary reference "Microsoft.AspNetCore.Hosting.Server.Abstractions, Version=8.0.0.0, Culture=neutral, PublicKeyToken=adb9793829ddae60".
             Resolved file path is "C:\Program Files\dotnet\packs\Microsoft.AspNetCore.App.Ref\8.0.6\ref\net8.0\Microsoft.AspNetCore.Hosting.Server.Abstractions.dll".
             Reference found at search path location "{RawFileName}".
             This reference is not "CopyLocal" because at least one source item had "Private" set to "false" and no source items had "Private" set to "true".
         Primary reference "Microsoft.AspNetCore.Hosting, Version=8.0.0.0, Culture=neutral, PublicKeyToken=adb9793829ddae60".
             Resolved file path is "C:\Program Files\dotnet\packs\Microsoft.AspNetCore.App.Ref\8.0.6\ref\net8.0\Microsoft.AspNetCore.Hosting.dll".
             Reference found at search path location "{RawFileName}".
             This reference is not "CopyLocal" because at least one source item had "Private" set to "false" and no source items had "Private" set to "true".
         Primary reference "Microsoft.AspNetCore.Html.Abstractions, Version=8.0.0.0, Culture=neutral, PublicKeyToken=adb9793829ddae60".
             Resolved file path is "C:\Program Files\dotnet\packs\Microsoft.AspNetCore.App.Ref\8.0.6\ref\net8.0\Microsoft.AspNetCore.Html.Abstractions.dll".
             Reference found at search path location "{RawFileName}".
             This reference is not "CopyLocal" because at least one source item had "Private" set to "false" and no source items had "Private" set to "true".
         Primary reference "Microsoft.AspNetCore.Http.Abstractions, Version=8.0.0.0, Culture=neutral, PublicKeyToken=adb9793829ddae60".
             Resolved file path is "C:\Program Files\dotnet\packs\Microsoft.AspNetCore.App.Ref\8.0.6\ref\net8.0\Microsoft.AspNetCore.Http.Abstractions.dll".
             Reference found at search path location "{RawFileName}".
             This reference is not "CopyLocal" because at least one source item had "Private" set to "false" and no source items had "Private" set to "true".
         Primary reference "Microsoft.AspNetCore.Http.Connections.Common, Version=8.0.0.0, Culture=neutral, PublicKeyToken=adb9793829ddae60".
             Resolved file path is "C:\Program Files\dotnet\packs\Microsoft.AspNetCore.App.Ref\8.0.6\ref\net8.0\Microsoft.AspNetCore.Http.Connections.Common.dll".
             Reference found at search path location "{RawFileName}".
             This reference is not "CopyLocal" because at least one source item had "Private" set to "false" and no source items had "Private" set to "true".
         Primary reference "Microsoft.AspNetCore.Http.Connections, Version=8.0.0.0, Culture=neutral, PublicKeyToken=adb9793829ddae60".
             Resolved file path is "C:\Program Files\dotnet\packs\Microsoft.AspNetCore.App.Ref\8.0.6\ref\net8.0\Microsoft.AspNetCore.Http.Connections.dll".
             Reference found at search path location "{RawFileName}".
             This reference is not "CopyLocal" because at least one source item had "Private" set to "false" and no source items had "Private" set to "true".
         Primary reference "Microsoft.AspNetCore.Http.Extensions, Version=8.0.0.0, Culture=neutral, PublicKeyToken=adb9793829ddae60".
             Resolved file path is "C:\Program Files\dotnet\packs\Microsoft.AspNetCore.App.Ref\8.0.6\ref\net8.0\Microsoft.AspNetCore.Http.Extensions.dll".
             Reference found at search path location "{RawFileName}".
             This reference is not "CopyLocal" because at least one source item had "Private" set to "false" and no source items had "Private" set to "true".
         Primary reference "Microsoft.AspNetCore.Http.Features, Version=8.0.0.0, Culture=neutral, PublicKeyToken=adb9793829ddae60".
             Resolved file path is "C:\Program Files\dotnet\packs\Microsoft.AspNetCore.App.Ref\8.0.6\ref\net8.0\Microsoft.AspNetCore.Http.Features.dll".
             Reference found at search path location "{RawFileName}".
             This reference is not "CopyLocal" because at least one source item had "Private" set to "false" and no source items had "Private" set to "true".
         Primary reference "Microsoft.AspNetCore.Http.Results, Version=8.0.0.0, Culture=neutral, PublicKeyToken=adb9793829ddae60".
             Resolved file path is "C:\Program Files\dotnet\packs\Microsoft.AspNetCore.App.Ref\8.0.6\ref\net8.0\Microsoft.AspNetCore.Http.Results.dll".
             Reference found at search path location "{RawFileName}".
             This reference is not "CopyLocal" because at least one source item had "Private" set to "false" and no source items had "Private" set to "true".
         Primary reference "Microsoft.AspNetCore.Http, Version=8.0.0.0, Culture=neutral, PublicKeyToken=adb9793829ddae60".
             Resolved file path is "C:\Program Files\dotnet\packs\Microsoft.AspNetCore.App.Ref\8.0.6\ref\net8.0\Microsoft.AspNetCore.Http.dll".
             Reference found at search path location "{RawFileName}".
             This reference is not "CopyLocal" because at least one source item had "Private" set to "false" and no source items had "Private" set to "true".
         Primary reference "Microsoft.AspNetCore.HttpLogging, Version=8.0.0.0, Culture=neutral, PublicKeyToken=adb9793829ddae60".
             Resolved file path is "C:\Program Files\dotnet\packs\Microsoft.AspNetCore.App.Ref\8.0.6\ref\net8.0\Microsoft.AspNetCore.HttpLogging.dll".
             Reference found at search path location "{RawFileName}".
             This reference is not "CopyLocal" because at least one source item had "Private" set to "false" and no source items had "Private" set to "true".
         Primary reference "Microsoft.AspNetCore.HttpOverrides, Version=8.0.0.0, Culture=neutral, PublicKeyToken=adb9793829ddae60".
             Resolved file path is "C:\Program Files\dotnet\packs\Microsoft.AspNetCore.App.Ref\8.0.6\ref\net8.0\Microsoft.AspNetCore.HttpOverrides.dll".
             Reference found at search path location "{RawFileName}".
             This reference is not "CopyLocal" because at least one source item had "Private" set to "false" and no source items had "Private" set to "true".
         Primary reference "Microsoft.AspNetCore.HttpsPolicy, Version=8.0.0.0, Culture=neutral, PublicKeyToken=adb9793829ddae60".
             Resolved file path is "C:\Program Files\dotnet\packs\Microsoft.AspNetCore.App.Ref\8.0.6\ref\net8.0\Microsoft.AspNetCore.HttpsPolicy.dll".
             Reference found at search path location "{RawFileName}".
             This reference is not "CopyLocal" because at least one source item had "Private" set to "false" and no source items had "Private" set to "true".
         Primary reference "Microsoft.AspNetCore.Identity, Version=8.0.0.0, Culture=neutral, PublicKeyToken=adb9793829ddae60".
             Resolved file path is "C:\Program Files\dotnet\packs\Microsoft.AspNetCore.App.Ref\8.0.6\ref\net8.0\Microsoft.AspNetCore.Identity.dll".
             Reference found at search path location "{RawFileName}".
             This reference is not "CopyLocal" because at least one source item had "Private" set to "false" and no source items had "Private" set to "true".
         Primary reference "Microsoft.AspNetCore.Localization.Routing, Version=8.0.0.0, Culture=neutral, PublicKeyToken=adb9793829ddae60".
             Resolved file path is "C:\Program Files\dotnet\packs\Microsoft.AspNetCore.App.Ref\8.0.6\ref\net8.0\Microsoft.AspNetCore.Localization.Routing.dll".
             Reference found at search path location "{RawFileName}".
             This reference is not "CopyLocal" because at least one source item had "Private" set to "false" and no source items had "Private" set to "true".
         Primary reference "Microsoft.AspNetCore.Localization, Version=8.0.0.0, Culture=neutral, PublicKeyToken=adb9793829ddae60".
             Resolved file path is "C:\Program Files\dotnet\packs\Microsoft.AspNetCore.App.Ref\8.0.6\ref\net8.0\Microsoft.AspNetCore.Localization.dll".
             Reference found at search path location "{RawFileName}".
             This reference is not "CopyLocal" because at least one source item had "Private" set to "false" and no source items had "Private" set to "true".
         Primary reference "Microsoft.AspNetCore.Metadata, Version=8.0.0.0, Culture=neutral, PublicKeyToken=adb9793829ddae60".
             Resolved file path is "C:\Program Files\dotnet\packs\Microsoft.AspNetCore.App.Ref\8.0.6\ref\net8.0\Microsoft.AspNetCore.Metadata.dll".
             Reference found at search path location "{RawFileName}".
             This reference is not "CopyLocal" because at least one source item had "Private" set to "false" and no source items had "Private" set to "true".
         Primary reference "Microsoft.AspNetCore.Mvc.Abstractions, Version=8.0.0.0, Culture=neutral, PublicKeyToken=adb9793829ddae60".
             Resolved file path is "C:\Program Files\dotnet\packs\Microsoft.AspNetCore.App.Ref\8.0.6\ref\net8.0\Microsoft.AspNetCore.Mvc.Abstractions.dll".
             Reference found at search path location "{RawFileName}".
             This reference is not "CopyLocal" because at least one source item had "Private" set to "false" and no source items had "Private" set to "true".
         Primary reference "Microsoft.AspNetCore.Mvc.ApiExplorer, Version=8.0.0.0, Culture=neutral, PublicKeyToken=adb9793829ddae60".
             Resolved file path is "C:\Program Files\dotnet\packs\Microsoft.AspNetCore.App.Ref\8.0.6\ref\net8.0\Microsoft.AspNetCore.Mvc.ApiExplorer.dll".
             Reference found at search path location "{RawFileName}".
             This reference is not "CopyLocal" because at least one source item had "Private" set to "false" and no source items had "Private" set to "true".
         Primary reference "Microsoft.AspNetCore.Mvc.Core, Version=8.0.0.0, Culture=neutral, PublicKeyToken=adb9793829ddae60".
             Resolved file path is "C:\Program Files\dotnet\packs\Microsoft.AspNetCore.App.Ref\8.0.6\ref\net8.0\Microsoft.AspNetCore.Mvc.Core.dll".
             Reference found at search path location "{RawFileName}".
             This reference is not "CopyLocal" because at least one source item had "Private" set to "false" and no source items had "Private" set to "true".
         Primary reference "Microsoft.AspNetCore.Mvc.Cors, Version=8.0.0.0, Culture=neutral, PublicKeyToken=adb9793829ddae60".
             Resolved file path is "C:\Program Files\dotnet\packs\Microsoft.AspNetCore.App.Ref\8.0.6\ref\net8.0\Microsoft.AspNetCore.Mvc.Cors.dll".
             Reference found at search path location "{RawFileName}".
             This reference is not "CopyLocal" because at least one source item had "Private" set to "false" and no source items had "Private" set to "true".
         Primary reference "Microsoft.AspNetCore.Mvc.DataAnnotations, Version=8.0.0.0, Culture=neutral, PublicKeyToken=adb9793829ddae60".
             Resolved file path is "C:\Program Files\dotnet\packs\Microsoft.AspNetCore.App.Ref\8.0.6\ref\net8.0\Microsoft.AspNetCore.Mvc.DataAnnotations.dll".
             Reference found at search path location "{RawFileName}".
             This reference is not "CopyLocal" because at least one source item had "Private" set to "false" and no source items had "Private" set to "true".
         Primary reference "Microsoft.AspNetCore.Mvc.Formatters.Json, Version=8.0.0.0, Culture=neutral, PublicKeyToken=adb9793829ddae60".
             Resolved file path is "C:\Program Files\dotnet\packs\Microsoft.AspNetCore.App.Ref\8.0.6\ref\net8.0\Microsoft.AspNetCore.Mvc.Formatters.Json.dll".
             Reference found at search path location "{RawFileName}".
             This reference is not "CopyLocal" because at least one source item had "Private" set to "false" and no source items had "Private" set to "true".
         Primary reference "Microsoft.AspNetCore.Mvc.Formatters.Xml, Version=8.0.0.0, Culture=neutral, PublicKeyToken=adb9793829ddae60".
             Resolved file path is "C:\Program Files\dotnet\packs\Microsoft.AspNetCore.App.Ref\8.0.6\ref\net8.0\Microsoft.AspNetCore.Mvc.Formatters.Xml.dll".
             Reference found at search path location "{RawFileName}".
             This reference is not "CopyLocal" because at least one source item had "Private" set to "false" and no source items had "Private" set to "true".
         Primary reference "Microsoft.AspNetCore.Mvc.Localization, Version=8.0.0.0, Culture=neutral, PublicKeyToken=adb9793829ddae60".
             Resolved file path is "C:\Program Files\dotnet\packs\Microsoft.AspNetCore.App.Ref\8.0.6\ref\net8.0\Microsoft.AspNetCore.Mvc.Localization.dll".
             Reference found at search path location "{RawFileName}".
             This reference is not "CopyLocal" because at least one source item had "Private" set to "false" and no source items had "Private" set to "true".
         Primary reference "Microsoft.AspNetCore.Mvc.Razor, Version=8.0.0.0, Culture=neutral, PublicKeyToken=adb9793829ddae60".
             Resolved file path is "C:\Program Files\dotnet\packs\Microsoft.AspNetCore.App.Ref\8.0.6\ref\net8.0\Microsoft.AspNetCore.Mvc.Razor.dll".
             Reference found at search path location "{RawFileName}".
             This reference is not "CopyLocal" because at least one source item had "Private" set to "false" and no source items had "Private" set to "true".
         Primary reference "Microsoft.AspNetCore.Mvc.RazorPages, Version=8.0.0.0, Culture=neutral, PublicKeyToken=adb9793829ddae60".
             Resolved file path is "C:\Program Files\dotnet\packs\Microsoft.AspNetCore.App.Ref\8.0.6\ref\net8.0\Microsoft.AspNetCore.Mvc.RazorPages.dll".
             Reference found at search path location "{RawFileName}".
             This reference is not "CopyLocal" because at least one source item had "Private" set to "false" and no source items had "Private" set to "true".
         Primary reference "Microsoft.AspNetCore.Mvc.TagHelpers, Version=8.0.0.0, Culture=neutral, PublicKeyToken=adb9793829ddae60".
             Resolved file path is "C:\Program Files\dotnet\packs\Microsoft.AspNetCore.App.Ref\8.0.6\ref\net8.0\Microsoft.AspNetCore.Mvc.TagHelpers.dll".
             Reference found at search path location "{RawFileName}".
             This reference is not "CopyLocal" because at least one source item had "Private" set to "false" and no source items had "Private" set to "true".
         Primary reference "Microsoft.AspNetCore.Mvc.ViewFeatures, Version=8.0.0.0, Culture=neutral, PublicKeyToken=adb9793829ddae60".
             Resolved file path is "C:\Program Files\dotnet\packs\Microsoft.AspNetCore.App.Ref\8.0.6\ref\net8.0\Microsoft.AspNetCore.Mvc.ViewFeatures.dll".
             Reference found at search path location "{RawFileName}".
             This reference is not "CopyLocal" because at least one source item had "Private" set to "false" and no source items had "Private" set to "true".
         Primary reference "Microsoft.AspNetCore.Mvc, Version=8.0.0.0, Culture=neutral, PublicKeyToken=adb9793829ddae60".
             Resolved file path is "C:\Program Files\dotnet\packs\Microsoft.AspNetCore.App.Ref\8.0.6\ref\net8.0\Microsoft.AspNetCore.Mvc.dll".
             Reference found at search path location "{RawFileName}".
             This reference is not "CopyLocal" because at least one source item had "Private" set to "false" and no source items had "Private" set to "true".
         Primary reference "Microsoft.AspNetCore.OutputCaching, Version=8.0.0.0, Culture=neutral, PublicKeyToken=adb9793829ddae60".
             Resolved file path is "C:\Program Files\dotnet\packs\Microsoft.AspNetCore.App.Ref\8.0.6\ref\net8.0\Microsoft.AspNetCore.OutputCaching.dll".
             Reference found at search path location "{RawFileName}".
             This reference is not "CopyLocal" because at least one source item had "Private" set to "false" and no source items had "Private" set to "true".
         Primary reference "Microsoft.AspNetCore.RateLimiting, Version=8.0.0.0, Culture=neutral, PublicKeyToken=adb9793829ddae60".
             Resolved file path is "C:\Program Files\dotnet\packs\Microsoft.AspNetCore.App.Ref\8.0.6\ref\net8.0\Microsoft.AspNetCore.RateLimiting.dll".
             Reference found at search path location "{RawFileName}".
             This reference is not "CopyLocal" because at least one source item had "Private" set to "false" and no source items had "Private" set to "true".
         Primary reference "Microsoft.AspNetCore.Razor.Runtime, Version=8.0.0.0, Culture=neutral, PublicKeyToken=adb9793829ddae60".
             Resolved file path is "C:\Program Files\dotnet\packs\Microsoft.AspNetCore.App.Ref\8.0.6\ref\net8.0\Microsoft.AspNetCore.Razor.Runtime.dll".
             Reference found at search path location "{RawFileName}".
             This reference is not "CopyLocal" because at least one source item had "Private" set to "false" and no source items had "Private" set to "true".
         Primary reference "Microsoft.AspNetCore.Razor, Version=8.0.0.0, Culture=neutral, PublicKeyToken=adb9793829ddae60".
             Resolved file path is "C:\Program Files\dotnet\packs\Microsoft.AspNetCore.App.Ref\8.0.6\ref\net8.0\Microsoft.AspNetCore.Razor.dll".
             Reference found at search path location "{RawFileName}".
             This reference is not "CopyLocal" because at least one source item had "Private" set to "false" and no source items had "Private" set to "true".
         Primary reference "Microsoft.AspNetCore.RequestDecompression, Version=8.0.0.0, Culture=neutral, PublicKeyToken=adb9793829ddae60".
             Resolved file path is "C:\Program Files\dotnet\packs\Microsoft.AspNetCore.App.Ref\8.0.6\ref\net8.0\Microsoft.AspNetCore.RequestDecompression.dll".
             Reference found at search path location "{RawFileName}".
             This reference is not "CopyLocal" because at least one source item had "Private" set to "false" and no source items had "Private" set to "true".
         Primary reference "Microsoft.AspNetCore.ResponseCaching.Abstractions, Version=8.0.0.0, Culture=neutral, PublicKeyToken=adb9793829ddae60".
             Resolved file path is "C:\Program Files\dotnet\packs\Microsoft.AspNetCore.App.Ref\8.0.6\ref\net8.0\Microsoft.AspNetCore.ResponseCaching.Abstractions.dll".
             Reference found at search path location "{RawFileName}".
             This reference is not "CopyLocal" because at least one source item had "Private" set to "false" and no source items had "Private" set to "true".
         Primary reference "Microsoft.AspNetCore.ResponseCaching, Version=8.0.0.0, Culture=neutral, PublicKeyToken=adb9793829ddae60".
             Resolved file path is "C:\Program Files\dotnet\packs\Microsoft.AspNetCore.App.Ref\8.0.6\ref\net8.0\Microsoft.AspNetCore.ResponseCaching.dll".
             Reference found at search path location "{RawFileName}".
             This reference is not "CopyLocal" because at least one source item had "Private" set to "false" and no source items had "Private" set to "true".
         Primary reference "Microsoft.AspNetCore.ResponseCompression, Version=8.0.0.0, Culture=neutral, PublicKeyToken=adb9793829ddae60".
             Resolved file path is "C:\Program Files\dotnet\packs\Microsoft.AspNetCore.App.Ref\8.0.6\ref\net8.0\Microsoft.AspNetCore.ResponseCompression.dll".
             Reference found at search path location "{RawFileName}".
             This reference is not "CopyLocal" because at least one source item had "Private" set to "false" and no source items had "Private" set to "true".
         Primary reference "Microsoft.AspNetCore.Rewrite, Version=8.0.0.0, Culture=neutral, PublicKeyToken=adb9793829ddae60".
             Resolved file path is "C:\Program Files\dotnet\packs\Microsoft.AspNetCore.App.Ref\8.0.6\ref\net8.0\Microsoft.AspNetCore.Rewrite.dll".
             Reference found at search path location "{RawFileName}".
             This reference is not "CopyLocal" because at least one source item had "Private" set to "false" and no source items had "Private" set to "true".
         Primary reference "Microsoft.AspNetCore.Routing.Abstractions, Version=8.0.0.0, Culture=neutral, PublicKeyToken=adb9793829ddae60".
             Resolved file path is "C:\Program Files\dotnet\packs\Microsoft.AspNetCore.App.Ref\8.0.6\ref\net8.0\Microsoft.AspNetCore.Routing.Abstractions.dll".
             Reference found at search path location "{RawFileName}".
             This reference is not "CopyLocal" because at least one source item had "Private" set to "false" and no source items had "Private" set to "true".
         Primary reference "Microsoft.AspNetCore.Routing, Version=8.0.0.0, Culture=neutral, PublicKeyToken=adb9793829ddae60".
             Resolved file path is "C:\Program Files\dotnet\packs\Microsoft.AspNetCore.App.Ref\8.0.6\ref\net8.0\Microsoft.AspNetCore.Routing.dll".
             Reference found at search path location "{RawFileName}".
             This reference is not "CopyLocal" because at least one source item had "Private" set to "false" and no source items had "Private" set to "true".
         Primary reference "Microsoft.AspNetCore.Server.HttpSys, Version=8.0.0.0, Culture=neutral, PublicKeyToken=adb9793829ddae60".
             Resolved file path is "C:\Program Files\dotnet\packs\Microsoft.AspNetCore.App.Ref\8.0.6\ref\net8.0\Microsoft.AspNetCore.Server.HttpSys.dll".
             Reference found at search path location "{RawFileName}".
             This reference is not "CopyLocal" because at least one source item had "Private" set to "false" and no source items had "Private" set to "true".
         Primary reference "Microsoft.AspNetCore.Server.IIS, Version=8.0.0.0, Culture=neutral, PublicKeyToken=adb9793829ddae60".
             Resolved file path is "C:\Program Files\dotnet\packs\Microsoft.AspNetCore.App.Ref\8.0.6\ref\net8.0\Microsoft.AspNetCore.Server.IIS.dll".
             Reference found at search path location "{RawFileName}".
             This reference is not "CopyLocal" because at least one source item had "Private" set to "false" and no source items had "Private" set to "true".
         Primary reference "Microsoft.AspNetCore.Server.IISIntegration, Version=8.0.0.0, Culture=neutral, PublicKeyToken=adb9793829ddae60".
             Resolved file path is "C:\Program Files\dotnet\packs\Microsoft.AspNetCore.App.Ref\8.0.6\ref\net8.0\Microsoft.AspNetCore.Server.IISIntegration.dll".
             Reference found at search path location "{RawFileName}".
             This reference is not "CopyLocal" because at least one source item had "Private" set to "false" and no source items had "Private" set to "true".
         Primary reference "Microsoft.AspNetCore.Server.Kestrel.Core, Version=8.0.0.0, Culture=neutral, PublicKeyToken=adb9793829ddae60".
             Resolved file path is "C:\Program Files\dotnet\packs\Microsoft.AspNetCore.App.Ref\8.0.6\ref\net8.0\Microsoft.AspNetCore.Server.Kestrel.Core.dll".
             Reference found at search path location "{RawFileName}".
             This reference is not "CopyLocal" because at least one source item had "Private" set to "false" and no source items had "Private" set to "true".
         Primary reference "Microsoft.AspNetCore.Server.Kestrel.Transport.NamedPipes, Version=8.0.0.0, Culture=neutral, PublicKeyToken=adb9793829ddae60".
             Resolved file path is "C:\Program Files\dotnet\packs\Microsoft.AspNetCore.App.Ref\8.0.6\ref\net8.0\Microsoft.AspNetCore.Server.Kestrel.Transport.NamedPipes.dll".
             Reference found at search path location "{RawFileName}".
             This reference is not "CopyLocal" because at least one source item had "Private" set to "false" and no source items had "Private" set to "true".
         Primary reference "Microsoft.AspNetCore.Server.Kestrel.Transport.Quic, Version=8.0.0.0, Culture=neutral, PublicKeyToken=adb9793829ddae60".
             Resolved file path is "C:\Program Files\dotnet\packs\Microsoft.AspNetCore.App.Ref\8.0.6\ref\net8.0\Microsoft.AspNetCore.Server.Kestrel.Transport.Quic.dll".
             Reference found at search path location "{RawFileName}".
             This reference is not "CopyLocal" because at least one source item had "Private" set to "false" and no source items had "Private" set to "true".
         Primary reference "Microsoft.AspNetCore.Server.Kestrel.Transport.Sockets, Version=8.0.0.0, Culture=neutral, PublicKeyToken=adb9793829ddae60".
             Resolved file path is "C:\Program Files\dotnet\packs\Microsoft.AspNetCore.App.Ref\8.0.6\ref\net8.0\Microsoft.AspNetCore.Server.Kestrel.Transport.Sockets.dll".
             Reference found at search path location "{RawFileName}".
             This reference is not "CopyLocal" because at least one source item had "Private" set to "false" and no source items had "Private" set to "true".
         Primary reference "Microsoft.AspNetCore.Server.Kestrel, Version=8.0.0.0, Culture=neutral, PublicKeyToken=adb9793829ddae60".
             Resolved file path is "C:\Program Files\dotnet\packs\Microsoft.AspNetCore.App.Ref\8.0.6\ref\net8.0\Microsoft.AspNetCore.Server.Kestrel.dll".
             Reference found at search path location "{RawFileName}".
             This reference is not "CopyLocal" because at least one source item had "Private" set to "false" and no source items had "Private" set to "true".
         Primary reference "Microsoft.AspNetCore.Session, Version=8.0.0.0, Culture=neutral, PublicKeyToken=adb9793829ddae60".
             Resolved file path is "C:\Program Files\dotnet\packs\Microsoft.AspNetCore.App.Ref\8.0.6\ref\net8.0\Microsoft.AspNetCore.Session.dll".
             Reference found at search path location "{RawFileName}".
             This reference is not "CopyLocal" because at least one source item had "Private" set to "false" and no source items had "Private" set to "true".
         Primary reference "Microsoft.AspNetCore.SignalR.Common, Version=8.0.0.0, Culture=neutral, PublicKeyToken=adb9793829ddae60".
             Resolved file path is "C:\Program Files\dotnet\packs\Microsoft.AspNetCore.App.Ref\8.0.6\ref\net8.0\Microsoft.AspNetCore.SignalR.Common.dll".
             Reference found at search path location "{RawFileName}".
             This reference is not "CopyLocal" because at least one source item had "Private" set to "false" and no source items had "Private" set to "true".
         Primary reference "Microsoft.AspNetCore.SignalR.Core, Version=8.0.0.0, Culture=neutral, PublicKeyToken=adb9793829ddae60".
             Resolved file path is "C:\Program Files\dotnet\packs\Microsoft.AspNetCore.App.Ref\8.0.6\ref\net8.0\Microsoft.AspNetCore.SignalR.Core.dll".
             Reference found at search path location "{RawFileName}".
             This reference is not "CopyLocal" because at least one source item had "Private" set to "false" and no source items had "Private" set to "true".
         Primary reference "Microsoft.AspNetCore.SignalR.Protocols.Json, Version=8.0.0.0, Culture=neutral, PublicKeyToken=adb9793829ddae60".
             Resolved file path is "C:\Program Files\dotnet\packs\Microsoft.AspNetCore.App.Ref\8.0.6\ref\net8.0\Microsoft.AspNetCore.SignalR.Protocols.Json.dll".
             Reference found at search path location "{RawFileName}".
             This reference is not "CopyLocal" because at least one source item had "Private" set to "false" and no source items had "Private" set to "true".
         Primary reference "Microsoft.AspNetCore.SignalR, Version=8.0.0.0, Culture=neutral, PublicKeyToken=adb9793829ddae60".
             Resolved file path is "C:\Program Files\dotnet\packs\Microsoft.AspNetCore.App.Ref\8.0.6\ref\net8.0\Microsoft.AspNetCore.SignalR.dll".
             Reference found at search path location "{RawFileName}".
             This reference is not "CopyLocal" because at least one source item had "Private" set to "false" and no source items had "Private" set to "true".
         Primary reference "Microsoft.AspNetCore.StaticFiles, Version=8.0.0.0, Culture=neutral, PublicKeyToken=adb9793829ddae60".
             Resolved file path is "C:\Program Files\dotnet\packs\Microsoft.AspNetCore.App.Ref\8.0.6\ref\net8.0\Microsoft.AspNetCore.StaticFiles.dll".
             Reference found at search path location "{RawFileName}".
             This reference is not "CopyLocal" because at least one source item had "Private" set to "false" and no source items had "Private" set to "true".
         Primary reference "Microsoft.AspNetCore.WebSockets, Version=8.0.0.0, Culture=neutral, PublicKeyToken=adb9793829ddae60".
             Resolved file path is "C:\Program Files\dotnet\packs\Microsoft.AspNetCore.App.Ref\8.0.6\ref\net8.0\Microsoft.AspNetCore.WebSockets.dll".
             Reference found at search path location "{RawFileName}".
             This reference is not "CopyLocal" because at least one source item had "Private" set to "false" and no source items had "Private" set to "true".
         Primary reference "Microsoft.AspNetCore.WebUtilities, Version=8.0.0.0, Culture=neutral, PublicKeyToken=adb9793829ddae60".
             Resolved file path is "C:\Program Files\dotnet\packs\Microsoft.AspNetCore.App.Ref\8.0.6\ref\net8.0\Microsoft.AspNetCore.WebUtilities.dll".
             Reference found at search path location "{RawFileName}".
             This reference is not "CopyLocal" because at least one source item had "Private" set to "false" and no source items had "Private" set to "true".
         Primary reference "Microsoft.AspNetCore, Version=8.0.0.0, Culture=neutral, PublicKeyToken=adb9793829ddae60".
             Resolved file path is "C:\Program Files\dotnet\packs\Microsoft.AspNetCore.App.Ref\8.0.6\ref\net8.0\Microsoft.AspNetCore.dll".
             Reference found at search path location "{RawFileName}".
             This reference is not "CopyLocal" because at least one source item had "Private" set to "false" and no source items had "Private" set to "true".
         Primary reference "Microsoft.Extensions.Caching.Abstractions, Version=8.0.0.0, Culture=neutral, PublicKeyToken=adb9793829ddae60".
             Resolved file path is "C:\Program Files\dotnet\packs\Microsoft.AspNetCore.App.Ref\8.0.6\ref\net8.0\Microsoft.Extensions.Caching.Abstractions.dll".
             Reference found at search path location "{RawFileName}".
             This reference is not "CopyLocal" because at least one source item had "Private" set to "false" and no source items had "Private" set to "true".
         Primary reference "Microsoft.Extensions.Configuration.CommandLine, Version=8.0.0.0, Culture=neutral, PublicKeyToken=adb9793829ddae60".
             Resolved file path is "C:\Program Files\dotnet\packs\Microsoft.AspNetCore.App.Ref\8.0.6\ref\net8.0\Microsoft.Extensions.Configuration.CommandLine.dll".
             Reference found at search path location "{RawFileName}".
             This reference is not "CopyLocal" because at least one source item had "Private" set to "false" and no source items had "Private" set to "true".
         Primary reference "Microsoft.Extensions.Configuration.EnvironmentVariables, Version=8.0.0.0, Culture=neutral, PublicKeyToken=adb9793829ddae60".
             Resolved file path is "C:\Program Files\dotnet\packs\Microsoft.AspNetCore.App.Ref\8.0.6\ref\net8.0\Microsoft.Extensions.Configuration.EnvironmentVariables.dll".
             Reference found at search path location "{RawFileName}".
             This reference is not "CopyLocal" because at least one source item had "Private" set to "false" and no source items had "Private" set to "true".
         Primary reference "Microsoft.Extensions.Configuration.FileExtensions, Version=8.0.0.0, Culture=neutral, PublicKeyToken=adb9793829ddae60".
             Resolved file path is "C:\Program Files\dotnet\packs\Microsoft.AspNetCore.App.Ref\8.0.6\ref\net8.0\Microsoft.Extensions.Configuration.FileExtensions.dll".
             Reference found at search path location "{RawFileName}".
             This reference is not "CopyLocal" because at least one source item had "Private" set to "false" and no source items had "Private" set to "true".
         Primary reference "Microsoft.Extensions.Configuration.Ini, Version=8.0.0.0, Culture=neutral, PublicKeyToken=adb9793829ddae60".
             Resolved file path is "C:\Program Files\dotnet\packs\Microsoft.AspNetCore.App.Ref\8.0.6\ref\net8.0\Microsoft.Extensions.Configuration.Ini.dll".
             Reference found at search path location "{RawFileName}".
             This reference is not "CopyLocal" because at least one source item had "Private" set to "false" and no source items had "Private" set to "true".
         Primary reference "Microsoft.Extensions.Configuration.Json, Version=8.0.0.0, Culture=neutral, PublicKeyToken=adb9793829ddae60".
             Resolved file path is "C:\Program Files\dotnet\packs\Microsoft.AspNetCore.App.Ref\8.0.6\ref\net8.0\Microsoft.Extensions.Configuration.Json.dll".
             Reference found at search path location "{RawFileName}".
             This reference is not "CopyLocal" because at least one source item had "Private" set to "false" and no source items had "Private" set to "true".
         Primary reference "Microsoft.Extensions.Configuration.KeyPerFile, Version=8.0.0.0, Culture=neutral, PublicKeyToken=adb9793829ddae60".
             Resolved file path is "C:\Program Files\dotnet\packs\Microsoft.AspNetCore.App.Ref\8.0.6\ref\net8.0\Microsoft.Extensions.Configuration.KeyPerFile.dll".
             Reference found at search path location "{RawFileName}".
             This reference is not "CopyLocal" because at least one source item had "Private" set to "false" and no source items had "Private" set to "true".
         Primary reference "Microsoft.Extensions.Configuration.UserSecrets, Version=8.0.0.0, Culture=neutral, PublicKeyToken=adb9793829ddae60".
             Resolved file path is "C:\Program Files\dotnet\packs\Microsoft.AspNetCore.App.Ref\8.0.6\ref\net8.0\Microsoft.Extensions.Configuration.UserSecrets.dll".
             Reference found at search path location "{RawFileName}".
             This reference is not "CopyLocal" because at least one source item had "Private" set to "false" and no source items had "Private" set to "true".
         Primary reference "Microsoft.Extensions.Configuration.Xml, Version=8.0.0.0, Culture=neutral, PublicKeyToken=adb9793829ddae60".
             Resolved file path is "C:\Program Files\dotnet\packs\Microsoft.AspNetCore.App.Ref\8.0.6\ref\net8.0\Microsoft.Extensions.Configuration.Xml.dll".
             Reference found at search path location "{RawFileName}".
             This reference is not "CopyLocal" because at least one source item had "Private" set to "false" and no source items had "Private" set to "true".
         Primary reference "Microsoft.Extensions.DependencyInjection.Abstractions, Version=8.0.0.0, Culture=neutral, PublicKeyToken=adb9793829ddae60".
             Resolved file path is "C:\Program Files\dotnet\packs\Microsoft.AspNetCore.App.Ref\8.0.6\ref\net8.0\Microsoft.Extensions.DependencyInjection.Abstractions.dll".
             Reference found at search path location "{RawFileName}".
             This reference is not "CopyLocal" because at least one source item had "Private" set to "false" and no source items had "Private" set to "true".
         Primary reference "Microsoft.Extensions.Diagnostics.HealthChecks.Abstractions, Version=8.0.0.0, Culture=neutral, PublicKeyToken=adb9793829ddae60".
             Resolved file path is "C:\Program Files\dotnet\packs\Microsoft.AspNetCore.App.Ref\8.0.6\ref\net8.0\Microsoft.Extensions.Diagnostics.HealthChecks.Abstractions.dll".
             Reference found at search path location "{RawFileName}".
             This reference is not "CopyLocal" because at least one source item had "Private" set to "false" and no source items had "Private" set to "true".
         Primary reference "Microsoft.Extensions.Diagnostics.HealthChecks, Version=8.0.0.0, Culture=neutral, PublicKeyToken=adb9793829ddae60".
             Resolved file path is "C:\Program Files\dotnet\packs\Microsoft.AspNetCore.App.Ref\8.0.6\ref\net8.0\Microsoft.Extensions.Diagnostics.HealthChecks.dll".
             Reference found at search path location "{RawFileName}".
             This reference is not "CopyLocal" because at least one source item had "Private" set to "false" and no source items had "Private" set to "true".
         Primary reference "Microsoft.Extensions.Features, Version=8.0.0.0, Culture=neutral, PublicKeyToken=adb9793829ddae60".
             Resolved file path is "C:\Program Files\dotnet\packs\Microsoft.AspNetCore.App.Ref\8.0.6\ref\net8.0\Microsoft.Extensions.Features.dll".
             Reference found at search path location "{RawFileName}".
             This reference is not "CopyLocal" because at least one source item had "Private" set to "false" and no source items had "Private" set to "true".
         Primary reference "Microsoft.Extensions.FileProviders.Abstractions, Version=8.0.0.0, Culture=neutral, PublicKeyToken=adb9793829ddae60".
             Resolved file path is "C:\Program Files\dotnet\packs\Microsoft.AspNetCore.App.Ref\8.0.6\ref\net8.0\Microsoft.Extensions.FileProviders.Abstractions.dll".
             Reference found at search path location "{RawFileName}".
             This reference is not "CopyLocal" because at least one source item had "Private" set to "false" and no source items had "Private" set to "true".
         Primary reference "Microsoft.Extensions.FileProviders.Composite, Version=8.0.0.0, Culture=neutral, PublicKeyToken=adb9793829ddae60".
             Resolved file path is "C:\Program Files\dotnet\packs\Microsoft.AspNetCore.App.Ref\8.0.6\ref\net8.0\Microsoft.Extensions.FileProviders.Composite.dll".
             Reference found at search path location "{RawFileName}".
             This reference is not "CopyLocal" because at least one source item had "Private" set to "false" and no source items had "Private" set to "true".
         Primary reference "Microsoft.Extensions.FileProviders.Embedded, Version=8.0.0.0, Culture=neutral, PublicKeyToken=adb9793829ddae60".
             Resolved file path is "C:\Program Files\dotnet\packs\Microsoft.AspNetCore.App.Ref\8.0.6\ref\net8.0\Microsoft.Extensions.FileProviders.Embedded.dll".
             Reference found at search path location "{RawFileName}".
             This reference is not "CopyLocal" because at least one source item had "Private" set to "false" and no source items had "Private" set to "true".
         Primary reference "Microsoft.Extensions.FileProviders.Physical, Version=8.0.0.0, Culture=neutral, PublicKeyToken=adb9793829ddae60".
             Resolved file path is "C:\Program Files\dotnet\packs\Microsoft.AspNetCore.App.Ref\8.0.6\ref\net8.0\Microsoft.Extensions.FileProviders.Physical.dll".
             Reference found at search path location "{RawFileName}".
             This reference is not "CopyLocal" because at least one source item had "Private" set to "false" and no source items had "Private" set to "true".
         Primary reference "Microsoft.Extensions.FileSystemGlobbing, Version=8.0.0.0, Culture=neutral, PublicKeyToken=adb9793829ddae60".
             Resolved file path is "C:\Program Files\dotnet\packs\Microsoft.AspNetCore.App.Ref\8.0.6\ref\net8.0\Microsoft.Extensions.FileSystemGlobbing.dll".
             Reference found at search path location "{RawFileName}".
             This reference is not "CopyLocal" because at least one source item had "Private" set to "false" and no source items had "Private" set to "true".
         Primary reference "Microsoft.Extensions.Hosting.Abstractions, Version=8.0.0.0, Culture=neutral, PublicKeyToken=adb9793829ddae60".
             Resolved file path is "C:\Program Files\dotnet\packs\Microsoft.AspNetCore.App.Ref\8.0.6\ref\net8.0\Microsoft.Extensions.Hosting.Abstractions.dll".
             Reference found at search path location "{RawFileName}".
             This reference is not "CopyLocal" because at least one source item had "Private" set to "false" and no source items had "Private" set to "true".
         Primary reference "Microsoft.Extensions.Hosting, Version=8.0.0.0, Culture=neutral, PublicKeyToken=adb9793829ddae60".
             Resolved file path is "C:\Program Files\dotnet\packs\Microsoft.AspNetCore.App.Ref\8.0.6\ref\net8.0\Microsoft.Extensions.Hosting.dll".
             Reference found at search path location "{RawFileName}".
             This reference is not "CopyLocal" because at least one source item had "Private" set to "false" and no source items had "Private" set to "true".
         Primary reference "Microsoft.Extensions.Localization.Abstractions, Version=8.0.0.0, Culture=neutral, PublicKeyToken=adb9793829ddae60".
             Resolved file path is "C:\Program Files\dotnet\packs\Microsoft.AspNetCore.App.Ref\8.0.6\ref\net8.0\Microsoft.Extensions.Localization.Abstractions.dll".
             Reference found at search path location "{RawFileName}".
             This reference is not "CopyLocal" because at least one source item had "Private" set to "false" and no source items had "Private" set to "true".
         Primary reference "Microsoft.Extensions.Localization, Version=8.0.0.0, Culture=neutral, PublicKeyToken=adb9793829ddae60".
             Resolved file path is "C:\Program Files\dotnet\packs\Microsoft.AspNetCore.App.Ref\8.0.6\ref\net8.0\Microsoft.Extensions.Localization.dll".
             Reference found at search path location "{RawFileName}".
             This reference is not "CopyLocal" because at least one source item had "Private" set to "false" and no source items had "Private" set to "true".
         Primary reference "Microsoft.Extensions.Logging.Configuration, Version=8.0.0.0, Culture=neutral, PublicKeyToken=adb9793829ddae60".
             Resolved file path is "C:\Program Files\dotnet\packs\Microsoft.AspNetCore.App.Ref\8.0.6\ref\net8.0\Microsoft.Extensions.Logging.Configuration.dll".
             Reference found at search path location "{RawFileName}".
             This reference is not "CopyLocal" because at least one source item had "Private" set to "false" and no source items had "Private" set to "true".
         Primary reference "Microsoft.Extensions.Logging.Console, Version=8.0.0.0, Culture=neutral, PublicKeyToken=adb9793829ddae60".
             Resolved file path is "C:\Program Files\dotnet\packs\Microsoft.AspNetCore.App.Ref\8.0.6\ref\net8.0\Microsoft.Extensions.Logging.Console.dll".
             Reference found at search path location "{RawFileName}".
             This reference is not "CopyLocal" because at least one source item had "Private" set to "false" and no source items had "Private" set to "true".
         Primary reference "Microsoft.Extensions.Logging.Debug, Version=8.0.0.0, Culture=neutral, PublicKeyToken=adb9793829ddae60".
             Resolved file path is "C:\Program Files\dotnet\packs\Microsoft.AspNetCore.App.Ref\8.0.6\ref\net8.0\Microsoft.Extensions.Logging.Debug.dll".
             Reference found at search path location "{RawFileName}".
             This reference is not "CopyLocal" because at least one source item had "Private" set to "false" and no source items had "Private" set to "true".
         Primary reference "Microsoft.Extensions.Logging.EventLog, Version=8.0.0.0, Culture=neutral, PublicKeyToken=adb9793829ddae60".
             Resolved file path is "C:\Program Files\dotnet\packs\Microsoft.AspNetCore.App.Ref\8.0.6\ref\net8.0\Microsoft.Extensions.Logging.EventLog.dll".
             Reference found at search path location "{RawFileName}".
             This reference is not "CopyLocal" because at least one source item had "Private" set to "false" and no source items had "Private" set to "true".
         Primary reference "Microsoft.Extensions.Logging.EventSource, Version=8.0.0.0, Culture=neutral, PublicKeyToken=adb9793829ddae60".
             Resolved file path is "C:\Program Files\dotnet\packs\Microsoft.AspNetCore.App.Ref\8.0.6\ref\net8.0\Microsoft.Extensions.Logging.EventSource.dll".
             Reference found at search path location "{RawFileName}".
             This reference is not "CopyLocal" because at least one source item had "Private" set to "false" and no source items had "Private" set to "true".
         Primary reference "Microsoft.Extensions.Logging.TraceSource, Version=8.0.0.0, Culture=neutral, PublicKeyToken=adb9793829ddae60".
             Resolved file path is "C:\Program Files\dotnet\packs\Microsoft.AspNetCore.App.Ref\8.0.6\ref\net8.0\Microsoft.Extensions.Logging.TraceSource.dll".
             Reference found at search path location "{RawFileName}".
             This reference is not "CopyLocal" because at least one source item had "Private" set to "false" and no source items had "Private" set to "true".
         Primary reference "Microsoft.Extensions.ObjectPool, Version=8.0.0.0, Culture=neutral, PublicKeyToken=adb9793829ddae60".
             Resolved file path is "C:\Program Files\dotnet\packs\Microsoft.AspNetCore.App.Ref\8.0.6\ref\net8.0\Microsoft.Extensions.ObjectPool.dll".
             Reference found at search path location "{RawFileName}".
             This reference is not "CopyLocal" because at least one source item had "Private" set to "false" and no source items had "Private" set to "true".
         Primary reference "Microsoft.Extensions.Options.DataAnnotations, Version=8.0.0.0, Culture=neutral, PublicKeyToken=adb9793829ddae60".
             Resolved file path is "C:\Program Files\dotnet\packs\Microsoft.AspNetCore.App.Ref\8.0.6\ref\net8.0\Microsoft.Extensions.Options.DataAnnotations.dll".
             Reference found at search path location "{RawFileName}".
             This reference is not "CopyLocal" because at least one source item had "Private" set to "false" and no source items had "Private" set to "true".
         Primary reference "Microsoft.Extensions.WebEncoders, Version=8.0.0.0, Culture=neutral, PublicKeyToken=adb9793829ddae60".
             Resolved file path is "C:\Program Files\dotnet\packs\Microsoft.AspNetCore.App.Ref\8.0.6\ref\net8.0\Microsoft.Extensions.WebEncoders.dll".
             Reference found at search path location "{RawFileName}".
             This reference is not "CopyLocal" because at least one source item had "Private" set to "false" and no source items had "Private" set to "true".
         Primary reference "Microsoft.JSInterop, Version=8.0.0.0, Culture=neutral, PublicKeyToken=adb9793829ddae60".
             Resolved file path is "C:\Program Files\dotnet\packs\Microsoft.AspNetCore.App.Ref\8.0.6\ref\net8.0\Microsoft.JSInterop.dll".
             Reference found at search path location "{RawFileName}".
             This reference is not "CopyLocal" because at least one source item had "Private" set to "false" and no source items had "Private" set to "true".
         Primary reference "Microsoft.Net.Http.Headers, Version=8.0.0.0, Culture=neutral, PublicKeyToken=adb9793829ddae60".
             Resolved file path is "C:\Program Files\dotnet\packs\Microsoft.AspNetCore.App.Ref\8.0.6\ref\net8.0\Microsoft.Net.Http.Headers.dll".
             Reference found at search path location "{RawFileName}".
             This reference is not "CopyLocal" because at least one source item had "Private" set to "false" and no source items had "Private" set to "true".
         Primary reference "System.Diagnostics.EventLog, Version=8.0.0.0, Culture=neutral, PublicKeyToken=cc7b13ffcd2ddd51".
             Resolved file path is "C:\Program Files\dotnet\packs\Microsoft.AspNetCore.App.Ref\8.0.6\ref\net8.0\System.Diagnostics.EventLog.dll".
             Reference found at search path location "{RawFileName}".
             This reference is not "CopyLocal" because at least one source item had "Private" set to "false" and no source items had "Private" set to "true".
         Primary reference "System.IO.Pipelines, Version=8.0.0.0, Culture=neutral, PublicKeyToken=cc7b13ffcd2ddd51".
             Resolved file path is "C:\Program Files\dotnet\packs\Microsoft.AspNetCore.App.Ref\8.0.6\ref\net8.0\System.IO.Pipelines.dll".
             Reference found at search path location "{RawFileName}".
             This reference is not "CopyLocal" because at least one source item had "Private" set to "false" and no source items had "Private" set to "true".
         Primary reference "System.Security.Cryptography.Xml, Version=8.0.0.0, Culture=neutral, PublicKeyToken=cc7b13ffcd2ddd51".
             Resolved file path is "C:\Program Files\dotnet\packs\Microsoft.AspNetCore.App.Ref\8.0.6\ref\net8.0\System.Security.Cryptography.Xml.dll".
             Reference found at search path location "{RawFileName}".
             This reference is not "CopyLocal" because at least one source item had "Private" set to "false" and no source items had "Private" set to "true".
         Primary reference "System.Threading.RateLimiting, Version=8.0.0.0, Culture=neutral, PublicKeyToken=cc7b13ffcd2ddd51".
             Resolved file path is "C:\Program Files\dotnet\packs\Microsoft.AspNetCore.App.Ref\8.0.6\ref\net8.0\System.Threading.RateLimiting.dll".
             Reference found at search path location "{RawFileName}".
             This reference is not "CopyLocal" because at least one source item had "Private" set to "false" and no source items had "Private" set to "true".
       Done executing task "ResolveAssemblyReference".
   5:6>Done building target "ResolveAssemblyReferences" in project "TalenHuman.API.csproj".
       Target "GenerateBindingRedirects" skipped, due to false condition; ('$(AutoGenerateBindingRedirects)' == 'true' and '$(GenerateBindingRedirectsOutputType)' == 'true' and '@(SuggestedBindingRedirects)' != '' and '$(DesignTimeBuild)' != 'true' and '$(BuildingProject)' == 'true') was evaluated as ('' == 'true' and 'true' == 'true' and 'Microsoft.EntityFrameworkCore, Culture=neutral, PublicKeyToken=adb9793829ddae60;Microsoft.Extensions.Configuration.Abstractions, Culture=neutral, PublicKeyToken=adb9793829ddae60;Microsoft.Extensions.Http, Culture=neutral, PublicKeyToken=adb9793829ddae60;...' != '' and '' != 'true' and 'true' == 'true').
       Target "GenerateSupportedRuntime" skipped, due to false condition; ('$(GenerateSupportedRuntime)' != 'false' and '$(TargetFrameworkIdentifier)' == '.NETFramework' and '$(HasRuntimeOutput)' == 'true') was evaluated as ('' != 'false' and '.NETCoreApp' == '.NETFramework' and 'true' == 'true').
       Target "GenerateBindingRedirectsUpdateAppConfig" skipped, due to false condition; ('$(AutoGenerateBindingRedirects)' == 'true' and '$(GenerateBindingRedirectsOutputType)' == 'true') was evaluated as ('' == 'true' and 'true' == 'true').
       Target "ResolveComReferences" skipped, due to false condition; ('@(COMReference)'!='' or '@(COMFileReference)'!='') was evaluated as (''!='' or ''!='').
   5:6>Target "AfterResolveReferences" in file "C:\Program Files\dotnet\sdk\8.0.302\Microsoft.Common.CurrentVersion.targets" from project "D:\Tito Pedraza\OneDrive\Proyectos\Codigo Fuente\repos\HumanCore\src\TalenHuman.API\TalenHuman.API.csproj" (target "ResolveReferences" depends on it):
   5:6>Done building target "AfterResolveReferences" in project "TalenHuman.API.csproj".
   5:6>Target "ResolveReferences" in file "C:\Program Files\dotnet\sdk\8.0.302\Microsoft.Common.CurrentVersion.targets" from project "D:\Tito Pedraza\OneDrive\Proyectos\Codigo Fuente\repos\HumanCore\src\TalenHuman.API\TalenHuman.API.csproj" (target "_BlockWinMDsOnUnsupportedTFMs" depends on it):
   5:6>Done building target "ResolveReferences" in project "TalenHuman.API.csproj".
   5:6>Target "_BlockWinMDsOnUnsupportedTFMs" in file "C:\Program Files\dotnet\sdk\8.0.302\Sdks\Microsoft.NET.Sdk\targets\Microsoft.NET.Sdk.targets" from project "D:\Tito Pedraza\OneDrive\Proyectos\Codigo Fuente\repos\HumanCore\src\TalenHuman.API\TalenHuman.API.csproj" (target "CoreBuild" depends on it):
       Using "CheckForUnsupportedWinMDReferences" task from assembly "C:\Program Files\dotnet\sdk\8.0.302\Sdks\Microsoft.NET.Sdk\targets\..\tools\net8.0\Microsoft.NET.Build.Tasks.dll".
       Task "CheckForUnsupportedWinMDReferences"
       Done executing task "CheckForUnsupportedWinMDReferences".
       Task "NETSdkError" skipped, due to false condition; ('$(OutputType)' == 'winmdobj') was evaluated as ('Exe' == 'winmdobj').
   5:6>Done building target "_BlockWinMDsOnUnsupportedTFMs" in project "TalenHuman.API.csproj".
       Target "ResolveReferences" skipped. Previously built successfully.
       Target "ResolvePackageDependenciesForBuild" skipped. Previously built successfully.
       Target "_HandlePackageFileConflicts" skipped. Previously built successfully.
   5:6>Target "CopyAdditionalFiles" in file "C:\Program Files\dotnet\sdk\8.0.302\Roslyn\Microsoft.Managed.Core.targets" from project "D:\Tito Pedraza\OneDrive\Proyectos\Codigo Fuente\repos\HumanCore\src\TalenHuman.API\TalenHuman.API.csproj" (target "AssignTargetPaths" depends on it):
   5:6>Done building target "CopyAdditionalFiles" in project "TalenHuman.API.csproj".
       Target "ResolvePackageAssets" skipped. Previously built successfully.
       Target "ResolveFrameworkReferences" skipped. Previously built successfully.
   5:6>Target "_GetAppHostPaths" in file "C:\Program Files\dotnet\sdk\8.0.302\Sdks\Microsoft.NET.Sdk\targets\Microsoft.NET.Sdk.targets" from project "D:\Tito Pedraza\OneDrive\Proyectos\Codigo Fuente\repos\HumanCore\src\TalenHuman.API\TalenHuman.API.csproj" (target "_ChooseAppHost" depends on it):
       Task "NETSdkError" skipped, due to false condition; ('@(_NativeRestoredAppHostNETCore->Count())' > 1) was evaluated as ('0' > 1).
   5:6>Done building target "_GetAppHostPaths" in project "TalenHuman.API.csproj".
   5:6>Target "_ChooseAppHost" in file "C:\Program Files\dotnet\sdk\8.0.302\Sdks\Microsoft.NET.Sdk\targets\Microsoft.NET.Sdk.targets" from project "D:\Tito Pedraza\OneDrive\Proyectos\Codigo Fuente\repos\HumanCore\src\TalenHuman.API\TalenHuman.API.csproj" (target "_ComputeNETCoreBuildOutputFiles" depends on it):
   5:6>Done building target "_ChooseAppHost" in project "TalenHuman.API.csproj".
       Target "_GetComHostPaths" skipped, due to false condition; ('$(EnableComHosting)' == 'true' and '$(_IsExecutable)' != 'true') was evaluated as ('' == 'true' and 'true' != 'true').
       Target "_GetIjwHostPaths" skipped, due to false condition; ('$(UseIJWHost)' == 'true') was evaluated as ('' == 'true').
   5:6>Target "_ComputeNETCoreBuildOutputFiles" in file "C:\Program Files\dotnet\sdk\8.0.302\Sdks\Microsoft.NET.Sdk\targets\Microsoft.NET.Sdk.targets" from project "D:\Tito Pedraza\OneDrive\Proyectos\Codigo Fuente\repos\HumanCore\src\TalenHuman.API\TalenHuman.API.csproj" (target "AssignTargetPaths" depends on it):
   5:6>Done building target "_ComputeNETCoreBuildOutputFiles" in project "TalenHuman.API.csproj".
   5:6>Target "ResolveStaticWebAssetsConfiguration" in file "C:\Program Files\dotnet\sdk\8.0.302\Sdks\Microsoft.NET.Sdk.StaticWebAssets\targets\Microsoft.NET.Sdk.StaticWebAssets.targets" from project "D:\Tito Pedraza\OneDrive\Proyectos\Codigo Fuente\repos\HumanCore\src\TalenHuman.API\TalenHuman.API.csproj" (target "ResolveProjectStaticWebAssets" depends on it):
       Task "MakeDir" skipped, due to false condition; (!Exists('$(_StaticWebAssetsManifestBase)')) was evaluated as (!Exists('obj\Debug\net8.0\')).
       Task "MakeDir" skipped, due to false condition; (!Exists('$(_StaticWebAssetsIntermediateOutputPath)')) was evaluated as (!Exists('obj\Debug\net8.0\staticwebassets\')).
   5:6>Done building target "ResolveStaticWebAssetsConfiguration" in project "TalenHuman.API.csproj".
   5:6>Target "ResolveProjectStaticWebAssets" in file "C:\Program Files\dotnet\sdk\8.0.302\Sdks\Microsoft.NET.Sdk.StaticWebAssets\targets\Microsoft.NET.Sdk.StaticWebAssets.targets" from project "D:\Tito Pedraza\OneDrive\Proyectos\Codigo Fuente\repos\HumanCore\src\TalenHuman.API\TalenHuman.API.csproj" (target "AssignTargetPaths" depends on it):
       Using "DiscoverStaticWebAssets" task from assembly "C:\Program Files\dotnet\sdk\8.0.302\Sdks\Microsoft.NET.Sdk.StaticWebAssets\targets\..\tasks\net8.0\Microsoft.NET.Sdk.StaticWebAssets.Tasks.dll".
       Task "DiscoverStaticWebAssets"
         Assembly loaded during TaskRun (Microsoft.AspNetCore.StaticWebAssets.Tasks.DiscoverStaticWebAssets): Microsoft.Extensions.FileSystemGlobbing, Version=8.0.0.0, Culture=neutral, PublicKeyToken=adb9793829ddae60 (location: C:\Program Files\dotnet\sdk\8.0.302\Sdks\Microsoft.NET.Sdk.StaticWebAssets\tasks\net8.0\Microsoft.Extensions.FileSystemGlobbing.dll, MVID: 323e76ff-b656-4dac-a245-a2c838eeed71, AssemblyLoadContext: MSBuild plugin C:\Program Files\dotnet\sdk\8.0.302\Sdks\Microsoft.NET.Sdk.StaticWebAssets\tasks\net8.0\Microsoft.NET.Sdk.StaticWebAssets.Tasks.dll)
         Rejected asset 'appsettings.Development.json' for pattern 'wwwroot/**'
         Rejected asset 'appsettings.json' for pattern 'wwwroot/**'
       Done executing task "DiscoverStaticWebAssets".
   5:6>Done building target "ResolveProjectStaticWebAssets" in project "TalenHuman.API.csproj".
   5:6>Target "AssignTargetPaths" in file "C:\Program Files\dotnet\sdk\8.0.302\Microsoft.Common.CurrentVersion.targets" from project "D:\Tito Pedraza\OneDrive\Proyectos\Codigo Fuente\repos\HumanCore\src\TalenHuman.API\TalenHuman.API.csproj" (target "PrepareResourceNames" depends on it):
       Using "AssignTargetPath" task from assembly "Microsoft.Build.Tasks.Core, Version=15.1.0.0, Culture=neutral, PublicKeyToken=b03f5f7f11d50a3a".
       Task "AssignTargetPath"
       Done executing task "AssignTargetPath".
       Task "AssignTargetPath"
       Done executing task "AssignTargetPath".
       Task "AssignTargetPath"
       Done executing task "AssignTargetPath".
       Task "AssignTargetPath"
       Done executing task "AssignTargetPath".
       Task "AssignTargetPath" skipped, due to false condition; ('@(_DeploymentBaseManifestWithTargetPath)'=='' and '%(None.Extension)'=='.manifest') was evaluated as (''=='' and ''=='.manifest').
       Task "AssignTargetPath" skipped, due to false condition; ('@(_DeploymentBaseManifestWithTargetPath)'=='' and '%(None.Extension)'=='.manifest') was evaluated as (''=='' and '.http'=='.manifest').
       Task "AssignTargetPath" skipped, due to false condition; ('@(_DeploymentBaseManifestWithTargetPath)'=='' and '%(None.Extension)'=='.manifest') was evaluated as (''=='' and '.json'=='.manifest').
       Task "AssignTargetPath" skipped, due to false condition; ('@(_DeploymentBaseManifestWithTargetPath)'=='' and '%(None.Extension)'=='.manifest') was evaluated as (''=='' and '.ttf'=='.manifest').
       Task "AssignTargetPath" skipped, due to false condition; ('@(_DeploymentBaseManifestWithTargetPath)'=='' and '%(None.Extension)'=='.manifest') was evaluated as (''=='' and '.txt'=='.manifest').
       Task "AssignTargetPath" skipped, due to false condition; ('@(_DeploymentBaseManifestWithTargetPath)'=='' and '%(None.Extension)'=='.manifest') was evaluated as (''=='' and '.exe'=='.manifest').
   5:6>Done building target "AssignTargetPaths" in project "TalenHuman.API.csproj".
       Target "AssignTargetPaths" skipped. Previously built successfully.
   5:6>Target "SplitResourcesByCulture" in file "C:\Program Files\dotnet\sdk\8.0.302\Microsoft.Common.CurrentVersion.targets" from project "D:\Tito Pedraza\OneDrive\Proyectos\Codigo Fuente\repos\HumanCore\src\TalenHuman.API\TalenHuman.API.csproj" (target "PrepareResourceNames" depends on it):
       Task "Warning" skipped, due to false condition; ('@(ResxWithNoCulture)'!='') was evaluated as (''!='').
       Task "Warning" skipped, due to false condition; ('@(ResxWithCulture)'!='') was evaluated as (''!='').
       Task "Warning" skipped, due to false condition; ('@(NonResxWithCulture)'!='') was evaluated as (''!='').
       Task "Warning" skipped, due to false condition; ('@(NonResxWithNoCulture)'!='') was evaluated as (''!='').
       Using "AssignCulture" task from assembly "Microsoft.Build.Tasks.Core, Version=15.1.0.0, Culture=neutral, PublicKeyToken=b03f5f7f11d50a3a".
       Task "AssignCulture"
       Done executing task "AssignCulture".
   5:6>Done building target "SplitResourcesByCulture" in project "TalenHuman.API.csproj".
       Target "CreateManifestResourceNames" skipped, due to false condition; ('@(EmbeddedResource)' != '') was evaluated as ('' != '').
   5:6>Target "CreateCustomManifestResourceNames" in file "C:\Program Files\dotnet\sdk\8.0.302\Microsoft.Common.CurrentVersion.targets" from project "D:\Tito Pedraza\OneDrive\Proyectos\Codigo Fuente\repos\HumanCore\src\TalenHuman.API\TalenHuman.API.csproj" (target "PrepareResourceNames" depends on it):
   5:6>Done building target "CreateCustomManifestResourceNames" in project "TalenHuman.API.csproj".
   5:6>Target "PrepareResourceNames" in file "C:\Program Files\dotnet\sdk\8.0.302\Microsoft.Common.CurrentVersion.targets" from project "D:\Tito Pedraza\OneDrive\Proyectos\Codigo Fuente\repos\HumanCore\src\TalenHuman.API\TalenHuman.API.csproj" (target "PrepareResources" depends on it):
   5:6>Done building target "PrepareResourceNames" in project "TalenHuman.API.csproj".
       Target "ResolveAssemblyReferences" skipped. Previously built successfully.
       Target "SplitResourcesByCulture" skipped. Previously built successfully.
   5:6>Target "BeforeResGen" in file "C:\Program Files\dotnet\sdk\8.0.302\Microsoft.Common.CurrentVersion.targets" from project "D:\Tito Pedraza\OneDrive\Proyectos\Codigo Fuente\repos\HumanCore\src\TalenHuman.API\TalenHuman.API.csproj" (target "ResGen" depends on it):
   5:6>Done building target "BeforeResGen" in project "TalenHuman.API.csproj".
       Target "ResolveReferences" skipped. Previously built successfully.
   5:6>Target "FindReferenceAssembliesForReferences" in file "C:\Program Files\dotnet\sdk\8.0.302\Microsoft.Common.CurrentVersion.targets" from project "D:\Tito Pedraza\OneDrive\Proyectos\Codigo Fuente\repos\HumanCore\src\TalenHuman.API\TalenHuman.API.csproj" (target "CoreResGen" depends on it):
   5:6>Done building target "FindReferenceAssembliesForReferences" in project "TalenHuman.API.csproj".
   5:6>Target "CoreResGen" in file "C:\Program Files\dotnet\sdk\8.0.302\Microsoft.Common.CurrentVersion.targets" from project "D:\Tito Pedraza\OneDrive\Proyectos\Codigo Fuente\repos\HumanCore\src\TalenHuman.API\TalenHuman.API.csproj" (target "ResGen" depends on it):
       Task "GenerateResource" skipped, due to false condition; ('%(EmbeddedResource.Type)' == 'Resx' and '%(EmbeddedResource.GenerateResource)' != 'false' and '$(GenerateResourceMSBuildRuntime)' != 'CLR2') was evaluated as ('' == 'Resx' and '' != 'false' and 'CurrentRuntime' != 'CLR2').
       Task "GenerateResource" skipped, due to false condition; ('%(EmbeddedResource.Type)' == 'Resx' and '%(EmbeddedResource.GenerateResource)' != 'false' and '$(GenerateResourceMSBuildRuntime)' == 'CLR2') was evaluated as ('' == 'Resx' and '' != 'false' and 'CurrentRuntime' == 'CLR2').
   5:6>Done building target "CoreResGen" in project "TalenHuman.API.csproj".
   5:6>Target "AfterResGen" in file "C:\Program Files\dotnet\sdk\8.0.302\Microsoft.Common.CurrentVersion.targets" from project "D:\Tito Pedraza\OneDrive\Proyectos\Codigo Fuente\repos\HumanCore\src\TalenHuman.API\TalenHuman.API.csproj" (target "ResGen" depends on it):
   5:6>Done building target "AfterResGen" in project "TalenHuman.API.csproj".
   5:6>Target "ResGen" in file "C:\Program Files\dotnet\sdk\8.0.302\Microsoft.Common.CurrentVersion.targets" from project "D:\Tito Pedraza\OneDrive\Proyectos\Codigo Fuente\repos\HumanCore\src\TalenHuman.API\TalenHuman.API.csproj" (target "PrepareResources" depends on it):
   5:6>Done building target "ResGen" in project "TalenHuman.API.csproj".
       Target "CompileLicxFiles" skipped, due to false condition; ('@(_LicxFile)'!='') was evaluated as (''!='').
   5:6>Target "PrepareResources" in file "C:\Program Files\dotnet\sdk\8.0.302\Microsoft.Common.CurrentVersion.targets" from project "D:\Tito Pedraza\OneDrive\Proyectos\Codigo Fuente\repos\HumanCore\src\TalenHuman.API\TalenHuman.API.csproj" (target "CoreBuild" depends on it):
   5:6>Done building target "PrepareResources" in project "TalenHuman.API.csproj".
       Target "ResolveKeySource" skipped, due to false condition; ($(SignManifests) == 'true' or $(SignAssembly) == 'true') was evaluated as ( == 'true' or false == 'true').
       Target "ResolveReferences" skipped. Previously built successfully.
       Target "ResolveKeySource" skipped, due to false condition; ($(SignManifests) == 'true' or $(SignAssembly) == 'true') was evaluated as ( == 'true' or false == 'true').
       Target "ResolveComReferences" skipped, due to false condition; ('@(COMReference)'!='' or '@(COMFileReference)'!='') was evaluated as (''!='' or ''!='').
       Target "ResolveNativeReferences" skipped, due to false condition; ('@(NativeReference)'!='') was evaluated as (''!='').
       Target "_SetExternalWin32ManifestProperties" skipped, due to false condition; ('$(GenerateClickOnceManifests)'=='true' or '@(NativeReference)'!='' or '@(ResolvedIsolatedComModules)'!='') was evaluated as (''=='true' or ''!='' or ''!='').
   5:6>Target "_SetEmbeddedWin32ManifestProperties" in file "C:\Program Files\dotnet\sdk\8.0.302\Microsoft.Common.CurrentVersion.targets" from project "D:\Tito Pedraza\OneDrive\Proyectos\Codigo Fuente\repos\HumanCore\src\TalenHuman.API\TalenHuman.API.csproj" (target "SetWin32ManifestProperties" depends on it):
       Using "GetFrameworkPath" task from assembly "Microsoft.Build.Tasks.Core, Version=15.1.0.0, Culture=neutral, PublicKeyToken=b03f5f7f11d50a3a".
       Task "GetFrameworkPath"
       Done executing task "GetFrameworkPath".
   5:6>Done building target "_SetEmbeddedWin32ManifestProperties" in project "TalenHuman.API.csproj".
   5:6>Target "SetWin32ManifestProperties" in file "C:\Program Files\dotnet\sdk\8.0.302\Microsoft.Common.CurrentVersion.targets" from project "D:\Tito Pedraza\OneDrive\Proyectos\Codigo Fuente\repos\HumanCore\src\TalenHuman.API\TalenHuman.API.csproj" (target "Compile" depends on it):
   5:6>Done building target "SetWin32ManifestProperties" in project "TalenHuman.API.csproj".
       Target "FindReferenceAssembliesForReferences" skipped. Previously built successfully.
   5:6>Target "_GenerateCompileInputs" in file "C:\Program Files\dotnet\sdk\8.0.302\Microsoft.Common.CurrentVersion.targets" from project "D:\Tito Pedraza\OneDrive\Proyectos\Codigo Fuente\repos\HumanCore\src\TalenHuman.API\TalenHuman.API.csproj" (target "Compile" depends on it):
       Task "Warning" skipped, due to false condition; ('@(ManifestResourceWithNoCulture)'!='' and '%(ManifestResourceWithNoCulture.EmittedForCompatibilityOnly)'=='') was evaluated as (''!='' and ''=='').
       Task "Warning" skipped, due to false condition; ('@(ManifestNonResxWithNoCultureOnDisk)'!='' and '%(ManifestNonResxWithNoCultureOnDisk.EmittedForCompatibilityOnly)'=='') was evaluated as (''!='' and ''=='').
   5:6>Done building target "_GenerateCompileInputs" in project "TalenHuman.API.csproj".
       Target "PrepareForBuild" skipped. Previously built successfully.
   5:6>Target "ResolveRazorConfiguration" in file "C:\Program Files\dotnet\sdk\8.0.302\Sdks\Microsoft.NET.Sdk.Razor\targets\Sdk.Razor.CurrentVersion.targets" from project "D:\Tito Pedraza\OneDrive\Proyectos\Codigo Fuente\repos\HumanCore\src\TalenHuman.API\TalenHuman.API.csproj" (target "PrepareForRazorGenerate" depends on it):
       Task "Warning" skipped, due to false condition; ('$(_Targeting30OrNewerRazorLangVersion)' == 'true' AND '@(ResolvedRazorConfiguration->Count())' == '0') was evaluated as ('true' == 'true' AND '1' == '0').
       Task "Warning" skipped, due to false condition; ('$(_Targeting30OrNewerRazorLangVersion)' == 'true' AND '@(ResolvedRazorConfiguration->Count())' > '1') was evaluated as ('true' == 'true' AND '1' > '1').
       Task "Warning" skipped, due to false condition; ('$(_Targeting30OrNewerRazorLangVersion)' != 'true' AND '$(_TargetingNETCoreApp30OrLater)' == 'true') was evaluated as ('true' != 'true' AND 'true' == 'true').
       Using "FindInList" task from assembly "Microsoft.Build.Tasks.Core, Version=15.1.0.0, Culture=neutral, PublicKeyToken=b03f5f7f11d50a3a".
       Task "FindInList"
         Found "MVC-3.0".
       Done executing task "FindInList".
   5:6>Done building target "ResolveRazorConfiguration" in project "TalenHuman.API.csproj".
       Target "ResolveRazorGenerateInputs" skipped. Previously built successfully.
       Target "AssignRazorGenerateTargetPaths" skipped, due to false condition; ('@(RazorGenerate)' != '') was evaluated as ('' != '').
   5:6>Target "ResolveScopedCssInputs" in file "C:\Program Files\dotnet\sdk\8.0.302\Sdks\Microsoft.NET.Sdk.StaticWebAssets\targets\Microsoft.NET.Sdk.StaticWebAssets.ScopedCss.targets" from project "D:\Tito Pedraza\OneDrive\Proyectos\Codigo Fuente\repos\HumanCore\src\TalenHuman.API\TalenHuman.API.csproj" (target "ComputeCssScope" depends on it):
       Using "DiscoverDefaultScopedCssItems" task from assembly "C:\Program Files\dotnet\sdk\8.0.302\Sdks\Microsoft.NET.Sdk.StaticWebAssets\targets\..\tasks\net8.0\Microsoft.NET.Sdk.StaticWebAssets.Tasks.dll".
       Task "DiscoverDefaultScopedCssItems"
       Done executing task "DiscoverDefaultScopedCssItems".
   5:6>Done building target "ResolveScopedCssInputs" in project "TalenHuman.API.csproj".
   5:6>Target "ComputeCssScope" in file "C:\Program Files\dotnet\sdk\8.0.302\Sdks\Microsoft.NET.Sdk.StaticWebAssets\targets\Microsoft.NET.Sdk.StaticWebAssets.ScopedCss.targets" from project "D:\Tito Pedraza\OneDrive\Proyectos\Codigo Fuente\repos\HumanCore\src\TalenHuman.API\TalenHuman.API.csproj" (target "ResolveCssScopes" depends on it):
       Using "ComputeCssScope" task from assembly "C:\Program Files\dotnet\sdk\8.0.302\Sdks\Microsoft.NET.Sdk.StaticWebAssets\targets\..\tasks\net8.0\Microsoft.NET.Sdk.StaticWebAssets.Tasks.dll".
       Task "ComputeCssScope"
       Done executing task "ComputeCssScope".
   5:6>Done building target "ComputeCssScope" in project "TalenHuman.API.csproj".
   5:6>Target "ResolveRazorComponentInputs" in file "C:\Program Files\dotnet\sdk\8.0.302\Sdks\Microsoft.NET.Sdk.Razor\targets\Sdk.Razor.CurrentVersion.targets" from project "D:\Tito Pedraza\OneDrive\Proyectos\Codigo Fuente\repos\HumanCore\src\TalenHuman.API\TalenHuman.API.csproj" (target "ResolveCssScopes" depends on it):
   5:6>Done building target "ResolveRazorComponentInputs" in project "TalenHuman.API.csproj".
       Target "ResolveRazorGenerateInputs" skipped. Previously built successfully.
   5:6>Target "ResolveCssScopes" in file "C:\Program Files\dotnet\sdk\8.0.302\Sdks\Microsoft.NET.Sdk.Razor\targets\Sdk.Razor.CurrentVersion.targets" from project "D:\Tito Pedraza\OneDrive\Proyectos\Codigo Fuente\repos\HumanCore\src\TalenHuman.API\TalenHuman.API.csproj" (target "AssignRazorGenerateTargetPaths" depends on it):
       Using "ApplyCssScopes" task from assembly "C:\Program Files\dotnet\sdk\8.0.302\Sdks\Microsoft.NET.Sdk.StaticWebAssets\targets\..\tasks\net8.0\Microsoft.NET.Sdk.StaticWebAssets.Tasks.dll".
       Task "ApplyCssScopes"
       Done executing task "ApplyCssScopes".
   5:6>Done building target "ResolveCssScopes" in project "TalenHuman.API.csproj".
   5:6>Target "_ResolveGeneratedRazorCompileInputs" in file "C:\Program Files\dotnet\sdk\8.0.302\Sdks\Microsoft.NET.Sdk.Razor\targets\Sdk.Razor.CurrentVersion.targets" from project "D:\Tito Pedraza\OneDrive\Proyectos\Codigo Fuente\repos\HumanCore\src\TalenHuman.API\TalenHuman.API.csproj" (target "PrepareForRazorGenerate" depends on it):
   5:6>Done building target "_ResolveGeneratedRazorCompileInputs" in project "TalenHuman.API.csproj".
       Target "_CheckForIncorrectMvcConfiguration" skipped, due to false condition; ('@(ResolvedRazorConfiguration)' == 'Default' AND
             ('$(RazorCompileOnBuild)' == 'true' OR '$(RazorCompileOnPublish)' =='true') AND
             '@(RazorGenerate->Count())' != '0' AND
             '$(_Targeting30OrNewerRazorLangVersion)' == 'true' AND
             '$(_IsTargetingRazor2X)' != 'true') was evaluated as ('MVC-3.0' == 'Default' AND
             ('true' == 'true' OR 'true' =='true') AND
             '0' != '0' AND
             'true' == 'true' AND
             '' != 'true').
   5:6>Target "PrepareForRazorGenerate" in file "C:\Program Files\dotnet\sdk\8.0.302\Sdks\Microsoft.NET.Sdk.Razor\targets\Sdk.Razor.CurrentVersion.targets" from project "D:\Tito Pedraza\OneDrive\Proyectos\Codigo Fuente\repos\HumanCore\src\TalenHuman.API\TalenHuman.API.csproj" (target "_PrepareRazorSourceGenerators" depends on it):
   5:6>Done building target "PrepareForRazorGenerate" in project "TalenHuman.API.csproj".
       Target "ResolveRazorConfiguration" skipped. Previously built successfully.
       Target "ResolveRazorComponentInputs" skipped. Previously built successfully.
       Target "_CheckForIncorrectComponentsConfiguration" skipped, due to false condition; (('$(RazorCompileOnBuild)' == 'true' OR '$(RazorCompileOnPublish)' =='true') AND
             '@(RazorComponent->Count())' != '0' AND
             '$(_Targeting30OrNewerRazorLangVersion)' != 'true' AND
             '$(_IsTargetingRazor2X)' != 'true') was evaluated as (('true' == 'true' OR 'true' =='true') AND
             '0' != '0' AND
             'true' != 'true' AND
             '' != 'true').
       Target "AssignRazorComponentTargetPaths" skipped, due to false condition; ('@(RazorComponent)' != '') was evaluated as ('' != '').
   5:6>Target "PrepareForRazorComponentGenerate" in file "C:\Program Files\dotnet\sdk\8.0.302\Sdks\Microsoft.NET.Sdk.Razor\targets\Sdk.Razor.CurrentVersion.targets" from project "D:\Tito Pedraza\OneDrive\Proyectos\Codigo Fuente\repos\HumanCore\src\TalenHuman.API\TalenHuman.API.csproj" (target "_PrepareRazorSourceGenerators" depends on it):
   5:6>Done building target "PrepareForRazorComponentGenerate" in project "TalenHuman.API.csproj".
   5:6>Target "_PrepareRazorSourceGenerators" in file "C:\Program Files\dotnet\sdk\8.0.302\Sdks\Microsoft.NET.Sdk.Razor\targets\Microsoft.NET.Sdk.Razor.SourceGenerators.targets" from project "D:\Tito Pedraza\OneDrive\Proyectos\Codigo Fuente\repos\HumanCore\src\TalenHuman.API\TalenHuman.API.csproj" (target "GenerateMSBuildEditorConfigFileShouldRun" depends on it):
       Using "EncodeRazorInputItem" task from assembly "C:\Program Files\dotnet\sdk\8.0.302\Sdks\Microsoft.NET.Sdk.Razor\targets\..\tasks\net8.0\Microsoft.NET.Sdk.Razor.Tasks.dll".
       Task "EncodeRazorInputItem"
       Done executing task "EncodeRazorInputItem".
   5:6>Done building target "_PrepareRazorSourceGenerators" in project "TalenHuman.API.csproj".
   5:6>Target "GenerateMSBuildEditorConfigFileShouldRun" in file "C:\Program Files\dotnet\sdk\8.0.302\Roslyn\Microsoft.Managed.Core.targets" from project "D:\Tito Pedraza\OneDrive\Proyectos\Codigo Fuente\repos\HumanCore\src\TalenHuman.API\TalenHuman.API.csproj" (target "GenerateMSBuildEditorConfigFile" depends on it):
   5:6>Done building target "GenerateMSBuildEditorConfigFileShouldRun" in project "TalenHuman.API.csproj".
   5:6>Target "GenerateMSBuildEditorConfigFileCore" in file "C:\Program Files\dotnet\sdk\8.0.302\Roslyn\Microsoft.Managed.Core.targets" from project "D:\Tito Pedraza\OneDrive\Proyectos\Codigo Fuente\repos\HumanCore\src\TalenHuman.API\TalenHuman.API.csproj" (target "GenerateMSBuildEditorConfigFile" depends on it):
       Building target "GenerateMSBuildEditorConfigFileCore" completely.
       No input files were specified.
       Using "GenerateMSBuildEditorConfig" task from assembly "C:\Program Files\dotnet\sdk\8.0.302\Roslyn\Microsoft.Build.Tasks.CodeAnalysis.dll".
       Task "GenerateMSBuildEditorConfig"
       Done executing task "GenerateMSBuildEditorConfig".
   5:6>Done building target "GenerateMSBuildEditorConfigFileCore" in project "TalenHuman.API.csproj".
   5:6>Target "GenerateMSBuildEditorConfigFile" in file "C:\Program Files\dotnet\sdk\8.0.302\Roslyn\Microsoft.Managed.Core.targets" from project "D:\Tito Pedraza\OneDrive\Proyectos\Codigo Fuente\repos\HumanCore\src\TalenHuman.API\TalenHuman.API.csproj" (target "BeforeCompile" depends on it):
   5:6>Done building target "GenerateMSBuildEditorConfigFile" in project "TalenHuman.API.csproj".
       Target "PrepareForBuild" skipped. Previously built successfully.
       Target "GetReferenceAssemblyPaths" skipped. Previously built successfully.
   5:6>Target "_SetTargetFrameworkMonikerAttribute" in file "C:\Program Files\dotnet\sdk\8.0.302\Microsoft.CSharp.CurrentVersion.targets" from project "D:\Tito Pedraza\OneDrive\Proyectos\Codigo Fuente\repos\HumanCore\src\TalenHuman.API\TalenHuman.API.csproj" (target "GenerateTargetFrameworkMonikerAttribute" depends on it):
   5:6>Done building target "_SetTargetFrameworkMonikerAttribute" in project "TalenHuman.API.csproj".
   5:6>Target "GenerateTargetFrameworkMonikerAttribute" in file "C:\Program Files\dotnet\sdk\8.0.302\Microsoft.Common.CurrentVersion.targets" from project "D:\Tito Pedraza\OneDrive\Proyectos\Codigo Fuente\repos\HumanCore\src\TalenHuman.API\TalenHuman.API.csproj" (target "BeforeCompile" depends on it):
       Skipping target "GenerateTargetFrameworkMonikerAttribute" because all output files are up-to-date with respect to the input files.
       Input files: C:\Program Files\dotnet\sdk\8.0.302\Microsoft.Common.targets
       Output files: obj\Debug\net8.0\.NETCoreApp,Version=v8.0.AssemblyAttributes.cs
   5:6>Done building target "GenerateTargetFrameworkMonikerAttribute" in project "TalenHuman.API.csproj".
       Target "GenerateAdditionalSources" skipped, due to false condition; ('@(AssemblyAttributes)' != '' and '$(GenerateAdditionalSources)' == 'true') was evaluated as ('' != '' and '' == 'true').
       Target "PrepareForBuild" skipped. Previously built successfully.
   5:6>Target "GetAssemblyVersion" in file "C:\Program Files\dotnet\sdk\8.0.302\Sdks\Microsoft.NET.Sdk\targets\Microsoft.NET.GenerateAssemblyInfo.targets" from project "D:\Tito Pedraza\OneDrive\Proyectos\Codigo Fuente\repos\HumanCore\src\TalenHuman.API\TalenHuman.API.csproj" (target "GetAssemblyAttributes" depends on it):
       Using "GetAssemblyVersion" task from assembly "C:\Program Files\dotnet\sdk\8.0.302\Sdks\Microsoft.NET.Sdk\targets\..\tools\net8.0\Microsoft.NET.Build.Tasks.dll".
       Task "GetAssemblyVersion"
       Done executing task "GetAssemblyVersion".
   5:6>Done building target "GetAssemblyVersion" in project "TalenHuman.API.csproj".
       Target "GetAssemblyVersion" skipped. Previously built successfully.
   5:6>Target "InitializeSourceControlInformationFromSourceControlManager" in file "C:\Program Files\dotnet\sdk\8.0.302\Sdks\Microsoft.Build.Tasks.Git\build\Microsoft.Build.Tasks.Git.targets" from project "D:\Tito Pedraza\OneDrive\Proyectos\Codigo Fuente\repos\HumanCore\src\TalenHuman.API\TalenHuman.API.csproj" (target "_InitializeSourceControlInformationFromSourceControlManager" depends on it):
       Using "Microsoft.Build.Tasks.Git.LocateRepository" task from assembly "C:\Program Files\dotnet\sdk\8.0.302\Sdks\Microsoft.Build.Tasks.Git\build\..\tools\core\Microsoft.Build.Tasks.Git.dll".
       Task "Microsoft.Build.Tasks.Git.LocateRepository"
         SourceLink: Repository instance not found in cache: '*:D:\Tito Pedraza\OneDrive\Proyectos\Codigo Fuente\repos\HumanCore\.git'
       Done executing task "Microsoft.Build.Tasks.Git.LocateRepository".
   5:6>Done building target "InitializeSourceControlInformationFromSourceControlManager" in project "TalenHuman.API.csproj".
   5:6>Target "_SourceLinkHasSingleProvider" in file "C:\Program Files\dotnet\sdk\8.0.302\Sdks\Microsoft.SourceLink.Common\build\InitializeSourceControlInformation.targets" from project "D:\Tito Pedraza\OneDrive\Proyectos\Codigo Fuente\repos\HumanCore\src\TalenHuman.API\TalenHuman.API.csproj" (target "_InitializeSourceControlInformationFromSourceControlManager" depends on it):
       Assembly loaded during TaskRun: Microsoft.SourceLink.Common, Version=8.0.9.11501, Culture=neutral, PublicKeyToken=31bf3856ad364e35 (location: C:\Program Files\dotnet\sdk\8.0.302\Sdks\Microsoft.SourceLink.Common\tools\core\Microsoft.SourceLink.Common.dll, MVID: d5b96578-81ec-438f-8487-2f5405206516, AssemblyLoadContext: MSBuild plugin C:\Program Files\dotnet\sdk\8.0.302\Sdks\Microsoft.SourceLink.Common\tools\core\Microsoft.SourceLink.Common.dll)
       Using "Microsoft.SourceLink.Common.SourceLinkHasSingleProvider" task from assembly "C:\Program Files\dotnet\sdk\8.0.302\Sdks\Microsoft.SourceLink.Common\build\..\tools\core\Microsoft.SourceLink.Common.dll".
       Task "Microsoft.SourceLink.Common.SourceLinkHasSingleProvider"
       Done executing task "Microsoft.SourceLink.Common.SourceLinkHasSingleProvider".
   5:6>Done building target "_SourceLinkHasSingleProvider" in project "TalenHuman.API.csproj".
   5:6>Target "TranslateGitHubUrlsInSourceControlInformation" in file "C:\Program Files\dotnet\sdk\8.0.302\Sdks\Microsoft.SourceLink.GitHub\build\Microsoft.SourceLink.GitHub.targets" from project "D:\Tito Pedraza\OneDrive\Proyectos\Codigo Fuente\repos\HumanCore\src\TalenHuman.API\TalenHuman.API.csproj" (target "_InitializeSourceControlInformationFromSourceControlManager" depends on it):
       Assembly loaded during TaskRun: Microsoft.SourceLink.GitHub, Version=8.0.9.11501, Culture=neutral, PublicKeyToken=31bf3856ad364e35 (location: C:\Program Files\dotnet\sdk\8.0.302\Sdks\Microsoft.SourceLink.GitHub\tools\core\Microsoft.SourceLink.GitHub.dll, MVID: 1fbac130-3a2a-4cf4-9c60-b0ae73333681, AssemblyLoadContext: MSBuild plugin C:\Program Files\dotnet\sdk\8.0.302\Sdks\Microsoft.SourceLink.GitHub\tools\core\Microsoft.SourceLink.GitHub.dll)
       Using "Microsoft.SourceLink.GitHub.TranslateRepositoryUrls" task from assembly "C:\Program Files\dotnet\sdk\8.0.302\Sdks\Microsoft.SourceLink.GitHub\build\..\tools\core\Microsoft.SourceLink.GitHub.dll".
       Task "Microsoft.SourceLink.GitHub.TranslateRepositoryUrls"
       Done executing task "Microsoft.SourceLink.GitHub.TranslateRepositoryUrls".
   5:6>Done building target "TranslateGitHubUrlsInSourceControlInformation" in project "TalenHuman.API.csproj".
   5:6>Target "TranslateGitLabUrlsInSourceControlInformation" in file "C:\Program Files\dotnet\sdk\8.0.302\Sdks\Microsoft.SourceLink.GitLab\build\Microsoft.SourceLink.GitLab.targets" from project "D:\Tito Pedraza\OneDrive\Proyectos\Codigo Fuente\repos\HumanCore\src\TalenHuman.API\TalenHuman.API.csproj" (target "_InitializeSourceControlInformationFromSourceControlManager" depends on it):
       Assembly loaded during TaskRun: Microsoft.SourceLink.GitLab, Version=8.0.9.11501, Culture=neutral, PublicKeyToken=31bf3856ad364e35 (location: C:\Program Files\dotnet\sdk\8.0.302\Sdks\Microsoft.SourceLink.GitLab\tools\core\Microsoft.SourceLink.GitLab.dll, MVID: 6b003cb9-36ef-4a5a-83ae-cc8fa7fbcb67, AssemblyLoadContext: MSBuild plugin C:\Program Files\dotnet\sdk\8.0.302\Sdks\Microsoft.SourceLink.GitLab\tools\core\Microsoft.SourceLink.GitLab.dll)
       Using "Microsoft.SourceLink.GitLab.TranslateRepositoryUrls" task from assembly "C:\Program Files\dotnet\sdk\8.0.302\Sdks\Microsoft.SourceLink.GitLab\build\..\tools\core\Microsoft.SourceLink.GitLab.dll".
       Task "Microsoft.SourceLink.GitLab.TranslateRepositoryUrls"
       Done executing task "Microsoft.SourceLink.GitLab.TranslateRepositoryUrls".
   5:6>Done building target "TranslateGitLabUrlsInSourceControlInformation" in project "TalenHuman.API.csproj".
   5:6>Target "TranslateAzureReposGitUrlsInSourceControlInformation" in file "C:\Program Files\dotnet\sdk\8.0.302\Sdks\Microsoft.SourceLink.AzureRepos.Git\build\Microsoft.SourceLink.AzureRepos.Git.targets" from project "D:\Tito Pedraza\OneDrive\Proyectos\Codigo Fuente\repos\HumanCore\src\TalenHuman.API\TalenHuman.API.csproj" (target "_InitializeSourceControlInformationFromSourceControlManager" depends on it):
       Assembly loaded during TaskRun: Microsoft.SourceLink.AzureRepos.Git, Version=8.0.9.11501, Culture=neutral, PublicKeyToken=31bf3856ad364e35 (location: C:\Program Files\dotnet\sdk\8.0.302\Sdks\Microsoft.SourceLink.AzureRepos.Git\tools\core\Microsoft.SourceLink.AzureRepos.Git.dll, MVID: 3a082d27-0e6b-4d51-92ea-8eaf3fc3120f, AssemblyLoadContext: MSBuild plugin C:\Program Files\dotnet\sdk\8.0.302\Sdks\Microsoft.SourceLink.AzureRepos.Git\tools\core\Microsoft.SourceLink.AzureRepos.Git.dll)
       Using "Microsoft.SourceLink.AzureRepos.Git.TranslateRepositoryUrls" task from assembly "C:\Program Files\dotnet\sdk\8.0.302\Sdks\Microsoft.SourceLink.AzureRepos.Git\build\..\tools\core\Microsoft.SourceLink.AzureRepos.Git.dll".
       Task "Microsoft.SourceLink.AzureRepos.Git.TranslateRepositoryUrls"
       Done executing task "Microsoft.SourceLink.AzureRepos.Git.TranslateRepositoryUrls".
   5:6>Done building target "TranslateAzureReposGitUrlsInSourceControlInformation" in project "TalenHuman.API.csproj".
   5:6>Target "TranslateBitbucketGitUrlsInSourceControlInformation" in file "C:\Program Files\dotnet\sdk\8.0.302\Sdks\Microsoft.SourceLink.Bitbucket.Git\build\Microsoft.SourceLink.Bitbucket.Git.targets" from project "D:\Tito Pedraza\OneDrive\Proyectos\Codigo Fuente\repos\HumanCore\src\TalenHuman.API\TalenHuman.API.csproj" (target "_InitializeSourceControlInformationFromSourceControlManager" depends on it):
       Assembly loaded during TaskRun: Microsoft.SourceLink.Bitbucket.Git, Version=8.0.9.11501, Culture=neutral, PublicKeyToken=31bf3856ad364e35 (location: C:\Program Files\dotnet\sdk\8.0.302\Sdks\Microsoft.SourceLink.Bitbucket.Git\tools\core\Microsoft.SourceLink.Bitbucket.Git.dll, MVID: 3994e8b0-7ae9-409e-bc2b-53baef289161, AssemblyLoadContext: MSBuild plugin C:\Program Files\dotnet\sdk\8.0.302\Sdks\Microsoft.SourceLink.Bitbucket.Git\tools\core\Microsoft.SourceLink.Bitbucket.Git.dll)
       Using "Microsoft.SourceLink.Bitbucket.Git.TranslateRepositoryUrls" task from assembly "C:\Program Files\dotnet\sdk\8.0.302\Sdks\Microsoft.SourceLink.Bitbucket.Git\build\..\tools\core\Microsoft.SourceLink.Bitbucket.Git.dll".
       Task "Microsoft.SourceLink.Bitbucket.Git.TranslateRepositoryUrls"
       Done executing task "Microsoft.SourceLink.Bitbucket.Git.TranslateRepositoryUrls".
   5:6>Done building target "TranslateBitbucketGitUrlsInSourceControlInformation" in project "TalenHuman.API.csproj".
   5:6>Target "SourceControlManagerPublishTranslatedUrls" in file "C:\Program Files\dotnet\sdk\8.0.302\Sdks\Microsoft.SourceLink.Common\build\InitializeSourceControlInformation.targets" from project "D:\Tito Pedraza\OneDrive\Proyectos\Codigo Fuente\repos\HumanCore\src\TalenHuman.API\TalenHuman.API.csproj" (target "_InitializeSourceControlInformationFromSourceControlManager" depends on it):
   5:6>Done building target "SourceControlManagerPublishTranslatedUrls" in project "TalenHuman.API.csproj".
   5:6>Target "_InitializeSourceControlInformationFromSourceControlManager" in file "C:\Program Files\dotnet\sdk\8.0.302\Sdks\Microsoft.SourceLink.Common\build\InitializeSourceControlInformation.targets" from project "D:\Tito Pedraza\OneDrive\Proyectos\Codigo Fuente\repos\HumanCore\src\TalenHuman.API\TalenHuman.API.csproj" (target "InitializeSourceControlInformation" depends on it):
   5:6>Done building target "_InitializeSourceControlInformationFromSourceControlManager" in project "TalenHuman.API.csproj".
   5:6>Target "InitializeSourceControlInformation" in file "C:\Program Files\dotnet\sdk\8.0.302\Microsoft.Common.CurrentVersion.targets" from project "D:\Tito Pedraza\OneDrive\Proyectos\Codigo Fuente\repos\HumanCore\src\TalenHuman.API\TalenHuman.API.csproj" (target "AddSourceRevisionToInformationalVersion" depends on it):
   5:6>Done building target "InitializeSourceControlInformation" in project "TalenHuman.API.csproj".
   5:6>Target "AddSourceRevisionToInformationalVersion" in file "C:\Program Files\dotnet\sdk\8.0.302\Sdks\Microsoft.NET.Sdk\targets\Microsoft.NET.GenerateAssemblyInfo.targets" from project "D:\Tito Pedraza\OneDrive\Proyectos\Codigo Fuente\repos\HumanCore\src\TalenHuman.API\TalenHuman.API.csproj" (target "GetAssemblyAttributes" depends on it):
   5:6>Done building target "AddSourceRevisionToInformationalVersion" in project "TalenHuman.API.csproj".
       Target "_GetUserSecretsAssemblyAttribute" skipped, due to false condition; ( '$(UserSecretsId)' != '' AND '$(GenerateUserSecretsAttribute)' != 'false' AND '$(GeneratedUserSecretsAttributeFile)' == '' ) was evaluated as ( '' != '' AND '' != 'false' AND '' == '' ).
   5:6>Target "GetAssemblyAttributes" in file "C:\Program Files\dotnet\sdk\8.0.302\Sdks\Microsoft.NET.Sdk\targets\Microsoft.NET.GenerateAssemblyInfo.targets" from project "D:\Tito Pedraza\OneDrive\Proyectos\Codigo Fuente\repos\HumanCore\src\TalenHuman.API\TalenHuman.API.csproj" (target "CreateGeneratedAssemblyInfoInputsCacheFile" depends on it):
   5:6>Done building target "GetAssemblyAttributes" in project "TalenHuman.API.csproj".
   5:6>Target "CreateGeneratedAssemblyInfoInputsCacheFile" in file "C:\Program Files\dotnet\sdk\8.0.302\Sdks\Microsoft.NET.Sdk\targets\Microsoft.NET.GenerateAssemblyInfo.targets" from project "D:\Tito Pedraza\OneDrive\Proyectos\Codigo Fuente\repos\HumanCore\src\TalenHuman.API\TalenHuman.API.csproj" (target "CoreGenerateAssemblyInfo" depends on it):
       Using "Hash" task from assembly "Microsoft.Build.Tasks.Core, Version=15.1.0.0, Culture=neutral, PublicKeyToken=b03f5f7f11d50a3a".
       Task "Hash"
       Done executing task "Hash".
       Task "WriteLinesToFile"
         Skipping write to file "obj\Debug\net8.0\TalenHuman.API.AssemblyInfoInputs.cache" because content would not change.
       Done executing task "WriteLinesToFile".
   5:6>Done building target "CreateGeneratedAssemblyInfoInputsCacheFile" in project "TalenHuman.API.csproj".
   5:6>Target "CoreGenerateAssemblyInfo" in file "C:\Program Files\dotnet\sdk\8.0.302\Sdks\Microsoft.NET.Sdk\targets\Microsoft.NET.GenerateAssemblyInfo.targets" from project "D:\Tito Pedraza\OneDrive\Proyectos\Codigo Fuente\repos\HumanCore\src\TalenHuman.API\TalenHuman.API.csproj" (target "GenerateAssemblyInfo" depends on it):
       Skipping target "CoreGenerateAssemblyInfo" because all output files are up-to-date with respect to the input files.
       Input files: obj\Debug\net8.0\TalenHuman.API.AssemblyInfoInputs.cache
       Output files: obj\Debug\net8.0\TalenHuman.API.AssemblyInfo.cs
   5:6>Done building target "CoreGenerateAssemblyInfo" in project "TalenHuman.API.csproj".
   5:6>Target "GenerateAssemblyInfo" in file "C:\Program Files\dotnet\sdk\8.0.302\Sdks\Microsoft.NET.Sdk\targets\Microsoft.NET.GenerateAssemblyInfo.targets" from project "D:\Tito Pedraza\OneDrive\Proyectos\Codigo Fuente\repos\HumanCore\src\TalenHuman.API\TalenHuman.API.csproj" (target "BeforeCompile" depends on it):
   5:6>Done building target "GenerateAssemblyInfo" in project "TalenHuman.API.csproj".
   5:6>Target "BeforeCompile" in file "C:\Program Files\dotnet\sdk\8.0.302\Microsoft.Common.CurrentVersion.targets" from project "D:\Tito Pedraza\OneDrive\Proyectos\Codigo Fuente\repos\HumanCore\src\TalenHuman.API\TalenHuman.API.csproj" (target "Compile" depends on it):
   5:6>Done building target "BeforeCompile" in project "TalenHuman.API.csproj".
       Target "_TimeStampBeforeCompile" skipped, due to false condition; ('$(RunPostBuildEvent)'=='OnOutputUpdated' or ('$(RegisterForComInterop)'=='true' and '$(OutputType)'=='library')) was evaluated as (''=='OnOutputUpdated' or (''=='true' and 'Exe'=='library')).
       Target "ResolveAssemblyReferences" skipped. Previously built successfully.
   5:6>Target "_GenerateCompileDependencyCache" in file "C:\Program Files\dotnet\sdk\8.0.302\Microsoft.Common.CurrentVersion.targets" from project "D:\Tito Pedraza\OneDrive\Proyectos\Codigo Fuente\repos\HumanCore\src\TalenHuman.API\TalenHuman.API.csproj" (target "Compile" depends on it):
       Task "Hash"
       Done executing task "Hash".
       Task "WriteLinesToFile"
         Skipping write to file "obj\Debug\net8.0\TalenHuman.API.csproj.CoreCompileInputs.cache" because content would not change.
       Done executing task "WriteLinesToFile".
   5:6>Done building target "_GenerateCompileDependencyCache" in project "TalenHuman.API.csproj".
       Target "ResolveAssemblyReferences" skipped. Previously built successfully.
   5:6>Target "_DiscoverMvcApplicationParts" in file "C:\Program Files\dotnet\sdk\8.0.302\Sdks\Microsoft.NET.Sdk.Razor\targets\Microsoft.NET.Sdk.Razor.MvcApplicationPartsDiscovery.targets" from project "D:\Tito Pedraza\OneDrive\Proyectos\Codigo Fuente\repos\HumanCore\src\TalenHuman.API\TalenHuman.API.csproj" (target "CoreCompile" depends on it):
       Skipping target "_DiscoverMvcApplicationParts" because all output files are up-to-date with respect to the input files.
       Input files: 
           D:\Tito Pedraza\OneDrive\Proyectos\Codigo Fuente\repos\HumanCore\src\TalenHuman.API\obj\project.assets.json
           D:\Tito Pedraza\OneDrive\Proyectos\Codigo Fuente\repos\HumanCore\src\TalenHuman.API\obj\TalenHuman.API.csproj.nuget.g.targets
           C:\Program Files\dotnet\sdk\8.0.302\Current\Microsoft.Common.targets\ImportAfter\Microsoft.TestPlatform.ImportAfter.targets
       Output files: obj\Debug\net8.0\TalenHuman.API.MvcApplicationPartsAssemblyInfo.cache
   5:6>Done building target "_DiscoverMvcApplicationParts" in project "TalenHuman.API.csproj".
       Target "_ComputeNonExistentFileProperty" skipped, due to false condition; (('$(BuildingInsideVisualStudio)' == 'true') and ('$(BuildingOutOfProcess)' != 'true') and (('$(BuildingProject)' == 'false') or ('$(UseHostCompilerIfAvailable)' == 'true'))) was evaluated as (('' == 'true') and ('' != 'true') and (('true' == 'false') or ('true' == 'true'))).
       Target "ResolveCodeAnalysisRuleSet" skipped, due to false condition; ('$(CodeAnalysisRuleSet)' != '') was evaluated as ('' != '').
       Target "ResolveRazorGenerateInputs" skipped. Previously built successfully.
   5:6>Target "_ResolveMvcAssemblyAttributes" in file "C:\Program Files\dotnet\sdk\8.0.302\Sdks\Microsoft.NET.Sdk.Razor\targets\Microsoft.NET.Sdk.Razor.Configuration.targets" from project "D:\Tito Pedraza\OneDrive\Proyectos\Codigo Fuente\repos\HumanCore\src\TalenHuman.API\TalenHuman.API.csproj" (target "_GenerateRazorAssemblyInfo" depends on it):
   5:6>Done building target "_ResolveMvcAssemblyAttributes" in project "TalenHuman.API.csproj".
       Target "RazorGetAssemblyAttributes" skipped, due to false condition; ('$(GenerateRazorHostingAssemblyInfo)'=='true' and '$(RazorDefaultConfiguration)'!='') was evaluated as (''=='true' and 'MVC-3.0'!='').
       Target "PrepareForBuild" skipped. Previously built successfully.
       Target "_CoreGenerateRazorAssemblyInfo" skipped, due to false condition; ('$(GenerateRazorAssemblyInfo)' == 'true' AND '@(_RazorAssemblyAttribute)' != '') was evaluated as ('' == 'true' AND '' != '').
   5:6>Target "_GenerateRazorAssemblyInfo" in file "C:\Program Files\dotnet\sdk\8.0.302\Sdks\Microsoft.NET.Sdk.Razor\targets\Microsoft.NET.Sdk.Razor.GenerateAssemblyInfo.targets" from project "D:\Tito Pedraza\OneDrive\Proyectos\Codigo Fuente\repos\HumanCore\src\TalenHuman.API\TalenHuman.API.csproj" (target "CoreCompile" depends on it):
   5:6>Done building target "_GenerateRazorAssemblyInfo" in project "TalenHuman.API.csproj".
       Target "ShimReferencePathsWhenCommonTargetsDoesNotUnderstandReferenceAssemblies" skipped, due to false condition; ('@(ReferencePathWithRefAssemblies)' == '') was evaluated as ('C:\Users\messa\.nuget\packages\awssdk.core\4.0.3.23\lib\net8.0\AWSSDK.Core.dll;C:\Users\messa\.nuget\packages\awssdk.s3\4.0.19.3\lib\net8.0\AWSSDK.S3.dll;C:\Users\messa\.nuget\packages\closedxml\0.105.0\lib\netstandard2.1\ClosedXML.dll;...' == '').
   5:6>Target "_BeforeVBCSCoreCompile" in file "C:\Program Files\dotnet\sdk\8.0.302\Roslyn\Microsoft.Managed.Core.targets" from project "D:\Tito Pedraza\OneDrive\Proyectos\Codigo Fuente\repos\HumanCore\src\TalenHuman.API\TalenHuman.API.csproj" (target "CoreCompile" depends on it):
   5:6>Done building target "_BeforeVBCSCoreCompile" in project "TalenHuman.API.csproj".
       Target "AdjustDefaultPlatformTargetForNetFrameworkExeWithNoNativeCopyLocalItems" skipped, due to false condition; ('$(_UsingDefaultPlatformTarget)' == 'true' and
                            '$(_UsingDefaultRuntimeIdentifier)' == 'true') was evaluated as ('true' == 'true' and
                            '' == 'true').
       Target "_DisableDiagnosticTracing" skipped, due to false condition; ('$(DisableDiagnosticTracing)' == 'true') was evaluated as ('' == 'true').
       Target "GenerateTargetPlatformDefineConstants" skipped, due to false condition; ( '$(DisableImplicitFrameworkDefines)' != 'true' and '$(TargetPlatformIdentifier)' != '' and '$(TargetFrameworkIdentifier)' == '.NETCoreApp' and $([MSBuild]::VersionGreaterThanOrEquals($(TargetFrameworkVersion), 5.0)) ) was evaluated as ( '' != 'true' and '' != '' and '.NETCoreApp' == '.NETCoreApp' and True ).
   5:6>Target "GenerateNETCompatibleDefineConstants" in file "C:\Program Files\dotnet\sdk\8.0.302\Sdks\Microsoft.NET.Sdk\targets\Microsoft.NET.Sdk.BeforeCommon.targets" from project "D:\Tito Pedraza\OneDrive\Proyectos\Codigo Fuente\repos\HumanCore\src\TalenHuman.API\TalenHuman.API.csproj" (target "AddImplicitDefineConstants" depends on it):
   5:6>Done building target "GenerateNETCompatibleDefineConstants" in project "TalenHuman.API.csproj".
       Target "GeneratePlatformCompatibleDefineConstants" skipped, due to false condition; ( '$(DisableImplicitFrameworkDefines)' != 'true' and '$(TargetPlatformIdentifier)' != '' and '$(TargetFrameworkIdentifier)' == '.NETCoreApp' and $([MSBuild]::VersionGreaterThanOrEquals($(TargetFrameworkVersion), 5.0)) ) was evaluated as ( '' != 'true' and '' != '' and '.NETCoreApp' == '.NETCoreApp' and True ).
       Target "_DisableDiagnosticTracing" skipped, due to false condition; ('$(DisableDiagnosticTracing)' == 'true') was evaluated as ('' == 'true').
   5:6>Target "AddImplicitDefineConstants" in file "C:\Program Files\dotnet\sdk\8.0.302\Sdks\Microsoft.NET.Sdk\targets\Microsoft.NET.Sdk.BeforeCommon.targets" from project "D:\Tito Pedraza\OneDrive\Proyectos\Codigo Fuente\repos\HumanCore\src\TalenHuman.API\TalenHuman.API.csproj" (target "CoreCompile" depends on it):
   5:6>Done building target "AddImplicitDefineConstants" in project "TalenHuman.API.csproj".
       Target "ShimReferencePathsWhenCommonTargetsDoesNotUnderstandReferenceAssemblies" skipped, due to false condition; ('@(ReferencePathWithRefAssemblies)' == '') was evaluated as ('C:\Users\messa\.nuget\packages\awssdk.core\4.0.3.23\lib\net8.0\AWSSDK.Core.dll;C:\Users\messa\.nuget\packages\awssdk.s3\4.0.19.3\lib\net8.0\AWSSDK.S3.dll;C:\Users\messa\.nuget\packages\closedxml\0.105.0\lib\netstandard2.1\ClosedXML.dll;...' == '').
   5:6>Target "_ComputeSkipAnalyzers" in file "C:\Program Files\dotnet\sdk\8.0.302\Roslyn\Microsoft.Managed.Core.targets" from project "D:\Tito Pedraza\OneDrive\Proyectos\Codigo Fuente\repos\HumanCore\src\TalenHuman.API\TalenHuman.API.csproj" (target "CoreCompile" depends on it):
       Task "ShowMessageForImplicitlySkipAnalyzers" skipped, due to false condition; ('$(_ImplicitlySkipAnalyzers)' == 'true') was evaluated as ('' == 'true').
   5:6>Done building target "_ComputeSkipAnalyzers" in project "TalenHuman.API.csproj".
       Target "_SetPathMapFromSourceRoots" skipped, due to false condition; ('$(DeterministicSourcePaths)' == 'true') was evaluated as ('' == 'true').
       Target "CreateCompilerGeneratedFilesOutputPath" skipped, due to false condition; ('$(EmitCompilerGeneratedFiles)' == 'true' and !('$(DesignTimeBuild)' == 'true' OR '$(BuildingProject)' != 'true')) was evaluated as ('false' == 'true' and !('' == 'true' OR 'true' != 'true')).
       Target "BeforeCompile" skipped. Previously built successfully.
       Target "InitializeSourceControlInformationFromSourceControlManager" skipped. Previously built successfully.
   5:6>Target "SetEmbeddedFilesFromSourceControlManagerUntrackedFiles" in file "C:\Program Files\dotnet\sdk\8.0.302\Sdks\Microsoft.Build.Tasks.Git\build\Microsoft.Build.Tasks.Git.targets" from project "D:\Tito Pedraza\OneDrive\Proyectos\Codigo Fuente\repos\HumanCore\src\TalenHuman.API\TalenHuman.API.csproj" (target "_SetEmbeddedFilesFromSourceControlManagerUntrackedFiles" depends on it):
       Using "Microsoft.Build.Tasks.Git.GetUntrackedFiles" task from assembly "C:\Program Files\dotnet\sdk\8.0.302\Sdks\Microsoft.Build.Tasks.Git\build\..\tools\core\Microsoft.Build.Tasks.Git.dll".
       Task "Microsoft.Build.Tasks.Git.GetUntrackedFiles"
         SourceLink: Reusing cached git repository information.
       Done executing task "Microsoft.Build.Tasks.Git.GetUntrackedFiles".
   5:6>Done building target "SetEmbeddedFilesFromSourceControlManagerUntrackedFiles" in project "TalenHuman.API.csproj".
   5:6>Target "_SetEmbeddedFilesFromSourceControlManagerUntrackedFiles" in file "C:\Program Files\dotnet\sdk\8.0.302\Sdks\Microsoft.SourceLink.Common\build\Microsoft.SourceLink.Common.targets" from project "D:\Tito Pedraza\OneDrive\Proyectos\Codigo Fuente\repos\HumanCore\src\TalenHuman.API\TalenHuman.API.csproj" (target "CoreCompile" depends on it):
   5:6>Done building target "_SetEmbeddedFilesFromSourceControlManagerUntrackedFiles" in project "TalenHuman.API.csproj".
       Target "InitializeSourceControlInformation" skipped. Previously built successfully.
   5:6>Target "_SetSourceLinkFilePath" in file "C:\Program Files\dotnet\sdk\8.0.302\Sdks\Microsoft.SourceLink.Common\build\Microsoft.SourceLink.Common.targets" from project "D:\Tito Pedraza\OneDrive\Proyectos\Codigo Fuente\repos\HumanCore\src\TalenHuman.API\TalenHuman.API.csproj" (target "_GenerateSourceLinkFile" depends on it):
   5:6>Done building target "_SetSourceLinkFilePath" in project "TalenHuman.API.csproj".
       Target "InitializeSourceControlInformation" skipped. Previously built successfully.
   5:6>Target "_InitializeSourceRootMappedPathsFromSourceControl" in file "C:\Program Files\dotnet\sdk\8.0.302\Roslyn\Microsoft.Managed.Core.targets" from project "D:\Tito Pedraza\OneDrive\Proyectos\Codigo Fuente\repos\HumanCore\src\TalenHuman.API\TalenHuman.API.csproj" (target "InitializeSourceRootMappedPaths" depends on it):
   5:6>Done building target "_InitializeSourceRootMappedPathsFromSourceControl" in project "TalenHuman.API.csproj".
   5:6>Target "InitializeSourceRootMappedPaths" in file "C:\Program Files\dotnet\sdk\8.0.302\Roslyn\Microsoft.Managed.Core.targets" from project "D:\Tito Pedraza\OneDrive\Proyectos\Codigo Fuente\repos\HumanCore\src\TalenHuman.API\TalenHuman.API.csproj" (target "_InitializeSourceRootMappedPathsOpt" depends on it):
       Using "Microsoft.CodeAnalysis.BuildTasks.MapSourceRoots" task from assembly "C:\Program Files\dotnet\sdk\8.0.302\Roslyn\Microsoft.Build.Tasks.CodeAnalysis.dll".
       Task "Microsoft.CodeAnalysis.BuildTasks.MapSourceRoots"
       Done executing task "Microsoft.CodeAnalysis.BuildTasks.MapSourceRoots".
   5:6>Done building target "InitializeSourceRootMappedPaths" in project "TalenHuman.API.csproj".
   5:6>Target "_InitializeSourceRootMappedPathsOpt" in file "C:\Program Files\dotnet\sdk\8.0.302\Sdks\Microsoft.SourceLink.Common\build\Microsoft.SourceLink.Common.targets" from project "D:\Tito Pedraza\OneDrive\Proyectos\Codigo Fuente\repos\HumanCore\src\TalenHuman.API\TalenHuman.API.csproj" (target "_GenerateSourceLinkFile" depends on it):
   5:6>Done building target "_InitializeSourceRootMappedPathsOpt" in project "TalenHuman.API.csproj".
   5:6>Target "_InitializeGitHubSourceLinkUrl" in file "C:\Program Files\dotnet\sdk\8.0.302\Sdks\Microsoft.SourceLink.GitHub\build\Microsoft.SourceLink.GitHub.targets" from project "D:\Tito Pedraza\OneDrive\Proyectos\Codigo Fuente\repos\HumanCore\src\TalenHuman.API\TalenHuman.API.csproj" (target "_GenerateSourceLinkFile" depends on it):
       Building target "_InitializeGitHubSourceLinkUrl" completely.
       No input files were specified.
       Using "Microsoft.SourceLink.GitHub.GetSourceLinkUrl" task from assembly "C:\Program Files\dotnet\sdk\8.0.302\Sdks\Microsoft.SourceLink.GitHub\build\..\tools\core\Microsoft.SourceLink.GitHub.dll".
       Task "Microsoft.SourceLink.GitHub.GetSourceLinkUrl"
       Done executing task "Microsoft.SourceLink.GitHub.GetSourceLinkUrl".
   5:6>Done building target "_InitializeGitHubSourceLinkUrl" in project "TalenHuman.API.csproj".
   5:6>Target "_InitializeGitHubSourceLinkUrl" in file "C:\Program Files\dotnet\sdk\8.0.302\Sdks\Microsoft.SourceLink.GitHub\build\Microsoft.SourceLink.GitHub.targets" from project "D:\Tito Pedraza\OneDrive\Proyectos\Codigo Fuente\repos\HumanCore\src\TalenHuman.API\TalenHuman.API.csproj" (target "_GenerateSourceLinkFile" depends on it):
       Building target "_InitializeGitHubSourceLinkUrl" completely.
       No input files were specified.
       Task "Microsoft.SourceLink.GitHub.GetSourceLinkUrl"
       Done executing task "Microsoft.SourceLink.GitHub.GetSourceLinkUrl".
   5:6>Done building target "_InitializeGitHubSourceLinkUrl" in project "TalenHuman.API.csproj".
   5:6>Target "_InitializeGitHubSourceLinkUrl" in file "C:\Program Files\dotnet\sdk\8.0.302\Sdks\Microsoft.SourceLink.GitHub\build\Microsoft.SourceLink.GitHub.targets" from project "D:\Tito Pedraza\OneDrive\Proyectos\Codigo Fuente\repos\HumanCore\src\TalenHuman.API\TalenHuman.API.csproj" (target "_GenerateSourceLinkFile" depends on it):
       Building target "_InitializeGitHubSourceLinkUrl" completely.
       No input files were specified.
       Task "Microsoft.SourceLink.GitHub.GetSourceLinkUrl"
       Done executing task "Microsoft.SourceLink.GitHub.GetSourceLinkUrl".
   5:6>Done building target "_InitializeGitHubSourceLinkUrl" in project "TalenHuman.API.csproj".
   5:6>Target "_InitializeGitLabSourceLinkUrl" in file "C:\Program Files\dotnet\sdk\8.0.302\Sdks\Microsoft.SourceLink.GitLab\build\Microsoft.SourceLink.GitLab.targets" from project "D:\Tito Pedraza\OneDrive\Proyectos\Codigo Fuente\repos\HumanCore\src\TalenHuman.API\TalenHuman.API.csproj" (target "_GenerateSourceLinkFile" depends on it):
       Building target "_InitializeGitLabSourceLinkUrl" completely.
       No input files were specified.
       Using "Microsoft.SourceLink.GitLab.GetSourceLinkUrl" task from assembly "C:\Program Files\dotnet\sdk\8.0.302\Sdks\Microsoft.SourceLink.GitLab\build\..\tools\core\Microsoft.SourceLink.GitLab.dll".
       Task "Microsoft.SourceLink.GitLab.GetSourceLinkUrl"
       Done executing task "Microsoft.SourceLink.GitLab.GetSourceLinkUrl".
   5:6>Done building target "_InitializeGitLabSourceLinkUrl" in project "TalenHuman.API.csproj".
   5:6>Target "_InitializeGitLabSourceLinkUrl" in file "C:\Program Files\dotnet\sdk\8.0.302\Sdks\Microsoft.SourceLink.GitLab\build\Microsoft.SourceLink.GitLab.targets" from project "D:\Tito Pedraza\OneDrive\Proyectos\Codigo Fuente\repos\HumanCore\src\TalenHuman.API\TalenHuman.API.csproj" (target "_GenerateSourceLinkFile" depends on it):
       Building target "_InitializeGitLabSourceLinkUrl" completely.
       No input files were specified.
       Task "Microsoft.SourceLink.GitLab.GetSourceLinkUrl"
       Done executing task "Microsoft.SourceLink.GitLab.GetSourceLinkUrl".
   5:6>Done building target "_InitializeGitLabSourceLinkUrl" in project "TalenHuman.API.csproj".
   5:6>Target "_InitializeGitLabSourceLinkUrl" in file "C:\Program Files\dotnet\sdk\8.0.302\Sdks\Microsoft.SourceLink.GitLab\build\Microsoft.SourceLink.GitLab.targets" from project "D:\Tito Pedraza\OneDrive\Proyectos\Codigo Fuente\repos\HumanCore\src\TalenHuman.API\TalenHuman.API.csproj" (target "_GenerateSourceLinkFile" depends on it):
       Building target "_InitializeGitLabSourceLinkUrl" completely.
       No input files were specified.
       Task "Microsoft.SourceLink.GitLab.GetSourceLinkUrl"
       Done executing task "Microsoft.SourceLink.GitLab.GetSourceLinkUrl".
   5:6>Done building target "_InitializeGitLabSourceLinkUrl" in project "TalenHuman.API.csproj".
   5:6>Target "_InitializeAzureReposGitSourceLinkUrl" in file "C:\Program Files\dotnet\sdk\8.0.302\Sdks\Microsoft.SourceLink.AzureRepos.Git\build\Microsoft.SourceLink.AzureRepos.Git.targets" from project "D:\Tito Pedraza\OneDrive\Proyectos\Codigo Fuente\repos\HumanCore\src\TalenHuman.API\TalenHuman.API.csproj" (target "_GenerateSourceLinkFile" depends on it):
       Building target "_InitializeAzureReposGitSourceLinkUrl" completely.
       No input files were specified.
       Using "Microsoft.SourceLink.AzureRepos.Git.GetSourceLinkUrl" task from assembly "C:\Program Files\dotnet\sdk\8.0.302\Sdks\Microsoft.SourceLink.AzureRepos.Git\build\..\tools\core\Microsoft.SourceLink.AzureRepos.Git.dll".
       Task "Microsoft.SourceLink.AzureRepos.Git.GetSourceLinkUrl"
       Done executing task "Microsoft.SourceLink.AzureRepos.Git.GetSourceLinkUrl".
   5:6>Done building target "_InitializeAzureReposGitSourceLinkUrl" in project "TalenHuman.API.csproj".
   5:6>Target "_InitializeAzureReposGitSourceLinkUrl" in file "C:\Program Files\dotnet\sdk\8.0.302\Sdks\Microsoft.SourceLink.AzureRepos.Git\build\Microsoft.SourceLink.AzureRepos.Git.targets" from project "D:\Tito Pedraza\OneDrive\Proyectos\Codigo Fuente\repos\HumanCore\src\TalenHuman.API\TalenHuman.API.csproj" (target "_GenerateSourceLinkFile" depends on it):
       Building target "_InitializeAzureReposGitSourceLinkUrl" completely.
       No input files were specified.
       Task "Microsoft.SourceLink.AzureRepos.Git.GetSourceLinkUrl"
       Done executing task "Microsoft.SourceLink.AzureRepos.Git.GetSourceLinkUrl".
   5:6>Done building target "_InitializeAzureReposGitSourceLinkUrl" in project "TalenHuman.API.csproj".
   5:6>Target "_InitializeAzureReposGitSourceLinkUrl" in file "C:\Program Files\dotnet\sdk\8.0.302\Sdks\Microsoft.SourceLink.AzureRepos.Git\build\Microsoft.SourceLink.AzureRepos.Git.targets" from project "D:\Tito Pedraza\OneDrive\Proyectos\Codigo Fuente\repos\HumanCore\src\TalenHuman.API\TalenHuman.API.csproj" (target "_GenerateSourceLinkFile" depends on it):
       Building target "_InitializeAzureReposGitSourceLinkUrl" completely.
       No input files were specified.
       Task "Microsoft.SourceLink.AzureRepos.Git.GetSourceLinkUrl"
       Done executing task "Microsoft.SourceLink.AzureRepos.Git.GetSourceLinkUrl".
   5:6>Done building target "_InitializeAzureReposGitSourceLinkUrl" in project "TalenHuman.API.csproj".
   5:6>Target "_InitializeBitbucketGitSourceLinkUrl" in file "C:\Program Files\dotnet\sdk\8.0.302\Sdks\Microsoft.SourceLink.Bitbucket.Git\build\Microsoft.SourceLink.Bitbucket.Git.targets" from project "D:\Tito Pedraza\OneDrive\Proyectos\Codigo Fuente\repos\HumanCore\src\TalenHuman.API\TalenHuman.API.csproj" (target "_GenerateSourceLinkFile" depends on it):
       Building target "_InitializeBitbucketGitSourceLinkUrl" completely.
       No input files were specified.
       Using "Microsoft.SourceLink.Bitbucket.Git.GetSourceLinkUrl" task from assembly "C:\Program Files\dotnet\sdk\8.0.302\Sdks\Microsoft.SourceLink.Bitbucket.Git\build\..\tools\core\Microsoft.SourceLink.Bitbucket.Git.dll".
       Task "Microsoft.SourceLink.Bitbucket.Git.GetSourceLinkUrl"
       Done executing task "Microsoft.SourceLink.Bitbucket.Git.GetSourceLinkUrl".
   5:6>Done building target "_InitializeBitbucketGitSourceLinkUrl" in project "TalenHuman.API.csproj".
   5:6>Target "_InitializeBitbucketGitSourceLinkUrl" in file "C:\Program Files\dotnet\sdk\8.0.302\Sdks\Microsoft.SourceLink.Bitbucket.Git\build\Microsoft.SourceLink.Bitbucket.Git.targets" from project "D:\Tito Pedraza\OneDrive\Proyectos\Codigo Fuente\repos\HumanCore\src\TalenHuman.API\TalenHuman.API.csproj" (target "_GenerateSourceLinkFile" depends on it):
       Building target "_InitializeBitbucketGitSourceLinkUrl" completely.
       No input files were specified.
       Task "Microsoft.SourceLink.Bitbucket.Git.GetSourceLinkUrl"
       Done executing task "Microsoft.SourceLink.Bitbucket.Git.GetSourceLinkUrl".
   5:6>Done building target "_InitializeBitbucketGitSourceLinkUrl" in project "TalenHuman.API.csproj".
   5:6>Target "_InitializeBitbucketGitSourceLinkUrl" in file "C:\Program Files\dotnet\sdk\8.0.302\Sdks\Microsoft.SourceLink.Bitbucket.Git\build\Microsoft.SourceLink.Bitbucket.Git.targets" from project "D:\Tito Pedraza\OneDrive\Proyectos\Codigo Fuente\repos\HumanCore\src\TalenHuman.API\TalenHuman.API.csproj" (target "_GenerateSourceLinkFile" depends on it):
       Building target "_InitializeBitbucketGitSourceLinkUrl" completely.
       No input files were specified.
       Task "Microsoft.SourceLink.Bitbucket.Git.GetSourceLinkUrl"
       Done executing task "Microsoft.SourceLink.Bitbucket.Git.GetSourceLinkUrl".
   5:6>Done building target "_InitializeBitbucketGitSourceLinkUrl" in project "TalenHuman.API.csproj".
   5:6>Target "_GenerateSourceLinkFile" in file "C:\Program Files\dotnet\sdk\8.0.302\Sdks\Microsoft.SourceLink.Common\build\Microsoft.SourceLink.Common.targets" from project "D:\Tito Pedraza\OneDrive\Proyectos\Codigo Fuente\repos\HumanCore\src\TalenHuman.API\TalenHuman.API.csproj" (target "GenerateSourceLinkFile" depends on it):
       Building target "_GenerateSourceLinkFile" completely.
       No input files were specified.
       Using "Microsoft.SourceLink.Common.GenerateSourceLinkFile" task from assembly "C:\Program Files\dotnet\sdk\8.0.302\Sdks\Microsoft.SourceLink.Common\build\..\tools\core\Microsoft.SourceLink.Common.dll".
       Task "Microsoft.SourceLink.Common.GenerateSourceLinkFile"
         Source Link file 'obj\Debug\net8.0\TalenHuman.API.sourcelink.json' is up-to-date.
       Done executing task "Microsoft.SourceLink.Common.GenerateSourceLinkFile".
   5:6>Done building target "_GenerateSourceLinkFile" in project "TalenHuman.API.csproj".
   5:6>Target "GenerateSourceLinkFile" in file "C:\Program Files\dotnet\sdk\8.0.302\Sdks\Microsoft.SourceLink.Common\build\Microsoft.SourceLink.Common.targets" from project "D:\Tito Pedraza\OneDrive\Proyectos\Codigo Fuente\repos\HumanCore\src\TalenHuman.API\TalenHuman.API.csproj" (target "CoreCompile" depends on it):
   5:6>Done building target "GenerateSourceLinkFile" in project "TalenHuman.API.csproj".
   5:6>Target "AddGlobalAnalyzerConfigForPackage_MicrosoftCodeAnalysisNetAnalyzers" in file "C:\Program Files\dotnet\sdk\8.0.302\Sdks\Microsoft.NET.Sdk\analyzers\build\Microsoft.CodeAnalysis.NetAnalyzers.targets" from project "D:\Tito Pedraza\OneDrive\Proyectos\Codigo Fuente\repos\HumanCore\src\TalenHuman.API\TalenHuman.API.csproj" (target "CoreCompile" depends on it):
   5:6>Done building target "AddGlobalAnalyzerConfigForPackage_MicrosoftCodeAnalysisNetAnalyzers" in project "TalenHuman.API.csproj".
       Target "AddGlobalAnalyzerConfigForPackage_MicrosoftCodeAnalysisNetAnalyzersDesign" skipped, due to false condition; ('$(SkipGlobalAnalyzerConfigForPackage)' != 'true' and ('$(AnalysisLevelDesign)' != '' or '$(AnalysisModeDesign)' != '')) was evaluated as ('' != 'true' and ('' != '' or '' != '')).
       Target "AddGlobalAnalyzerConfigForPackage_MicrosoftCodeAnalysisNetAnalyzersDocumentation" skipped, due to false condition; ('$(SkipGlobalAnalyzerConfigForPackage)' != 'true' and ('$(AnalysisLevelDocumentation)' != '' or '$(AnalysisModeDocumentation)' != '')) was evaluated as ('' != 'true' and ('' != '' or '' != '')).
       Target "AddGlobalAnalyzerConfigForPackage_MicrosoftCodeAnalysisNetAnalyzersGlobalization" skipped, due to false condition; ('$(SkipGlobalAnalyzerConfigForPackage)' != 'true' and ('$(AnalysisLevelGlobalization)' != '' or '$(AnalysisModeGlobalization)' != '')) was evaluated as ('' != 'true' and ('' != '' or '' != '')).
       Target "AddGlobalAnalyzerConfigForPackage_MicrosoftCodeAnalysisNetAnalyzersInteroperability" skipped, due to false condition; ('$(SkipGlobalAnalyzerConfigForPackage)' != 'true' and ('$(AnalysisLevelInteroperability)' != '' or '$(AnalysisModeInteroperability)' != '')) was evaluated as ('' != 'true' and ('' != '' or '' != '')).
       Target "AddGlobalAnalyzerConfigForPackage_MicrosoftCodeAnalysisNetAnalyzersMaintainability" skipped, due to false condition; ('$(SkipGlobalAnalyzerConfigForPackage)' != 'true' and ('$(AnalysisLevelMaintainability)' != '' or '$(AnalysisModeMaintainability)' != '')) was evaluated as ('' != 'true' and ('' != '' or '' != '')).
       Target "AddGlobalAnalyzerConfigForPackage_MicrosoftCodeAnalysisNetAnalyzersNaming" skipped, due to false condition; ('$(SkipGlobalAnalyzerConfigForPackage)' != 'true' and ('$(AnalysisLevelNaming)' != '' or '$(AnalysisModeNaming)' != '')) was evaluated as ('' != 'true' and ('' != '' or '' != '')).
       Target "AddGlobalAnalyzerConfigForPackage_MicrosoftCodeAnalysisNetAnalyzersPerformance" skipped, due to false condition; ('$(SkipGlobalAnalyzerConfigForPackage)' != 'true' and ('$(AnalysisLevelPerformance)' != '' or '$(AnalysisModePerformance)' != '')) was evaluated as ('' != 'true' and ('' != '' or '' != '')).
       Target "AddGlobalAnalyzerConfigForPackage_MicrosoftCodeAnalysisNetAnalyzersReliability" skipped, due to false condition; ('$(SkipGlobalAnalyzerConfigForPackage)' != 'true' and ('$(AnalysisLevelReliability)' != '' or '$(AnalysisModeReliability)' != '')) was evaluated as ('' != 'true' and ('' != '' or '' != '')).
       Target "AddGlobalAnalyzerConfigForPackage_MicrosoftCodeAnalysisNetAnalyzersSecurity" skipped, due to false condition; ('$(SkipGlobalAnalyzerConfigForPackage)' != 'true' and ('$(AnalysisLevelSecurity)' != '' or '$(AnalysisModeSecurity)' != '')) was evaluated as ('' != 'true' and ('' != '' or '' != '')).
       Target "AddGlobalAnalyzerConfigForPackage_MicrosoftCodeAnalysisNetAnalyzersUsage" skipped, due to false condition; ('$(SkipGlobalAnalyzerConfigForPackage)' != 'true' and ('$(AnalysisLevelUsage)' != '' or '$(AnalysisModeUsage)' != '')) was evaluated as ('' != 'true' and ('' != '' or '' != '')).
       Target "_CodeAnalysisTreatWarningsAsErrors" skipped, due to false condition; ('$(DesignTimeBuild)' == 'true' OR '$(BuildingProject)' != 'true') was evaluated as ('' == 'true' OR 'true' != 'true').
   5:6>Target "_ReportUpgradeNetAnalyzersNuGetWarning" in file "C:\Program Files\dotnet\sdk\8.0.302\Sdks\Microsoft.NET.Sdk\analyzers\build\Microsoft.CodeAnalysis.NetAnalyzers.targets" from project "D:\Tito Pedraza\OneDrive\Proyectos\Codigo Fuente\repos\HumanCore\src\TalenHuman.API\TalenHuman.API.csproj" (target "CoreCompile" depends on it):
       Task "Warning" skipped, due to false condition; ('$(_NETAnalyzersNuGetAssemblyVersion)' != '' AND
                                '$(_NETAnalyzersSDKAssemblyVersion)' != '' AND
                                 $(_NETAnalyzersNuGetAssemblyVersion) < $(_NETAnalyzersSDKAssemblyVersion)) was evaluated as ('' != '' AND
                                '8.0.0' != '' AND
                                  < 8.0.0).
   5:6>Done building target "_ReportUpgradeNetAnalyzersNuGetWarning" in project "TalenHuman.API.csproj".
   5:6>Target "CoreCompile" in file "C:\Program Files\dotnet\sdk\8.0.302\Roslyn\Microsoft.CSharp.Core.targets" from project "D:\Tito Pedraza\OneDrive\Proyectos\Codigo Fuente\repos\HumanCore\src\TalenHuman.API\TalenHuman.API.csproj" (target "Compile" depends on it):
       Building target "CoreCompile" completely.
       Input file "Controllers\SecurityController.cs" is newer than output file "obj\Debug\net8.0\TalenHuman.API.pdb".
       Using "Csc" task from assembly "C:\Program Files\dotnet\sdk\8.0.302\Roslyn\Microsoft.Build.Tasks.CodeAnalysis.dll".
       Task "Csc"
         C:\Program Files\dotnet\dotnet.exe exec "C:\Program Files\dotnet\sdk\8.0.302\Roslyn\bincore\csc.dll" /noconfig /unsafe- /checked- /nowarn:1701,1702,NU1605,1701,1702 /fullpaths /nostdlib+ /errorreport:prompt /warn:8 /define:TRACE;DEBUG;NET;NET8_0;NETCOREAPP;NET5_0_OR_GREATER;NET6_0_OR_GREATER;NET7_0_OR_GREATER;NET8_0_OR_GREATER;NETCOREAPP1_0_OR_GREATER;NETCOREAPP1_1_OR_GREATER;NETCOREAPP2_0_OR_GREATER;NETCOREAPP2_1_OR_GREATER;NETCOREAPP2_2_OR_GREATER;NETCOREAPP3_0_OR_GREATER;NETCOREAPP3_1_OR_GREATER /highentropyva+ /nullable:enable /reference:C:\Users\messa\.nuget\packages\awssdk.core\4.0.3.23\lib\net8.0\AWSSDK.Core.dll /reference:C:\Users\messa\.nuget\packages\awssdk.s3\4.0.19.3\lib\net8.0\AWSSDK.S3.dll /reference:C:\Users\messa\.nuget\packages\closedxml\0.105.0\lib\netstandard2.1\ClosedXML.dll /reference:C:\Users\messa\.nuget\packages\closedxml.parser\2.0.0\lib\netstandard2.1\ClosedXML.Parser.dll /reference:C:\Users\messa\.nuget\packages\documentformat.openxml\3.1.1\lib\net8.0\DocumentFormat.OpenXml.dll /reference:C:\Users\messa\.nuget\packages\documentformat.openxml.framework\3.1.1\lib\net8.0\DocumentFormat.OpenXml.Framework.dll /reference:C:\Users\messa\.nuget\packages\exceldatareader.dataset\3.8.0\lib\net8.0\ExcelDataReader.DataSet.dll /reference:C:\Users\messa\.nuget\packages\exceldatareader\3.8.0\lib\net8.0\ExcelDataReader.dll /reference:C:\Users\messa\.nuget\packages\excelnumberformat\1.1.0\lib\netstandard2.0\ExcelNumberFormat.dll /reference:C:\Users\messa\.nuget\packages\fido2.aspnet\4.0.0\lib\net8.0\Fido2.AspNet.dll /reference:C:\Users\messa\.nuget\packages\fido2\4.0.0\lib\net8.0\Fido2.dll /reference:C:\Users\messa\.nuget\packages\fido2.models\4.0.0\lib\net8.0\Fido2.Models.dll /reference:C:\Users\messa\.nuget\packages\firebaseadmin\3.5.0\lib\net6.0\FirebaseAdmin.dll /reference:C:\Users\messa\.nuget\packages\fluentvalidation.aspnetcore\11.3.1\lib\net6.0\FluentValidation.AspNetCore.dll /reference:C:\Users\messa\.nuget\packages\fluentvalidation.dependencyinjectionextensions\11.11.0\lib\netstandard2.1\FluentValidation.DependencyInjectionExtensions.dll /reference:C:\Users\messa\.nuget\packages\fluentvalidation\11.11.0\lib\net8.0\FluentValidation.dll /reference:C:\Users\messa\.nuget\packages\google.api.gax\4.13.1\lib\netstandard2.0\Google.Api.Gax.dll /reference:C:\Users\messa\.nuget\packages\google.api.gax.rest\4.13.1\lib\netstandard2.0\Google.Api.Gax.Rest.dll /reference:C:\Users\messa\.nuget\packages\google.apis.auth\1.73.0\lib\net6.0\Google.Apis.Auth.dll /reference:C:\Users\messa\.nuget\packages\google.apis.core\1.73.0\lib\net6.0\Google.Apis.Core.dll /reference:C:\Users\messa\.nuget\packages\google.apis\1.73.0\lib\net6.0\Google.Apis.dll /reference:C:\Users\messa\.nuget\packages\mediatr.contracts\2.0.1\lib\netstandard2.0\MediatR.Contracts.dll /reference:C:\Users\messa\.nuget\packages\mediatr\12.0.1\lib\net6.0\MediatR.dll /reference:"C:\Program Files\dotnet\packs\Microsoft.AspNetCore.App.Ref\8.0.6\ref\net8.0\Microsoft.AspNetCore.Antiforgery.dll" /reference:"C:\Program Files\dotnet\packs\Microsoft.AspNetCore.App.Ref\8.0.6\ref\net8.0\Microsoft.AspNetCore.Authentication.Abstractions.dll" /reference:"C:\Program Files\dotnet\packs\Microsoft.AspNetCore.App.Ref\8.0.6\ref\net8.0\Microsoft.AspNetCore.Authentication.BearerToken.dll" /reference:"C:\Program Files\dotnet\packs\Microsoft.AspNetCore.App.Ref\8.0.6\ref\net8.0\Microsoft.AspNetCore.Authentication.Cookies.dll" /reference:"C:\Program Files\dotnet\packs\Microsoft.AspNetCore.App.Ref\8.0.6\ref\net8.0\Microsoft.AspNetCore.Authentication.Core.dll" /reference:"C:\Program Files\dotnet\packs\Microsoft.AspNetCore.App.Ref\8.0.6\ref\net8.0\Microsoft.AspNetCore.Authentication.dll" /reference:C:\Users\messa\.nuget\packages\microsoft.aspnetcore.authentication.jwtbearer\8.0.11\lib\net8.0\Microsoft.AspNetCore.Authentication.JwtBearer.dll /reference:"C:\Program Files\dotnet\packs\Microsoft.AspNetCore.App.Ref\8.0.6\ref\net8.0\Microsoft.AspNetCore.Authentication.OAuth.dll" /reference:"C:\Program Files\dotnet\packs\Microsoft.AspNetCore.App.Ref\8.0.6\ref\net8.0\Microsoft.AspNetCore.Authorization.dll" /reference:"C:\Program Files\dotnet\packs\Microsoft.AspNetCore.App.Ref\8.0.6\ref\net8.0\Microsoft.AspNetCore.Authorization.Policy.dll" /reference:"C:\Program Files\dotnet\packs\Microsoft.AspNetCore.App.Ref\8.0.6\ref\net8.0\Microsoft.AspNetCore.Components.Authorization.dll" /reference:"C:\Program Files\dotnet\packs\Microsoft.AspNetCore.App.Ref\8.0.6\ref\net8.0\Microsoft.AspNetCore.Components.dll" /reference:"C:\Program Files\dotnet\packs\Microsoft.AspNetCore.App.Ref\8.0.6\ref\net8.0\Microsoft.AspNetCore.Components.Endpoints.dll" /reference:"C:\Program Files\dotnet\packs\Microsoft.AspNetCore.App.Ref\8.0.6\ref\net8.0\Microsoft.AspNetCore.Components.Forms.dll" /reference:"C:\Program Files\dotnet\packs\Microsoft.AspNetCore.App.Ref\8.0.6\ref\net8.0\Microsoft.AspNetCore.Components.Server.dll" /reference:"C:\Program Files\dotnet\packs\Microsoft.AspNetCore.App.Ref\8.0.6\ref\net8.0\Microsoft.AspNetCore.Components.Web.dll" /reference:"C:\Program Files\dotnet\packs\Microsoft.AspNetCore.App.Ref\8.0.6\ref\net8.0\Microsoft.AspNetCore.Connections.Abstractions.dll" /reference:"C:\Program Files\dotnet\packs\Microsoft.AspNetCore.App.Ref\8.0.6\ref\net8.0\Microsoft.AspNetCore.CookiePolicy.dll" /reference:"C:\Program Files\dotnet\packs\Microsoft.AspNetCore.App.Ref\8.0.6\ref\net8.0\Microsoft.AspNetCore.Cors.dll" /reference:C:\Users\messa\.nuget\packages\microsoft.aspnetcore.cryptography.internal\8.0.11\lib\net8.0\Microsoft.AspNetCore.Cryptography.Internal.dll /reference:C:\Users\messa\.nuget\packages\microsoft.aspnetcore.cryptography.keyderivation\8.0.11\lib\net8.0\Microsoft.AspNetCore.Cryptography.KeyDerivation.dll /reference:"C:\Program Files\dotnet\packs\Microsoft.AspNetCore.App.Ref\8.0.6\ref\net8.0\Microsoft.AspNetCore.DataProtection.Abstractions.dll" /reference:"C:\Program Files\dotnet\packs\Microsoft.AspNetCore.App.Ref\8.0.6\ref\net8.0\Microsoft.AspNetCore.DataProtection.dll" /reference:"C:\Program Files\dotnet\packs\Microsoft.AspNetCore.App.Ref\8.0.6\ref\net8.0\Microsoft.AspNetCore.DataProtection.Extensions.dll" /reference:"C:\Program Files\dotnet\packs\Microsoft.AspNetCore.App.Ref\8.0.6\ref\net8.0\Microsoft.AspNetCore.Diagnostics.Abstractions.dll" /reference:"C:\Program Files\dotnet\packs\Microsoft.AspNetCore.App.Ref\8.0.6\ref\net8.0\Microsoft.AspNetCore.Diagnostics.dll" /reference:"C:\Program Files\dotnet\packs\Microsoft.AspNetCore.App.Ref\8.0.6\ref\net8.0\Microsoft.AspNetCore.Diagnostics.HealthChecks.dll" /reference:"C:\Program Files\dotnet\packs\Microsoft.AspNetCore.App.Ref\8.0.6\ref\net8.0\Microsoft.AspNetCore.dll" /reference:"C:\Program Files\dotnet\packs\Microsoft.AspNetCore.App.Ref\8.0.6\ref\net8.0\Microsoft.AspNetCore.HostFiltering.dll" /reference:"C:\Program Files\dotnet\packs\Microsoft.AspNetCore.App.Ref\8.0.6\ref\net8.0\Microsoft.AspNetCore.Hosting.Abstractions.dll" /reference:"C:\Program Files\dotnet\packs\Microsoft.AspNetCore.App.Ref\8.0.6\ref\net8.0\Microsoft.AspNetCore.Hosting.dll" /reference:"C:\Program Files\dotnet\packs\Microsoft.AspNetCore.App.Ref\8.0.6\ref\net8.0\Microsoft.AspNetCore.Hosting.Server.Abstractions.dll" /reference:"C:\Program Files\dotnet\packs\Microsoft.AspNetCore.App.Ref\8.0.6\ref\net8.0\Microsoft.AspNetCore.Html.Abstractions.dll" /reference:"C:\Program Files\dotnet\packs\Microsoft.AspNetCore.App.Ref\8.0.6\ref\net8.0\Microsoft.AspNetCore.Http.Abstractions.dll" /reference:"C:\Program Files\dotnet\packs\Microsoft.AspNetCore.App.Ref\8.0.6\ref\net8.0\Microsoft.AspNetCore.Http.Connections.Common.dll" /reference:"C:\Program Files\dotnet\packs\Microsoft.AspNetCore.App.Ref\8.0.6\ref\net8.0\Microsoft.AspNetCore.Http.Connections.dll" /reference:"C:\Program Files\dotnet\packs\Microsoft.AspNetCore.App.Ref\8.0.6\ref\net8.0\Microsoft.AspNetCore.Http.dll" /reference:"C:\Program Files\dotnet\packs\Microsoft.AspNetCore.App.Ref\8.0.6\ref\net8.0\Microsoft.AspNetCore.Http.Extensions.dll" /reference:"C:\Program Files\dotnet\packs\Microsoft.AspNetCore.App.Ref\8.0.6\ref\net8.0\Microsoft.AspNetCore.Http.Features.dll" /reference:"C:\Program Files\dotnet\packs\Microsoft.AspNetCore.App.Ref\8.0.6\ref\net8.0\Microsoft.AspNetCore.Http.Results.dll" /reference:"C:\Program Files\dotnet\packs\Microsoft.AspNetCore.App.Ref\8.0.6\ref\net8.0\Microsoft.AspNetCore.HttpLogging.dll" /reference:"C:\Program Files\dotnet\packs\Microsoft.AspNetCore.App.Ref\8.0.6\ref\net8.0\Microsoft.AspNetCore.HttpOverrides.dll" /reference:"C:\Program Files\dotnet\packs\Microsoft.AspNetCore.App.Ref\8.0.6\ref\net8.0\Microsoft.AspNetCore.HttpsPolicy.dll" /reference:"C:\Program Files\dotnet\packs\Microsoft.AspNetCore.App.Ref\8.0.6\ref\net8.0\Microsoft.AspNetCore.Identity.dll" /reference:C:\Users\messa\.nuget\packages\microsoft.aspnetcore.identity.entityframeworkcore\8.0.11\lib\net8.0\Microsoft.AspNetCore.Identity.EntityFrameworkCore.dll /reference:"C:\Program Files\dotnet\packs\Microsoft.AspNetCore.App.Ref\8.0.6\ref\net8.0\Microsoft.AspNetCore.Localization.dll" /reference:"C:\Program Files\dotnet\packs\Microsoft.AspNetCore.App.Ref\8.0.6\ref\net8.0\Microsoft.AspNetCore.Localization.Routing.dll" /reference:"C:\Program Files\dotnet\packs\Microsoft.AspNetCore.App.Ref\8.0.6\ref\net8.0\Microsoft.AspNetCore.Metadata.dll" /reference:"C:\Program Files\dotnet\packs\Microsoft.AspNetCore.App.Ref\8.0.6\ref\net8.0\Microsoft.AspNetCore.Mvc.Abstractions.dll" /reference:"C:\Program Files\dotnet\packs\Microsoft.AspNetCore.App.Ref\8.0.6\ref\net8.0\Microsoft.AspNetCore.Mvc.ApiExplorer.dll" /reference:"C:\Program Files\dotnet\packs\Microsoft.AspNetCore.App.Ref\8.0.6\ref\net8.0\Microsoft.AspNetCore.Mvc.Core.dll" /reference:"C:\Program Files\dotnet\packs\Microsoft.AspNetCore.App.Ref\8.0.6\ref\net8.0\Microsoft.AspNetCore.Mvc.Cors.dll" /reference:"C:\Program Files\dotnet\packs\Microsoft.AspNetCore.App.Ref\8.0.6\ref\net8.0\Microsoft.AspNetCore.Mvc.DataAnnotations.dll" /reference:"C:\Program Files\dotnet\packs\Microsoft.AspNetCore.App.Ref\8.0.6\ref\net8.0\Microsoft.AspNetCore.Mvc.dll" /reference:"C:\Program Files\dotnet\packs\Microsoft.AspNetCore.App.Ref\8.0.6\ref\net8.0\Microsoft.AspNetCore.Mvc.Formatters.Json.dll" /reference:"C:\Program Files\dotnet\packs\Microsoft.AspNetCore.App.Ref\8.0.6\ref\net8.0\Microsoft.AspNetCore.Mvc.Formatters.Xml.dll" /reference:"C:\Program Files\dotnet\packs\Microsoft.AspNetCore.App.Ref\8.0.6\ref\net8.0\Microsoft.AspNetCore.Mvc.Localization.dll" /reference:"C:\Program Files\dotnet\packs\Microsoft.AspNetCore.App.Ref\8.0.6\ref\net8.0\Microsoft.AspNetCore.Mvc.Razor.dll" /reference:"C:\Program Files\dotnet\packs\Microsoft.AspNetCore.App.Ref\8.0.6\ref\net8.0\Microsoft.AspNetCore.Mvc.RazorPages.dll" /reference:"C:\Program Files\dotnet\packs\Microsoft.AspNetCore.App.Ref\8.0.6\ref\net8.0\Microsoft.AspNetCore.Mvc.TagHelpers.dll" /reference:"C:\Program Files\dotnet\packs\Microsoft.AspNetCore.App.Ref\8.0.6\ref\net8.0\Microsoft.AspNetCore.Mvc.ViewFeatures.dll" /reference:C:\Users\messa\.nuget\packages\microsoft.aspnetcore.openapi\8.0.11\lib\net8.0\Microsoft.AspNetCore.OpenApi.dll /reference:"C:\Program Files\dotnet\packs\Microsoft.AspNetCore.App.Ref\8.0.6\ref\net8.0\Microsoft.AspNetCore.OutputCaching.dll" /reference:"C:\Program Files\dotnet\packs\Microsoft.AspNetCore.App.Ref\8.0.6\ref\net8.0\Microsoft.AspNetCore.RateLimiting.dll" /reference:"C:\Program Files\dotnet\packs\Microsoft.AspNetCore.App.Ref\8.0.6\ref\net8.0\Microsoft.AspNetCore.Razor.dll" /reference:"C:\Program Files\dotnet\packs\Microsoft.AspNetCore.App.Ref\8.0.6\ref\net8.0\Microsoft.AspNetCore.Razor.Runtime.dll" /reference:"C:\Program Files\dotnet\packs\Microsoft.AspNetCore.App.Ref\8.0.6\ref\net8.0\Microsoft.AspNetCore.RequestDecompression.dll" /reference:"C:\Program Files\dotnet\packs\Microsoft.AspNetCore.App.Ref\8.0.6\ref\net8.0\Microsoft.AspNetCore.ResponseCaching.Abstractions.dll" /reference:"C:\Program Files\dotnet\packs\Microsoft.AspNetCore.App.Ref\8.0.6\ref\net8.0\Microsoft.AspNetCore.ResponseCaching.dll" /reference:"C:\Program Files\dotnet\packs\Microsoft.AspNetCore.App.Ref\8.0.6\ref\net8.0\Microsoft.AspNetCore.ResponseCompression.dll" /reference:"C:\Program Files\dotnet\packs\Microsoft.AspNetCore.App.Ref\8.0.6\ref\net8.0\Microsoft.AspNetCore.Rewrite.dll" /reference:"C:\Program Files\dotnet\packs\Microsoft.AspNetCore.App.Ref\8.0.6\ref\net8.0\Microsoft.AspNetCore.Routing.Abstractions.dll" /reference:"C:\Program Files\dotnet\packs\Microsoft.AspNetCore.App.Ref\8.0.6\ref\net8.0\Microsoft.AspNetCore.Routing.dll" /reference:"C:\Program Files\dotnet\packs\Microsoft.AspNetCore.App.Ref\8.0.6\ref\net8.0\Microsoft.AspNetCore.Server.HttpSys.dll" /reference:"C:\Program Files\dotnet\packs\Microsoft.AspNetCore.App.Ref\8.0.6\ref\net8.0\Microsoft.AspNetCore.Server.IIS.dll" /reference:"C:\Program Files\dotnet\packs\Microsoft.AspNetCore.App.Ref\8.0.6\ref\net8.0\Microsoft.AspNetCore.Server.IISIntegration.dll" /reference:"C:\Program Files\dotnet\packs\Microsoft.AspNetCore.App.Ref\8.0.6\ref\net8.0\Microsoft.AspNetCore.Server.Kestrel.Core.dll" /reference:"C:\Program Files\dotnet\packs\Microsoft.AspNetCore.App.Ref\8.0.6\ref\net8.0\Microsoft.AspNetCore.Server.Kestrel.dll" /reference:"C:\Program Files\dotnet\packs\Microsoft.AspNetCore.App.Ref\8.0.6\ref\net8.0\Microsoft.AspNetCore.Server.Kestrel.Transport.NamedPipes.dll" /reference:"C:\Program Files\dotnet\packs\Microsoft.AspNetCore.App.Ref\8.0.6\ref\net8.0\Microsoft.AspNetCore.Server.Kestrel.Transport.Quic.dll" /reference:"C:\Program Files\dotnet\packs\Microsoft.AspNetCore.App.Ref\8.0.6\ref\net8.0\Microsoft.AspNetCore.Server.Kestrel.Transport.Sockets.dll" /reference:"C:\Program Files\dotnet\packs\Microsoft.AspNetCore.App.Ref\8.0.6\ref\net8.0\Microsoft.AspNetCore.Session.dll" /reference:"C:\Program Files\dotnet\packs\Microsoft.AspNetCore.App.Ref\8.0.6\ref\net8.0\Microsoft.AspNetCore.SignalR.Common.dll" /reference:"C:\Program Files\dotnet\packs\Microsoft.AspNetCore.App.Ref\8.0.6\ref\net8.0\Microsoft.AspNetCore.SignalR.Core.dll" /reference:"C:\Program Files\dotnet\packs\Microsoft.AspNetCore.App.Ref\8.0.6\ref\net8.0\Microsoft.AspNetCore.SignalR.dll" /reference:"C:\Program Files\dotnet\packs\Microsoft.AspNetCore.App.Ref\8.0.6\ref\net8.0\Microsoft.AspNetCore.SignalR.Protocols.Json.dll" /reference:"C:\Program Files\dotnet\packs\Microsoft.AspNetCore.App.Ref\8.0.6\ref\net8.0\Microsoft.AspNetCore.StaticFiles.dll" /reference:"C:\Program Files\dotnet\packs\Microsoft.AspNetCore.App.Ref\8.0.6\ref\net8.0\Microsoft.AspNetCore.WebSockets.dll" /reference:"C:\Program Files\dotnet\packs\Microsoft.AspNetCore.App.Ref\8.0.6\ref\net8.0\Microsoft.AspNetCore.WebUtilities.dll" /reference:C:\Users\messa\.nuget\packages\microsoft.bcl.asyncinterfaces\6.0.0\lib\netstandard2.1\Microsoft.Bcl.AsyncInterfaces.dll /reference:C:\Users\messa\.nuget\packages\microsoft.bcl.memory\9.0.0\lib\net8.0\Microsoft.Bcl.Memory.dll /reference:C:\Users\messa\.nuget\packages\microsoft.bcl.timeprovider\8.0.1\lib\net8.0\Microsoft.Bcl.TimeProvider.dll /reference:"C:\Program Files\dotnet\packs\Microsoft.NETCore.App.Ref\8.0.6\ref\net8.0\Microsoft.CSharp.dll" /reference:C:\Users\messa\.nuget\packages\microsoft.entityframeworkcore.abstractions\8.0.11\lib\net8.0\Microsoft.EntityFrameworkCore.Abstractions.dll /reference:C:\Users\messa\.nuget\packages\microsoft.entityframeworkcore\8.0.11\lib\net8.0\Microsoft.EntityFrameworkCore.dll /reference:C:\Users\messa\.nuget\packages\microsoft.entityframeworkcore.relational\8.0.11\lib\net8.0\Microsoft.EntityFrameworkCore.Relational.dll /reference:"C:\Program Files\dotnet\packs\Microsoft.AspNetCore.App.Ref\8.0.6\ref\net8.0\Microsoft.Extensions.Caching.Abstractions.dll" /reference:C:\Users\messa\.nuget\packages\microsoft.extensions.caching.memory\8.0.1\lib\net8.0\Microsoft.Extensions.Caching.Memory.dll /reference:C:\Users\messa\.nuget\packages\microsoft.extensions.configuration.abstractions\9.0.0\lib\net8.0\Microsoft.Extensions.Configuration.Abstractions.dll /reference:C:\Users\messa\.nuget\packages\microsoft.extensions.configuration.binder\9.0.0\lib\net8.0\Microsoft.Extensions.Configuration.Binder.dll /reference:"C:\Program Files\dotnet\packs\Microsoft.AspNetCore.App.Ref\8.0.6\ref\net8.0\Microsoft.Extensions.Configuration.CommandLine.dll" /reference:C:\Users\messa\.nuget\packages\microsoft.extensions.configuration\9.0.0\lib\net8.0\Microsoft.Extensions.Configuration.dll /reference:"C:\Program Files\dotnet\packs\Microsoft.AspNetCore.App.Ref\8.0.6\ref\net8.0\Microsoft.Extensions.Configuration.EnvironmentVariables.dll" /reference:"C:\Program Files\dotnet\packs\Microsoft.AspNetCore.App.Ref\8.0.6\ref\net8.0\Microsoft.Extensions.Configuration.FileExtensions.dll" /reference:"C:\Program Files\dotnet\packs\Microsoft.AspNetCore.App.Ref\8.0.6\ref\net8.0\Microsoft.Extensions.Configuration.Ini.dll" /reference:"C:\Program Files\dotnet\packs\Microsoft.AspNetCore.App.Ref\8.0.6\ref\net8.0\Microsoft.Extensions.Configuration.Json.dll" /reference:"C:\Program Files\dotnet\packs\Microsoft.AspNetCore.App.Ref\8.0.6\ref\net8.0\Microsoft.Extensions.Configuration.KeyPerFile.dll" /reference:"C:\Program Files\dotnet\packs\Microsoft.AspNetCore.App.Ref\8.0.6\ref\net8.0\Microsoft.Extensions.Configuration.UserSecrets.dll" /reference:"C:\Program Files\dotnet\packs\Microsoft.AspNetCore.App.Ref\8.0.6\ref\net8.0\Microsoft.Extensions.Configuration.Xml.dll" /reference:"C:\Program Files\dotnet\packs\Microsoft.AspNetCore.App.Ref\8.0.6\ref\net8.0\Microsoft.Extensions.DependencyInjection.Abstractions.dll" /reference:C:\Users\messa\.nuget\packages\microsoft.extensions.dependencyinjection\9.0.0\lib\net8.0\Microsoft.Extensions.DependencyInjection.dll /reference:C:\Users\messa\.nuget\packages\microsoft.extensions.diagnostics.abstractions\9.0.0\lib\net8.0\Microsoft.Extensions.Diagnostics.Abstractions.dll /reference:C:\Users\messa\.nuget\packages\microsoft.extensions.diagnostics\9.0.0\lib\net8.0\Microsoft.Extensions.Diagnostics.dll /reference:"C:\Program Files\dotnet\packs\Microsoft.AspNetCore.App.Ref\8.0.6\ref\net8.0\Microsoft.Extensions.Diagnostics.HealthChecks.Abstractions.dll" /reference:"C:\Program Files\dotnet\packs\Microsoft.AspNetCore.App.Ref\8.0.6\ref\net8.0\Microsoft.Extensions.Diagnostics.HealthChecks.dll" /reference:"C:\Program Files\dotnet\packs\Microsoft.AspNetCore.App.Ref\8.0.6\ref\net8.0\Microsoft.Extensions.Features.dll" /reference:"C:\Program Files\dotnet\packs\Microsoft.AspNetCore.App.Ref\8.0.6\ref\net8.0\Microsoft.Extensions.FileProviders.Abstractions.dll" /reference:"C:\Program Files\dotnet\packs\Microsoft.AspNetCore.App.Ref\8.0.6\ref\net8.0\Microsoft.Extensions.FileProviders.Composite.dll" /reference:"C:\Program Files\dotnet\packs\Microsoft.AspNetCore.App.Ref\8.0.6\ref\net8.0\Microsoft.Extensions.FileProviders.Embedded.dll" /reference:"C:\Program Files\dotnet\packs\Microsoft.AspNetCore.App.Ref\8.0.6\ref\net8.0\Microsoft.Extensions.FileProviders.Physical.dll" /reference:"C:\Program Files\dotnet\packs\Microsoft.AspNetCore.App.Ref\8.0.6\ref\net8.0\Microsoft.Extensions.FileSystemGlobbing.dll" /reference:"C:\Program Files\dotnet\packs\Microsoft.AspNetCore.App.Ref\8.0.6\ref\net8.0\Microsoft.Extensions.Hosting.Abstractions.dll" /reference:"C:\Program Files\dotnet\packs\Microsoft.AspNetCore.App.Ref\8.0.6\ref\net8.0\Microsoft.Extensions.Hosting.dll" /reference:C:\Users\messa\.nuget\packages\microsoft.extensions.http\9.0.0\lib\net8.0\Microsoft.Extensions.Http.dll /reference:C:\Users\messa\.nuget\packages\microsoft.extensions.identity.core\8.0.11\lib\net8.0\Microsoft.Extensions.Identity.Core.dll /reference:C:\Users\messa\.nuget\packages\microsoft.extensions.identity.stores\8.0.11\lib\net8.0\Microsoft.Extensions.Identity.Stores.dll /reference:"C:\Program Files\dotnet\packs\Microsoft.AspNetCore.App.Ref\8.0.6\ref\net8.0\Microsoft.Extensions.Localization.Abstractions.dll" /reference:"C:\Program Files\dotnet\packs\Microsoft.AspNetCore.App.Ref\8.0.6\ref\net8.0\Microsoft.Extensions.Localization.dll" /reference:C:\Users\messa\.nuget\packages\microsoft.extensions.logging.abstractions\9.0.0\lib\net8.0\Microsoft.Extensions.Logging.Abstractions.dll /reference:"C:\Program Files\dotnet\packs\Microsoft.AspNetCore.App.Ref\8.0.6\ref\net8.0\Microsoft.Extensions.Logging.Configuration.dll" /reference:"C:\Program Files\dotnet\packs\Microsoft.AspNetCore.App.Ref\8.0.6\ref\net8.0\Microsoft.Extensions.Logging.Console.dll" /reference:"C:\Program Files\dotnet\packs\Microsoft.AspNetCore.App.Ref\8.0.6\ref\net8.0\Microsoft.Extensions.Logging.Debug.dll" /reference:C:\Users\messa\.nuget\packages\microsoft.extensions.logging\9.0.0\lib\net8.0\Microsoft.Extensions.Logging.dll /reference:"C:\Program Files\dotnet\packs\Microsoft.AspNetCore.App.Ref\8.0.6\ref\net8.0\Microsoft.Extensions.Logging.EventLog.dll" /reference:"C:\Program Files\dotnet\packs\Microsoft.AspNetCore.App.Ref\8.0.6\ref\net8.0\Microsoft.Extensions.Logging.EventSource.dll" /reference:"C:\Program Files\dotnet\packs\Microsoft.AspNetCore.App.Ref\8.0.6\ref\net8.0\Microsoft.Extensions.Logging.TraceSource.dll" /reference:"C:\Program Files\dotnet\packs\Microsoft.AspNetCore.App.Ref\8.0.6\ref\net8.0\Microsoft.Extensions.ObjectPool.dll" /reference:C:\Users\messa\.nuget\packages\microsoft.extensions.options.configurationextensions\9.0.0\lib\net8.0\Microsoft.Extensions.Options.ConfigurationExtensions.dll /reference:"C:\Program Files\dotnet\packs\Microsoft.AspNetCore.App.Ref\8.0.6\ref\net8.0\Microsoft.Extensions.Options.DataAnnotations.dll" /reference:C:\Users\messa\.nuget\packages\microsoft.extensions.options\9.0.0\lib\net8.0\Microsoft.Extensions.Options.dll /reference:C:\Users\messa\.nuget\packages\microsoft.extensions.primitives\9.0.0\lib\net8.0\Microsoft.Extensions.Primitives.dll /reference:"C:\Program Files\dotnet\packs\Microsoft.AspNetCore.App.Ref\8.0.6\ref\net8.0\Microsoft.Extensions.WebEncoders.dll" /reference:C:\Users\messa\.nuget\packages\microsoft.identitymodel.abstractions\8.2.0\lib\net8.0\Microsoft.IdentityModel.Abstractions.dll /reference:C:\Users\messa\.nuget\packages\microsoft.identitymodel.jsonwebtokens\8.2.0\lib\net8.0\Microsoft.IdentityModel.JsonWebTokens.dll /reference:C:\Users\messa\.nuget\packages\microsoft.identitymodel.logging\8.2.0\lib\net8.0\Microsoft.IdentityModel.Logging.dll /reference:C:\Users\messa\.nuget\packages\microsoft.identitymodel.protocols\7.1.2\lib\net8.0\Microsoft.IdentityModel.Protocols.dll /reference:C:\Users\messa\.nuget\packages\microsoft.identitymodel.protocols.openidconnect\7.1.2\lib\net8.0\Microsoft.IdentityModel.Protocols.OpenIdConnect.dll /reference:C:\Users\messa\.nuget\packages\microsoft.identitymodel.tokens\8.2.0\lib\net8.0\Microsoft.IdentityModel.Tokens.dll /reference:"C:\Program Files\dotnet\packs\Microsoft.AspNetCore.App.Ref\8.0.6\ref\net8.0\Microsoft.JSInterop.dll" /reference:"C:\Program Files\dotnet\packs\Microsoft.AspNetCore.App.Ref\8.0.6\ref\net8.0\Microsoft.Net.Http.Headers.dll" /reference:C:\Users\messa\.nuget\packages\microsoft.openapi\1.6.14\lib\netstandard2.0\Microsoft.OpenApi.dll /reference:"C:\Program Files\dotnet\packs\Microsoft.NETCore.App.Ref\8.0.6\ref\net8.0\Microsoft.VisualBasic.Core.dll" /reference:"C:\Program Files\dotnet\packs\Microsoft.NETCore.App.Ref\8.0.6\ref\net8.0\Microsoft.VisualBasic.dll" /reference:"C:\Program Files\dotnet\packs\Microsoft.NETCore.App.Ref\8.0.6\ref\net8.0\Microsoft.Win32.Primitives.dll" /reference:"C:\Program Files\dotnet\packs\Microsoft.NETCore.App.Ref\8.0.6\ref\net8.0\Microsoft.Win32.Registry.dll" /reference:"C:\Program Files\dotnet\packs\Microsoft.NETCore.App.Ref\8.0.6\ref\net8.0\mscorlib.dll" /reference:"C:\Program Files\dotnet\packs\Microsoft.NETCore.App.Ref\8.0.6\ref\net8.0\netstandard.dll" /reference:C:\Users\messa\.nuget\packages\newtonsoft.json\13.0.4\lib\net6.0\Newtonsoft.Json.dll /reference:C:\Users\messa\.nuget\packages\npgsql\8.0.6\lib\net8.0\Npgsql.dll /reference:C:\Users\messa\.nuget\packages\npgsql.entityframeworkcore.postgresql\8.0.11\lib\net8.0\Npgsql.EntityFrameworkCore.PostgreSQL.dll /reference:C:\Users\messa\.nuget\packages\nsec.cryptography\25.4.0\lib\net8.0\NSec.Cryptography.dll /reference:C:\Users\messa\.nuget\packages\questpdf\2024.12.1\lib\net8.0\QuestPDF.dll /reference:C:\Users\messa\.nuget\packages\rbush.signed\4.0.0\lib\net8.0\RBush.dll /reference:C:\Users\messa\.nuget\packages\sixlabors.fonts\1.0.0\lib\netcoreapp3.1\SixLabors.Fonts.dll /reference:C:\Users\messa\.nuget\packages\sixlabors.imagesharp\3.1.2\lib\net6.0\SixLabors.ImageSharp.dll /reference:C:\Users\messa\.nuget\packages\swashbuckle.aspnetcore.swagger\6.6.2\lib\net8.0\Swashbuckle.AspNetCore.Swagger.dll /reference:C:\Users\messa\.nuget\packages\swashbuckle.aspnetcore.swaggergen\6.6.2\lib\net8.0\Swashbuckle.AspNetCore.SwaggerGen.dll /reference:C:\Users\messa\.nuget\packages\swashbuckle.aspnetcore.swaggerui\6.6.2\lib\net8.0\Swashbuckle.AspNetCore.SwaggerUI.dll /reference:"C:\Program Files\dotnet\packs\Microsoft.NETCore.App.Ref\8.0.6\ref\net8.0\System.AppContext.dll" /reference:"C:\Program Files\dotnet\packs\Microsoft.NETCore.App.Ref\8.0.6\ref\net8.0\System.Buffers.dll" /reference:C:\Users\messa\.nuget\packages\system.codedom\7.0.0\lib\net7.0\System.CodeDom.dll /reference:"C:\Program Files\dotnet\packs\Microsoft.NETCore.App.Ref\8.0.6\ref\net8.0\System.Collections.Concurrent.dll" /reference:"C:\Program Files\dotnet\packs\Microsoft.NETCore.App.Ref\8.0.6\ref\net8.0\System.Collections.dll" /reference:"C:\Program Files\dotnet\packs\Microsoft.NETCore.App.Ref\8.0.6\ref\net8.0\System.Collections.Immutable.dll" /reference:"C:\Program Files\dotnet\packs\Microsoft.NETCore.App.Ref\8.0.6\ref\net8.0\System.Collections.NonGeneric.dll" /reference:"C:\Program Files\dotnet\packs\Microsoft.NETCore.App.Ref\8.0.6\ref\net8.0\System.Collections.Specialized.dll" /reference:"C:\Program Files\dotnet\packs\Microsoft.NETCore.App.Ref\8.0.6\ref\net8.0\System.ComponentModel.Annotations.dll" /reference:"C:\Program Files\dotnet\packs\Microsoft.NETCore.App.Ref\8.0.6\ref\net8.0\System.ComponentModel.DataAnnotations.dll" /reference:"C:\Program Files\dotnet\packs\Microsoft.NETCore.App.Ref\8.0.6\ref\net8.0\System.ComponentModel.dll" /reference:"C:\Program Files\dotnet\packs\Microsoft.NETCore.App.Ref\8.0.6\ref\net8.0\System.ComponentModel.EventBasedAsync.dll" /reference:"C:\Program Files\dotnet\packs\Microsoft.NETCore.App.Ref\8.0.6\ref\net8.0\System.ComponentModel.Primitives.dll" /reference:"C:\Program Files\dotnet\packs\Microsoft.NETCore.App.Ref\8.0.6\ref\net8.0\System.ComponentModel.TypeConverter.dll" /reference:"C:\Program Files\dotnet\packs\Microsoft.NETCore.App.Ref\8.0.6\ref\net8.0\System.Configuration.dll" /reference:"C:\Program Files\dotnet\packs\Microsoft.NETCore.App.Ref\8.0.6\ref\net8.0\System.Console.dll" /reference:"C:\Program Files\dotnet\packs\Microsoft.NETCore.App.Ref\8.0.6\ref\net8.0\System.Core.dll" /reference:"C:\Program Files\dotnet\packs\Microsoft.NETCore.App.Ref\8.0.6\ref\net8.0\System.Data.Common.dll" /reference:"C:\Program Files\dotnet\packs\Microsoft.NETCore.App.Ref\8.0.6\ref\net8.0\System.Data.DataSetExtensions.dll" /reference:"C:\Program Files\dotnet\packs\Microsoft.NETCore.App.Ref\8.0.6\ref\net8.0\System.Data.dll" /reference:"C:\Program Files\dotnet\packs\Microsoft.NETCore.App.Ref\8.0.6\ref\net8.0\System.Diagnostics.Contracts.dll" /reference:"C:\Program Files\dotnet\packs\Microsoft.NETCore.App.Ref\8.0.6\ref\net8.0\System.Diagnostics.Debug.dll" /reference:C:\Users\messa\.nuget\packages\system.diagnostics.diagnosticsource\9.0.0\lib\net8.0\System.Diagnostics.DiagnosticSource.dll /reference:"C:\Program Files\dotnet\packs\Microsoft.AspNetCore.App.Ref\8.0.6\ref\net8.0\System.Diagnostics.EventLog.dll" /reference:"C:\Program Files\dotnet\packs\Microsoft.NETCore.App.Ref\8.0.6\ref\net8.0\System.Diagnostics.FileVersionInfo.dll" /reference:"C:\Program Files\dotnet\packs\Microsoft.NETCore.App.Ref\8.0.6\ref\net8.0\System.Diagnostics.Process.dll" /reference:"C:\Program Files\dotnet\packs\Microsoft.NETCore.App.Ref\8.0.6\ref\net8.0\System.Diagnostics.StackTrace.dll" /reference:"C:\Program Files\dotnet\packs\Microsoft.NETCore.App.Ref\8.0.6\ref\net8.0\System.Diagnostics.TextWriterTraceListener.dll" /reference:"C:\Program Files\dotnet\packs\Microsoft.NETCore.App.Ref\8.0.6\ref\net8.0\System.Diagnostics.Tools.dll" /reference:"C:\Program Files\dotnet\packs\Microsoft.NETCore.App.Ref\8.0.6\ref\net8.0\System.Diagnostics.TraceSource.dll" /reference:"C:\Program Files\dotnet\packs\Microsoft.NETCore.App.Ref\8.0.6\ref\net8.0\System.Diagnostics.Tracing.dll" /reference:"C:\Program Files\dotnet\packs\Microsoft.NETCore.App.Ref\8.0.6\ref\net8.0\System.dll" /reference:"C:\Program Files\dotnet\packs\Microsoft.NETCore.App.Ref\8.0.6\ref\net8.0\System.Drawing.dll" /reference:"C:\Program Files\dotnet\packs\Microsoft.NETCore.App.Ref\8.0.6\ref\net8.0\System.Drawing.Primitives.dll" /reference:"C:\Program Files\dotnet\packs\Microsoft.NETCore.App.Ref\8.0.6\ref\net8.0\System.Dynamic.Runtime.dll" /reference:"C:\Program Files\dotnet\packs\Microsoft.NETCore.App.Ref\8.0.6\ref\net8.0\System.Formats.Asn1.dll" /reference:C:\Users\messa\.nuget\packages\system.formats.cbor\9.0.0\lib\net8.0\System.Formats.Cbor.dll /reference:"C:\Program Files\dotnet\packs\Microsoft.NETCore.App.Ref\8.0.6\ref\net8.0\System.Formats.Tar.dll" /reference:"C:\Program Files\dotnet\packs\Microsoft.NETCore.App.Ref\8.0.6\ref\net8.0\System.Globalization.Calendars.dll" /reference:"C:\Program Files\dotnet\packs\Microsoft.NETCore.App.Ref\8.0.6\ref\net8.0\System.Globalization.dll" /reference:"C:\Program Files\dotnet\packs\Microsoft.NETCore.App.Ref\8.0.6\ref\net8.0\System.Globalization.Extensions.dll" /reference:C:\Users\messa\.nuget\packages\system.identitymodel.tokens.jwt\7.1.2\lib\net8.0\System.IdentityModel.Tokens.Jwt.dll /reference:"C:\Program Files\dotnet\packs\Microsoft.NETCore.App.Ref\8.0.6\ref\net8.0\System.IO.Compression.Brotli.dll" /reference:"C:\Program Files\dotnet\packs\Microsoft.NETCore.App.Ref\8.0.6\ref\net8.0\System.IO.Compression.dll" /reference:"C:\Program Files\dotnet\packs\Microsoft.NETCore.App.Ref\8.0.6\ref\net8.0\System.IO.Compression.FileSystem.dll" /reference:"C:\Program Files\dotnet\packs\Microsoft.NETCore.App.Ref\8.0.6\ref\net8.0\System.IO.Compression.ZipFile.dll" /reference:"C:\Program Files\dotnet\packs\Microsoft.NETCore.App.Ref\8.0.6\ref\net8.0\System.IO.dll" /reference:"C:\Program Files\dotnet\packs\Microsoft.NETCore.App.Ref\8.0.6\ref\net8.0\System.IO.FileSystem.AccessControl.dll" /reference:"C:\Program Files\dotnet\packs\Microsoft.NETCore.App.Ref\8.0.6\ref\net8.0\System.IO.FileSystem.dll" /reference:"C:\Program Files\dotnet\packs\Microsoft.NETCore.App.Ref\8.0.6\ref\net8.0\System.IO.FileSystem.DriveInfo.dll" /reference:"C:\Program Files\dotnet\packs\Microsoft.NETCore.App.Ref\8.0.6\ref\net8.0\System.IO.FileSystem.Primitives.dll" /reference:"C:\Program Files\dotnet\packs\Microsoft.NETCore.App.Ref\8.0.6\ref\net8.0\System.IO.FileSystem.Watcher.dll" /reference:"C:\Program Files\dotnet\packs\Microsoft.NETCore.App.Ref\8.0.6\ref\net8.0\System.IO.IsolatedStorage.dll" /reference:"C:\Program Files\dotnet\packs\Microsoft.NETCore.App.Ref\8.0.6\ref\net8.0\System.IO.MemoryMappedFiles.dll" /reference:C:\Users\messa\.nuget\packages\system.io.packaging\8.0.1\lib\net8.0\System.IO.Packaging.dll /reference:"C:\Program Files\dotnet\packs\Microsoft.AspNetCore.App.Ref\8.0.6\ref\net8.0\System.IO.Pipelines.dll" /reference:"C:\Program Files\dotnet\packs\Microsoft.NETCore.App.Ref\8.0.6\ref\net8.0\System.IO.Pipes.AccessControl.dll" /reference:"C:\Program Files\dotnet\packs\Microsoft.NETCore.App.Ref\8.0.6\ref\net8.0\System.IO.Pipes.dll" /reference:"C:\Program Files\dotnet\packs\Microsoft.NETCore.App.Ref\8.0.6\ref\net8.0\System.IO.UnmanagedMemoryStream.dll" /reference:"C:\Program Files\dotnet\packs\Microsoft.NETCore.App.Ref\8.0.6\ref\net8.0\System.Linq.dll" /reference:"C:\Program Files\dotnet\packs\Microsoft.NETCore.App.Ref\8.0.6\ref\net8.0\System.Linq.Expressions.dll" /reference:"C:\Program Files\dotnet\packs\Microsoft.NETCore.App.Ref\8.0.6\ref\net8.0\System.Linq.Parallel.dll" /reference:"C:\Program Files\dotnet\packs\Microsoft.NETCore.App.Ref\8.0.6\ref\net8.0\System.Linq.Queryable.dll" /reference:C:\Users\messa\.nuget\packages\system.management\7.0.2\lib\net7.0\System.Management.dll /reference:"C:\Program Files\dotnet\packs\Microsoft.NETCore.App.Ref\8.0.6\ref\net8.0\System.Memory.dll" /reference:"C:\Program Files\dotnet\packs\Microsoft.NETCore.App.Ref\8.0.6\ref\net8.0\System.Net.dll" /reference:"C:\Program Files\dotnet\packs\Microsoft.NETCore.App.Ref\8.0.6\ref\net8.0\System.Net.Http.dll" /reference:"C:\Program Files\dotnet\packs\Microsoft.NETCore.App.Ref\8.0.6\ref\net8.0\System.Net.Http.Json.dll" /reference:"C:\Program Files\dotnet\packs\Microsoft.NETCore.App.Ref\8.0.6\ref\net8.0\System.Net.HttpListener.dll" /reference:"C:\Program Files\dotnet\packs\Microsoft.NETCore.App.Ref\8.0.6\ref\net8.0\System.Net.Mail.dll" /reference:"C:\Program Files\dotnet\packs\Microsoft.NETCore.App.Ref\8.0.6\ref\net8.0\System.Net.NameResolution.dll" /reference:"C:\Program Files\dotnet\packs\Microsoft.NETCore.App.Ref\8.0.6\ref\net8.0\System.Net.NetworkInformation.dll" /reference:"C:\Program Files\dotnet\packs\Microsoft.NETCore.App.Ref\8.0.6\ref\net8.0\System.Net.Ping.dll" /reference:"C:\Program Files\dotnet\packs\Microsoft.NETCore.App.Ref\8.0.6\ref\net8.0\System.Net.Primitives.dll" /reference:"C:\Program Files\dotnet\packs\Microsoft.NETCore.App.Ref\8.0.6\ref\net8.0\System.Net.Quic.dll" /reference:"C:\Program Files\dotnet\packs\Microsoft.NETCore.App.Ref\8.0.6\ref\net8.0\System.Net.Requests.dll" /reference:"C:\Program Files\dotnet\packs\Microsoft.NETCore.App.Ref\8.0.6\ref\net8.0\System.Net.Security.dll" /reference:"C:\Program Files\dotnet\packs\Microsoft.NETCore.App.Ref\8.0.6\ref\net8.0\System.Net.ServicePoint.dll" /reference:"C:\Program Files\dotnet\packs\Microsoft.NETCore.App.Ref\8.0.6\ref\net8.0\System.Net.Sockets.dll" /reference:"C:\Program Files\dotnet\packs\Microsoft.NETCore.App.Ref\8.0.6\ref\net8.0\System.Net.WebClient.dll" /reference:"C:\Program Files\dotnet\packs\Microsoft.NETCore.App.Ref\8.0.6\ref\net8.0\System.Net.WebHeaderCollection.dll" /reference:"C:\Program Files\dotnet\packs\Microsoft.NETCore.App.Ref\8.0.6\ref\net8.0\System.Net.WebProxy.dll" /reference:"C:\Program Files\dotnet\packs\Microsoft.NETCore.App.Ref\8.0.6\ref\net8.0\System.Net.WebSockets.Client.dll" /reference:"C:\Program Files\dotnet\packs\Microsoft.NETCore.App.Ref\8.0.6\ref\net8.0\System.Net.WebSockets.dll" /reference:"C:\Program Files\dotnet\packs\Microsoft.NETCore.App.Ref\8.0.6\ref\net8.0\System.Numerics.dll" /reference:"C:\Program Files\dotnet\packs\Microsoft.NETCore.App.Ref\8.0.6\ref\net8.0\System.Numerics.Vectors.dll" /reference:"C:\Program Files\dotnet\packs\Microsoft.NETCore.App.Ref\8.0.6\ref\net8.0\System.ObjectModel.dll" /reference:"C:\Program Files\dotnet\packs\Microsoft.NETCore.App.Ref\8.0.6\ref\net8.0\System.Reflection.DispatchProxy.dll" /reference:"C:\Program Files\dotnet\packs\Microsoft.NETCore.App.Ref\8.0.6\ref\net8.0\System.Reflection.dll" /reference:"C:\Program Files\dotnet\packs\Microsoft.NETCore.App.Ref\8.0.6\ref\net8.0\System.Reflection.Emit.dll" /reference:"C:\Program Files\dotnet\packs\Microsoft.NETCore.App.Ref\8.0.6\ref\net8.0\System.Reflection.Emit.ILGeneration.dll" /reference:"C:\Program Files\dotnet\packs\Microsoft.NETCore.App.Ref\8.0.6\ref\net8.0\System.Reflection.Emit.Lightweight.dll" /reference:"C:\Program Files\dotnet\packs\Microsoft.NETCore.App.Ref\8.0.6\ref\net8.0\System.Reflection.Extensions.dll" /reference:"C:\Program Files\dotnet\packs\Microsoft.NETCore.App.Ref\8.0.6\ref\net8.0\System.Reflection.Metadata.dll" /reference:"C:\Program Files\dotnet\packs\Microsoft.NETCore.App.Ref\8.0.6\ref\net8.0\System.Reflection.Primitives.dll" /reference:"C:\Program Files\dotnet\packs\Microsoft.NETCore.App.Ref\8.0.6\ref\net8.0\System.Reflection.TypeExtensions.dll" /reference:"C:\Program Files\dotnet\packs\Microsoft.NETCore.App.Ref\8.0.6\ref\net8.0\System.Resources.Reader.dll" /reference:"C:\Program Files\dotnet\packs\Microsoft.NETCore.App.Ref\8.0.6\ref\net8.0\System.Resources.ResourceManager.dll" /reference:"C:\Program Files\dotnet\packs\Microsoft.NETCore.App.Ref\8.0.6\ref\net8.0\System.Resources.Writer.dll" /reference:"C:\Program Files\dotnet\packs\Microsoft.NETCore.App.Ref\8.0.6\ref\net8.0\System.Runtime.CompilerServices.Unsafe.dll" /reference:"C:\Program Files\dotnet\packs\Microsoft.NETCore.App.Ref\8.0.6\ref\net8.0\System.Runtime.CompilerServices.VisualC.dll" /reference:"C:\Program Files\dotnet\packs\Microsoft.NETCore.App.Ref\8.0.6\ref\net8.0\System.Runtime.dll" /reference:"C:\Program Files\dotnet\packs\Microsoft.NETCore.App.Ref\8.0.6\ref\net8.0\System.Runtime.Extensions.dll" /reference:"C:\Program Files\dotnet\packs\Microsoft.NETCore.App.Ref\8.0.6\ref\net8.0\System.Runtime.Handles.dll" /reference:"C:\Program Files\dotnet\packs\Microsoft.NETCore.App.Ref\8.0.6\ref\net8.0\System.Runtime.InteropServices.dll" /reference:"C:\Program Files\dotnet\packs\Microsoft.NETCore.App.Ref\8.0.6\ref\net8.0\System.Runtime.InteropServices.JavaScript.dll" /reference:"C:\Program Files\dotnet\packs\Microsoft.NETCore.App.Ref\8.0.6\ref\net8.0\System.Runtime.InteropServices.RuntimeInformation.dll" /reference:"C:\Program Files\dotnet\packs\Microsoft.NETCore.App.Ref\8.0.6\ref\net8.0\System.Runtime.Intrinsics.dll" /reference:"C:\Program Files\dotnet\packs\Microsoft.NETCore.App.Ref\8.0.6\ref\net8.0\System.Runtime.Loader.dll" /reference:"C:\Program Files\dotnet\packs\Microsoft.NETCore.App.Ref\8.0.6\ref\net8.0\System.Runtime.Numerics.dll" /reference:"C:\Program Files\dotnet\packs\Microsoft.NETCore.App.Ref\8.0.6\ref\net8.0\System.Runtime.Serialization.dll" /reference:"C:\Program Files\dotnet\packs\Microsoft.NETCore.App.Ref\8.0.6\ref\net8.0\System.Runtime.Serialization.Formatters.dll" /reference:"C:\Program Files\dotnet\packs\Microsoft.NETCore.App.Ref\8.0.6\ref\net8.0\System.Runtime.Serialization.Json.dll" /reference:"C:\Program Files\dotnet\packs\Microsoft.NETCore.App.Ref\8.0.6\ref\net8.0\System.Runtime.Serialization.Primitives.dll" /reference:"C:\Program Files\dotnet\packs\Microsoft.NETCore.App.Ref\8.0.6\ref\net8.0\System.Runtime.Serialization.Xml.dll" /reference:"C:\Program Files\dotnet\packs\Microsoft.NETCore.App.Ref\8.0.6\ref\net8.0\System.Security.AccessControl.dll" /reference:"C:\Program Files\dotnet\packs\Microsoft.NETCore.App.Ref\8.0.6\ref\net8.0\System.Security.Claims.dll" /reference:"C:\Program Files\dotnet\packs\Microsoft.NETCore.App.Ref\8.0.6\ref\net8.0\System.Security.Cryptography.Algorithms.dll" /reference:"C:\Program Files\dotnet\packs\Microsoft.NETCore.App.Ref\8.0.6\ref\net8.0\System.Security.Cryptography.Cng.dll" /reference:"C:\Program Files\dotnet\packs\Microsoft.NETCore.App.Ref\8.0.6\ref\net8.0\System.Security.Cryptography.Csp.dll" /reference:"C:\Program Files\dotnet\packs\Microsoft.NETCore.App.Ref\8.0.6\ref\net8.0\System.Security.Cryptography.dll" /reference:"C:\Program Files\dotnet\packs\Microsoft.NETCore.App.Ref\8.0.6\ref\net8.0\System.Security.Cryptography.Encoding.dll" /reference:"C:\Program Files\dotnet\packs\Microsoft.NETCore.App.Ref\8.0.6\ref\net8.0\System.Security.Cryptography.OpenSsl.dll" /reference:"C:\Program Files\dotnet\packs\Microsoft.NETCore.App.Ref\8.0.6\ref\net8.0\System.Security.Cryptography.Primitives.dll" /reference:"C:\Program Files\dotnet\packs\Microsoft.NETCore.App.Ref\8.0.6\ref\net8.0\System.Security.Cryptography.X509Certificates.dll" /reference:"C:\Program Files\dotnet\packs\Microsoft.AspNetCore.App.Ref\8.0.6\ref\net8.0\System.Security.Cryptography.Xml.dll" /reference:"C:\Program Files\dotnet\packs\Microsoft.NETCore.App.Ref\8.0.6\ref\net8.0\System.Security.dll" /reference:"C:\Program Files\dotnet\packs\Microsoft.NETCore.App.Ref\8.0.6\ref\net8.0\System.Security.Principal.dll" /reference:"C:\Program Files\dotnet\packs\Microsoft.NETCore.App.Ref\8.0.6\ref\net8.0\System.Security.Principal.Windows.dll" /reference:"C:\Program Files\dotnet\packs\Microsoft.NETCore.App.Ref\8.0.6\ref\net8.0\System.Security.SecureString.dll" /reference:"C:\Program Files\dotnet\packs\Microsoft.NETCore.App.Ref\8.0.6\ref\net8.0\System.ServiceModel.Web.dll" /reference:"C:\Program Files\dotnet\packs\Microsoft.NETCore.App.Ref\8.0.6\ref\net8.0\System.ServiceProcess.dll" /reference:"C:\Program Files\dotnet\packs\Microsoft.NETCore.App.Ref\8.0.6\ref\net8.0\System.Text.Encoding.CodePages.dll" /reference:"C:\Program Files\dotnet\packs\Microsoft.NETCore.App.Ref\8.0.6\ref\net8.0\System.Text.Encoding.dll" /reference:"C:\Program Files\dotnet\packs\Microsoft.NETCore.App.Ref\8.0.6\ref\net8.0\System.Text.Encoding.Extensions.dll" /reference:"C:\Program Files\dotnet\packs\Microsoft.NETCore.App.Ref\8.0.6\ref\net8.0\System.Text.Encodings.Web.dll" /reference:"C:\Program Files\dotnet\packs\Microsoft.NETCore.App.Ref\8.0.6\ref\net8.0\System.Text.Json.dll" /reference:"C:\Program Files\dotnet\packs\Microsoft.NETCore.App.Ref\8.0.6\ref\net8.0\System.Text.RegularExpressions.dll" /reference:"C:\Program Files\dotnet\packs\Microsoft.NETCore.App.Ref\8.0.6\ref\net8.0\System.Threading.Channels.dll" /reference:"C:\Program Files\dotnet\packs\Microsoft.NETCore.App.Ref\8.0.6\ref\net8.0\System.Threading.dll" /reference:"C:\Program Files\dotnet\packs\Microsoft.NETCore.App.Ref\8.0.6\ref\net8.0\System.Threading.Overlapped.dll" /reference:"C:\Program Files\dotnet\packs\Microsoft.AspNetCore.App.Ref\8.0.6\ref\net8.0\System.Threading.RateLimiting.dll" /reference:"C:\Program Files\dotnet\packs\Microsoft.NETCore.App.Ref\8.0.6\ref\net8.0\System.Threading.Tasks.Dataflow.dll" /reference:"C:\Program Files\dotnet\packs\Microsoft.NETCore.App.Ref\8.0.6\ref\net8.0\System.Threading.Tasks.dll" /reference:"C:\Program Files\dotnet\packs\Microsoft.NETCore.App.Ref\8.0.6\ref\net8.0\System.Threading.Tasks.Extensions.dll" /reference:"C:\Program Files\dotnet\packs\Microsoft.NETCore.App.Ref\8.0.6\ref\net8.0\System.Threading.Tasks.Parallel.dll" /reference:"C:\Program Files\dotnet\packs\Microsoft.NETCore.App.Ref\8.0.6\ref\net8.0\System.Threading.Thread.dll" /reference:"C:\Program Files\dotnet\packs\Microsoft.NETCore.App.Ref\8.0.6\ref\net8.0\System.Threading.ThreadPool.dll" /reference:"C:\Program Files\dotnet\packs\Microsoft.NETCore.App.Ref\8.0.6\ref\net8.0\System.Threading.Timer.dll" /reference:"C:\Program Files\dotnet\packs\Microsoft.NETCore.App.Ref\8.0.6\ref\net8.0\System.Transactions.dll" /reference:"C:\Program Files\dotnet\packs\Microsoft.NETCore.App.Ref\8.0.6\ref\net8.0\System.Transactions.Local.dll" /reference:"C:\Program Files\dotnet\packs\Microsoft.NETCore.App.Ref\8.0.6\ref\net8.0\System.ValueTuple.dll" /reference:"C:\Program Files\dotnet\packs\Microsoft.NETCore.App.Ref\8.0.6\ref\net8.0\System.Web.dll" /reference:"C:\Program Files\dotnet\packs\Microsoft.NETCore.App.Ref\8.0.6\ref\net8.0\System.Web.HttpUtility.dll" /reference:"C:\Program Files\dotnet\packs\Microsoft.NETCore.App.Ref\8.0.6\ref\net8.0\System.Windows.dll" /reference:"C:\Program Files\dotnet\packs\Microsoft.NETCore.App.Ref\8.0.6\ref\net8.0\System.Xml.dll" /reference:"C:\Program Files\dotnet\packs\Microsoft.NETCore.App.Ref\8.0.6\ref\net8.0\System.Xml.Linq.dll" /reference:"C:\Program Files\dotnet\packs\Microsoft.NETCore.App.Ref\8.0.6\ref\net8.0\System.Xml.ReaderWriter.dll" /reference:"C:\Program Files\dotnet\packs\Microsoft.NETCore.App.Ref\8.0.6\ref\net8.0\System.Xml.Serialization.dll" /reference:"C:\Program Files\dotnet\packs\Microsoft.NETCore.App.Ref\8.0.6\ref\net8.0\System.Xml.XDocument.dll" /reference:"C:\Program Files\dotnet\packs\Microsoft.NETCore.App.Ref\8.0.6\ref\net8.0\System.Xml.XmlDocument.dll" /reference:"C:\Program Files\dotnet\packs\Microsoft.NETCore.App.Ref\8.0.6\ref\net8.0\System.Xml.XmlSerializer.dll" /reference:"C:\Program Files\dotnet\packs\Microsoft.NETCore.App.Ref\8.0.6\ref\net8.0\System.Xml.XPath.dll" /reference:"C:\Program Files\dotnet\packs\Microsoft.NETCore.App.Ref\8.0.6\ref\net8.0\System.Xml.XPath.XDocument.dll" /reference:"D:\Tito Pedraza\OneDrive\Proyectos\Codigo Fuente\repos\HumanCore\src\TalenHuman.Application\obj\Debug\net8.0\ref\TalenHuman.Application.dll" /reference:"D:\Tito Pedraza\OneDrive\Proyectos\Codigo Fuente\repos\HumanCore\src\TalenHuman.Domain\obj\Debug\net8.0\ref\TalenHuman.Domain.dll" /reference:"D:\Tito Pedraza\OneDrive\Proyectos\Codigo Fuente\repos\HumanCore\src\TalenHuman.Infrastructure\obj\Debug\net8.0\ref\TalenHuman.Infrastructure.dll" /reference:"C:\Program Files\dotnet\packs\Microsoft.NETCore.App.Ref\8.0.6\ref\net8.0\WindowsBase.dll" /debug+ /debug:portable /filealign:512 /optimize- /out:obj\Debug\net8.0\TalenHuman.API.dll /refout:obj\Debug\net8.0\refint\TalenHuman.API.dll /target:exe /warnaserror- /utf8output /deterministic+ /sourcelink:obj\Debug\net8.0\TalenHuman.API.sourcelink.json /langversion:12.0 /embed:obj\Debug\net8.0\TalenHuman.API.GlobalUsings.g.cs /embed:"obj\Debug\net8.0\.NETCoreApp,Version=v8.0.AssemblyAttributes.cs" /embed:obj\Debug\net8.0\TalenHuman.API.AssemblyInfo.cs /embed:obj\Debug\net8.0\TalenHuman.API.MvcApplicationPartsAssemblyInfo.cs /analyzerconfig:obj\Debug\net8.0\TalenHuman.API.GeneratedMSBuildEditorConfig.editorconfig /analyzerconfig:"C:\Program Files\dotnet\sdk\8.0.302\Sdks\Microsoft.NET.Sdk\analyzers\build\config\analysislevel_8_default.globalconfig" /analyzer:"C:\Program Files\dotnet\sdk\8.0.302\Sdks\Microsoft.NET.Sdk.Web\analyzers\cs\Microsoft.AspNetCore.Analyzers.dll" /analyzer:"C:\Program Files\dotnet\sdk\8.0.302\Sdks\Microsoft.NET.Sdk.Web\analyzers\cs\Microsoft.AspNetCore.Mvc.Analyzers.dll" /analyzer:"C:\Program Files\dotnet\sdk\8.0.302\Sdks\Microsoft.NET.Sdk\targets\..\analyzers\Microsoft.CodeAnalysis.CSharp.NetAnalyzers.dll" /analyzer:"C:\Program Files\dotnet\sdk\8.0.302\Sdks\Microsoft.NET.Sdk\targets\..\analyzers\Microsoft.CodeAnalysis.NetAnalyzers.dll" /analyzer:C:\Users\messa\.nuget\packages\awssdk.s3\4.0.19.3\analyzers\dotnet\cs\AWSSDK.S3.CodeAnalysis.dll /analyzer:C:\Users\messa\.nuget\packages\awssdk.s3\4.0.19.3\analyzers\dotnet\cs\SharedAnalysisCode.dll /analyzer:C:\Users\messa\.nuget\packages\microsoft.codeanalysis.analyzers\3.3.3\analyzers\dotnet\cs\Microsoft.CodeAnalysis.Analyzers.dll /analyzer:C:\Users\messa\.nuget\packages\microsoft.codeanalysis.analyzers\3.3.3\analyzers\dotnet\cs\Microsoft.CodeAnalysis.CSharp.Analyzers.dll /analyzer:C:\Users\messa\.nuget\packages\microsoft.entityframeworkcore.analyzers\8.0.11\analyzers\dotnet\cs\Microsoft.EntityFrameworkCore.Analyzers.dll /analyzer:C:\Users\messa\.nuget\packages\microsoft.extensions.logging.abstractions\9.0.0\analyzers\dotnet\roslyn4.4\cs\Microsoft.Extensions.Logging.Generators.dll /analyzer:C:\Users\messa\.nuget\packages\microsoft.extensions.options\9.0.0\analyzers\dotnet\roslyn4.4\cs\Microsoft.Extensions.Options.SourceGeneration.dll /analyzer:"C:\Program Files\dotnet\packs\Microsoft.NETCore.App.Ref\8.0.6\analyzers/dotnet/cs/Microsoft.Interop.ComInterfaceGenerator.dll" /analyzer:"C:\Program Files\dotnet\packs\Microsoft.NETCore.App.Ref\8.0.6\analyzers/dotnet/cs/Microsoft.Interop.JavaScript.JSImportGenerator.dll" /analyzer:"C:\Program Files\dotnet\packs\Microsoft.NETCore.App.Ref\8.0.6\analyzers/dotnet/cs/Microsoft.Interop.LibraryImportGenerator.dll" /analyzer:"C:\Program Files\dotnet\packs\Microsoft.NETCore.App.Ref\8.0.6\analyzers/dotnet/cs/Microsoft.Interop.SourceGeneration.dll" /analyzer:"C:\Program Files\dotnet\packs\Microsoft.NETCore.App.Ref\8.0.6\analyzers/dotnet/cs/System.Text.Json.SourceGeneration.dll" /analyzer:"C:\Program Files\dotnet\packs\Microsoft.NETCore.App.Ref\8.0.6\analyzers/dotnet/cs/System.Text.RegularExpressions.Generator.dll" /analyzer:"C:\Program Files\dotnet\packs\Microsoft.AspNetCore.App.Ref\8.0.6\analyzers/dotnet/cs/Microsoft.AspNetCore.App.Analyzers.dll" /analyzer:"C:\Program Files\dotnet\packs\Microsoft.AspNetCore.App.Ref\8.0.6\analyzers/dotnet/cs/Microsoft.AspNetCore.App.CodeFixes.dll" /analyzer:"C:\Program Files\dotnet\packs\Microsoft.AspNetCore.App.Ref\8.0.6\analyzers/dotnet/cs/Microsoft.AspNetCore.Components.Analyzers.dll" /analyzer:"C:\Program Files\dotnet\sdk\8.0.302\Sdks\Microsoft.NET.Sdk.Razor\targets\..\source-generators\Microsoft.AspNetCore.Razor.Utilities.Shared.dll" /analyzer:"C:\Program Files\dotnet\sdk\8.0.302\Sdks\Microsoft.NET.Sdk.Razor\targets\..\source-generators\Microsoft.CodeAnalysis.Razor.Compiler.dll" /analyzer:"C:\Program Files\dotnet\sdk\8.0.302\Sdks\Microsoft.NET.Sdk.Razor\targets\..\source-generators\Microsoft.Extensions.ObjectPool.dll" /analyzer:"C:\Program Files\dotnet\sdk\8.0.302\Sdks\Microsoft.NET.Sdk.Razor\targets\..\source-generators\System.Collections.Immutable.dll" Controllers\AttendanceController.cs Controllers\AuditLogsController.cs Controllers\AuthController.cs Controllers\BrandsController.cs Controllers\CitiesController.cs Controllers\CompaniesController.cs Controllers\ConfigController.cs Controllers\DistrictsController.cs Controllers\EmployeesController.cs Controllers\FilesController.cs Controllers\ImportController.cs Controllers\ImportsController.cs Controllers\IntegrationController.cs Controllers\JornadasController.cs Controllers\NovedadesController.cs Controllers\NovedadTiposController.cs Controllers\PredictiveSyncController.cs Controllers\ProfilesController.cs Controllers\SecurityController.cs Controllers\ShiftsController.cs Controllers\StoresController.cs Controllers\SystemController.cs Controllers\SystemSettingsController.cs Controllers\UsersController.cs Infrastructure\Security\AuthorizePermissionAttribute.cs Program.cs obj\Debug\net8.0\TalenHuman.API.GlobalUsings.g.cs "obj\Debug\net8.0\.NETCoreApp,Version=v8.0.AssemblyAttributes.cs" obj\Debug\net8.0\TalenHuman.API.AssemblyInfo.cs obj\Debug\net8.0\TalenHuman.API.MvcApplicationPartsAssemblyInfo.cs /warnaserror+:NU1605,SYSLIB0011
         Microsoft (R) Visual C# Compiler version 4.10.0-3.24216.12 (3af0081a)
         Copyright (C) Microsoft Corporation. All rights reserved.
   5:6>CSC : error CS1705: Assembly 'Microsoft.Extensions.Options.ConfigurationExtensions' with identity 'Microsoft.Extensions.Options.ConfigurationExtensions, Version=9.0.0.0, Culture=neutral, PublicKeyToken=adb9793829ddae60' uses 'Microsoft.Extensions.DependencyInjection.Abstractions, Version=9.0.0.0, Culture=neutral, PublicKeyToken=adb9793829ddae60' which has a higher version than referenced assembly 'Microsoft.Extensions.DependencyInjection.Abstractions' with identity 'Microsoft.Extensions.DependencyInjection.Abstractions, Version=8.0.0.0, Culture=neutral, PublicKeyToken=adb9793829ddae60' [D:\Tito Pedraza\OneDrive\Proyectos\Codigo Fuente\repos\HumanCore\src\TalenHuman.API\TalenHuman.API.csproj]
   5:6>CSC : error CS1705: Assembly 'Microsoft.Extensions.Options' with identity 'Microsoft.Extensions.Options, Version=9.0.0.0, Culture=neutral, PublicKeyToken=adb9793829ddae60' uses 'Microsoft.Extensions.DependencyInjection.Abstractions, Version=9.0.0.0, Culture=neutral, PublicKeyToken=adb9793829ddae60' which has a higher version than referenced assembly 'Microsoft.Extensions.DependencyInjection.Abstractions' with identity 'Microsoft.Extensions.DependencyInjection.Abstractions, Version=8.0.0.0, Culture=neutral, PublicKeyToken=adb9793829ddae60' [D:\Tito Pedraza\OneDrive\Proyectos\Codigo Fuente\repos\HumanCore\src\TalenHuman.API\TalenHuman.API.csproj]
   5:6>CSC : error CS1705: Assembly 'Fido2.AspNet' with identity 'Fido2.AspNet, Version=4.0.0.0, Culture=neutral, PublicKeyToken=null' uses 'Microsoft.Extensions.DependencyInjection.Abstractions, Version=9.0.0.0, Culture=neutral, PublicKeyToken=adb9793829ddae60' which has a higher version than referenced assembly 'Microsoft.Extensions.DependencyInjection.Abstractions' with identity 'Microsoft.Extensions.DependencyInjection.Abstractions, Version=8.0.0.0, Culture=neutral, PublicKeyToken=adb9793829ddae60' [D:\Tito Pedraza\OneDrive\Proyectos\Codigo Fuente\repos\HumanCore\src\TalenHuman.API\TalenHuman.API.csproj]
   5:6>D:\Tito Pedraza\OneDrive\Proyectos\Codigo Fuente\repos\HumanCore\src\TalenHuman.API\Controllers\SecurityController.cs(56,13): warning CS0618: 'AuthenticatorSelection.RequireResidentKey' is obsolete: 'Use property ResidentKey.' [D:\Tito Pedraza\OneDrive\Proyectos\Codigo Fuente\repos\HumanCore\src\TalenHuman.API\TalenHuman.API.csproj]
   5:6>D:\Tito Pedraza\OneDrive\Proyectos\Codigo Fuente\repos\HumanCore\src\TalenHuman.API\Controllers\SecurityController.cs(62,30): error CS1501: No overload for method 'RequestNewCredential' takes 5 arguments [D:\Tito Pedraza\OneDrive\Proyectos\Codigo Fuente\repos\HumanCore\src\TalenHuman.API\TalenHuman.API.csproj]
   5:6>D:\Tito Pedraza\OneDrive\Proyectos\Codigo Fuente\repos\HumanCore\src\TalenHuman.API\Controllers\SecurityController.cs(88,40): error CS1501: No overload for method 'MakeNewCredentialAsync' takes 3 arguments [D:\Tito Pedraza\OneDrive\Proyectos\Codigo Fuente\repos\HumanCore\src\TalenHuman.API\TalenHuman.API.csproj]
   5:6>D:\Tito Pedraza\OneDrive\Proyectos\Codigo Fuente\repos\HumanCore\src\TalenHuman.API\Controllers\AttendanceController.cs(295,62): warning CS8602: Dereference of a possibly null reference. [D:\Tito Pedraza\OneDrive\Proyectos\Codigo Fuente\repos\HumanCore\src\TalenHuman.API\TalenHuman.API.csproj]
   5:6>D:\Tito Pedraza\OneDrive\Proyectos\Codigo Fuente\repos\HumanCore\src\TalenHuman.API\Controllers\AttendanceController.cs(305,32): warning CS8601: Possible null reference assignment. [D:\Tito Pedraza\OneDrive\Proyectos\Codigo Fuente\repos\HumanCore\src\TalenHuman.API\TalenHuman.API.csproj]
   5:6>D:\Tito Pedraza\OneDrive\Proyectos\Codigo Fuente\repos\HumanCore\src\TalenHuman.API\Controllers\AttendanceController.cs(309,29): warning CS8601: Possible null reference assignment. [D:\Tito Pedraza\OneDrive\Proyectos\Codigo Fuente\repos\HumanCore\src\TalenHuman.API\TalenHuman.API.csproj]
         CompilerServer: server - server processed compilation - TalenHuman.API (net8.0)
       Done executing task "Csc" -- FAILED.
   5:6>Done building target "CoreCompile" in project "TalenHuman.API.csproj" -- FAILED.
   5:6>Target "_CheckForCompileOutputs" in file "C:\Program Files\dotnet\sdk\8.0.302\Microsoft.Common.CurrentVersion.targets" from project "D:\Tito Pedraza\OneDrive\Proyectos\Codigo Fuente\repos\HumanCore\src\TalenHuman.API\TalenHuman.API.csproj" (target "_CleanGetCurrentAndPriorFileWrites" depends on it):
   5:6>Done building target "_CheckForCompileOutputs" in project "TalenHuman.API.csproj".
       Target "_SGenCheckForOutputs" skipped, due to false condition; ('$(_SGenGenerateSerializationAssembliesConfig)' == 'On' or ('@(WebReferenceUrl)'!='' and '$(_SGenGenerateSerializationAssembliesConfig)' == 'Auto')) was evaluated as ('Off' == 'On' or (''!='' and 'Off' == 'Auto')).
   5:6>Target "_CleanGetCurrentAndPriorFileWrites" in file "C:\Program Files\dotnet\sdk\8.0.302\Microsoft.Common.CurrentVersion.targets" from project "D:\Tito Pedraza\OneDrive\Proyectos\Codigo Fuente\repos\HumanCore\src\TalenHuman.API\TalenHuman.API.csproj" (target "_CleanRecordFileWrites" depends on it):
       Using "ReadLinesFromFile" task from assembly "Microsoft.Build.Tasks.Core, Version=15.1.0.0, Culture=neutral, PublicKeyToken=b03f5f7f11d50a3a".
       Task "ReadLinesFromFile"
       Done executing task "ReadLinesFromFile".
       Task "ConvertToAbsolutePath"
       Done executing task "ConvertToAbsolutePath".
       Using "FindUnderPath" task from assembly "Microsoft.Build.Tasks.Core, Version=15.1.0.0, Culture=neutral, PublicKeyToken=b03f5f7f11d50a3a".
       Task "FindUnderPath"
         Comparison path is "D:\Tito Pedraza\OneDrive\Proyectos\Codigo Fuente\repos\HumanCore\src\TalenHuman.API".
       Done executing task "FindUnderPath".
       Task "FindUnderPath"
         Comparison path is "bin\Debug\net8.0\".
       Done executing task "FindUnderPath".
       Task "FindUnderPath"
         Comparison path is "obj\Debug\net8.0\".
       Done executing task "FindUnderPath".
       Task "RemoveDuplicates"
       Done executing task "RemoveDuplicates".
   5:6>Done building target "_CleanGetCurrentAndPriorFileWrites" in project "TalenHuman.API.csproj".
   5:6>Target "_CleanRecordFileWrites" in file "C:\Program Files\dotnet\sdk\8.0.302\Microsoft.Common.CurrentVersion.targets" from project "D:\Tito Pedraza\OneDrive\Proyectos\Codigo Fuente\repos\HumanCore\src\TalenHuman.API\TalenHuman.API.csproj" (target "CoreBuild" depends on it):
       Task "RemoveDuplicates"
       Done executing task "RemoveDuplicates".
       Task "MakeDir"
       Done executing task "MakeDir".
       Task "WriteLinesToFile"
         Skipping write to file "obj\Debug\net8.0\TalenHuman.API.csproj.FileListAbsolute.txt" because content would not change.
       Done executing task "WriteLinesToFile".
   5:6>Done building target "_CleanRecordFileWrites" in project "TalenHuman.API.csproj".
   5:6>Done Building Project "D:\Tito Pedraza\OneDrive\Proyectos\Codigo Fuente\repos\HumanCore\src\TalenHuman.API\TalenHuman.API.csproj" (default targets) -- FAILED.
   1:2>Done executing task "MSBuild" -- FAILED.
   1:2>Done building target "Build" in project "TalenHuman.sln" -- FAILED.
   1:2>Done Building Project "D:\Tito Pedraza\OneDrive\Proyectos\Codigo Fuente\repos\HumanCore\src\TalenHuman.sln" (default targets) -- FAILED.

Build FAILED.

       "D:\Tito Pedraza\OneDrive\Proyectos\Codigo Fuente\repos\HumanCore\src\TalenHuman.sln" (Restore target) (1) ->
       (Restore target) -> 
         D:\Tito Pedraza\OneDrive\Proyectos\Codigo Fuente\repos\HumanCore\src\TalenHuman.Infrastructure\TalenHuman.Infrastructure.csproj : warning NU1903: Package 'SixLabors.ImageSharp' 3.1.2 has a known high severity vulnerability, https://github.com/advisories/GHSA-2cmq-823j-5qj8 [D:\Tito Pedraza\OneDrive\Proyectos\Codigo Fuente\repos\HumanCore\src\TalenHuman.sln]
         D:\Tito Pedraza\OneDrive\Proyectos\Codigo Fuente\repos\HumanCore\src\TalenHuman.Infrastructure\TalenHuman.Infrastructure.csproj : warning NU1902: Package 'SixLabors.ImageSharp' 3.1.2 has a known moderate severity vulnerability, https://github.com/advisories/GHSA-5x7m-6737-26cr [D:\Tito Pedraza\OneDrive\Proyectos\Codigo Fuente\repos\HumanCore\src\TalenHuman.sln]
         D:\Tito Pedraza\OneDrive\Proyectos\Codigo Fuente\repos\HumanCore\src\TalenHuman.Infrastructure\TalenHuman.Infrastructure.csproj : warning NU1903: Package 'SixLabors.ImageSharp' 3.1.2 has a known high severity vulnerability, https://github.com/advisories/GHSA-63p8-c4ww-9cg7 [D:\Tito Pedraza\OneDrive\Proyectos\Codigo Fuente\repos\HumanCore\src\TalenHuman.sln]
         D:\Tito Pedraza\OneDrive\Proyectos\Codigo Fuente\repos\HumanCore\src\TalenHuman.Infrastructure\TalenHuman.Infrastructure.csproj : warning NU1903: Package 'SixLabors.ImageSharp' 3.1.2 has a known high severity vulnerability, https://github.com/advisories/GHSA-65x7-c272-7g7r [D:\Tito Pedraza\OneDrive\Proyectos\Codigo Fuente\repos\HumanCore\src\TalenHuman.sln]
         D:\Tito Pedraza\OneDrive\Proyectos\Codigo Fuente\repos\HumanCore\src\TalenHuman.Infrastructure\TalenHuman.Infrastructure.csproj : warning NU1902: Package 'SixLabors.ImageSharp' 3.1.2 has a known moderate severity vulnerability, https://github.com/advisories/GHSA-g85r-6x2q-45w7 [D:\Tito Pedraza\OneDrive\Proyectos\Codigo Fuente\repos\HumanCore\src\TalenHuman.sln]
         D:\Tito Pedraza\OneDrive\Proyectos\Codigo Fuente\repos\HumanCore\src\TalenHuman.Infrastructure\TalenHuman.Infrastructure.csproj : warning NU1902: Package 'SixLabors.ImageSharp' 3.1.2 has a known moderate severity vulnerability, https://github.com/advisories/GHSA-qxrv-gp6x-rc23 [D:\Tito Pedraza\OneDrive\Proyectos\Codigo Fuente\repos\HumanCore\src\TalenHuman.sln]
         D:\Tito Pedraza\OneDrive\Proyectos\Codigo Fuente\repos\HumanCore\src\TalenHuman.Infrastructure\TalenHuman.Infrastructure.csproj : warning NU1902: Package 'SixLabors.ImageSharp' 3.1.2 has a known moderate severity vulnerability, https://github.com/advisories/GHSA-rxmq-m78w-7wmc [D:\Tito Pedraza\OneDrive\Proyectos\Codigo Fuente\repos\HumanCore\src\TalenHuman.sln]


       "D:\Tito Pedraza\OneDrive\Proyectos\Codigo Fuente\repos\HumanCore\src\TalenHuman.sln" (default target) (1:2) ->
       "D:\Tito Pedraza\OneDrive\Proyectos\Codigo Fuente\repos\HumanCore\src\TalenHuman.Infrastructure\TalenHuman.Infrastructure.csproj" (default target) (4:7) ->
       (ResolvePackageAssets target) -> 
         D:\Tito Pedraza\OneDrive\Proyectos\Codigo Fuente\repos\HumanCore\src\TalenHuman.Infrastructure\TalenHuman.Infrastructure.csproj : warning NU1903: Package 'SixLabors.ImageSharp' 3.1.2 has a known high severity vulnerability, https://github.com/advisories/GHSA-2cmq-823j-5qj8
         D:\Tito Pedraza\OneDrive\Proyectos\Codigo Fuente\repos\HumanCore\src\TalenHuman.Infrastructure\TalenHuman.Infrastructure.csproj : warning NU1902: Package 'SixLabors.ImageSharp' 3.1.2 has a known moderate severity vulnerability, https://github.com/advisories/GHSA-5x7m-6737-26cr
         D:\Tito Pedraza\OneDrive\Proyectos\Codigo Fuente\repos\HumanCore\src\TalenHuman.Infrastructure\TalenHuman.Infrastructure.csproj : warning NU1903: Package 'SixLabors.ImageSharp' 3.1.2 has a known high severity vulnerability, https://github.com/advisories/GHSA-63p8-c4ww-9cg7
         D:\Tito Pedraza\OneDrive\Proyectos\Codigo Fuente\repos\HumanCore\src\TalenHuman.Infrastructure\TalenHuman.Infrastructure.csproj : warning NU1903: Package 'SixLabors.ImageSharp' 3.1.2 has a known high severity vulnerability, https://github.com/advisories/GHSA-65x7-c272-7g7r
         D:\Tito Pedraza\OneDrive\Proyectos\Codigo Fuente\repos\HumanCore\src\TalenHuman.Infrastructure\TalenHuman.Infrastructure.csproj : warning NU1902: Package 'SixLabors.ImageSharp' 3.1.2 has a known moderate severity vulnerability, https://github.com/advisories/GHSA-g85r-6x2q-45w7
         D:\Tito Pedraza\OneDrive\Proyectos\Codigo Fuente\repos\HumanCore\src\TalenHuman.Infrastructure\TalenHuman.Infrastructure.csproj : warning NU1902: Package 'SixLabors.ImageSharp' 3.1.2 has a known moderate severity vulnerability, https://github.com/advisories/GHSA-qxrv-gp6x-rc23
         D:\Tito Pedraza\OneDrive\Proyectos\Codigo Fuente\repos\HumanCore\src\TalenHuman.Infrastructure\TalenHuman.Infrastructure.csproj : warning NU1902: Package 'SixLabors.ImageSharp' 3.1.2 has a known moderate severity vulnerability, https://github.com/advisories/GHSA-rxmq-m78w-7wmc


       "D:\Tito Pedraza\OneDrive\Proyectos\Codigo Fuente\repos\HumanCore\src\TalenHuman.sln" (default target) (1:2) ->
       "D:\Tito Pedraza\OneDrive\Proyectos\Codigo Fuente\repos\HumanCore\src\TalenHuman.API\TalenHuman.API.csproj" (default target) (5:6) ->
       (CoreCompile target) -> 
         D:\Tito Pedraza\OneDrive\Proyectos\Codigo Fuente\repos\HumanCore\src\TalenHuman.API\Controllers\SecurityController.cs(56,13): warning CS0618: 'AuthenticatorSelection.RequireResidentKey' is obsolete: 'Use property ResidentKey.' [D:\Tito Pedraza\OneDrive\Proyectos\Codigo Fuente\repos\HumanCore\src\TalenHuman.API\TalenHuman.API.csproj]
         D:\Tito Pedraza\OneDrive\Proyectos\Codigo Fuente\repos\HumanCore\src\TalenHuman.API\Controllers\AttendanceController.cs(295,62): warning CS8602: Dereference of a possibly null reference. [D:\Tito Pedraza\OneDrive\Proyectos\Codigo Fuente\repos\HumanCore\src\TalenHuman.API\TalenHuman.API.csproj]
         D:\Tito Pedraza\OneDrive\Proyectos\Codigo Fuente\repos\HumanCore\src\TalenHuman.API\Controllers\AttendanceController.cs(305,32): warning CS8601: Possible null reference assignment. [D:\Tito Pedraza\OneDrive\Proyectos\Codigo Fuente\repos\HumanCore\src\TalenHuman.API\TalenHuman.API.csproj]
         D:\Tito Pedraza\OneDrive\Proyectos\Codigo Fuente\repos\HumanCore\src\TalenHuman.API\Controllers\AttendanceController.cs(309,29): warning CS8601: Possible null reference assignment. [D:\Tito Pedraza\OneDrive\Proyectos\Codigo Fuente\repos\HumanCore\src\TalenHuman.API\TalenHuman.API.csproj]


       "D:\Tito Pedraza\OneDrive\Proyectos\Codigo Fuente\repos\HumanCore\src\TalenHuman.sln" (default target) (1:2) ->
       "D:\Tito Pedraza\OneDrive\Proyectos\Codigo Fuente\repos\HumanCore\src\TalenHuman.API\TalenHuman.API.csproj" (default target) (5:6) ->
       (CoreCompile target) -> 
         CSC : error CS1705: Assembly 'Microsoft.Extensions.Options.ConfigurationExtensions' with identity 'Microsoft.Extensions.Options.ConfigurationExtensions, Version=9.0.0.0, Culture=neutral, PublicKeyToken=adb9793829ddae60' uses 'Microsoft.Extensions.DependencyInjection.Abstractions, Version=9.0.0.0, Culture=neutral, PublicKeyToken=adb9793829ddae60' which has a higher version than referenced assembly 'Microsoft.Extensions.DependencyInjection.Abstractions' with identity 'Microsoft.Extensions.DependencyInjection.Abstractions, Version=8.0.0.0, Culture=neutral, PublicKeyToken=adb9793829ddae60' [D:\Tito Pedraza\OneDrive\Proyectos\Codigo Fuente\repos\HumanCore\src\TalenHuman.API\TalenHuman.API.csproj]
         CSC : error CS1705: Assembly 'Microsoft.Extensions.Options' with identity 'Microsoft.Extensions.Options, Version=9.0.0.0, Culture=neutral, PublicKeyToken=adb9793829ddae60' uses 'Microsoft.Extensions.DependencyInjection.Abstractions, Version=9.0.0.0, Culture=neutral, PublicKeyToken=adb9793829ddae60' which has a higher version than referenced assembly 'Microsoft.Extensions.DependencyInjection.Abstractions' with identity 'Microsoft.Extensions.DependencyInjection.Abstractions, Version=8.0.0.0, Culture=neutral, PublicKeyToken=adb9793829ddae60' [D:\Tito Pedraza\OneDrive\Proyectos\Codigo Fuente\repos\HumanCore\src\TalenHuman.API\TalenHuman.API.csproj]
         CSC : error CS1705: Assembly 'Fido2.AspNet' with identity 'Fido2.AspNet, Version=4.0.0.0, Culture=neutral, PublicKeyToken=null' uses 'Microsoft.Extensions.DependencyInjection.Abstractions, Version=9.0.0.0, Culture=neutral, PublicKeyToken=adb9793829ddae60' which has a higher version than referenced assembly 'Microsoft.Extensions.DependencyInjection.Abstractions' with identity 'Microsoft.Extensions.DependencyInjection.Abstractions, Version=8.0.0.0, Culture=neutral, PublicKeyToken=adb9793829ddae60' [D:\Tito Pedraza\OneDrive\Proyectos\Codigo Fuente\repos\HumanCore\src\TalenHuman.API\TalenHuman.API.csproj]
         D:\Tito Pedraza\OneDrive\Proyectos\Codigo Fuente\repos\HumanCore\src\TalenHuman.API\Controllers\SecurityController.cs(62,30): error CS1501: No overload for method 'RequestNewCredential' takes 5 arguments [D:\Tito Pedraza\OneDrive\Proyectos\Codigo Fuente\repos\HumanCore\src\TalenHuman.API\TalenHuman.API.csproj]
         D:\Tito Pedraza\OneDrive\Proyectos\Codigo Fuente\repos\HumanCore\src\TalenHuman.API\Controllers\SecurityController.cs(88,40): error CS1501: No overload for method 'MakeNewCredentialAsync' takes 3 arguments [D:\Tito Pedraza\OneDrive\Proyectos\Codigo Fuente\repos\HumanCore\src\TalenHuman.API\TalenHuman.API.csproj]

    18 Warning(s)
    5 Error(s)

Time Elapsed 00:00:03.29
